2018-12-15 23:17:42,788:INFO:The length of 'test' is 4
2018-12-15 23:17:42,790:INFO:As a list it looks like this ['t', 'e', 's', 't']
2018-12-15 23:17:42,790:INFO:The letters in this password are: ['t', 'e', 's', 't']
2018-12-15 23:17:42,790:INFO:The 't' was the 1st character
2018-12-15 23:17:42,790:INFO:The 'e' was the 2nd character
2018-12-15 23:17:42,791:INFO:The 's' was the 3rd character
2018-12-15 23:17:42,791:INFO:The 't' was the 4th character
2018-12-15 23:17:42,791:INFO:

2018-12-15 23:17:42,792:INFO:There are no numbers in this password
2018-12-15 23:17:42,792:INFO:There are no symbols in this password
2018-12-15 23:17:46,037:INFO:The length of 'test' is 4
2018-12-15 23:17:46,038:INFO:As a list it looks like this ['t', 'e', 's', 't']
2018-12-15 23:17:46,039:INFO:The letters in this password are: ['t', 'e', 's', 't']
2018-12-15 23:17:46,039:INFO:The 't' was the 1st character
2018-12-15 23:17:46,039:INFO:The 'e' was the 2nd character
2018-12-15 23:17:46,040:INFO:The 's' was the 3rd character
2018-12-15 23:17:46,040:INFO:The 't' was the 4th character
2018-12-15 23:17:46,041:INFO:

2018-12-15 23:17:46,042:INFO:There are no numbers in this password
2018-12-15 23:17:46,042:INFO:There are no symbols in this password
2018-12-15 23:18:29,104:INFO:The length of 'T4st!ng' is 7
2018-12-15 23:18:29,104:INFO:As a list it looks like this ['T', '4', 's', 't', '!', 'n', 'g']
2018-12-15 23:18:29,105:INFO:The letters in this password are: ['T', 's', 't', 'n', 'g']
2018-12-15 23:18:29,105:INFO:The 'T' was the 1st character
2018-12-15 23:18:29,105:INFO:The 's' was the 3rd character
2018-12-15 23:18:29,105:INFO:The 't' was the 4th character
2018-12-15 23:18:29,106:INFO:The 'n' was the 6th character
2018-12-15 23:18:29,107:INFO:The 'g' was the 7th character
2018-12-15 23:18:29,108:INFO:

2018-12-15 23:18:29,109:INFO:The numbers in this password are: ['4']
2018-12-15 23:18:29,110:INFO:The '4' was the 2nd character
2018-12-15 23:18:29,111:INFO:

2018-12-15 23:18:29,112:INFO:The symbols in this password are: ['!']
2018-12-15 23:18:29,114:INFO:The '!' was the 5th character
2018-12-15 23:18:29,114:INFO:

2018-12-15 23:18:34,010:INFO:The length of 'T4st!ng' is 7
2018-12-15 23:18:34,011:INFO:As a list it looks like this ['T', '4', 's', 't', '!', 'n', 'g']
2018-12-15 23:18:34,011:INFO:The letters in this password are: ['T', 's', 't', 'n', 'g']
2018-12-15 23:18:34,011:INFO:The 'T' was the 1st character
2018-12-15 23:18:34,011:INFO:The 's' was the 3rd character
2018-12-15 23:18:34,012:INFO:The 't' was the 4th character
2018-12-15 23:18:34,012:INFO:The 'n' was the 6th character
2018-12-15 23:18:34,013:INFO:The 'g' was the 7th character
2018-12-15 23:18:34,013:INFO:

2018-12-15 23:18:34,014:INFO:The numbers in this password are: ['4']
2018-12-15 23:18:34,014:INFO:The '4' was the 2nd character
2018-12-15 23:18:34,015:INFO:

2018-12-15 23:18:34,016:INFO:The symbols in this password are: ['!']
2018-12-15 23:18:34,016:INFO:The '!' was the 5th character
2018-12-15 23:18:34,016:INFO:

2018-12-15 23:18:34,694:INFO:The length of 'T4st!ng' is 7
2018-12-15 23:18:34,694:INFO:As a list it looks like this ['T', '4', 's', 't', '!', 'n', 'g']
2018-12-15 23:18:34,695:INFO:The letters in this password are: ['T', 's', 't', 'n', 'g']
2018-12-15 23:18:34,695:INFO:The 'T' was the 1st character
2018-12-15 23:18:34,695:INFO:The 's' was the 3rd character
2018-12-15 23:18:34,695:INFO:The 't' was the 4th character
2018-12-15 23:18:34,696:INFO:The 'n' was the 6th character
2018-12-15 23:18:34,696:INFO:The 'g' was the 7th character
2018-12-15 23:18:34,696:INFO:

2018-12-15 23:18:34,697:INFO:The numbers in this password are: ['4']
2018-12-15 23:18:34,697:INFO:The '4' was the 2nd character
2018-12-15 23:18:34,697:INFO:

2018-12-15 23:18:34,698:INFO:The symbols in this password are: ['!']
2018-12-15 23:18:34,698:INFO:The '!' was the 5th character
2018-12-15 23:18:34,698:INFO:

2018-12-15 23:18:35,597:INFO:The length of 'T4st!ng' is 7
2018-12-15 23:18:35,598:INFO:As a list it looks like this ['T', '4', 's', 't', '!', 'n', 'g']
2018-12-15 23:18:35,599:INFO:The letters in this password are: ['T', 's', 't', 'n', 'g']
2018-12-15 23:18:35,599:INFO:The 'T' was the 1st character
2018-12-15 23:18:35,599:INFO:The 's' was the 3rd character
2018-12-15 23:18:35,599:INFO:The 't' was the 4th character
2018-12-15 23:18:35,600:INFO:The 'n' was the 6th character
2018-12-15 23:18:35,600:INFO:The 'g' was the 7th character
2018-12-15 23:18:35,600:INFO:

2018-12-15 23:18:35,601:INFO:The numbers in this password are: ['4']
2018-12-15 23:18:35,601:INFO:The '4' was the 2nd character
2018-12-15 23:18:35,602:INFO:

2018-12-15 23:18:35,603:INFO:The symbols in this password are: ['!']
2018-12-15 23:18:35,603:INFO:The '!' was the 5th character
2018-12-15 23:18:35,603:INFO:

2018-12-15 23:18:36,277:INFO:The length of 'T4st!ng' is 7
2018-12-15 23:18:36,277:INFO:As a list it looks like this ['T', '4', 's', 't', '!', 'n', 'g']
2018-12-15 23:18:36,278:INFO:The letters in this password are: ['T', 's', 't', 'n', 'g']
2018-12-15 23:18:36,278:INFO:The 'T' was the 1st character
2018-12-15 23:18:36,278:INFO:The 's' was the 3rd character
2018-12-15 23:18:36,278:INFO:The 't' was the 4th character
2018-12-15 23:18:36,279:INFO:The 'n' was the 6th character
2018-12-15 23:18:36,279:INFO:The 'g' was the 7th character
2018-12-15 23:18:36,279:INFO:

2018-12-15 23:18:36,280:INFO:The numbers in this password are: ['4']
2018-12-15 23:18:36,280:INFO:The '4' was the 2nd character
2018-12-15 23:18:36,280:INFO:

2018-12-15 23:18:36,281:INFO:The symbols in this password are: ['!']
2018-12-15 23:18:36,281:INFO:The '!' was the 5th character
2018-12-15 23:18:36,281:INFO:

2018-12-15 23:19:14,642:INFO:The length of 'T4st!ng' is 7
2018-12-15 23:19:14,643:INFO:As a list it looks like this ['T', '4', 's', 't', '!', 'n', 'g']
2018-12-15 23:19:14,643:INFO:The letters in this password are: ['T', 's', 't', 'n', 'g']
2018-12-15 23:19:14,644:INFO:The 'T' was the 1st character
2018-12-15 23:19:14,644:INFO:The 's' was the 3rd character
2018-12-15 23:19:14,644:INFO:The 't' was the 4th character
2018-12-15 23:19:14,645:INFO:The 'n' was the 6th character
2018-12-15 23:19:14,645:INFO:The 'g' was the 7th character
2018-12-15 23:19:14,646:INFO:

2018-12-15 23:19:14,647:INFO:The numbers in this password are: ['4']
2018-12-15 23:19:14,647:INFO:The '4' was the 2nd character
2018-12-15 23:19:14,647:INFO:

2018-12-15 23:19:14,648:INFO:The symbols in this password are: ['!']
2018-12-15 23:19:14,648:INFO:The '!' was the 5th character
2018-12-15 23:19:14,649:INFO:

2018-12-15 23:19:14,714:INFO:The length of 'T4st!ng' is 7
2018-12-15 23:19:14,715:INFO:As a list it looks like this ['T', '4', 's', 't', '!', 'n', 'g']
2018-12-15 23:19:14,715:INFO:The letters in this password are: ['T', 's', 't', 'n', 'g']
2018-12-15 23:19:14,716:INFO:The 'T' was the 1st character
2018-12-15 23:19:14,716:INFO:The 's' was the 3rd character
2018-12-15 23:19:14,716:INFO:The 't' was the 4th character
2018-12-15 23:19:14,717:INFO:The 'n' was the 6th character
2018-12-15 23:19:14,718:INFO:The 'g' was the 7th character
2018-12-15 23:19:14,719:INFO:

2018-12-15 23:19:14,720:INFO:The numbers in this password are: ['4']
2018-12-15 23:19:14,720:INFO:The '4' was the 2nd character
2018-12-15 23:19:14,720:INFO:

2018-12-15 23:19:14,721:INFO:The symbols in this password are: ['!']
2018-12-15 23:19:14,721:INFO:The '!' was the 5th character
2018-12-15 23:19:14,722:INFO:

2018-12-15 23:19:14,779:INFO:The length of 'T4st!ng' is 7
2018-12-15 23:19:14,780:INFO:As a list it looks like this ['T', '4', 's', 't', '!', 'n', 'g']
2018-12-15 23:19:14,780:INFO:The letters in this password are: ['T', 's', 't', 'n', 'g']
2018-12-15 23:19:14,781:INFO:The 'T' was the 1st character
2018-12-15 23:19:14,781:INFO:The 's' was the 3rd character
2018-12-15 23:19:14,781:INFO:The 't' was the 4th character
2018-12-15 23:19:14,782:INFO:The 'n' was the 6th character
2018-12-15 23:19:14,782:INFO:The 'g' was the 7th character
2018-12-15 23:19:14,783:INFO:

2018-12-15 23:19:14,783:INFO:The numbers in this password are: ['4']
2018-12-15 23:19:14,783:INFO:The '4' was the 2nd character
2018-12-15 23:19:14,784:INFO:

2018-12-15 23:19:14,784:INFO:The symbols in this password are: ['!']
2018-12-15 23:19:14,785:INFO:The '!' was the 5th character
2018-12-15 23:19:14,785:INFO:

2018-12-15 23:19:14,843:INFO:The length of 'T4st!ng' is 7
2018-12-15 23:19:14,844:INFO:As a list it looks like this ['T', '4', 's', 't', '!', 'n', 'g']
2018-12-15 23:19:14,845:INFO:The letters in this password are: ['T', 's', 't', 'n', 'g']
2018-12-15 23:19:14,845:INFO:The 'T' was the 1st character
2018-12-15 23:19:14,845:INFO:The 's' was the 3rd character
2018-12-15 23:19:14,845:INFO:The 't' was the 4th character
2018-12-15 23:19:14,845:INFO:The 'n' was the 6th character
2018-12-15 23:19:14,846:INFO:The 'g' was the 7th character
2018-12-15 23:19:14,846:INFO:

2018-12-15 23:19:14,847:INFO:The numbers in this password are: ['4']
2018-12-15 23:19:14,847:INFO:The '4' was the 2nd character
2018-12-15 23:19:14,847:INFO:

2018-12-15 23:19:14,848:INFO:The symbols in this password are: ['!']
2018-12-15 23:19:14,848:INFO:The '!' was the 5th character
2018-12-15 23:19:14,848:INFO:

2018-12-15 23:19:14,906:INFO:The length of 'T4st!ng' is 7
2018-12-15 23:19:14,907:INFO:As a list it looks like this ['T', '4', 's', 't', '!', 'n', 'g']
2018-12-15 23:19:14,907:INFO:The letters in this password are: ['T', 's', 't', 'n', 'g']
2018-12-15 23:19:14,907:INFO:The 'T' was the 1st character
2018-12-15 23:19:14,908:INFO:The 's' was the 3rd character
2018-12-15 23:19:14,908:INFO:The 't' was the 4th character
2018-12-15 23:19:14,908:INFO:The 'n' was the 6th character
2018-12-15 23:19:14,908:INFO:The 'g' was the 7th character
2018-12-15 23:19:14,909:INFO:

2018-12-15 23:19:14,909:INFO:The numbers in this password are: ['4']
2018-12-15 23:19:14,909:INFO:The '4' was the 2nd character
2018-12-15 23:19:14,910:INFO:

2018-12-15 23:19:14,910:INFO:The symbols in this password are: ['!']
2018-12-15 23:19:14,910:INFO:The '!' was the 5th character
2018-12-15 23:19:14,911:INFO:

2018-12-15 23:19:14,973:INFO:The length of 'T4st!ng' is 7
2018-12-15 23:19:14,973:INFO:As a list it looks like this ['T', '4', 's', 't', '!', 'n', 'g']
2018-12-15 23:19:14,974:INFO:The letters in this password are: ['T', 's', 't', 'n', 'g']
2018-12-15 23:19:14,974:INFO:The 'T' was the 1st character
2018-12-15 23:19:14,974:INFO:The 's' was the 3rd character
2018-12-15 23:19:14,975:INFO:The 't' was the 4th character
2018-12-15 23:19:14,975:INFO:The 'n' was the 6th character
2018-12-15 23:19:14,976:INFO:The 'g' was the 7th character
2018-12-15 23:19:14,976:INFO:

2018-12-15 23:19:14,976:INFO:The numbers in this password are: ['4']
2018-12-15 23:19:14,977:INFO:The '4' was the 2nd character
2018-12-15 23:19:14,977:INFO:

2018-12-15 23:19:14,978:INFO:The symbols in this password are: ['!']
2018-12-15 23:19:14,978:INFO:The '!' was the 5th character
2018-12-15 23:19:14,978:INFO:

2018-12-15 23:19:15,039:INFO:The length of 'T4st!ng' is 7
2018-12-15 23:19:15,040:INFO:As a list it looks like this ['T', '4', 's', 't', '!', 'n', 'g']
2018-12-15 23:19:15,040:INFO:The letters in this password are: ['T', 's', 't', 'n', 'g']
2018-12-15 23:19:15,041:INFO:The 'T' was the 1st character
2018-12-15 23:19:15,041:INFO:The 's' was the 3rd character
2018-12-15 23:19:15,041:INFO:The 't' was the 4th character
2018-12-15 23:19:15,042:INFO:The 'n' was the 6th character
2018-12-15 23:19:15,042:INFO:The 'g' was the 7th character
2018-12-15 23:19:15,042:INFO:

2018-12-15 23:19:15,043:INFO:The numbers in this password are: ['4']
2018-12-15 23:19:15,043:INFO:The '4' was the 2nd character
2018-12-15 23:19:15,043:INFO:

2018-12-15 23:19:15,044:INFO:The symbols in this password are: ['!']
2018-12-15 23:19:15,044:INFO:The '!' was the 5th character
2018-12-15 23:19:15,044:INFO:

2018-12-15 23:19:15,105:INFO:The length of 'T4st!ng' is 7
2018-12-15 23:19:15,105:INFO:As a list it looks like this ['T', '4', 's', 't', '!', 'n', 'g']
2018-12-15 23:19:15,106:INFO:The letters in this password are: ['T', 's', 't', 'n', 'g']
2018-12-15 23:19:15,106:INFO:The 'T' was the 1st character
2018-12-15 23:19:15,107:INFO:The 's' was the 3rd character
2018-12-15 23:19:15,107:INFO:The 't' was the 4th character
2018-12-15 23:19:15,107:INFO:The 'n' was the 6th character
2018-12-15 23:19:15,107:INFO:The 'g' was the 7th character
2018-12-15 23:19:15,108:INFO:

2018-12-15 23:19:15,108:INFO:The numbers in this password are: ['4']
2018-12-15 23:19:15,108:INFO:The '4' was the 2nd character
2018-12-15 23:19:15,109:INFO:

2018-12-15 23:19:15,109:INFO:The symbols in this password are: ['!']
2018-12-15 23:19:15,109:INFO:The '!' was the 5th character
2018-12-15 23:19:15,110:INFO:

2018-12-15 23:19:15,167:INFO:The length of 'T4st!ng' is 7
2018-12-15 23:19:15,167:INFO:As a list it looks like this ['T', '4', 's', 't', '!', 'n', 'g']
2018-12-15 23:19:15,168:INFO:The letters in this password are: ['T', 's', 't', 'n', 'g']
2018-12-15 23:19:15,168:INFO:The 'T' was the 1st character
2018-12-15 23:19:15,168:INFO:The 's' was the 3rd character
2018-12-15 23:19:15,169:INFO:The 't' was the 4th character
2018-12-15 23:19:15,169:INFO:The 'n' was the 6th character
2018-12-15 23:19:15,169:INFO:The 'g' was the 7th character
2018-12-15 23:19:15,170:INFO:

2018-12-15 23:19:15,170:INFO:The numbers in this password are: ['4']
2018-12-15 23:19:15,171:INFO:The '4' was the 2nd character
2018-12-15 23:19:15,171:INFO:

2018-12-15 23:19:15,171:INFO:The symbols in this password are: ['!']
2018-12-15 23:19:15,172:INFO:The '!' was the 5th character
2018-12-15 23:19:15,172:INFO:

2018-12-15 23:19:15,233:INFO:The length of 'T4st!ng' is 7
2018-12-15 23:19:15,234:INFO:As a list it looks like this ['T', '4', 's', 't', '!', 'n', 'g']
2018-12-15 23:19:15,234:INFO:The letters in this password are: ['T', 's', 't', 'n', 'g']
2018-12-15 23:19:15,234:INFO:The 'T' was the 1st character
2018-12-15 23:19:15,235:INFO:The 's' was the 3rd character
2018-12-15 23:19:15,235:INFO:The 't' was the 4th character
2018-12-15 23:19:15,235:INFO:The 'n' was the 6th character
2018-12-15 23:19:15,236:INFO:The 'g' was the 7th character
2018-12-15 23:19:15,236:INFO:

2018-12-15 23:19:15,237:INFO:The numbers in this password are: ['4']
2018-12-15 23:19:15,237:INFO:The '4' was the 2nd character
2018-12-15 23:19:15,237:INFO:

2018-12-15 23:19:15,238:INFO:The symbols in this password are: ['!']
2018-12-15 23:19:15,238:INFO:The '!' was the 5th character
2018-12-15 23:19:15,238:INFO:

2018-12-15 23:19:15,296:INFO:The length of 'T4st!ng' is 7
2018-12-15 23:19:15,297:INFO:As a list it looks like this ['T', '4', 's', 't', '!', 'n', 'g']
2018-12-15 23:19:15,298:INFO:The letters in this password are: ['T', 's', 't', 'n', 'g']
2018-12-15 23:19:15,298:INFO:The 'T' was the 1st character
2018-12-15 23:19:15,299:INFO:The 's' was the 3rd character
2018-12-15 23:19:15,299:INFO:The 't' was the 4th character
2018-12-15 23:19:15,300:INFO:The 'n' was the 6th character
2018-12-15 23:19:15,300:INFO:The 'g' was the 7th character
2018-12-15 23:19:15,300:INFO:

2018-12-15 23:19:15,301:INFO:The numbers in this password are: ['4']
2018-12-15 23:19:15,301:INFO:The '4' was the 2nd character
2018-12-15 23:19:15,302:INFO:

2018-12-15 23:19:15,303:INFO:The symbols in this password are: ['!']
2018-12-15 23:19:15,303:INFO:The '!' was the 5th character
2018-12-15 23:19:15,304:INFO:

2018-12-15 23:19:15,362:INFO:The length of 'T4st!ng' is 7
2018-12-15 23:19:15,363:INFO:As a list it looks like this ['T', '4', 's', 't', '!', 'n', 'g']
2018-12-15 23:19:15,363:INFO:The letters in this password are: ['T', 's', 't', 'n', 'g']
2018-12-15 23:19:15,363:INFO:The 'T' was the 1st character
2018-12-15 23:19:15,364:INFO:The 's' was the 3rd character
2018-12-15 23:19:15,365:INFO:The 't' was the 4th character
2018-12-15 23:19:15,365:INFO:The 'n' was the 6th character
2018-12-15 23:19:15,365:INFO:The 'g' was the 7th character
2018-12-15 23:19:15,366:INFO:

2018-12-15 23:19:15,366:INFO:The numbers in this password are: ['4']
2018-12-15 23:19:15,366:INFO:The '4' was the 2nd character
2018-12-15 23:19:15,367:INFO:

2018-12-15 23:19:15,367:INFO:The symbols in this password are: ['!']
2018-12-15 23:19:15,367:INFO:The '!' was the 5th character
2018-12-15 23:19:15,368:INFO:

2018-12-15 23:19:15,430:INFO:The length of 'T4st!ng' is 7
2018-12-15 23:19:15,430:INFO:As a list it looks like this ['T', '4', 's', 't', '!', 'n', 'g']
2018-12-15 23:19:15,431:INFO:The letters in this password are: ['T', 's', 't', 'n', 'g']
2018-12-15 23:19:15,431:INFO:The 'T' was the 1st character
2018-12-15 23:19:15,431:INFO:The 's' was the 3rd character
2018-12-15 23:19:15,431:INFO:The 't' was the 4th character
2018-12-15 23:19:15,432:INFO:The 'n' was the 6th character
2018-12-15 23:19:15,432:INFO:The 'g' was the 7th character
2018-12-15 23:19:15,432:INFO:

2018-12-15 23:19:15,433:INFO:The numbers in this password are: ['4']
2018-12-15 23:19:15,434:INFO:The '4' was the 2nd character
2018-12-15 23:19:15,434:INFO:

2018-12-15 23:19:15,435:INFO:The symbols in this password are: ['!']
2018-12-15 23:19:15,435:INFO:The '!' was the 5th character
2018-12-15 23:19:15,436:INFO:

2018-12-15 23:19:15,494:INFO:The length of 'T4st!ng' is 7
2018-12-15 23:19:15,494:INFO:As a list it looks like this ['T', '4', 's', 't', '!', 'n', 'g']
2018-12-15 23:19:15,495:INFO:The letters in this password are: ['T', 's', 't', 'n', 'g']
2018-12-15 23:19:15,495:INFO:The 'T' was the 1st character
2018-12-15 23:19:15,495:INFO:The 's' was the 3rd character
2018-12-15 23:19:15,496:INFO:The 't' was the 4th character
2018-12-15 23:19:15,496:INFO:The 'n' was the 6th character
2018-12-15 23:19:15,496:INFO:The 'g' was the 7th character
2018-12-15 23:19:15,497:INFO:

2018-12-15 23:19:15,497:INFO:The numbers in this password are: ['4']
2018-12-15 23:19:15,497:INFO:The '4' was the 2nd character
2018-12-15 23:19:15,498:INFO:

2018-12-15 23:19:15,501:INFO:The symbols in this password are: ['!']
2018-12-15 23:19:15,501:INFO:The '!' was the 5th character
2018-12-15 23:19:15,502:INFO:

2018-12-15 23:19:15,564:INFO:The length of 'T4st!ng' is 7
2018-12-15 23:19:15,565:INFO:As a list it looks like this ['T', '4', 's', 't', '!', 'n', 'g']
2018-12-15 23:19:15,565:INFO:The letters in this password are: ['T', 's', 't', 'n', 'g']
2018-12-15 23:19:15,565:INFO:The 'T' was the 1st character
2018-12-15 23:19:15,566:INFO:The 's' was the 3rd character
2018-12-15 23:19:15,566:INFO:The 't' was the 4th character
2018-12-15 23:19:15,566:INFO:The 'n' was the 6th character
2018-12-15 23:19:15,567:INFO:The 'g' was the 7th character
2018-12-15 23:19:15,567:INFO:

2018-12-15 23:19:15,568:INFO:The numbers in this password are: ['4']
2018-12-15 23:19:15,568:INFO:The '4' was the 2nd character
2018-12-15 23:19:15,568:INFO:

2018-12-15 23:19:15,569:INFO:The symbols in this password are: ['!']
2018-12-15 23:19:15,569:INFO:The '!' was the 5th character
2018-12-15 23:19:15,570:INFO:

2018-12-15 23:19:15,636:INFO:The length of 'T4st!ng' is 7
2018-12-15 23:19:15,636:INFO:As a list it looks like this ['T', '4', 's', 't', '!', 'n', 'g']
2018-12-15 23:19:15,637:INFO:The letters in this password are: ['T', 's', 't', 'n', 'g']
2018-12-15 23:19:15,637:INFO:The 'T' was the 1st character
2018-12-15 23:19:15,637:INFO:The 's' was the 3rd character
2018-12-15 23:19:15,637:INFO:The 't' was the 4th character
2018-12-15 23:19:15,638:INFO:The 'n' was the 6th character
2018-12-15 23:19:15,638:INFO:The 'g' was the 7th character
2018-12-15 23:19:15,638:INFO:

2018-12-15 23:19:15,639:INFO:The numbers in this password are: ['4']
2018-12-15 23:19:15,639:INFO:The '4' was the 2nd character
2018-12-15 23:19:15,639:INFO:

2018-12-15 23:19:15,640:INFO:The symbols in this password are: ['!']
2018-12-15 23:19:15,640:INFO:The '!' was the 5th character
2018-12-15 23:19:15,640:INFO:

2018-12-15 23:19:15,702:INFO:The length of 'T4st!ng' is 7
2018-12-15 23:19:15,703:INFO:As a list it looks like this ['T', '4', 's', 't', '!', 'n', 'g']
2018-12-15 23:19:15,704:INFO:The letters in this password are: ['T', 's', 't', 'n', 'g']
2018-12-15 23:19:15,704:INFO:The 'T' was the 1st character
2018-12-15 23:19:15,705:INFO:The 's' was the 3rd character
2018-12-15 23:19:15,705:INFO:The 't' was the 4th character
2018-12-15 23:19:15,705:INFO:The 'n' was the 6th character
2018-12-15 23:19:15,706:INFO:The 'g' was the 7th character
2018-12-15 23:19:15,706:INFO:

2018-12-15 23:19:15,707:INFO:The numbers in this password are: ['4']
2018-12-15 23:19:15,707:INFO:The '4' was the 2nd character
2018-12-15 23:19:15,707:INFO:

2018-12-15 23:19:15,708:INFO:The symbols in this password are: ['!']
2018-12-15 23:19:15,708:INFO:The '!' was the 5th character
2018-12-15 23:19:15,708:INFO:

2018-12-15 23:19:15,766:INFO:The length of 'T4st!ng' is 7
2018-12-15 23:19:15,767:INFO:As a list it looks like this ['T', '4', 's', 't', '!', 'n', 'g']
2018-12-15 23:19:15,767:INFO:The letters in this password are: ['T', 's', 't', 'n', 'g']
2018-12-15 23:19:15,767:INFO:The 'T' was the 1st character
2018-12-15 23:19:15,768:INFO:The 's' was the 3rd character
2018-12-15 23:19:15,768:INFO:The 't' was the 4th character
2018-12-15 23:19:15,769:INFO:The 'n' was the 6th character
2018-12-15 23:19:15,769:INFO:The 'g' was the 7th character
2018-12-15 23:19:15,769:INFO:

2018-12-15 23:19:15,770:INFO:The numbers in this password are: ['4']
2018-12-15 23:19:15,771:INFO:The '4' was the 2nd character
2018-12-15 23:19:15,771:INFO:

2018-12-15 23:19:15,772:INFO:The symbols in this password are: ['!']
2018-12-15 23:19:15,772:INFO:The '!' was the 5th character
2018-12-15 23:19:15,772:INFO:

2018-12-15 23:19:15,834:INFO:The length of 'T4st!ng' is 7
2018-12-15 23:19:15,835:INFO:As a list it looks like this ['T', '4', 's', 't', '!', 'n', 'g']
2018-12-15 23:19:15,835:INFO:The letters in this password are: ['T', 's', 't', 'n', 'g']
2018-12-15 23:19:15,835:INFO:The 'T' was the 1st character
2018-12-15 23:19:15,836:INFO:The 's' was the 3rd character
2018-12-15 23:19:15,836:INFO:The 't' was the 4th character
2018-12-15 23:19:15,837:INFO:The 'n' was the 6th character
2018-12-15 23:19:15,837:INFO:The 'g' was the 7th character
2018-12-15 23:19:15,837:INFO:

2018-12-15 23:19:15,838:INFO:The numbers in this password are: ['4']
2018-12-15 23:19:15,838:INFO:The '4' was the 2nd character
2018-12-15 23:19:15,839:INFO:

2018-12-15 23:19:15,839:INFO:The symbols in this password are: ['!']
2018-12-15 23:19:15,839:INFO:The '!' was the 5th character
2018-12-15 23:19:15,840:INFO:

2018-12-15 23:19:15,897:INFO:The length of 'T4st!ng' is 7
2018-12-15 23:19:15,898:INFO:As a list it looks like this ['T', '4', 's', 't', '!', 'n', 'g']
2018-12-15 23:19:15,899:INFO:The letters in this password are: ['T', 's', 't', 'n', 'g']
2018-12-15 23:19:15,899:INFO:The 'T' was the 1st character
2018-12-15 23:19:15,899:INFO:The 's' was the 3rd character
2018-12-15 23:19:15,899:INFO:The 't' was the 4th character
2018-12-15 23:19:15,900:INFO:The 'n' was the 6th character
2018-12-15 23:19:15,900:INFO:The 'g' was the 7th character
2018-12-15 23:19:15,900:INFO:

2018-12-15 23:19:15,901:INFO:The numbers in this password are: ['4']
2018-12-15 23:19:15,902:INFO:The '4' was the 2nd character
2018-12-15 23:19:15,902:INFO:

2018-12-15 23:19:15,903:INFO:The symbols in this password are: ['!']
2018-12-15 23:19:15,903:INFO:The '!' was the 5th character
2018-12-15 23:19:15,904:INFO:

2018-12-15 23:19:15,964:INFO:The length of 'T4st!ng' is 7
2018-12-15 23:19:15,964:INFO:As a list it looks like this ['T', '4', 's', 't', '!', 'n', 'g']
2018-12-15 23:19:15,965:INFO:The letters in this password are: ['T', 's', 't', 'n', 'g']
2018-12-15 23:19:15,965:INFO:The 'T' was the 1st character
2018-12-15 23:19:15,965:INFO:The 's' was the 3rd character
2018-12-15 23:19:15,965:INFO:The 't' was the 4th character
2018-12-15 23:19:15,966:INFO:The 'n' was the 6th character
2018-12-15 23:19:15,966:INFO:The 'g' was the 7th character
2018-12-15 23:19:15,966:INFO:

2018-12-15 23:19:15,967:INFO:The numbers in this password are: ['4']
2018-12-15 23:19:15,967:INFO:The '4' was the 2nd character
2018-12-15 23:19:15,967:INFO:

2018-12-15 23:19:15,968:INFO:The symbols in this password are: ['!']
2018-12-15 23:19:15,968:INFO:The '!' was the 5th character
2018-12-15 23:19:15,970:INFO:

2018-12-15 23:19:16,036:INFO:The length of 'T4st!ng' is 7
2018-12-15 23:19:16,037:INFO:As a list it looks like this ['T', '4', 's', 't', '!', 'n', 'g']
2018-12-15 23:19:16,038:INFO:The letters in this password are: ['T', 's', 't', 'n', 'g']
2018-12-15 23:19:16,038:INFO:The 'T' was the 1st character
2018-12-15 23:19:16,039:INFO:The 's' was the 3rd character
2018-12-15 23:19:16,039:INFO:The 't' was the 4th character
2018-12-15 23:19:16,040:INFO:The 'n' was the 6th character
2018-12-15 23:19:16,040:INFO:The 'g' was the 7th character
2018-12-15 23:19:16,040:INFO:

2018-12-15 23:19:16,041:INFO:The numbers in this password are: ['4']
2018-12-15 23:19:16,041:INFO:The '4' was the 2nd character
2018-12-15 23:19:16,041:INFO:

2018-12-15 23:19:16,042:INFO:The symbols in this password are: ['!']
2018-12-15 23:19:16,042:INFO:The '!' was the 5th character
2018-12-15 23:19:16,042:INFO:

2018-12-15 23:19:16,100:INFO:The length of 'T4st!ng' is 7
2018-12-15 23:19:16,101:INFO:As a list it looks like this ['T', '4', 's', 't', '!', 'n', 'g']
2018-12-15 23:19:16,102:INFO:The letters in this password are: ['T', 's', 't', 'n', 'g']
2018-12-15 23:19:16,102:INFO:The 'T' was the 1st character
2018-12-15 23:19:16,102:INFO:The 's' was the 3rd character
2018-12-15 23:19:16,103:INFO:The 't' was the 4th character
2018-12-15 23:19:16,104:INFO:The 'n' was the 6th character
2018-12-15 23:19:16,104:INFO:The 'g' was the 7th character
2018-12-15 23:19:16,104:INFO:

2018-12-15 23:19:16,106:INFO:The numbers in this password are: ['4']
2018-12-15 23:19:16,106:INFO:The '4' was the 2nd character
2018-12-15 23:19:16,106:INFO:

2018-12-15 23:19:16,107:INFO:The symbols in this password are: ['!']
2018-12-15 23:19:16,107:INFO:The '!' was the 5th character
2018-12-15 23:19:16,108:INFO:

2018-12-15 23:19:16,164:INFO:The length of 'T4st!ng' is 7
2018-12-15 23:19:16,165:INFO:As a list it looks like this ['T', '4', 's', 't', '!', 'n', 'g']
2018-12-15 23:19:16,165:INFO:The letters in this password are: ['T', 's', 't', 'n', 'g']
2018-12-15 23:19:16,166:INFO:The 'T' was the 1st character
2018-12-15 23:19:16,166:INFO:The 's' was the 3rd character
2018-12-15 23:19:16,166:INFO:The 't' was the 4th character
2018-12-15 23:19:16,166:INFO:The 'n' was the 6th character
2018-12-15 23:19:16,167:INFO:The 'g' was the 7th character
2018-12-15 23:19:16,167:INFO:

2018-12-15 23:19:16,167:INFO:The numbers in this password are: ['4']
2018-12-15 23:19:16,168:INFO:The '4' was the 2nd character
2018-12-15 23:19:16,168:INFO:

2018-12-15 23:19:16,169:INFO:The symbols in this password are: ['!']
2018-12-15 23:19:16,169:INFO:The '!' was the 5th character
2018-12-15 23:19:16,169:INFO:

2018-12-15 23:19:16,230:INFO:The length of 'T4st!ng' is 7
2018-12-15 23:19:16,230:INFO:As a list it looks like this ['T', '4', 's', 't', '!', 'n', 'g']
2018-12-15 23:19:16,231:INFO:The letters in this password are: ['T', 's', 't', 'n', 'g']
2018-12-15 23:19:16,231:INFO:The 'T' was the 1st character
2018-12-15 23:19:16,231:INFO:The 's' was the 3rd character
2018-12-15 23:19:16,231:INFO:The 't' was the 4th character
2018-12-15 23:19:16,232:INFO:The 'n' was the 6th character
2018-12-15 23:19:16,232:INFO:The 'g' was the 7th character
2018-12-15 23:19:16,232:INFO:

2018-12-15 23:19:16,233:INFO:The numbers in this password are: ['4']
2018-12-15 23:19:16,233:INFO:The '4' was the 2nd character
2018-12-15 23:19:16,234:INFO:

2018-12-15 23:19:16,234:INFO:The symbols in this password are: ['!']
2018-12-15 23:19:16,234:INFO:The '!' was the 5th character
2018-12-15 23:19:16,235:INFO:

2018-12-15 23:19:16,293:INFO:The length of 'T4st!ng' is 7
2018-12-15 23:19:16,293:INFO:As a list it looks like this ['T', '4', 's', 't', '!', 'n', 'g']
2018-12-15 23:19:16,294:INFO:The letters in this password are: ['T', 's', 't', 'n', 'g']
2018-12-15 23:19:16,295:INFO:The 'T' was the 1st character
2018-12-15 23:19:16,295:INFO:The 's' was the 3rd character
2018-12-15 23:19:16,296:INFO:The 't' was the 4th character
2018-12-15 23:19:16,296:INFO:The 'n' was the 6th character
2018-12-15 23:19:16,297:INFO:The 'g' was the 7th character
2018-12-15 23:19:16,297:INFO:

2018-12-15 23:19:16,298:INFO:The numbers in this password are: ['4']
2018-12-15 23:19:16,298:INFO:The '4' was the 2nd character
2018-12-15 23:19:16,298:INFO:

2018-12-15 23:19:16,299:INFO:The symbols in this password are: ['!']
2018-12-15 23:19:16,299:INFO:The '!' was the 5th character
2018-12-15 23:19:16,300:INFO:

2018-12-15 23:19:16,359:INFO:The length of 'T4st!ng' is 7
2018-12-15 23:19:16,359:INFO:As a list it looks like this ['T', '4', 's', 't', '!', 'n', 'g']
2018-12-15 23:19:16,360:INFO:The letters in this password are: ['T', 's', 't', 'n', 'g']
2018-12-15 23:19:16,361:INFO:The 'T' was the 1st character
2018-12-15 23:19:16,362:INFO:The 's' was the 3rd character
2018-12-15 23:19:16,363:INFO:The 't' was the 4th character
2018-12-15 23:19:16,363:INFO:The 'n' was the 6th character
2018-12-15 23:19:16,363:INFO:The 'g' was the 7th character
2018-12-15 23:19:16,364:INFO:

2018-12-15 23:19:16,364:INFO:The numbers in this password are: ['4']
2018-12-15 23:19:16,365:INFO:The '4' was the 2nd character
2018-12-15 23:19:16,366:INFO:

2018-12-15 23:19:16,367:INFO:The symbols in this password are: ['!']
2018-12-15 23:19:16,367:INFO:The '!' was the 5th character
2018-12-15 23:19:16,367:INFO:

2018-12-15 23:19:16,432:INFO:The length of 'T4st!ng' is 7
2018-12-15 23:19:16,433:INFO:As a list it looks like this ['T', '4', 's', 't', '!', 'n', 'g']
2018-12-15 23:19:16,434:INFO:The letters in this password are: ['T', 's', 't', 'n', 'g']
2018-12-15 23:19:16,434:INFO:The 'T' was the 1st character
2018-12-15 23:19:16,434:INFO:The 's' was the 3rd character
2018-12-15 23:19:16,435:INFO:The 't' was the 4th character
2018-12-15 23:19:16,435:INFO:The 'n' was the 6th character
2018-12-15 23:19:16,435:INFO:The 'g' was the 7th character
2018-12-15 23:19:16,436:INFO:

2018-12-15 23:19:16,436:INFO:The numbers in this password are: ['4']
2018-12-15 23:19:16,437:INFO:The '4' was the 2nd character
2018-12-15 23:19:16,437:INFO:

2018-12-15 23:19:16,437:INFO:The symbols in this password are: ['!']
2018-12-15 23:19:16,438:INFO:The '!' was the 5th character
2018-12-15 23:19:16,438:INFO:

2018-12-15 23:19:16,495:INFO:The length of 'T4st!ng' is 7
2018-12-15 23:19:16,496:INFO:As a list it looks like this ['T', '4', 's', 't', '!', 'n', 'g']
2018-12-15 23:19:16,496:INFO:The letters in this password are: ['T', 's', 't', 'n', 'g']
2018-12-15 23:19:16,497:INFO:The 'T' was the 1st character
2018-12-15 23:19:16,497:INFO:The 's' was the 3rd character
2018-12-15 23:19:16,498:INFO:The 't' was the 4th character
2018-12-15 23:19:16,499:INFO:The 'n' was the 6th character
2018-12-15 23:19:16,499:INFO:The 'g' was the 7th character
2018-12-15 23:19:16,500:INFO:

2018-12-15 23:19:16,502:INFO:The numbers in this password are: ['4']
2018-12-15 23:19:16,502:INFO:The '4' was the 2nd character
2018-12-15 23:19:16,505:INFO:

2018-12-15 23:19:16,509:INFO:The symbols in this password are: ['!']
2018-12-15 23:19:16,509:INFO:The '!' was the 5th character
2018-12-15 23:19:16,509:INFO:

2018-12-15 23:19:16,566:INFO:The length of 'T4st!ng' is 7
2018-12-15 23:19:16,566:INFO:As a list it looks like this ['T', '4', 's', 't', '!', 'n', 'g']
2018-12-15 23:19:16,567:INFO:The letters in this password are: ['T', 's', 't', 'n', 'g']
2018-12-15 23:19:16,567:INFO:The 'T' was the 1st character
2018-12-15 23:19:16,567:INFO:The 's' was the 3rd character
2018-12-15 23:19:16,568:INFO:The 't' was the 4th character
2018-12-15 23:19:16,568:INFO:The 'n' was the 6th character
2018-12-15 23:19:16,568:INFO:The 'g' was the 7th character
2018-12-15 23:19:16,569:INFO:

2018-12-15 23:19:16,569:INFO:The numbers in this password are: ['4']
2018-12-15 23:19:16,570:INFO:The '4' was the 2nd character
2018-12-15 23:19:16,570:INFO:

2018-12-15 23:19:16,571:INFO:The symbols in this password are: ['!']
2018-12-15 23:19:16,571:INFO:The '!' was the 5th character
2018-12-15 23:19:16,571:INFO:

2018-12-15 23:19:16,634:INFO:The length of 'T4st!ng' is 7
2018-12-15 23:19:16,634:INFO:As a list it looks like this ['T', '4', 's', 't', '!', 'n', 'g']
2018-12-15 23:19:16,635:INFO:The letters in this password are: ['T', 's', 't', 'n', 'g']
2018-12-15 23:19:16,635:INFO:The 'T' was the 1st character
2018-12-15 23:19:16,635:INFO:The 's' was the 3rd character
2018-12-15 23:19:16,635:INFO:The 't' was the 4th character
2018-12-15 23:19:16,636:INFO:The 'n' was the 6th character
2018-12-15 23:19:16,636:INFO:The 'g' was the 7th character
2018-12-15 23:19:16,636:INFO:

2018-12-15 23:19:16,637:INFO:The numbers in this password are: ['4']
2018-12-15 23:19:16,637:INFO:The '4' was the 2nd character
2018-12-15 23:19:16,637:INFO:

2018-12-15 23:19:16,638:INFO:The symbols in this password are: ['!']
2018-12-15 23:19:16,638:INFO:The '!' was the 5th character
2018-12-15 23:19:16,638:INFO:

2018-12-15 23:19:16,696:INFO:The length of 'T4st!ng' is 7
2018-12-15 23:19:16,697:INFO:As a list it looks like this ['T', '4', 's', 't', '!', 'n', 'g']
2018-12-15 23:19:16,697:INFO:The letters in this password are: ['T', 's', 't', 'n', 'g']
2018-12-15 23:19:16,698:INFO:The 'T' was the 1st character
2018-12-15 23:19:16,698:INFO:The 's' was the 3rd character
2018-12-15 23:19:16,698:INFO:The 't' was the 4th character
2018-12-15 23:19:16,699:INFO:The 'n' was the 6th character
2018-12-15 23:19:16,699:INFO:The 'g' was the 7th character
2018-12-15 23:19:16,699:INFO:

2018-12-15 23:19:16,700:INFO:The numbers in this password are: ['4']
2018-12-15 23:19:16,700:INFO:The '4' was the 2nd character
2018-12-15 23:19:16,701:INFO:

2018-12-15 23:19:16,701:INFO:The symbols in this password are: ['!']
2018-12-15 23:19:16,702:INFO:The '!' was the 5th character
2018-12-15 23:19:16,702:INFO:

2018-12-15 23:19:16,760:INFO:The length of 'T4st!ng' is 7
2018-12-15 23:19:16,760:INFO:As a list it looks like this ['T', '4', 's', 't', '!', 'n', 'g']
2018-12-15 23:19:16,761:INFO:The letters in this password are: ['T', 's', 't', 'n', 'g']
2018-12-15 23:19:16,761:INFO:The 'T' was the 1st character
2018-12-15 23:19:16,761:INFO:The 's' was the 3rd character
2018-12-15 23:19:16,762:INFO:The 't' was the 4th character
2018-12-15 23:19:16,762:INFO:The 'n' was the 6th character
2018-12-15 23:19:16,762:INFO:The 'g' was the 7th character
2018-12-15 23:19:16,763:INFO:

2018-12-15 23:19:16,763:INFO:The numbers in this password are: ['4']
2018-12-15 23:19:16,764:INFO:The '4' was the 2nd character
2018-12-15 23:19:16,764:INFO:

2018-12-15 23:19:16,765:INFO:The symbols in this password are: ['!']
2018-12-15 23:19:16,765:INFO:The '!' was the 5th character
2018-12-15 23:19:16,765:INFO:

2018-12-15 23:19:16,827:INFO:The length of 'T4st!ng' is 7
2018-12-15 23:19:16,828:INFO:As a list it looks like this ['T', '4', 's', 't', '!', 'n', 'g']
2018-12-15 23:19:16,828:INFO:The letters in this password are: ['T', 's', 't', 'n', 'g']
2018-12-15 23:19:16,828:INFO:The 'T' was the 1st character
2018-12-15 23:19:16,829:INFO:The 's' was the 3rd character
2018-12-15 23:19:16,829:INFO:The 't' was the 4th character
2018-12-15 23:19:16,829:INFO:The 'n' was the 6th character
2018-12-15 23:19:16,829:INFO:The 'g' was the 7th character
2018-12-15 23:19:16,830:INFO:

2018-12-15 23:19:16,830:INFO:The numbers in this password are: ['4']
2018-12-15 23:19:16,831:INFO:The '4' was the 2nd character
2018-12-15 23:19:16,831:INFO:

2018-12-15 23:19:16,832:INFO:The symbols in this password are: ['!']
2018-12-15 23:19:16,832:INFO:The '!' was the 5th character
2018-12-15 23:19:16,833:INFO:

2018-12-15 23:19:16,891:INFO:The length of 'T4st!ng' is 7
2018-12-15 23:19:16,891:INFO:As a list it looks like this ['T', '4', 's', 't', '!', 'n', 'g']
2018-12-15 23:19:16,892:INFO:The letters in this password are: ['T', 's', 't', 'n', 'g']
2018-12-15 23:19:16,892:INFO:The 'T' was the 1st character
2018-12-15 23:19:16,892:INFO:The 's' was the 3rd character
2018-12-15 23:19:16,893:INFO:The 't' was the 4th character
2018-12-15 23:19:16,893:INFO:The 'n' was the 6th character
2018-12-15 23:19:16,893:INFO:The 'g' was the 7th character
2018-12-15 23:19:16,894:INFO:

2018-12-15 23:19:16,894:INFO:The numbers in this password are: ['4']
2018-12-15 23:19:16,894:INFO:The '4' was the 2nd character
2018-12-15 23:19:16,894:INFO:

2018-12-15 23:19:16,895:INFO:The symbols in this password are: ['!']
2018-12-15 23:19:16,895:INFO:The '!' was the 5th character
2018-12-15 23:19:16,896:INFO:

2018-12-15 23:19:16,955:INFO:The length of 'T4st!ng' is 7
2018-12-15 23:19:16,955:INFO:As a list it looks like this ['T', '4', 's', 't', '!', 'n', 'g']
2018-12-15 23:19:16,956:INFO:The letters in this password are: ['T', 's', 't', 'n', 'g']
2018-12-15 23:19:16,956:INFO:The 'T' was the 1st character
2018-12-15 23:19:16,956:INFO:The 's' was the 3rd character
2018-12-15 23:19:16,956:INFO:The 't' was the 4th character
2018-12-15 23:19:16,957:INFO:The 'n' was the 6th character
2018-12-15 23:19:16,957:INFO:The 'g' was the 7th character
2018-12-15 23:19:16,957:INFO:

2018-12-15 23:19:16,958:INFO:The numbers in this password are: ['4']
2018-12-15 23:19:16,958:INFO:The '4' was the 2nd character
2018-12-15 23:19:16,958:INFO:

2018-12-15 23:19:16,959:INFO:The symbols in this password are: ['!']
2018-12-15 23:19:16,959:INFO:The '!' was the 5th character
2018-12-15 23:19:16,959:INFO:

2018-12-15 23:19:17,025:INFO:The length of 'T4st!ng' is 7
2018-12-15 23:19:17,026:INFO:As a list it looks like this ['T', '4', 's', 't', '!', 'n', 'g']
2018-12-15 23:19:17,026:INFO:The letters in this password are: ['T', 's', 't', 'n', 'g']
2018-12-15 23:19:17,027:INFO:The 'T' was the 1st character
2018-12-15 23:19:17,027:INFO:The 's' was the 3rd character
2018-12-15 23:19:17,027:INFO:The 't' was the 4th character
2018-12-15 23:19:17,028:INFO:The 'n' was the 6th character
2018-12-15 23:19:17,028:INFO:The 'g' was the 7th character
2018-12-15 23:19:17,029:INFO:

2018-12-15 23:19:17,030:INFO:The numbers in this password are: ['4']
2018-12-15 23:19:17,030:INFO:The '4' was the 2nd character
2018-12-15 23:19:17,030:INFO:

2018-12-15 23:19:17,031:INFO:The symbols in this password are: ['!']
2018-12-15 23:19:17,031:INFO:The '!' was the 5th character
2018-12-15 23:19:17,031:INFO:

2018-12-15 23:19:17,091:INFO:The length of 'T4st!ng' is 7
2018-12-15 23:19:17,092:INFO:As a list it looks like this ['T', '4', 's', 't', '!', 'n', 'g']
2018-12-15 23:19:17,092:INFO:The letters in this password are: ['T', 's', 't', 'n', 'g']
2018-12-15 23:19:17,092:INFO:The 'T' was the 1st character
2018-12-15 23:19:17,093:INFO:The 's' was the 3rd character
2018-12-15 23:19:17,093:INFO:The 't' was the 4th character
2018-12-15 23:19:17,093:INFO:The 'n' was the 6th character
2018-12-15 23:19:17,093:INFO:The 'g' was the 7th character
2018-12-15 23:19:17,094:INFO:

2018-12-15 23:19:17,095:INFO:The numbers in this password are: ['4']
2018-12-15 23:19:17,095:INFO:The '4' was the 2nd character
2018-12-15 23:19:17,095:INFO:

2018-12-15 23:19:17,096:INFO:The symbols in this password are: ['!']
2018-12-15 23:19:17,096:INFO:The '!' was the 5th character
2018-12-15 23:19:17,096:INFO:

2018-12-15 23:19:17,154:INFO:The length of 'T4st!ng' is 7
2018-12-15 23:19:17,155:INFO:As a list it looks like this ['T', '4', 's', 't', '!', 'n', 'g']
2018-12-15 23:19:17,155:INFO:The letters in this password are: ['T', 's', 't', 'n', 'g']
2018-12-15 23:19:17,155:INFO:The 'T' was the 1st character
2018-12-15 23:19:17,155:INFO:The 's' was the 3rd character
2018-12-15 23:19:17,156:INFO:The 't' was the 4th character
2018-12-15 23:19:17,156:INFO:The 'n' was the 6th character
2018-12-15 23:19:17,156:INFO:The 'g' was the 7th character
2018-12-15 23:19:17,157:INFO:

2018-12-15 23:19:17,158:INFO:The numbers in this password are: ['4']
2018-12-15 23:19:17,158:INFO:The '4' was the 2nd character
2018-12-15 23:19:17,158:INFO:

2018-12-15 23:19:17,159:INFO:The symbols in this password are: ['!']
2018-12-15 23:19:17,159:INFO:The '!' was the 5th character
2018-12-15 23:19:17,159:INFO:

2018-12-15 23:19:17,222:INFO:The length of 'T4st!ng' is 7
2018-12-15 23:19:17,223:INFO:As a list it looks like this ['T', '4', 's', 't', '!', 'n', 'g']
2018-12-15 23:19:17,224:INFO:The letters in this password are: ['T', 's', 't', 'n', 'g']
2018-12-15 23:19:17,225:INFO:The 'T' was the 1st character
2018-12-15 23:19:17,225:INFO:The 's' was the 3rd character
2018-12-15 23:19:17,225:INFO:The 't' was the 4th character
2018-12-15 23:19:17,226:INFO:The 'n' was the 6th character
2018-12-15 23:19:17,226:INFO:The 'g' was the 7th character
2018-12-15 23:19:17,226:INFO:

2018-12-15 23:19:17,227:INFO:The numbers in this password are: ['4']
2018-12-15 23:19:17,227:INFO:The '4' was the 2nd character
2018-12-15 23:19:17,228:INFO:

2018-12-15 23:19:17,229:INFO:The symbols in this password are: ['!']
2018-12-15 23:19:17,229:INFO:The '!' was the 5th character
2018-12-15 23:19:17,229:INFO:

2018-12-15 23:19:17,286:INFO:The length of 'T4st!ng' is 7
2018-12-15 23:19:17,287:INFO:As a list it looks like this ['T', '4', 's', 't', '!', 'n', 'g']
2018-12-15 23:19:17,287:INFO:The letters in this password are: ['T', 's', 't', 'n', 'g']
2018-12-15 23:19:17,287:INFO:The 'T' was the 1st character
2018-12-15 23:19:17,288:INFO:The 's' was the 3rd character
2018-12-15 23:19:17,288:INFO:The 't' was the 4th character
2018-12-15 23:19:17,288:INFO:The 'n' was the 6th character
2018-12-15 23:19:17,289:INFO:The 'g' was the 7th character
2018-12-15 23:19:17,289:INFO:

2018-12-15 23:19:17,290:INFO:The numbers in this password are: ['4']
2018-12-15 23:19:17,290:INFO:The '4' was the 2nd character
2018-12-15 23:19:17,290:INFO:

2018-12-15 23:19:17,291:INFO:The symbols in this password are: ['!']
2018-12-15 23:19:17,291:INFO:The '!' was the 5th character
2018-12-15 23:19:17,291:INFO:

2018-12-15 23:19:17,352:INFO:The length of 'T4st!ng' is 7
2018-12-15 23:19:17,352:INFO:As a list it looks like this ['T', '4', 's', 't', '!', 'n', 'g']
2018-12-15 23:19:17,353:INFO:The letters in this password are: ['T', 's', 't', 'n', 'g']
2018-12-15 23:19:17,353:INFO:The 'T' was the 1st character
2018-12-15 23:19:17,353:INFO:The 's' was the 3rd character
2018-12-15 23:19:17,353:INFO:The 't' was the 4th character
2018-12-15 23:19:17,354:INFO:The 'n' was the 6th character
2018-12-15 23:19:17,354:INFO:The 'g' was the 7th character
2018-12-15 23:19:17,354:INFO:

2018-12-15 23:19:17,355:INFO:The numbers in this password are: ['4']
2018-12-15 23:19:17,355:INFO:The '4' was the 2nd character
2018-12-15 23:19:17,356:INFO:

2018-12-15 23:19:17,356:INFO:The symbols in this password are: ['!']
2018-12-15 23:19:17,356:INFO:The '!' was the 5th character
2018-12-15 23:19:17,357:INFO:

2018-12-15 23:19:17,419:INFO:The length of 'T4st!ng' is 7
2018-12-15 23:19:17,420:INFO:As a list it looks like this ['T', '4', 's', 't', '!', 'n', 'g']
2018-12-15 23:19:17,420:INFO:The letters in this password are: ['T', 's', 't', 'n', 'g']
2018-12-15 23:19:17,421:INFO:The 'T' was the 1st character
2018-12-15 23:19:17,421:INFO:The 's' was the 3rd character
2018-12-15 23:19:17,421:INFO:The 't' was the 4th character
2018-12-15 23:19:17,422:INFO:The 'n' was the 6th character
2018-12-15 23:19:17,422:INFO:The 'g' was the 7th character
2018-12-15 23:19:17,423:INFO:

2018-12-15 23:19:17,424:INFO:The numbers in this password are: ['4']
2018-12-15 23:19:17,424:INFO:The '4' was the 2nd character
2018-12-15 23:19:17,425:INFO:

2018-12-15 23:19:17,426:INFO:The symbols in this password are: ['!']
2018-12-15 23:19:17,426:INFO:The '!' was the 5th character
2018-12-15 23:19:17,427:INFO:

2018-12-15 23:19:17,496:INFO:The length of 'T4st!ng' is 7
2018-12-15 23:19:17,497:INFO:As a list it looks like this ['T', '4', 's', 't', '!', 'n', 'g']
2018-12-15 23:19:17,497:INFO:The letters in this password are: ['T', 's', 't', 'n', 'g']
2018-12-15 23:19:17,498:INFO:The 'T' was the 1st character
2018-12-15 23:19:17,498:INFO:The 's' was the 3rd character
2018-12-15 23:19:17,499:INFO:The 't' was the 4th character
2018-12-15 23:19:17,499:INFO:The 'n' was the 6th character
2018-12-15 23:19:17,499:INFO:The 'g' was the 7th character
2018-12-15 23:19:17,500:INFO:

2018-12-15 23:19:17,502:INFO:The numbers in this password are: ['4']
2018-12-15 23:19:17,502:INFO:The '4' was the 2nd character
2018-12-15 23:19:17,502:INFO:

2018-12-15 23:19:17,503:INFO:The symbols in this password are: ['!']
2018-12-15 23:19:17,504:INFO:The '!' was the 5th character
2018-12-15 23:19:17,504:INFO:

2018-12-15 23:19:17,577:INFO:The length of 'T4st!ng' is 7
2018-12-15 23:19:17,577:INFO:As a list it looks like this ['T', '4', 's', 't', '!', 'n', 'g']
2018-12-15 23:19:17,578:INFO:The letters in this password are: ['T', 's', 't', 'n', 'g']
2018-12-15 23:19:17,579:INFO:The 'T' was the 1st character
2018-12-15 23:19:17,579:INFO:The 's' was the 3rd character
2018-12-15 23:19:17,580:INFO:The 't' was the 4th character
2018-12-15 23:19:17,580:INFO:The 'n' was the 6th character
2018-12-15 23:19:17,581:INFO:The 'g' was the 7th character
2018-12-15 23:19:17,581:INFO:

2018-12-15 23:19:17,582:INFO:The numbers in this password are: ['4']
2018-12-15 23:19:17,582:INFO:The '4' was the 2nd character
2018-12-15 23:19:17,582:INFO:

2018-12-15 23:19:17,584:INFO:The symbols in this password are: ['!']
2018-12-15 23:19:17,584:INFO:The '!' was the 5th character
2018-12-15 23:19:17,585:INFO:

2018-12-15 23:19:17,654:INFO:The length of 'T4st!ng' is 7
2018-12-15 23:19:17,654:INFO:As a list it looks like this ['T', '4', 's', 't', '!', 'n', 'g']
2018-12-15 23:19:17,655:INFO:The letters in this password are: ['T', 's', 't', 'n', 'g']
2018-12-15 23:19:17,655:INFO:The 'T' was the 1st character
2018-12-15 23:19:17,655:INFO:The 's' was the 3rd character
2018-12-15 23:19:17,655:INFO:The 't' was the 4th character
2018-12-15 23:19:17,656:INFO:The 'n' was the 6th character
2018-12-15 23:19:17,656:INFO:The 'g' was the 7th character
2018-12-15 23:19:17,656:INFO:

2018-12-15 23:19:17,657:INFO:The numbers in this password are: ['4']
2018-12-15 23:19:17,657:INFO:The '4' was the 2nd character
2018-12-15 23:19:17,658:INFO:

2018-12-15 23:19:17,658:INFO:The symbols in this password are: ['!']
2018-12-15 23:19:17,659:INFO:The '!' was the 5th character
2018-12-15 23:19:17,659:INFO:

2018-12-15 23:19:17,723:INFO:The length of 'T4st!ng' is 7
2018-12-15 23:19:17,724:INFO:As a list it looks like this ['T', '4', 's', 't', '!', 'n', 'g']
2018-12-15 23:19:17,725:INFO:The letters in this password are: ['T', 's', 't', 'n', 'g']
2018-12-15 23:19:17,725:INFO:The 'T' was the 1st character
2018-12-15 23:19:17,725:INFO:The 's' was the 3rd character
2018-12-15 23:19:17,726:INFO:The 't' was the 4th character
2018-12-15 23:19:17,726:INFO:The 'n' was the 6th character
2018-12-15 23:19:17,726:INFO:The 'g' was the 7th character
2018-12-15 23:19:17,726:INFO:

2018-12-15 23:19:17,727:INFO:The numbers in this password are: ['4']
2018-12-15 23:19:17,727:INFO:The '4' was the 2nd character
2018-12-15 23:19:17,727:INFO:

2018-12-15 23:19:17,728:INFO:The symbols in this password are: ['!']
2018-12-15 23:19:17,728:INFO:The '!' was the 5th character
2018-12-15 23:19:17,729:INFO:

2018-12-15 23:19:17,799:INFO:The length of 'T4st!ng' is 7
2018-12-15 23:19:17,799:INFO:As a list it looks like this ['T', '4', 's', 't', '!', 'n', 'g']
2018-12-15 23:19:17,800:INFO:The letters in this password are: ['T', 's', 't', 'n', 'g']
2018-12-15 23:19:17,800:INFO:The 'T' was the 1st character
2018-12-15 23:19:17,801:INFO:The 's' was the 3rd character
2018-12-15 23:19:17,801:INFO:The 't' was the 4th character
2018-12-15 23:19:17,802:INFO:The 'n' was the 6th character
2018-12-15 23:19:17,802:INFO:The 'g' was the 7th character
2018-12-15 23:19:17,803:INFO:

2018-12-15 23:19:17,804:INFO:The numbers in this password are: ['4']
2018-12-15 23:19:17,804:INFO:The '4' was the 2nd character
2018-12-15 23:19:17,804:INFO:

2018-12-15 23:19:17,805:INFO:The symbols in this password are: ['!']
2018-12-15 23:19:17,805:INFO:The '!' was the 5th character
2018-12-15 23:19:17,806:INFO:

2018-12-15 23:19:17,865:INFO:The length of 'T4st!ng' is 7
2018-12-15 23:19:17,866:INFO:As a list it looks like this ['T', '4', 's', 't', '!', 'n', 'g']
2018-12-15 23:19:17,866:INFO:The letters in this password are: ['T', 's', 't', 'n', 'g']
2018-12-15 23:19:17,866:INFO:The 'T' was the 1st character
2018-12-15 23:19:17,866:INFO:The 's' was the 3rd character
2018-12-15 23:19:17,867:INFO:The 't' was the 4th character
2018-12-15 23:19:17,867:INFO:The 'n' was the 6th character
2018-12-15 23:19:17,868:INFO:The 'g' was the 7th character
2018-12-15 23:19:17,868:INFO:

2018-12-15 23:19:17,869:INFO:The numbers in this password are: ['4']
2018-12-15 23:19:17,869:INFO:The '4' was the 2nd character
2018-12-15 23:19:17,869:INFO:

2018-12-15 23:19:17,870:INFO:The symbols in this password are: ['!']
2018-12-15 23:19:17,870:INFO:The '!' was the 5th character
2018-12-15 23:19:17,871:INFO:

2018-12-15 23:19:17,930:INFO:The length of 'T4st!ng' is 7
2018-12-15 23:19:17,931:INFO:As a list it looks like this ['T', '4', 's', 't', '!', 'n', 'g']
2018-12-15 23:19:17,931:INFO:The letters in this password are: ['T', 's', 't', 'n', 'g']
2018-12-15 23:19:17,932:INFO:The 'T' was the 1st character
2018-12-15 23:19:17,932:INFO:The 's' was the 3rd character
2018-12-15 23:19:17,932:INFO:The 't' was the 4th character
2018-12-15 23:19:17,933:INFO:The 'n' was the 6th character
2018-12-15 23:19:17,933:INFO:The 'g' was the 7th character
2018-12-15 23:19:17,933:INFO:

2018-12-15 23:19:17,935:INFO:The numbers in this password are: ['4']
2018-12-15 23:19:17,935:INFO:The '4' was the 2nd character
2018-12-15 23:19:17,936:INFO:

2018-12-15 23:19:17,938:INFO:The symbols in this password are: ['!']
2018-12-15 23:19:17,938:INFO:The '!' was the 5th character
2018-12-15 23:19:17,938:INFO:

2018-12-15 23:19:17,999:INFO:The length of 'T4st!ng' is 7
2018-12-15 23:19:17,999:INFO:As a list it looks like this ['T', '4', 's', 't', '!', 'n', 'g']
2018-12-15 23:19:18,000:INFO:The letters in this password are: ['T', 's', 't', 'n', 'g']
2018-12-15 23:19:18,000:INFO:The 'T' was the 1st character
2018-12-15 23:19:18,000:INFO:The 's' was the 3rd character
2018-12-15 23:19:18,001:INFO:The 't' was the 4th character
2018-12-15 23:19:18,001:INFO:The 'n' was the 6th character
2018-12-15 23:19:18,002:INFO:The 'g' was the 7th character
2018-12-15 23:19:18,002:INFO:

2018-12-15 23:19:18,003:INFO:The numbers in this password are: ['4']
2018-12-15 23:19:18,004:INFO:The '4' was the 2nd character
2018-12-15 23:19:18,004:INFO:

2018-12-15 23:19:18,005:INFO:The symbols in this password are: ['!']
2018-12-15 23:19:18,005:INFO:The '!' was the 5th character
2018-12-15 23:19:18,005:INFO:

2018-12-15 23:19:18,066:INFO:The length of 'T4st!ng' is 7
2018-12-15 23:19:18,067:INFO:As a list it looks like this ['T', '4', 's', 't', '!', 'n', 'g']
2018-12-15 23:19:18,067:INFO:The letters in this password are: ['T', 's', 't', 'n', 'g']
2018-12-15 23:19:18,067:INFO:The 'T' was the 1st character
2018-12-15 23:19:18,067:INFO:The 's' was the 3rd character
2018-12-15 23:19:18,068:INFO:The 't' was the 4th character
2018-12-15 23:19:18,068:INFO:The 'n' was the 6th character
2018-12-15 23:19:18,068:INFO:The 'g' was the 7th character
2018-12-15 23:19:18,068:INFO:

2018-12-15 23:19:18,069:INFO:The numbers in this password are: ['4']
2018-12-15 23:19:18,069:INFO:The '4' was the 2nd character
2018-12-15 23:19:18,070:INFO:

2018-12-15 23:19:18,070:INFO:The symbols in this password are: ['!']
2018-12-15 23:19:18,071:INFO:The '!' was the 5th character
2018-12-15 23:19:18,071:INFO:

2018-12-15 23:19:18,131:INFO:The length of 'T4st!ng' is 7
2018-12-15 23:19:18,131:INFO:As a list it looks like this ['T', '4', 's', 't', '!', 'n', 'g']
2018-12-15 23:19:18,132:INFO:The letters in this password are: ['T', 's', 't', 'n', 'g']
2018-12-15 23:19:18,132:INFO:The 'T' was the 1st character
2018-12-15 23:19:18,132:INFO:The 's' was the 3rd character
2018-12-15 23:19:18,133:INFO:The 't' was the 4th character
2018-12-15 23:19:18,133:INFO:The 'n' was the 6th character
2018-12-15 23:19:18,133:INFO:The 'g' was the 7th character
2018-12-15 23:19:18,134:INFO:

2018-12-15 23:19:18,134:INFO:The numbers in this password are: ['4']
2018-12-15 23:19:18,135:INFO:The '4' was the 2nd character
2018-12-15 23:19:18,135:INFO:

2018-12-15 23:19:18,136:INFO:The symbols in this password are: ['!']
2018-12-15 23:19:18,136:INFO:The '!' was the 5th character
2018-12-15 23:19:18,136:INFO:

2018-12-15 23:19:18,197:INFO:The length of 'T4st!ng' is 7
2018-12-15 23:19:18,198:INFO:As a list it looks like this ['T', '4', 's', 't', '!', 'n', 'g']
2018-12-15 23:19:18,199:INFO:The letters in this password are: ['T', 's', 't', 'n', 'g']
2018-12-15 23:19:18,199:INFO:The 'T' was the 1st character
2018-12-15 23:19:18,200:INFO:The 's' was the 3rd character
2018-12-15 23:19:18,200:INFO:The 't' was the 4th character
2018-12-15 23:19:18,200:INFO:The 'n' was the 6th character
2018-12-15 23:19:18,200:INFO:The 'g' was the 7th character
2018-12-15 23:19:18,201:INFO:

2018-12-15 23:19:18,202:INFO:The numbers in this password are: ['4']
2018-12-15 23:19:18,202:INFO:The '4' was the 2nd character
2018-12-15 23:19:18,203:INFO:

2018-12-15 23:19:18,204:INFO:The symbols in this password are: ['!']
2018-12-15 23:19:18,204:INFO:The '!' was the 5th character
2018-12-15 23:19:18,205:INFO:

2018-12-15 23:19:18,264:INFO:The length of 'T4st!ng' is 7
2018-12-15 23:19:18,265:INFO:As a list it looks like this ['T', '4', 's', 't', '!', 'n', 'g']
2018-12-15 23:19:18,265:INFO:The letters in this password are: ['T', 's', 't', 'n', 'g']
2018-12-15 23:19:18,266:INFO:The 'T' was the 1st character
2018-12-15 23:19:18,266:INFO:The 's' was the 3rd character
2018-12-15 23:19:18,266:INFO:The 't' was the 4th character
2018-12-15 23:19:18,267:INFO:The 'n' was the 6th character
2018-12-15 23:19:18,267:INFO:The 'g' was the 7th character
2018-12-15 23:19:18,267:INFO:

2018-12-15 23:19:18,268:INFO:The numbers in this password are: ['4']
2018-12-15 23:19:18,268:INFO:The '4' was the 2nd character
2018-12-15 23:19:18,268:INFO:

2018-12-15 23:19:18,269:INFO:The symbols in this password are: ['!']
2018-12-15 23:19:18,269:INFO:The '!' was the 5th character
2018-12-15 23:19:18,270:INFO:

2018-12-15 23:19:18,333:INFO:The length of 'T4st!ng' is 7
2018-12-15 23:19:18,334:INFO:As a list it looks like this ['T', '4', 's', 't', '!', 'n', 'g']
2018-12-15 23:19:18,334:INFO:The letters in this password are: ['T', 's', 't', 'n', 'g']
2018-12-15 23:19:18,335:INFO:The 'T' was the 1st character
2018-12-15 23:19:18,335:INFO:The 's' was the 3rd character
2018-12-15 23:19:18,335:INFO:The 't' was the 4th character
2018-12-15 23:19:18,335:INFO:The 'n' was the 6th character
2018-12-15 23:19:18,336:INFO:The 'g' was the 7th character
2018-12-15 23:19:18,337:INFO:

2018-12-15 23:19:18,338:INFO:The numbers in this password are: ['4']
2018-12-15 23:19:18,338:INFO:The '4' was the 2nd character
2018-12-15 23:19:18,338:INFO:

2018-12-15 23:19:18,339:INFO:The symbols in this password are: ['!']
2018-12-15 23:19:18,339:INFO:The '!' was the 5th character
2018-12-15 23:19:18,339:INFO:

2018-12-15 23:19:18,408:INFO:The length of 'T4st!ng' is 7
2018-12-15 23:19:18,409:INFO:As a list it looks like this ['T', '4', 's', 't', '!', 'n', 'g']
2018-12-15 23:19:18,409:INFO:The letters in this password are: ['T', 's', 't', 'n', 'g']
2018-12-15 23:19:18,409:INFO:The 'T' was the 1st character
2018-12-15 23:19:18,410:INFO:The 's' was the 3rd character
2018-12-15 23:19:18,410:INFO:The 't' was the 4th character
2018-12-15 23:19:18,410:INFO:The 'n' was the 6th character
2018-12-15 23:19:18,410:INFO:The 'g' was the 7th character
2018-12-15 23:19:18,411:INFO:

2018-12-15 23:19:18,411:INFO:The numbers in this password are: ['4']
2018-12-15 23:19:18,411:INFO:The '4' was the 2nd character
2018-12-15 23:19:18,412:INFO:

2018-12-15 23:19:18,412:INFO:The symbols in this password are: ['!']
2018-12-15 23:19:18,413:INFO:The '!' was the 5th character
2018-12-15 23:19:18,413:INFO:

2018-12-15 23:19:18,471:INFO:The length of 'T4st!ng' is 7
2018-12-15 23:19:18,472:INFO:As a list it looks like this ['T', '4', 's', 't', '!', 'n', 'g']
2018-12-15 23:19:18,473:INFO:The letters in this password are: ['T', 's', 't', 'n', 'g']
2018-12-15 23:19:18,473:INFO:The 'T' was the 1st character
2018-12-15 23:19:18,474:INFO:The 's' was the 3rd character
2018-12-15 23:19:18,474:INFO:The 't' was the 4th character
2018-12-15 23:19:18,474:INFO:The 'n' was the 6th character
2018-12-15 23:19:18,475:INFO:The 'g' was the 7th character
2018-12-15 23:19:18,475:INFO:

2018-12-15 23:19:18,476:INFO:The numbers in this password are: ['4']
2018-12-15 23:19:18,477:INFO:The '4' was the 2nd character
2018-12-15 23:19:18,477:INFO:

2018-12-15 23:19:18,478:INFO:The symbols in this password are: ['!']
2018-12-15 23:19:18,478:INFO:The '!' was the 5th character
2018-12-15 23:19:18,479:INFO:

2018-12-15 23:19:18,540:INFO:The length of 'T4st!ng' is 7
2018-12-15 23:19:18,540:INFO:As a list it looks like this ['T', '4', 's', 't', '!', 'n', 'g']
2018-12-15 23:19:18,541:INFO:The letters in this password are: ['T', 's', 't', 'n', 'g']
2018-12-15 23:19:18,541:INFO:The 'T' was the 1st character
2018-12-15 23:19:18,541:INFO:The 's' was the 3rd character
2018-12-15 23:19:18,542:INFO:The 't' was the 4th character
2018-12-15 23:19:18,542:INFO:The 'n' was the 6th character
2018-12-15 23:19:18,542:INFO:The 'g' was the 7th character
2018-12-15 23:19:18,543:INFO:

2018-12-15 23:19:18,543:INFO:The numbers in this password are: ['4']
2018-12-15 23:19:18,543:INFO:The '4' was the 2nd character
2018-12-15 23:19:18,544:INFO:

2018-12-15 23:19:18,545:INFO:The symbols in this password are: ['!']
2018-12-15 23:19:18,546:INFO:The '!' was the 5th character
2018-12-15 23:19:18,547:INFO:

2018-12-15 23:19:18,609:INFO:The length of 'T4st!ng' is 7
2018-12-15 23:19:18,609:INFO:As a list it looks like this ['T', '4', 's', 't', '!', 'n', 'g']
2018-12-15 23:19:18,610:INFO:The letters in this password are: ['T', 's', 't', 'n', 'g']
2018-12-15 23:19:18,610:INFO:The 'T' was the 1st character
2018-12-15 23:19:18,610:INFO:The 's' was the 3rd character
2018-12-15 23:19:18,611:INFO:The 't' was the 4th character
2018-12-15 23:19:18,611:INFO:The 'n' was the 6th character
2018-12-15 23:19:18,611:INFO:The 'g' was the 7th character
2018-12-15 23:19:18,612:INFO:

2018-12-15 23:19:18,612:INFO:The numbers in this password are: ['4']
2018-12-15 23:19:18,612:INFO:The '4' was the 2nd character
2018-12-15 23:19:18,613:INFO:

2018-12-15 23:19:18,613:INFO:The symbols in this password are: ['!']
2018-12-15 23:19:18,614:INFO:The '!' was the 5th character
2018-12-15 23:19:18,614:INFO:

2018-12-15 23:19:18,672:INFO:The length of 'T4st!ng' is 7
2018-12-15 23:19:18,673:INFO:As a list it looks like this ['T', '4', 's', 't', '!', 'n', 'g']
2018-12-15 23:19:18,673:INFO:The letters in this password are: ['T', 's', 't', 'n', 'g']
2018-12-15 23:19:18,674:INFO:The 'T' was the 1st character
2018-12-15 23:19:18,674:INFO:The 's' was the 3rd character
2018-12-15 23:19:18,674:INFO:The 't' was the 4th character
2018-12-15 23:19:18,674:INFO:The 'n' was the 6th character
2018-12-15 23:19:18,675:INFO:The 'g' was the 7th character
2018-12-15 23:19:18,675:INFO:

2018-12-15 23:19:18,675:INFO:The numbers in this password are: ['4']
2018-12-15 23:19:18,676:INFO:The '4' was the 2nd character
2018-12-15 23:19:18,676:INFO:

2018-12-15 23:19:18,676:INFO:The symbols in this password are: ['!']
2018-12-15 23:19:18,677:INFO:The '!' was the 5th character
2018-12-15 23:19:18,677:INFO:

2018-12-15 23:19:18,735:INFO:The length of 'T4st!ng' is 7
2018-12-15 23:19:18,735:INFO:As a list it looks like this ['T', '4', 's', 't', '!', 'n', 'g']
2018-12-15 23:19:18,736:INFO:The letters in this password are: ['T', 's', 't', 'n', 'g']
2018-12-15 23:19:18,736:INFO:The 'T' was the 1st character
2018-12-15 23:19:18,736:INFO:The 's' was the 3rd character
2018-12-15 23:19:18,737:INFO:The 't' was the 4th character
2018-12-15 23:19:18,737:INFO:The 'n' was the 6th character
2018-12-15 23:19:18,738:INFO:The 'g' was the 7th character
2018-12-15 23:19:18,738:INFO:

2018-12-15 23:19:18,739:INFO:The numbers in this password are: ['4']
2018-12-15 23:19:18,739:INFO:The '4' was the 2nd character
2018-12-15 23:19:18,740:INFO:

2018-12-15 23:19:18,740:INFO:The symbols in this password are: ['!']
2018-12-15 23:19:18,741:INFO:The '!' was the 5th character
2018-12-15 23:19:18,741:INFO:

2018-12-15 23:19:18,799:INFO:The length of 'T4st!ng' is 7
2018-12-15 23:19:18,799:INFO:As a list it looks like this ['T', '4', 's', 't', '!', 'n', 'g']
2018-12-15 23:19:18,799:INFO:The letters in this password are: ['T', 's', 't', 'n', 'g']
2018-12-15 23:19:18,800:INFO:The 'T' was the 1st character
2018-12-15 23:19:18,800:INFO:The 's' was the 3rd character
2018-12-15 23:19:18,801:INFO:The 't' was the 4th character
2018-12-15 23:19:18,801:INFO:The 'n' was the 6th character
2018-12-15 23:19:18,801:INFO:The 'g' was the 7th character
2018-12-15 23:19:18,802:INFO:

2018-12-15 23:19:18,803:INFO:The numbers in this password are: ['4']
2018-12-15 23:19:18,803:INFO:The '4' was the 2nd character
2018-12-15 23:19:18,803:INFO:

2018-12-15 23:19:18,804:INFO:The symbols in this password are: ['!']
2018-12-15 23:19:18,804:INFO:The '!' was the 5th character
2018-12-15 23:19:18,805:INFO:

2018-12-15 23:19:18,867:INFO:The length of 'T4st!ng' is 7
2018-12-15 23:19:18,868:INFO:As a list it looks like this ['T', '4', 's', 't', '!', 'n', 'g']
2018-12-15 23:19:18,868:INFO:The letters in this password are: ['T', 's', 't', 'n', 'g']
2018-12-15 23:19:18,868:INFO:The 'T' was the 1st character
2018-12-15 23:19:18,869:INFO:The 's' was the 3rd character
2018-12-15 23:19:18,869:INFO:The 't' was the 4th character
2018-12-15 23:19:18,869:INFO:The 'n' was the 6th character
2018-12-15 23:19:18,870:INFO:The 'g' was the 7th character
2018-12-15 23:19:18,870:INFO:

2018-12-15 23:19:18,871:INFO:The numbers in this password are: ['4']
2018-12-15 23:19:18,872:INFO:The '4' was the 2nd character
2018-12-15 23:19:18,872:INFO:

2018-12-15 23:19:18,873:INFO:The symbols in this password are: ['!']
2018-12-15 23:19:18,873:INFO:The '!' was the 5th character
2018-12-15 23:19:18,873:INFO:

2018-12-15 23:19:18,933:INFO:The length of 'T4st!ng' is 7
2018-12-15 23:19:18,933:INFO:As a list it looks like this ['T', '4', 's', 't', '!', 'n', 'g']
2018-12-15 23:19:18,934:INFO:The letters in this password are: ['T', 's', 't', 'n', 'g']
2018-12-15 23:19:18,934:INFO:The 'T' was the 1st character
2018-12-15 23:19:18,935:INFO:The 's' was the 3rd character
2018-12-15 23:19:18,935:INFO:The 't' was the 4th character
2018-12-15 23:19:18,935:INFO:The 'n' was the 6th character
2018-12-15 23:19:18,936:INFO:The 'g' was the 7th character
2018-12-15 23:19:18,936:INFO:

2018-12-15 23:19:18,936:INFO:The numbers in this password are: ['4']
2018-12-15 23:19:18,937:INFO:The '4' was the 2nd character
2018-12-15 23:19:18,937:INFO:

2018-12-15 23:19:18,938:INFO:The symbols in this password are: ['!']
2018-12-15 23:19:18,938:INFO:The '!' was the 5th character
2018-12-15 23:19:18,939:INFO:

2018-12-15 23:19:19,004:INFO:The length of 'T4st!ng' is 7
2018-12-15 23:19:19,004:INFO:As a list it looks like this ['T', '4', 's', 't', '!', 'n', 'g']
2018-12-15 23:19:19,005:INFO:The letters in this password are: ['T', 's', 't', 'n', 'g']
2018-12-15 23:19:19,005:INFO:The 'T' was the 1st character
2018-12-15 23:19:19,005:INFO:The 's' was the 3rd character
2018-12-15 23:19:19,006:INFO:The 't' was the 4th character
2018-12-15 23:19:19,006:INFO:The 'n' was the 6th character
2018-12-15 23:19:19,007:INFO:The 'g' was the 7th character
2018-12-15 23:19:19,007:INFO:

2018-12-15 23:19:19,008:INFO:The numbers in this password are: ['4']
2018-12-15 23:19:19,008:INFO:The '4' was the 2nd character
2018-12-15 23:19:19,008:INFO:

2018-12-15 23:19:19,009:INFO:The symbols in this password are: ['!']
2018-12-15 23:19:19,009:INFO:The '!' was the 5th character
2018-12-15 23:19:19,010:INFO:

2018-12-15 23:19:19,071:INFO:The length of 'T4st!ng' is 7
2018-12-15 23:19:19,072:INFO:As a list it looks like this ['T', '4', 's', 't', '!', 'n', 'g']
2018-12-15 23:19:19,072:INFO:The letters in this password are: ['T', 's', 't', 'n', 'g']
2018-12-15 23:19:19,073:INFO:The 'T' was the 1st character
2018-12-15 23:19:19,073:INFO:The 's' was the 3rd character
2018-12-15 23:19:19,073:INFO:The 't' was the 4th character
2018-12-15 23:19:19,074:INFO:The 'n' was the 6th character
2018-12-15 23:19:19,074:INFO:The 'g' was the 7th character
2018-12-15 23:19:19,074:INFO:

2018-12-15 23:19:19,075:INFO:The numbers in this password are: ['4']
2018-12-15 23:19:19,075:INFO:The '4' was the 2nd character
2018-12-15 23:19:19,075:INFO:

2018-12-15 23:19:19,076:INFO:The symbols in this password are: ['!']
2018-12-15 23:19:19,076:INFO:The '!' was the 5th character
2018-12-15 23:19:19,076:INFO:

2018-12-15 23:19:19,141:INFO:The length of 'T4st!ng' is 7
2018-12-15 23:19:19,142:INFO:As a list it looks like this ['T', '4', 's', 't', '!', 'n', 'g']
2018-12-15 23:19:19,142:INFO:The letters in this password are: ['T', 's', 't', 'n', 'g']
2018-12-15 23:19:19,142:INFO:The 'T' was the 1st character
2018-12-15 23:19:19,143:INFO:The 's' was the 3rd character
2018-12-15 23:19:19,143:INFO:The 't' was the 4th character
2018-12-15 23:19:19,143:INFO:The 'n' was the 6th character
2018-12-15 23:19:19,144:INFO:The 'g' was the 7th character
2018-12-15 23:19:19,144:INFO:

2018-12-15 23:19:19,144:INFO:The numbers in this password are: ['4']
2018-12-15 23:19:19,145:INFO:The '4' was the 2nd character
2018-12-15 23:19:19,145:INFO:

2018-12-15 23:19:19,145:INFO:The symbols in this password are: ['!']
2018-12-15 23:19:19,146:INFO:The '!' was the 5th character
2018-12-15 23:19:19,146:INFO:

2018-12-15 23:19:19,202:INFO:The length of 'T4st!ng' is 7
2018-12-15 23:19:19,203:INFO:As a list it looks like this ['T', '4', 's', 't', '!', 'n', 'g']
2018-12-15 23:19:19,203:INFO:The letters in this password are: ['T', 's', 't', 'n', 'g']
2018-12-15 23:19:19,204:INFO:The 'T' was the 1st character
2018-12-15 23:19:19,204:INFO:The 's' was the 3rd character
2018-12-15 23:19:19,205:INFO:The 't' was the 4th character
2018-12-15 23:19:19,205:INFO:The 'n' was the 6th character
2018-12-15 23:19:19,206:INFO:The 'g' was the 7th character
2018-12-15 23:19:19,207:INFO:

2018-12-15 23:19:19,208:INFO:The numbers in this password are: ['4']
2018-12-15 23:19:19,208:INFO:The '4' was the 2nd character
2018-12-15 23:19:19,208:INFO:

2018-12-15 23:19:19,209:INFO:The symbols in this password are: ['!']
2018-12-15 23:19:19,209:INFO:The '!' was the 5th character
2018-12-15 23:19:19,209:INFO:

2018-12-15 23:19:19,272:INFO:The length of 'T4st!ng' is 7
2018-12-15 23:19:19,273:INFO:As a list it looks like this ['T', '4', 's', 't', '!', 'n', 'g']
2018-12-15 23:19:19,273:INFO:The letters in this password are: ['T', 's', 't', 'n', 'g']
2018-12-15 23:19:19,274:INFO:The 'T' was the 1st character
2018-12-15 23:19:19,274:INFO:The 's' was the 3rd character
2018-12-15 23:19:19,275:INFO:The 't' was the 4th character
2018-12-15 23:19:19,275:INFO:The 'n' was the 6th character
2018-12-15 23:19:19,275:INFO:The 'g' was the 7th character
2018-12-15 23:19:19,276:INFO:

2018-12-15 23:19:19,276:INFO:The numbers in this password are: ['4']
2018-12-15 23:19:19,277:INFO:The '4' was the 2nd character
2018-12-15 23:19:19,277:INFO:

2018-12-15 23:19:19,278:INFO:The symbols in this password are: ['!']
2018-12-15 23:19:19,278:INFO:The '!' was the 5th character
2018-12-15 23:19:19,279:INFO:

2018-12-15 23:19:19,339:INFO:The length of 'T4st!ng' is 7
2018-12-15 23:19:19,340:INFO:As a list it looks like this ['T', '4', 's', 't', '!', 'n', 'g']
2018-12-15 23:19:19,340:INFO:The letters in this password are: ['T', 's', 't', 'n', 'g']
2018-12-15 23:19:19,341:INFO:The 'T' was the 1st character
2018-12-15 23:19:19,341:INFO:The 's' was the 3rd character
2018-12-15 23:19:19,341:INFO:The 't' was the 4th character
2018-12-15 23:19:19,341:INFO:The 'n' was the 6th character
2018-12-15 23:19:19,342:INFO:The 'g' was the 7th character
2018-12-15 23:19:19,342:INFO:

2018-12-15 23:19:19,343:INFO:The numbers in this password are: ['4']
2018-12-15 23:19:19,343:INFO:The '4' was the 2nd character
2018-12-15 23:19:19,343:INFO:

2018-12-15 23:19:19,344:INFO:The symbols in this password are: ['!']
2018-12-15 23:19:19,344:INFO:The '!' was the 5th character
2018-12-15 23:19:19,345:INFO:

2018-12-15 23:19:19,402:INFO:The length of 'T4st!ng' is 7
2018-12-15 23:19:19,403:INFO:As a list it looks like this ['T', '4', 's', 't', '!', 'n', 'g']
2018-12-15 23:19:19,404:INFO:The letters in this password are: ['T', 's', 't', 'n', 'g']
2018-12-15 23:19:19,404:INFO:The 'T' was the 1st character
2018-12-15 23:19:19,404:INFO:The 's' was the 3rd character
2018-12-15 23:19:19,405:INFO:The 't' was the 4th character
2018-12-15 23:19:19,405:INFO:The 'n' was the 6th character
2018-12-15 23:19:19,406:INFO:The 'g' was the 7th character
2018-12-15 23:19:19,406:INFO:

2018-12-15 23:19:19,407:INFO:The numbers in this password are: ['4']
2018-12-15 23:19:19,407:INFO:The '4' was the 2nd character
2018-12-15 23:19:19,408:INFO:

2018-12-15 23:19:19,409:INFO:The symbols in this password are: ['!']
2018-12-15 23:19:19,409:INFO:The '!' was the 5th character
2018-12-15 23:19:19,409:INFO:

2018-12-15 23:19:19,468:INFO:The length of 'T4st!ng' is 7
2018-12-15 23:19:19,468:INFO:As a list it looks like this ['T', '4', 's', 't', '!', 'n', 'g']
2018-12-15 23:19:19,469:INFO:The letters in this password are: ['T', 's', 't', 'n', 'g']
2018-12-15 23:19:19,469:INFO:The 'T' was the 1st character
2018-12-15 23:19:19,470:INFO:The 's' was the 3rd character
2018-12-15 23:19:19,471:INFO:The 't' was the 4th character
2018-12-15 23:19:19,472:INFO:The 'n' was the 6th character
2018-12-15 23:19:19,472:INFO:The 'g' was the 7th character
2018-12-15 23:19:19,472:INFO:

2018-12-15 23:19:19,473:INFO:The numbers in this password are: ['4']
2018-12-15 23:19:19,473:INFO:The '4' was the 2nd character
2018-12-15 23:19:19,474:INFO:

2018-12-15 23:19:19,474:INFO:The symbols in this password are: ['!']
2018-12-15 23:19:19,475:INFO:The '!' was the 5th character
2018-12-15 23:19:19,475:INFO:

2018-12-15 23:19:19,536:INFO:The length of 'T4st!ng' is 7
2018-12-15 23:19:19,537:INFO:As a list it looks like this ['T', '4', 's', 't', '!', 'n', 'g']
2018-12-15 23:19:19,538:INFO:The letters in this password are: ['T', 's', 't', 'n', 'g']
2018-12-15 23:19:19,538:INFO:The 'T' was the 1st character
2018-12-15 23:19:19,538:INFO:The 's' was the 3rd character
2018-12-15 23:19:19,539:INFO:The 't' was the 4th character
2018-12-15 23:19:19,539:INFO:The 'n' was the 6th character
2018-12-15 23:19:19,539:INFO:The 'g' was the 7th character
2018-12-15 23:19:19,540:INFO:

2018-12-15 23:19:19,540:INFO:The numbers in this password are: ['4']
2018-12-15 23:19:19,541:INFO:The '4' was the 2nd character
2018-12-15 23:19:19,541:INFO:

2018-12-15 23:19:19,542:INFO:The symbols in this password are: ['!']
2018-12-15 23:19:19,542:INFO:The '!' was the 5th character
2018-12-15 23:19:19,542:INFO:

2018-12-15 23:19:19,599:INFO:The length of 'T4st!ng' is 7
2018-12-15 23:19:19,600:INFO:As a list it looks like this ['T', '4', 's', 't', '!', 'n', 'g']
2018-12-15 23:19:19,600:INFO:The letters in this password are: ['T', 's', 't', 'n', 'g']
2018-12-15 23:19:19,601:INFO:The 'T' was the 1st character
2018-12-15 23:19:19,601:INFO:The 's' was the 3rd character
2018-12-15 23:19:19,602:INFO:The 't' was the 4th character
2018-12-15 23:19:19,602:INFO:The 'n' was the 6th character
2018-12-15 23:19:19,602:INFO:The 'g' was the 7th character
2018-12-15 23:19:19,603:INFO:

2018-12-15 23:19:19,604:INFO:The numbers in this password are: ['4']
2018-12-15 23:19:19,604:INFO:The '4' was the 2nd character
2018-12-15 23:19:19,604:INFO:

2018-12-15 23:19:19,605:INFO:The symbols in this password are: ['!']
2018-12-15 23:19:19,606:INFO:The '!' was the 5th character
2018-12-15 23:19:19,606:INFO:

2018-12-15 23:19:19,665:INFO:The length of 'T4st!ng' is 7
2018-12-15 23:19:19,665:INFO:As a list it looks like this ['T', '4', 's', 't', '!', 'n', 'g']
2018-12-15 23:19:19,666:INFO:The letters in this password are: ['T', 's', 't', 'n', 'g']
2018-12-15 23:19:19,666:INFO:The 'T' was the 1st character
2018-12-15 23:19:19,666:INFO:The 's' was the 3rd character
2018-12-15 23:19:19,666:INFO:The 't' was the 4th character
2018-12-15 23:19:19,667:INFO:The 'n' was the 6th character
2018-12-15 23:19:19,667:INFO:The 'g' was the 7th character
2018-12-15 23:19:19,667:INFO:

2018-12-15 23:19:19,668:INFO:The numbers in this password are: ['4']
2018-12-15 23:19:19,668:INFO:The '4' was the 2nd character
2018-12-15 23:19:19,668:INFO:

2018-12-15 23:19:19,670:INFO:The symbols in this password are: ['!']
2018-12-15 23:19:19,671:INFO:The '!' was the 5th character
2018-12-15 23:19:19,671:INFO:

2018-12-15 23:19:19,732:INFO:The length of 'T4st!ng' is 7
2018-12-15 23:19:19,733:INFO:As a list it looks like this ['T', '4', 's', 't', '!', 'n', 'g']
2018-12-15 23:19:19,734:INFO:The letters in this password are: ['T', 's', 't', 'n', 'g']
2018-12-15 23:19:19,734:INFO:The 'T' was the 1st character
2018-12-15 23:19:19,734:INFO:The 's' was the 3rd character
2018-12-15 23:19:19,735:INFO:The 't' was the 4th character
2018-12-15 23:19:19,735:INFO:The 'n' was the 6th character
2018-12-15 23:19:19,736:INFO:The 'g' was the 7th character
2018-12-15 23:19:19,736:INFO:

2018-12-15 23:19:19,737:INFO:The numbers in this password are: ['4']
2018-12-15 23:19:19,737:INFO:The '4' was the 2nd character
2018-12-15 23:19:19,738:INFO:

2018-12-15 23:19:19,739:INFO:The symbols in this password are: ['!']
2018-12-15 23:19:19,739:INFO:The '!' was the 5th character
2018-12-15 23:19:19,739:INFO:

2018-12-15 23:19:19,797:INFO:The length of 'T4st!ng' is 7
2018-12-15 23:19:19,797:INFO:As a list it looks like this ['T', '4', 's', 't', '!', 'n', 'g']
2018-12-15 23:19:19,798:INFO:The letters in this password are: ['T', 's', 't', 'n', 'g']
2018-12-15 23:19:19,798:INFO:The 'T' was the 1st character
2018-12-15 23:19:19,798:INFO:The 's' was the 3rd character
2018-12-15 23:19:19,799:INFO:The 't' was the 4th character
2018-12-15 23:19:19,799:INFO:The 'n' was the 6th character
2018-12-15 23:19:19,799:INFO:The 'g' was the 7th character
2018-12-15 23:19:19,800:INFO:

2018-12-15 23:19:19,800:INFO:The numbers in this password are: ['4']
2018-12-15 23:19:19,800:INFO:The '4' was the 2nd character
2018-12-15 23:19:19,801:INFO:

2018-12-15 23:19:19,802:INFO:The symbols in this password are: ['!']
2018-12-15 23:19:19,802:INFO:The '!' was the 5th character
2018-12-15 23:19:19,803:INFO:

2018-12-15 23:19:19,864:INFO:The length of 'T4st!ng' is 7
2018-12-15 23:19:19,865:INFO:As a list it looks like this ['T', '4', 's', 't', '!', 'n', 'g']
2018-12-15 23:19:19,865:INFO:The letters in this password are: ['T', 's', 't', 'n', 'g']
2018-12-15 23:19:19,865:INFO:The 'T' was the 1st character
2018-12-15 23:19:19,866:INFO:The 's' was the 3rd character
2018-12-15 23:19:19,866:INFO:The 't' was the 4th character
2018-12-15 23:19:19,866:INFO:The 'n' was the 6th character
2018-12-15 23:19:19,867:INFO:The 'g' was the 7th character
2018-12-15 23:19:19,867:INFO:

2018-12-15 23:19:19,867:INFO:The numbers in this password are: ['4']
2018-12-15 23:19:19,868:INFO:The '4' was the 2nd character
2018-12-15 23:19:19,868:INFO:

2018-12-15 23:19:19,869:INFO:The symbols in this password are: ['!']
2018-12-15 23:19:19,869:INFO:The '!' was the 5th character
2018-12-15 23:19:19,869:INFO:

2018-12-15 23:19:19,931:INFO:The length of 'T4st!ng' is 7
2018-12-15 23:19:19,932:INFO:As a list it looks like this ['T', '4', 's', 't', '!', 'n', 'g']
2018-12-15 23:19:19,933:INFO:The letters in this password are: ['T', 's', 't', 'n', 'g']
2018-12-15 23:19:19,933:INFO:The 'T' was the 1st character
2018-12-15 23:19:19,933:INFO:The 's' was the 3rd character
2018-12-15 23:19:19,934:INFO:The 't' was the 4th character
2018-12-15 23:19:19,934:INFO:The 'n' was the 6th character
2018-12-15 23:19:19,934:INFO:The 'g' was the 7th character
2018-12-15 23:19:19,935:INFO:

2018-12-15 23:19:19,935:INFO:The numbers in this password are: ['4']
2018-12-15 23:19:19,936:INFO:The '4' was the 2nd character
2018-12-15 23:19:19,936:INFO:

2018-12-15 23:19:19,937:INFO:The symbols in this password are: ['!']
2018-12-15 23:19:19,937:INFO:The '!' was the 5th character
2018-12-15 23:19:19,938:INFO:

2018-12-15 23:19:19,995:INFO:The length of 'T4st!ng' is 7
2018-12-15 23:19:19,996:INFO:As a list it looks like this ['T', '4', 's', 't', '!', 'n', 'g']
2018-12-15 23:19:19,996:INFO:The letters in this password are: ['T', 's', 't', 'n', 'g']
2018-12-15 23:19:19,997:INFO:The 'T' was the 1st character
2018-12-15 23:19:19,997:INFO:The 's' was the 3rd character
2018-12-15 23:19:19,998:INFO:The 't' was the 4th character
2018-12-15 23:19:19,999:INFO:The 'n' was the 6th character
2018-12-15 23:19:19,999:INFO:The 'g' was the 7th character
2018-12-15 23:19:20,000:INFO:

2018-12-15 23:19:20,000:INFO:The numbers in this password are: ['4']
2018-12-15 23:19:20,000:INFO:The '4' was the 2nd character
2018-12-15 23:19:20,001:INFO:

2018-12-15 23:19:20,002:INFO:The symbols in this password are: ['!']
2018-12-15 23:19:20,003:INFO:The '!' was the 5th character
2018-12-15 23:19:20,003:INFO:

2018-12-15 23:19:20,065:INFO:The length of 'T4st!ng' is 7
2018-12-15 23:19:20,066:INFO:As a list it looks like this ['T', '4', 's', 't', '!', 'n', 'g']
2018-12-15 23:19:20,066:INFO:The letters in this password are: ['T', 's', 't', 'n', 'g']
2018-12-15 23:19:20,067:INFO:The 'T' was the 1st character
2018-12-15 23:19:20,067:INFO:The 's' was the 3rd character
2018-12-15 23:19:20,067:INFO:The 't' was the 4th character
2018-12-15 23:19:20,067:INFO:The 'n' was the 6th character
2018-12-15 23:19:20,068:INFO:The 'g' was the 7th character
2018-12-15 23:19:20,068:INFO:

2018-12-15 23:19:20,069:INFO:The numbers in this password are: ['4']
2018-12-15 23:19:20,069:INFO:The '4' was the 2nd character
2018-12-15 23:19:20,069:INFO:

2018-12-15 23:19:20,071:INFO:The symbols in this password are: ['!']
2018-12-15 23:19:20,071:INFO:The '!' was the 5th character
2018-12-15 23:19:20,071:INFO:

2018-12-15 23:19:20,136:INFO:The length of 'T4st!ng' is 7
2018-12-15 23:19:20,137:INFO:As a list it looks like this ['T', '4', 's', 't', '!', 'n', 'g']
2018-12-15 23:19:20,137:INFO:The letters in this password are: ['T', 's', 't', 'n', 'g']
2018-12-15 23:19:20,138:INFO:The 'T' was the 1st character
2018-12-15 23:19:20,138:INFO:The 's' was the 3rd character
2018-12-15 23:19:20,138:INFO:The 't' was the 4th character
2018-12-15 23:19:20,138:INFO:The 'n' was the 6th character
2018-12-15 23:19:20,139:INFO:The 'g' was the 7th character
2018-12-15 23:19:20,139:INFO:

2018-12-15 23:19:20,140:INFO:The numbers in this password are: ['4']
2018-12-15 23:19:20,140:INFO:The '4' was the 2nd character
2018-12-15 23:19:20,141:INFO:

2018-12-15 23:19:20,142:INFO:The symbols in this password are: ['!']
2018-12-15 23:19:20,142:INFO:The '!' was the 5th character
2018-12-15 23:19:20,142:INFO:

2018-12-15 23:19:20,199:INFO:The length of 'T4st!ng' is 7
2018-12-15 23:19:20,200:INFO:As a list it looks like this ['T', '4', 's', 't', '!', 'n', 'g']
2018-12-15 23:19:20,200:INFO:The letters in this password are: ['T', 's', 't', 'n', 'g']
2018-12-15 23:19:20,200:INFO:The 'T' was the 1st character
2018-12-15 23:19:20,200:INFO:The 's' was the 3rd character
2018-12-15 23:19:20,201:INFO:The 't' was the 4th character
2018-12-15 23:19:20,201:INFO:The 'n' was the 6th character
2018-12-15 23:19:20,201:INFO:The 'g' was the 7th character
2018-12-15 23:19:20,202:INFO:

2018-12-15 23:19:20,202:INFO:The numbers in this password are: ['4']
2018-12-15 23:19:20,203:INFO:The '4' was the 2nd character
2018-12-15 23:19:20,203:INFO:

2018-12-15 23:19:20,204:INFO:The symbols in this password are: ['!']
2018-12-15 23:19:20,204:INFO:The '!' was the 5th character
2018-12-15 23:19:20,205:INFO:

2018-12-15 23:19:20,263:INFO:The length of 'T4st!ng' is 7
2018-12-15 23:19:20,264:INFO:As a list it looks like this ['T', '4', 's', 't', '!', 'n', 'g']
2018-12-15 23:19:20,264:INFO:The letters in this password are: ['T', 's', 't', 'n', 'g']
2018-12-15 23:19:20,264:INFO:The 'T' was the 1st character
2018-12-15 23:19:20,265:INFO:The 's' was the 3rd character
2018-12-15 23:19:20,265:INFO:The 't' was the 4th character
2018-12-15 23:19:20,265:INFO:The 'n' was the 6th character
2018-12-15 23:19:20,266:INFO:The 'g' was the 7th character
2018-12-15 23:19:20,266:INFO:

2018-12-15 23:19:20,267:INFO:The numbers in this password are: ['4']
2018-12-15 23:19:20,267:INFO:The '4' was the 2nd character
2018-12-15 23:19:20,268:INFO:

2018-12-15 23:19:20,268:INFO:The symbols in this password are: ['!']
2018-12-15 23:19:20,269:INFO:The '!' was the 5th character
2018-12-15 23:19:20,269:INFO:

2018-12-15 23:19:20,335:INFO:The length of 'T4st!ng' is 7
2018-12-15 23:19:20,337:INFO:As a list it looks like this ['T', '4', 's', 't', '!', 'n', 'g']
2018-12-15 23:19:20,339:INFO:The letters in this password are: ['T', 's', 't', 'n', 'g']
2018-12-15 23:19:20,339:INFO:The 'T' was the 1st character
2018-12-15 23:19:20,340:INFO:The 's' was the 3rd character
2018-12-15 23:19:20,340:INFO:The 't' was the 4th character
2018-12-15 23:19:20,341:INFO:The 'n' was the 6th character
2018-12-15 23:19:20,341:INFO:The 'g' was the 7th character
2018-12-15 23:19:20,342:INFO:

2018-12-15 23:19:20,343:INFO:The numbers in this password are: ['4']
2018-12-15 23:19:20,343:INFO:The '4' was the 2nd character
2018-12-15 23:19:20,344:INFO:

2018-12-15 23:19:20,348:INFO:The symbols in this password are: ['!']
2018-12-15 23:19:20,350:INFO:The '!' was the 5th character
2018-12-15 23:19:20,350:INFO:

2018-12-15 23:19:20,414:INFO:The length of 'T4st!ng' is 7
2018-12-15 23:19:20,415:INFO:As a list it looks like this ['T', '4', 's', 't', '!', 'n', 'g']
2018-12-15 23:19:20,415:INFO:The letters in this password are: ['T', 's', 't', 'n', 'g']
2018-12-15 23:19:20,416:INFO:The 'T' was the 1st character
2018-12-15 23:19:20,416:INFO:The 's' was the 3rd character
2018-12-15 23:19:20,416:INFO:The 't' was the 4th character
2018-12-15 23:19:20,417:INFO:The 'n' was the 6th character
2018-12-15 23:19:20,417:INFO:The 'g' was the 7th character
2018-12-15 23:19:20,418:INFO:

2018-12-15 23:19:20,419:INFO:The numbers in this password are: ['4']
2018-12-15 23:19:20,419:INFO:The '4' was the 2nd character
2018-12-15 23:19:20,420:INFO:

2018-12-15 23:19:20,421:INFO:The symbols in this password are: ['!']
2018-12-15 23:19:20,421:INFO:The '!' was the 5th character
2018-12-15 23:19:20,421:INFO:

2018-12-15 23:19:20,492:INFO:The length of 'T4st!ng' is 7
2018-12-15 23:19:20,493:INFO:As a list it looks like this ['T', '4', 's', 't', '!', 'n', 'g']
2018-12-15 23:19:20,494:INFO:The letters in this password are: ['T', 's', 't', 'n', 'g']
2018-12-15 23:19:20,494:INFO:The 'T' was the 1st character
2018-12-15 23:19:20,494:INFO:The 's' was the 3rd character
2018-12-15 23:19:20,494:INFO:The 't' was the 4th character
2018-12-15 23:19:20,495:INFO:The 'n' was the 6th character
2018-12-15 23:19:20,495:INFO:The 'g' was the 7th character
2018-12-15 23:19:20,495:INFO:

2018-12-15 23:19:20,496:INFO:The numbers in this password are: ['4']
2018-12-15 23:19:20,496:INFO:The '4' was the 2nd character
2018-12-15 23:19:20,497:INFO:

2018-12-15 23:19:20,497:INFO:The symbols in this password are: ['!']
2018-12-15 23:19:20,498:INFO:The '!' was the 5th character
2018-12-15 23:19:20,498:INFO:

2018-12-15 23:19:20,568:INFO:The length of 'T4st!ng' is 7
2018-12-15 23:19:20,568:INFO:As a list it looks like this ['T', '4', 's', 't', '!', 'n', 'g']
2018-12-15 23:19:20,569:INFO:The letters in this password are: ['T', 's', 't', 'n', 'g']
2018-12-15 23:19:20,569:INFO:The 'T' was the 1st character
2018-12-15 23:19:20,569:INFO:The 's' was the 3rd character
2018-12-15 23:19:20,570:INFO:The 't' was the 4th character
2018-12-15 23:19:20,570:INFO:The 'n' was the 6th character
2018-12-15 23:19:20,571:INFO:The 'g' was the 7th character
2018-12-15 23:19:20,571:INFO:

2018-12-15 23:19:20,572:INFO:The numbers in this password are: ['4']
2018-12-15 23:19:20,572:INFO:The '4' was the 2nd character
2018-12-15 23:19:20,573:INFO:

2018-12-15 23:19:20,573:INFO:The symbols in this password are: ['!']
2018-12-15 23:19:20,574:INFO:The '!' was the 5th character
2018-12-15 23:19:20,575:INFO:

2018-12-15 23:19:20,641:INFO:The length of 'T4st!ng' is 7
2018-12-15 23:19:20,643:INFO:As a list it looks like this ['T', '4', 's', 't', '!', 'n', 'g']
2018-12-15 23:19:20,644:INFO:The letters in this password are: ['T', 's', 't', 'n', 'g']
2018-12-15 23:19:20,645:INFO:The 'T' was the 1st character
2018-12-15 23:19:20,646:INFO:The 's' was the 3rd character
2018-12-15 23:19:20,647:INFO:The 't' was the 4th character
2018-12-15 23:19:20,647:INFO:The 'n' was the 6th character
2018-12-15 23:19:20,647:INFO:The 'g' was the 7th character
2018-12-15 23:19:20,647:INFO:

2018-12-15 23:19:20,648:INFO:The numbers in this password are: ['4']
2018-12-15 23:19:20,648:INFO:The '4' was the 2nd character
2018-12-15 23:19:20,649:INFO:

2018-12-15 23:19:20,649:INFO:The symbols in this password are: ['!']
2018-12-15 23:19:20,649:INFO:The '!' was the 5th character
2018-12-15 23:19:20,650:INFO:

2018-12-15 23:19:20,710:INFO:The length of 'T4st!ng' is 7
2018-12-15 23:19:20,710:INFO:As a list it looks like this ['T', '4', 's', 't', '!', 'n', 'g']
2018-12-15 23:19:20,711:INFO:The letters in this password are: ['T', 's', 't', 'n', 'g']
2018-12-15 23:19:20,711:INFO:The 'T' was the 1st character
2018-12-15 23:19:20,711:INFO:The 's' was the 3rd character
2018-12-15 23:19:20,712:INFO:The 't' was the 4th character
2018-12-15 23:19:20,712:INFO:The 'n' was the 6th character
2018-12-15 23:19:20,712:INFO:The 'g' was the 7th character
2018-12-15 23:19:20,713:INFO:

2018-12-15 23:19:20,713:INFO:The numbers in this password are: ['4']
2018-12-15 23:19:20,714:INFO:The '4' was the 2nd character
2018-12-15 23:19:20,714:INFO:

2018-12-15 23:19:20,714:INFO:The symbols in this password are: ['!']
2018-12-15 23:19:20,715:INFO:The '!' was the 5th character
2018-12-15 23:19:20,715:INFO:

2018-12-15 23:19:20,780:INFO:The length of 'T4st!ng' is 7
2018-12-15 23:19:20,780:INFO:As a list it looks like this ['T', '4', 's', 't', '!', 'n', 'g']
2018-12-15 23:19:20,781:INFO:The letters in this password are: ['T', 's', 't', 'n', 'g']
2018-12-15 23:19:20,781:INFO:The 'T' was the 1st character
2018-12-15 23:19:20,781:INFO:The 's' was the 3rd character
2018-12-15 23:19:20,781:INFO:The 't' was the 4th character
2018-12-15 23:19:20,782:INFO:The 'n' was the 6th character
2018-12-15 23:19:20,782:INFO:The 'g' was the 7th character
2018-12-15 23:19:20,782:INFO:

2018-12-15 23:19:20,783:INFO:The numbers in this password are: ['4']
2018-12-15 23:19:20,783:INFO:The '4' was the 2nd character
2018-12-15 23:19:20,783:INFO:

2018-12-15 23:19:20,784:INFO:The symbols in this password are: ['!']
2018-12-15 23:19:20,784:INFO:The '!' was the 5th character
2018-12-15 23:19:20,784:INFO:

2018-12-15 23:19:20,849:INFO:The length of 'T4st!ng' is 7
2018-12-15 23:19:20,850:INFO:As a list it looks like this ['T', '4', 's', 't', '!', 'n', 'g']
2018-12-15 23:19:20,850:INFO:The letters in this password are: ['T', 's', 't', 'n', 'g']
2018-12-15 23:19:20,851:INFO:The 'T' was the 1st character
2018-12-15 23:19:20,851:INFO:The 's' was the 3rd character
2018-12-15 23:19:20,851:INFO:The 't' was the 4th character
2018-12-15 23:19:20,852:INFO:The 'n' was the 6th character
2018-12-15 23:19:20,852:INFO:The 'g' was the 7th character
2018-12-15 23:19:20,852:INFO:

2018-12-15 23:19:20,853:INFO:The numbers in this password are: ['4']
2018-12-15 23:19:20,854:INFO:The '4' was the 2nd character
2018-12-15 23:19:20,854:INFO:

2018-12-15 23:19:20,855:INFO:The symbols in this password are: ['!']
2018-12-15 23:19:20,855:INFO:The '!' was the 5th character
2018-12-15 23:19:20,856:INFO:

2018-12-15 23:19:20,925:INFO:The length of 'T4st!ng' is 7
2018-12-15 23:19:20,926:INFO:As a list it looks like this ['T', '4', 's', 't', '!', 'n', 'g']
2018-12-15 23:19:20,926:INFO:The letters in this password are: ['T', 's', 't', 'n', 'g']
2018-12-15 23:19:20,926:INFO:The 'T' was the 1st character
2018-12-15 23:19:20,927:INFO:The 's' was the 3rd character
2018-12-15 23:19:20,927:INFO:The 't' was the 4th character
2018-12-15 23:19:20,927:INFO:The 'n' was the 6th character
2018-12-15 23:19:20,928:INFO:The 'g' was the 7th character
2018-12-15 23:19:20,928:INFO:

2018-12-15 23:19:20,929:INFO:The numbers in this password are: ['4']
2018-12-15 23:19:20,929:INFO:The '4' was the 2nd character
2018-12-15 23:19:20,929:INFO:

2018-12-15 23:19:20,930:INFO:The symbols in this password are: ['!']
2018-12-15 23:19:20,930:INFO:The '!' was the 5th character
2018-12-15 23:19:20,930:INFO:

2018-12-15 23:19:20,989:INFO:The length of 'T4st!ng' is 7
2018-12-15 23:19:20,990:INFO:As a list it looks like this ['T', '4', 's', 't', '!', 'n', 'g']
2018-12-15 23:19:20,990:INFO:The letters in this password are: ['T', 's', 't', 'n', 'g']
2018-12-15 23:19:20,991:INFO:The 'T' was the 1st character
2018-12-15 23:19:20,991:INFO:The 's' was the 3rd character
2018-12-15 23:19:20,991:INFO:The 't' was the 4th character
2018-12-15 23:19:20,992:INFO:The 'n' was the 6th character
2018-12-15 23:19:20,992:INFO:The 'g' was the 7th character
2018-12-15 23:19:20,992:INFO:

2018-12-15 23:19:20,993:INFO:The numbers in this password are: ['4']
2018-12-15 23:19:20,993:INFO:The '4' was the 2nd character
2018-12-15 23:19:20,994:INFO:

2018-12-15 23:19:20,994:INFO:The symbols in this password are: ['!']
2018-12-15 23:19:20,994:INFO:The '!' was the 5th character
2018-12-15 23:19:20,995:INFO:

2018-12-15 23:19:21,060:INFO:The length of 'T4st!ng' is 7
2018-12-15 23:19:21,061:INFO:As a list it looks like this ['T', '4', 's', 't', '!', 'n', 'g']
2018-12-15 23:19:21,061:INFO:The letters in this password are: ['T', 's', 't', 'n', 'g']
2018-12-15 23:19:21,062:INFO:The 'T' was the 1st character
2018-12-15 23:19:21,062:INFO:The 's' was the 3rd character
2018-12-15 23:19:21,062:INFO:The 't' was the 4th character
2018-12-15 23:19:21,062:INFO:The 'n' was the 6th character
2018-12-15 23:19:21,063:INFO:The 'g' was the 7th character
2018-12-15 23:19:21,063:INFO:

2018-12-15 23:19:21,064:INFO:The numbers in this password are: ['4']
2018-12-15 23:19:21,064:INFO:The '4' was the 2nd character
2018-12-15 23:19:21,064:INFO:

2018-12-15 23:19:21,065:INFO:The symbols in this password are: ['!']
2018-12-15 23:19:21,065:INFO:The '!' was the 5th character
2018-12-15 23:19:21,065:INFO:

2018-12-15 23:19:21,126:INFO:The length of 'T4st!ng' is 7
2018-12-15 23:19:21,126:INFO:As a list it looks like this ['T', '4', 's', 't', '!', 'n', 'g']
2018-12-15 23:19:21,127:INFO:The letters in this password are: ['T', 's', 't', 'n', 'g']
2018-12-15 23:19:21,127:INFO:The 'T' was the 1st character
2018-12-15 23:19:21,127:INFO:The 's' was the 3rd character
2018-12-15 23:19:21,127:INFO:The 't' was the 4th character
2018-12-15 23:19:21,128:INFO:The 'n' was the 6th character
2018-12-15 23:19:21,128:INFO:The 'g' was the 7th character
2018-12-15 23:19:21,128:INFO:

2018-12-15 23:19:21,129:INFO:The numbers in this password are: ['4']
2018-12-15 23:19:21,129:INFO:The '4' was the 2nd character
2018-12-15 23:19:21,129:INFO:

2018-12-15 23:19:21,130:INFO:The symbols in this password are: ['!']
2018-12-15 23:19:21,130:INFO:The '!' was the 5th character
2018-12-15 23:19:21,130:INFO:

2018-12-15 23:19:21,190:INFO:The length of 'T4st!ng' is 7
2018-12-15 23:19:21,191:INFO:As a list it looks like this ['T', '4', 's', 't', '!', 'n', 'g']
2018-12-15 23:19:21,192:INFO:The letters in this password are: ['T', 's', 't', 'n', 'g']
2018-12-15 23:19:21,192:INFO:The 'T' was the 1st character
2018-12-15 23:19:21,193:INFO:The 's' was the 3rd character
2018-12-15 23:19:21,193:INFO:The 't' was the 4th character
2018-12-15 23:19:21,193:INFO:The 'n' was the 6th character
2018-12-15 23:19:21,193:INFO:The 'g' was the 7th character
2018-12-15 23:19:21,194:INFO:

2018-12-15 23:19:21,194:INFO:The numbers in this password are: ['4']
2018-12-15 23:19:21,195:INFO:The '4' was the 2nd character
2018-12-15 23:19:21,195:INFO:

2018-12-15 23:19:21,195:INFO:The symbols in this password are: ['!']
2018-12-15 23:19:21,196:INFO:The '!' was the 5th character
2018-12-15 23:19:21,196:INFO:

2018-12-15 23:19:21,258:INFO:The length of 'T4st!ng' is 7
2018-12-15 23:19:21,258:INFO:As a list it looks like this ['T', '4', 's', 't', '!', 'n', 'g']
2018-12-15 23:19:21,259:INFO:The letters in this password are: ['T', 's', 't', 'n', 'g']
2018-12-15 23:19:21,259:INFO:The 'T' was the 1st character
2018-12-15 23:19:21,259:INFO:The 's' was the 3rd character
2018-12-15 23:19:21,259:INFO:The 't' was the 4th character
2018-12-15 23:19:21,260:INFO:The 'n' was the 6th character
2018-12-15 23:19:21,260:INFO:The 'g' was the 7th character
2018-12-15 23:19:21,260:INFO:

2018-12-15 23:19:21,261:INFO:The numbers in this password are: ['4']
2018-12-15 23:19:21,261:INFO:The '4' was the 2nd character
2018-12-15 23:19:21,262:INFO:

2018-12-15 23:19:21,262:INFO:The symbols in this password are: ['!']
2018-12-15 23:19:21,262:INFO:The '!' was the 5th character
2018-12-15 23:19:21,263:INFO:

2018-12-15 23:19:21,326:INFO:The length of 'T4st!ng' is 7
2018-12-15 23:19:21,326:INFO:As a list it looks like this ['T', '4', 's', 't', '!', 'n', 'g']
2018-12-15 23:19:21,327:INFO:The letters in this password are: ['T', 's', 't', 'n', 'g']
2018-12-15 23:19:21,327:INFO:The 'T' was the 1st character
2018-12-15 23:19:21,327:INFO:The 's' was the 3rd character
2018-12-15 23:19:21,327:INFO:The 't' was the 4th character
2018-12-15 23:19:21,328:INFO:The 'n' was the 6th character
2018-12-15 23:19:21,328:INFO:The 'g' was the 7th character
2018-12-15 23:19:21,328:INFO:

2018-12-15 23:19:21,329:INFO:The numbers in this password are: ['4']
2018-12-15 23:19:21,329:INFO:The '4' was the 2nd character
2018-12-15 23:19:21,329:INFO:

2018-12-15 23:19:21,330:INFO:The symbols in this password are: ['!']
2018-12-15 23:19:21,330:INFO:The '!' was the 5th character
2018-12-15 23:19:21,330:INFO:

2018-12-15 23:19:21,392:INFO:The length of 'T4st!ng' is 7
2018-12-15 23:19:21,392:INFO:As a list it looks like this ['T', '4', 's', 't', '!', 'n', 'g']
2018-12-15 23:19:21,393:INFO:The letters in this password are: ['T', 's', 't', 'n', 'g']
2018-12-15 23:19:21,393:INFO:The 'T' was the 1st character
2018-12-15 23:19:21,394:INFO:The 's' was the 3rd character
2018-12-15 23:19:21,394:INFO:The 't' was the 4th character
2018-12-15 23:19:21,394:INFO:The 'n' was the 6th character
2018-12-15 23:19:21,395:INFO:The 'g' was the 7th character
2018-12-15 23:19:21,395:INFO:

2018-12-15 23:19:21,396:INFO:The numbers in this password are: ['4']
2018-12-15 23:19:21,396:INFO:The '4' was the 2nd character
2018-12-15 23:19:21,396:INFO:

2018-12-15 23:19:21,397:INFO:The symbols in this password are: ['!']
2018-12-15 23:19:21,397:INFO:The '!' was the 5th character
2018-12-15 23:19:21,397:INFO:

2018-12-15 23:19:21,458:INFO:The length of 'T4st!ng' is 7
2018-12-15 23:19:21,459:INFO:As a list it looks like this ['T', '4', 's', 't', '!', 'n', 'g']
2018-12-15 23:19:21,459:INFO:The letters in this password are: ['T', 's', 't', 'n', 'g']
2018-12-15 23:19:21,459:INFO:The 'T' was the 1st character
2018-12-15 23:19:21,460:INFO:The 's' was the 3rd character
2018-12-15 23:19:21,460:INFO:The 't' was the 4th character
2018-12-15 23:19:21,460:INFO:The 'n' was the 6th character
2018-12-15 23:19:21,461:INFO:The 'g' was the 7th character
2018-12-15 23:19:21,461:INFO:

2018-12-15 23:19:21,461:INFO:The numbers in this password are: ['4']
2018-12-15 23:19:21,462:INFO:The '4' was the 2nd character
2018-12-15 23:19:21,462:INFO:

2018-12-15 23:19:21,463:INFO:The symbols in this password are: ['!']
2018-12-15 23:19:21,463:INFO:The '!' was the 5th character
2018-12-15 23:19:21,463:INFO:

2018-12-15 23:19:21,524:INFO:The length of 'T4st!ng' is 7
2018-12-15 23:19:21,525:INFO:As a list it looks like this ['T', '4', 's', 't', '!', 'n', 'g']
2018-12-15 23:19:21,525:INFO:The letters in this password are: ['T', 's', 't', 'n', 'g']
2018-12-15 23:19:21,526:INFO:The 'T' was the 1st character
2018-12-15 23:19:21,526:INFO:The 's' was the 3rd character
2018-12-15 23:19:21,527:INFO:The 't' was the 4th character
2018-12-15 23:19:21,527:INFO:The 'n' was the 6th character
2018-12-15 23:19:21,528:INFO:The 'g' was the 7th character
2018-12-15 23:19:21,528:INFO:

2018-12-15 23:19:21,529:INFO:The numbers in this password are: ['4']
2018-12-15 23:19:21,529:INFO:The '4' was the 2nd character
2018-12-15 23:19:21,529:INFO:

2018-12-15 23:19:21,530:INFO:The symbols in this password are: ['!']
2018-12-15 23:19:21,530:INFO:The '!' was the 5th character
2018-12-15 23:19:21,530:INFO:

2018-12-15 23:19:21,590:INFO:The length of 'T4st!ng' is 7
2018-12-15 23:19:21,590:INFO:As a list it looks like this ['T', '4', 's', 't', '!', 'n', 'g']
2018-12-15 23:19:21,591:INFO:The letters in this password are: ['T', 's', 't', 'n', 'g']
2018-12-15 23:19:21,591:INFO:The 'T' was the 1st character
2018-12-15 23:19:21,592:INFO:The 's' was the 3rd character
2018-12-15 23:19:21,592:INFO:The 't' was the 4th character
2018-12-15 23:19:21,592:INFO:The 'n' was the 6th character
2018-12-15 23:19:21,593:INFO:The 'g' was the 7th character
2018-12-15 23:19:21,593:INFO:

2018-12-15 23:19:21,595:INFO:The numbers in this password are: ['4']
2018-12-15 23:19:21,595:INFO:The '4' was the 2nd character
2018-12-15 23:19:21,595:INFO:

2018-12-15 23:19:21,596:INFO:The symbols in this password are: ['!']
2018-12-15 23:19:21,596:INFO:The '!' was the 5th character
2018-12-15 23:19:21,596:INFO:

2018-12-15 23:19:21,659:INFO:The length of 'T4st!ng' is 7
2018-12-15 23:19:21,660:INFO:As a list it looks like this ['T', '4', 's', 't', '!', 'n', 'g']
2018-12-15 23:19:21,660:INFO:The letters in this password are: ['T', 's', 't', 'n', 'g']
2018-12-15 23:19:21,661:INFO:The 'T' was the 1st character
2018-12-15 23:19:21,661:INFO:The 's' was the 3rd character
2018-12-15 23:19:21,661:INFO:The 't' was the 4th character
2018-12-15 23:19:21,662:INFO:The 'n' was the 6th character
2018-12-15 23:19:21,662:INFO:The 'g' was the 7th character
2018-12-15 23:19:21,662:INFO:

2018-12-15 23:19:21,663:INFO:The numbers in this password are: ['4']
2018-12-15 23:19:21,663:INFO:The '4' was the 2nd character
2018-12-15 23:19:21,663:INFO:

2018-12-15 23:19:21,664:INFO:The symbols in this password are: ['!']
2018-12-15 23:19:21,664:INFO:The '!' was the 5th character
2018-12-15 23:19:21,664:INFO:

2018-12-15 23:19:21,723:INFO:The length of 'T4st!ng' is 7
2018-12-15 23:19:21,723:INFO:As a list it looks like this ['T', '4', 's', 't', '!', 'n', 'g']
2018-12-15 23:19:21,724:INFO:The letters in this password are: ['T', 's', 't', 'n', 'g']
2018-12-15 23:19:21,724:INFO:The 'T' was the 1st character
2018-12-15 23:19:21,724:INFO:The 's' was the 3rd character
2018-12-15 23:19:21,725:INFO:The 't' was the 4th character
2018-12-15 23:19:21,725:INFO:The 'n' was the 6th character
2018-12-15 23:19:21,726:INFO:The 'g' was the 7th character
2018-12-15 23:19:21,726:INFO:

2018-12-15 23:19:21,727:INFO:The numbers in this password are: ['4']
2018-12-15 23:19:21,727:INFO:The '4' was the 2nd character
2018-12-15 23:19:21,727:INFO:

2018-12-15 23:19:21,728:INFO:The symbols in this password are: ['!']
2018-12-15 23:19:21,728:INFO:The '!' was the 5th character
2018-12-15 23:19:21,728:INFO:

2018-12-15 23:19:21,788:INFO:The length of 'T4st!ng' is 7
2018-12-15 23:19:21,788:INFO:As a list it looks like this ['T', '4', 's', 't', '!', 'n', 'g']
2018-12-15 23:19:21,789:INFO:The letters in this password are: ['T', 's', 't', 'n', 'g']
2018-12-15 23:19:21,789:INFO:The 'T' was the 1st character
2018-12-15 23:19:21,789:INFO:The 's' was the 3rd character
2018-12-15 23:19:21,790:INFO:The 't' was the 4th character
2018-12-15 23:19:21,790:INFO:The 'n' was the 6th character
2018-12-15 23:19:21,791:INFO:The 'g' was the 7th character
2018-12-15 23:19:21,791:INFO:

2018-12-15 23:19:21,792:INFO:The numbers in this password are: ['4']
2018-12-15 23:19:21,792:INFO:The '4' was the 2nd character
2018-12-15 23:19:21,792:INFO:

2018-12-15 23:19:21,793:INFO:The symbols in this password are: ['!']
2018-12-15 23:19:21,793:INFO:The '!' was the 5th character
2018-12-15 23:19:21,794:INFO:

2018-12-15 23:19:21,855:INFO:The length of 'T4st!ng' is 7
2018-12-15 23:19:21,856:INFO:As a list it looks like this ['T', '4', 's', 't', '!', 'n', 'g']
2018-12-15 23:19:21,856:INFO:The letters in this password are: ['T', 's', 't', 'n', 'g']
2018-12-15 23:19:21,856:INFO:The 'T' was the 1st character
2018-12-15 23:19:21,857:INFO:The 's' was the 3rd character
2018-12-15 23:19:21,857:INFO:The 't' was the 4th character
2018-12-15 23:19:21,857:INFO:The 'n' was the 6th character
2018-12-15 23:19:21,858:INFO:The 'g' was the 7th character
2018-12-15 23:19:21,858:INFO:

2018-12-15 23:19:21,859:INFO:The numbers in this password are: ['4']
2018-12-15 23:19:21,859:INFO:The '4' was the 2nd character
2018-12-15 23:19:21,859:INFO:

2018-12-15 23:19:21,860:INFO:The symbols in this password are: ['!']
2018-12-15 23:19:21,860:INFO:The '!' was the 5th character
2018-12-15 23:19:21,860:INFO:

2018-12-15 23:19:21,918:INFO:The length of 'T4st!ng' is 7
2018-12-15 23:19:21,919:INFO:As a list it looks like this ['T', '4', 's', 't', '!', 'n', 'g']
2018-12-15 23:19:21,919:INFO:The letters in this password are: ['T', 's', 't', 'n', 'g']
2018-12-15 23:19:21,920:INFO:The 'T' was the 1st character
2018-12-15 23:19:21,920:INFO:The 's' was the 3rd character
2018-12-15 23:19:21,920:INFO:The 't' was the 4th character
2018-12-15 23:19:21,920:INFO:The 'n' was the 6th character
2018-12-15 23:19:21,921:INFO:The 'g' was the 7th character
2018-12-15 23:19:21,921:INFO:

2018-12-15 23:19:21,922:INFO:The numbers in this password are: ['4']
2018-12-15 23:19:21,922:INFO:The '4' was the 2nd character
2018-12-15 23:19:21,922:INFO:

2018-12-15 23:19:21,923:INFO:The symbols in this password are: ['!']
2018-12-15 23:19:21,923:INFO:The '!' was the 5th character
2018-12-15 23:19:21,924:INFO:

2018-12-15 23:19:21,986:INFO:The length of 'T4st!ng' is 7
2018-12-15 23:19:21,987:INFO:As a list it looks like this ['T', '4', 's', 't', '!', 'n', 'g']
2018-12-15 23:19:21,987:INFO:The letters in this password are: ['T', 's', 't', 'n', 'g']
2018-12-15 23:19:21,988:INFO:The 'T' was the 1st character
2018-12-15 23:19:21,988:INFO:The 's' was the 3rd character
2018-12-15 23:19:21,988:INFO:The 't' was the 4th character
2018-12-15 23:19:21,989:INFO:The 'n' was the 6th character
2018-12-15 23:19:21,989:INFO:The 'g' was the 7th character
2018-12-15 23:19:21,989:INFO:

2018-12-15 23:19:21,990:INFO:The numbers in this password are: ['4']
2018-12-15 23:19:21,990:INFO:The '4' was the 2nd character
2018-12-15 23:19:21,990:INFO:

2018-12-15 23:19:21,991:INFO:The symbols in this password are: ['!']
2018-12-15 23:19:21,991:INFO:The '!' was the 5th character
2018-12-15 23:19:21,991:INFO:

2018-12-15 23:19:22,053:INFO:The length of 'T4st!ng' is 7
2018-12-15 23:19:22,054:INFO:As a list it looks like this ['T', '4', 's', 't', '!', 'n', 'g']
2018-12-15 23:19:22,054:INFO:The letters in this password are: ['T', 's', 't', 'n', 'g']
2018-12-15 23:19:22,054:INFO:The 'T' was the 1st character
2018-12-15 23:19:22,055:INFO:The 's' was the 3rd character
2018-12-15 23:19:22,055:INFO:The 't' was the 4th character
2018-12-15 23:19:22,055:INFO:The 'n' was the 6th character
2018-12-15 23:19:22,055:INFO:The 'g' was the 7th character
2018-12-15 23:19:22,056:INFO:

2018-12-15 23:19:22,056:INFO:The numbers in this password are: ['4']
2018-12-15 23:19:22,057:INFO:The '4' was the 2nd character
2018-12-15 23:19:22,057:INFO:

2018-12-15 23:19:22,057:INFO:The symbols in this password are: ['!']
2018-12-15 23:19:22,058:INFO:The '!' was the 5th character
2018-12-15 23:19:22,058:INFO:

2018-12-15 23:19:22,116:INFO:The length of 'T4st!ng' is 7
2018-12-15 23:19:22,117:INFO:As a list it looks like this ['T', '4', 's', 't', '!', 'n', 'g']
2018-12-15 23:19:22,118:INFO:The letters in this password are: ['T', 's', 't', 'n', 'g']
2018-12-15 23:19:22,118:INFO:The 'T' was the 1st character
2018-12-15 23:19:22,118:INFO:The 's' was the 3rd character
2018-12-15 23:19:22,118:INFO:The 't' was the 4th character
2018-12-15 23:19:22,119:INFO:The 'n' was the 6th character
2018-12-15 23:19:22,119:INFO:The 'g' was the 7th character
2018-12-15 23:19:22,119:INFO:

2018-12-15 23:19:22,120:INFO:The numbers in this password are: ['4']
2018-12-15 23:19:22,120:INFO:The '4' was the 2nd character
2018-12-15 23:19:22,120:INFO:

2018-12-15 23:19:22,121:INFO:The symbols in this password are: ['!']
2018-12-15 23:19:22,121:INFO:The '!' was the 5th character
2018-12-15 23:19:22,122:INFO:

2018-12-15 23:19:22,181:INFO:The length of 'T4st!ng' is 7
2018-12-15 23:19:22,181:INFO:As a list it looks like this ['T', '4', 's', 't', '!', 'n', 'g']
2018-12-15 23:19:22,182:INFO:The letters in this password are: ['T', 's', 't', 'n', 'g']
2018-12-15 23:19:22,182:INFO:The 'T' was the 1st character
2018-12-15 23:19:22,182:INFO:The 's' was the 3rd character
2018-12-15 23:19:22,182:INFO:The 't' was the 4th character
2018-12-15 23:19:22,183:INFO:The 'n' was the 6th character
2018-12-15 23:19:22,183:INFO:The 'g' was the 7th character
2018-12-15 23:19:22,183:INFO:

2018-12-15 23:19:22,184:INFO:The numbers in this password are: ['4']
2018-12-15 23:19:22,184:INFO:The '4' was the 2nd character
2018-12-15 23:19:22,185:INFO:

2018-12-15 23:19:22,185:INFO:The symbols in this password are: ['!']
2018-12-15 23:19:22,185:INFO:The '!' was the 5th character
2018-12-15 23:19:22,186:INFO:

2018-12-15 23:19:22,246:INFO:The length of 'T4st!ng' is 7
2018-12-15 23:19:22,246:INFO:As a list it looks like this ['T', '4', 's', 't', '!', 'n', 'g']
2018-12-15 23:19:22,247:INFO:The letters in this password are: ['T', 's', 't', 'n', 'g']
2018-12-15 23:19:22,247:INFO:The 'T' was the 1st character
2018-12-15 23:19:22,247:INFO:The 's' was the 3rd character
2018-12-15 23:19:22,247:INFO:The 't' was the 4th character
2018-12-15 23:19:22,248:INFO:The 'n' was the 6th character
2018-12-15 23:19:22,248:INFO:The 'g' was the 7th character
2018-12-15 23:19:22,248:INFO:

2018-12-15 23:19:22,249:INFO:The numbers in this password are: ['4']
2018-12-15 23:19:22,249:INFO:The '4' was the 2nd character
2018-12-15 23:19:22,250:INFO:

2018-12-15 23:19:22,250:INFO:The symbols in this password are: ['!']
2018-12-15 23:19:22,250:INFO:The '!' was the 5th character
2018-12-15 23:19:22,251:INFO:

2018-12-15 23:19:22,308:INFO:The length of 'T4st!ng' is 7
2018-12-15 23:19:22,309:INFO:As a list it looks like this ['T', '4', 's', 't', '!', 'n', 'g']
2018-12-15 23:19:22,310:INFO:The letters in this password are: ['T', 's', 't', 'n', 'g']
2018-12-15 23:19:22,310:INFO:The 'T' was the 1st character
2018-12-15 23:19:22,311:INFO:The 's' was the 3rd character
2018-12-15 23:19:22,311:INFO:The 't' was the 4th character
2018-12-15 23:19:22,311:INFO:The 'n' was the 6th character
2018-12-15 23:19:22,312:INFO:The 'g' was the 7th character
2018-12-15 23:19:22,312:INFO:

2018-12-15 23:19:22,313:INFO:The numbers in this password are: ['4']
2018-12-15 23:19:22,313:INFO:The '4' was the 2nd character
2018-12-15 23:19:22,314:INFO:

2018-12-15 23:19:22,314:INFO:The symbols in this password are: ['!']
2018-12-15 23:19:22,315:INFO:The '!' was the 5th character
2018-12-15 23:19:22,315:INFO:

2018-12-15 23:19:22,371:INFO:The length of 'T4st!ng' is 7
2018-12-15 23:19:22,372:INFO:As a list it looks like this ['T', '4', 's', 't', '!', 'n', 'g']
2018-12-15 23:19:22,374:INFO:The letters in this password are: ['T', 's', 't', 'n', 'g']
2018-12-15 23:19:22,374:INFO:The 'T' was the 1st character
2018-12-15 23:19:22,374:INFO:The 's' was the 3rd character
2018-12-15 23:19:22,375:INFO:The 't' was the 4th character
2018-12-15 23:19:22,375:INFO:The 'n' was the 6th character
2018-12-15 23:19:22,375:INFO:The 'g' was the 7th character
2018-12-15 23:19:22,375:INFO:

2018-12-15 23:19:22,376:INFO:The numbers in this password are: ['4']
2018-12-15 23:19:22,376:INFO:The '4' was the 2nd character
2018-12-15 23:19:22,376:INFO:

2018-12-15 23:19:22,377:INFO:The symbols in this password are: ['!']
2018-12-15 23:19:22,377:INFO:The '!' was the 5th character
2018-12-15 23:19:22,378:INFO:

2018-12-15 23:19:22,436:INFO:The length of 'T4st!ng' is 7
2018-12-15 23:19:22,436:INFO:As a list it looks like this ['T', '4', 's', 't', '!', 'n', 'g']
2018-12-15 23:19:22,437:INFO:The letters in this password are: ['T', 's', 't', 'n', 'g']
2018-12-15 23:19:22,437:INFO:The 'T' was the 1st character
2018-12-15 23:19:22,437:INFO:The 's' was the 3rd character
2018-12-15 23:19:22,438:INFO:The 't' was the 4th character
2018-12-15 23:19:22,438:INFO:The 'n' was the 6th character
2018-12-15 23:19:22,438:INFO:The 'g' was the 7th character
2018-12-15 23:19:22,439:INFO:

2018-12-15 23:19:22,441:INFO:The numbers in this password are: ['4']
2018-12-15 23:19:22,441:INFO:The '4' was the 2nd character
2018-12-15 23:19:22,442:INFO:

2018-12-15 23:19:22,443:INFO:The symbols in this password are: ['!']
2018-12-15 23:19:22,444:INFO:The '!' was the 5th character
2018-12-15 23:19:22,444:INFO:

2018-12-15 23:19:22,501:INFO:The length of 'T4st!ng' is 7
2018-12-15 23:19:22,502:INFO:As a list it looks like this ['T', '4', 's', 't', '!', 'n', 'g']
2018-12-15 23:19:22,502:INFO:The letters in this password are: ['T', 's', 't', 'n', 'g']
2018-12-15 23:19:22,503:INFO:The 'T' was the 1st character
2018-12-15 23:19:22,503:INFO:The 's' was the 3rd character
2018-12-15 23:19:22,503:INFO:The 't' was the 4th character
2018-12-15 23:19:22,504:INFO:The 'n' was the 6th character
2018-12-15 23:19:22,504:INFO:The 'g' was the 7th character
2018-12-15 23:19:22,504:INFO:

2018-12-15 23:19:22,505:INFO:The numbers in this password are: ['4']
2018-12-15 23:19:22,505:INFO:The '4' was the 2nd character
2018-12-15 23:19:22,506:INFO:

2018-12-15 23:19:22,506:INFO:The symbols in this password are: ['!']
2018-12-15 23:19:22,506:INFO:The '!' was the 5th character
2018-12-15 23:19:22,507:INFO:

2018-12-15 23:19:22,569:INFO:The length of 'T4st!ng' is 7
2018-12-15 23:19:22,569:INFO:As a list it looks like this ['T', '4', 's', 't', '!', 'n', 'g']
2018-12-15 23:19:22,570:INFO:The letters in this password are: ['T', 's', 't', 'n', 'g']
2018-12-15 23:19:22,570:INFO:The 'T' was the 1st character
2018-12-15 23:19:22,570:INFO:The 's' was the 3rd character
2018-12-15 23:19:22,570:INFO:The 't' was the 4th character
2018-12-15 23:19:22,571:INFO:The 'n' was the 6th character
2018-12-15 23:19:22,571:INFO:The 'g' was the 7th character
2018-12-15 23:19:22,571:INFO:

2018-12-15 23:19:22,572:INFO:The numbers in this password are: ['4']
2018-12-15 23:19:22,572:INFO:The '4' was the 2nd character
2018-12-15 23:19:22,572:INFO:

2018-12-15 23:19:22,573:INFO:The symbols in this password are: ['!']
2018-12-15 23:19:22,573:INFO:The '!' was the 5th character
2018-12-15 23:19:22,573:INFO:

2018-12-15 23:19:22,635:INFO:The length of 'T4st!ng' is 7
2018-12-15 23:19:22,636:INFO:As a list it looks like this ['T', '4', 's', 't', '!', 'n', 'g']
2018-12-15 23:19:22,636:INFO:The letters in this password are: ['T', 's', 't', 'n', 'g']
2018-12-15 23:19:22,637:INFO:The 'T' was the 1st character
2018-12-15 23:19:22,639:INFO:The 's' was the 3rd character
2018-12-15 23:19:22,639:INFO:The 't' was the 4th character
2018-12-15 23:19:22,639:INFO:The 'n' was the 6th character
2018-12-15 23:19:22,640:INFO:The 'g' was the 7th character
2018-12-15 23:19:22,640:INFO:

2018-12-15 23:19:22,641:INFO:The numbers in this password are: ['4']
2018-12-15 23:19:22,641:INFO:The '4' was the 2nd character
2018-12-15 23:19:22,642:INFO:

2018-12-15 23:19:22,643:INFO:The symbols in this password are: ['!']
2018-12-15 23:19:22,643:INFO:The '!' was the 5th character
2018-12-15 23:19:22,643:INFO:

2018-12-15 23:19:22,700:INFO:The length of 'T4st!ng' is 7
2018-12-15 23:19:22,701:INFO:As a list it looks like this ['T', '4', 's', 't', '!', 'n', 'g']
2018-12-15 23:19:22,701:INFO:The letters in this password are: ['T', 's', 't', 'n', 'g']
2018-12-15 23:19:22,701:INFO:The 'T' was the 1st character
2018-12-15 23:19:22,702:INFO:The 's' was the 3rd character
2018-12-15 23:19:22,702:INFO:The 't' was the 4th character
2018-12-15 23:19:22,702:INFO:The 'n' was the 6th character
2018-12-15 23:19:22,703:INFO:The 'g' was the 7th character
2018-12-15 23:19:22,703:INFO:

2018-12-15 23:19:22,704:INFO:The numbers in this password are: ['4']
2018-12-15 23:19:22,704:INFO:The '4' was the 2nd character
2018-12-15 23:19:22,704:INFO:

2018-12-15 23:19:22,705:INFO:The symbols in this password are: ['!']
2018-12-15 23:19:22,705:INFO:The '!' was the 5th character
2018-12-15 23:19:22,706:INFO:

2018-12-15 23:19:22,768:INFO:The length of 'T4st!ng' is 7
2018-12-15 23:19:22,768:INFO:As a list it looks like this ['T', '4', 's', 't', '!', 'n', 'g']
2018-12-15 23:19:22,769:INFO:The letters in this password are: ['T', 's', 't', 'n', 'g']
2018-12-15 23:19:22,769:INFO:The 'T' was the 1st character
2018-12-15 23:19:22,769:INFO:The 's' was the 3rd character
2018-12-15 23:19:22,769:INFO:The 't' was the 4th character
2018-12-15 23:19:22,770:INFO:The 'n' was the 6th character
2018-12-15 23:19:22,770:INFO:The 'g' was the 7th character
2018-12-15 23:19:22,770:INFO:

2018-12-15 23:19:22,771:INFO:The numbers in this password are: ['4']
2018-12-15 23:19:22,771:INFO:The '4' was the 2nd character
2018-12-15 23:19:22,771:INFO:

2018-12-15 23:19:22,772:INFO:The symbols in this password are: ['!']
2018-12-15 23:19:22,772:INFO:The '!' was the 5th character
2018-12-15 23:19:22,772:INFO:

2018-12-15 23:19:22,836:INFO:The length of 'T4st!ng' is 7
2018-12-15 23:19:22,837:INFO:As a list it looks like this ['T', '4', 's', 't', '!', 'n', 'g']
2018-12-15 23:19:22,839:INFO:The letters in this password are: ['T', 's', 't', 'n', 'g']
2018-12-15 23:19:22,839:INFO:The 'T' was the 1st character
2018-12-15 23:19:22,840:INFO:The 's' was the 3rd character
2018-12-15 23:19:22,840:INFO:The 't' was the 4th character
2018-12-15 23:19:22,840:INFO:The 'n' was the 6th character
2018-12-15 23:19:22,841:INFO:The 'g' was the 7th character
2018-12-15 23:19:22,841:INFO:

2018-12-15 23:19:22,842:INFO:The numbers in this password are: ['4']
2018-12-15 23:19:22,842:INFO:The '4' was the 2nd character
2018-12-15 23:19:22,842:INFO:

2018-12-15 23:19:22,843:INFO:The symbols in this password are: ['!']
2018-12-15 23:19:22,844:INFO:The '!' was the 5th character
2018-12-15 23:19:22,844:INFO:

2018-12-15 23:19:22,901:INFO:The length of 'T4st!ng' is 7
2018-12-15 23:19:22,902:INFO:As a list it looks like this ['T', '4', 's', 't', '!', 'n', 'g']
2018-12-15 23:19:22,903:INFO:The letters in this password are: ['T', 's', 't', 'n', 'g']
2018-12-15 23:19:22,903:INFO:The 'T' was the 1st character
2018-12-15 23:19:22,903:INFO:The 's' was the 3rd character
2018-12-15 23:19:22,904:INFO:The 't' was the 4th character
2018-12-15 23:19:22,904:INFO:The 'n' was the 6th character
2018-12-15 23:19:22,904:INFO:The 'g' was the 7th character
2018-12-15 23:19:22,905:INFO:

2018-12-15 23:19:22,905:INFO:The numbers in this password are: ['4']
2018-12-15 23:19:22,906:INFO:The '4' was the 2nd character
2018-12-15 23:19:22,906:INFO:

2018-12-15 23:19:22,907:INFO:The symbols in this password are: ['!']
2018-12-15 23:19:22,907:INFO:The '!' was the 5th character
2018-12-15 23:19:22,907:INFO:

2018-12-15 23:19:22,971:INFO:The length of 'T4st!ng' is 7
2018-12-15 23:19:22,971:INFO:As a list it looks like this ['T', '4', 's', 't', '!', 'n', 'g']
2018-12-15 23:19:22,972:INFO:The letters in this password are: ['T', 's', 't', 'n', 'g']
2018-12-15 23:19:22,972:INFO:The 'T' was the 1st character
2018-12-15 23:19:22,972:INFO:The 's' was the 3rd character
2018-12-15 23:19:22,972:INFO:The 't' was the 4th character
2018-12-15 23:19:22,973:INFO:The 'n' was the 6th character
2018-12-15 23:19:22,973:INFO:The 'g' was the 7th character
2018-12-15 23:19:22,973:INFO:

2018-12-15 23:19:22,974:INFO:The numbers in this password are: ['4']
2018-12-15 23:19:22,974:INFO:The '4' was the 2nd character
2018-12-15 23:19:22,974:INFO:

2018-12-15 23:19:22,975:INFO:The symbols in this password are: ['!']
2018-12-15 23:19:22,975:INFO:The '!' was the 5th character
2018-12-15 23:19:22,975:INFO:

2018-12-15 23:19:23,037:INFO:The length of 'T4st!ng' is 7
2018-12-15 23:19:23,038:INFO:As a list it looks like this ['T', '4', 's', 't', '!', 'n', 'g']
2018-12-15 23:19:23,038:INFO:The letters in this password are: ['T', 's', 't', 'n', 'g']
2018-12-15 23:19:23,039:INFO:The 'T' was the 1st character
2018-12-15 23:19:23,040:INFO:The 's' was the 3rd character
2018-12-15 23:19:23,041:INFO:The 't' was the 4th character
2018-12-15 23:19:23,041:INFO:The 'n' was the 6th character
2018-12-15 23:19:23,042:INFO:The 'g' was the 7th character
2018-12-15 23:19:23,042:INFO:

2018-12-15 23:19:23,043:INFO:The numbers in this password are: ['4']
2018-12-15 23:19:23,044:INFO:The '4' was the 2nd character
2018-12-15 23:19:23,044:INFO:

2018-12-15 23:19:23,045:INFO:The symbols in this password are: ['!']
2018-12-15 23:19:23,045:INFO:The '!' was the 5th character
2018-12-15 23:19:23,045:INFO:

2018-12-15 23:19:23,105:INFO:The length of 'T4st!ng' is 7
2018-12-15 23:19:23,106:INFO:As a list it looks like this ['T', '4', 's', 't', '!', 'n', 'g']
2018-12-15 23:19:23,106:INFO:The letters in this password are: ['T', 's', 't', 'n', 'g']
2018-12-15 23:19:23,107:INFO:The 'T' was the 1st character
2018-12-15 23:19:23,107:INFO:The 's' was the 3rd character
2018-12-15 23:19:23,107:INFO:The 't' was the 4th character
2018-12-15 23:19:23,108:INFO:The 'n' was the 6th character
2018-12-15 23:19:23,108:INFO:The 'g' was the 7th character
2018-12-15 23:19:23,108:INFO:

2018-12-15 23:19:23,109:INFO:The numbers in this password are: ['4']
2018-12-15 23:19:23,109:INFO:The '4' was the 2nd character
2018-12-15 23:19:23,109:INFO:

2018-12-15 23:19:23,110:INFO:The symbols in this password are: ['!']
2018-12-15 23:19:23,111:INFO:The '!' was the 5th character
2018-12-15 23:19:23,111:INFO:

2018-12-15 23:19:23,170:INFO:The length of 'T4st!ng' is 7
2018-12-15 23:19:23,170:INFO:As a list it looks like this ['T', '4', 's', 't', '!', 'n', 'g']
2018-12-15 23:19:23,171:INFO:The letters in this password are: ['T', 's', 't', 'n', 'g']
2018-12-15 23:19:23,171:INFO:The 'T' was the 1st character
2018-12-15 23:19:23,171:INFO:The 's' was the 3rd character
2018-12-15 23:19:23,172:INFO:The 't' was the 4th character
2018-12-15 23:19:23,172:INFO:The 'n' was the 6th character
2018-12-15 23:19:23,172:INFO:The 'g' was the 7th character
2018-12-15 23:19:23,172:INFO:

2018-12-15 23:19:23,173:INFO:The numbers in this password are: ['4']
2018-12-15 23:19:23,173:INFO:The '4' was the 2nd character
2018-12-15 23:19:23,174:INFO:

2018-12-15 23:19:23,174:INFO:The symbols in this password are: ['!']
2018-12-15 23:19:23,174:INFO:The '!' was the 5th character
2018-12-15 23:19:23,175:INFO:

2018-12-15 23:19:23,234:INFO:The length of 'T4st!ng' is 7
2018-12-15 23:19:23,235:INFO:As a list it looks like this ['T', '4', 's', 't', '!', 'n', 'g']
2018-12-15 23:19:23,236:INFO:The letters in this password are: ['T', 's', 't', 'n', 'g']
2018-12-15 23:19:23,236:INFO:The 'T' was the 1st character
2018-12-15 23:19:23,237:INFO:The 's' was the 3rd character
2018-12-15 23:19:23,237:INFO:The 't' was the 4th character
2018-12-15 23:19:23,237:INFO:The 'n' was the 6th character
2018-12-15 23:19:23,238:INFO:The 'g' was the 7th character
2018-12-15 23:19:23,239:INFO:

2018-12-15 23:19:23,240:INFO:The numbers in this password are: ['4']
2018-12-15 23:19:23,241:INFO:The '4' was the 2nd character
2018-12-15 23:19:23,241:INFO:

2018-12-15 23:19:23,242:INFO:The symbols in this password are: ['!']
2018-12-15 23:19:23,242:INFO:The '!' was the 5th character
2018-12-15 23:19:23,243:INFO:

2018-12-15 23:19:23,300:INFO:The length of 'T4st!ng' is 7
2018-12-15 23:19:23,300:INFO:As a list it looks like this ['T', '4', 's', 't', '!', 'n', 'g']
2018-12-15 23:19:23,301:INFO:The letters in this password are: ['T', 's', 't', 'n', 'g']
2018-12-15 23:19:23,301:INFO:The 'T' was the 1st character
2018-12-15 23:19:23,301:INFO:The 's' was the 3rd character
2018-12-15 23:19:23,301:INFO:The 't' was the 4th character
2018-12-15 23:19:23,302:INFO:The 'n' was the 6th character
2018-12-15 23:19:23,302:INFO:The 'g' was the 7th character
2018-12-15 23:19:23,302:INFO:

2018-12-15 23:19:23,303:INFO:The numbers in this password are: ['4']
2018-12-15 23:19:23,303:INFO:The '4' was the 2nd character
2018-12-15 23:19:23,303:INFO:

2018-12-15 23:19:23,304:INFO:The symbols in this password are: ['!']
2018-12-15 23:19:23,304:INFO:The '!' was the 5th character
2018-12-15 23:19:23,305:INFO:

2018-12-15 23:19:23,369:INFO:The length of 'T4st!ng' is 7
2018-12-15 23:19:23,369:INFO:As a list it looks like this ['T', '4', 's', 't', '!', 'n', 'g']
2018-12-15 23:19:23,370:INFO:The letters in this password are: ['T', 's', 't', 'n', 'g']
2018-12-15 23:19:23,370:INFO:The 'T' was the 1st character
2018-12-15 23:19:23,370:INFO:The 's' was the 3rd character
2018-12-15 23:19:23,371:INFO:The 't' was the 4th character
2018-12-15 23:19:23,371:INFO:The 'n' was the 6th character
2018-12-15 23:19:23,371:INFO:The 'g' was the 7th character
2018-12-15 23:19:23,371:INFO:

2018-12-15 23:19:23,372:INFO:The numbers in this password are: ['4']
2018-12-15 23:19:23,372:INFO:The '4' was the 2nd character
2018-12-15 23:19:23,373:INFO:

2018-12-15 23:19:23,373:INFO:The symbols in this password are: ['!']
2018-12-15 23:19:23,374:INFO:The '!' was the 5th character
2018-12-15 23:19:23,374:INFO:

2018-12-15 23:19:23,446:INFO:The length of 'T4st!ng' is 7
2018-12-15 23:19:23,447:INFO:As a list it looks like this ['T', '4', 's', 't', '!', 'n', 'g']
2018-12-15 23:19:23,448:INFO:The letters in this password are: ['T', 's', 't', 'n', 'g']
2018-12-15 23:19:23,449:INFO:The 'T' was the 1st character
2018-12-15 23:19:23,449:INFO:The 's' was the 3rd character
2018-12-15 23:19:23,450:INFO:The 't' was the 4th character
2018-12-15 23:19:23,450:INFO:The 'n' was the 6th character
2018-12-15 23:19:23,450:INFO:The 'g' was the 7th character
2018-12-15 23:19:23,451:INFO:

2018-12-15 23:19:23,452:INFO:The numbers in this password are: ['4']
2018-12-15 23:19:23,452:INFO:The '4' was the 2nd character
2018-12-15 23:19:23,452:INFO:

2018-12-15 23:19:23,453:INFO:The symbols in this password are: ['!']
2018-12-15 23:19:23,453:INFO:The '!' was the 5th character
2018-12-15 23:19:23,453:INFO:

2018-12-15 23:19:23,516:INFO:The length of 'T4st!ng' is 7
2018-12-15 23:19:23,516:INFO:As a list it looks like this ['T', '4', 's', 't', '!', 'n', 'g']
2018-12-15 23:19:23,517:INFO:The letters in this password are: ['T', 's', 't', 'n', 'g']
2018-12-15 23:19:23,517:INFO:The 'T' was the 1st character
2018-12-15 23:19:23,517:INFO:The 's' was the 3rd character
2018-12-15 23:19:23,518:INFO:The 't' was the 4th character
2018-12-15 23:19:23,518:INFO:The 'n' was the 6th character
2018-12-15 23:19:23,518:INFO:The 'g' was the 7th character
2018-12-15 23:19:23,519:INFO:

2018-12-15 23:19:23,520:INFO:The numbers in this password are: ['4']
2018-12-15 23:19:23,520:INFO:The '4' was the 2nd character
2018-12-15 23:19:23,520:INFO:

2018-12-15 23:19:23,521:INFO:The symbols in this password are: ['!']
2018-12-15 23:19:23,521:INFO:The '!' was the 5th character
2018-12-15 23:19:23,521:INFO:

2018-12-15 23:19:23,586:INFO:The length of 'T4st!ng' is 7
2018-12-15 23:19:23,586:INFO:As a list it looks like this ['T', '4', 's', 't', '!', 'n', 'g']
2018-12-15 23:19:23,587:INFO:The letters in this password are: ['T', 's', 't', 'n', 'g']
2018-12-15 23:19:23,587:INFO:The 'T' was the 1st character
2018-12-15 23:19:23,588:INFO:The 's' was the 3rd character
2018-12-15 23:19:23,588:INFO:The 't' was the 4th character
2018-12-15 23:19:23,589:INFO:The 'n' was the 6th character
2018-12-15 23:19:23,589:INFO:The 'g' was the 7th character
2018-12-15 23:19:23,589:INFO:

2018-12-15 23:19:23,590:INFO:The numbers in this password are: ['4']
2018-12-15 23:19:23,591:INFO:The '4' was the 2nd character
2018-12-15 23:19:23,591:INFO:

2018-12-15 23:19:23,592:INFO:The symbols in this password are: ['!']
2018-12-15 23:19:23,592:INFO:The '!' was the 5th character
2018-12-15 23:19:23,593:INFO:

2018-12-15 23:19:23,661:INFO:The length of 'T4st!ng' is 7
2018-12-15 23:19:23,661:INFO:As a list it looks like this ['T', '4', 's', 't', '!', 'n', 'g']
2018-12-15 23:19:23,662:INFO:The letters in this password are: ['T', 's', 't', 'n', 'g']
2018-12-15 23:19:23,662:INFO:The 'T' was the 1st character
2018-12-15 23:19:23,663:INFO:The 's' was the 3rd character
2018-12-15 23:19:23,663:INFO:The 't' was the 4th character
2018-12-15 23:19:23,663:INFO:The 'n' was the 6th character
2018-12-15 23:19:23,664:INFO:The 'g' was the 7th character
2018-12-15 23:19:23,664:INFO:

2018-12-15 23:19:23,664:INFO:The numbers in this password are: ['4']
2018-12-15 23:19:23,665:INFO:The '4' was the 2nd character
2018-12-15 23:19:23,665:INFO:

2018-12-15 23:19:23,665:INFO:The symbols in this password are: ['!']
2018-12-15 23:19:23,666:INFO:The '!' was the 5th character
2018-12-15 23:19:23,666:INFO:

2018-12-15 23:19:23,724:INFO:The length of 'T4st!ng' is 7
2018-12-15 23:19:23,724:INFO:As a list it looks like this ['T', '4', 's', 't', '!', 'n', 'g']
2018-12-15 23:19:23,725:INFO:The letters in this password are: ['T', 's', 't', 'n', 'g']
2018-12-15 23:19:23,725:INFO:The 'T' was the 1st character
2018-12-15 23:19:23,725:INFO:The 's' was the 3rd character
2018-12-15 23:19:23,726:INFO:The 't' was the 4th character
2018-12-15 23:19:23,726:INFO:The 'n' was the 6th character
2018-12-15 23:19:23,726:INFO:The 'g' was the 7th character
2018-12-15 23:19:23,727:INFO:

2018-12-15 23:19:23,727:INFO:The numbers in this password are: ['4']
2018-12-15 23:19:23,727:INFO:The '4' was the 2nd character
2018-12-15 23:19:23,728:INFO:

2018-12-15 23:19:23,728:INFO:The symbols in this password are: ['!']
2018-12-15 23:19:23,729:INFO:The '!' was the 5th character
2018-12-15 23:19:23,729:INFO:

2018-12-15 23:19:23,788:INFO:The length of 'T4st!ng' is 7
2018-12-15 23:19:23,789:INFO:As a list it looks like this ['T', '4', 's', 't', '!', 'n', 'g']
2018-12-15 23:19:23,789:INFO:The letters in this password are: ['T', 's', 't', 'n', 'g']
2018-12-15 23:19:23,789:INFO:The 'T' was the 1st character
2018-12-15 23:19:23,790:INFO:The 's' was the 3rd character
2018-12-15 23:19:23,790:INFO:The 't' was the 4th character
2018-12-15 23:19:23,790:INFO:The 'n' was the 6th character
2018-12-15 23:19:23,791:INFO:The 'g' was the 7th character
2018-12-15 23:19:23,791:INFO:

2018-12-15 23:19:23,791:INFO:The numbers in this password are: ['4']
2018-12-15 23:19:23,792:INFO:The '4' was the 2nd character
2018-12-15 23:19:23,792:INFO:

2018-12-15 23:19:23,792:INFO:The symbols in this password are: ['!']
2018-12-15 23:19:23,793:INFO:The '!' was the 5th character
2018-12-15 23:19:23,793:INFO:

2018-12-15 23:19:23,856:INFO:The length of 'T4st!ng' is 7
2018-12-15 23:19:23,856:INFO:As a list it looks like this ['T', '4', 's', 't', '!', 'n', 'g']
2018-12-15 23:19:23,857:INFO:The letters in this password are: ['T', 's', 't', 'n', 'g']
2018-12-15 23:19:23,857:INFO:The 'T' was the 1st character
2018-12-15 23:19:23,857:INFO:The 's' was the 3rd character
2018-12-15 23:19:23,857:INFO:The 't' was the 4th character
2018-12-15 23:19:23,858:INFO:The 'n' was the 6th character
2018-12-15 23:19:23,858:INFO:The 'g' was the 7th character
2018-12-15 23:19:23,858:INFO:

2018-12-15 23:19:23,859:INFO:The numbers in this password are: ['4']
2018-12-15 23:19:23,859:INFO:The '4' was the 2nd character
2018-12-15 23:19:23,859:INFO:

2018-12-15 23:19:23,860:INFO:The symbols in this password are: ['!']
2018-12-15 23:19:23,860:INFO:The '!' was the 5th character
2018-12-15 23:19:23,860:INFO:

2018-12-15 23:19:23,917:INFO:The length of 'T4st!ng' is 7
2018-12-15 23:19:23,918:INFO:As a list it looks like this ['T', '4', 's', 't', '!', 'n', 'g']
2018-12-15 23:19:23,919:INFO:The letters in this password are: ['T', 's', 't', 'n', 'g']
2018-12-15 23:19:23,919:INFO:The 'T' was the 1st character
2018-12-15 23:19:23,919:INFO:The 's' was the 3rd character
2018-12-15 23:19:23,919:INFO:The 't' was the 4th character
2018-12-15 23:19:23,920:INFO:The 'n' was the 6th character
2018-12-15 23:19:23,920:INFO:The 'g' was the 7th character
2018-12-15 23:19:23,920:INFO:

2018-12-15 23:19:23,921:INFO:The numbers in this password are: ['4']
2018-12-15 23:19:23,922:INFO:The '4' was the 2nd character
2018-12-15 23:19:23,922:INFO:

2018-12-15 23:19:23,923:INFO:The symbols in this password are: ['!']
2018-12-15 23:19:23,923:INFO:The '!' was the 5th character
2018-12-15 23:19:23,923:INFO:

2018-12-15 23:19:23,982:INFO:The length of 'T4st!ng' is 7
2018-12-15 23:19:23,983:INFO:As a list it looks like this ['T', '4', 's', 't', '!', 'n', 'g']
2018-12-15 23:19:23,983:INFO:The letters in this password are: ['T', 's', 't', 'n', 'g']
2018-12-15 23:19:23,983:INFO:The 'T' was the 1st character
2018-12-15 23:19:23,983:INFO:The 's' was the 3rd character
2018-12-15 23:19:23,984:INFO:The 't' was the 4th character
2018-12-15 23:19:23,984:INFO:The 'n' was the 6th character
2018-12-15 23:19:23,984:INFO:The 'g' was the 7th character
2018-12-15 23:19:23,985:INFO:

2018-12-15 23:19:23,985:INFO:The numbers in this password are: ['4']
2018-12-15 23:19:23,985:INFO:The '4' was the 2nd character
2018-12-15 23:19:23,986:INFO:

2018-12-15 23:19:23,986:INFO:The symbols in this password are: ['!']
2018-12-15 23:19:23,987:INFO:The '!' was the 5th character
2018-12-15 23:19:23,987:INFO:

2018-12-15 23:19:24,050:INFO:The length of 'T4st!ng' is 7
2018-12-15 23:19:24,050:INFO:As a list it looks like this ['T', '4', 's', 't', '!', 'n', 'g']
2018-12-15 23:19:24,051:INFO:The letters in this password are: ['T', 's', 't', 'n', 'g']
2018-12-15 23:19:24,051:INFO:The 'T' was the 1st character
2018-12-15 23:19:24,051:INFO:The 's' was the 3rd character
2018-12-15 23:19:24,052:INFO:The 't' was the 4th character
2018-12-15 23:19:24,052:INFO:The 'n' was the 6th character
2018-12-15 23:19:24,052:INFO:The 'g' was the 7th character
2018-12-15 23:19:24,053:INFO:

2018-12-15 23:19:24,053:INFO:The numbers in this password are: ['4']
2018-12-15 23:19:24,054:INFO:The '4' was the 2nd character
2018-12-15 23:19:24,054:INFO:

2018-12-15 23:19:24,055:INFO:The symbols in this password are: ['!']
2018-12-15 23:19:24,055:INFO:The '!' was the 5th character
2018-12-15 23:19:24,055:INFO:

2018-12-15 23:19:24,112:INFO:The length of 'T4st!ng' is 7
2018-12-15 23:19:24,113:INFO:As a list it looks like this ['T', '4', 's', 't', '!', 'n', 'g']
2018-12-15 23:19:24,114:INFO:The letters in this password are: ['T', 's', 't', 'n', 'g']
2018-12-15 23:19:24,114:INFO:The 'T' was the 1st character
2018-12-15 23:19:24,114:INFO:The 's' was the 3rd character
2018-12-15 23:19:24,115:INFO:The 't' was the 4th character
2018-12-15 23:19:24,115:INFO:The 'n' was the 6th character
2018-12-15 23:19:24,115:INFO:The 'g' was the 7th character
2018-12-15 23:19:24,116:INFO:

2018-12-15 23:19:24,116:INFO:The numbers in this password are: ['4']
2018-12-15 23:19:24,116:INFO:The '4' was the 2nd character
2018-12-15 23:19:24,117:INFO:

2018-12-15 23:19:24,118:INFO:The symbols in this password are: ['!']
2018-12-15 23:19:24,118:INFO:The '!' was the 5th character
2018-12-15 23:19:24,118:INFO:

2018-12-15 23:19:24,176:INFO:The length of 'T4st!ng' is 7
2018-12-15 23:19:24,176:INFO:As a list it looks like this ['T', '4', 's', 't', '!', 'n', 'g']
2018-12-15 23:19:24,177:INFO:The letters in this password are: ['T', 's', 't', 'n', 'g']
2018-12-15 23:19:24,177:INFO:The 'T' was the 1st character
2018-12-15 23:19:24,177:INFO:The 's' was the 3rd character
2018-12-15 23:19:24,178:INFO:The 't' was the 4th character
2018-12-15 23:19:24,178:INFO:The 'n' was the 6th character
2018-12-15 23:19:24,179:INFO:The 'g' was the 7th character
2018-12-15 23:19:24,179:INFO:

2018-12-15 23:19:24,180:INFO:The numbers in this password are: ['4']
2018-12-15 23:19:24,180:INFO:The '4' was the 2nd character
2018-12-15 23:19:24,180:INFO:

2018-12-15 23:19:24,181:INFO:The symbols in this password are: ['!']
2018-12-15 23:19:24,181:INFO:The '!' was the 5th character
2018-12-15 23:19:24,181:INFO:

2018-12-15 23:19:24,241:INFO:The length of 'T4st!ng' is 7
2018-12-15 23:19:24,242:INFO:As a list it looks like this ['T', '4', 's', 't', '!', 'n', 'g']
2018-12-15 23:19:24,243:INFO:The letters in this password are: ['T', 's', 't', 'n', 'g']
2018-12-15 23:19:24,243:INFO:The 'T' was the 1st character
2018-12-15 23:19:24,244:INFO:The 's' was the 3rd character
2018-12-15 23:19:24,246:INFO:The 't' was the 4th character
2018-12-15 23:19:24,246:INFO:The 'n' was the 6th character
2018-12-15 23:19:24,247:INFO:The 'g' was the 7th character
2018-12-15 23:19:24,248:INFO:

2018-12-15 23:19:24,254:INFO:The numbers in this password are: ['4']
2018-12-15 23:19:24,255:INFO:The '4' was the 2nd character
2018-12-15 23:19:24,255:INFO:

2018-12-15 23:19:24,256:INFO:The symbols in this password are: ['!']
2018-12-15 23:19:24,256:INFO:The '!' was the 5th character
2018-12-15 23:19:24,256:INFO:

2018-12-15 23:19:24,323:INFO:The length of 'T4st!ng' is 7
2018-12-15 23:19:24,323:INFO:As a list it looks like this ['T', '4', 's', 't', '!', 'n', 'g']
2018-12-15 23:19:24,324:INFO:The letters in this password are: ['T', 's', 't', 'n', 'g']
2018-12-15 23:19:24,324:INFO:The 'T' was the 1st character
2018-12-15 23:19:24,325:INFO:The 's' was the 3rd character
2018-12-15 23:19:24,325:INFO:The 't' was the 4th character
2018-12-15 23:19:24,325:INFO:The 'n' was the 6th character
2018-12-15 23:19:24,326:INFO:The 'g' was the 7th character
2018-12-15 23:19:24,326:INFO:

2018-12-15 23:19:24,327:INFO:The numbers in this password are: ['4']
2018-12-15 23:19:24,327:INFO:The '4' was the 2nd character
2018-12-15 23:19:24,327:INFO:

2018-12-15 23:19:24,328:INFO:The symbols in this password are: ['!']
2018-12-15 23:19:24,328:INFO:The '!' was the 5th character
2018-12-15 23:19:24,328:INFO:

2018-12-15 23:19:24,387:INFO:The length of 'T4st!ng' is 7
2018-12-15 23:19:24,387:INFO:As a list it looks like this ['T', '4', 's', 't', '!', 'n', 'g']
2018-12-15 23:19:24,388:INFO:The letters in this password are: ['T', 's', 't', 'n', 'g']
2018-12-15 23:19:24,388:INFO:The 'T' was the 1st character
2018-12-15 23:19:24,388:INFO:The 's' was the 3rd character
2018-12-15 23:19:24,388:INFO:The 't' was the 4th character
2018-12-15 23:19:24,389:INFO:The 'n' was the 6th character
2018-12-15 23:19:24,389:INFO:The 'g' was the 7th character
2018-12-15 23:19:24,389:INFO:

2018-12-15 23:19:24,390:INFO:The numbers in this password are: ['4']
2018-12-15 23:19:24,390:INFO:The '4' was the 2nd character
2018-12-15 23:19:24,390:INFO:

2018-12-15 23:19:24,391:INFO:The symbols in this password are: ['!']
2018-12-15 23:19:24,391:INFO:The '!' was the 5th character
2018-12-15 23:19:24,391:INFO:

2018-12-15 23:19:24,452:INFO:The length of 'T4st!ng' is 7
2018-12-15 23:19:24,452:INFO:As a list it looks like this ['T', '4', 's', 't', '!', 'n', 'g']
2018-12-15 23:19:24,453:INFO:The letters in this password are: ['T', 's', 't', 'n', 'g']
2018-12-15 23:19:24,453:INFO:The 'T' was the 1st character
2018-12-15 23:19:24,453:INFO:The 's' was the 3rd character
2018-12-15 23:19:24,453:INFO:The 't' was the 4th character
2018-12-15 23:19:24,454:INFO:The 'n' was the 6th character
2018-12-15 23:19:24,454:INFO:The 'g' was the 7th character
2018-12-15 23:19:24,454:INFO:

2018-12-15 23:19:24,455:INFO:The numbers in this password are: ['4']
2018-12-15 23:19:24,455:INFO:The '4' was the 2nd character
2018-12-15 23:19:24,456:INFO:

2018-12-15 23:19:24,456:INFO:The symbols in this password are: ['!']
2018-12-15 23:19:24,456:INFO:The '!' was the 5th character
2018-12-15 23:19:24,457:INFO:

2018-12-15 23:19:24,515:INFO:The length of 'T4st!ng' is 7
2018-12-15 23:19:24,515:INFO:As a list it looks like this ['T', '4', 's', 't', '!', 'n', 'g']
2018-12-15 23:19:24,516:INFO:The letters in this password are: ['T', 's', 't', 'n', 'g']
2018-12-15 23:19:24,516:INFO:The 'T' was the 1st character
2018-12-15 23:19:24,517:INFO:The 's' was the 3rd character
2018-12-15 23:19:24,517:INFO:The 't' was the 4th character
2018-12-15 23:19:24,518:INFO:The 'n' was the 6th character
2018-12-15 23:19:24,518:INFO:The 'g' was the 7th character
2018-12-15 23:19:24,519:INFO:

2018-12-15 23:19:24,520:INFO:The numbers in this password are: ['4']
2018-12-15 23:19:24,520:INFO:The '4' was the 2nd character
2018-12-15 23:19:24,521:INFO:

2018-12-15 23:19:24,522:INFO:The symbols in this password are: ['!']
2018-12-15 23:19:24,522:INFO:The '!' was the 5th character
2018-12-15 23:19:24,522:INFO:

2018-12-15 23:19:24,581:INFO:The length of 'T4st!ng' is 7
2018-12-15 23:19:24,582:INFO:As a list it looks like this ['T', '4', 's', 't', '!', 'n', 'g']
2018-12-15 23:19:24,582:INFO:The letters in this password are: ['T', 's', 't', 'n', 'g']
2018-12-15 23:19:24,582:INFO:The 'T' was the 1st character
2018-12-15 23:19:24,583:INFO:The 's' was the 3rd character
2018-12-15 23:19:24,583:INFO:The 't' was the 4th character
2018-12-15 23:19:24,583:INFO:The 'n' was the 6th character
2018-12-15 23:19:24,584:INFO:The 'g' was the 7th character
2018-12-15 23:19:24,584:INFO:

2018-12-15 23:19:24,584:INFO:The numbers in this password are: ['4']
2018-12-15 23:19:24,585:INFO:The '4' was the 2nd character
2018-12-15 23:19:24,585:INFO:

2018-12-15 23:19:24,585:INFO:The symbols in this password are: ['!']
2018-12-15 23:19:24,586:INFO:The '!' was the 5th character
2018-12-15 23:19:24,586:INFO:

2018-12-15 23:19:24,650:INFO:The length of 'T4st!ng' is 7
2018-12-15 23:19:24,651:INFO:As a list it looks like this ['T', '4', 's', 't', '!', 'n', 'g']
2018-12-15 23:19:24,652:INFO:The letters in this password are: ['T', 's', 't', 'n', 'g']
2018-12-15 23:19:24,652:INFO:The 'T' was the 1st character
2018-12-15 23:19:24,652:INFO:The 's' was the 3rd character
2018-12-15 23:19:24,653:INFO:The 't' was the 4th character
2018-12-15 23:19:24,653:INFO:The 'n' was the 6th character
2018-12-15 23:19:24,653:INFO:The 'g' was the 7th character
2018-12-15 23:19:24,653:INFO:

2018-12-15 23:19:24,654:INFO:The numbers in this password are: ['4']
2018-12-15 23:19:24,654:INFO:The '4' was the 2nd character
2018-12-15 23:19:24,654:INFO:

2018-12-15 23:19:24,655:INFO:The symbols in this password are: ['!']
2018-12-15 23:19:24,655:INFO:The '!' was the 5th character
2018-12-15 23:19:24,655:INFO:

2018-12-15 23:19:24,715:INFO:The length of 'T4st!ng' is 7
2018-12-15 23:19:24,716:INFO:As a list it looks like this ['T', '4', 's', 't', '!', 'n', 'g']
2018-12-15 23:19:24,716:INFO:The letters in this password are: ['T', 's', 't', 'n', 'g']
2018-12-15 23:19:24,716:INFO:The 'T' was the 1st character
2018-12-15 23:19:24,717:INFO:The 's' was the 3rd character
2018-12-15 23:19:24,717:INFO:The 't' was the 4th character
2018-12-15 23:19:24,717:INFO:The 'n' was the 6th character
2018-12-15 23:19:24,717:INFO:The 'g' was the 7th character
2018-12-15 23:19:24,718:INFO:

2018-12-15 23:19:24,718:INFO:The numbers in this password are: ['4']
2018-12-15 23:19:24,719:INFO:The '4' was the 2nd character
2018-12-15 23:19:24,719:INFO:

2018-12-15 23:19:24,720:INFO:The symbols in this password are: ['!']
2018-12-15 23:19:24,720:INFO:The '!' was the 5th character
2018-12-15 23:19:24,720:INFO:

2018-12-15 23:19:24,777:INFO:The length of 'T4st!ng' is 7
2018-12-15 23:19:24,778:INFO:As a list it looks like this ['T', '4', 's', 't', '!', 'n', 'g']
2018-12-15 23:19:24,778:INFO:The letters in this password are: ['T', 's', 't', 'n', 'g']
2018-12-15 23:19:24,778:INFO:The 'T' was the 1st character
2018-12-15 23:19:24,779:INFO:The 's' was the 3rd character
2018-12-15 23:19:24,779:INFO:The 't' was the 4th character
2018-12-15 23:19:24,779:INFO:The 'n' was the 6th character
2018-12-15 23:19:24,779:INFO:The 'g' was the 7th character
2018-12-15 23:19:24,780:INFO:

2018-12-15 23:19:24,780:INFO:The numbers in this password are: ['4']
2018-12-15 23:19:24,781:INFO:The '4' was the 2nd character
2018-12-15 23:19:24,781:INFO:

2018-12-15 23:19:24,782:INFO:The symbols in this password are: ['!']
2018-12-15 23:19:24,782:INFO:The '!' was the 5th character
2018-12-15 23:19:24,782:INFO:

2018-12-15 23:19:24,842:INFO:The length of 'T4st!ng' is 7
2018-12-15 23:19:24,842:INFO:As a list it looks like this ['T', '4', 's', 't', '!', 'n', 'g']
2018-12-15 23:19:24,844:INFO:The letters in this password are: ['T', 's', 't', 'n', 'g']
2018-12-15 23:19:24,844:INFO:The 'T' was the 1st character
2018-12-15 23:19:24,845:INFO:The 's' was the 3rd character
2018-12-15 23:19:24,846:INFO:The 't' was the 4th character
2018-12-15 23:19:24,847:INFO:The 'n' was the 6th character
2018-12-15 23:19:24,848:INFO:The 'g' was the 7th character
2018-12-15 23:19:24,848:INFO:

2018-12-15 23:19:24,849:INFO:The numbers in this password are: ['4']
2018-12-15 23:19:24,850:INFO:The '4' was the 2nd character
2018-12-15 23:19:24,850:INFO:

2018-12-15 23:19:24,851:INFO:The symbols in this password are: ['!']
2018-12-15 23:19:24,855:INFO:The '!' was the 5th character
2018-12-15 23:19:24,855:INFO:

2018-12-15 23:19:24,920:INFO:The length of 'T4st!ng' is 7
2018-12-15 23:19:24,921:INFO:As a list it looks like this ['T', '4', 's', 't', '!', 'n', 'g']
2018-12-15 23:19:24,923:INFO:The letters in this password are: ['T', 's', 't', 'n', 'g']
2018-12-15 23:19:24,923:INFO:The 'T' was the 1st character
2018-12-15 23:19:24,923:INFO:The 's' was the 3rd character
2018-12-15 23:19:24,924:INFO:The 't' was the 4th character
2018-12-15 23:19:24,924:INFO:The 'n' was the 6th character
2018-12-15 23:19:24,924:INFO:The 'g' was the 7th character
2018-12-15 23:19:24,924:INFO:

2018-12-15 23:19:24,925:INFO:The numbers in this password are: ['4']
2018-12-15 23:19:24,925:INFO:The '4' was the 2nd character
2018-12-15 23:19:24,925:INFO:

2018-12-15 23:19:24,926:INFO:The symbols in this password are: ['!']
2018-12-15 23:19:24,926:INFO:The '!' was the 5th character
2018-12-15 23:19:24,927:INFO:

2018-12-15 23:19:24,984:INFO:The length of 'T4st!ng' is 7
2018-12-15 23:19:24,985:INFO:As a list it looks like this ['T', '4', 's', 't', '!', 'n', 'g']
2018-12-15 23:19:24,985:INFO:The letters in this password are: ['T', 's', 't', 'n', 'g']
2018-12-15 23:19:24,986:INFO:The 'T' was the 1st character
2018-12-15 23:19:24,986:INFO:The 's' was the 3rd character
2018-12-15 23:19:24,987:INFO:The 't' was the 4th character
2018-12-15 23:19:24,987:INFO:The 'n' was the 6th character
2018-12-15 23:19:24,987:INFO:The 'g' was the 7th character
2018-12-15 23:19:24,987:INFO:

2018-12-15 23:19:24,988:INFO:The numbers in this password are: ['4']
2018-12-15 23:19:24,988:INFO:The '4' was the 2nd character
2018-12-15 23:19:24,989:INFO:

2018-12-15 23:19:24,989:INFO:The symbols in this password are: ['!']
2018-12-15 23:19:24,990:INFO:The '!' was the 5th character
2018-12-15 23:19:24,990:INFO:

2018-12-15 23:19:25,057:INFO:The length of 'T4st!ng' is 7
2018-12-15 23:19:25,057:INFO:As a list it looks like this ['T', '4', 's', 't', '!', 'n', 'g']
2018-12-15 23:19:25,058:INFO:The letters in this password are: ['T', 's', 't', 'n', 'g']
2018-12-15 23:19:25,058:INFO:The 'T' was the 1st character
2018-12-15 23:19:25,058:INFO:The 's' was the 3rd character
2018-12-15 23:19:25,059:INFO:The 't' was the 4th character
2018-12-15 23:19:25,059:INFO:The 'n' was the 6th character
2018-12-15 23:19:25,059:INFO:The 'g' was the 7th character
2018-12-15 23:19:25,060:INFO:

2018-12-15 23:19:25,060:INFO:The numbers in this password are: ['4']
2018-12-15 23:19:25,061:INFO:The '4' was the 2nd character
2018-12-15 23:19:25,061:INFO:

2018-12-15 23:19:25,062:INFO:The symbols in this password are: ['!']
2018-12-15 23:19:25,062:INFO:The '!' was the 5th character
2018-12-15 23:19:25,062:INFO:

2018-12-15 23:19:25,123:INFO:The length of 'T4st!ng' is 7
2018-12-15 23:19:25,123:INFO:As a list it looks like this ['T', '4', 's', 't', '!', 'n', 'g']
2018-12-15 23:19:25,124:INFO:The letters in this password are: ['T', 's', 't', 'n', 'g']
2018-12-15 23:19:25,124:INFO:The 'T' was the 1st character
2018-12-15 23:19:25,125:INFO:The 's' was the 3rd character
2018-12-15 23:19:25,125:INFO:The 't' was the 4th character
2018-12-15 23:19:25,126:INFO:The 'n' was the 6th character
2018-12-15 23:19:25,126:INFO:The 'g' was the 7th character
2018-12-15 23:19:25,126:INFO:

2018-12-15 23:19:25,127:INFO:The numbers in this password are: ['4']
2018-12-15 23:19:25,127:INFO:The '4' was the 2nd character
2018-12-15 23:19:25,127:INFO:

2018-12-15 23:19:25,128:INFO:The symbols in this password are: ['!']
2018-12-15 23:19:25,128:INFO:The '!' was the 5th character
2018-12-15 23:19:25,128:INFO:

2018-12-15 23:19:25,185:INFO:The length of 'T4st!ng' is 7
2018-12-15 23:19:25,186:INFO:As a list it looks like this ['T', '4', 's', 't', '!', 'n', 'g']
2018-12-15 23:19:25,187:INFO:The letters in this password are: ['T', 's', 't', 'n', 'g']
2018-12-15 23:19:25,187:INFO:The 'T' was the 1st character
2018-12-15 23:19:25,187:INFO:The 's' was the 3rd character
2018-12-15 23:19:25,187:INFO:The 't' was the 4th character
2018-12-15 23:19:25,188:INFO:The 'n' was the 6th character
2018-12-15 23:19:25,188:INFO:The 'g' was the 7th character
2018-12-15 23:19:25,188:INFO:

2018-12-15 23:19:25,189:INFO:The numbers in this password are: ['4']
2018-12-15 23:19:25,189:INFO:The '4' was the 2nd character
2018-12-15 23:19:25,189:INFO:

2018-12-15 23:19:25,190:INFO:The symbols in this password are: ['!']
2018-12-15 23:19:25,190:INFO:The '!' was the 5th character
2018-12-15 23:19:25,190:INFO:

2018-12-15 23:19:25,251:INFO:The length of 'T4st!ng' is 7
2018-12-15 23:19:25,251:INFO:As a list it looks like this ['T', '4', 's', 't', '!', 'n', 'g']
2018-12-15 23:19:25,253:INFO:The letters in this password are: ['T', 's', 't', 'n', 'g']
2018-12-15 23:19:25,253:INFO:The 'T' was the 1st character
2018-12-15 23:19:25,253:INFO:The 's' was the 3rd character
2018-12-15 23:19:25,253:INFO:The 't' was the 4th character
2018-12-15 23:19:25,254:INFO:The 'n' was the 6th character
2018-12-15 23:19:25,254:INFO:The 'g' was the 7th character
2018-12-15 23:19:25,254:INFO:

2018-12-15 23:19:25,255:INFO:The numbers in this password are: ['4']
2018-12-15 23:19:25,255:INFO:The '4' was the 2nd character
2018-12-15 23:19:25,256:INFO:

2018-12-15 23:19:25,256:INFO:The symbols in this password are: ['!']
2018-12-15 23:19:25,256:INFO:The '!' was the 5th character
2018-12-15 23:19:25,257:INFO:

2018-12-15 23:19:25,314:INFO:The length of 'T4st!ng' is 7
2018-12-15 23:19:25,314:INFO:As a list it looks like this ['T', '4', 's', 't', '!', 'n', 'g']
2018-12-15 23:19:25,315:INFO:The letters in this password are: ['T', 's', 't', 'n', 'g']
2018-12-15 23:19:25,315:INFO:The 'T' was the 1st character
2018-12-15 23:19:25,316:INFO:The 's' was the 3rd character
2018-12-15 23:19:25,316:INFO:The 't' was the 4th character
2018-12-15 23:19:25,316:INFO:The 'n' was the 6th character
2018-12-15 23:19:25,317:INFO:The 'g' was the 7th character
2018-12-15 23:19:25,317:INFO:

2018-12-15 23:19:25,318:INFO:The numbers in this password are: ['4']
2018-12-15 23:19:25,318:INFO:The '4' was the 2nd character
2018-12-15 23:19:25,318:INFO:

2018-12-15 23:19:25,319:INFO:The symbols in this password are: ['!']
2018-12-15 23:19:25,319:INFO:The '!' was the 5th character
2018-12-15 23:19:25,319:INFO:

2018-12-15 23:19:25,376:INFO:The length of 'T4st!ng' is 7
2018-12-15 23:19:25,377:INFO:As a list it looks like this ['T', '4', 's', 't', '!', 'n', 'g']
2018-12-15 23:19:25,377:INFO:The letters in this password are: ['T', 's', 't', 'n', 'g']
2018-12-15 23:19:25,378:INFO:The 'T' was the 1st character
2018-12-15 23:19:25,378:INFO:The 's' was the 3rd character
2018-12-15 23:19:25,378:INFO:The 't' was the 4th character
2018-12-15 23:19:25,379:INFO:The 'n' was the 6th character
2018-12-15 23:19:25,379:INFO:The 'g' was the 7th character
2018-12-15 23:19:25,379:INFO:

2018-12-15 23:19:25,380:INFO:The numbers in this password are: ['4']
2018-12-15 23:19:25,381:INFO:The '4' was the 2nd character
2018-12-15 23:19:25,381:INFO:

2018-12-15 23:19:25,382:INFO:The symbols in this password are: ['!']
2018-12-15 23:19:25,382:INFO:The '!' was the 5th character
2018-12-15 23:19:25,382:INFO:

2018-12-15 23:19:25,439:INFO:The length of 'T4st!ng' is 7
2018-12-15 23:19:25,440:INFO:As a list it looks like this ['T', '4', 's', 't', '!', 'n', 'g']
2018-12-15 23:19:25,440:INFO:The letters in this password are: ['T', 's', 't', 'n', 'g']
2018-12-15 23:19:25,440:INFO:The 'T' was the 1st character
2018-12-15 23:19:25,441:INFO:The 's' was the 3rd character
2018-12-15 23:19:25,441:INFO:The 't' was the 4th character
2018-12-15 23:19:25,441:INFO:The 'n' was the 6th character
2018-12-15 23:19:25,442:INFO:The 'g' was the 7th character
2018-12-15 23:19:25,442:INFO:

2018-12-15 23:19:25,442:INFO:The numbers in this password are: ['4']
2018-12-15 23:19:25,443:INFO:The '4' was the 2nd character
2018-12-15 23:19:25,443:INFO:

2018-12-15 23:19:25,443:INFO:The symbols in this password are: ['!']
2018-12-15 23:19:25,444:INFO:The '!' was the 5th character
2018-12-15 23:19:25,444:INFO:

2018-12-15 23:19:25,507:INFO:The length of 'T4st!ng' is 7
2018-12-15 23:19:25,508:INFO:As a list it looks like this ['T', '4', 's', 't', '!', 'n', 'g']
2018-12-15 23:19:25,508:INFO:The letters in this password are: ['T', 's', 't', 'n', 'g']
2018-12-15 23:19:25,509:INFO:The 'T' was the 1st character
2018-12-15 23:19:25,509:INFO:The 's' was the 3rd character
2018-12-15 23:19:25,510:INFO:The 't' was the 4th character
2018-12-15 23:19:25,510:INFO:The 'n' was the 6th character
2018-12-15 23:19:25,511:INFO:The 'g' was the 7th character
2018-12-15 23:19:25,511:INFO:

2018-12-15 23:19:25,512:INFO:The numbers in this password are: ['4']
2018-12-15 23:19:25,512:INFO:The '4' was the 2nd character
2018-12-15 23:19:25,513:INFO:

2018-12-15 23:19:25,514:INFO:The symbols in this password are: ['!']
2018-12-15 23:19:25,514:INFO:The '!' was the 5th character
2018-12-15 23:19:25,515:INFO:

2018-12-15 23:19:25,578:INFO:The length of 'T4st!ng' is 7
2018-12-15 23:19:25,579:INFO:As a list it looks like this ['T', '4', 's', 't', '!', 'n', 'g']
2018-12-15 23:19:25,579:INFO:The letters in this password are: ['T', 's', 't', 'n', 'g']
2018-12-15 23:19:25,580:INFO:The 'T' was the 1st character
2018-12-15 23:19:25,580:INFO:The 's' was the 3rd character
2018-12-15 23:19:25,580:INFO:The 't' was the 4th character
2018-12-15 23:19:25,581:INFO:The 'n' was the 6th character
2018-12-15 23:19:25,582:INFO:The 'g' was the 7th character
2018-12-15 23:19:25,582:INFO:

2018-12-15 23:19:25,583:INFO:The numbers in this password are: ['4']
2018-12-15 23:19:25,583:INFO:The '4' was the 2nd character
2018-12-15 23:19:25,583:INFO:

2018-12-15 23:19:25,584:INFO:The symbols in this password are: ['!']
2018-12-15 23:19:25,584:INFO:The '!' was the 5th character
2018-12-15 23:19:25,584:INFO:

2018-12-15 23:19:25,641:INFO:The length of 'T4st!ng' is 7
2018-12-15 23:19:25,642:INFO:As a list it looks like this ['T', '4', 's', 't', '!', 'n', 'g']
2018-12-15 23:19:25,642:INFO:The letters in this password are: ['T', 's', 't', 'n', 'g']
2018-12-15 23:19:25,642:INFO:The 'T' was the 1st character
2018-12-15 23:19:25,643:INFO:The 's' was the 3rd character
2018-12-15 23:19:25,643:INFO:The 't' was the 4th character
2018-12-15 23:19:25,644:INFO:The 'n' was the 6th character
2018-12-15 23:19:25,644:INFO:The 'g' was the 7th character
2018-12-15 23:19:25,645:INFO:

2018-12-15 23:19:25,645:INFO:The numbers in this password are: ['4']
2018-12-15 23:19:25,646:INFO:The '4' was the 2nd character
2018-12-15 23:19:25,646:INFO:

2018-12-15 23:19:25,648:INFO:The symbols in this password are: ['!']
2018-12-15 23:19:25,648:INFO:The '!' was the 5th character
2018-12-15 23:19:25,649:INFO:

2018-12-15 23:19:25,705:INFO:The length of 'T4st!ng' is 7
2018-12-15 23:19:25,706:INFO:As a list it looks like this ['T', '4', 's', 't', '!', 'n', 'g']
2018-12-15 23:19:25,706:INFO:The letters in this password are: ['T', 's', 't', 'n', 'g']
2018-12-15 23:19:25,706:INFO:The 'T' was the 1st character
2018-12-15 23:19:25,707:INFO:The 's' was the 3rd character
2018-12-15 23:19:25,707:INFO:The 't' was the 4th character
2018-12-15 23:19:25,707:INFO:The 'n' was the 6th character
2018-12-15 23:19:25,707:INFO:The 'g' was the 7th character
2018-12-15 23:19:25,708:INFO:

2018-12-15 23:19:25,708:INFO:The numbers in this password are: ['4']
2018-12-15 23:19:25,709:INFO:The '4' was the 2nd character
2018-12-15 23:19:25,709:INFO:

2018-12-15 23:19:25,710:INFO:The symbols in this password are: ['!']
2018-12-15 23:19:25,710:INFO:The '!' was the 5th character
2018-12-15 23:19:25,710:INFO:

2018-12-15 23:19:25,770:INFO:The length of 'T4st!ng' is 7
2018-12-15 23:19:25,770:INFO:As a list it looks like this ['T', '4', 's', 't', '!', 'n', 'g']
2018-12-15 23:19:25,771:INFO:The letters in this password are: ['T', 's', 't', 'n', 'g']
2018-12-15 23:19:25,771:INFO:The 'T' was the 1st character
2018-12-15 23:19:25,771:INFO:The 's' was the 3rd character
2018-12-15 23:19:25,771:INFO:The 't' was the 4th character
2018-12-15 23:19:25,772:INFO:The 'n' was the 6th character
2018-12-15 23:19:25,772:INFO:The 'g' was the 7th character
2018-12-15 23:19:25,772:INFO:

2018-12-15 23:19:25,773:INFO:The numbers in this password are: ['4']
2018-12-15 23:19:25,773:INFO:The '4' was the 2nd character
2018-12-15 23:19:25,773:INFO:

2018-12-15 23:19:25,774:INFO:The symbols in this password are: ['!']
2018-12-15 23:19:25,774:INFO:The '!' was the 5th character
2018-12-15 23:19:25,774:INFO:

2018-12-15 23:19:25,833:INFO:The length of 'T4st!ng' is 7
2018-12-15 23:19:25,833:INFO:As a list it looks like this ['T', '4', 's', 't', '!', 'n', 'g']
2018-12-15 23:19:25,834:INFO:The letters in this password are: ['T', 's', 't', 'n', 'g']
2018-12-15 23:19:25,834:INFO:The 'T' was the 1st character
2018-12-15 23:19:25,834:INFO:The 's' was the 3rd character
2018-12-15 23:19:25,835:INFO:The 't' was the 4th character
2018-12-15 23:19:25,835:INFO:The 'n' was the 6th character
2018-12-15 23:19:25,835:INFO:The 'g' was the 7th character
2018-12-15 23:19:25,836:INFO:

2018-12-15 23:19:25,836:INFO:The numbers in this password are: ['4']
2018-12-15 23:19:25,836:INFO:The '4' was the 2nd character
2018-12-15 23:19:25,837:INFO:

2018-12-15 23:19:25,838:INFO:The symbols in this password are: ['!']
2018-12-15 23:19:25,838:INFO:The '!' was the 5th character
2018-12-15 23:19:25,838:INFO:

2018-12-15 23:19:25,895:INFO:The length of 'T4st!ng' is 7
2018-12-15 23:19:25,896:INFO:As a list it looks like this ['T', '4', 's', 't', '!', 'n', 'g']
2018-12-15 23:19:25,896:INFO:The letters in this password are: ['T', 's', 't', 'n', 'g']
2018-12-15 23:19:25,896:INFO:The 'T' was the 1st character
2018-12-15 23:19:25,897:INFO:The 's' was the 3rd character
2018-12-15 23:19:25,897:INFO:The 't' was the 4th character
2018-12-15 23:19:25,897:INFO:The 'n' was the 6th character
2018-12-15 23:19:25,898:INFO:The 'g' was the 7th character
2018-12-15 23:19:25,898:INFO:

2018-12-15 23:19:25,898:INFO:The numbers in this password are: ['4']
2018-12-15 23:19:25,899:INFO:The '4' was the 2nd character
2018-12-15 23:19:25,899:INFO:

2018-12-15 23:19:25,900:INFO:The symbols in this password are: ['!']
2018-12-15 23:19:25,900:INFO:The '!' was the 5th character
2018-12-15 23:19:25,900:INFO:

2018-12-15 23:19:25,963:INFO:The length of 'T4st!ng' is 7
2018-12-15 23:19:25,963:INFO:As a list it looks like this ['T', '4', 's', 't', '!', 'n', 'g']
2018-12-15 23:19:25,964:INFO:The letters in this password are: ['T', 's', 't', 'n', 'g']
2018-12-15 23:19:25,964:INFO:The 'T' was the 1st character
2018-12-15 23:19:25,964:INFO:The 's' was the 3rd character
2018-12-15 23:19:25,964:INFO:The 't' was the 4th character
2018-12-15 23:19:25,965:INFO:The 'n' was the 6th character
2018-12-15 23:19:25,965:INFO:The 'g' was the 7th character
2018-12-15 23:19:25,965:INFO:

2018-12-15 23:19:25,968:INFO:The numbers in this password are: ['4']
2018-12-15 23:19:25,968:INFO:The '4' was the 2nd character
2018-12-15 23:19:25,968:INFO:

2018-12-15 23:19:25,969:INFO:The symbols in this password are: ['!']
2018-12-15 23:19:25,969:INFO:The '!' was the 5th character
2018-12-15 23:19:25,969:INFO:

2018-12-15 23:19:26,028:INFO:The length of 'T4st!ng' is 7
2018-12-15 23:19:26,028:INFO:As a list it looks like this ['T', '4', 's', 't', '!', 'n', 'g']
2018-12-15 23:19:26,029:INFO:The letters in this password are: ['T', 's', 't', 'n', 'g']
2018-12-15 23:19:26,029:INFO:The 'T' was the 1st character
2018-12-15 23:19:26,030:INFO:The 's' was the 3rd character
2018-12-15 23:19:26,030:INFO:The 't' was the 4th character
2018-12-15 23:19:26,030:INFO:The 'n' was the 6th character
2018-12-15 23:19:26,031:INFO:The 'g' was the 7th character
2018-12-15 23:19:26,031:INFO:

2018-12-15 23:19:26,032:INFO:The numbers in this password are: ['4']
2018-12-15 23:19:26,032:INFO:The '4' was the 2nd character
2018-12-15 23:19:26,032:INFO:

2018-12-15 23:19:26,033:INFO:The symbols in this password are: ['!']
2018-12-15 23:19:26,033:INFO:The '!' was the 5th character
2018-12-15 23:19:26,033:INFO:

2018-12-15 23:19:26,095:INFO:The length of 'T4st!ng' is 7
2018-12-15 23:19:26,096:INFO:As a list it looks like this ['T', '4', 's', 't', '!', 'n', 'g']
2018-12-15 23:19:26,096:INFO:The letters in this password are: ['T', 's', 't', 'n', 'g']
2018-12-15 23:19:26,096:INFO:The 'T' was the 1st character
2018-12-15 23:19:26,096:INFO:The 's' was the 3rd character
2018-12-15 23:19:26,097:INFO:The 't' was the 4th character
2018-12-15 23:19:26,097:INFO:The 'n' was the 6th character
2018-12-15 23:19:26,097:INFO:The 'g' was the 7th character
2018-12-15 23:19:26,098:INFO:

2018-12-15 23:19:26,098:INFO:The numbers in this password are: ['4']
2018-12-15 23:19:26,098:INFO:The '4' was the 2nd character
2018-12-15 23:19:26,099:INFO:

2018-12-15 23:19:26,099:INFO:The symbols in this password are: ['!']
2018-12-15 23:19:26,099:INFO:The '!' was the 5th character
2018-12-15 23:19:26,100:INFO:

2018-12-15 23:19:26,163:INFO:The length of 'T4st!ng' is 7
2018-12-15 23:19:26,163:INFO:As a list it looks like this ['T', '4', 's', 't', '!', 'n', 'g']
2018-12-15 23:19:26,164:INFO:The letters in this password are: ['T', 's', 't', 'n', 'g']
2018-12-15 23:19:26,164:INFO:The 'T' was the 1st character
2018-12-15 23:19:26,164:INFO:The 's' was the 3rd character
2018-12-15 23:19:26,165:INFO:The 't' was the 4th character
2018-12-15 23:19:26,165:INFO:The 'n' was the 6th character
2018-12-15 23:19:26,165:INFO:The 'g' was the 7th character
2018-12-15 23:19:26,166:INFO:

2018-12-15 23:19:26,166:INFO:The numbers in this password are: ['4']
2018-12-15 23:19:26,166:INFO:The '4' was the 2nd character
2018-12-15 23:19:26,167:INFO:

2018-12-15 23:19:26,167:INFO:The symbols in this password are: ['!']
2018-12-15 23:19:26,167:INFO:The '!' was the 5th character
2018-12-15 23:19:26,168:INFO:

2018-12-15 23:19:26,227:INFO:The length of 'T4st!ng' is 7
2018-12-15 23:19:26,228:INFO:As a list it looks like this ['T', '4', 's', 't', '!', 'n', 'g']
2018-12-15 23:19:26,228:INFO:The letters in this password are: ['T', 's', 't', 'n', 'g']
2018-12-15 23:19:26,229:INFO:The 'T' was the 1st character
2018-12-15 23:19:26,229:INFO:The 's' was the 3rd character
2018-12-15 23:19:26,229:INFO:The 't' was the 4th character
2018-12-15 23:19:26,230:INFO:The 'n' was the 6th character
2018-12-15 23:19:26,230:INFO:The 'g' was the 7th character
2018-12-15 23:19:26,230:INFO:

2018-12-15 23:19:26,232:INFO:The numbers in this password are: ['4']
2018-12-15 23:19:26,232:INFO:The '4' was the 2nd character
2018-12-15 23:19:26,232:INFO:

2018-12-15 23:19:26,233:INFO:The symbols in this password are: ['!']
2018-12-15 23:19:26,234:INFO:The '!' was the 5th character
2018-12-15 23:19:26,234:INFO:

2018-12-15 23:19:26,292:INFO:The length of 'T4st!ng' is 7
2018-12-15 23:19:26,292:INFO:As a list it looks like this ['T', '4', 's', 't', '!', 'n', 'g']
2018-12-15 23:19:26,293:INFO:The letters in this password are: ['T', 's', 't', 'n', 'g']
2018-12-15 23:19:26,293:INFO:The 'T' was the 1st character
2018-12-15 23:19:26,293:INFO:The 's' was the 3rd character
2018-12-15 23:19:26,294:INFO:The 't' was the 4th character
2018-12-15 23:19:26,294:INFO:The 'n' was the 6th character
2018-12-15 23:19:26,294:INFO:The 'g' was the 7th character
2018-12-15 23:19:26,295:INFO:

2018-12-15 23:19:26,295:INFO:The numbers in this password are: ['4']
2018-12-15 23:19:26,295:INFO:The '4' was the 2nd character
2018-12-15 23:19:26,296:INFO:

2018-12-15 23:19:26,296:INFO:The symbols in this password are: ['!']
2018-12-15 23:19:26,297:INFO:The '!' was the 5th character
2018-12-15 23:19:26,297:INFO:

2018-12-15 23:19:26,366:INFO:The length of 'T4st!ng' is 7
2018-12-15 23:19:26,367:INFO:As a list it looks like this ['T', '4', 's', 't', '!', 'n', 'g']
2018-12-15 23:19:26,367:INFO:The letters in this password are: ['T', 's', 't', 'n', 'g']
2018-12-15 23:19:26,368:INFO:The 'T' was the 1st character
2018-12-15 23:19:26,368:INFO:The 's' was the 3rd character
2018-12-15 23:19:26,368:INFO:The 't' was the 4th character
2018-12-15 23:19:26,368:INFO:The 'n' was the 6th character
2018-12-15 23:19:26,369:INFO:The 'g' was the 7th character
2018-12-15 23:19:26,369:INFO:

2018-12-15 23:19:26,370:INFO:The numbers in this password are: ['4']
2018-12-15 23:19:26,370:INFO:The '4' was the 2nd character
2018-12-15 23:19:26,370:INFO:

2018-12-15 23:19:26,371:INFO:The symbols in this password are: ['!']
2018-12-15 23:19:26,371:INFO:The '!' was the 5th character
2018-12-15 23:19:26,371:INFO:

2018-12-15 23:19:26,439:INFO:The length of 'T4st!ng' is 7
2018-12-15 23:19:26,440:INFO:As a list it looks like this ['T', '4', 's', 't', '!', 'n', 'g']
2018-12-15 23:19:26,441:INFO:The letters in this password are: ['T', 's', 't', 'n', 'g']
2018-12-15 23:19:26,441:INFO:The 'T' was the 1st character
2018-12-15 23:19:26,442:INFO:The 's' was the 3rd character
2018-12-15 23:19:26,442:INFO:The 't' was the 4th character
2018-12-15 23:19:26,443:INFO:The 'n' was the 6th character
2018-12-15 23:19:26,443:INFO:The 'g' was the 7th character
2018-12-15 23:19:26,443:INFO:

2018-12-15 23:19:26,444:INFO:The numbers in this password are: ['4']
2018-12-15 23:19:26,445:INFO:The '4' was the 2nd character
2018-12-15 23:19:26,445:INFO:

2018-12-15 23:19:26,447:INFO:The symbols in this password are: ['!']
2018-12-15 23:19:26,447:INFO:The '!' was the 5th character
2018-12-15 23:19:26,447:INFO:

2018-12-15 23:19:26,513:INFO:The length of 'T4st!ng' is 7
2018-12-15 23:19:26,514:INFO:As a list it looks like this ['T', '4', 's', 't', '!', 'n', 'g']
2018-12-15 23:19:26,515:INFO:The letters in this password are: ['T', 's', 't', 'n', 'g']
2018-12-15 23:19:26,515:INFO:The 'T' was the 1st character
2018-12-15 23:19:26,516:INFO:The 's' was the 3rd character
2018-12-15 23:19:26,517:INFO:The 't' was the 4th character
2018-12-15 23:19:26,519:INFO:The 'n' was the 6th character
2018-12-15 23:19:26,520:INFO:The 'g' was the 7th character
2018-12-15 23:19:26,521:INFO:

2018-12-15 23:19:26,521:INFO:The numbers in this password are: ['4']
2018-12-15 23:19:26,522:INFO:The '4' was the 2nd character
2018-12-15 23:19:26,522:INFO:

2018-12-15 23:19:26,529:INFO:The symbols in this password are: ['!']
2018-12-15 23:19:26,529:INFO:The '!' was the 5th character
2018-12-15 23:19:26,530:INFO:

2018-12-15 23:19:26,597:INFO:The length of 'T4st!ng' is 7
2018-12-15 23:19:26,598:INFO:As a list it looks like this ['T', '4', 's', 't', '!', 'n', 'g']
2018-12-15 23:19:26,598:INFO:The letters in this password are: ['T', 's', 't', 'n', 'g']
2018-12-15 23:19:26,599:INFO:The 'T' was the 1st character
2018-12-15 23:19:26,599:INFO:The 's' was the 3rd character
2018-12-15 23:19:26,599:INFO:The 't' was the 4th character
2018-12-15 23:19:26,600:INFO:The 'n' was the 6th character
2018-12-15 23:19:26,600:INFO:The 'g' was the 7th character
2018-12-15 23:19:26,600:INFO:

2018-12-15 23:19:26,601:INFO:The numbers in this password are: ['4']
2018-12-15 23:19:26,601:INFO:The '4' was the 2nd character
2018-12-15 23:19:26,602:INFO:

2018-12-15 23:19:26,602:INFO:The symbols in this password are: ['!']
2018-12-15 23:19:26,603:INFO:The '!' was the 5th character
2018-12-15 23:19:26,603:INFO:

2018-12-15 23:19:26,668:INFO:The length of 'T4st!ng' is 7
2018-12-15 23:19:26,669:INFO:As a list it looks like this ['T', '4', 's', 't', '!', 'n', 'g']
2018-12-15 23:19:26,669:INFO:The letters in this password are: ['T', 's', 't', 'n', 'g']
2018-12-15 23:19:26,670:INFO:The 'T' was the 1st character
2018-12-15 23:19:26,670:INFO:The 's' was the 3rd character
2018-12-15 23:19:26,670:INFO:The 't' was the 4th character
2018-12-15 23:19:26,671:INFO:The 'n' was the 6th character
2018-12-15 23:19:26,671:INFO:The 'g' was the 7th character
2018-12-15 23:19:26,671:INFO:

2018-12-15 23:19:26,672:INFO:The numbers in this password are: ['4']
2018-12-15 23:19:26,673:INFO:The '4' was the 2nd character
2018-12-15 23:19:26,673:INFO:

2018-12-15 23:19:26,674:INFO:The symbols in this password are: ['!']
2018-12-15 23:19:26,674:INFO:The '!' was the 5th character
2018-12-15 23:19:26,674:INFO:

2018-12-15 23:19:26,733:INFO:The length of 'T4st!ng' is 7
2018-12-15 23:19:26,733:INFO:As a list it looks like this ['T', '4', 's', 't', '!', 'n', 'g']
2018-12-15 23:19:26,733:INFO:The letters in this password are: ['T', 's', 't', 'n', 'g']
2018-12-15 23:19:26,734:INFO:The 'T' was the 1st character
2018-12-15 23:19:26,734:INFO:The 's' was the 3rd character
2018-12-15 23:19:26,734:INFO:The 't' was the 4th character
2018-12-15 23:19:26,735:INFO:The 'n' was the 6th character
2018-12-15 23:19:26,735:INFO:The 'g' was the 7th character
2018-12-15 23:19:26,735:INFO:

2018-12-15 23:19:26,736:INFO:The numbers in this password are: ['4']
2018-12-15 23:19:26,736:INFO:The '4' was the 2nd character
2018-12-15 23:19:26,737:INFO:

2018-12-15 23:19:26,737:INFO:The symbols in this password are: ['!']
2018-12-15 23:19:26,737:INFO:The '!' was the 5th character
2018-12-15 23:19:26,738:INFO:

2018-12-15 23:19:26,796:INFO:The length of 'T4st!ng' is 7
2018-12-15 23:19:26,796:INFO:As a list it looks like this ['T', '4', 's', 't', '!', 'n', 'g']
2018-12-15 23:19:26,797:INFO:The letters in this password are: ['T', 's', 't', 'n', 'g']
2018-12-15 23:19:26,797:INFO:The 'T' was the 1st character
2018-12-15 23:19:26,798:INFO:The 's' was the 3rd character
2018-12-15 23:19:26,798:INFO:The 't' was the 4th character
2018-12-15 23:19:26,798:INFO:The 'n' was the 6th character
2018-12-15 23:19:26,798:INFO:The 'g' was the 7th character
2018-12-15 23:19:26,799:INFO:

2018-12-15 23:19:26,799:INFO:The numbers in this password are: ['4']
2018-12-15 23:19:26,799:INFO:The '4' was the 2nd character
2018-12-15 23:19:26,800:INFO:

2018-12-15 23:19:26,800:INFO:The symbols in this password are: ['!']
2018-12-15 23:19:26,800:INFO:The '!' was the 5th character
2018-12-15 23:19:26,801:INFO:

2018-12-15 23:19:26,858:INFO:The length of 'T4st!ng' is 7
2018-12-15 23:19:26,859:INFO:As a list it looks like this ['T', '4', 's', 't', '!', 'n', 'g']
2018-12-15 23:19:26,859:INFO:The letters in this password are: ['T', 's', 't', 'n', 'g']
2018-12-15 23:19:26,860:INFO:The 'T' was the 1st character
2018-12-15 23:19:26,860:INFO:The 's' was the 3rd character
2018-12-15 23:19:26,860:INFO:The 't' was the 4th character
2018-12-15 23:19:26,860:INFO:The 'n' was the 6th character
2018-12-15 23:19:26,861:INFO:The 'g' was the 7th character
2018-12-15 23:19:26,861:INFO:

2018-12-15 23:19:26,861:INFO:The numbers in this password are: ['4']
2018-12-15 23:19:26,861:INFO:The '4' was the 2nd character
2018-12-15 23:19:26,862:INFO:

2018-12-15 23:19:26,862:INFO:The symbols in this password are: ['!']
2018-12-15 23:19:26,862:INFO:The '!' was the 5th character
2018-12-15 23:19:26,863:INFO:

2018-12-15 23:19:26,922:INFO:The length of 'T4st!ng' is 7
2018-12-15 23:19:26,923:INFO:As a list it looks like this ['T', '4', 's', 't', '!', 'n', 'g']
2018-12-15 23:19:26,923:INFO:The letters in this password are: ['T', 's', 't', 'n', 'g']
2018-12-15 23:19:26,923:INFO:The 'T' was the 1st character
2018-12-15 23:19:26,924:INFO:The 's' was the 3rd character
2018-12-15 23:19:26,924:INFO:The 't' was the 4th character
2018-12-15 23:19:26,924:INFO:The 'n' was the 6th character
2018-12-15 23:19:26,924:INFO:The 'g' was the 7th character
2018-12-15 23:19:26,925:INFO:

2018-12-15 23:19:26,925:INFO:The numbers in this password are: ['4']
2018-12-15 23:19:26,925:INFO:The '4' was the 2nd character
2018-12-15 23:19:26,926:INFO:

2018-12-15 23:19:26,926:INFO:The symbols in this password are: ['!']
2018-12-15 23:19:26,927:INFO:The '!' was the 5th character
2018-12-15 23:19:26,927:INFO:

2018-12-15 23:19:26,987:INFO:The length of 'T4st!ng' is 7
2018-12-15 23:19:26,988:INFO:As a list it looks like this ['T', '4', 's', 't', '!', 'n', 'g']
2018-12-15 23:19:26,988:INFO:The letters in this password are: ['T', 's', 't', 'n', 'g']
2018-12-15 23:19:26,989:INFO:The 'T' was the 1st character
2018-12-15 23:19:26,989:INFO:The 's' was the 3rd character
2018-12-15 23:19:26,989:INFO:The 't' was the 4th character
2018-12-15 23:19:26,990:INFO:The 'n' was the 6th character
2018-12-15 23:19:26,990:INFO:The 'g' was the 7th character
2018-12-15 23:19:26,990:INFO:

2018-12-15 23:19:26,991:INFO:The numbers in this password are: ['4']
2018-12-15 23:19:26,991:INFO:The '4' was the 2nd character
2018-12-15 23:19:26,993:INFO:

2018-12-15 23:19:26,994:INFO:The symbols in this password are: ['!']
2018-12-15 23:19:26,994:INFO:The '!' was the 5th character
2018-12-15 23:19:26,994:INFO:

2018-12-15 23:19:27,052:INFO:The length of 'T4st!ng' is 7
2018-12-15 23:19:27,052:INFO:As a list it looks like this ['T', '4', 's', 't', '!', 'n', 'g']
2018-12-15 23:19:27,053:INFO:The letters in this password are: ['T', 's', 't', 'n', 'g']
2018-12-15 23:19:27,053:INFO:The 'T' was the 1st character
2018-12-15 23:19:27,054:INFO:The 's' was the 3rd character
2018-12-15 23:19:27,054:INFO:The 't' was the 4th character
2018-12-15 23:19:27,054:INFO:The 'n' was the 6th character
2018-12-15 23:19:27,054:INFO:The 'g' was the 7th character
2018-12-15 23:19:27,055:INFO:

2018-12-15 23:19:27,055:INFO:The numbers in this password are: ['4']
2018-12-15 23:19:27,055:INFO:The '4' was the 2nd character
2018-12-15 23:19:27,056:INFO:

2018-12-15 23:19:27,056:INFO:The symbols in this password are: ['!']
2018-12-15 23:19:27,056:INFO:The '!' was the 5th character
2018-12-15 23:19:27,057:INFO:

2018-12-15 23:19:27,113:INFO:The length of 'T4st!ng' is 7
2018-12-15 23:19:27,114:INFO:As a list it looks like this ['T', '4', 's', 't', '!', 'n', 'g']
2018-12-15 23:19:27,115:INFO:The letters in this password are: ['T', 's', 't', 'n', 'g']
2018-12-15 23:19:27,116:INFO:The 'T' was the 1st character
2018-12-15 23:19:27,116:INFO:The 's' was the 3rd character
2018-12-15 23:19:27,116:INFO:The 't' was the 4th character
2018-12-15 23:19:27,117:INFO:The 'n' was the 6th character
2018-12-15 23:19:27,117:INFO:The 'g' was the 7th character
2018-12-15 23:19:27,118:INFO:

2018-12-15 23:19:27,119:INFO:The numbers in this password are: ['4']
2018-12-15 23:19:27,120:INFO:The '4' was the 2nd character
2018-12-15 23:19:27,120:INFO:

2018-12-15 23:19:27,122:INFO:The symbols in this password are: ['!']
2018-12-15 23:19:27,122:INFO:The '!' was the 5th character
2018-12-15 23:19:27,125:INFO:

2018-12-15 23:19:27,186:INFO:The length of 'T4st!ng' is 7
2018-12-15 23:19:27,187:INFO:As a list it looks like this ['T', '4', 's', 't', '!', 'n', 'g']
2018-12-15 23:19:27,188:INFO:The letters in this password are: ['T', 's', 't', 'n', 'g']
2018-12-15 23:19:27,188:INFO:The 'T' was the 1st character
2018-12-15 23:19:27,189:INFO:The 's' was the 3rd character
2018-12-15 23:19:27,190:INFO:The 't' was the 4th character
2018-12-15 23:19:27,190:INFO:The 'n' was the 6th character
2018-12-15 23:19:27,191:INFO:The 'g' was the 7th character
2018-12-15 23:19:27,191:INFO:

2018-12-15 23:19:27,192:INFO:The numbers in this password are: ['4']
2018-12-15 23:19:27,193:INFO:The '4' was the 2nd character
2018-12-15 23:19:27,193:INFO:

2018-12-15 23:19:27,194:INFO:The symbols in this password are: ['!']
2018-12-15 23:19:27,194:INFO:The '!' was the 5th character
2018-12-15 23:19:27,194:INFO:

2018-12-15 23:19:27,252:INFO:The length of 'T4st!ng' is 7
2018-12-15 23:19:27,253:INFO:As a list it looks like this ['T', '4', 's', 't', '!', 'n', 'g']
2018-12-15 23:19:27,257:INFO:The letters in this password are: ['T', 's', 't', 'n', 'g']
2018-12-15 23:19:27,257:INFO:The 'T' was the 1st character
2018-12-15 23:19:27,257:INFO:The 's' was the 3rd character
2018-12-15 23:19:27,258:INFO:The 't' was the 4th character
2018-12-15 23:19:27,258:INFO:The 'n' was the 6th character
2018-12-15 23:19:27,258:INFO:The 'g' was the 7th character
2018-12-15 23:19:27,259:INFO:

2018-12-15 23:19:27,259:INFO:The numbers in this password are: ['4']
2018-12-15 23:19:27,259:INFO:The '4' was the 2nd character
2018-12-15 23:19:27,259:INFO:

2018-12-15 23:19:27,260:INFO:The symbols in this password are: ['!']
2018-12-15 23:19:27,260:INFO:The '!' was the 5th character
2018-12-15 23:19:27,260:INFO:

2018-12-15 23:19:27,320:INFO:The length of 'T4st!ng' is 7
2018-12-15 23:19:27,320:INFO:As a list it looks like this ['T', '4', 's', 't', '!', 'n', 'g']
2018-12-15 23:19:27,321:INFO:The letters in this password are: ['T', 's', 't', 'n', 'g']
2018-12-15 23:19:27,321:INFO:The 'T' was the 1st character
2018-12-15 23:19:27,321:INFO:The 's' was the 3rd character
2018-12-15 23:19:27,322:INFO:The 't' was the 4th character
2018-12-15 23:19:27,322:INFO:The 'n' was the 6th character
2018-12-15 23:19:27,322:INFO:The 'g' was the 7th character
2018-12-15 23:19:27,323:INFO:

2018-12-15 23:19:27,323:INFO:The numbers in this password are: ['4']
2018-12-15 23:19:27,324:INFO:The '4' was the 2nd character
2018-12-15 23:19:27,324:INFO:

2018-12-15 23:19:27,325:INFO:The symbols in this password are: ['!']
2018-12-15 23:19:27,325:INFO:The '!' was the 5th character
2018-12-15 23:19:27,325:INFO:

2018-12-15 23:19:27,382:INFO:The length of 'T4st!ng' is 7
2018-12-15 23:19:27,382:INFO:As a list it looks like this ['T', '4', 's', 't', '!', 'n', 'g']
2018-12-15 23:19:27,383:INFO:The letters in this password are: ['T', 's', 't', 'n', 'g']
2018-12-15 23:19:27,383:INFO:The 'T' was the 1st character
2018-12-15 23:19:27,384:INFO:The 's' was the 3rd character
2018-12-15 23:19:27,384:INFO:The 't' was the 4th character
2018-12-15 23:19:27,384:INFO:The 'n' was the 6th character
2018-12-15 23:19:27,385:INFO:The 'g' was the 7th character
2018-12-15 23:19:27,385:INFO:

2018-12-15 23:19:27,386:INFO:The numbers in this password are: ['4']
2018-12-15 23:19:27,386:INFO:The '4' was the 2nd character
2018-12-15 23:19:27,386:INFO:

2018-12-15 23:19:27,387:INFO:The symbols in this password are: ['!']
2018-12-15 23:19:27,387:INFO:The '!' was the 5th character
2018-12-15 23:19:27,387:INFO:

2018-12-15 23:19:27,450:INFO:The length of 'T4st!ng' is 7
2018-12-15 23:19:27,451:INFO:As a list it looks like this ['T', '4', 's', 't', '!', 'n', 'g']
2018-12-15 23:19:27,452:INFO:The letters in this password are: ['T', 's', 't', 'n', 'g']
2018-12-15 23:19:27,452:INFO:The 'T' was the 1st character
2018-12-15 23:19:27,452:INFO:The 's' was the 3rd character
2018-12-15 23:19:27,453:INFO:The 't' was the 4th character
2018-12-15 23:19:27,454:INFO:The 'n' was the 6th character
2018-12-15 23:19:27,454:INFO:The 'g' was the 7th character
2018-12-15 23:19:27,455:INFO:

2018-12-15 23:19:27,455:INFO:The numbers in this password are: ['4']
2018-12-15 23:19:27,456:INFO:The '4' was the 2nd character
2018-12-15 23:19:27,456:INFO:

2018-12-15 23:19:27,456:INFO:The symbols in this password are: ['!']
2018-12-15 23:19:27,457:INFO:The '!' was the 5th character
2018-12-15 23:19:27,457:INFO:

2018-12-15 23:19:27,515:INFO:The length of 'T4st!ng' is 7
2018-12-15 23:19:27,515:INFO:As a list it looks like this ['T', '4', 's', 't', '!', 'n', 'g']
2018-12-15 23:19:27,516:INFO:The letters in this password are: ['T', 's', 't', 'n', 'g']
2018-12-15 23:19:27,517:INFO:The 'T' was the 1st character
2018-12-15 23:19:27,518:INFO:The 's' was the 3rd character
2018-12-15 23:19:27,519:INFO:The 't' was the 4th character
2018-12-15 23:19:27,520:INFO:The 'n' was the 6th character
2018-12-15 23:19:27,520:INFO:The 'g' was the 7th character
2018-12-15 23:19:27,521:INFO:

2018-12-15 23:19:27,521:INFO:The numbers in this password are: ['4']
2018-12-15 23:19:27,522:INFO:The '4' was the 2nd character
2018-12-15 23:19:27,522:INFO:

2018-12-15 23:19:27,523:INFO:The symbols in this password are: ['!']
2018-12-15 23:19:27,523:INFO:The '!' was the 5th character
2018-12-15 23:19:27,525:INFO:

2018-12-15 23:19:27,592:INFO:The length of 'T4st!ng' is 7
2018-12-15 23:19:27,592:INFO:As a list it looks like this ['T', '4', 's', 't', '!', 'n', 'g']
2018-12-15 23:19:27,593:INFO:The letters in this password are: ['T', 's', 't', 'n', 'g']
2018-12-15 23:19:27,593:INFO:The 'T' was the 1st character
2018-12-15 23:19:27,593:INFO:The 's' was the 3rd character
2018-12-15 23:19:27,594:INFO:The 't' was the 4th character
2018-12-15 23:19:27,594:INFO:The 'n' was the 6th character
2018-12-15 23:19:27,595:INFO:The 'g' was the 7th character
2018-12-15 23:19:27,595:INFO:

2018-12-15 23:19:27,595:INFO:The numbers in this password are: ['4']
2018-12-15 23:19:27,596:INFO:The '4' was the 2nd character
2018-12-15 23:19:27,596:INFO:

2018-12-15 23:19:27,596:INFO:The symbols in this password are: ['!']
2018-12-15 23:19:27,597:INFO:The '!' was the 5th character
2018-12-15 23:19:27,597:INFO:

2018-12-15 23:19:27,661:INFO:The length of 'T4st!ng' is 7
2018-12-15 23:19:27,662:INFO:As a list it looks like this ['T', '4', 's', 't', '!', 'n', 'g']
2018-12-15 23:19:27,662:INFO:The letters in this password are: ['T', 's', 't', 'n', 'g']
2018-12-15 23:19:27,663:INFO:The 'T' was the 1st character
2018-12-15 23:19:27,663:INFO:The 's' was the 3rd character
2018-12-15 23:19:27,663:INFO:The 't' was the 4th character
2018-12-15 23:19:27,663:INFO:The 'n' was the 6th character
2018-12-15 23:19:27,664:INFO:The 'g' was the 7th character
2018-12-15 23:19:27,664:INFO:

2018-12-15 23:19:27,665:INFO:The numbers in this password are: ['4']
2018-12-15 23:19:27,665:INFO:The '4' was the 2nd character
2018-12-15 23:19:27,665:INFO:

2018-12-15 23:19:27,666:INFO:The symbols in this password are: ['!']
2018-12-15 23:19:27,666:INFO:The '!' was the 5th character
2018-12-15 23:19:27,666:INFO:

2018-12-15 23:19:27,723:INFO:The length of 'T4st!ng' is 7
2018-12-15 23:19:27,723:INFO:As a list it looks like this ['T', '4', 's', 't', '!', 'n', 'g']
2018-12-15 23:19:27,724:INFO:The letters in this password are: ['T', 's', 't', 'n', 'g']
2018-12-15 23:19:27,724:INFO:The 'T' was the 1st character
2018-12-15 23:19:27,724:INFO:The 's' was the 3rd character
2018-12-15 23:19:27,724:INFO:The 't' was the 4th character
2018-12-15 23:19:27,725:INFO:The 'n' was the 6th character
2018-12-15 23:19:27,725:INFO:The 'g' was the 7th character
2018-12-15 23:19:27,725:INFO:

2018-12-15 23:19:27,726:INFO:The numbers in this password are: ['4']
2018-12-15 23:19:27,726:INFO:The '4' was the 2nd character
2018-12-15 23:19:27,727:INFO:

2018-12-15 23:19:27,727:INFO:The symbols in this password are: ['!']
2018-12-15 23:19:27,728:INFO:The '!' was the 5th character
2018-12-15 23:19:27,728:INFO:

2018-12-15 23:19:27,787:INFO:The length of 'T4st!ng' is 7
2018-12-15 23:19:27,787:INFO:As a list it looks like this ['T', '4', 's', 't', '!', 'n', 'g']
2018-12-15 23:19:27,788:INFO:The letters in this password are: ['T', 's', 't', 'n', 'g']
2018-12-15 23:19:27,788:INFO:The 'T' was the 1st character
2018-12-15 23:19:27,788:INFO:The 's' was the 3rd character
2018-12-15 23:19:27,789:INFO:The 't' was the 4th character
2018-12-15 23:19:27,789:INFO:The 'n' was the 6th character
2018-12-15 23:19:27,789:INFO:The 'g' was the 7th character
2018-12-15 23:19:27,789:INFO:

2018-12-15 23:19:27,790:INFO:The numbers in this password are: ['4']
2018-12-15 23:19:27,790:INFO:The '4' was the 2nd character
2018-12-15 23:19:27,790:INFO:

2018-12-15 23:19:27,791:INFO:The symbols in this password are: ['!']
2018-12-15 23:19:27,791:INFO:The '!' was the 5th character
2018-12-15 23:19:27,791:INFO:

2018-12-15 23:19:27,852:INFO:The length of 'T4st!ng' is 7
2018-12-15 23:19:27,853:INFO:As a list it looks like this ['T', '4', 's', 't', '!', 'n', 'g']
2018-12-15 23:19:27,854:INFO:The letters in this password are: ['T', 's', 't', 'n', 'g']
2018-12-15 23:19:27,854:INFO:The 'T' was the 1st character
2018-12-15 23:19:27,855:INFO:The 's' was the 3rd character
2018-12-15 23:19:27,855:INFO:The 't' was the 4th character
2018-12-15 23:19:27,856:INFO:The 'n' was the 6th character
2018-12-15 23:19:27,857:INFO:The 'g' was the 7th character
2018-12-15 23:19:27,857:INFO:

2018-12-15 23:19:27,858:INFO:The numbers in this password are: ['4']
2018-12-15 23:19:27,858:INFO:The '4' was the 2nd character
2018-12-15 23:19:27,858:INFO:

2018-12-15 23:19:27,859:INFO:The symbols in this password are: ['!']
2018-12-15 23:19:27,859:INFO:The '!' was the 5th character
2018-12-15 23:19:27,859:INFO:

2018-12-15 23:19:27,918:INFO:The length of 'T4st!ng' is 7
2018-12-15 23:19:27,919:INFO:As a list it looks like this ['T', '4', 's', 't', '!', 'n', 'g']
2018-12-15 23:19:27,919:INFO:The letters in this password are: ['T', 's', 't', 'n', 'g']
2018-12-15 23:19:27,920:INFO:The 'T' was the 1st character
2018-12-15 23:19:27,920:INFO:The 's' was the 3rd character
2018-12-15 23:19:27,920:INFO:The 't' was the 4th character
2018-12-15 23:19:27,921:INFO:The 'n' was the 6th character
2018-12-15 23:19:27,921:INFO:The 'g' was the 7th character
2018-12-15 23:19:27,921:INFO:

2018-12-15 23:19:27,922:INFO:The numbers in this password are: ['4']
2018-12-15 23:19:27,922:INFO:The '4' was the 2nd character
2018-12-15 23:19:27,922:INFO:

2018-12-15 23:19:27,923:INFO:The symbols in this password are: ['!']
2018-12-15 23:19:27,923:INFO:The '!' was the 5th character
2018-12-15 23:19:27,923:INFO:

2018-12-15 23:19:27,980:INFO:The length of 'T4st!ng' is 7
2018-12-15 23:19:27,981:INFO:As a list it looks like this ['T', '4', 's', 't', '!', 'n', 'g']
2018-12-15 23:19:27,982:INFO:The letters in this password are: ['T', 's', 't', 'n', 'g']
2018-12-15 23:19:27,982:INFO:The 'T' was the 1st character
2018-12-15 23:19:27,982:INFO:The 's' was the 3rd character
2018-12-15 23:19:27,983:INFO:The 't' was the 4th character
2018-12-15 23:19:27,983:INFO:The 'n' was the 6th character
2018-12-15 23:19:27,983:INFO:The 'g' was the 7th character
2018-12-15 23:19:27,984:INFO:

2018-12-15 23:19:27,984:INFO:The numbers in this password are: ['4']
2018-12-15 23:19:27,985:INFO:The '4' was the 2nd character
2018-12-15 23:19:27,985:INFO:

2018-12-15 23:19:27,986:INFO:The symbols in this password are: ['!']
2018-12-15 23:19:27,986:INFO:The '!' was the 5th character
2018-12-15 23:19:27,986:INFO:

2018-12-15 23:19:28,052:INFO:The length of 'T4st!ng' is 7
2018-12-15 23:19:28,052:INFO:As a list it looks like this ['T', '4', 's', 't', '!', 'n', 'g']
2018-12-15 23:19:28,053:INFO:The letters in this password are: ['T', 's', 't', 'n', 'g']
2018-12-15 23:19:28,053:INFO:The 'T' was the 1st character
2018-12-15 23:19:28,054:INFO:The 's' was the 3rd character
2018-12-15 23:19:28,055:INFO:The 't' was the 4th character
2018-12-15 23:19:28,055:INFO:The 'n' was the 6th character
2018-12-15 23:19:28,056:INFO:The 'g' was the 7th character
2018-12-15 23:19:28,056:INFO:

2018-12-15 23:19:28,057:INFO:The numbers in this password are: ['4']
2018-12-15 23:19:28,057:INFO:The '4' was the 2nd character
2018-12-15 23:19:28,058:INFO:

2018-12-15 23:19:28,058:INFO:The symbols in this password are: ['!']
2018-12-15 23:19:28,059:INFO:The '!' was the 5th character
2018-12-15 23:19:28,059:INFO:

2018-12-15 23:19:28,116:INFO:The length of 'T4st!ng' is 7
2018-12-15 23:19:28,117:INFO:As a list it looks like this ['T', '4', 's', 't', '!', 'n', 'g']
2018-12-15 23:19:28,117:INFO:The letters in this password are: ['T', 's', 't', 'n', 'g']
2018-12-15 23:19:28,117:INFO:The 'T' was the 1st character
2018-12-15 23:19:28,118:INFO:The 's' was the 3rd character
2018-12-15 23:19:28,118:INFO:The 't' was the 4th character
2018-12-15 23:19:28,118:INFO:The 'n' was the 6th character
2018-12-15 23:19:28,118:INFO:The 'g' was the 7th character
2018-12-15 23:19:28,119:INFO:

2018-12-15 23:19:28,119:INFO:The numbers in this password are: ['4']
2018-12-15 23:19:28,119:INFO:The '4' was the 2nd character
2018-12-15 23:19:28,120:INFO:

2018-12-15 23:19:28,120:INFO:The symbols in this password are: ['!']
2018-12-15 23:19:28,120:INFO:The '!' was the 5th character
2018-12-15 23:19:28,121:INFO:

2018-12-15 23:19:28,180:INFO:The length of 'T4st!ng' is 7
2018-12-15 23:19:28,181:INFO:As a list it looks like this ['T', '4', 's', 't', '!', 'n', 'g']
2018-12-15 23:19:28,181:INFO:The letters in this password are: ['T', 's', 't', 'n', 'g']
2018-12-15 23:19:28,181:INFO:The 'T' was the 1st character
2018-12-15 23:19:28,182:INFO:The 's' was the 3rd character
2018-12-15 23:19:28,182:INFO:The 't' was the 4th character
2018-12-15 23:19:28,182:INFO:The 'n' was the 6th character
2018-12-15 23:19:28,183:INFO:The 'g' was the 7th character
2018-12-15 23:19:28,183:INFO:

2018-12-15 23:19:28,184:INFO:The numbers in this password are: ['4']
2018-12-15 23:19:28,184:INFO:The '4' was the 2nd character
2018-12-15 23:19:28,184:INFO:

2018-12-15 23:19:28,185:INFO:The symbols in this password are: ['!']
2018-12-15 23:19:28,185:INFO:The '!' was the 5th character
2018-12-15 23:19:28,185:INFO:

2018-12-15 23:19:28,244:INFO:The length of 'T4st!ng' is 7
2018-12-15 23:19:28,245:INFO:As a list it looks like this ['T', '4', 's', 't', '!', 'n', 'g']
2018-12-15 23:19:28,246:INFO:The letters in this password are: ['T', 's', 't', 'n', 'g']
2018-12-15 23:19:28,246:INFO:The 'T' was the 1st character
2018-12-15 23:19:28,246:INFO:The 's' was the 3rd character
2018-12-15 23:19:28,247:INFO:The 't' was the 4th character
2018-12-15 23:19:28,247:INFO:The 'n' was the 6th character
2018-12-15 23:19:28,247:INFO:The 'g' was the 7th character
2018-12-15 23:19:28,248:INFO:

2018-12-15 23:19:28,248:INFO:The numbers in this password are: ['4']
2018-12-15 23:19:28,248:INFO:The '4' was the 2nd character
2018-12-15 23:19:28,249:INFO:

2018-12-15 23:19:28,249:INFO:The symbols in this password are: ['!']
2018-12-15 23:19:28,249:INFO:The '!' was the 5th character
2018-12-15 23:19:28,250:INFO:

2018-12-15 23:19:28,307:INFO:The length of 'T4st!ng' is 7
2018-12-15 23:19:28,308:INFO:As a list it looks like this ['T', '4', 's', 't', '!', 'n', 'g']
2018-12-15 23:19:28,308:INFO:The letters in this password are: ['T', 's', 't', 'n', 'g']
2018-12-15 23:19:28,309:INFO:The 'T' was the 1st character
2018-12-15 23:19:28,309:INFO:The 's' was the 3rd character
2018-12-15 23:19:28,309:INFO:The 't' was the 4th character
2018-12-15 23:19:28,309:INFO:The 'n' was the 6th character
2018-12-15 23:19:28,310:INFO:The 'g' was the 7th character
2018-12-15 23:19:28,310:INFO:

2018-12-15 23:19:28,311:INFO:The numbers in this password are: ['4']
2018-12-15 23:19:28,311:INFO:The '4' was the 2nd character
2018-12-15 23:19:28,311:INFO:

2018-12-15 23:19:28,312:INFO:The symbols in this password are: ['!']
2018-12-15 23:19:28,312:INFO:The '!' was the 5th character
2018-12-15 23:19:28,312:INFO:

2018-12-15 23:19:28,374:INFO:The length of 'T4st!ng' is 7
2018-12-15 23:19:28,375:INFO:As a list it looks like this ['T', '4', 's', 't', '!', 'n', 'g']
2018-12-15 23:19:28,375:INFO:The letters in this password are: ['T', 's', 't', 'n', 'g']
2018-12-15 23:19:28,376:INFO:The 'T' was the 1st character
2018-12-15 23:19:28,376:INFO:The 's' was the 3rd character
2018-12-15 23:19:28,376:INFO:The 't' was the 4th character
2018-12-15 23:19:28,376:INFO:The 'n' was the 6th character
2018-12-15 23:19:28,377:INFO:The 'g' was the 7th character
2018-12-15 23:19:28,377:INFO:

2018-12-15 23:19:28,377:INFO:The numbers in this password are: ['4']
2018-12-15 23:19:28,378:INFO:The '4' was the 2nd character
2018-12-15 23:19:28,378:INFO:

2018-12-15 23:19:28,379:INFO:The symbols in this password are: ['!']
2018-12-15 23:19:28,379:INFO:The '!' was the 5th character
2018-12-15 23:19:28,379:INFO:

2018-12-15 23:19:28,442:INFO:The length of 'T4st!ng' is 7
2018-12-15 23:19:28,443:INFO:As a list it looks like this ['T', '4', 's', 't', '!', 'n', 'g']
2018-12-15 23:19:28,443:INFO:The letters in this password are: ['T', 's', 't', 'n', 'g']
2018-12-15 23:19:28,444:INFO:The 'T' was the 1st character
2018-12-15 23:19:28,444:INFO:The 's' was the 3rd character
2018-12-15 23:19:28,444:INFO:The 't' was the 4th character
2018-12-15 23:19:28,444:INFO:The 'n' was the 6th character
2018-12-15 23:19:28,445:INFO:The 'g' was the 7th character
2018-12-15 23:19:28,445:INFO:

2018-12-15 23:19:28,446:INFO:The numbers in this password are: ['4']
2018-12-15 23:19:28,446:INFO:The '4' was the 2nd character
2018-12-15 23:19:28,446:INFO:

2018-12-15 23:19:28,447:INFO:The symbols in this password are: ['!']
2018-12-15 23:19:28,447:INFO:The '!' was the 5th character
2018-12-15 23:19:28,448:INFO:

2018-12-15 23:19:28,506:INFO:The length of 'T4st!ng' is 7
2018-12-15 23:19:28,507:INFO:As a list it looks like this ['T', '4', 's', 't', '!', 'n', 'g']
2018-12-15 23:19:28,507:INFO:The letters in this password are: ['T', 's', 't', 'n', 'g']
2018-12-15 23:19:28,508:INFO:The 'T' was the 1st character
2018-12-15 23:19:28,508:INFO:The 's' was the 3rd character
2018-12-15 23:19:28,508:INFO:The 't' was the 4th character
2018-12-15 23:19:28,509:INFO:The 'n' was the 6th character
2018-12-15 23:19:28,509:INFO:The 'g' was the 7th character
2018-12-15 23:19:28,509:INFO:

2018-12-15 23:19:28,510:INFO:The numbers in this password are: ['4']
2018-12-15 23:19:28,510:INFO:The '4' was the 2nd character
2018-12-15 23:19:28,510:INFO:

2018-12-15 23:19:28,511:INFO:The symbols in this password are: ['!']
2018-12-15 23:19:28,512:INFO:The '!' was the 5th character
2018-12-15 23:19:28,512:INFO:

2018-12-15 23:19:28,580:INFO:The length of 'T4st!ng' is 7
2018-12-15 23:19:28,581:INFO:As a list it looks like this ['T', '4', 's', 't', '!', 'n', 'g']
2018-12-15 23:19:28,582:INFO:The letters in this password are: ['T', 's', 't', 'n', 'g']
2018-12-15 23:19:28,582:INFO:The 'T' was the 1st character
2018-12-15 23:19:28,582:INFO:The 's' was the 3rd character
2018-12-15 23:19:28,583:INFO:The 't' was the 4th character
2018-12-15 23:19:28,583:INFO:The 'n' was the 6th character
2018-12-15 23:19:28,583:INFO:The 'g' was the 7th character
2018-12-15 23:19:28,583:INFO:

2018-12-15 23:19:28,584:INFO:The numbers in this password are: ['4']
2018-12-15 23:19:28,584:INFO:The '4' was the 2nd character
2018-12-15 23:19:28,585:INFO:

2018-12-15 23:19:28,585:INFO:The symbols in this password are: ['!']
2018-12-15 23:19:28,585:INFO:The '!' was the 5th character
2018-12-15 23:19:28,586:INFO:

2018-12-15 23:19:28,648:INFO:The length of 'T4st!ng' is 7
2018-12-15 23:19:28,649:INFO:As a list it looks like this ['T', '4', 's', 't', '!', 'n', 'g']
2018-12-15 23:19:28,650:INFO:The letters in this password are: ['T', 's', 't', 'n', 'g']
2018-12-15 23:19:28,651:INFO:The 'T' was the 1st character
2018-12-15 23:19:28,651:INFO:The 's' was the 3rd character
2018-12-15 23:19:28,652:INFO:The 't' was the 4th character
2018-12-15 23:19:28,653:INFO:The 'n' was the 6th character
2018-12-15 23:19:28,655:INFO:The 'g' was the 7th character
2018-12-15 23:19:28,655:INFO:

2018-12-15 23:19:28,656:INFO:The numbers in this password are: ['4']
2018-12-15 23:19:28,656:INFO:The '4' was the 2nd character
2018-12-15 23:19:28,657:INFO:

2018-12-15 23:19:28,657:INFO:The symbols in this password are: ['!']
2018-12-15 23:19:28,658:INFO:The '!' was the 5th character
2018-12-15 23:19:28,661:INFO:

2018-12-15 23:19:28,719:INFO:The length of 'T4st!ng' is 7
2018-12-15 23:19:28,719:INFO:As a list it looks like this ['T', '4', 's', 't', '!', 'n', 'g']
2018-12-15 23:19:28,720:INFO:The letters in this password are: ['T', 's', 't', 'n', 'g']
2018-12-15 23:19:28,720:INFO:The 'T' was the 1st character
2018-12-15 23:19:28,720:INFO:The 's' was the 3rd character
2018-12-15 23:19:28,721:INFO:The 't' was the 4th character
2018-12-15 23:19:28,721:INFO:The 'n' was the 6th character
2018-12-15 23:19:28,721:INFO:The 'g' was the 7th character
2018-12-15 23:19:28,721:INFO:

2018-12-15 23:19:28,722:INFO:The numbers in this password are: ['4']
2018-12-15 23:19:28,722:INFO:The '4' was the 2nd character
2018-12-15 23:19:28,723:INFO:

2018-12-15 23:19:28,723:INFO:The symbols in this password are: ['!']
2018-12-15 23:19:28,723:INFO:The '!' was the 5th character
2018-12-15 23:19:28,724:INFO:

2018-12-15 23:19:28,785:INFO:The length of 'T4st!ng' is 7
2018-12-15 23:19:28,786:INFO:As a list it looks like this ['T', '4', 's', 't', '!', 'n', 'g']
2018-12-15 23:19:28,786:INFO:The letters in this password are: ['T', 's', 't', 'n', 'g']
2018-12-15 23:19:28,787:INFO:The 'T' was the 1st character
2018-12-15 23:19:28,787:INFO:The 's' was the 3rd character
2018-12-15 23:19:28,787:INFO:The 't' was the 4th character
2018-12-15 23:19:28,788:INFO:The 'n' was the 6th character
2018-12-15 23:19:28,788:INFO:The 'g' was the 7th character
2018-12-15 23:19:28,789:INFO:

2018-12-15 23:19:28,790:INFO:The numbers in this password are: ['4']
2018-12-15 23:19:28,792:INFO:The '4' was the 2nd character
2018-12-15 23:19:28,793:INFO:

2018-12-15 23:19:28,794:INFO:The symbols in this password are: ['!']
2018-12-15 23:19:28,794:INFO:The '!' was the 5th character
2018-12-15 23:19:28,794:INFO:

2018-12-15 23:19:28,853:INFO:The length of 'T4st!ng' is 7
2018-12-15 23:19:28,854:INFO:As a list it looks like this ['T', '4', 's', 't', '!', 'n', 'g']
2018-12-15 23:19:28,855:INFO:The letters in this password are: ['T', 's', 't', 'n', 'g']
2018-12-15 23:19:28,856:INFO:The 'T' was the 1st character
2018-12-15 23:19:28,856:INFO:The 's' was the 3rd character
2018-12-15 23:19:28,856:INFO:The 't' was the 4th character
2018-12-15 23:19:28,857:INFO:The 'n' was the 6th character
2018-12-15 23:19:28,857:INFO:The 'g' was the 7th character
2018-12-15 23:19:28,857:INFO:

2018-12-15 23:19:28,858:INFO:The numbers in this password are: ['4']
2018-12-15 23:19:28,858:INFO:The '4' was the 2nd character
2018-12-15 23:19:28,859:INFO:

2018-12-15 23:19:28,859:INFO:The symbols in this password are: ['!']
2018-12-15 23:19:28,860:INFO:The '!' was the 5th character
2018-12-15 23:19:28,860:INFO:

2018-12-15 23:19:28,915:INFO:The length of 'T4st!ng' is 7
2018-12-15 23:19:28,916:INFO:As a list it looks like this ['T', '4', 's', 't', '!', 'n', 'g']
2018-12-15 23:19:28,916:INFO:The letters in this password are: ['T', 's', 't', 'n', 'g']
2018-12-15 23:19:28,917:INFO:The 'T' was the 1st character
2018-12-15 23:19:28,917:INFO:The 's' was the 3rd character
2018-12-15 23:19:28,917:INFO:The 't' was the 4th character
2018-12-15 23:19:28,918:INFO:The 'n' was the 6th character
2018-12-15 23:19:28,919:INFO:The 'g' was the 7th character
2018-12-15 23:19:28,919:INFO:

2018-12-15 23:19:28,920:INFO:The numbers in this password are: ['4']
2018-12-15 23:19:28,920:INFO:The '4' was the 2nd character
2018-12-15 23:19:28,920:INFO:

2018-12-15 23:19:28,921:INFO:The symbols in this password are: ['!']
2018-12-15 23:19:28,921:INFO:The '!' was the 5th character
2018-12-15 23:19:28,922:INFO:

2018-12-15 23:19:28,986:INFO:The length of 'T4st!ng' is 7
2018-12-15 23:19:28,986:INFO:As a list it looks like this ['T', '4', 's', 't', '!', 'n', 'g']
2018-12-15 23:19:28,987:INFO:The letters in this password are: ['T', 's', 't', 'n', 'g']
2018-12-15 23:19:28,987:INFO:The 'T' was the 1st character
2018-12-15 23:19:28,987:INFO:The 's' was the 3rd character
2018-12-15 23:19:28,987:INFO:The 't' was the 4th character
2018-12-15 23:19:28,988:INFO:The 'n' was the 6th character
2018-12-15 23:19:28,988:INFO:The 'g' was the 7th character
2018-12-15 23:19:28,988:INFO:

2018-12-15 23:19:28,989:INFO:The numbers in this password are: ['4']
2018-12-15 23:19:28,989:INFO:The '4' was the 2nd character
2018-12-15 23:19:28,990:INFO:

2018-12-15 23:19:28,990:INFO:The symbols in this password are: ['!']
2018-12-15 23:19:28,990:INFO:The '!' was the 5th character
2018-12-15 23:19:28,991:INFO:

2018-12-15 23:19:29,059:INFO:The length of 'T4st!ng' is 7
2018-12-15 23:19:29,059:INFO:As a list it looks like this ['T', '4', 's', 't', '!', 'n', 'g']
2018-12-15 23:19:29,061:INFO:The letters in this password are: ['T', 's', 't', 'n', 'g']
2018-12-15 23:19:29,061:INFO:The 'T' was the 1st character
2018-12-15 23:19:29,061:INFO:The 's' was the 3rd character
2018-12-15 23:19:29,061:INFO:The 't' was the 4th character
2018-12-15 23:19:29,062:INFO:The 'n' was the 6th character
2018-12-15 23:19:29,062:INFO:The 'g' was the 7th character
2018-12-15 23:19:29,063:INFO:

2018-12-15 23:19:29,064:INFO:The numbers in this password are: ['4']
2018-12-15 23:19:29,064:INFO:The '4' was the 2nd character
2018-12-15 23:19:29,064:INFO:

2018-12-15 23:19:29,065:INFO:The symbols in this password are: ['!']
2018-12-15 23:19:29,065:INFO:The '!' was the 5th character
2018-12-15 23:19:29,066:INFO:

2018-12-15 23:19:29,125:INFO:The length of 'T4st!ng' is 7
2018-12-15 23:19:29,125:INFO:As a list it looks like this ['T', '4', 's', 't', '!', 'n', 'g']
2018-12-15 23:19:29,126:INFO:The letters in this password are: ['T', 's', 't', 'n', 'g']
2018-12-15 23:19:29,127:INFO:The 'T' was the 1st character
2018-12-15 23:19:29,127:INFO:The 's' was the 3rd character
2018-12-15 23:19:29,127:INFO:The 't' was the 4th character
2018-12-15 23:19:29,127:INFO:The 'n' was the 6th character
2018-12-15 23:19:29,128:INFO:The 'g' was the 7th character
2018-12-15 23:19:29,128:INFO:

2018-12-15 23:19:29,129:INFO:The numbers in this password are: ['4']
2018-12-15 23:19:29,129:INFO:The '4' was the 2nd character
2018-12-15 23:19:29,129:INFO:

2018-12-15 23:19:29,130:INFO:The symbols in this password are: ['!']
2018-12-15 23:19:29,130:INFO:The '!' was the 5th character
2018-12-15 23:19:29,130:INFO:

2018-12-15 23:19:29,195:INFO:The length of 'T4st!ng' is 7
2018-12-15 23:19:29,195:INFO:As a list it looks like this ['T', '4', 's', 't', '!', 'n', 'g']
2018-12-15 23:19:29,196:INFO:The letters in this password are: ['T', 's', 't', 'n', 'g']
2018-12-15 23:19:29,196:INFO:The 'T' was the 1st character
2018-12-15 23:19:29,196:INFO:The 's' was the 3rd character
2018-12-15 23:19:29,197:INFO:The 't' was the 4th character
2018-12-15 23:19:29,197:INFO:The 'n' was the 6th character
2018-12-15 23:19:29,197:INFO:The 'g' was the 7th character
2018-12-15 23:19:29,198:INFO:

2018-12-15 23:19:29,198:INFO:The numbers in this password are: ['4']
2018-12-15 23:19:29,199:INFO:The '4' was the 2nd character
2018-12-15 23:19:29,199:INFO:

2018-12-15 23:19:29,200:INFO:The symbols in this password are: ['!']
2018-12-15 23:19:29,200:INFO:The '!' was the 5th character
2018-12-15 23:19:29,200:INFO:

2018-12-15 23:19:29,260:INFO:The length of 'T4st!ng' is 7
2018-12-15 23:19:29,260:INFO:As a list it looks like this ['T', '4', 's', 't', '!', 'n', 'g']
2018-12-15 23:19:29,261:INFO:The letters in this password are: ['T', 's', 't', 'n', 'g']
2018-12-15 23:19:29,261:INFO:The 'T' was the 1st character
2018-12-15 23:19:29,261:INFO:The 's' was the 3rd character
2018-12-15 23:19:29,261:INFO:The 't' was the 4th character
2018-12-15 23:19:29,262:INFO:The 'n' was the 6th character
2018-12-15 23:19:29,263:INFO:The 'g' was the 7th character
2018-12-15 23:19:29,263:INFO:

2018-12-15 23:19:29,264:INFO:The numbers in this password are: ['4']
2018-12-15 23:19:29,264:INFO:The '4' was the 2nd character
2018-12-15 23:19:29,264:INFO:

2018-12-15 23:19:29,265:INFO:The symbols in this password are: ['!']
2018-12-15 23:19:29,265:INFO:The '!' was the 5th character
2018-12-15 23:19:29,265:INFO:

2018-12-15 23:19:29,323:INFO:The length of 'T4st!ng' is 7
2018-12-15 23:19:29,324:INFO:As a list it looks like this ['T', '4', 's', 't', '!', 'n', 'g']
2018-12-15 23:19:29,325:INFO:The letters in this password are: ['T', 's', 't', 'n', 'g']
2018-12-15 23:19:29,325:INFO:The 'T' was the 1st character
2018-12-15 23:19:29,326:INFO:The 's' was the 3rd character
2018-12-15 23:19:29,326:INFO:The 't' was the 4th character
2018-12-15 23:19:29,327:INFO:The 'n' was the 6th character
2018-12-15 23:19:29,327:INFO:The 'g' was the 7th character
2018-12-15 23:19:29,327:INFO:

2018-12-15 23:19:29,328:INFO:The numbers in this password are: ['4']
2018-12-15 23:19:29,328:INFO:The '4' was the 2nd character
2018-12-15 23:19:29,329:INFO:

2018-12-15 23:19:29,330:INFO:The symbols in this password are: ['!']
2018-12-15 23:19:29,330:INFO:The '!' was the 5th character
2018-12-15 23:19:29,331:INFO:

2018-12-15 23:19:29,391:INFO:The length of 'T4st!ng' is 7
2018-12-15 23:19:29,392:INFO:As a list it looks like this ['T', '4', 's', 't', '!', 'n', 'g']
2018-12-15 23:19:29,392:INFO:The letters in this password are: ['T', 's', 't', 'n', 'g']
2018-12-15 23:19:29,392:INFO:The 'T' was the 1st character
2018-12-15 23:19:29,393:INFO:The 's' was the 3rd character
2018-12-15 23:19:29,393:INFO:The 't' was the 4th character
2018-12-15 23:19:29,393:INFO:The 'n' was the 6th character
2018-12-15 23:19:29,394:INFO:The 'g' was the 7th character
2018-12-15 23:19:29,394:INFO:

2018-12-15 23:19:29,395:INFO:The numbers in this password are: ['4']
2018-12-15 23:19:29,395:INFO:The '4' was the 2nd character
2018-12-15 23:19:29,395:INFO:

2018-12-15 23:19:29,396:INFO:The symbols in this password are: ['!']
2018-12-15 23:19:29,396:INFO:The '!' was the 5th character
2018-12-15 23:19:29,396:INFO:

2018-12-15 23:19:29,462:INFO:The length of 'T4st!ng' is 7
2018-12-15 23:19:29,462:INFO:As a list it looks like this ['T', '4', 's', 't', '!', 'n', 'g']
2018-12-15 23:19:29,464:INFO:The letters in this password are: ['T', 's', 't', 'n', 'g']
2018-12-15 23:19:29,464:INFO:The 'T' was the 1st character
2018-12-15 23:19:29,465:INFO:The 's' was the 3rd character
2018-12-15 23:19:29,465:INFO:The 't' was the 4th character
2018-12-15 23:19:29,466:INFO:The 'n' was the 6th character
2018-12-15 23:19:29,466:INFO:The 'g' was the 7th character
2018-12-15 23:19:29,466:INFO:

2018-12-15 23:19:29,467:INFO:The numbers in this password are: ['4']
2018-12-15 23:19:29,467:INFO:The '4' was the 2nd character
2018-12-15 23:19:29,468:INFO:

2018-12-15 23:19:29,468:INFO:The symbols in this password are: ['!']
2018-12-15 23:19:29,469:INFO:The '!' was the 5th character
2018-12-15 23:19:29,469:INFO:

2018-12-15 23:19:29,539:INFO:The length of 'T4st!ng' is 7
2018-12-15 23:19:29,540:INFO:As a list it looks like this ['T', '4', 's', 't', '!', 'n', 'g']
2018-12-15 23:19:29,540:INFO:The letters in this password are: ['T', 's', 't', 'n', 'g']
2018-12-15 23:19:29,541:INFO:The 'T' was the 1st character
2018-12-15 23:19:29,541:INFO:The 's' was the 3rd character
2018-12-15 23:19:29,542:INFO:The 't' was the 4th character
2018-12-15 23:19:29,542:INFO:The 'n' was the 6th character
2018-12-15 23:19:29,543:INFO:The 'g' was the 7th character
2018-12-15 23:19:29,543:INFO:

2018-12-15 23:19:29,544:INFO:The numbers in this password are: ['4']
2018-12-15 23:19:29,544:INFO:The '4' was the 2nd character
2018-12-15 23:19:29,545:INFO:

2018-12-15 23:19:29,546:INFO:The symbols in this password are: ['!']
2018-12-15 23:19:29,546:INFO:The '!' was the 5th character
2018-12-15 23:19:29,546:INFO:

2018-12-15 23:19:29,613:INFO:The length of 'T4st!ng' is 7
2018-12-15 23:19:29,613:INFO:As a list it looks like this ['T', '4', 's', 't', '!', 'n', 'g']
2018-12-15 23:19:29,614:INFO:The letters in this password are: ['T', 's', 't', 'n', 'g']
2018-12-15 23:19:29,614:INFO:The 'T' was the 1st character
2018-12-15 23:19:29,614:INFO:The 's' was the 3rd character
2018-12-15 23:19:29,615:INFO:The 't' was the 4th character
2018-12-15 23:19:29,615:INFO:The 'n' was the 6th character
2018-12-15 23:19:29,616:INFO:The 'g' was the 7th character
2018-12-15 23:19:29,616:INFO:

2018-12-15 23:19:29,617:INFO:The numbers in this password are: ['4']
2018-12-15 23:19:29,617:INFO:The '4' was the 2nd character
2018-12-15 23:19:29,618:INFO:

2018-12-15 23:19:29,619:INFO:The symbols in this password are: ['!']
2018-12-15 23:19:29,619:INFO:The '!' was the 5th character
2018-12-15 23:19:29,619:INFO:

2018-12-15 23:19:29,685:INFO:The length of 'T4st!ng' is 7
2018-12-15 23:19:29,685:INFO:As a list it looks like this ['T', '4', 's', 't', '!', 'n', 'g']
2018-12-15 23:19:29,686:INFO:The letters in this password are: ['T', 's', 't', 'n', 'g']
2018-12-15 23:19:29,686:INFO:The 'T' was the 1st character
2018-12-15 23:19:29,686:INFO:The 's' was the 3rd character
2018-12-15 23:19:29,687:INFO:The 't' was the 4th character
2018-12-15 23:19:29,687:INFO:The 'n' was the 6th character
2018-12-15 23:19:29,687:INFO:The 'g' was the 7th character
2018-12-15 23:19:29,687:INFO:

2018-12-15 23:19:29,688:INFO:The numbers in this password are: ['4']
2018-12-15 23:19:29,688:INFO:The '4' was the 2nd character
2018-12-15 23:19:29,688:INFO:

2018-12-15 23:19:29,689:INFO:The symbols in this password are: ['!']
2018-12-15 23:19:29,689:INFO:The '!' was the 5th character
2018-12-15 23:19:29,689:INFO:

2018-12-15 23:19:29,748:INFO:The length of 'T4st!ng' is 7
2018-12-15 23:19:29,748:INFO:As a list it looks like this ['T', '4', 's', 't', '!', 'n', 'g']
2018-12-15 23:19:29,749:INFO:The letters in this password are: ['T', 's', 't', 'n', 'g']
2018-12-15 23:19:29,749:INFO:The 'T' was the 1st character
2018-12-15 23:19:29,750:INFO:The 's' was the 3rd character
2018-12-15 23:19:29,750:INFO:The 't' was the 4th character
2018-12-15 23:19:29,750:INFO:The 'n' was the 6th character
2018-12-15 23:19:29,751:INFO:The 'g' was the 7th character
2018-12-15 23:19:29,752:INFO:

2018-12-15 23:19:29,753:INFO:The numbers in this password are: ['4']
2018-12-15 23:19:29,754:INFO:The '4' was the 2nd character
2018-12-15 23:19:29,754:INFO:

2018-12-15 23:19:29,756:INFO:The symbols in this password are: ['!']
2018-12-15 23:19:29,758:INFO:The '!' was the 5th character
2018-12-15 23:19:29,759:INFO:

2018-12-15 23:19:29,816:INFO:The length of 'T4st!ng' is 7
2018-12-15 23:19:29,817:INFO:As a list it looks like this ['T', '4', 's', 't', '!', 'n', 'g']
2018-12-15 23:19:29,817:INFO:The letters in this password are: ['T', 's', 't', 'n', 'g']
2018-12-15 23:19:29,818:INFO:The 'T' was the 1st character
2018-12-15 23:19:29,818:INFO:The 's' was the 3rd character
2018-12-15 23:19:29,819:INFO:The 't' was the 4th character
2018-12-15 23:19:29,819:INFO:The 'n' was the 6th character
2018-12-15 23:19:29,819:INFO:The 'g' was the 7th character
2018-12-15 23:19:29,820:INFO:

2018-12-15 23:19:29,821:INFO:The numbers in this password are: ['4']
2018-12-15 23:19:29,821:INFO:The '4' was the 2nd character
2018-12-15 23:19:29,822:INFO:

2018-12-15 23:19:29,822:INFO:The symbols in this password are: ['!']
2018-12-15 23:19:29,823:INFO:The '!' was the 5th character
2018-12-15 23:19:29,823:INFO:

2018-12-15 23:19:29,881:INFO:The length of 'T4st!ng' is 7
2018-12-15 23:19:29,882:INFO:As a list it looks like this ['T', '4', 's', 't', '!', 'n', 'g']
2018-12-15 23:19:29,882:INFO:The letters in this password are: ['T', 's', 't', 'n', 'g']
2018-12-15 23:19:29,882:INFO:The 'T' was the 1st character
2018-12-15 23:19:29,883:INFO:The 's' was the 3rd character
2018-12-15 23:19:29,883:INFO:The 't' was the 4th character
2018-12-15 23:19:29,883:INFO:The 'n' was the 6th character
2018-12-15 23:19:29,883:INFO:The 'g' was the 7th character
2018-12-15 23:19:29,884:INFO:

2018-12-15 23:19:29,884:INFO:The numbers in this password are: ['4']
2018-12-15 23:19:29,884:INFO:The '4' was the 2nd character
2018-12-15 23:19:29,885:INFO:

2018-12-15 23:19:29,885:INFO:The symbols in this password are: ['!']
2018-12-15 23:19:29,886:INFO:The '!' was the 5th character
2018-12-15 23:19:29,886:INFO:

2018-12-15 23:19:29,945:INFO:The length of 'T4st!ng' is 7
2018-12-15 23:19:29,946:INFO:As a list it looks like this ['T', '4', 's', 't', '!', 'n', 'g']
2018-12-15 23:19:29,946:INFO:The letters in this password are: ['T', 's', 't', 'n', 'g']
2018-12-15 23:19:29,947:INFO:The 'T' was the 1st character
2018-12-15 23:19:29,947:INFO:The 's' was the 3rd character
2018-12-15 23:19:29,947:INFO:The 't' was the 4th character
2018-12-15 23:19:29,947:INFO:The 'n' was the 6th character
2018-12-15 23:19:29,948:INFO:The 'g' was the 7th character
2018-12-15 23:19:29,948:INFO:

2018-12-15 23:19:29,949:INFO:The numbers in this password are: ['4']
2018-12-15 23:19:29,949:INFO:The '4' was the 2nd character
2018-12-15 23:19:29,949:INFO:

2018-12-15 23:19:29,951:INFO:The symbols in this password are: ['!']
2018-12-15 23:19:29,951:INFO:The '!' was the 5th character
2018-12-15 23:19:29,951:INFO:

2018-12-15 23:19:30,014:INFO:The length of 'T4st!ng' is 7
2018-12-15 23:19:30,015:INFO:As a list it looks like this ['T', '4', 's', 't', '!', 'n', 'g']
2018-12-15 23:19:30,015:INFO:The letters in this password are: ['T', 's', 't', 'n', 'g']
2018-12-15 23:19:30,015:INFO:The 'T' was the 1st character
2018-12-15 23:19:30,016:INFO:The 's' was the 3rd character
2018-12-15 23:19:30,016:INFO:The 't' was the 4th character
2018-12-15 23:19:30,016:INFO:The 'n' was the 6th character
2018-12-15 23:19:30,016:INFO:The 'g' was the 7th character
2018-12-15 23:19:30,017:INFO:

2018-12-15 23:19:30,018:INFO:The numbers in this password are: ['4']
2018-12-15 23:19:30,019:INFO:The '4' was the 2nd character
2018-12-15 23:19:30,019:INFO:

2018-12-15 23:19:30,020:INFO:The symbols in this password are: ['!']
2018-12-15 23:19:30,021:INFO:The '!' was the 5th character
2018-12-15 23:19:30,021:INFO:

2018-12-15 23:19:30,081:INFO:The length of 'T4st!ng' is 7
2018-12-15 23:19:30,081:INFO:As a list it looks like this ['T', '4', 's', 't', '!', 'n', 'g']
2018-12-15 23:19:30,082:INFO:The letters in this password are: ['T', 's', 't', 'n', 'g']
2018-12-15 23:19:30,082:INFO:The 'T' was the 1st character
2018-12-15 23:19:30,082:INFO:The 's' was the 3rd character
2018-12-15 23:19:30,083:INFO:The 't' was the 4th character
2018-12-15 23:19:30,083:INFO:The 'n' was the 6th character
2018-12-15 23:19:30,083:INFO:The 'g' was the 7th character
2018-12-15 23:19:30,084:INFO:

2018-12-15 23:19:30,084:INFO:The numbers in this password are: ['4']
2018-12-15 23:19:30,084:INFO:The '4' was the 2nd character
2018-12-15 23:19:30,085:INFO:

2018-12-15 23:19:30,085:INFO:The symbols in this password are: ['!']
2018-12-15 23:19:30,086:INFO:The '!' was the 5th character
2018-12-15 23:19:30,086:INFO:

2018-12-15 23:19:30,144:INFO:The length of 'T4st!ng' is 7
2018-12-15 23:19:30,145:INFO:As a list it looks like this ['T', '4', 's', 't', '!', 'n', 'g']
2018-12-15 23:19:30,145:INFO:The letters in this password are: ['T', 's', 't', 'n', 'g']
2018-12-15 23:19:30,146:INFO:The 'T' was the 1st character
2018-12-15 23:19:30,146:INFO:The 's' was the 3rd character
2018-12-15 23:19:30,146:INFO:The 't' was the 4th character
2018-12-15 23:19:30,146:INFO:The 'n' was the 6th character
2018-12-15 23:19:30,147:INFO:The 'g' was the 7th character
2018-12-15 23:19:30,147:INFO:

2018-12-15 23:19:30,148:INFO:The numbers in this password are: ['4']
2018-12-15 23:19:30,148:INFO:The '4' was the 2nd character
2018-12-15 23:19:30,148:INFO:

2018-12-15 23:19:30,149:INFO:The symbols in this password are: ['!']
2018-12-15 23:19:30,149:INFO:The '!' was the 5th character
2018-12-15 23:19:30,149:INFO:

2018-12-15 23:19:30,208:INFO:The length of 'T4st!ng' is 7
2018-12-15 23:19:30,209:INFO:As a list it looks like this ['T', '4', 's', 't', '!', 'n', 'g']
2018-12-15 23:19:30,209:INFO:The letters in this password are: ['T', 's', 't', 'n', 'g']
2018-12-15 23:19:30,210:INFO:The 'T' was the 1st character
2018-12-15 23:19:30,210:INFO:The 's' was the 3rd character
2018-12-15 23:19:30,211:INFO:The 't' was the 4th character
2018-12-15 23:19:30,211:INFO:The 'n' was the 6th character
2018-12-15 23:19:30,211:INFO:The 'g' was the 7th character
2018-12-15 23:19:30,212:INFO:

2018-12-15 23:19:30,212:INFO:The numbers in this password are: ['4']
2018-12-15 23:19:30,213:INFO:The '4' was the 2nd character
2018-12-15 23:19:30,213:INFO:

2018-12-15 23:19:30,214:INFO:The symbols in this password are: ['!']
2018-12-15 23:19:30,214:INFO:The '!' was the 5th character
2018-12-15 23:19:30,215:INFO:

2018-12-15 23:19:30,278:INFO:The length of 'T4st!ng' is 7
2018-12-15 23:19:30,278:INFO:As a list it looks like this ['T', '4', 's', 't', '!', 'n', 'g']
2018-12-15 23:19:30,279:INFO:The letters in this password are: ['T', 's', 't', 'n', 'g']
2018-12-15 23:19:30,279:INFO:The 'T' was the 1st character
2018-12-15 23:19:30,279:INFO:The 's' was the 3rd character
2018-12-15 23:19:30,279:INFO:The 't' was the 4th character
2018-12-15 23:19:30,280:INFO:The 'n' was the 6th character
2018-12-15 23:19:30,280:INFO:The 'g' was the 7th character
2018-12-15 23:19:30,280:INFO:

2018-12-15 23:19:30,281:INFO:The numbers in this password are: ['4']
2018-12-15 23:19:30,281:INFO:The '4' was the 2nd character
2018-12-15 23:19:30,281:INFO:

2018-12-15 23:19:30,282:INFO:The symbols in this password are: ['!']
2018-12-15 23:19:30,282:INFO:The '!' was the 5th character
2018-12-15 23:19:30,282:INFO:

2018-12-15 23:19:30,340:INFO:The length of 'T4st!ng' is 7
2018-12-15 23:19:30,340:INFO:As a list it looks like this ['T', '4', 's', 't', '!', 'n', 'g']
2018-12-15 23:19:30,341:INFO:The letters in this password are: ['T', 's', 't', 'n', 'g']
2018-12-15 23:19:30,341:INFO:The 'T' was the 1st character
2018-12-15 23:19:30,341:INFO:The 's' was the 3rd character
2018-12-15 23:19:30,342:INFO:The 't' was the 4th character
2018-12-15 23:19:30,342:INFO:The 'n' was the 6th character
2018-12-15 23:19:30,343:INFO:The 'g' was the 7th character
2018-12-15 23:19:30,343:INFO:

2018-12-15 23:19:30,344:INFO:The numbers in this password are: ['4']
2018-12-15 23:19:30,344:INFO:The '4' was the 2nd character
2018-12-15 23:19:30,344:INFO:

2018-12-15 23:19:30,345:INFO:The symbols in this password are: ['!']
2018-12-15 23:19:30,345:INFO:The '!' was the 5th character
2018-12-15 23:19:30,345:INFO:

2018-12-15 23:19:30,403:INFO:The length of 'T4st!ng' is 7
2018-12-15 23:19:30,404:INFO:As a list it looks like this ['T', '4', 's', 't', '!', 'n', 'g']
2018-12-15 23:19:30,404:INFO:The letters in this password are: ['T', 's', 't', 'n', 'g']
2018-12-15 23:19:30,405:INFO:The 'T' was the 1st character
2018-12-15 23:19:30,405:INFO:The 's' was the 3rd character
2018-12-15 23:19:30,405:INFO:The 't' was the 4th character
2018-12-15 23:19:30,406:INFO:The 'n' was the 6th character
2018-12-15 23:19:30,406:INFO:The 'g' was the 7th character
2018-12-15 23:19:30,406:INFO:

2018-12-15 23:19:30,407:INFO:The numbers in this password are: ['4']
2018-12-15 23:19:30,407:INFO:The '4' was the 2nd character
2018-12-15 23:19:30,407:INFO:

2018-12-15 23:19:30,408:INFO:The symbols in this password are: ['!']
2018-12-15 23:19:30,408:INFO:The '!' was the 5th character
2018-12-15 23:19:30,408:INFO:

2018-12-15 23:19:30,472:INFO:The length of 'T4st!ng' is 7
2018-12-15 23:19:30,472:INFO:As a list it looks like this ['T', '4', 's', 't', '!', 'n', 'g']
2018-12-15 23:19:30,473:INFO:The letters in this password are: ['T', 's', 't', 'n', 'g']
2018-12-15 23:19:30,473:INFO:The 'T' was the 1st character
2018-12-15 23:19:30,473:INFO:The 's' was the 3rd character
2018-12-15 23:19:30,473:INFO:The 't' was the 4th character
2018-12-15 23:19:30,474:INFO:The 'n' was the 6th character
2018-12-15 23:19:30,474:INFO:The 'g' was the 7th character
2018-12-15 23:19:30,474:INFO:

2018-12-15 23:19:30,476:INFO:The numbers in this password are: ['4']
2018-12-15 23:19:30,476:INFO:The '4' was the 2nd character
2018-12-15 23:19:30,477:INFO:

2018-12-15 23:19:30,477:INFO:The symbols in this password are: ['!']
2018-12-15 23:19:30,477:INFO:The '!' was the 5th character
2018-12-15 23:19:30,478:INFO:

2018-12-15 23:19:30,537:INFO:The length of 'T4st!ng' is 7
2018-12-15 23:19:30,537:INFO:As a list it looks like this ['T', '4', 's', 't', '!', 'n', 'g']
2018-12-15 23:19:30,538:INFO:The letters in this password are: ['T', 's', 't', 'n', 'g']
2018-12-15 23:19:30,538:INFO:The 'T' was the 1st character
2018-12-15 23:19:30,539:INFO:The 's' was the 3rd character
2018-12-15 23:19:30,539:INFO:The 't' was the 4th character
2018-12-15 23:19:30,540:INFO:The 'n' was the 6th character
2018-12-15 23:19:30,540:INFO:The 'g' was the 7th character
2018-12-15 23:19:30,540:INFO:

2018-12-15 23:19:30,541:INFO:The numbers in this password are: ['4']
2018-12-15 23:19:30,541:INFO:The '4' was the 2nd character
2018-12-15 23:19:30,541:INFO:

2018-12-15 23:19:30,542:INFO:The symbols in this password are: ['!']
2018-12-15 23:19:30,543:INFO:The '!' was the 5th character
2018-12-15 23:19:30,543:INFO:

2018-12-15 23:19:30,604:INFO:The length of 'T4st!ng' is 7
2018-12-15 23:19:30,604:INFO:As a list it looks like this ['T', '4', 's', 't', '!', 'n', 'g']
2018-12-15 23:19:30,605:INFO:The letters in this password are: ['T', 's', 't', 'n', 'g']
2018-12-15 23:19:30,605:INFO:The 'T' was the 1st character
2018-12-15 23:19:30,605:INFO:The 's' was the 3rd character
2018-12-15 23:19:30,606:INFO:The 't' was the 4th character
2018-12-15 23:19:30,606:INFO:The 'n' was the 6th character
2018-12-15 23:19:30,606:INFO:The 'g' was the 7th character
2018-12-15 23:19:30,607:INFO:

2018-12-15 23:19:30,607:INFO:The numbers in this password are: ['4']
2018-12-15 23:19:30,607:INFO:The '4' was the 2nd character
2018-12-15 23:19:30,608:INFO:

2018-12-15 23:19:30,608:INFO:The symbols in this password are: ['!']
2018-12-15 23:19:30,608:INFO:The '!' was the 5th character
2018-12-15 23:19:30,609:INFO:

2018-12-15 23:19:30,669:INFO:The length of 'T4st!ng' is 7
2018-12-15 23:19:30,669:INFO:As a list it looks like this ['T', '4', 's', 't', '!', 'n', 'g']
2018-12-15 23:19:30,670:INFO:The letters in this password are: ['T', 's', 't', 'n', 'g']
2018-12-15 23:19:30,670:INFO:The 'T' was the 1st character
2018-12-15 23:19:30,670:INFO:The 's' was the 3rd character
2018-12-15 23:19:30,670:INFO:The 't' was the 4th character
2018-12-15 23:19:30,671:INFO:The 'n' was the 6th character
2018-12-15 23:19:30,671:INFO:The 'g' was the 7th character
2018-12-15 23:19:30,671:INFO:

2018-12-15 23:19:30,672:INFO:The numbers in this password are: ['4']
2018-12-15 23:19:30,673:INFO:The '4' was the 2nd character
2018-12-15 23:19:30,673:INFO:

2018-12-15 23:19:30,673:INFO:The symbols in this password are: ['!']
2018-12-15 23:19:30,673:INFO:The '!' was the 5th character
2018-12-15 23:19:30,674:INFO:

2018-12-15 23:19:30,730:INFO:The length of 'T4st!ng' is 7
2018-12-15 23:19:30,730:INFO:As a list it looks like this ['T', '4', 's', 't', '!', 'n', 'g']
2018-12-15 23:19:30,731:INFO:The letters in this password are: ['T', 's', 't', 'n', 'g']
2018-12-15 23:19:30,731:INFO:The 'T' was the 1st character
2018-12-15 23:19:30,732:INFO:The 's' was the 3rd character
2018-12-15 23:19:30,732:INFO:The 't' was the 4th character
2018-12-15 23:19:30,732:INFO:The 'n' was the 6th character
2018-12-15 23:19:30,733:INFO:The 'g' was the 7th character
2018-12-15 23:19:30,733:INFO:

2018-12-15 23:19:30,734:INFO:The numbers in this password are: ['4']
2018-12-15 23:19:30,734:INFO:The '4' was the 2nd character
2018-12-15 23:19:30,734:INFO:

2018-12-15 23:19:30,735:INFO:The symbols in this password are: ['!']
2018-12-15 23:19:30,735:INFO:The '!' was the 5th character
2018-12-15 23:19:30,736:INFO:

2018-12-15 23:19:30,793:INFO:The length of 'T4st!ng' is 7
2018-12-15 23:19:30,794:INFO:As a list it looks like this ['T', '4', 's', 't', '!', 'n', 'g']
2018-12-15 23:19:30,794:INFO:The letters in this password are: ['T', 's', 't', 'n', 'g']
2018-12-15 23:19:30,795:INFO:The 'T' was the 1st character
2018-12-15 23:19:30,795:INFO:The 's' was the 3rd character
2018-12-15 23:19:30,795:INFO:The 't' was the 4th character
2018-12-15 23:19:30,796:INFO:The 'n' was the 6th character
2018-12-15 23:19:30,796:INFO:The 'g' was the 7th character
2018-12-15 23:19:30,797:INFO:

2018-12-15 23:19:30,797:INFO:The numbers in this password are: ['4']
2018-12-15 23:19:30,797:INFO:The '4' was the 2nd character
2018-12-15 23:19:30,798:INFO:

2018-12-15 23:19:30,798:INFO:The symbols in this password are: ['!']
2018-12-15 23:19:30,798:INFO:The '!' was the 5th character
2018-12-15 23:19:30,799:INFO:

2018-12-15 23:19:30,858:INFO:The length of 'T4st!ng' is 7
2018-12-15 23:19:30,860:INFO:As a list it looks like this ['T', '4', 's', 't', '!', 'n', 'g']
2018-12-15 23:19:30,861:INFO:The letters in this password are: ['T', 's', 't', 'n', 'g']
2018-12-15 23:19:30,861:INFO:The 'T' was the 1st character
2018-12-15 23:19:30,861:INFO:The 's' was the 3rd character
2018-12-15 23:19:30,862:INFO:The 't' was the 4th character
2018-12-15 23:19:30,862:INFO:The 'n' was the 6th character
2018-12-15 23:19:30,862:INFO:The 'g' was the 7th character
2018-12-15 23:19:30,863:INFO:

2018-12-15 23:19:30,863:INFO:The numbers in this password are: ['4']
2018-12-15 23:19:30,863:INFO:The '4' was the 2nd character
2018-12-15 23:19:30,864:INFO:

2018-12-15 23:19:30,864:INFO:The symbols in this password are: ['!']
2018-12-15 23:19:30,864:INFO:The '!' was the 5th character
2018-12-15 23:19:30,865:INFO:

2018-12-15 23:19:30,922:INFO:The length of 'T4st!ng' is 7
2018-12-15 23:19:30,923:INFO:As a list it looks like this ['T', '4', 's', 't', '!', 'n', 'g']
2018-12-15 23:19:30,923:INFO:The letters in this password are: ['T', 's', 't', 'n', 'g']
2018-12-15 23:19:30,924:INFO:The 'T' was the 1st character
2018-12-15 23:19:30,924:INFO:The 's' was the 3rd character
2018-12-15 23:19:30,924:INFO:The 't' was the 4th character
2018-12-15 23:19:30,924:INFO:The 'n' was the 6th character
2018-12-15 23:19:30,925:INFO:The 'g' was the 7th character
2018-12-15 23:19:30,925:INFO:

2018-12-15 23:19:30,926:INFO:The numbers in this password are: ['4']
2018-12-15 23:19:30,926:INFO:The '4' was the 2nd character
2018-12-15 23:19:30,926:INFO:

2018-12-15 23:19:30,927:INFO:The symbols in this password are: ['!']
2018-12-15 23:19:30,927:INFO:The '!' was the 5th character
2018-12-15 23:19:30,927:INFO:

2018-12-15 23:19:30,992:INFO:The length of 'T4st!ng' is 7
2018-12-15 23:19:30,992:INFO:As a list it looks like this ['T', '4', 's', 't', '!', 'n', 'g']
2018-12-15 23:19:30,993:INFO:The letters in this password are: ['T', 's', 't', 'n', 'g']
2018-12-15 23:19:30,993:INFO:The 'T' was the 1st character
2018-12-15 23:19:30,993:INFO:The 's' was the 3rd character
2018-12-15 23:19:30,993:INFO:The 't' was the 4th character
2018-12-15 23:19:30,994:INFO:The 'n' was the 6th character
2018-12-15 23:19:30,994:INFO:The 'g' was the 7th character
2018-12-15 23:19:30,994:INFO:

2018-12-15 23:19:30,995:INFO:The numbers in this password are: ['4']
2018-12-15 23:19:30,995:INFO:The '4' was the 2nd character
2018-12-15 23:19:30,995:INFO:

2018-12-15 23:19:30,996:INFO:The symbols in this password are: ['!']
2018-12-15 23:19:30,996:INFO:The '!' was the 5th character
2018-12-15 23:19:30,996:INFO:

2018-12-15 23:19:31,057:INFO:The length of 'T4st!ng' is 7
2018-12-15 23:19:31,058:INFO:As a list it looks like this ['T', '4', 's', 't', '!', 'n', 'g']
2018-12-15 23:19:31,058:INFO:The letters in this password are: ['T', 's', 't', 'n', 'g']
2018-12-15 23:19:31,059:INFO:The 'T' was the 1st character
2018-12-15 23:19:31,059:INFO:The 's' was the 3rd character
2018-12-15 23:19:31,059:INFO:The 't' was the 4th character
2018-12-15 23:19:31,060:INFO:The 'n' was the 6th character
2018-12-15 23:19:31,060:INFO:The 'g' was the 7th character
2018-12-15 23:19:31,060:INFO:

2018-12-15 23:19:31,061:INFO:The numbers in this password are: ['4']
2018-12-15 23:19:31,061:INFO:The '4' was the 2nd character
2018-12-15 23:19:31,061:INFO:

2018-12-15 23:19:31,062:INFO:The symbols in this password are: ['!']
2018-12-15 23:19:31,062:INFO:The '!' was the 5th character
2018-12-15 23:19:31,063:INFO:

2018-12-15 23:19:31,122:INFO:The length of 'T4st!ng' is 7
2018-12-15 23:19:31,122:INFO:As a list it looks like this ['T', '4', 's', 't', '!', 'n', 'g']
2018-12-15 23:19:31,123:INFO:The letters in this password are: ['T', 's', 't', 'n', 'g']
2018-12-15 23:19:31,126:INFO:The 'T' was the 1st character
2018-12-15 23:19:31,127:INFO:The 's' was the 3rd character
2018-12-15 23:19:31,128:INFO:The 't' was the 4th character
2018-12-15 23:19:31,128:INFO:The 'n' was the 6th character
2018-12-15 23:19:31,129:INFO:The 'g' was the 7th character
2018-12-15 23:19:31,130:INFO:

2018-12-15 23:19:31,131:INFO:The numbers in this password are: ['4']
2018-12-15 23:19:31,133:INFO:The '4' was the 2nd character
2018-12-15 23:19:31,133:INFO:

2018-12-15 23:19:31,134:INFO:The symbols in this password are: ['!']
2018-12-15 23:19:31,134:INFO:The '!' was the 5th character
2018-12-15 23:19:31,134:INFO:

2018-12-15 23:19:31,195:INFO:The length of 'T4st!ng' is 7
2018-12-15 23:19:31,195:INFO:As a list it looks like this ['T', '4', 's', 't', '!', 'n', 'g']
2018-12-15 23:19:31,196:INFO:The letters in this password are: ['T', 's', 't', 'n', 'g']
2018-12-15 23:19:31,196:INFO:The 'T' was the 1st character
2018-12-15 23:19:31,196:INFO:The 's' was the 3rd character
2018-12-15 23:19:31,196:INFO:The 't' was the 4th character
2018-12-15 23:19:31,197:INFO:The 'n' was the 6th character
2018-12-15 23:19:31,197:INFO:The 'g' was the 7th character
2018-12-15 23:19:31,197:INFO:

2018-12-15 23:19:31,198:INFO:The numbers in this password are: ['4']
2018-12-15 23:19:31,198:INFO:The '4' was the 2nd character
2018-12-15 23:19:31,198:INFO:

2018-12-15 23:19:31,199:INFO:The symbols in this password are: ['!']
2018-12-15 23:19:31,199:INFO:The '!' was the 5th character
2018-12-15 23:19:31,200:INFO:

2018-12-15 23:19:31,263:INFO:The length of 'T4st!ng' is 7
2018-12-15 23:19:31,263:INFO:As a list it looks like this ['T', '4', 's', 't', '!', 'n', 'g']
2018-12-15 23:19:31,264:INFO:The letters in this password are: ['T', 's', 't', 'n', 'g']
2018-12-15 23:19:31,264:INFO:The 'T' was the 1st character
2018-12-15 23:19:31,264:INFO:The 's' was the 3rd character
2018-12-15 23:19:31,264:INFO:The 't' was the 4th character
2018-12-15 23:19:31,265:INFO:The 'n' was the 6th character
2018-12-15 23:19:31,265:INFO:The 'g' was the 7th character
2018-12-15 23:19:31,265:INFO:

2018-12-15 23:19:31,266:INFO:The numbers in this password are: ['4']
2018-12-15 23:19:31,266:INFO:The '4' was the 2nd character
2018-12-15 23:19:31,266:INFO:

2018-12-15 23:19:31,267:INFO:The symbols in this password are: ['!']
2018-12-15 23:19:31,267:INFO:The '!' was the 5th character
2018-12-15 23:19:31,268:INFO:

2018-12-15 23:19:31,325:INFO:The length of 'T4st!ng' is 7
2018-12-15 23:19:31,326:INFO:As a list it looks like this ['T', '4', 's', 't', '!', 'n', 'g']
2018-12-15 23:19:31,326:INFO:The letters in this password are: ['T', 's', 't', 'n', 'g']
2018-12-15 23:19:31,326:INFO:The 'T' was the 1st character
2018-12-15 23:19:31,327:INFO:The 's' was the 3rd character
2018-12-15 23:19:31,327:INFO:The 't' was the 4th character
2018-12-15 23:19:31,327:INFO:The 'n' was the 6th character
2018-12-15 23:19:31,327:INFO:The 'g' was the 7th character
2018-12-15 23:19:31,328:INFO:

2018-12-15 23:19:31,328:INFO:The numbers in this password are: ['4']
2018-12-15 23:19:31,328:INFO:The '4' was the 2nd character
2018-12-15 23:19:31,329:INFO:

2018-12-15 23:19:31,329:INFO:The symbols in this password are: ['!']
2018-12-15 23:19:31,329:INFO:The '!' was the 5th character
2018-12-15 23:19:31,330:INFO:

2018-12-15 23:19:31,393:INFO:The length of 'T4st!ng' is 7
2018-12-15 23:19:31,394:INFO:As a list it looks like this ['T', '4', 's', 't', '!', 'n', 'g']
2018-12-15 23:19:31,394:INFO:The letters in this password are: ['T', 's', 't', 'n', 'g']
2018-12-15 23:19:31,394:INFO:The 'T' was the 1st character
2018-12-15 23:19:31,395:INFO:The 's' was the 3rd character
2018-12-15 23:19:31,395:INFO:The 't' was the 4th character
2018-12-15 23:19:31,395:INFO:The 'n' was the 6th character
2018-12-15 23:19:31,396:INFO:The 'g' was the 7th character
2018-12-15 23:19:31,396:INFO:

2018-12-15 23:19:31,397:INFO:The numbers in this password are: ['4']
2018-12-15 23:19:31,397:INFO:The '4' was the 2nd character
2018-12-15 23:19:31,397:INFO:

2018-12-15 23:19:31,398:INFO:The symbols in this password are: ['!']
2018-12-15 23:19:31,398:INFO:The '!' was the 5th character
2018-12-15 23:19:31,398:INFO:

2018-12-15 23:19:31,459:INFO:The length of 'T4st!ng' is 7
2018-12-15 23:19:31,459:INFO:As a list it looks like this ['T', '4', 's', 't', '!', 'n', 'g']
2018-12-15 23:19:31,460:INFO:The letters in this password are: ['T', 's', 't', 'n', 'g']
2018-12-15 23:19:31,460:INFO:The 'T' was the 1st character
2018-12-15 23:19:31,460:INFO:The 's' was the 3rd character
2018-12-15 23:19:31,461:INFO:The 't' was the 4th character
2018-12-15 23:19:31,461:INFO:The 'n' was the 6th character
2018-12-15 23:19:31,461:INFO:The 'g' was the 7th character
2018-12-15 23:19:31,462:INFO:

2018-12-15 23:19:31,463:INFO:The numbers in this password are: ['4']
2018-12-15 23:19:31,463:INFO:The '4' was the 2nd character
2018-12-15 23:19:31,463:INFO:

2018-12-15 23:19:31,464:INFO:The symbols in this password are: ['!']
2018-12-15 23:19:31,464:INFO:The '!' was the 5th character
2018-12-15 23:19:31,464:INFO:

2018-12-15 23:19:31,522:INFO:The length of 'T4st!ng' is 7
2018-12-15 23:19:31,523:INFO:As a list it looks like this ['T', '4', 's', 't', '!', 'n', 'g']
2018-12-15 23:19:31,523:INFO:The letters in this password are: ['T', 's', 't', 'n', 'g']
2018-12-15 23:19:31,524:INFO:The 'T' was the 1st character
2018-12-15 23:19:31,524:INFO:The 's' was the 3rd character
2018-12-15 23:19:31,525:INFO:The 't' was the 4th character
2018-12-15 23:19:31,525:INFO:The 'n' was the 6th character
2018-12-15 23:19:31,526:INFO:The 'g' was the 7th character
2018-12-15 23:19:31,526:INFO:

2018-12-15 23:19:31,527:INFO:The numbers in this password are: ['4']
2018-12-15 23:19:31,528:INFO:The '4' was the 2nd character
2018-12-15 23:19:31,528:INFO:

2018-12-15 23:19:31,528:INFO:The symbols in this password are: ['!']
2018-12-15 23:19:31,529:INFO:The '!' was the 5th character
2018-12-15 23:19:31,529:INFO:

2018-12-15 23:19:31,590:INFO:The length of 'T4st!ng' is 7
2018-12-15 23:19:31,591:INFO:As a list it looks like this ['T', '4', 's', 't', '!', 'n', 'g']
2018-12-15 23:19:31,591:INFO:The letters in this password are: ['T', 's', 't', 'n', 'g']
2018-12-15 23:19:31,591:INFO:The 'T' was the 1st character
2018-12-15 23:19:31,592:INFO:The 's' was the 3rd character
2018-12-15 23:19:31,592:INFO:The 't' was the 4th character
2018-12-15 23:19:31,592:INFO:The 'n' was the 6th character
2018-12-15 23:19:31,593:INFO:The 'g' was the 7th character
2018-12-15 23:19:31,593:INFO:

2018-12-15 23:19:31,593:INFO:The numbers in this password are: ['4']
2018-12-15 23:19:31,594:INFO:The '4' was the 2nd character
2018-12-15 23:19:31,594:INFO:

2018-12-15 23:19:31,595:INFO:The symbols in this password are: ['!']
2018-12-15 23:19:31,595:INFO:The '!' was the 5th character
2018-12-15 23:19:31,595:INFO:

2018-12-15 23:19:31,657:INFO:The length of 'T4st!ng' is 7
2018-12-15 23:19:31,657:INFO:As a list it looks like this ['T', '4', 's', 't', '!', 'n', 'g']
2018-12-15 23:19:31,658:INFO:The letters in this password are: ['T', 's', 't', 'n', 'g']
2018-12-15 23:19:31,659:INFO:The 'T' was the 1st character
2018-12-15 23:19:31,659:INFO:The 's' was the 3rd character
2018-12-15 23:19:31,659:INFO:The 't' was the 4th character
2018-12-15 23:19:31,659:INFO:The 'n' was the 6th character
2018-12-15 23:19:31,660:INFO:The 'g' was the 7th character
2018-12-15 23:19:31,660:INFO:

2018-12-15 23:19:31,661:INFO:The numbers in this password are: ['4']
2018-12-15 23:19:31,661:INFO:The '4' was the 2nd character
2018-12-15 23:19:31,661:INFO:

2018-12-15 23:19:31,662:INFO:The symbols in this password are: ['!']
2018-12-15 23:19:31,662:INFO:The '!' was the 5th character
2018-12-15 23:19:31,662:INFO:

2018-12-15 23:19:31,719:INFO:The length of 'T4st!ng' is 7
2018-12-15 23:19:31,720:INFO:As a list it looks like this ['T', '4', 's', 't', '!', 'n', 'g']
2018-12-15 23:19:31,721:INFO:The letters in this password are: ['T', 's', 't', 'n', 'g']
2018-12-15 23:19:31,722:INFO:The 'T' was the 1st character
2018-12-15 23:19:31,722:INFO:The 's' was the 3rd character
2018-12-15 23:19:31,722:INFO:The 't' was the 4th character
2018-12-15 23:19:31,723:INFO:The 'n' was the 6th character
2018-12-15 23:19:31,723:INFO:The 'g' was the 7th character
2018-12-15 23:19:31,723:INFO:

2018-12-15 23:19:31,724:INFO:The numbers in this password are: ['4']
2018-12-15 23:19:31,724:INFO:The '4' was the 2nd character
2018-12-15 23:19:31,724:INFO:

2018-12-15 23:19:31,725:INFO:The symbols in this password are: ['!']
2018-12-15 23:19:31,725:INFO:The '!' was the 5th character
2018-12-15 23:19:31,725:INFO:

2018-12-15 23:19:31,783:INFO:The length of 'T4st!ng' is 7
2018-12-15 23:19:31,784:INFO:As a list it looks like this ['T', '4', 's', 't', '!', 'n', 'g']
2018-12-15 23:19:31,784:INFO:The letters in this password are: ['T', 's', 't', 'n', 'g']
2018-12-15 23:19:31,785:INFO:The 'T' was the 1st character
2018-12-15 23:19:31,785:INFO:The 's' was the 3rd character
2018-12-15 23:19:31,785:INFO:The 't' was the 4th character
2018-12-15 23:19:31,786:INFO:The 'n' was the 6th character
2018-12-15 23:19:31,786:INFO:The 'g' was the 7th character
2018-12-15 23:19:31,787:INFO:

2018-12-15 23:19:31,788:INFO:The numbers in this password are: ['4']
2018-12-15 23:19:31,788:INFO:The '4' was the 2nd character
2018-12-15 23:19:31,788:INFO:

2018-12-15 23:19:31,789:INFO:The symbols in this password are: ['!']
2018-12-15 23:19:31,789:INFO:The '!' was the 5th character
2018-12-15 23:19:31,790:INFO:

2018-12-15 23:19:31,850:INFO:The length of 'T4st!ng' is 7
2018-12-15 23:19:31,851:INFO:As a list it looks like this ['T', '4', 's', 't', '!', 'n', 'g']
2018-12-15 23:19:31,851:INFO:The letters in this password are: ['T', 's', 't', 'n', 'g']
2018-12-15 23:19:31,851:INFO:The 'T' was the 1st character
2018-12-15 23:19:31,851:INFO:The 's' was the 3rd character
2018-12-15 23:19:31,852:INFO:The 't' was the 4th character
2018-12-15 23:19:31,852:INFO:The 'n' was the 6th character
2018-12-15 23:19:31,854:INFO:The 'g' was the 7th character
2018-12-15 23:19:31,855:INFO:

2018-12-15 23:19:31,855:INFO:The numbers in this password are: ['4']
2018-12-15 23:19:31,855:INFO:The '4' was the 2nd character
2018-12-15 23:19:31,856:INFO:

2018-12-15 23:19:31,859:INFO:The symbols in this password are: ['!']
2018-12-15 23:19:31,860:INFO:The '!' was the 5th character
2018-12-15 23:19:31,862:INFO:

2018-12-15 23:19:31,919:INFO:The length of 'T4st!ng' is 7
2018-12-15 23:19:31,920:INFO:As a list it looks like this ['T', '4', 's', 't', '!', 'n', 'g']
2018-12-15 23:19:31,920:INFO:The letters in this password are: ['T', 's', 't', 'n', 'g']
2018-12-15 23:19:31,921:INFO:The 'T' was the 1st character
2018-12-15 23:19:31,921:INFO:The 's' was the 3rd character
2018-12-15 23:19:31,921:INFO:The 't' was the 4th character
2018-12-15 23:19:31,922:INFO:The 'n' was the 6th character
2018-12-15 23:19:31,922:INFO:The 'g' was the 7th character
2018-12-15 23:19:31,922:INFO:

2018-12-15 23:19:31,923:INFO:The numbers in this password are: ['4']
2018-12-15 23:19:31,923:INFO:The '4' was the 2nd character
2018-12-15 23:19:31,924:INFO:

2018-12-15 23:19:31,924:INFO:The symbols in this password are: ['!']
2018-12-15 23:19:31,925:INFO:The '!' was the 5th character
2018-12-15 23:19:31,925:INFO:

2018-12-15 23:19:31,986:INFO:The length of 'T4st!ng' is 7
2018-12-15 23:19:31,987:INFO:As a list it looks like this ['T', '4', 's', 't', '!', 'n', 'g']
2018-12-15 23:19:31,987:INFO:The letters in this password are: ['T', 's', 't', 'n', 'g']
2018-12-15 23:19:31,987:INFO:The 'T' was the 1st character
2018-12-15 23:19:31,988:INFO:The 's' was the 3rd character
2018-12-15 23:19:31,988:INFO:The 't' was the 4th character
2018-12-15 23:19:31,989:INFO:The 'n' was the 6th character
2018-12-15 23:19:31,989:INFO:The 'g' was the 7th character
2018-12-15 23:19:31,989:INFO:

2018-12-15 23:19:31,990:INFO:The numbers in this password are: ['4']
2018-12-15 23:19:31,990:INFO:The '4' was the 2nd character
2018-12-15 23:19:31,990:INFO:

2018-12-15 23:19:31,993:INFO:The symbols in this password are: ['!']
2018-12-15 23:19:31,993:INFO:The '!' was the 5th character
2018-12-15 23:19:31,993:INFO:

2018-12-15 23:19:32,055:INFO:The length of 'T4st!ng' is 7
2018-12-15 23:19:32,055:INFO:As a list it looks like this ['T', '4', 's', 't', '!', 'n', 'g']
2018-12-15 23:19:32,056:INFO:The letters in this password are: ['T', 's', 't', 'n', 'g']
2018-12-15 23:19:32,056:INFO:The 'T' was the 1st character
2018-12-15 23:19:32,056:INFO:The 's' was the 3rd character
2018-12-15 23:19:32,057:INFO:The 't' was the 4th character
2018-12-15 23:19:32,057:INFO:The 'n' was the 6th character
2018-12-15 23:19:32,057:INFO:The 'g' was the 7th character
2018-12-15 23:19:32,057:INFO:

2018-12-15 23:19:32,058:INFO:The numbers in this password are: ['4']
2018-12-15 23:19:32,058:INFO:The '4' was the 2nd character
2018-12-15 23:19:32,058:INFO:

2018-12-15 23:19:32,059:INFO:The symbols in this password are: ['!']
2018-12-15 23:19:32,060:INFO:The '!' was the 5th character
2018-12-15 23:19:32,061:INFO:

2018-12-15 23:19:32,125:INFO:The length of 'T4st!ng' is 7
2018-12-15 23:19:32,125:INFO:As a list it looks like this ['T', '4', 's', 't', '!', 'n', 'g']
2018-12-15 23:19:32,126:INFO:The letters in this password are: ['T', 's', 't', 'n', 'g']
2018-12-15 23:19:32,126:INFO:The 'T' was the 1st character
2018-12-15 23:19:32,126:INFO:The 's' was the 3rd character
2018-12-15 23:19:32,127:INFO:The 't' was the 4th character
2018-12-15 23:19:32,127:INFO:The 'n' was the 6th character
2018-12-15 23:19:32,127:INFO:The 'g' was the 7th character
2018-12-15 23:19:32,127:INFO:

2018-12-15 23:19:32,128:INFO:The numbers in this password are: ['4']
2018-12-15 23:19:32,129:INFO:The '4' was the 2nd character
2018-12-15 23:19:32,129:INFO:

2018-12-15 23:19:32,130:INFO:The symbols in this password are: ['!']
2018-12-15 23:19:32,130:INFO:The '!' was the 5th character
2018-12-15 23:19:32,130:INFO:

2018-12-15 23:19:32,192:INFO:The length of 'T4st!ng' is 7
2018-12-15 23:19:32,192:INFO:As a list it looks like this ['T', '4', 's', 't', '!', 'n', 'g']
2018-12-15 23:19:32,193:INFO:The letters in this password are: ['T', 's', 't', 'n', 'g']
2018-12-15 23:19:32,193:INFO:The 'T' was the 1st character
2018-12-15 23:19:32,193:INFO:The 's' was the 3rd character
2018-12-15 23:19:32,194:INFO:The 't' was the 4th character
2018-12-15 23:19:32,194:INFO:The 'n' was the 6th character
2018-12-15 23:19:32,194:INFO:The 'g' was the 7th character
2018-12-15 23:19:32,195:INFO:

2018-12-15 23:19:32,195:INFO:The numbers in this password are: ['4']
2018-12-15 23:19:32,195:INFO:The '4' was the 2nd character
2018-12-15 23:19:32,196:INFO:

2018-12-15 23:19:32,196:INFO:The symbols in this password are: ['!']
2018-12-15 23:19:32,196:INFO:The '!' was the 5th character
2018-12-15 23:19:32,197:INFO:

2018-12-15 23:19:32,257:INFO:The length of 'T4st!ng' is 7
2018-12-15 23:19:32,257:INFO:As a list it looks like this ['T', '4', 's', 't', '!', 'n', 'g']
2018-12-15 23:19:32,258:INFO:The letters in this password are: ['T', 's', 't', 'n', 'g']
2018-12-15 23:19:32,259:INFO:The 'T' was the 1st character
2018-12-15 23:19:32,259:INFO:The 's' was the 3rd character
2018-12-15 23:19:32,260:INFO:The 't' was the 4th character
2018-12-15 23:19:32,260:INFO:The 'n' was the 6th character
2018-12-15 23:19:32,260:INFO:The 'g' was the 7th character
2018-12-15 23:19:32,261:INFO:

2018-12-15 23:19:32,261:INFO:The numbers in this password are: ['4']
2018-12-15 23:19:32,262:INFO:The '4' was the 2nd character
2018-12-15 23:19:32,262:INFO:

2018-12-15 23:19:32,263:INFO:The symbols in this password are: ['!']
2018-12-15 23:19:32,263:INFO:The '!' was the 5th character
2018-12-15 23:19:32,263:INFO:

2018-12-15 23:19:32,330:INFO:The length of 'T4st!ng' is 7
2018-12-15 23:19:32,330:INFO:As a list it looks like this ['T', '4', 's', 't', '!', 'n', 'g']
2018-12-15 23:19:32,331:INFO:The letters in this password are: ['T', 's', 't', 'n', 'g']
2018-12-15 23:19:32,331:INFO:The 'T' was the 1st character
2018-12-15 23:19:32,332:INFO:The 's' was the 3rd character
2018-12-15 23:19:32,332:INFO:The 't' was the 4th character
2018-12-15 23:19:32,332:INFO:The 'n' was the 6th character
2018-12-15 23:19:32,333:INFO:The 'g' was the 7th character
2018-12-15 23:19:32,333:INFO:

2018-12-15 23:19:32,334:INFO:The numbers in this password are: ['4']
2018-12-15 23:19:32,334:INFO:The '4' was the 2nd character
2018-12-15 23:19:32,334:INFO:

2018-12-15 23:19:32,335:INFO:The symbols in this password are: ['!']
2018-12-15 23:19:32,335:INFO:The '!' was the 5th character
2018-12-15 23:19:32,336:INFO:

2018-12-15 23:19:32,398:INFO:The length of 'T4st!ng' is 7
2018-12-15 23:19:32,398:INFO:As a list it looks like this ['T', '4', 's', 't', '!', 'n', 'g']
2018-12-15 23:19:32,399:INFO:The letters in this password are: ['T', 's', 't', 'n', 'g']
2018-12-15 23:19:32,399:INFO:The 'T' was the 1st character
2018-12-15 23:19:32,399:INFO:The 's' was the 3rd character
2018-12-15 23:19:32,400:INFO:The 't' was the 4th character
2018-12-15 23:19:32,400:INFO:The 'n' was the 6th character
2018-12-15 23:19:32,401:INFO:The 'g' was the 7th character
2018-12-15 23:19:32,401:INFO:

2018-12-15 23:19:32,401:INFO:The numbers in this password are: ['4']
2018-12-15 23:19:32,402:INFO:The '4' was the 2nd character
2018-12-15 23:19:32,402:INFO:

2018-12-15 23:19:32,403:INFO:The symbols in this password are: ['!']
2018-12-15 23:19:32,403:INFO:The '!' was the 5th character
2018-12-15 23:19:32,403:INFO:

2018-12-15 23:19:32,475:INFO:The length of 'T4st!ng' is 7
2018-12-15 23:19:32,476:INFO:As a list it looks like this ['T', '4', 's', 't', '!', 'n', 'g']
2018-12-15 23:19:32,476:INFO:The letters in this password are: ['T', 's', 't', 'n', 'g']
2018-12-15 23:19:32,477:INFO:The 'T' was the 1st character
2018-12-15 23:19:32,477:INFO:The 's' was the 3rd character
2018-12-15 23:19:32,478:INFO:The 't' was the 4th character
2018-12-15 23:19:32,478:INFO:The 'n' was the 6th character
2018-12-15 23:19:32,479:INFO:The 'g' was the 7th character
2018-12-15 23:19:32,479:INFO:

2018-12-15 23:19:32,480:INFO:The numbers in this password are: ['4']
2018-12-15 23:19:32,481:INFO:The '4' was the 2nd character
2018-12-15 23:19:32,481:INFO:

2018-12-15 23:19:32,484:INFO:The symbols in this password are: ['!']
2018-12-15 23:19:32,484:INFO:The '!' was the 5th character
2018-12-15 23:19:32,486:INFO:

2018-12-15 23:19:32,557:INFO:The length of 'T4st!ng' is 7
2018-12-15 23:19:32,558:INFO:As a list it looks like this ['T', '4', 's', 't', '!', 'n', 'g']
2018-12-15 23:19:32,559:INFO:The letters in this password are: ['T', 's', 't', 'n', 'g']
2018-12-15 23:19:32,559:INFO:The 'T' was the 1st character
2018-12-15 23:19:32,560:INFO:The 's' was the 3rd character
2018-12-15 23:19:32,560:INFO:The 't' was the 4th character
2018-12-15 23:19:32,561:INFO:The 'n' was the 6th character
2018-12-15 23:19:32,561:INFO:The 'g' was the 7th character
2018-12-15 23:19:32,562:INFO:

2018-12-15 23:19:32,563:INFO:The numbers in this password are: ['4']
2018-12-15 23:19:32,563:INFO:The '4' was the 2nd character
2018-12-15 23:19:32,563:INFO:

2018-12-15 23:19:32,564:INFO:The symbols in this password are: ['!']
2018-12-15 23:19:32,565:INFO:The '!' was the 5th character
2018-12-15 23:19:32,566:INFO:

2018-12-15 23:19:32,639:INFO:The length of 'T4st!ng' is 7
2018-12-15 23:19:32,640:INFO:As a list it looks like this ['T', '4', 's', 't', '!', 'n', 'g']
2018-12-15 23:19:32,640:INFO:The letters in this password are: ['T', 's', 't', 'n', 'g']
2018-12-15 23:19:32,640:INFO:The 'T' was the 1st character
2018-12-15 23:19:32,641:INFO:The 's' was the 3rd character
2018-12-15 23:19:32,642:INFO:The 't' was the 4th character
2018-12-15 23:19:32,642:INFO:The 'n' was the 6th character
2018-12-15 23:19:32,643:INFO:The 'g' was the 7th character
2018-12-15 23:19:32,643:INFO:

2018-12-15 23:19:32,644:INFO:The numbers in this password are: ['4']
2018-12-15 23:19:32,644:INFO:The '4' was the 2nd character
2018-12-15 23:19:32,644:INFO:

2018-12-15 23:19:32,646:INFO:The symbols in this password are: ['!']
2018-12-15 23:19:32,646:INFO:The '!' was the 5th character
2018-12-15 23:19:32,647:INFO:

2018-12-15 23:19:32,709:INFO:The length of 'T4st!ng' is 7
2018-12-15 23:19:32,709:INFO:As a list it looks like this ['T', '4', 's', 't', '!', 'n', 'g']
2018-12-15 23:19:32,709:INFO:The letters in this password are: ['T', 's', 't', 'n', 'g']
2018-12-15 23:19:32,710:INFO:The 'T' was the 1st character
2018-12-15 23:19:32,710:INFO:The 's' was the 3rd character
2018-12-15 23:19:32,710:INFO:The 't' was the 4th character
2018-12-15 23:19:32,711:INFO:The 'n' was the 6th character
2018-12-15 23:19:32,711:INFO:The 'g' was the 7th character
2018-12-15 23:19:32,711:INFO:

2018-12-15 23:19:32,712:INFO:The numbers in this password are: ['4']
2018-12-15 23:19:32,712:INFO:The '4' was the 2nd character
2018-12-15 23:19:32,712:INFO:

2018-12-15 23:19:32,713:INFO:The symbols in this password are: ['!']
2018-12-15 23:19:32,713:INFO:The '!' was the 5th character
2018-12-15 23:19:32,713:INFO:

2018-12-15 23:19:32,783:INFO:The length of 'T4st!ng' is 7
2018-12-15 23:19:32,783:INFO:As a list it looks like this ['T', '4', 's', 't', '!', 'n', 'g']
2018-12-15 23:19:32,784:INFO:The letters in this password are: ['T', 's', 't', 'n', 'g']
2018-12-15 23:19:32,784:INFO:The 'T' was the 1st character
2018-12-15 23:19:32,785:INFO:The 's' was the 3rd character
2018-12-15 23:19:32,785:INFO:The 't' was the 4th character
2018-12-15 23:19:32,786:INFO:The 'n' was the 6th character
2018-12-15 23:19:32,786:INFO:The 'g' was the 7th character
2018-12-15 23:19:32,787:INFO:

2018-12-15 23:19:32,788:INFO:The numbers in this password are: ['4']
2018-12-15 23:19:32,788:INFO:The '4' was the 2nd character
2018-12-15 23:19:32,788:INFO:

2018-12-15 23:19:32,789:INFO:The symbols in this password are: ['!']
2018-12-15 23:19:32,789:INFO:The '!' was the 5th character
2018-12-15 23:19:32,790:INFO:

2018-12-15 23:19:32,854:INFO:The length of 'T4st!ng' is 7
2018-12-15 23:19:32,855:INFO:As a list it looks like this ['T', '4', 's', 't', '!', 'n', 'g']
2018-12-15 23:19:32,856:INFO:The letters in this password are: ['T', 's', 't', 'n', 'g']
2018-12-15 23:19:32,856:INFO:The 'T' was the 1st character
2018-12-15 23:19:32,856:INFO:The 's' was the 3rd character
2018-12-15 23:19:32,857:INFO:The 't' was the 4th character
2018-12-15 23:19:32,857:INFO:The 'n' was the 6th character
2018-12-15 23:19:32,857:INFO:The 'g' was the 7th character
2018-12-15 23:19:32,858:INFO:

2018-12-15 23:19:32,858:INFO:The numbers in this password are: ['4']
2018-12-15 23:19:32,859:INFO:The '4' was the 2nd character
2018-12-15 23:19:32,859:INFO:

2018-12-15 23:19:32,859:INFO:The symbols in this password are: ['!']
2018-12-15 23:19:32,860:INFO:The '!' was the 5th character
2018-12-15 23:19:32,861:INFO:

2018-12-15 23:19:32,923:INFO:The length of 'T4st!ng' is 7
2018-12-15 23:19:32,923:INFO:As a list it looks like this ['T', '4', 's', 't', '!', 'n', 'g']
2018-12-15 23:19:32,924:INFO:The letters in this password are: ['T', 's', 't', 'n', 'g']
2018-12-15 23:19:32,924:INFO:The 'T' was the 1st character
2018-12-15 23:19:32,924:INFO:The 's' was the 3rd character
2018-12-15 23:19:32,925:INFO:The 't' was the 4th character
2018-12-15 23:19:32,925:INFO:The 'n' was the 6th character
2018-12-15 23:19:32,925:INFO:The 'g' was the 7th character
2018-12-15 23:19:32,926:INFO:

2018-12-15 23:19:32,927:INFO:The numbers in this password are: ['4']
2018-12-15 23:19:32,927:INFO:The '4' was the 2nd character
2018-12-15 23:19:32,927:INFO:

2018-12-15 23:19:32,928:INFO:The symbols in this password are: ['!']
2018-12-15 23:19:32,928:INFO:The '!' was the 5th character
2018-12-15 23:19:32,929:INFO:

2018-12-15 23:19:32,991:INFO:The length of 'T4st!ng' is 7
2018-12-15 23:19:32,991:INFO:As a list it looks like this ['T', '4', 's', 't', '!', 'n', 'g']
2018-12-15 23:19:32,991:INFO:The letters in this password are: ['T', 's', 't', 'n', 'g']
2018-12-15 23:19:32,992:INFO:The 'T' was the 1st character
2018-12-15 23:19:32,992:INFO:The 's' was the 3rd character
2018-12-15 23:19:32,993:INFO:The 't' was the 4th character
2018-12-15 23:19:32,993:INFO:The 'n' was the 6th character
2018-12-15 23:19:32,993:INFO:The 'g' was the 7th character
2018-12-15 23:19:32,994:INFO:

2018-12-15 23:19:32,995:INFO:The numbers in this password are: ['4']
2018-12-15 23:19:32,995:INFO:The '4' was the 2nd character
2018-12-15 23:19:32,995:INFO:

2018-12-15 23:19:32,996:INFO:The symbols in this password are: ['!']
2018-12-15 23:19:32,996:INFO:The '!' was the 5th character
2018-12-15 23:19:32,997:INFO:

2018-12-15 23:19:33,064:INFO:The length of 'T4st!ng' is 7
2018-12-15 23:19:33,065:INFO:As a list it looks like this ['T', '4', 's', 't', '!', 'n', 'g']
2018-12-15 23:19:33,065:INFO:The letters in this password are: ['T', 's', 't', 'n', 'g']
2018-12-15 23:19:33,065:INFO:The 'T' was the 1st character
2018-12-15 23:19:33,066:INFO:The 's' was the 3rd character
2018-12-15 23:19:33,066:INFO:The 't' was the 4th character
2018-12-15 23:19:33,067:INFO:The 'n' was the 6th character
2018-12-15 23:19:33,067:INFO:The 'g' was the 7th character
2018-12-15 23:19:33,068:INFO:

2018-12-15 23:19:33,068:INFO:The numbers in this password are: ['4']
2018-12-15 23:19:33,069:INFO:The '4' was the 2nd character
2018-12-15 23:19:33,069:INFO:

2018-12-15 23:19:33,069:INFO:The symbols in this password are: ['!']
2018-12-15 23:19:33,070:INFO:The '!' was the 5th character
2018-12-15 23:19:33,070:INFO:

2018-12-15 23:19:33,128:INFO:The length of 'T4st!ng' is 7
2018-12-15 23:19:33,129:INFO:As a list it looks like this ['T', '4', 's', 't', '!', 'n', 'g']
2018-12-15 23:19:33,129:INFO:The letters in this password are: ['T', 's', 't', 'n', 'g']
2018-12-15 23:19:33,130:INFO:The 'T' was the 1st character
2018-12-15 23:19:33,130:INFO:The 's' was the 3rd character
2018-12-15 23:19:33,130:INFO:The 't' was the 4th character
2018-12-15 23:19:33,130:INFO:The 'n' was the 6th character
2018-12-15 23:19:33,131:INFO:The 'g' was the 7th character
2018-12-15 23:19:33,131:INFO:

2018-12-15 23:19:33,131:INFO:The numbers in this password are: ['4']
2018-12-15 23:19:33,132:INFO:The '4' was the 2nd character
2018-12-15 23:19:33,132:INFO:

2018-12-15 23:19:33,132:INFO:The symbols in this password are: ['!']
2018-12-15 23:19:33,133:INFO:The '!' was the 5th character
2018-12-15 23:19:33,133:INFO:

2018-12-15 23:19:33,195:INFO:The length of 'T4st!ng' is 7
2018-12-15 23:19:33,196:INFO:As a list it looks like this ['T', '4', 's', 't', '!', 'n', 'g']
2018-12-15 23:19:33,196:INFO:The letters in this password are: ['T', 's', 't', 'n', 'g']
2018-12-15 23:19:33,197:INFO:The 'T' was the 1st character
2018-12-15 23:19:33,197:INFO:The 's' was the 3rd character
2018-12-15 23:19:33,197:INFO:The 't' was the 4th character
2018-12-15 23:19:33,198:INFO:The 'n' was the 6th character
2018-12-15 23:19:33,198:INFO:The 'g' was the 7th character
2018-12-15 23:19:33,199:INFO:

2018-12-15 23:19:33,200:INFO:The numbers in this password are: ['4']
2018-12-15 23:19:33,200:INFO:The '4' was the 2nd character
2018-12-15 23:19:33,200:INFO:

2018-12-15 23:19:33,201:INFO:The symbols in this password are: ['!']
2018-12-15 23:19:33,201:INFO:The '!' was the 5th character
2018-12-15 23:19:33,201:INFO:

2018-12-15 23:19:33,261:INFO:The length of 'T4st!ng' is 7
2018-12-15 23:19:33,262:INFO:As a list it looks like this ['T', '4', 's', 't', '!', 'n', 'g']
2018-12-15 23:19:33,263:INFO:The letters in this password are: ['T', 's', 't', 'n', 'g']
2018-12-15 23:19:33,263:INFO:The 'T' was the 1st character
2018-12-15 23:19:33,264:INFO:The 's' was the 3rd character
2018-12-15 23:19:33,264:INFO:The 't' was the 4th character
2018-12-15 23:19:33,264:INFO:The 'n' was the 6th character
2018-12-15 23:19:33,265:INFO:The 'g' was the 7th character
2018-12-15 23:19:33,265:INFO:

2018-12-15 23:19:33,266:INFO:The numbers in this password are: ['4']
2018-12-15 23:19:33,266:INFO:The '4' was the 2nd character
2018-12-15 23:19:33,266:INFO:

2018-12-15 23:19:33,267:INFO:The symbols in this password are: ['!']
2018-12-15 23:19:33,267:INFO:The '!' was the 5th character
2018-12-15 23:19:33,268:INFO:

2018-12-15 23:19:33,326:INFO:The length of 'T4st!ng' is 7
2018-12-15 23:19:33,327:INFO:As a list it looks like this ['T', '4', 's', 't', '!', 'n', 'g']
2018-12-15 23:19:33,327:INFO:The letters in this password are: ['T', 's', 't', 'n', 'g']
2018-12-15 23:19:33,327:INFO:The 'T' was the 1st character
2018-12-15 23:19:33,328:INFO:The 's' was the 3rd character
2018-12-15 23:19:33,328:INFO:The 't' was the 4th character
2018-12-15 23:19:33,328:INFO:The 'n' was the 6th character
2018-12-15 23:19:33,329:INFO:The 'g' was the 7th character
2018-12-15 23:19:33,329:INFO:

2018-12-15 23:19:33,330:INFO:The numbers in this password are: ['4']
2018-12-15 23:19:33,330:INFO:The '4' was the 2nd character
2018-12-15 23:19:33,330:INFO:

2018-12-15 23:19:33,331:INFO:The symbols in this password are: ['!']
2018-12-15 23:19:33,331:INFO:The '!' was the 5th character
2018-12-15 23:19:33,331:INFO:

2018-12-15 23:19:33,392:INFO:The length of 'T4st!ng' is 7
2018-12-15 23:19:33,393:INFO:As a list it looks like this ['T', '4', 's', 't', '!', 'n', 'g']
2018-12-15 23:19:33,393:INFO:The letters in this password are: ['T', 's', 't', 'n', 'g']
2018-12-15 23:19:33,393:INFO:The 'T' was the 1st character
2018-12-15 23:19:33,394:INFO:The 's' was the 3rd character
2018-12-15 23:19:33,394:INFO:The 't' was the 4th character
2018-12-15 23:19:33,394:INFO:The 'n' was the 6th character
2018-12-15 23:19:33,394:INFO:The 'g' was the 7th character
2018-12-15 23:19:33,395:INFO:

2018-12-15 23:19:33,395:INFO:The numbers in this password are: ['4']
2018-12-15 23:19:33,395:INFO:The '4' was the 2nd character
2018-12-15 23:19:33,396:INFO:

2018-12-15 23:19:33,396:INFO:The symbols in this password are: ['!']
2018-12-15 23:19:33,397:INFO:The '!' was the 5th character
2018-12-15 23:19:33,397:INFO:

2018-12-15 23:19:33,458:INFO:The length of 'T4st!ng' is 7
2018-12-15 23:19:33,459:INFO:As a list it looks like this ['T', '4', 's', 't', '!', 'n', 'g']
2018-12-15 23:19:33,459:INFO:The letters in this password are: ['T', 's', 't', 'n', 'g']
2018-12-15 23:19:33,459:INFO:The 'T' was the 1st character
2018-12-15 23:19:33,460:INFO:The 's' was the 3rd character
2018-12-15 23:19:33,460:INFO:The 't' was the 4th character
2018-12-15 23:19:33,460:INFO:The 'n' was the 6th character
2018-12-15 23:19:33,461:INFO:The 'g' was the 7th character
2018-12-15 23:19:33,462:INFO:

2018-12-15 23:19:33,463:INFO:The numbers in this password are: ['4']
2018-12-15 23:19:33,463:INFO:The '4' was the 2nd character
2018-12-15 23:19:33,464:INFO:

2018-12-15 23:19:33,465:INFO:The symbols in this password are: ['!']
2018-12-15 23:19:33,465:INFO:The '!' was the 5th character
2018-12-15 23:19:33,465:INFO:

2018-12-15 23:19:33,525:INFO:The length of 'T4st!ng' is 7
2018-12-15 23:19:33,526:INFO:As a list it looks like this ['T', '4', 's', 't', '!', 'n', 'g']
2018-12-15 23:19:33,527:INFO:The letters in this password are: ['T', 's', 't', 'n', 'g']
2018-12-15 23:19:33,528:INFO:The 'T' was the 1st character
2018-12-15 23:19:33,528:INFO:The 's' was the 3rd character
2018-12-15 23:19:33,529:INFO:The 't' was the 4th character
2018-12-15 23:19:33,529:INFO:The 'n' was the 6th character
2018-12-15 23:19:33,529:INFO:The 'g' was the 7th character
2018-12-15 23:19:33,530:INFO:

2018-12-15 23:19:33,531:INFO:The numbers in this password are: ['4']
2018-12-15 23:19:33,531:INFO:The '4' was the 2nd character
2018-12-15 23:19:33,532:INFO:

2018-12-15 23:19:33,533:INFO:The symbols in this password are: ['!']
2018-12-15 23:19:33,533:INFO:The '!' was the 5th character
2018-12-15 23:19:33,533:INFO:

2018-12-15 23:19:33,596:INFO:The length of 'T4st!ng' is 7
2018-12-15 23:19:33,597:INFO:As a list it looks like this ['T', '4', 's', 't', '!', 'n', 'g']
2018-12-15 23:19:33,597:INFO:The letters in this password are: ['T', 's', 't', 'n', 'g']
2018-12-15 23:19:33,597:INFO:The 'T' was the 1st character
2018-12-15 23:19:33,598:INFO:The 's' was the 3rd character
2018-12-15 23:19:33,598:INFO:The 't' was the 4th character
2018-12-15 23:19:33,598:INFO:The 'n' was the 6th character
2018-12-15 23:19:33,598:INFO:The 'g' was the 7th character
2018-12-15 23:19:33,599:INFO:

2018-12-15 23:19:33,599:INFO:The numbers in this password are: ['4']
2018-12-15 23:19:33,599:INFO:The '4' was the 2nd character
2018-12-15 23:19:33,600:INFO:

2018-12-15 23:19:33,600:INFO:The symbols in this password are: ['!']
2018-12-15 23:19:33,601:INFO:The '!' was the 5th character
2018-12-15 23:19:33,601:INFO:

2018-12-15 23:19:33,665:INFO:The length of 'T4st!ng' is 7
2018-12-15 23:19:33,666:INFO:As a list it looks like this ['T', '4', 's', 't', '!', 'n', 'g']
2018-12-15 23:19:33,666:INFO:The letters in this password are: ['T', 's', 't', 'n', 'g']
2018-12-15 23:19:33,667:INFO:The 'T' was the 1st character
2018-12-15 23:19:33,667:INFO:The 's' was the 3rd character
2018-12-15 23:19:33,667:INFO:The 't' was the 4th character
2018-12-15 23:19:33,668:INFO:The 'n' was the 6th character
2018-12-15 23:19:33,668:INFO:The 'g' was the 7th character
2018-12-15 23:19:33,668:INFO:

2018-12-15 23:19:33,669:INFO:The numbers in this password are: ['4']
2018-12-15 23:19:33,669:INFO:The '4' was the 2nd character
2018-12-15 23:19:33,670:INFO:

2018-12-15 23:19:33,670:INFO:The symbols in this password are: ['!']
2018-12-15 23:19:33,671:INFO:The '!' was the 5th character
2018-12-15 23:19:33,671:INFO:

2018-12-15 23:19:33,728:INFO:The length of 'T4st!ng' is 7
2018-12-15 23:19:33,729:INFO:As a list it looks like this ['T', '4', 's', 't', '!', 'n', 'g']
2018-12-15 23:19:33,729:INFO:The letters in this password are: ['T', 's', 't', 'n', 'g']
2018-12-15 23:19:33,729:INFO:The 'T' was the 1st character
2018-12-15 23:19:33,730:INFO:The 's' was the 3rd character
2018-12-15 23:19:33,730:INFO:The 't' was the 4th character
2018-12-15 23:19:33,730:INFO:The 'n' was the 6th character
2018-12-15 23:19:33,731:INFO:The 'g' was the 7th character
2018-12-15 23:19:33,731:INFO:

2018-12-15 23:19:33,732:INFO:The numbers in this password are: ['4']
2018-12-15 23:19:33,732:INFO:The '4' was the 2nd character
2018-12-15 23:19:33,733:INFO:

2018-12-15 23:19:33,733:INFO:The symbols in this password are: ['!']
2018-12-15 23:19:33,734:INFO:The '!' was the 5th character
2018-12-15 23:19:33,734:INFO:

2018-12-15 23:19:33,793:INFO:The length of 'T4st!ng' is 7
2018-12-15 23:19:33,793:INFO:As a list it looks like this ['T', '4', 's', 't', '!', 'n', 'g']
2018-12-15 23:19:33,794:INFO:The letters in this password are: ['T', 's', 't', 'n', 'g']
2018-12-15 23:19:33,794:INFO:The 'T' was the 1st character
2018-12-15 23:19:33,794:INFO:The 's' was the 3rd character
2018-12-15 23:19:33,795:INFO:The 't' was the 4th character
2018-12-15 23:19:33,795:INFO:The 'n' was the 6th character
2018-12-15 23:19:33,795:INFO:The 'g' was the 7th character
2018-12-15 23:19:33,796:INFO:

2018-12-15 23:19:33,796:INFO:The numbers in this password are: ['4']
2018-12-15 23:19:33,796:INFO:The '4' was the 2nd character
2018-12-15 23:19:33,797:INFO:

2018-12-15 23:19:33,797:INFO:The symbols in this password are: ['!']
2018-12-15 23:19:33,798:INFO:The '!' was the 5th character
2018-12-15 23:19:33,798:INFO:

2018-12-15 23:19:33,863:INFO:The length of 'T4st!ng' is 7
2018-12-15 23:19:33,864:INFO:As a list it looks like this ['T', '4', 's', 't', '!', 'n', 'g']
2018-12-15 23:19:33,865:INFO:The letters in this password are: ['T', 's', 't', 'n', 'g']
2018-12-15 23:19:33,865:INFO:The 'T' was the 1st character
2018-12-15 23:19:33,865:INFO:The 's' was the 3rd character
2018-12-15 23:19:33,866:INFO:The 't' was the 4th character
2018-12-15 23:19:33,866:INFO:The 'n' was the 6th character
2018-12-15 23:19:33,867:INFO:The 'g' was the 7th character
2018-12-15 23:19:33,868:INFO:

2018-12-15 23:19:33,869:INFO:The numbers in this password are: ['4']
2018-12-15 23:19:33,869:INFO:The '4' was the 2nd character
2018-12-15 23:19:33,870:INFO:

2018-12-15 23:19:33,871:INFO:The symbols in this password are: ['!']
2018-12-15 23:19:33,871:INFO:The '!' was the 5th character
2018-12-15 23:19:33,871:INFO:

2018-12-15 23:19:33,933:INFO:The length of 'T4st!ng' is 7
2018-12-15 23:19:33,933:INFO:As a list it looks like this ['T', '4', 's', 't', '!', 'n', 'g']
2018-12-15 23:19:33,933:INFO:The letters in this password are: ['T', 's', 't', 'n', 'g']
2018-12-15 23:19:33,934:INFO:The 'T' was the 1st character
2018-12-15 23:19:33,934:INFO:The 's' was the 3rd character
2018-12-15 23:19:33,934:INFO:The 't' was the 4th character
2018-12-15 23:19:33,934:INFO:The 'n' was the 6th character
2018-12-15 23:19:33,935:INFO:The 'g' was the 7th character
2018-12-15 23:19:33,935:INFO:

2018-12-15 23:19:33,935:INFO:The numbers in this password are: ['4']
2018-12-15 23:19:33,936:INFO:The '4' was the 2nd character
2018-12-15 23:19:33,936:INFO:

2018-12-15 23:19:33,937:INFO:The symbols in this password are: ['!']
2018-12-15 23:19:33,937:INFO:The '!' was the 5th character
2018-12-15 23:19:33,937:INFO:

2018-12-15 23:19:34,000:INFO:The length of 'T4st!ng' is 7
2018-12-15 23:19:34,000:INFO:As a list it looks like this ['T', '4', 's', 't', '!', 'n', 'g']
2018-12-15 23:19:34,001:INFO:The letters in this password are: ['T', 's', 't', 'n', 'g']
2018-12-15 23:19:34,001:INFO:The 'T' was the 1st character
2018-12-15 23:19:34,004:INFO:The 's' was the 3rd character
2018-12-15 23:19:34,004:INFO:The 't' was the 4th character
2018-12-15 23:19:34,005:INFO:The 'n' was the 6th character
2018-12-15 23:19:34,005:INFO:The 'g' was the 7th character
2018-12-15 23:19:34,005:INFO:

2018-12-15 23:19:34,006:INFO:The numbers in this password are: ['4']
2018-12-15 23:19:34,006:INFO:The '4' was the 2nd character
2018-12-15 23:19:34,006:INFO:

2018-12-15 23:19:34,007:INFO:The symbols in this password are: ['!']
2018-12-15 23:19:34,007:INFO:The '!' was the 5th character
2018-12-15 23:19:34,007:INFO:

2018-12-15 23:19:34,070:INFO:The length of 'T4st!ng' is 7
2018-12-15 23:19:34,071:INFO:As a list it looks like this ['T', '4', 's', 't', '!', 'n', 'g']
2018-12-15 23:19:34,072:INFO:The letters in this password are: ['T', 's', 't', 'n', 'g']
2018-12-15 23:19:34,072:INFO:The 'T' was the 1st character
2018-12-15 23:19:34,073:INFO:The 's' was the 3rd character
2018-12-15 23:19:34,073:INFO:The 't' was the 4th character
2018-12-15 23:19:34,074:INFO:The 'n' was the 6th character
2018-12-15 23:19:34,074:INFO:The 'g' was the 7th character
2018-12-15 23:19:34,075:INFO:

2018-12-15 23:19:34,077:INFO:The numbers in this password are: ['4']
2018-12-15 23:19:34,077:INFO:The '4' was the 2nd character
2018-12-15 23:19:34,078:INFO:

2018-12-15 23:19:34,079:INFO:The symbols in this password are: ['!']
2018-12-15 23:19:34,083:INFO:The '!' was the 5th character
2018-12-15 23:19:34,084:INFO:

2018-12-15 23:19:34,148:INFO:The length of 'T4st!ng' is 7
2018-12-15 23:19:34,148:INFO:As a list it looks like this ['T', '4', 's', 't', '!', 'n', 'g']
2018-12-15 23:19:34,149:INFO:The letters in this password are: ['T', 's', 't', 'n', 'g']
2018-12-15 23:19:34,149:INFO:The 'T' was the 1st character
2018-12-15 23:19:34,150:INFO:The 's' was the 3rd character
2018-12-15 23:19:34,151:INFO:The 't' was the 4th character
2018-12-15 23:19:34,151:INFO:The 'n' was the 6th character
2018-12-15 23:19:34,153:INFO:The 'g' was the 7th character
2018-12-15 23:19:34,154:INFO:

2018-12-15 23:19:34,155:INFO:The numbers in this password are: ['4']
2018-12-15 23:19:34,155:INFO:The '4' was the 2nd character
2018-12-15 23:19:34,155:INFO:

2018-12-15 23:19:34,156:INFO:The symbols in this password are: ['!']
2018-12-15 23:19:34,156:INFO:The '!' was the 5th character
2018-12-15 23:19:34,158:INFO:

2018-12-15 23:19:34,220:INFO:The length of 'T4st!ng' is 7
2018-12-15 23:19:34,221:INFO:As a list it looks like this ['T', '4', 's', 't', '!', 'n', 'g']
2018-12-15 23:19:34,221:INFO:The letters in this password are: ['T', 's', 't', 'n', 'g']
2018-12-15 23:19:34,221:INFO:The 'T' was the 1st character
2018-12-15 23:19:34,221:INFO:The 's' was the 3rd character
2018-12-15 23:19:34,222:INFO:The 't' was the 4th character
2018-12-15 23:19:34,222:INFO:The 'n' was the 6th character
2018-12-15 23:19:34,222:INFO:The 'g' was the 7th character
2018-12-15 23:19:34,223:INFO:

2018-12-15 23:19:34,223:INFO:The numbers in this password are: ['4']
2018-12-15 23:19:34,223:INFO:The '4' was the 2nd character
2018-12-15 23:19:34,224:INFO:

2018-12-15 23:19:34,224:INFO:The symbols in this password are: ['!']
2018-12-15 23:19:34,224:INFO:The '!' was the 5th character
2018-12-15 23:19:34,225:INFO:

2018-12-15 23:19:34,284:INFO:The length of 'T4st!ng' is 7
2018-12-15 23:19:34,285:INFO:As a list it looks like this ['T', '4', 's', 't', '!', 'n', 'g']
2018-12-15 23:19:34,286:INFO:The letters in this password are: ['T', 's', 't', 'n', 'g']
2018-12-15 23:19:34,286:INFO:The 'T' was the 1st character
2018-12-15 23:19:34,286:INFO:The 's' was the 3rd character
2018-12-15 23:19:34,287:INFO:The 't' was the 4th character
2018-12-15 23:19:34,287:INFO:The 'n' was the 6th character
2018-12-15 23:19:34,287:INFO:The 'g' was the 7th character
2018-12-15 23:19:34,287:INFO:

2018-12-15 23:19:34,288:INFO:The numbers in this password are: ['4']
2018-12-15 23:19:34,288:INFO:The '4' was the 2nd character
2018-12-15 23:19:34,289:INFO:

2018-12-15 23:19:34,289:INFO:The symbols in this password are: ['!']
2018-12-15 23:19:34,289:INFO:The '!' was the 5th character
2018-12-15 23:19:34,290:INFO:

2018-12-15 23:19:34,351:INFO:The length of 'T4st!ng' is 7
2018-12-15 23:19:34,351:INFO:As a list it looks like this ['T', '4', 's', 't', '!', 'n', 'g']
2018-12-15 23:19:34,352:INFO:The letters in this password are: ['T', 's', 't', 'n', 'g']
2018-12-15 23:19:34,352:INFO:The 'T' was the 1st character
2018-12-15 23:19:34,353:INFO:The 's' was the 3rd character
2018-12-15 23:19:34,353:INFO:The 't' was the 4th character
2018-12-15 23:19:34,354:INFO:The 'n' was the 6th character
2018-12-15 23:19:34,354:INFO:The 'g' was the 7th character
2018-12-15 23:19:34,354:INFO:

2018-12-15 23:19:34,355:INFO:The numbers in this password are: ['4']
2018-12-15 23:19:34,355:INFO:The '4' was the 2nd character
2018-12-15 23:19:34,356:INFO:

2018-12-15 23:19:34,356:INFO:The symbols in this password are: ['!']
2018-12-15 23:19:34,356:INFO:The '!' was the 5th character
2018-12-15 23:19:34,357:INFO:

2018-12-15 23:19:34,415:INFO:The length of 'T4st!ng' is 7
2018-12-15 23:19:34,416:INFO:As a list it looks like this ['T', '4', 's', 't', '!', 'n', 'g']
2018-12-15 23:19:34,417:INFO:The letters in this password are: ['T', 's', 't', 'n', 'g']
2018-12-15 23:19:34,417:INFO:The 'T' was the 1st character
2018-12-15 23:19:34,417:INFO:The 's' was the 3rd character
2018-12-15 23:19:34,418:INFO:The 't' was the 4th character
2018-12-15 23:19:34,418:INFO:The 'n' was the 6th character
2018-12-15 23:19:34,418:INFO:The 'g' was the 7th character
2018-12-15 23:19:34,419:INFO:

2018-12-15 23:19:34,419:INFO:The numbers in this password are: ['4']
2018-12-15 23:19:34,420:INFO:The '4' was the 2nd character
2018-12-15 23:19:34,420:INFO:

2018-12-15 23:19:34,421:INFO:The symbols in this password are: ['!']
2018-12-15 23:19:34,421:INFO:The '!' was the 5th character
2018-12-15 23:19:34,421:INFO:

2018-12-15 23:19:34,483:INFO:The length of 'T4st!ng' is 7
2018-12-15 23:19:34,483:INFO:As a list it looks like this ['T', '4', 's', 't', '!', 'n', 'g']
2018-12-15 23:19:34,484:INFO:The letters in this password are: ['T', 's', 't', 'n', 'g']
2018-12-15 23:19:34,484:INFO:The 'T' was the 1st character
2018-12-15 23:19:34,485:INFO:The 's' was the 3rd character
2018-12-15 23:19:34,485:INFO:The 't' was the 4th character
2018-12-15 23:19:34,485:INFO:The 'n' was the 6th character
2018-12-15 23:19:34,486:INFO:The 'g' was the 7th character
2018-12-15 23:19:34,486:INFO:

2018-12-15 23:19:34,486:INFO:The numbers in this password are: ['4']
2018-12-15 23:19:34,487:INFO:The '4' was the 2nd character
2018-12-15 23:19:34,487:INFO:

2018-12-15 23:19:34,488:INFO:The symbols in this password are: ['!']
2018-12-15 23:19:34,488:INFO:The '!' was the 5th character
2018-12-15 23:19:34,488:INFO:

2018-12-15 23:19:34,546:INFO:The length of 'T4st!ng' is 7
2018-12-15 23:19:34,547:INFO:As a list it looks like this ['T', '4', 's', 't', '!', 'n', 'g']
2018-12-15 23:19:34,548:INFO:The letters in this password are: ['T', 's', 't', 'n', 'g']
2018-12-15 23:19:34,548:INFO:The 'T' was the 1st character
2018-12-15 23:19:34,549:INFO:The 's' was the 3rd character
2018-12-15 23:19:34,549:INFO:The 't' was the 4th character
2018-12-15 23:19:34,549:INFO:The 'n' was the 6th character
2018-12-15 23:19:34,550:INFO:The 'g' was the 7th character
2018-12-15 23:19:34,550:INFO:

2018-12-15 23:19:34,551:INFO:The numbers in this password are: ['4']
2018-12-15 23:19:34,551:INFO:The '4' was the 2nd character
2018-12-15 23:19:34,552:INFO:

2018-12-15 23:19:34,553:INFO:The symbols in this password are: ['!']
2018-12-15 23:19:34,553:INFO:The '!' was the 5th character
2018-12-15 23:19:34,553:INFO:

2018-12-15 23:19:34,617:INFO:The length of 'T4st!ng' is 7
2018-12-15 23:19:34,617:INFO:As a list it looks like this ['T', '4', 's', 't', '!', 'n', 'g']
2018-12-15 23:19:34,618:INFO:The letters in this password are: ['T', 's', 't', 'n', 'g']
2018-12-15 23:19:34,618:INFO:The 'T' was the 1st character
2018-12-15 23:19:34,619:INFO:The 's' was the 3rd character
2018-12-15 23:19:34,619:INFO:The 't' was the 4th character
2018-12-15 23:19:34,619:INFO:The 'n' was the 6th character
2018-12-15 23:19:34,619:INFO:The 'g' was the 7th character
2018-12-15 23:19:34,620:INFO:

2018-12-15 23:19:34,620:INFO:The numbers in this password are: ['4']
2018-12-15 23:19:34,621:INFO:The '4' was the 2nd character
2018-12-15 23:19:34,621:INFO:

2018-12-15 23:19:34,622:INFO:The symbols in this password are: ['!']
2018-12-15 23:19:34,622:INFO:The '!' was the 5th character
2018-12-15 23:19:34,622:INFO:

2018-12-15 23:19:34,681:INFO:The length of 'T4st!ng' is 7
2018-12-15 23:19:34,682:INFO:As a list it looks like this ['T', '4', 's', 't', '!', 'n', 'g']
2018-12-15 23:19:34,682:INFO:The letters in this password are: ['T', 's', 't', 'n', 'g']
2018-12-15 23:19:34,682:INFO:The 'T' was the 1st character
2018-12-15 23:19:34,683:INFO:The 's' was the 3rd character
2018-12-15 23:19:34,683:INFO:The 't' was the 4th character
2018-12-15 23:19:34,683:INFO:The 'n' was the 6th character
2018-12-15 23:19:34,684:INFO:The 'g' was the 7th character
2018-12-15 23:19:34,684:INFO:

2018-12-15 23:19:34,685:INFO:The numbers in this password are: ['4']
2018-12-15 23:19:34,685:INFO:The '4' was the 2nd character
2018-12-15 23:19:34,685:INFO:

2018-12-15 23:19:34,686:INFO:The symbols in this password are: ['!']
2018-12-15 23:19:34,686:INFO:The '!' was the 5th character
2018-12-15 23:19:34,687:INFO:

2018-12-15 23:19:34,746:INFO:The length of 'T4st!ng' is 7
2018-12-15 23:19:34,747:INFO:As a list it looks like this ['T', '4', 's', 't', '!', 'n', 'g']
2018-12-15 23:19:34,748:INFO:The letters in this password are: ['T', 's', 't', 'n', 'g']
2018-12-15 23:19:34,749:INFO:The 'T' was the 1st character
2018-12-15 23:19:34,749:INFO:The 's' was the 3rd character
2018-12-15 23:19:34,749:INFO:The 't' was the 4th character
2018-12-15 23:19:34,750:INFO:The 'n' was the 6th character
2018-12-15 23:19:34,750:INFO:The 'g' was the 7th character
2018-12-15 23:19:34,751:INFO:

2018-12-15 23:19:34,751:INFO:The numbers in this password are: ['4']
2018-12-15 23:19:34,752:INFO:The '4' was the 2nd character
2018-12-15 23:19:34,752:INFO:

2018-12-15 23:19:34,753:INFO:The symbols in this password are: ['!']
2018-12-15 23:19:34,753:INFO:The '!' was the 5th character
2018-12-15 23:19:34,753:INFO:

2018-12-15 23:19:34,809:INFO:The length of 'T4st!ng' is 7
2018-12-15 23:19:34,810:INFO:As a list it looks like this ['T', '4', 's', 't', '!', 'n', 'g']
2018-12-15 23:19:34,810:INFO:The letters in this password are: ['T', 's', 't', 'n', 'g']
2018-12-15 23:19:34,811:INFO:The 'T' was the 1st character
2018-12-15 23:19:34,811:INFO:The 's' was the 3rd character
2018-12-15 23:19:34,811:INFO:The 't' was the 4th character
2018-12-15 23:19:34,811:INFO:The 'n' was the 6th character
2018-12-15 23:19:34,812:INFO:The 'g' was the 7th character
2018-12-15 23:19:34,812:INFO:

2018-12-15 23:19:34,813:INFO:The numbers in this password are: ['4']
2018-12-15 23:19:34,813:INFO:The '4' was the 2nd character
2018-12-15 23:19:34,814:INFO:

2018-12-15 23:19:34,815:INFO:The symbols in this password are: ['!']
2018-12-15 23:19:34,816:INFO:The '!' was the 5th character
2018-12-15 23:19:34,816:INFO:

2018-12-15 23:19:34,879:INFO:The length of 'T4st!ng' is 7
2018-12-15 23:19:34,880:INFO:As a list it looks like this ['T', '4', 's', 't', '!', 'n', 'g']
2018-12-15 23:19:34,880:INFO:The letters in this password are: ['T', 's', 't', 'n', 'g']
2018-12-15 23:19:34,881:INFO:The 'T' was the 1st character
2018-12-15 23:19:34,881:INFO:The 's' was the 3rd character
2018-12-15 23:19:34,882:INFO:The 't' was the 4th character
2018-12-15 23:19:34,882:INFO:The 'n' was the 6th character
2018-12-15 23:19:34,883:INFO:The 'g' was the 7th character
2018-12-15 23:19:34,883:INFO:

2018-12-15 23:19:34,884:INFO:The numbers in this password are: ['4']
2018-12-15 23:19:34,884:INFO:The '4' was the 2nd character
2018-12-15 23:19:34,884:INFO:

2018-12-15 23:19:34,885:INFO:The symbols in this password are: ['!']
2018-12-15 23:19:34,885:INFO:The '!' was the 5th character
2018-12-15 23:19:34,885:INFO:

2018-12-15 23:19:34,947:INFO:The length of 'T4st!ng' is 7
2018-12-15 23:19:34,948:INFO:As a list it looks like this ['T', '4', 's', 't', '!', 'n', 'g']
2018-12-15 23:19:34,948:INFO:The letters in this password are: ['T', 's', 't', 'n', 'g']
2018-12-15 23:19:34,949:INFO:The 'T' was the 1st character
2018-12-15 23:19:34,950:INFO:The 's' was the 3rd character
2018-12-15 23:19:34,950:INFO:The 't' was the 4th character
2018-12-15 23:19:34,951:INFO:The 'n' was the 6th character
2018-12-15 23:19:34,951:INFO:The 'g' was the 7th character
2018-12-15 23:19:34,952:INFO:

2018-12-15 23:19:34,952:INFO:The numbers in this password are: ['4']
2018-12-15 23:19:34,953:INFO:The '4' was the 2nd character
2018-12-15 23:19:34,953:INFO:

2018-12-15 23:19:34,954:INFO:The symbols in this password are: ['!']
2018-12-15 23:19:34,954:INFO:The '!' was the 5th character
2018-12-15 23:19:34,955:INFO:

2018-12-15 23:19:35,015:INFO:The length of 'T4st!ng' is 7
2018-12-15 23:19:35,016:INFO:As a list it looks like this ['T', '4', 's', 't', '!', 'n', 'g']
2018-12-15 23:19:35,017:INFO:The letters in this password are: ['T', 's', 't', 'n', 'g']
2018-12-15 23:19:35,017:INFO:The 'T' was the 1st character
2018-12-15 23:19:35,018:INFO:The 's' was the 3rd character
2018-12-15 23:19:35,018:INFO:The 't' was the 4th character
2018-12-15 23:19:35,019:INFO:The 'n' was the 6th character
2018-12-15 23:19:35,019:INFO:The 'g' was the 7th character
2018-12-15 23:19:35,020:INFO:

2018-12-15 23:19:35,021:INFO:The numbers in this password are: ['4']
2018-12-15 23:19:35,021:INFO:The '4' was the 2nd character
2018-12-15 23:19:35,021:INFO:

2018-12-15 23:19:35,022:INFO:The symbols in this password are: ['!']
2018-12-15 23:19:35,022:INFO:The '!' was the 5th character
2018-12-15 23:19:35,023:INFO:

2018-12-15 23:19:35,084:INFO:The length of 'T4st!ng' is 7
2018-12-15 23:19:35,085:INFO:As a list it looks like this ['T', '4', 's', 't', '!', 'n', 'g']
2018-12-15 23:19:35,085:INFO:The letters in this password are: ['T', 's', 't', 'n', 'g']
2018-12-15 23:19:35,086:INFO:The 'T' was the 1st character
2018-12-15 23:19:35,086:INFO:The 's' was the 3rd character
2018-12-15 23:19:35,086:INFO:The 't' was the 4th character
2018-12-15 23:19:35,087:INFO:The 'n' was the 6th character
2018-12-15 23:19:35,087:INFO:The 'g' was the 7th character
2018-12-15 23:19:35,087:INFO:

2018-12-15 23:19:35,088:INFO:The numbers in this password are: ['4']
2018-12-15 23:19:35,088:INFO:The '4' was the 2nd character
2018-12-15 23:19:35,088:INFO:

2018-12-15 23:19:35,089:INFO:The symbols in this password are: ['!']
2018-12-15 23:19:35,089:INFO:The '!' was the 5th character
2018-12-15 23:19:35,090:INFO:

2018-12-15 23:19:35,147:INFO:The length of 'T4st!ng' is 7
2018-12-15 23:19:35,148:INFO:As a list it looks like this ['T', '4', 's', 't', '!', 'n', 'g']
2018-12-15 23:19:35,148:INFO:The letters in this password are: ['T', 's', 't', 'n', 'g']
2018-12-15 23:19:35,149:INFO:The 'T' was the 1st character
2018-12-15 23:19:35,149:INFO:The 's' was the 3rd character
2018-12-15 23:19:35,149:INFO:The 't' was the 4th character
2018-12-15 23:19:35,150:INFO:The 'n' was the 6th character
2018-12-15 23:19:35,150:INFO:The 'g' was the 7th character
2018-12-15 23:19:35,151:INFO:

2018-12-15 23:19:35,151:INFO:The numbers in this password are: ['4']
2018-12-15 23:19:35,152:INFO:The '4' was the 2nd character
2018-12-15 23:19:35,153:INFO:

2018-12-15 23:19:35,154:INFO:The symbols in this password are: ['!']
2018-12-15 23:19:35,154:INFO:The '!' was the 5th character
2018-12-15 23:19:35,155:INFO:

2018-12-15 23:19:35,212:INFO:The length of 'T4st!ng' is 7
2018-12-15 23:19:35,213:INFO:As a list it looks like this ['T', '4', 's', 't', '!', 'n', 'g']
2018-12-15 23:19:35,213:INFO:The letters in this password are: ['T', 's', 't', 'n', 'g']
2018-12-15 23:19:35,213:INFO:The 'T' was the 1st character
2018-12-15 23:19:35,213:INFO:The 's' was the 3rd character
2018-12-15 23:19:35,214:INFO:The 't' was the 4th character
2018-12-15 23:19:35,214:INFO:The 'n' was the 6th character
2018-12-15 23:19:35,214:INFO:The 'g' was the 7th character
2018-12-15 23:19:35,215:INFO:

2018-12-15 23:19:35,215:INFO:The numbers in this password are: ['4']
2018-12-15 23:19:35,216:INFO:The '4' was the 2nd character
2018-12-15 23:19:35,216:INFO:

2018-12-15 23:19:35,217:INFO:The symbols in this password are: ['!']
2018-12-15 23:19:35,217:INFO:The '!' was the 5th character
2018-12-15 23:19:35,217:INFO:

2018-12-15 23:19:35,285:INFO:The length of 'T4st!ng' is 7
2018-12-15 23:19:35,286:INFO:As a list it looks like this ['T', '4', 's', 't', '!', 'n', 'g']
2018-12-15 23:19:35,286:INFO:The letters in this password are: ['T', 's', 't', 'n', 'g']
2018-12-15 23:19:35,287:INFO:The 'T' was the 1st character
2018-12-15 23:19:35,287:INFO:The 's' was the 3rd character
2018-12-15 23:19:35,287:INFO:The 't' was the 4th character
2018-12-15 23:19:35,288:INFO:The 'n' was the 6th character
2018-12-15 23:19:35,288:INFO:The 'g' was the 7th character
2018-12-15 23:19:35,289:INFO:

2018-12-15 23:19:35,289:INFO:The numbers in this password are: ['4']
2018-12-15 23:19:35,290:INFO:The '4' was the 2nd character
2018-12-15 23:19:35,290:INFO:

2018-12-15 23:19:35,291:INFO:The symbols in this password are: ['!']
2018-12-15 23:19:35,291:INFO:The '!' was the 5th character
2018-12-15 23:19:35,291:INFO:

2018-12-15 23:19:35,350:INFO:The length of 'T4st!ng' is 7
2018-12-15 23:19:35,351:INFO:As a list it looks like this ['T', '4', 's', 't', '!', 'n', 'g']
2018-12-15 23:19:35,351:INFO:The letters in this password are: ['T', 's', 't', 'n', 'g']
2018-12-15 23:19:35,352:INFO:The 'T' was the 1st character
2018-12-15 23:19:35,352:INFO:The 's' was the 3rd character
2018-12-15 23:19:35,353:INFO:The 't' was the 4th character
2018-12-15 23:19:35,353:INFO:The 'n' was the 6th character
2018-12-15 23:19:35,353:INFO:The 'g' was the 7th character
2018-12-15 23:19:35,354:INFO:

2018-12-15 23:19:35,355:INFO:The numbers in this password are: ['4']
2018-12-15 23:19:35,356:INFO:The '4' was the 2nd character
2018-12-15 23:19:35,356:INFO:

2018-12-15 23:19:35,357:INFO:The symbols in this password are: ['!']
2018-12-15 23:19:35,357:INFO:The '!' was the 5th character
2018-12-15 23:19:35,358:INFO:

2018-12-15 23:19:35,416:INFO:The length of 'T4st!ng' is 7
2018-12-15 23:19:35,417:INFO:As a list it looks like this ['T', '4', 's', 't', '!', 'n', 'g']
2018-12-15 23:19:35,417:INFO:The letters in this password are: ['T', 's', 't', 'n', 'g']
2018-12-15 23:19:35,418:INFO:The 'T' was the 1st character
2018-12-15 23:19:35,418:INFO:The 's' was the 3rd character
2018-12-15 23:19:35,419:INFO:The 't' was the 4th character
2018-12-15 23:19:35,419:INFO:The 'n' was the 6th character
2018-12-15 23:19:35,419:INFO:The 'g' was the 7th character
2018-12-15 23:19:35,420:INFO:

2018-12-15 23:19:35,421:INFO:The numbers in this password are: ['4']
2018-12-15 23:19:35,421:INFO:The '4' was the 2nd character
2018-12-15 23:19:35,422:INFO:

2018-12-15 23:19:35,423:INFO:The symbols in this password are: ['!']
2018-12-15 23:19:35,424:INFO:The '!' was the 5th character
2018-12-15 23:19:35,425:INFO:

2018-12-15 23:19:35,503:INFO:The length of 'T4st!ng' is 7
2018-12-15 23:19:35,504:INFO:As a list it looks like this ['T', '4', 's', 't', '!', 'n', 'g']
2018-12-15 23:19:35,504:INFO:The letters in this password are: ['T', 's', 't', 'n', 'g']
2018-12-15 23:19:35,505:INFO:The 'T' was the 1st character
2018-12-15 23:19:35,505:INFO:The 's' was the 3rd character
2018-12-15 23:19:35,505:INFO:The 't' was the 4th character
2018-12-15 23:19:35,506:INFO:The 'n' was the 6th character
2018-12-15 23:19:35,506:INFO:The 'g' was the 7th character
2018-12-15 23:19:35,506:INFO:

2018-12-15 23:19:35,507:INFO:The numbers in this password are: ['4']
2018-12-15 23:19:35,507:INFO:The '4' was the 2nd character
2018-12-15 23:19:35,508:INFO:

2018-12-15 23:19:35,508:INFO:The symbols in this password are: ['!']
2018-12-15 23:19:35,508:INFO:The '!' was the 5th character
2018-12-15 23:19:35,509:INFO:

2018-12-15 23:19:35,579:INFO:The length of 'T4st!ng' is 7
2018-12-15 23:19:35,579:INFO:As a list it looks like this ['T', '4', 's', 't', '!', 'n', 'g']
2018-12-15 23:19:35,580:INFO:The letters in this password are: ['T', 's', 't', 'n', 'g']
2018-12-15 23:19:35,580:INFO:The 'T' was the 1st character
2018-12-15 23:19:35,581:INFO:The 's' was the 3rd character
2018-12-15 23:19:35,581:INFO:The 't' was the 4th character
2018-12-15 23:19:35,581:INFO:The 'n' was the 6th character
2018-12-15 23:19:35,582:INFO:The 'g' was the 7th character
2018-12-15 23:19:35,582:INFO:

2018-12-15 23:19:35,583:INFO:The numbers in this password are: ['4']
2018-12-15 23:19:35,584:INFO:The '4' was the 2nd character
2018-12-15 23:19:35,584:INFO:

2018-12-15 23:19:35,585:INFO:The symbols in this password are: ['!']
2018-12-15 23:19:35,585:INFO:The '!' was the 5th character
2018-12-15 23:19:35,586:INFO:

2018-12-15 23:19:35,653:INFO:The length of 'T4st!ng' is 7
2018-12-15 23:19:35,653:INFO:As a list it looks like this ['T', '4', 's', 't', '!', 'n', 'g']
2018-12-15 23:19:35,654:INFO:The letters in this password are: ['T', 's', 't', 'n', 'g']
2018-12-15 23:19:35,655:INFO:The 'T' was the 1st character
2018-12-15 23:19:35,655:INFO:The 's' was the 3rd character
2018-12-15 23:19:35,656:INFO:The 't' was the 4th character
2018-12-15 23:19:35,656:INFO:The 'n' was the 6th character
2018-12-15 23:19:35,657:INFO:The 'g' was the 7th character
2018-12-15 23:19:35,657:INFO:

2018-12-15 23:19:35,658:INFO:The numbers in this password are: ['4']
2018-12-15 23:19:35,658:INFO:The '4' was the 2nd character
2018-12-15 23:19:35,658:INFO:

2018-12-15 23:19:35,659:INFO:The symbols in this password are: ['!']
2018-12-15 23:19:35,659:INFO:The '!' was the 5th character
2018-12-15 23:19:35,660:INFO:

2018-12-15 23:19:35,720:INFO:The length of 'T4st!ng' is 7
2018-12-15 23:19:35,721:INFO:As a list it looks like this ['T', '4', 's', 't', '!', 'n', 'g']
2018-12-15 23:19:35,721:INFO:The letters in this password are: ['T', 's', 't', 'n', 'g']
2018-12-15 23:19:35,722:INFO:The 'T' was the 1st character
2018-12-15 23:19:35,722:INFO:The 's' was the 3rd character
2018-12-15 23:19:35,722:INFO:The 't' was the 4th character
2018-12-15 23:19:35,723:INFO:The 'n' was the 6th character
2018-12-15 23:19:35,723:INFO:The 'g' was the 7th character
2018-12-15 23:19:35,723:INFO:

2018-12-15 23:19:35,724:INFO:The numbers in this password are: ['4']
2018-12-15 23:19:35,724:INFO:The '4' was the 2nd character
2018-12-15 23:19:35,724:INFO:

2018-12-15 23:19:35,725:INFO:The symbols in this password are: ['!']
2018-12-15 23:19:35,725:INFO:The '!' was the 5th character
2018-12-15 23:19:35,725:INFO:

2018-12-15 23:19:35,782:INFO:The length of 'T4st!ng' is 7
2018-12-15 23:19:35,783:INFO:As a list it looks like this ['T', '4', 's', 't', '!', 'n', 'g']
2018-12-15 23:19:35,783:INFO:The letters in this password are: ['T', 's', 't', 'n', 'g']
2018-12-15 23:19:35,783:INFO:The 'T' was the 1st character
2018-12-15 23:19:35,784:INFO:The 's' was the 3rd character
2018-12-15 23:19:35,784:INFO:The 't' was the 4th character
2018-12-15 23:19:35,784:INFO:The 'n' was the 6th character
2018-12-15 23:19:35,785:INFO:The 'g' was the 7th character
2018-12-15 23:19:35,785:INFO:

2018-12-15 23:19:35,785:INFO:The numbers in this password are: ['4']
2018-12-15 23:19:35,786:INFO:The '4' was the 2nd character
2018-12-15 23:19:35,786:INFO:

2018-12-15 23:19:35,787:INFO:The symbols in this password are: ['!']
2018-12-15 23:19:35,787:INFO:The '!' was the 5th character
2018-12-15 23:19:35,788:INFO:

2018-12-15 23:19:35,852:INFO:The length of 'T4st!ng' is 7
2018-12-15 23:19:35,853:INFO:As a list it looks like this ['T', '4', 's', 't', '!', 'n', 'g']
2018-12-15 23:19:35,853:INFO:The letters in this password are: ['T', 's', 't', 'n', 'g']
2018-12-15 23:19:35,854:INFO:The 'T' was the 1st character
2018-12-15 23:19:35,854:INFO:The 's' was the 3rd character
2018-12-15 23:19:35,855:INFO:The 't' was the 4th character
2018-12-15 23:19:35,855:INFO:The 'n' was the 6th character
2018-12-15 23:19:35,855:INFO:The 'g' was the 7th character
2018-12-15 23:19:35,856:INFO:

2018-12-15 23:19:35,857:INFO:The numbers in this password are: ['4']
2018-12-15 23:19:35,857:INFO:The '4' was the 2nd character
2018-12-15 23:19:35,857:INFO:

2018-12-15 23:19:35,858:INFO:The symbols in this password are: ['!']
2018-12-15 23:19:35,859:INFO:The '!' was the 5th character
2018-12-15 23:19:35,859:INFO:

2018-12-15 23:19:35,916:INFO:The length of 'T4st!ng' is 7
2018-12-15 23:19:35,916:INFO:As a list it looks like this ['T', '4', 's', 't', '!', 'n', 'g']
2018-12-15 23:19:35,917:INFO:The letters in this password are: ['T', 's', 't', 'n', 'g']
2018-12-15 23:19:35,917:INFO:The 'T' was the 1st character
2018-12-15 23:19:35,917:INFO:The 's' was the 3rd character
2018-12-15 23:19:35,918:INFO:The 't' was the 4th character
2018-12-15 23:19:35,918:INFO:The 'n' was the 6th character
2018-12-15 23:19:35,919:INFO:The 'g' was the 7th character
2018-12-15 23:19:35,920:INFO:

2018-12-15 23:19:35,921:INFO:The numbers in this password are: ['4']
2018-12-15 23:19:35,921:INFO:The '4' was the 2nd character
2018-12-15 23:19:35,921:INFO:

2018-12-15 23:19:35,922:INFO:The symbols in this password are: ['!']
2018-12-15 23:19:35,923:INFO:The '!' was the 5th character
2018-12-15 23:19:35,923:INFO:

2018-12-15 23:19:35,985:INFO:The length of 'T4st!ng' is 7
2018-12-15 23:19:35,985:INFO:As a list it looks like this ['T', '4', 's', 't', '!', 'n', 'g']
2018-12-15 23:19:35,986:INFO:The letters in this password are: ['T', 's', 't', 'n', 'g']
2018-12-15 23:19:35,986:INFO:The 'T' was the 1st character
2018-12-15 23:19:35,986:INFO:The 's' was the 3rd character
2018-12-15 23:19:35,987:INFO:The 't' was the 4th character
2018-12-15 23:19:35,987:INFO:The 'n' was the 6th character
2018-12-15 23:19:35,987:INFO:The 'g' was the 7th character
2018-12-15 23:19:35,988:INFO:

2018-12-15 23:19:35,988:INFO:The numbers in this password are: ['4']
2018-12-15 23:19:35,989:INFO:The '4' was the 2nd character
2018-12-15 23:19:35,989:INFO:

2018-12-15 23:19:35,990:INFO:The symbols in this password are: ['!']
2018-12-15 23:19:35,990:INFO:The '!' was the 5th character
2018-12-15 23:19:35,991:INFO:

2018-12-15 23:19:36,058:INFO:The length of 'T4st!ng' is 7
2018-12-15 23:19:36,058:INFO:As a list it looks like this ['T', '4', 's', 't', '!', 'n', 'g']
2018-12-15 23:19:36,059:INFO:The letters in this password are: ['T', 's', 't', 'n', 'g']
2018-12-15 23:19:36,059:INFO:The 'T' was the 1st character
2018-12-15 23:19:36,059:INFO:The 's' was the 3rd character
2018-12-15 23:19:36,060:INFO:The 't' was the 4th character
2018-12-15 23:19:36,060:INFO:The 'n' was the 6th character
2018-12-15 23:19:36,060:INFO:The 'g' was the 7th character
2018-12-15 23:19:36,061:INFO:

2018-12-15 23:19:36,061:INFO:The numbers in this password are: ['4']
2018-12-15 23:19:36,061:INFO:The '4' was the 2nd character
2018-12-15 23:19:36,062:INFO:

2018-12-15 23:19:36,062:INFO:The symbols in this password are: ['!']
2018-12-15 23:19:36,063:INFO:The '!' was the 5th character
2018-12-15 23:19:36,063:INFO:

2018-12-15 23:19:36,123:INFO:The length of 'T4st!ng' is 7
2018-12-15 23:19:36,123:INFO:As a list it looks like this ['T', '4', 's', 't', '!', 'n', 'g']
2018-12-15 23:19:36,124:INFO:The letters in this password are: ['T', 's', 't', 'n', 'g']
2018-12-15 23:19:36,124:INFO:The 'T' was the 1st character
2018-12-15 23:19:36,125:INFO:The 's' was the 3rd character
2018-12-15 23:19:36,125:INFO:The 't' was the 4th character
2018-12-15 23:19:36,125:INFO:The 'n' was the 6th character
2018-12-15 23:19:36,126:INFO:The 'g' was the 7th character
2018-12-15 23:19:36,126:INFO:

2018-12-15 23:19:36,127:INFO:The numbers in this password are: ['4']
2018-12-15 23:19:36,127:INFO:The '4' was the 2nd character
2018-12-15 23:19:36,127:INFO:

2018-12-15 23:19:36,128:INFO:The symbols in this password are: ['!']
2018-12-15 23:19:36,128:INFO:The '!' was the 5th character
2018-12-15 23:19:36,128:INFO:

2018-12-15 23:19:36,189:INFO:The length of 'T4st!ng' is 7
2018-12-15 23:19:36,190:INFO:As a list it looks like this ['T', '4', 's', 't', '!', 'n', 'g']
2018-12-15 23:19:36,191:INFO:The letters in this password are: ['T', 's', 't', 'n', 'g']
2018-12-15 23:19:36,191:INFO:The 'T' was the 1st character
2018-12-15 23:19:36,191:INFO:The 's' was the 3rd character
2018-12-15 23:19:36,192:INFO:The 't' was the 4th character
2018-12-15 23:19:36,192:INFO:The 'n' was the 6th character
2018-12-15 23:19:36,192:INFO:The 'g' was the 7th character
2018-12-15 23:19:36,193:INFO:

2018-12-15 23:19:36,193:INFO:The numbers in this password are: ['4']
2018-12-15 23:19:36,193:INFO:The '4' was the 2nd character
2018-12-15 23:19:36,194:INFO:

2018-12-15 23:19:36,195:INFO:The symbols in this password are: ['!']
2018-12-15 23:19:36,195:INFO:The '!' was the 5th character
2018-12-15 23:19:36,195:INFO:

2018-12-15 23:19:36,259:INFO:The length of 'T4st!ng' is 7
2018-12-15 23:19:36,259:INFO:As a list it looks like this ['T', '4', 's', 't', '!', 'n', 'g']
2018-12-15 23:19:36,260:INFO:The letters in this password are: ['T', 's', 't', 'n', 'g']
2018-12-15 23:19:36,260:INFO:The 'T' was the 1st character
2018-12-15 23:19:36,260:INFO:The 's' was the 3rd character
2018-12-15 23:19:36,261:INFO:The 't' was the 4th character
2018-12-15 23:19:36,261:INFO:The 'n' was the 6th character
2018-12-15 23:19:36,261:INFO:The 'g' was the 7th character
2018-12-15 23:19:36,261:INFO:

2018-12-15 23:19:36,262:INFO:The numbers in this password are: ['4']
2018-12-15 23:19:36,262:INFO:The '4' was the 2nd character
2018-12-15 23:19:36,262:INFO:

2018-12-15 23:19:36,263:INFO:The symbols in this password are: ['!']
2018-12-15 23:19:36,263:INFO:The '!' was the 5th character
2018-12-15 23:19:36,264:INFO:

2018-12-15 23:19:36,323:INFO:The length of 'T4st!ng' is 7
2018-12-15 23:19:36,324:INFO:As a list it looks like this ['T', '4', 's', 't', '!', 'n', 'g']
2018-12-15 23:19:36,325:INFO:The letters in this password are: ['T', 's', 't', 'n', 'g']
2018-12-15 23:19:36,325:INFO:The 'T' was the 1st character
2018-12-15 23:19:36,325:INFO:The 's' was the 3rd character
2018-12-15 23:19:36,325:INFO:The 't' was the 4th character
2018-12-15 23:19:36,326:INFO:The 'n' was the 6th character
2018-12-15 23:19:36,326:INFO:The 'g' was the 7th character
2018-12-15 23:19:36,326:INFO:

2018-12-15 23:19:36,327:INFO:The numbers in this password are: ['4']
2018-12-15 23:19:36,327:INFO:The '4' was the 2nd character
2018-12-15 23:19:36,327:INFO:

2018-12-15 23:19:36,328:INFO:The symbols in this password are: ['!']
2018-12-15 23:19:36,328:INFO:The '!' was the 5th character
2018-12-15 23:19:36,328:INFO:

2018-12-15 23:19:36,388:INFO:The length of 'T4st!ng' is 7
2018-12-15 23:19:36,388:INFO:As a list it looks like this ['T', '4', 's', 't', '!', 'n', 'g']
2018-12-15 23:19:36,389:INFO:The letters in this password are: ['T', 's', 't', 'n', 'g']
2018-12-15 23:19:36,389:INFO:The 'T' was the 1st character
2018-12-15 23:19:36,389:INFO:The 's' was the 3rd character
2018-12-15 23:19:36,390:INFO:The 't' was the 4th character
2018-12-15 23:19:36,390:INFO:The 'n' was the 6th character
2018-12-15 23:19:36,390:INFO:The 'g' was the 7th character
2018-12-15 23:19:36,390:INFO:

2018-12-15 23:19:36,391:INFO:The numbers in this password are: ['4']
2018-12-15 23:19:36,391:INFO:The '4' was the 2nd character
2018-12-15 23:19:36,392:INFO:

2018-12-15 23:19:36,392:INFO:The symbols in this password are: ['!']
2018-12-15 23:19:36,393:INFO:The '!' was the 5th character
2018-12-15 23:19:36,393:INFO:

2018-12-15 23:19:36,456:INFO:The length of 'T4st!ng' is 7
2018-12-15 23:19:36,457:INFO:As a list it looks like this ['T', '4', 's', 't', '!', 'n', 'g']
2018-12-15 23:19:36,457:INFO:The letters in this password are: ['T', 's', 't', 'n', 'g']
2018-12-15 23:19:36,457:INFO:The 'T' was the 1st character
2018-12-15 23:19:36,457:INFO:The 's' was the 3rd character
2018-12-15 23:19:36,458:INFO:The 't' was the 4th character
2018-12-15 23:19:36,458:INFO:The 'n' was the 6th character
2018-12-15 23:19:36,458:INFO:The 'g' was the 7th character
2018-12-15 23:19:36,459:INFO:

2018-12-15 23:19:36,459:INFO:The numbers in this password are: ['4']
2018-12-15 23:19:36,459:INFO:The '4' was the 2nd character
2018-12-15 23:19:36,460:INFO:

2018-12-15 23:19:36,460:INFO:The symbols in this password are: ['!']
2018-12-15 23:19:36,460:INFO:The '!' was the 5th character
2018-12-15 23:19:36,461:INFO:

2018-12-15 23:19:36,521:INFO:The length of 'T4st!ng' is 7
2018-12-15 23:19:36,522:INFO:As a list it looks like this ['T', '4', 's', 't', '!', 'n', 'g']
2018-12-15 23:19:36,523:INFO:The letters in this password are: ['T', 's', 't', 'n', 'g']
2018-12-15 23:19:36,523:INFO:The 'T' was the 1st character
2018-12-15 23:19:36,524:INFO:The 's' was the 3rd character
2018-12-15 23:19:36,524:INFO:The 't' was the 4th character
2018-12-15 23:19:36,524:INFO:The 'n' was the 6th character
2018-12-15 23:19:36,525:INFO:The 'g' was the 7th character
2018-12-15 23:19:36,525:INFO:

2018-12-15 23:19:36,526:INFO:The numbers in this password are: ['4']
2018-12-15 23:19:36,526:INFO:The '4' was the 2nd character
2018-12-15 23:19:36,526:INFO:

2018-12-15 23:19:36,527:INFO:The symbols in this password are: ['!']
2018-12-15 23:19:36,527:INFO:The '!' was the 5th character
2018-12-15 23:19:36,527:INFO:

2018-12-15 23:19:36,589:INFO:The length of 'T4st!ng' is 7
2018-12-15 23:19:36,589:INFO:As a list it looks like this ['T', '4', 's', 't', '!', 'n', 'g']
2018-12-15 23:19:36,590:INFO:The letters in this password are: ['T', 's', 't', 'n', 'g']
2018-12-15 23:19:36,590:INFO:The 'T' was the 1st character
2018-12-15 23:19:36,590:INFO:The 's' was the 3rd character
2018-12-15 23:19:36,591:INFO:The 't' was the 4th character
2018-12-15 23:19:36,591:INFO:The 'n' was the 6th character
2018-12-15 23:19:36,591:INFO:The 'g' was the 7th character
2018-12-15 23:19:36,592:INFO:

2018-12-15 23:19:36,592:INFO:The numbers in this password are: ['4']
2018-12-15 23:19:36,592:INFO:The '4' was the 2nd character
2018-12-15 23:19:36,593:INFO:

2018-12-15 23:19:36,593:INFO:The symbols in this password are: ['!']
2018-12-15 23:19:36,593:INFO:The '!' was the 5th character
2018-12-15 23:19:36,594:INFO:

2018-12-15 23:19:36,651:INFO:The length of 'T4st!ng' is 7
2018-12-15 23:19:36,652:INFO:As a list it looks like this ['T', '4', 's', 't', '!', 'n', 'g']
2018-12-15 23:19:36,652:INFO:The letters in this password are: ['T', 's', 't', 'n', 'g']
2018-12-15 23:19:36,653:INFO:The 'T' was the 1st character
2018-12-15 23:19:36,653:INFO:The 's' was the 3rd character
2018-12-15 23:19:36,654:INFO:The 't' was the 4th character
2018-12-15 23:19:36,654:INFO:The 'n' was the 6th character
2018-12-15 23:19:36,655:INFO:The 'g' was the 7th character
2018-12-15 23:19:36,655:INFO:

2018-12-15 23:19:36,656:INFO:The numbers in this password are: ['4']
2018-12-15 23:19:36,656:INFO:The '4' was the 2nd character
2018-12-15 23:19:36,657:INFO:

2018-12-15 23:19:36,657:INFO:The symbols in this password are: ['!']
2018-12-15 23:19:36,657:INFO:The '!' was the 5th character
2018-12-15 23:19:36,658:INFO:

2018-12-15 23:19:36,713:INFO:The length of 'T4st!ng' is 7
2018-12-15 23:19:36,714:INFO:As a list it looks like this ['T', '4', 's', 't', '!', 'n', 'g']
2018-12-15 23:19:36,714:INFO:The letters in this password are: ['T', 's', 't', 'n', 'g']
2018-12-15 23:19:36,715:INFO:The 'T' was the 1st character
2018-12-15 23:19:36,715:INFO:The 's' was the 3rd character
2018-12-15 23:19:36,715:INFO:The 't' was the 4th character
2018-12-15 23:19:36,716:INFO:The 'n' was the 6th character
2018-12-15 23:19:36,716:INFO:The 'g' was the 7th character
2018-12-15 23:19:36,716:INFO:

2018-12-15 23:19:36,717:INFO:The numbers in this password are: ['4']
2018-12-15 23:19:36,717:INFO:The '4' was the 2nd character
2018-12-15 23:19:36,717:INFO:

2018-12-15 23:19:36,720:INFO:The symbols in this password are: ['!']
2018-12-15 23:19:36,720:INFO:The '!' was the 5th character
2018-12-15 23:19:36,720:INFO:

2018-12-15 23:19:36,782:INFO:The length of 'T4st!ng' is 7
2018-12-15 23:19:36,782:INFO:As a list it looks like this ['T', '4', 's', 't', '!', 'n', 'g']
2018-12-15 23:19:36,783:INFO:The letters in this password are: ['T', 's', 't', 'n', 'g']
2018-12-15 23:19:36,783:INFO:The 'T' was the 1st character
2018-12-15 23:19:36,783:INFO:The 's' was the 3rd character
2018-12-15 23:19:36,784:INFO:The 't' was the 4th character
2018-12-15 23:19:36,784:INFO:The 'n' was the 6th character
2018-12-15 23:19:36,784:INFO:The 'g' was the 7th character
2018-12-15 23:19:36,785:INFO:

2018-12-15 23:19:36,786:INFO:The numbers in this password are: ['4']
2018-12-15 23:19:36,786:INFO:The '4' was the 2nd character
2018-12-15 23:19:36,786:INFO:

2018-12-15 23:19:36,787:INFO:The symbols in this password are: ['!']
2018-12-15 23:19:36,788:INFO:The '!' was the 5th character
2018-12-15 23:19:36,788:INFO:

2018-12-15 23:19:36,845:INFO:The length of 'T4st!ng' is 7
2018-12-15 23:19:36,846:INFO:As a list it looks like this ['T', '4', 's', 't', '!', 'n', 'g']
2018-12-15 23:19:36,846:INFO:The letters in this password are: ['T', 's', 't', 'n', 'g']
2018-12-15 23:19:36,846:INFO:The 'T' was the 1st character
2018-12-15 23:19:36,846:INFO:The 's' was the 3rd character
2018-12-15 23:19:36,847:INFO:The 't' was the 4th character
2018-12-15 23:19:36,847:INFO:The 'n' was the 6th character
2018-12-15 23:19:36,847:INFO:The 'g' was the 7th character
2018-12-15 23:19:36,848:INFO:

2018-12-15 23:19:36,848:INFO:The numbers in this password are: ['4']
2018-12-15 23:19:36,849:INFO:The '4' was the 2nd character
2018-12-15 23:19:36,849:INFO:

2018-12-15 23:19:36,849:INFO:The symbols in this password are: ['!']
2018-12-15 23:19:36,850:INFO:The '!' was the 5th character
2018-12-15 23:19:36,850:INFO:

2018-12-15 23:19:36,913:INFO:The length of 'T4st!ng' is 7
2018-12-15 23:19:36,913:INFO:As a list it looks like this ['T', '4', 's', 't', '!', 'n', 'g']
2018-12-15 23:19:36,914:INFO:The letters in this password are: ['T', 's', 't', 'n', 'g']
2018-12-15 23:19:36,914:INFO:The 'T' was the 1st character
2018-12-15 23:19:36,914:INFO:The 's' was the 3rd character
2018-12-15 23:19:36,914:INFO:The 't' was the 4th character
2018-12-15 23:19:36,915:INFO:The 'n' was the 6th character
2018-12-15 23:19:36,915:INFO:The 'g' was the 7th character
2018-12-15 23:19:36,915:INFO:

2018-12-15 23:19:36,916:INFO:The numbers in this password are: ['4']
2018-12-15 23:19:36,916:INFO:The '4' was the 2nd character
2018-12-15 23:19:36,916:INFO:

2018-12-15 23:19:36,917:INFO:The symbols in this password are: ['!']
2018-12-15 23:19:36,917:INFO:The '!' was the 5th character
2018-12-15 23:19:36,917:INFO:

2018-12-15 23:19:36,989:INFO:The length of 'T4st!ng' is 7
2018-12-15 23:19:36,990:INFO:As a list it looks like this ['T', '4', 's', 't', '!', 'n', 'g']
2018-12-15 23:19:36,990:INFO:The letters in this password are: ['T', 's', 't', 'n', 'g']
2018-12-15 23:19:36,991:INFO:The 'T' was the 1st character
2018-12-15 23:19:36,991:INFO:The 's' was the 3rd character
2018-12-15 23:19:36,991:INFO:The 't' was the 4th character
2018-12-15 23:19:36,992:INFO:The 'n' was the 6th character
2018-12-15 23:19:36,992:INFO:The 'g' was the 7th character
2018-12-15 23:19:36,992:INFO:

2018-12-15 23:19:36,993:INFO:The numbers in this password are: ['4']
2018-12-15 23:19:36,993:INFO:The '4' was the 2nd character
2018-12-15 23:19:36,994:INFO:

2018-12-15 23:19:36,995:INFO:The symbols in this password are: ['!']
2018-12-15 23:19:36,995:INFO:The '!' was the 5th character
2018-12-15 23:19:36,995:INFO:

2018-12-15 23:19:37,055:INFO:The length of 'T4st!ng' is 7
2018-12-15 23:19:37,056:INFO:As a list it looks like this ['T', '4', 's', 't', '!', 'n', 'g']
2018-12-15 23:19:37,056:INFO:The letters in this password are: ['T', 's', 't', 'n', 'g']
2018-12-15 23:19:37,057:INFO:The 'T' was the 1st character
2018-12-15 23:19:37,057:INFO:The 's' was the 3rd character
2018-12-15 23:19:37,057:INFO:The 't' was the 4th character
2018-12-15 23:19:37,058:INFO:The 'n' was the 6th character
2018-12-15 23:19:37,058:INFO:The 'g' was the 7th character
2018-12-15 23:19:37,058:INFO:

2018-12-15 23:19:37,059:INFO:The numbers in this password are: ['4']
2018-12-15 23:19:37,059:INFO:The '4' was the 2nd character
2018-12-15 23:19:37,059:INFO:

2018-12-15 23:19:37,060:INFO:The symbols in this password are: ['!']
2018-12-15 23:19:37,060:INFO:The '!' was the 5th character
2018-12-15 23:19:37,060:INFO:

2018-12-15 23:19:37,121:INFO:The length of 'T4st!ng' is 7
2018-12-15 23:19:37,122:INFO:As a list it looks like this ['T', '4', 's', 't', '!', 'n', 'g']
2018-12-15 23:19:37,123:INFO:The letters in this password are: ['T', 's', 't', 'n', 'g']
2018-12-15 23:19:37,123:INFO:The 'T' was the 1st character
2018-12-15 23:19:37,123:INFO:The 's' was the 3rd character
2018-12-15 23:19:37,124:INFO:The 't' was the 4th character
2018-12-15 23:19:37,124:INFO:The 'n' was the 6th character
2018-12-15 23:19:37,124:INFO:The 'g' was the 7th character
2018-12-15 23:19:37,125:INFO:

2018-12-15 23:19:37,126:INFO:The numbers in this password are: ['4']
2018-12-15 23:19:37,127:INFO:The '4' was the 2nd character
2018-12-15 23:19:37,127:INFO:

2018-12-15 23:19:37,128:INFO:The symbols in this password are: ['!']
2018-12-15 23:19:37,128:INFO:The '!' was the 5th character
2018-12-15 23:19:37,128:INFO:

2018-12-15 23:19:37,190:INFO:The length of 'T4st!ng' is 7
2018-12-15 23:19:37,190:INFO:As a list it looks like this ['T', '4', 's', 't', '!', 'n', 'g']
2018-12-15 23:19:37,191:INFO:The letters in this password are: ['T', 's', 't', 'n', 'g']
2018-12-15 23:19:37,191:INFO:The 'T' was the 1st character
2018-12-15 23:19:37,191:INFO:The 's' was the 3rd character
2018-12-15 23:19:37,191:INFO:The 't' was the 4th character
2018-12-15 23:19:37,192:INFO:The 'n' was the 6th character
2018-12-15 23:19:37,192:INFO:The 'g' was the 7th character
2018-12-15 23:19:37,192:INFO:

2018-12-15 23:19:37,193:INFO:The numbers in this password are: ['4']
2018-12-15 23:19:37,193:INFO:The '4' was the 2nd character
2018-12-15 23:19:37,193:INFO:

2018-12-15 23:19:37,194:INFO:The symbols in this password are: ['!']
2018-12-15 23:19:37,194:INFO:The '!' was the 5th character
2018-12-15 23:19:37,194:INFO:

2018-12-15 23:19:37,256:INFO:The length of 'T4st!ng' is 7
2018-12-15 23:19:37,256:INFO:As a list it looks like this ['T', '4', 's', 't', '!', 'n', 'g']
2018-12-15 23:19:37,257:INFO:The letters in this password are: ['T', 's', 't', 'n', 'g']
2018-12-15 23:19:37,257:INFO:The 'T' was the 1st character
2018-12-15 23:19:37,258:INFO:The 's' was the 3rd character
2018-12-15 23:19:37,258:INFO:The 't' was the 4th character
2018-12-15 23:19:37,258:INFO:The 'n' was the 6th character
2018-12-15 23:19:37,259:INFO:The 'g' was the 7th character
2018-12-15 23:19:37,259:INFO:

2018-12-15 23:19:37,260:INFO:The numbers in this password are: ['4']
2018-12-15 23:19:37,260:INFO:The '4' was the 2nd character
2018-12-15 23:19:37,260:INFO:

2018-12-15 23:19:37,261:INFO:The symbols in this password are: ['!']
2018-12-15 23:19:37,261:INFO:The '!' was the 5th character
2018-12-15 23:19:37,261:INFO:

2018-12-15 23:19:37,318:INFO:The length of 'T4st!ng' is 7
2018-12-15 23:19:37,319:INFO:As a list it looks like this ['T', '4', 's', 't', '!', 'n', 'g']
2018-12-15 23:19:37,320:INFO:The letters in this password are: ['T', 's', 't', 'n', 'g']
2018-12-15 23:19:37,320:INFO:The 'T' was the 1st character
2018-12-15 23:19:37,320:INFO:The 's' was the 3rd character
2018-12-15 23:19:37,321:INFO:The 't' was the 4th character
2018-12-15 23:19:37,321:INFO:The 'n' was the 6th character
2018-12-15 23:19:37,321:INFO:The 'g' was the 7th character
2018-12-15 23:19:37,321:INFO:

2018-12-15 23:19:37,323:INFO:The numbers in this password are: ['4']
2018-12-15 23:19:37,323:INFO:The '4' was the 2nd character
2018-12-15 23:19:37,323:INFO:

2018-12-15 23:19:37,325:INFO:The symbols in this password are: ['!']
2018-12-15 23:19:37,325:INFO:The '!' was the 5th character
2018-12-15 23:19:37,325:INFO:

2018-12-15 23:19:37,385:INFO:The length of 'T4st!ng' is 7
2018-12-15 23:19:37,386:INFO:As a list it looks like this ['T', '4', 's', 't', '!', 'n', 'g']
2018-12-15 23:19:37,387:INFO:The letters in this password are: ['T', 's', 't', 'n', 'g']
2018-12-15 23:19:37,387:INFO:The 'T' was the 1st character
2018-12-15 23:19:37,387:INFO:The 's' was the 3rd character
2018-12-15 23:19:37,388:INFO:The 't' was the 4th character
2018-12-15 23:19:37,388:INFO:The 'n' was the 6th character
2018-12-15 23:19:37,388:INFO:The 'g' was the 7th character
2018-12-15 23:19:37,389:INFO:

2018-12-15 23:19:37,389:INFO:The numbers in this password are: ['4']
2018-12-15 23:19:37,389:INFO:The '4' was the 2nd character
2018-12-15 23:19:37,390:INFO:

2018-12-15 23:19:37,391:INFO:The symbols in this password are: ['!']
2018-12-15 23:19:37,391:INFO:The '!' was the 5th character
2018-12-15 23:19:37,391:INFO:

2018-12-15 23:19:37,448:INFO:The length of 'T4st!ng' is 7
2018-12-15 23:19:37,449:INFO:As a list it looks like this ['T', '4', 's', 't', '!', 'n', 'g']
2018-12-15 23:19:37,449:INFO:The letters in this password are: ['T', 's', 't', 'n', 'g']
2018-12-15 23:19:37,450:INFO:The 'T' was the 1st character
2018-12-15 23:19:37,450:INFO:The 's' was the 3rd character
2018-12-15 23:19:37,450:INFO:The 't' was the 4th character
2018-12-15 23:19:37,451:INFO:The 'n' was the 6th character
2018-12-15 23:19:37,451:INFO:The 'g' was the 7th character
2018-12-15 23:19:37,451:INFO:

2018-12-15 23:19:37,452:INFO:The numbers in this password are: ['4']
2018-12-15 23:19:37,452:INFO:The '4' was the 2nd character
2018-12-15 23:19:37,453:INFO:

2018-12-15 23:19:37,454:INFO:The symbols in this password are: ['!']
2018-12-15 23:19:37,454:INFO:The '!' was the 5th character
2018-12-15 23:19:37,454:INFO:

2018-12-15 23:19:37,517:INFO:The length of 'T4st!ng' is 7
2018-12-15 23:19:37,517:INFO:As a list it looks like this ['T', '4', 's', 't', '!', 'n', 'g']
2018-12-15 23:19:37,518:INFO:The letters in this password are: ['T', 's', 't', 'n', 'g']
2018-12-15 23:19:37,518:INFO:The 'T' was the 1st character
2018-12-15 23:19:37,518:INFO:The 's' was the 3rd character
2018-12-15 23:19:37,518:INFO:The 't' was the 4th character
2018-12-15 23:19:37,519:INFO:The 'n' was the 6th character
2018-12-15 23:19:37,519:INFO:The 'g' was the 7th character
2018-12-15 23:19:37,520:INFO:

2018-12-15 23:19:37,520:INFO:The numbers in this password are: ['4']
2018-12-15 23:19:37,521:INFO:The '4' was the 2nd character
2018-12-15 23:19:37,521:INFO:

2018-12-15 23:19:37,522:INFO:The symbols in this password are: ['!']
2018-12-15 23:19:37,522:INFO:The '!' was the 5th character
2018-12-15 23:19:37,523:INFO:

2018-12-15 23:19:37,584:INFO:The length of 'T4st!ng' is 7
2018-12-15 23:19:37,584:INFO:As a list it looks like this ['T', '4', 's', 't', '!', 'n', 'g']
2018-12-15 23:19:37,585:INFO:The letters in this password are: ['T', 's', 't', 'n', 'g']
2018-12-15 23:19:37,585:INFO:The 'T' was the 1st character
2018-12-15 23:19:37,586:INFO:The 's' was the 3rd character
2018-12-15 23:19:37,586:INFO:The 't' was the 4th character
2018-12-15 23:19:37,587:INFO:The 'n' was the 6th character
2018-12-15 23:19:37,588:INFO:The 'g' was the 7th character
2018-12-15 23:19:37,588:INFO:

2018-12-15 23:19:37,589:INFO:The numbers in this password are: ['4']
2018-12-15 23:19:37,589:INFO:The '4' was the 2nd character
2018-12-15 23:19:37,589:INFO:

2018-12-15 23:19:37,590:INFO:The symbols in this password are: ['!']
2018-12-15 23:19:37,590:INFO:The '!' was the 5th character
2018-12-15 23:19:37,590:INFO:

2018-12-15 23:19:37,654:INFO:The length of 'T4st!ng' is 7
2018-12-15 23:19:37,654:INFO:As a list it looks like this ['T', '4', 's', 't', '!', 'n', 'g']
2018-12-15 23:19:37,655:INFO:The letters in this password are: ['T', 's', 't', 'n', 'g']
2018-12-15 23:19:37,655:INFO:The 'T' was the 1st character
2018-12-15 23:19:37,656:INFO:The 's' was the 3rd character
2018-12-15 23:19:37,657:INFO:The 't' was the 4th character
2018-12-15 23:19:37,657:INFO:The 'n' was the 6th character
2018-12-15 23:19:37,657:INFO:The 'g' was the 7th character
2018-12-15 23:19:37,658:INFO:

2018-12-15 23:19:37,658:INFO:The numbers in this password are: ['4']
2018-12-15 23:19:37,658:INFO:The '4' was the 2nd character
2018-12-15 23:19:37,659:INFO:

2018-12-15 23:19:37,659:INFO:The symbols in this password are: ['!']
2018-12-15 23:19:37,660:INFO:The '!' was the 5th character
2018-12-15 23:19:37,660:INFO:

2018-12-15 23:19:37,715:INFO:The length of 'T4st!ng' is 7
2018-12-15 23:19:37,716:INFO:As a list it looks like this ['T', '4', 's', 't', '!', 'n', 'g']
2018-12-15 23:19:37,717:INFO:The letters in this password are: ['T', 's', 't', 'n', 'g']
2018-12-15 23:19:37,717:INFO:The 'T' was the 1st character
2018-12-15 23:19:37,717:INFO:The 's' was the 3rd character
2018-12-15 23:19:37,717:INFO:The 't' was the 4th character
2018-12-15 23:19:37,718:INFO:The 'n' was the 6th character
2018-12-15 23:19:37,718:INFO:The 'g' was the 7th character
2018-12-15 23:19:37,719:INFO:

2018-12-15 23:19:37,720:INFO:The numbers in this password are: ['4']
2018-12-15 23:19:37,720:INFO:The '4' was the 2nd character
2018-12-15 23:19:37,721:INFO:

2018-12-15 23:19:37,722:INFO:The symbols in this password are: ['!']
2018-12-15 23:19:37,722:INFO:The '!' was the 5th character
2018-12-15 23:19:37,722:INFO:

2018-12-15 23:19:37,786:INFO:The length of 'T4st!ng' is 7
2018-12-15 23:19:37,787:INFO:As a list it looks like this ['T', '4', 's', 't', '!', 'n', 'g']
2018-12-15 23:19:37,787:INFO:The letters in this password are: ['T', 's', 't', 'n', 'g']
2018-12-15 23:19:37,788:INFO:The 'T' was the 1st character
2018-12-15 23:19:37,788:INFO:The 's' was the 3rd character
2018-12-15 23:19:37,789:INFO:The 't' was the 4th character
2018-12-15 23:19:37,789:INFO:The 'n' was the 6th character
2018-12-15 23:19:37,790:INFO:The 'g' was the 7th character
2018-12-15 23:19:37,790:INFO:

2018-12-15 23:19:37,791:INFO:The numbers in this password are: ['4']
2018-12-15 23:19:37,791:INFO:The '4' was the 2nd character
2018-12-15 23:19:37,792:INFO:

2018-12-15 23:19:37,793:INFO:The symbols in this password are: ['!']
2018-12-15 23:19:37,793:INFO:The '!' was the 5th character
2018-12-15 23:19:37,793:INFO:

2018-12-15 23:19:37,852:INFO:The length of 'T4st!ng' is 7
2018-12-15 23:19:37,853:INFO:As a list it looks like this ['T', '4', 's', 't', '!', 'n', 'g']
2018-12-15 23:19:37,853:INFO:The letters in this password are: ['T', 's', 't', 'n', 'g']
2018-12-15 23:19:37,853:INFO:The 'T' was the 1st character
2018-12-15 23:19:37,854:INFO:The 's' was the 3rd character
2018-12-15 23:19:37,854:INFO:The 't' was the 4th character
2018-12-15 23:19:37,855:INFO:The 'n' was the 6th character
2018-12-15 23:19:37,855:INFO:The 'g' was the 7th character
2018-12-15 23:19:37,856:INFO:

2018-12-15 23:19:37,857:INFO:The numbers in this password are: ['4']
2018-12-15 23:19:37,857:INFO:The '4' was the 2nd character
2018-12-15 23:19:37,857:INFO:

2018-12-15 23:19:37,858:INFO:The symbols in this password are: ['!']
2018-12-15 23:19:37,859:INFO:The '!' was the 5th character
2018-12-15 23:19:37,859:INFO:

2018-12-15 23:19:37,915:INFO:The length of 'T4st!ng' is 7
2018-12-15 23:19:37,916:INFO:As a list it looks like this ['T', '4', 's', 't', '!', 'n', 'g']
2018-12-15 23:19:37,916:INFO:The letters in this password are: ['T', 's', 't', 'n', 'g']
2018-12-15 23:19:37,917:INFO:The 'T' was the 1st character
2018-12-15 23:19:37,917:INFO:The 's' was the 3rd character
2018-12-15 23:19:37,917:INFO:The 't' was the 4th character
2018-12-15 23:19:37,917:INFO:The 'n' was the 6th character
2018-12-15 23:19:37,918:INFO:The 'g' was the 7th character
2018-12-15 23:19:37,918:INFO:

2018-12-15 23:19:37,918:INFO:The numbers in this password are: ['4']
2018-12-15 23:19:37,919:INFO:The '4' was the 2nd character
2018-12-15 23:19:37,919:INFO:

2018-12-15 23:19:37,920:INFO:The symbols in this password are: ['!']
2018-12-15 23:19:37,920:INFO:The '!' was the 5th character
2018-12-15 23:19:37,920:INFO:

2018-12-15 23:19:37,989:INFO:The length of 'T4st!ng' is 7
2018-12-15 23:19:37,990:INFO:As a list it looks like this ['T', '4', 's', 't', '!', 'n', 'g']
2018-12-15 23:19:37,990:INFO:The letters in this password are: ['T', 's', 't', 'n', 'g']
2018-12-15 23:19:37,990:INFO:The 'T' was the 1st character
2018-12-15 23:19:37,990:INFO:The 's' was the 3rd character
2018-12-15 23:19:37,991:INFO:The 't' was the 4th character
2018-12-15 23:19:37,991:INFO:The 'n' was the 6th character
2018-12-15 23:19:37,992:INFO:The 'g' was the 7th character
2018-12-15 23:19:37,992:INFO:

2018-12-15 23:19:37,992:INFO:The numbers in this password are: ['4']
2018-12-15 23:19:37,993:INFO:The '4' was the 2nd character
2018-12-15 23:19:37,993:INFO:

2018-12-15 23:19:37,993:INFO:The symbols in this password are: ['!']
2018-12-15 23:19:37,994:INFO:The '!' was the 5th character
2018-12-15 23:19:37,994:INFO:

2018-12-15 23:19:38,052:INFO:The length of 'T4st!ng' is 7
2018-12-15 23:19:38,053:INFO:As a list it looks like this ['T', '4', 's', 't', '!', 'n', 'g']
2018-12-15 23:19:38,053:INFO:The letters in this password are: ['T', 's', 't', 'n', 'g']
2018-12-15 23:19:38,054:INFO:The 'T' was the 1st character
2018-12-15 23:19:38,054:INFO:The 's' was the 3rd character
2018-12-15 23:19:38,054:INFO:The 't' was the 4th character
2018-12-15 23:19:38,055:INFO:The 'n' was the 6th character
2018-12-15 23:19:38,055:INFO:The 'g' was the 7th character
2018-12-15 23:19:38,056:INFO:

2018-12-15 23:19:38,056:INFO:The numbers in this password are: ['4']
2018-12-15 23:19:38,057:INFO:The '4' was the 2nd character
2018-12-15 23:19:38,057:INFO:

2018-12-15 23:19:38,058:INFO:The symbols in this password are: ['!']
2018-12-15 23:19:38,058:INFO:The '!' was the 5th character
2018-12-15 23:19:38,059:INFO:

2018-12-15 23:19:38,114:INFO:The length of 'T4st!ng' is 7
2018-12-15 23:19:38,115:INFO:As a list it looks like this ['T', '4', 's', 't', '!', 'n', 'g']
2018-12-15 23:19:38,116:INFO:The letters in this password are: ['T', 's', 't', 'n', 'g']
2018-12-15 23:19:38,116:INFO:The 'T' was the 1st character
2018-12-15 23:19:38,116:INFO:The 's' was the 3rd character
2018-12-15 23:19:38,116:INFO:The 't' was the 4th character
2018-12-15 23:19:38,117:INFO:The 'n' was the 6th character
2018-12-15 23:19:38,117:INFO:The 'g' was the 7th character
2018-12-15 23:19:38,117:INFO:

2018-12-15 23:19:38,118:INFO:The numbers in this password are: ['4']
2018-12-15 23:19:38,118:INFO:The '4' was the 2nd character
2018-12-15 23:19:38,118:INFO:

2018-12-15 23:19:38,119:INFO:The symbols in this password are: ['!']
2018-12-15 23:19:38,119:INFO:The '!' was the 5th character
2018-12-15 23:19:38,119:INFO:

2018-12-15 23:19:38,182:INFO:The length of 'T4st!ng' is 7
2018-12-15 23:19:38,183:INFO:As a list it looks like this ['T', '4', 's', 't', '!', 'n', 'g']
2018-12-15 23:19:38,183:INFO:The letters in this password are: ['T', 's', 't', 'n', 'g']
2018-12-15 23:19:38,183:INFO:The 'T' was the 1st character
2018-12-15 23:19:38,184:INFO:The 's' was the 3rd character
2018-12-15 23:19:38,184:INFO:The 't' was the 4th character
2018-12-15 23:19:38,184:INFO:The 'n' was the 6th character
2018-12-15 23:19:38,184:INFO:The 'g' was the 7th character
2018-12-15 23:19:38,185:INFO:

2018-12-15 23:19:38,185:INFO:The numbers in this password are: ['4']
2018-12-15 23:19:38,185:INFO:The '4' was the 2nd character
2018-12-15 23:19:38,186:INFO:

2018-12-15 23:19:38,186:INFO:The symbols in this password are: ['!']
2018-12-15 23:19:38,186:INFO:The '!' was the 5th character
2018-12-15 23:19:38,187:INFO:

2018-12-15 23:19:38,247:INFO:The length of 'T4st!ng' is 7
2018-12-15 23:19:38,247:INFO:As a list it looks like this ['T', '4', 's', 't', '!', 'n', 'g']
2018-12-15 23:19:38,248:INFO:The letters in this password are: ['T', 's', 't', 'n', 'g']
2018-12-15 23:19:38,248:INFO:The 'T' was the 1st character
2018-12-15 23:19:38,248:INFO:The 's' was the 3rd character
2018-12-15 23:19:38,249:INFO:The 't' was the 4th character
2018-12-15 23:19:38,249:INFO:The 'n' was the 6th character
2018-12-15 23:19:38,249:INFO:The 'g' was the 7th character
2018-12-15 23:19:38,249:INFO:

2018-12-15 23:19:38,250:INFO:The numbers in this password are: ['4']
2018-12-15 23:19:38,250:INFO:The '4' was the 2nd character
2018-12-15 23:19:38,251:INFO:

2018-12-15 23:19:38,251:INFO:The symbols in this password are: ['!']
2018-12-15 23:19:38,251:INFO:The '!' was the 5th character
2018-12-15 23:19:38,252:INFO:

2018-12-15 23:19:38,313:INFO:The length of 'T4st!ng' is 7
2018-12-15 23:19:38,313:INFO:As a list it looks like this ['T', '4', 's', 't', '!', 'n', 'g']
2018-12-15 23:19:38,314:INFO:The letters in this password are: ['T', 's', 't', 'n', 'g']
2018-12-15 23:19:38,314:INFO:The 'T' was the 1st character
2018-12-15 23:19:38,315:INFO:The 's' was the 3rd character
2018-12-15 23:19:38,315:INFO:The 't' was the 4th character
2018-12-15 23:19:38,315:INFO:The 'n' was the 6th character
2018-12-15 23:19:38,316:INFO:The 'g' was the 7th character
2018-12-15 23:19:38,316:INFO:

2018-12-15 23:19:38,317:INFO:The numbers in this password are: ['4']
2018-12-15 23:19:38,317:INFO:The '4' was the 2nd character
2018-12-15 23:19:38,317:INFO:

2018-12-15 23:19:38,318:INFO:The symbols in this password are: ['!']
2018-12-15 23:19:38,318:INFO:The '!' was the 5th character
2018-12-15 23:19:38,318:INFO:

2018-12-15 23:19:38,383:INFO:The length of 'T4st!ng' is 7
2018-12-15 23:19:38,383:INFO:As a list it looks like this ['T', '4', 's', 't', '!', 'n', 'g']
2018-12-15 23:19:38,384:INFO:The letters in this password are: ['T', 's', 't', 'n', 'g']
2018-12-15 23:19:38,384:INFO:The 'T' was the 1st character
2018-12-15 23:19:38,384:INFO:The 's' was the 3rd character
2018-12-15 23:19:38,384:INFO:The 't' was the 4th character
2018-12-15 23:19:38,385:INFO:The 'n' was the 6th character
2018-12-15 23:19:38,385:INFO:The 'g' was the 7th character
2018-12-15 23:19:38,385:INFO:

2018-12-15 23:19:38,386:INFO:The numbers in this password are: ['4']
2018-12-15 23:19:38,386:INFO:The '4' was the 2nd character
2018-12-15 23:19:38,386:INFO:

2018-12-15 23:19:38,387:INFO:The symbols in this password are: ['!']
2018-12-15 23:19:38,387:INFO:The '!' was the 5th character
2018-12-15 23:19:38,388:INFO:

2018-12-15 23:19:38,452:INFO:The length of 'T4st!ng' is 7
2018-12-15 23:19:38,453:INFO:As a list it looks like this ['T', '4', 's', 't', '!', 'n', 'g']
2018-12-15 23:19:38,453:INFO:The letters in this password are: ['T', 's', 't', 'n', 'g']
2018-12-15 23:19:38,454:INFO:The 'T' was the 1st character
2018-12-15 23:19:38,454:INFO:The 's' was the 3rd character
2018-12-15 23:19:38,454:INFO:The 't' was the 4th character
2018-12-15 23:19:38,455:INFO:The 'n' was the 6th character
2018-12-15 23:19:38,455:INFO:The 'g' was the 7th character
2018-12-15 23:19:38,455:INFO:

2018-12-15 23:19:38,456:INFO:The numbers in this password are: ['4']
2018-12-15 23:19:38,456:INFO:The '4' was the 2nd character
2018-12-15 23:19:38,457:INFO:

2018-12-15 23:19:38,458:INFO:The symbols in this password are: ['!']
2018-12-15 23:19:38,458:INFO:The '!' was the 5th character
2018-12-15 23:19:38,458:INFO:

2018-12-15 23:19:38,522:INFO:The length of 'T4st!ng' is 7
2018-12-15 23:19:38,522:INFO:As a list it looks like this ['T', '4', 's', 't', '!', 'n', 'g']
2018-12-15 23:19:38,523:INFO:The letters in this password are: ['T', 's', 't', 'n', 'g']
2018-12-15 23:19:38,525:INFO:The 'T' was the 1st character
2018-12-15 23:19:38,526:INFO:The 's' was the 3rd character
2018-12-15 23:19:38,527:INFO:The 't' was the 4th character
2018-12-15 23:19:38,528:INFO:The 'n' was the 6th character
2018-12-15 23:19:38,529:INFO:The 'g' was the 7th character
2018-12-15 23:19:38,532:INFO:

2018-12-15 23:19:38,536:INFO:The numbers in this password are: ['4']
2018-12-15 23:19:38,536:INFO:The '4' was the 2nd character
2018-12-15 23:19:38,536:INFO:

2018-12-15 23:19:38,537:INFO:The symbols in this password are: ['!']
2018-12-15 23:19:38,537:INFO:The '!' was the 5th character
2018-12-15 23:19:38,538:INFO:

2018-12-15 23:19:38,609:INFO:The length of 'T4st!ng' is 7
2018-12-15 23:19:38,609:INFO:As a list it looks like this ['T', '4', 's', 't', '!', 'n', 'g']
2018-12-15 23:19:38,610:INFO:The letters in this password are: ['T', 's', 't', 'n', 'g']
2018-12-15 23:19:38,610:INFO:The 'T' was the 1st character
2018-12-15 23:19:38,610:INFO:The 's' was the 3rd character
2018-12-15 23:19:38,611:INFO:The 't' was the 4th character
2018-12-15 23:19:38,611:INFO:The 'n' was the 6th character
2018-12-15 23:19:38,611:INFO:The 'g' was the 7th character
2018-12-15 23:19:38,612:INFO:

2018-12-15 23:19:38,612:INFO:The numbers in this password are: ['4']
2018-12-15 23:19:38,612:INFO:The '4' was the 2nd character
2018-12-15 23:19:38,613:INFO:

2018-12-15 23:19:38,613:INFO:The symbols in this password are: ['!']
2018-12-15 23:19:38,613:INFO:The '!' was the 5th character
2018-12-15 23:19:38,614:INFO:

2018-12-15 23:19:38,676:INFO:The length of 'T4st!ng' is 7
2018-12-15 23:19:38,677:INFO:As a list it looks like this ['T', '4', 's', 't', '!', 'n', 'g']
2018-12-15 23:19:38,677:INFO:The letters in this password are: ['T', 's', 't', 'n', 'g']
2018-12-15 23:19:38,678:INFO:The 'T' was the 1st character
2018-12-15 23:19:38,678:INFO:The 's' was the 3rd character
2018-12-15 23:19:38,678:INFO:The 't' was the 4th character
2018-12-15 23:19:38,679:INFO:The 'n' was the 6th character
2018-12-15 23:19:38,679:INFO:The 'g' was the 7th character
2018-12-15 23:19:38,679:INFO:

2018-12-15 23:19:38,680:INFO:The numbers in this password are: ['4']
2018-12-15 23:19:38,680:INFO:The '4' was the 2nd character
2018-12-15 23:19:38,680:INFO:

2018-12-15 23:19:38,681:INFO:The symbols in this password are: ['!']
2018-12-15 23:19:38,681:INFO:The '!' was the 5th character
2018-12-15 23:19:38,681:INFO:

2018-12-15 23:19:38,739:INFO:The length of 'T4st!ng' is 7
2018-12-15 23:19:38,739:INFO:As a list it looks like this ['T', '4', 's', 't', '!', 'n', 'g']
2018-12-15 23:19:38,740:INFO:The letters in this password are: ['T', 's', 't', 'n', 'g']
2018-12-15 23:19:38,740:INFO:The 'T' was the 1st character
2018-12-15 23:19:38,740:INFO:The 's' was the 3rd character
2018-12-15 23:19:38,741:INFO:The 't' was the 4th character
2018-12-15 23:19:38,741:INFO:The 'n' was the 6th character
2018-12-15 23:19:38,741:INFO:The 'g' was the 7th character
2018-12-15 23:19:38,741:INFO:

2018-12-15 23:19:38,742:INFO:The numbers in this password are: ['4']
2018-12-15 23:19:38,742:INFO:The '4' was the 2nd character
2018-12-15 23:19:38,742:INFO:

2018-12-15 23:19:38,743:INFO:The symbols in this password are: ['!']
2018-12-15 23:19:38,743:INFO:The '!' was the 5th character
2018-12-15 23:19:38,743:INFO:

2018-12-15 23:19:38,805:INFO:The length of 'T4st!ng' is 7
2018-12-15 23:19:38,805:INFO:As a list it looks like this ['T', '4', 's', 't', '!', 'n', 'g']
2018-12-15 23:19:38,806:INFO:The letters in this password are: ['T', 's', 't', 'n', 'g']
2018-12-15 23:19:38,806:INFO:The 'T' was the 1st character
2018-12-15 23:19:38,806:INFO:The 's' was the 3rd character
2018-12-15 23:19:38,807:INFO:The 't' was the 4th character
2018-12-15 23:19:38,807:INFO:The 'n' was the 6th character
2018-12-15 23:19:38,808:INFO:The 'g' was the 7th character
2018-12-15 23:19:38,808:INFO:

2018-12-15 23:19:38,809:INFO:The numbers in this password are: ['4']
2018-12-15 23:19:38,809:INFO:The '4' was the 2nd character
2018-12-15 23:19:38,809:INFO:

2018-12-15 23:19:38,810:INFO:The symbols in this password are: ['!']
2018-12-15 23:19:38,810:INFO:The '!' was the 5th character
2018-12-15 23:19:38,810:INFO:

2018-12-15 23:19:38,869:INFO:The length of 'T4st!ng' is 7
2018-12-15 23:19:38,869:INFO:As a list it looks like this ['T', '4', 's', 't', '!', 'n', 'g']
2018-12-15 23:19:38,870:INFO:The letters in this password are: ['T', 's', 't', 'n', 'g']
2018-12-15 23:19:38,872:INFO:The 'T' was the 1st character
2018-12-15 23:19:38,872:INFO:The 's' was the 3rd character
2018-12-15 23:19:38,872:INFO:The 't' was the 4th character
2018-12-15 23:19:38,873:INFO:The 'n' was the 6th character
2018-12-15 23:19:38,873:INFO:The 'g' was the 7th character
2018-12-15 23:19:38,874:INFO:

2018-12-15 23:19:38,874:INFO:The numbers in this password are: ['4']
2018-12-15 23:19:38,874:INFO:The '4' was the 2nd character
2018-12-15 23:19:38,875:INFO:

2018-12-15 23:19:38,876:INFO:The symbols in this password are: ['!']
2018-12-15 23:19:38,876:INFO:The '!' was the 5th character
2018-12-15 23:19:38,876:INFO:

2018-12-15 23:19:38,936:INFO:The length of 'T4st!ng' is 7
2018-12-15 23:19:38,936:INFO:As a list it looks like this ['T', '4', 's', 't', '!', 'n', 'g']
2018-12-15 23:19:38,937:INFO:The letters in this password are: ['T', 's', 't', 'n', 'g']
2018-12-15 23:19:38,937:INFO:The 'T' was the 1st character
2018-12-15 23:19:38,937:INFO:The 's' was the 3rd character
2018-12-15 23:19:38,938:INFO:The 't' was the 4th character
2018-12-15 23:19:38,938:INFO:The 'n' was the 6th character
2018-12-15 23:19:38,938:INFO:The 'g' was the 7th character
2018-12-15 23:19:38,939:INFO:

2018-12-15 23:19:38,939:INFO:The numbers in this password are: ['4']
2018-12-15 23:19:38,939:INFO:The '4' was the 2nd character
2018-12-15 23:19:38,940:INFO:

2018-12-15 23:19:38,940:INFO:The symbols in this password are: ['!']
2018-12-15 23:19:38,941:INFO:The '!' was the 5th character
2018-12-15 23:19:38,941:INFO:

2018-12-15 23:19:39,004:INFO:The length of 'T4st!ng' is 7
2018-12-15 23:19:39,004:INFO:As a list it looks like this ['T', '4', 's', 't', '!', 'n', 'g']
2018-12-15 23:19:39,005:INFO:The letters in this password are: ['T', 's', 't', 'n', 'g']
2018-12-15 23:19:39,005:INFO:The 'T' was the 1st character
2018-12-15 23:19:39,005:INFO:The 's' was the 3rd character
2018-12-15 23:19:39,005:INFO:The 't' was the 4th character
2018-12-15 23:19:39,006:INFO:The 'n' was the 6th character
2018-12-15 23:19:39,006:INFO:The 'g' was the 7th character
2018-12-15 23:19:39,006:INFO:

2018-12-15 23:19:39,007:INFO:The numbers in this password are: ['4']
2018-12-15 23:19:39,007:INFO:The '4' was the 2nd character
2018-12-15 23:19:39,008:INFO:

2018-12-15 23:19:39,008:INFO:The symbols in this password are: ['!']
2018-12-15 23:19:39,008:INFO:The '!' was the 5th character
2018-12-15 23:19:39,009:INFO:

2018-12-15 23:19:39,071:INFO:The length of 'T4st!ng' is 7
2018-12-15 23:19:39,072:INFO:As a list it looks like this ['T', '4', 's', 't', '!', 'n', 'g']
2018-12-15 23:19:39,072:INFO:The letters in this password are: ['T', 's', 't', 'n', 'g']
2018-12-15 23:19:39,073:INFO:The 'T' was the 1st character
2018-12-15 23:19:39,073:INFO:The 's' was the 3rd character
2018-12-15 23:19:39,074:INFO:The 't' was the 4th character
2018-12-15 23:19:39,074:INFO:The 'n' was the 6th character
2018-12-15 23:19:39,074:INFO:The 'g' was the 7th character
2018-12-15 23:19:39,075:INFO:

2018-12-15 23:19:39,075:INFO:The numbers in this password are: ['4']
2018-12-15 23:19:39,075:INFO:The '4' was the 2nd character
2018-12-15 23:19:39,076:INFO:

2018-12-15 23:19:39,076:INFO:The symbols in this password are: ['!']
2018-12-15 23:19:39,077:INFO:The '!' was the 5th character
2018-12-15 23:19:39,077:INFO:

2018-12-15 23:19:39,137:INFO:The length of 'T4st!ng' is 7
2018-12-15 23:19:39,137:INFO:As a list it looks like this ['T', '4', 's', 't', '!', 'n', 'g']
2018-12-15 23:19:39,138:INFO:The letters in this password are: ['T', 's', 't', 'n', 'g']
2018-12-15 23:19:39,138:INFO:The 'T' was the 1st character
2018-12-15 23:19:39,139:INFO:The 's' was the 3rd character
2018-12-15 23:19:39,139:INFO:The 't' was the 4th character
2018-12-15 23:19:39,139:INFO:The 'n' was the 6th character
2018-12-15 23:19:39,139:INFO:The 'g' was the 7th character
2018-12-15 23:19:39,140:INFO:

2018-12-15 23:19:39,140:INFO:The numbers in this password are: ['4']
2018-12-15 23:19:39,140:INFO:The '4' was the 2nd character
2018-12-15 23:19:39,141:INFO:

2018-12-15 23:19:39,142:INFO:The symbols in this password are: ['!']
2018-12-15 23:19:39,142:INFO:The '!' was the 5th character
2018-12-15 23:19:39,142:INFO:

2018-12-15 23:19:39,201:INFO:The length of 'T4st!ng' is 7
2018-12-15 23:19:39,202:INFO:As a list it looks like this ['T', '4', 's', 't', '!', 'n', 'g']
2018-12-15 23:19:39,202:INFO:The letters in this password are: ['T', 's', 't', 'n', 'g']
2018-12-15 23:19:39,202:INFO:The 'T' was the 1st character
2018-12-15 23:19:39,203:INFO:The 's' was the 3rd character
2018-12-15 23:19:39,203:INFO:The 't' was the 4th character
2018-12-15 23:19:39,203:INFO:The 'n' was the 6th character
2018-12-15 23:19:39,203:INFO:The 'g' was the 7th character
2018-12-15 23:19:39,204:INFO:

2018-12-15 23:19:39,204:INFO:The numbers in this password are: ['4']
2018-12-15 23:19:39,205:INFO:The '4' was the 2nd character
2018-12-15 23:19:39,205:INFO:

2018-12-15 23:19:39,205:INFO:The symbols in this password are: ['!']
2018-12-15 23:19:39,206:INFO:The '!' was the 5th character
2018-12-15 23:19:39,206:INFO:

2018-12-15 23:19:39,274:INFO:The length of 'T4st!ng' is 7
2018-12-15 23:19:39,275:INFO:As a list it looks like this ['T', '4', 's', 't', '!', 'n', 'g']
2018-12-15 23:19:39,275:INFO:The letters in this password are: ['T', 's', 't', 'n', 'g']
2018-12-15 23:19:39,276:INFO:The 'T' was the 1st character
2018-12-15 23:19:39,276:INFO:The 's' was the 3rd character
2018-12-15 23:19:39,276:INFO:The 't' was the 4th character
2018-12-15 23:19:39,276:INFO:The 'n' was the 6th character
2018-12-15 23:19:39,277:INFO:The 'g' was the 7th character
2018-12-15 23:19:39,277:INFO:

2018-12-15 23:19:39,278:INFO:The numbers in this password are: ['4']
2018-12-15 23:19:39,278:INFO:The '4' was the 2nd character
2018-12-15 23:19:39,278:INFO:

2018-12-15 23:19:39,279:INFO:The symbols in this password are: ['!']
2018-12-15 23:19:39,279:INFO:The '!' was the 5th character
2018-12-15 23:19:39,279:INFO:

2018-12-15 23:19:39,338:INFO:The length of 'T4st!ng' is 7
2018-12-15 23:19:39,339:INFO:As a list it looks like this ['T', '4', 's', 't', '!', 'n', 'g']
2018-12-15 23:19:39,339:INFO:The letters in this password are: ['T', 's', 't', 'n', 'g']
2018-12-15 23:19:39,340:INFO:The 'T' was the 1st character
2018-12-15 23:19:39,340:INFO:The 's' was the 3rd character
2018-12-15 23:19:39,340:INFO:The 't' was the 4th character
2018-12-15 23:19:39,340:INFO:The 'n' was the 6th character
2018-12-15 23:19:39,341:INFO:The 'g' was the 7th character
2018-12-15 23:19:39,341:INFO:

2018-12-15 23:19:39,342:INFO:The numbers in this password are: ['4']
2018-12-15 23:19:39,342:INFO:The '4' was the 2nd character
2018-12-15 23:19:39,342:INFO:

2018-12-15 23:19:39,343:INFO:The symbols in this password are: ['!']
2018-12-15 23:19:39,343:INFO:The '!' was the 5th character
2018-12-15 23:19:39,343:INFO:

2018-12-15 23:19:39,403:INFO:The length of 'T4st!ng' is 7
2018-12-15 23:19:39,403:INFO:As a list it looks like this ['T', '4', 's', 't', '!', 'n', 'g']
2018-12-15 23:19:39,404:INFO:The letters in this password are: ['T', 's', 't', 'n', 'g']
2018-12-15 23:19:39,404:INFO:The 'T' was the 1st character
2018-12-15 23:19:39,404:INFO:The 's' was the 3rd character
2018-12-15 23:19:39,404:INFO:The 't' was the 4th character
2018-12-15 23:19:39,405:INFO:The 'n' was the 6th character
2018-12-15 23:19:39,405:INFO:The 'g' was the 7th character
2018-12-15 23:19:39,405:INFO:

2018-12-15 23:19:39,406:INFO:The numbers in this password are: ['4']
2018-12-15 23:19:39,406:INFO:The '4' was the 2nd character
2018-12-15 23:19:39,406:INFO:

2018-12-15 23:19:39,407:INFO:The symbols in this password are: ['!']
2018-12-15 23:19:39,407:INFO:The '!' was the 5th character
2018-12-15 23:19:39,407:INFO:

2018-12-15 23:19:39,470:INFO:The length of 'T4st!ng' is 7
2018-12-15 23:19:39,471:INFO:As a list it looks like this ['T', '4', 's', 't', '!', 'n', 'g']
2018-12-15 23:19:39,472:INFO:The letters in this password are: ['T', 's', 't', 'n', 'g']
2018-12-15 23:19:39,472:INFO:The 'T' was the 1st character
2018-12-15 23:19:39,473:INFO:The 's' was the 3rd character
2018-12-15 23:19:39,473:INFO:The 't' was the 4th character
2018-12-15 23:19:39,473:INFO:The 'n' was the 6th character
2018-12-15 23:19:39,474:INFO:The 'g' was the 7th character
2018-12-15 23:19:39,474:INFO:

2018-12-15 23:19:39,475:INFO:The numbers in this password are: ['4']
2018-12-15 23:19:39,475:INFO:The '4' was the 2nd character
2018-12-15 23:19:39,475:INFO:

2018-12-15 23:19:39,476:INFO:The symbols in this password are: ['!']
2018-12-15 23:19:39,476:INFO:The '!' was the 5th character
2018-12-15 23:19:39,477:INFO:

2018-12-15 23:19:39,543:INFO:The length of 'T4st!ng' is 7
2018-12-15 23:19:39,543:INFO:As a list it looks like this ['T', '4', 's', 't', '!', 'n', 'g']
2018-12-15 23:19:39,544:INFO:The letters in this password are: ['T', 's', 't', 'n', 'g']
2018-12-15 23:19:39,544:INFO:The 'T' was the 1st character
2018-12-15 23:19:39,544:INFO:The 's' was the 3rd character
2018-12-15 23:19:39,545:INFO:The 't' was the 4th character
2018-12-15 23:19:39,545:INFO:The 'n' was the 6th character
2018-12-15 23:19:39,546:INFO:The 'g' was the 7th character
2018-12-15 23:19:39,546:INFO:

2018-12-15 23:19:39,547:INFO:The numbers in this password are: ['4']
2018-12-15 23:19:39,547:INFO:The '4' was the 2nd character
2018-12-15 23:19:39,547:INFO:

2018-12-15 23:19:39,548:INFO:The symbols in this password are: ['!']
2018-12-15 23:19:39,548:INFO:The '!' was the 5th character
2018-12-15 23:19:39,548:INFO:

2018-12-15 23:19:39,607:INFO:The length of 'T4st!ng' is 7
2018-12-15 23:19:39,608:INFO:As a list it looks like this ['T', '4', 's', 't', '!', 'n', 'g']
2018-12-15 23:19:39,608:INFO:The letters in this password are: ['T', 's', 't', 'n', 'g']
2018-12-15 23:19:39,608:INFO:The 'T' was the 1st character
2018-12-15 23:19:39,609:INFO:The 's' was the 3rd character
2018-12-15 23:19:39,609:INFO:The 't' was the 4th character
2018-12-15 23:19:39,609:INFO:The 'n' was the 6th character
2018-12-15 23:19:39,609:INFO:The 'g' was the 7th character
2018-12-15 23:19:39,610:INFO:

2018-12-15 23:19:39,610:INFO:The numbers in this password are: ['4']
2018-12-15 23:19:39,610:INFO:The '4' was the 2nd character
2018-12-15 23:19:39,611:INFO:

2018-12-15 23:19:39,611:INFO:The symbols in this password are: ['!']
2018-12-15 23:19:39,611:INFO:The '!' was the 5th character
2018-12-15 23:19:39,612:INFO:

2018-12-15 23:19:39,672:INFO:The length of 'T4st!ng' is 7
2018-12-15 23:19:39,673:INFO:As a list it looks like this ['T', '4', 's', 't', '!', 'n', 'g']
2018-12-15 23:19:39,673:INFO:The letters in this password are: ['T', 's', 't', 'n', 'g']
2018-12-15 23:19:39,674:INFO:The 'T' was the 1st character
2018-12-15 23:19:39,674:INFO:The 's' was the 3rd character
2018-12-15 23:19:39,674:INFO:The 't' was the 4th character
2018-12-15 23:19:39,675:INFO:The 'n' was the 6th character
2018-12-15 23:19:39,675:INFO:The 'g' was the 7th character
2018-12-15 23:19:39,675:INFO:

2018-12-15 23:19:39,676:INFO:The numbers in this password are: ['4']
2018-12-15 23:19:39,676:INFO:The '4' was the 2nd character
2018-12-15 23:19:39,677:INFO:

2018-12-15 23:19:39,677:INFO:The symbols in this password are: ['!']
2018-12-15 23:19:39,678:INFO:The '!' was the 5th character
2018-12-15 23:19:39,678:INFO:

2018-12-15 23:19:39,735:INFO:The length of 'T4st!ng' is 7
2018-12-15 23:19:39,736:INFO:As a list it looks like this ['T', '4', 's', 't', '!', 'n', 'g']
2018-12-15 23:19:39,736:INFO:The letters in this password are: ['T', 's', 't', 'n', 'g']
2018-12-15 23:19:39,737:INFO:The 'T' was the 1st character
2018-12-15 23:19:39,737:INFO:The 's' was the 3rd character
2018-12-15 23:19:39,737:INFO:The 't' was the 4th character
2018-12-15 23:19:39,738:INFO:The 'n' was the 6th character
2018-12-15 23:19:39,738:INFO:The 'g' was the 7th character
2018-12-15 23:19:39,738:INFO:

2018-12-15 23:19:39,739:INFO:The numbers in this password are: ['4']
2018-12-15 23:19:39,739:INFO:The '4' was the 2nd character
2018-12-15 23:19:39,740:INFO:

2018-12-15 23:19:39,740:INFO:The symbols in this password are: ['!']
2018-12-15 23:19:39,740:INFO:The '!' was the 5th character
2018-12-15 23:19:39,741:INFO:

2018-12-15 23:19:39,800:INFO:The length of 'T4st!ng' is 7
2018-12-15 23:19:39,800:INFO:As a list it looks like this ['T', '4', 's', 't', '!', 'n', 'g']
2018-12-15 23:19:39,801:INFO:The letters in this password are: ['T', 's', 't', 'n', 'g']
2018-12-15 23:19:39,801:INFO:The 'T' was the 1st character
2018-12-15 23:19:39,801:INFO:The 's' was the 3rd character
2018-12-15 23:19:39,802:INFO:The 't' was the 4th character
2018-12-15 23:19:39,802:INFO:The 'n' was the 6th character
2018-12-15 23:19:39,802:INFO:The 'g' was the 7th character
2018-12-15 23:19:39,802:INFO:

2018-12-15 23:19:39,803:INFO:The numbers in this password are: ['4']
2018-12-15 23:19:39,803:INFO:The '4' was the 2nd character
2018-12-15 23:19:39,803:INFO:

2018-12-15 23:19:39,804:INFO:The symbols in this password are: ['!']
2018-12-15 23:19:39,804:INFO:The '!' was the 5th character
2018-12-15 23:19:39,804:INFO:

2018-12-15 23:19:39,862:INFO:The length of 'T4st!ng' is 7
2018-12-15 23:19:39,863:INFO:As a list it looks like this ['T', '4', 's', 't', '!', 'n', 'g']
2018-12-15 23:19:39,863:INFO:The letters in this password are: ['T', 's', 't', 'n', 'g']
2018-12-15 23:19:39,863:INFO:The 'T' was the 1st character
2018-12-15 23:19:39,864:INFO:The 's' was the 3rd character
2018-12-15 23:19:39,864:INFO:The 't' was the 4th character
2018-12-15 23:19:39,864:INFO:The 'n' was the 6th character
2018-12-15 23:19:39,865:INFO:The 'g' was the 7th character
2018-12-15 23:19:39,865:INFO:

2018-12-15 23:19:39,865:INFO:The numbers in this password are: ['4']
2018-12-15 23:19:39,866:INFO:The '4' was the 2nd character
2018-12-15 23:19:39,866:INFO:

2018-12-15 23:19:39,866:INFO:The symbols in this password are: ['!']
2018-12-15 23:19:39,867:INFO:The '!' was the 5th character
2018-12-15 23:19:39,867:INFO:

2018-12-15 23:19:39,924:INFO:The length of 'T4st!ng' is 7
2018-12-15 23:19:39,925:INFO:As a list it looks like this ['T', '4', 's', 't', '!', 'n', 'g']
2018-12-15 23:19:39,925:INFO:The letters in this password are: ['T', 's', 't', 'n', 'g']
2018-12-15 23:19:39,925:INFO:The 'T' was the 1st character
2018-12-15 23:19:39,926:INFO:The 's' was the 3rd character
2018-12-15 23:19:39,926:INFO:The 't' was the 4th character
2018-12-15 23:19:39,927:INFO:The 'n' was the 6th character
2018-12-15 23:19:39,927:INFO:The 'g' was the 7th character
2018-12-15 23:19:39,927:INFO:

2018-12-15 23:19:39,928:INFO:The numbers in this password are: ['4']
2018-12-15 23:19:39,928:INFO:The '4' was the 2nd character
2018-12-15 23:19:39,928:INFO:

2018-12-15 23:19:39,929:INFO:The symbols in this password are: ['!']
2018-12-15 23:19:39,930:INFO:The '!' was the 5th character
2018-12-15 23:19:39,930:INFO:

2018-12-15 23:19:39,993:INFO:The length of 'T4st!ng' is 7
2018-12-15 23:19:39,994:INFO:As a list it looks like this ['T', '4', 's', 't', '!', 'n', 'g']
2018-12-15 23:19:39,994:INFO:The letters in this password are: ['T', 's', 't', 'n', 'g']
2018-12-15 23:19:39,994:INFO:The 'T' was the 1st character
2018-12-15 23:19:39,995:INFO:The 's' was the 3rd character
2018-12-15 23:19:39,995:INFO:The 't' was the 4th character
2018-12-15 23:19:39,995:INFO:The 'n' was the 6th character
2018-12-15 23:19:39,996:INFO:The 'g' was the 7th character
2018-12-15 23:19:39,996:INFO:

2018-12-15 23:19:39,997:INFO:The numbers in this password are: ['4']
2018-12-15 23:19:39,997:INFO:The '4' was the 2nd character
2018-12-15 23:19:39,997:INFO:

2018-12-15 23:19:39,998:INFO:The symbols in this password are: ['!']
2018-12-15 23:19:39,998:INFO:The '!' was the 5th character
2018-12-15 23:19:39,998:INFO:

2018-12-15 23:19:40,059:INFO:The length of 'T4st!ng' is 7
2018-12-15 23:19:40,060:INFO:As a list it looks like this ['T', '4', 's', 't', '!', 'n', 'g']
2018-12-15 23:19:40,060:INFO:The letters in this password are: ['T', 's', 't', 'n', 'g']
2018-12-15 23:19:40,060:INFO:The 'T' was the 1st character
2018-12-15 23:19:40,060:INFO:The 's' was the 3rd character
2018-12-15 23:19:40,061:INFO:The 't' was the 4th character
2018-12-15 23:19:40,061:INFO:The 'n' was the 6th character
2018-12-15 23:19:40,061:INFO:The 'g' was the 7th character
2018-12-15 23:19:40,062:INFO:

2018-12-15 23:19:40,062:INFO:The numbers in this password are: ['4']
2018-12-15 23:19:40,062:INFO:The '4' was the 2nd character
2018-12-15 23:19:40,063:INFO:

2018-12-15 23:19:40,063:INFO:The symbols in this password are: ['!']
2018-12-15 23:19:40,063:INFO:The '!' was the 5th character
2018-12-15 23:19:40,064:INFO:

2018-12-15 23:19:40,121:INFO:The length of 'T4st!ng' is 7
2018-12-15 23:19:40,122:INFO:As a list it looks like this ['T', '4', 's', 't', '!', 'n', 'g']
2018-12-15 23:19:40,123:INFO:The letters in this password are: ['T', 's', 't', 'n', 'g']
2018-12-15 23:19:40,124:INFO:The 'T' was the 1st character
2018-12-15 23:19:40,124:INFO:The 's' was the 3rd character
2018-12-15 23:19:40,124:INFO:The 't' was the 4th character
2018-12-15 23:19:40,125:INFO:The 'n' was the 6th character
2018-12-15 23:19:40,125:INFO:The 'g' was the 7th character
2018-12-15 23:19:40,125:INFO:

2018-12-15 23:19:40,126:INFO:The numbers in this password are: ['4']
2018-12-15 23:19:40,126:INFO:The '4' was the 2nd character
2018-12-15 23:19:40,127:INFO:

2018-12-15 23:19:40,128:INFO:The symbols in this password are: ['!']
2018-12-15 23:19:40,128:INFO:The '!' was the 5th character
2018-12-15 23:19:40,129:INFO:

2018-12-15 23:19:40,187:INFO:The length of 'T4st!ng' is 7
2018-12-15 23:19:40,187:INFO:As a list it looks like this ['T', '4', 's', 't', '!', 'n', 'g']
2018-12-15 23:19:40,188:INFO:The letters in this password are: ['T', 's', 't', 'n', 'g']
2018-12-15 23:19:40,188:INFO:The 'T' was the 1st character
2018-12-15 23:19:40,189:INFO:The 's' was the 3rd character
2018-12-15 23:19:40,189:INFO:The 't' was the 4th character
2018-12-15 23:19:40,189:INFO:The 'n' was the 6th character
2018-12-15 23:19:40,190:INFO:The 'g' was the 7th character
2018-12-15 23:19:40,190:INFO:

2018-12-15 23:19:40,191:INFO:The numbers in this password are: ['4']
2018-12-15 23:19:40,191:INFO:The '4' was the 2nd character
2018-12-15 23:19:40,191:INFO:

2018-12-15 23:19:40,192:INFO:The symbols in this password are: ['!']
2018-12-15 23:19:40,192:INFO:The '!' was the 5th character
2018-12-15 23:19:40,193:INFO:

2018-12-15 23:19:40,249:INFO:The length of 'T4st!ng' is 7
2018-12-15 23:19:40,250:INFO:As a list it looks like this ['T', '4', 's', 't', '!', 'n', 'g']
2018-12-15 23:19:40,250:INFO:The letters in this password are: ['T', 's', 't', 'n', 'g']
2018-12-15 23:19:40,251:INFO:The 'T' was the 1st character
2018-12-15 23:19:40,251:INFO:The 's' was the 3rd character
2018-12-15 23:19:40,251:INFO:The 't' was the 4th character
2018-12-15 23:19:40,251:INFO:The 'n' was the 6th character
2018-12-15 23:19:40,252:INFO:The 'g' was the 7th character
2018-12-15 23:19:40,252:INFO:

2018-12-15 23:19:40,253:INFO:The numbers in this password are: ['4']
2018-12-15 23:19:40,253:INFO:The '4' was the 2nd character
2018-12-15 23:19:40,253:INFO:

2018-12-15 23:19:40,254:INFO:The symbols in this password are: ['!']
2018-12-15 23:19:40,254:INFO:The '!' was the 5th character
2018-12-15 23:19:40,254:INFO:

2018-12-15 23:19:40,317:INFO:The length of 'T4st!ng' is 7
2018-12-15 23:19:40,317:INFO:As a list it looks like this ['T', '4', 's', 't', '!', 'n', 'g']
2018-12-15 23:19:40,318:INFO:The letters in this password are: ['T', 's', 't', 'n', 'g']
2018-12-15 23:19:40,318:INFO:The 'T' was the 1st character
2018-12-15 23:19:40,318:INFO:The 's' was the 3rd character
2018-12-15 23:19:40,318:INFO:The 't' was the 4th character
2018-12-15 23:19:40,319:INFO:The 'n' was the 6th character
2018-12-15 23:19:40,319:INFO:The 'g' was the 7th character
2018-12-15 23:19:40,319:INFO:

2018-12-15 23:19:40,320:INFO:The numbers in this password are: ['4']
2018-12-15 23:19:40,320:INFO:The '4' was the 2nd character
2018-12-15 23:19:40,320:INFO:

2018-12-15 23:19:40,321:INFO:The symbols in this password are: ['!']
2018-12-15 23:19:40,321:INFO:The '!' was the 5th character
2018-12-15 23:19:40,322:INFO:

2018-12-15 23:19:40,384:INFO:The length of 'T4st!ng' is 7
2018-12-15 23:19:40,385:INFO:As a list it looks like this ['T', '4', 's', 't', '!', 'n', 'g']
2018-12-15 23:19:40,385:INFO:The letters in this password are: ['T', 's', 't', 'n', 'g']
2018-12-15 23:19:40,386:INFO:The 'T' was the 1st character
2018-12-15 23:19:40,386:INFO:The 's' was the 3rd character
2018-12-15 23:19:40,386:INFO:The 't' was the 4th character
2018-12-15 23:19:40,386:INFO:The 'n' was the 6th character
2018-12-15 23:19:40,387:INFO:The 'g' was the 7th character
2018-12-15 23:19:40,387:INFO:

2018-12-15 23:19:40,388:INFO:The numbers in this password are: ['4']
2018-12-15 23:19:40,388:INFO:The '4' was the 2nd character
2018-12-15 23:19:40,388:INFO:

2018-12-15 23:19:40,389:INFO:The symbols in this password are: ['!']
2018-12-15 23:19:40,389:INFO:The '!' was the 5th character
2018-12-15 23:19:40,389:INFO:

2018-12-15 23:19:40,447:INFO:The length of 'T4st!ng' is 7
2018-12-15 23:19:40,448:INFO:As a list it looks like this ['T', '4', 's', 't', '!', 'n', 'g']
2018-12-15 23:19:40,449:INFO:The letters in this password are: ['T', 's', 't', 'n', 'g']
2018-12-15 23:19:40,449:INFO:The 'T' was the 1st character
2018-12-15 23:19:40,449:INFO:The 's' was the 3rd character
2018-12-15 23:19:40,450:INFO:The 't' was the 4th character
2018-12-15 23:19:40,450:INFO:The 'n' was the 6th character
2018-12-15 23:19:40,450:INFO:The 'g' was the 7th character
2018-12-15 23:19:40,451:INFO:

2018-12-15 23:19:40,451:INFO:The numbers in this password are: ['4']
2018-12-15 23:19:40,451:INFO:The '4' was the 2nd character
2018-12-15 23:19:40,452:INFO:

2018-12-15 23:19:40,452:INFO:The symbols in this password are: ['!']
2018-12-15 23:19:40,452:INFO:The '!' was the 5th character
2018-12-15 23:19:40,453:INFO:

2018-12-15 23:19:40,512:INFO:The length of 'T4st!ng' is 7
2018-12-15 23:19:40,512:INFO:As a list it looks like this ['T', '4', 's', 't', '!', 'n', 'g']
2018-12-15 23:19:40,513:INFO:The letters in this password are: ['T', 's', 't', 'n', 'g']
2018-12-15 23:19:40,513:INFO:The 'T' was the 1st character
2018-12-15 23:19:40,514:INFO:The 's' was the 3rd character
2018-12-15 23:19:40,514:INFO:The 't' was the 4th character
2018-12-15 23:19:40,514:INFO:The 'n' was the 6th character
2018-12-15 23:19:40,515:INFO:The 'g' was the 7th character
2018-12-15 23:19:40,515:INFO:

2018-12-15 23:19:40,515:INFO:The numbers in this password are: ['4']
2018-12-15 23:19:40,516:INFO:The '4' was the 2nd character
2018-12-15 23:19:40,516:INFO:

2018-12-15 23:19:40,516:INFO:The symbols in this password are: ['!']
2018-12-15 23:19:40,517:INFO:The '!' was the 5th character
2018-12-15 23:19:40,517:INFO:

2018-12-15 23:19:40,580:INFO:The length of 'T4st!ng' is 7
2018-12-15 23:19:40,581:INFO:As a list it looks like this ['T', '4', 's', 't', '!', 'n', 'g']
2018-12-15 23:19:40,581:INFO:The letters in this password are: ['T', 's', 't', 'n', 'g']
2018-12-15 23:19:40,581:INFO:The 'T' was the 1st character
2018-12-15 23:19:40,581:INFO:The 's' was the 3rd character
2018-12-15 23:19:40,582:INFO:The 't' was the 4th character
2018-12-15 23:19:40,582:INFO:The 'n' was the 6th character
2018-12-15 23:19:40,582:INFO:The 'g' was the 7th character
2018-12-15 23:19:40,583:INFO:

2018-12-15 23:19:40,583:INFO:The numbers in this password are: ['4']
2018-12-15 23:19:40,584:INFO:The '4' was the 2nd character
2018-12-15 23:19:40,584:INFO:

2018-12-15 23:19:40,585:INFO:The symbols in this password are: ['!']
2018-12-15 23:19:40,585:INFO:The '!' was the 5th character
2018-12-15 23:19:40,585:INFO:

2018-12-15 23:19:40,642:INFO:The length of 'T4st!ng' is 7
2018-12-15 23:19:40,643:INFO:As a list it looks like this ['T', '4', 's', 't', '!', 'n', 'g']
2018-12-15 23:19:40,643:INFO:The letters in this password are: ['T', 's', 't', 'n', 'g']
2018-12-15 23:19:40,644:INFO:The 'T' was the 1st character
2018-12-15 23:19:40,644:INFO:The 's' was the 3rd character
2018-12-15 23:19:40,644:INFO:The 't' was the 4th character
2018-12-15 23:19:40,644:INFO:The 'n' was the 6th character
2018-12-15 23:19:40,645:INFO:The 'g' was the 7th character
2018-12-15 23:19:40,645:INFO:

2018-12-15 23:19:40,646:INFO:The numbers in this password are: ['4']
2018-12-15 23:19:40,646:INFO:The '4' was the 2nd character
2018-12-15 23:19:40,646:INFO:

2018-12-15 23:19:40,647:INFO:The symbols in this password are: ['!']
2018-12-15 23:19:40,647:INFO:The '!' was the 5th character
2018-12-15 23:19:40,648:INFO:

2018-12-15 23:19:40,706:INFO:The length of 'T4st!ng' is 7
2018-12-15 23:19:40,707:INFO:As a list it looks like this ['T', '4', 's', 't', '!', 'n', 'g']
2018-12-15 23:19:40,707:INFO:The letters in this password are: ['T', 's', 't', 'n', 'g']
2018-12-15 23:19:40,708:INFO:The 'T' was the 1st character
2018-12-15 23:19:40,708:INFO:The 's' was the 3rd character
2018-12-15 23:19:40,708:INFO:The 't' was the 4th character
2018-12-15 23:19:40,709:INFO:The 'n' was the 6th character
2018-12-15 23:19:40,709:INFO:The 'g' was the 7th character
2018-12-15 23:19:40,709:INFO:

2018-12-15 23:19:40,710:INFO:The numbers in this password are: ['4']
2018-12-15 23:19:40,710:INFO:The '4' was the 2nd character
2018-12-15 23:19:40,710:INFO:

2018-12-15 23:19:40,711:INFO:The symbols in this password are: ['!']
2018-12-15 23:19:40,711:INFO:The '!' was the 5th character
2018-12-15 23:19:40,711:INFO:

2018-12-15 23:19:40,769:INFO:The length of 'T4st!ng' is 7
2018-12-15 23:19:40,770:INFO:As a list it looks like this ['T', '4', 's', 't', '!', 'n', 'g']
2018-12-15 23:19:40,770:INFO:The letters in this password are: ['T', 's', 't', 'n', 'g']
2018-12-15 23:19:40,771:INFO:The 'T' was the 1st character
2018-12-15 23:19:40,771:INFO:The 's' was the 3rd character
2018-12-15 23:19:40,771:INFO:The 't' was the 4th character
2018-12-15 23:19:40,772:INFO:The 'n' was the 6th character
2018-12-15 23:19:40,772:INFO:The 'g' was the 7th character
2018-12-15 23:19:40,772:INFO:

2018-12-15 23:19:40,775:INFO:The numbers in this password are: ['4']
2018-12-15 23:19:40,775:INFO:The '4' was the 2nd character
2018-12-15 23:19:40,775:INFO:

2018-12-15 23:19:40,776:INFO:The symbols in this password are: ['!']
2018-12-15 23:19:40,776:INFO:The '!' was the 5th character
2018-12-15 23:19:40,776:INFO:

2018-12-15 23:19:40,849:INFO:The length of 'T4st!ng' is 7
2018-12-15 23:19:40,850:INFO:As a list it looks like this ['T', '4', 's', 't', '!', 'n', 'g']
2018-12-15 23:19:40,850:INFO:The letters in this password are: ['T', 's', 't', 'n', 'g']
2018-12-15 23:19:40,851:INFO:The 'T' was the 1st character
2018-12-15 23:19:40,851:INFO:The 's' was the 3rd character
2018-12-15 23:19:40,851:INFO:The 't' was the 4th character
2018-12-15 23:19:40,851:INFO:The 'n' was the 6th character
2018-12-15 23:19:40,852:INFO:The 'g' was the 7th character
2018-12-15 23:19:40,852:INFO:

2018-12-15 23:19:40,853:INFO:The numbers in this password are: ['4']
2018-12-15 23:19:40,853:INFO:The '4' was the 2nd character
2018-12-15 23:19:40,853:INFO:

2018-12-15 23:19:40,854:INFO:The symbols in this password are: ['!']
2018-12-15 23:19:40,854:INFO:The '!' was the 5th character
2018-12-15 23:19:40,854:INFO:

2018-12-15 23:19:40,912:INFO:The length of 'T4st!ng' is 7
2018-12-15 23:19:40,912:INFO:As a list it looks like this ['T', '4', 's', 't', '!', 'n', 'g']
2018-12-15 23:19:40,913:INFO:The letters in this password are: ['T', 's', 't', 'n', 'g']
2018-12-15 23:19:40,913:INFO:The 'T' was the 1st character
2018-12-15 23:19:40,913:INFO:The 's' was the 3rd character
2018-12-15 23:19:40,914:INFO:The 't' was the 4th character
2018-12-15 23:19:40,914:INFO:The 'n' was the 6th character
2018-12-15 23:19:40,914:INFO:The 'g' was the 7th character
2018-12-15 23:19:40,914:INFO:

2018-12-15 23:19:40,915:INFO:The numbers in this password are: ['4']
2018-12-15 23:19:40,915:INFO:The '4' was the 2nd character
2018-12-15 23:19:40,915:INFO:

2018-12-15 23:19:40,916:INFO:The symbols in this password are: ['!']
2018-12-15 23:19:40,916:INFO:The '!' was the 5th character
2018-12-15 23:19:40,916:INFO:

2018-12-15 23:19:40,980:INFO:The length of 'T4st!ng' is 7
2018-12-15 23:19:40,981:INFO:As a list it looks like this ['T', '4', 's', 't', '!', 'n', 'g']
2018-12-15 23:19:40,981:INFO:The letters in this password are: ['T', 's', 't', 'n', 'g']
2018-12-15 23:19:40,981:INFO:The 'T' was the 1st character
2018-12-15 23:19:40,982:INFO:The 's' was the 3rd character
2018-12-15 23:19:40,982:INFO:The 't' was the 4th character
2018-12-15 23:19:40,982:INFO:The 'n' was the 6th character
2018-12-15 23:19:40,982:INFO:The 'g' was the 7th character
2018-12-15 23:19:40,983:INFO:

2018-12-15 23:19:40,983:INFO:The numbers in this password are: ['4']
2018-12-15 23:19:40,983:INFO:The '4' was the 2nd character
2018-12-15 23:19:40,984:INFO:

2018-12-15 23:19:40,984:INFO:The symbols in this password are: ['!']
2018-12-15 23:19:40,984:INFO:The '!' was the 5th character
2018-12-15 23:19:40,985:INFO:

2018-12-15 23:19:41,041:INFO:The length of 'T4st!ng' is 7
2018-12-15 23:19:41,041:INFO:As a list it looks like this ['T', '4', 's', 't', '!', 'n', 'g']
2018-12-15 23:19:41,042:INFO:The letters in this password are: ['T', 's', 't', 'n', 'g']
2018-12-15 23:19:41,042:INFO:The 'T' was the 1st character
2018-12-15 23:19:41,042:INFO:The 's' was the 3rd character
2018-12-15 23:19:41,042:INFO:The 't' was the 4th character
2018-12-15 23:19:41,043:INFO:The 'n' was the 6th character
2018-12-15 23:19:41,043:INFO:The 'g' was the 7th character
2018-12-15 23:19:41,043:INFO:

2018-12-15 23:19:41,044:INFO:The numbers in this password are: ['4']
2018-12-15 23:19:41,044:INFO:The '4' was the 2nd character
2018-12-15 23:19:41,044:INFO:

2018-12-15 23:19:41,045:INFO:The symbols in this password are: ['!']
2018-12-15 23:19:41,045:INFO:The '!' was the 5th character
2018-12-15 23:19:41,046:INFO:

2018-12-15 23:19:41,104:INFO:The length of 'T4st!ng' is 7
2018-12-15 23:19:41,104:INFO:As a list it looks like this ['T', '4', 's', 't', '!', 'n', 'g']
2018-12-15 23:19:41,105:INFO:The letters in this password are: ['T', 's', 't', 'n', 'g']
2018-12-15 23:19:41,105:INFO:The 'T' was the 1st character
2018-12-15 23:19:41,105:INFO:The 's' was the 3rd character
2018-12-15 23:19:41,106:INFO:The 't' was the 4th character
2018-12-15 23:19:41,106:INFO:The 'n' was the 6th character
2018-12-15 23:19:41,106:INFO:The 'g' was the 7th character
2018-12-15 23:19:41,106:INFO:

2018-12-15 23:19:41,107:INFO:The numbers in this password are: ['4']
2018-12-15 23:19:41,107:INFO:The '4' was the 2nd character
2018-12-15 23:19:41,108:INFO:

2018-12-15 23:19:41,108:INFO:The symbols in this password are: ['!']
2018-12-15 23:19:41,108:INFO:The '!' was the 5th character
2018-12-15 23:19:41,109:INFO:

2018-12-15 23:19:41,170:INFO:The length of 'T4st!ng' is 7
2018-12-15 23:19:41,170:INFO:As a list it looks like this ['T', '4', 's', 't', '!', 'n', 'g']
2018-12-15 23:19:41,171:INFO:The letters in this password are: ['T', 's', 't', 'n', 'g']
2018-12-15 23:19:41,171:INFO:The 'T' was the 1st character
2018-12-15 23:19:41,172:INFO:The 's' was the 3rd character
2018-12-15 23:19:41,172:INFO:The 't' was the 4th character
2018-12-15 23:19:41,173:INFO:The 'n' was the 6th character
2018-12-15 23:19:41,173:INFO:The 'g' was the 7th character
2018-12-15 23:19:41,173:INFO:

2018-12-15 23:19:41,175:INFO:The numbers in this password are: ['4']
2018-12-15 23:19:41,175:INFO:The '4' was the 2nd character
2018-12-15 23:19:41,176:INFO:

2018-12-15 23:19:41,177:INFO:The symbols in this password are: ['!']
2018-12-15 23:19:41,177:INFO:The '!' was the 5th character
2018-12-15 23:19:41,178:INFO:

2018-12-15 23:19:41,238:INFO:The length of 'T4st!ng' is 7
2018-12-15 23:19:41,239:INFO:As a list it looks like this ['T', '4', 's', 't', '!', 'n', 'g']
2018-12-15 23:19:41,239:INFO:The letters in this password are: ['T', 's', 't', 'n', 'g']
2018-12-15 23:19:41,239:INFO:The 'T' was the 1st character
2018-12-15 23:19:41,240:INFO:The 's' was the 3rd character
2018-12-15 23:19:41,240:INFO:The 't' was the 4th character
2018-12-15 23:19:41,240:INFO:The 'n' was the 6th character
2018-12-15 23:19:41,241:INFO:The 'g' was the 7th character
2018-12-15 23:19:41,241:INFO:

2018-12-15 23:19:41,242:INFO:The numbers in this password are: ['4']
2018-12-15 23:19:41,242:INFO:The '4' was the 2nd character
2018-12-15 23:19:41,242:INFO:

2018-12-15 23:19:41,243:INFO:The symbols in this password are: ['!']
2018-12-15 23:19:41,243:INFO:The '!' was the 5th character
2018-12-15 23:19:41,243:INFO:

2018-12-15 23:19:41,305:INFO:The length of 'T4st!ng' is 7
2018-12-15 23:19:41,305:INFO:As a list it looks like this ['T', '4', 's', 't', '!', 'n', 'g']
2018-12-15 23:19:41,306:INFO:The letters in this password are: ['T', 's', 't', 'n', 'g']
2018-12-15 23:19:41,306:INFO:The 'T' was the 1st character
2018-12-15 23:19:41,306:INFO:The 's' was the 3rd character
2018-12-15 23:19:41,307:INFO:The 't' was the 4th character
2018-12-15 23:19:41,307:INFO:The 'n' was the 6th character
2018-12-15 23:19:41,307:INFO:The 'g' was the 7th character
2018-12-15 23:19:41,307:INFO:

2018-12-15 23:19:41,308:INFO:The numbers in this password are: ['4']
2018-12-15 23:19:41,308:INFO:The '4' was the 2nd character
2018-12-15 23:19:41,309:INFO:

2018-12-15 23:19:41,309:INFO:The symbols in this password are: ['!']
2018-12-15 23:19:41,310:INFO:The '!' was the 5th character
2018-12-15 23:19:41,310:INFO:

2018-12-15 23:19:41,379:INFO:The length of 'T4st!ng' is 7
2018-12-15 23:19:41,380:INFO:As a list it looks like this ['T', '4', 's', 't', '!', 'n', 'g']
2018-12-15 23:19:41,382:INFO:The letters in this password are: ['T', 's', 't', 'n', 'g']
2018-12-15 23:19:41,383:INFO:The 'T' was the 1st character
2018-12-15 23:19:41,383:INFO:The 's' was the 3rd character
2018-12-15 23:19:41,384:INFO:The 't' was the 4th character
2018-12-15 23:19:41,384:INFO:The 'n' was the 6th character
2018-12-15 23:19:41,384:INFO:The 'g' was the 7th character
2018-12-15 23:19:41,385:INFO:

2018-12-15 23:19:41,385:INFO:The numbers in this password are: ['4']
2018-12-15 23:19:41,386:INFO:The '4' was the 2nd character
2018-12-15 23:19:41,386:INFO:

2018-12-15 23:19:41,387:INFO:The symbols in this password are: ['!']
2018-12-15 23:19:41,387:INFO:The '!' was the 5th character
2018-12-15 23:19:41,388:INFO:

2018-12-15 23:19:41,456:INFO:The length of 'T4st!ng' is 7
2018-12-15 23:19:41,456:INFO:As a list it looks like this ['T', '4', 's', 't', '!', 'n', 'g']
2018-12-15 23:19:41,457:INFO:The letters in this password are: ['T', 's', 't', 'n', 'g']
2018-12-15 23:19:41,457:INFO:The 'T' was the 1st character
2018-12-15 23:19:41,458:INFO:The 's' was the 3rd character
2018-12-15 23:19:41,458:INFO:The 't' was the 4th character
2018-12-15 23:19:41,459:INFO:The 'n' was the 6th character
2018-12-15 23:19:41,459:INFO:The 'g' was the 7th character
2018-12-15 23:19:41,460:INFO:

2018-12-15 23:19:41,461:INFO:The numbers in this password are: ['4']
2018-12-15 23:19:41,462:INFO:The '4' was the 2nd character
2018-12-15 23:19:41,462:INFO:

2018-12-15 23:19:41,464:INFO:The symbols in this password are: ['!']
2018-12-15 23:19:41,464:INFO:The '!' was the 5th character
2018-12-15 23:19:41,464:INFO:

2018-12-15 23:19:41,539:INFO:The length of 'T4st!ng' is 7
2018-12-15 23:19:41,539:INFO:As a list it looks like this ['T', '4', 's', 't', '!', 'n', 'g']
2018-12-15 23:19:41,540:INFO:The letters in this password are: ['T', 's', 't', 'n', 'g']
2018-12-15 23:19:41,540:INFO:The 'T' was the 1st character
2018-12-15 23:19:41,541:INFO:The 's' was the 3rd character
2018-12-15 23:19:41,541:INFO:The 't' was the 4th character
2018-12-15 23:19:41,542:INFO:The 'n' was the 6th character
2018-12-15 23:19:41,542:INFO:The 'g' was the 7th character
2018-12-15 23:19:41,543:INFO:

2018-12-15 23:19:41,544:INFO:The numbers in this password are: ['4']
2018-12-15 23:19:41,545:INFO:The '4' was the 2nd character
2018-12-15 23:19:41,545:INFO:

2018-12-15 23:19:41,547:INFO:The symbols in this password are: ['!']
2018-12-15 23:19:41,547:INFO:The '!' was the 5th character
2018-12-15 23:19:41,547:INFO:

2018-12-15 23:19:41,618:INFO:The length of 'T4st!ng' is 7
2018-12-15 23:19:41,618:INFO:As a list it looks like this ['T', '4', 's', 't', '!', 'n', 'g']
2018-12-15 23:19:41,619:INFO:The letters in this password are: ['T', 's', 't', 'n', 'g']
2018-12-15 23:19:41,619:INFO:The 'T' was the 1st character
2018-12-15 23:19:41,619:INFO:The 's' was the 3rd character
2018-12-15 23:19:41,619:INFO:The 't' was the 4th character
2018-12-15 23:19:41,620:INFO:The 'n' was the 6th character
2018-12-15 23:19:41,620:INFO:The 'g' was the 7th character
2018-12-15 23:19:41,621:INFO:

2018-12-15 23:19:41,621:INFO:The numbers in this password are: ['4']
2018-12-15 23:19:41,622:INFO:The '4' was the 2nd character
2018-12-15 23:19:41,622:INFO:

2018-12-15 23:19:41,623:INFO:The symbols in this password are: ['!']
2018-12-15 23:19:41,623:INFO:The '!' was the 5th character
2018-12-15 23:19:41,623:INFO:

2018-12-15 23:19:41,697:INFO:The length of 'T4st!ng' is 7
2018-12-15 23:19:41,698:INFO:As a list it looks like this ['T', '4', 's', 't', '!', 'n', 'g']
2018-12-15 23:19:41,698:INFO:The letters in this password are: ['T', 's', 't', 'n', 'g']
2018-12-15 23:19:41,699:INFO:The 'T' was the 1st character
2018-12-15 23:19:41,699:INFO:The 's' was the 3rd character
2018-12-15 23:19:41,700:INFO:The 't' was the 4th character
2018-12-15 23:19:41,700:INFO:The 'n' was the 6th character
2018-12-15 23:19:41,700:INFO:The 'g' was the 7th character
2018-12-15 23:19:41,700:INFO:

2018-12-15 23:19:41,701:INFO:The numbers in this password are: ['4']
2018-12-15 23:19:41,701:INFO:The '4' was the 2nd character
2018-12-15 23:19:41,702:INFO:

2018-12-15 23:19:41,702:INFO:The symbols in this password are: ['!']
2018-12-15 23:19:41,702:INFO:The '!' was the 5th character
2018-12-15 23:19:41,702:INFO:

2018-12-15 23:19:41,780:INFO:The length of 'T4st!ng' is 7
2018-12-15 23:19:41,781:INFO:As a list it looks like this ['T', '4', 's', 't', '!', 'n', 'g']
2018-12-15 23:19:41,781:INFO:The letters in this password are: ['T', 's', 't', 'n', 'g']
2018-12-15 23:19:41,782:INFO:The 'T' was the 1st character
2018-12-15 23:19:41,782:INFO:The 's' was the 3rd character
2018-12-15 23:19:41,782:INFO:The 't' was the 4th character
2018-12-15 23:19:41,783:INFO:The 'n' was the 6th character
2018-12-15 23:19:41,783:INFO:The 'g' was the 7th character
2018-12-15 23:19:41,783:INFO:

2018-12-15 23:19:41,784:INFO:The numbers in this password are: ['4']
2018-12-15 23:19:41,784:INFO:The '4' was the 2nd character
2018-12-15 23:19:41,784:INFO:

2018-12-15 23:19:41,785:INFO:The symbols in this password are: ['!']
2018-12-15 23:19:41,785:INFO:The '!' was the 5th character
2018-12-15 23:19:41,785:INFO:

2018-12-15 23:19:41,843:INFO:The length of 'T4st!ng' is 7
2018-12-15 23:19:41,844:INFO:As a list it looks like this ['T', '4', 's', 't', '!', 'n', 'g']
2018-12-15 23:19:41,844:INFO:The letters in this password are: ['T', 's', 't', 'n', 'g']
2018-12-15 23:19:41,845:INFO:The 'T' was the 1st character
2018-12-15 23:19:41,845:INFO:The 's' was the 3rd character
2018-12-15 23:19:41,845:INFO:The 't' was the 4th character
2018-12-15 23:19:41,846:INFO:The 'n' was the 6th character
2018-12-15 23:19:41,846:INFO:The 'g' was the 7th character
2018-12-15 23:19:41,846:INFO:

2018-12-15 23:19:41,847:INFO:The numbers in this password are: ['4']
2018-12-15 23:19:41,847:INFO:The '4' was the 2nd character
2018-12-15 23:19:41,847:INFO:

2018-12-15 23:19:41,848:INFO:The symbols in this password are: ['!']
2018-12-15 23:19:41,848:INFO:The '!' was the 5th character
2018-12-15 23:19:41,848:INFO:

2018-12-15 23:19:41,907:INFO:The length of 'T4st!ng' is 7
2018-12-15 23:19:41,907:INFO:As a list it looks like this ['T', '4', 's', 't', '!', 'n', 'g']
2018-12-15 23:19:41,908:INFO:The letters in this password are: ['T', 's', 't', 'n', 'g']
2018-12-15 23:19:41,908:INFO:The 'T' was the 1st character
2018-12-15 23:19:41,908:INFO:The 's' was the 3rd character
2018-12-15 23:19:41,908:INFO:The 't' was the 4th character
2018-12-15 23:19:41,909:INFO:The 'n' was the 6th character
2018-12-15 23:19:41,909:INFO:The 'g' was the 7th character
2018-12-15 23:19:41,909:INFO:

2018-12-15 23:19:41,910:INFO:The numbers in this password are: ['4']
2018-12-15 23:19:41,910:INFO:The '4' was the 2nd character
2018-12-15 23:19:41,910:INFO:

2018-12-15 23:19:41,911:INFO:The symbols in this password are: ['!']
2018-12-15 23:19:41,911:INFO:The '!' was the 5th character
2018-12-15 23:19:41,911:INFO:

2018-12-15 23:19:41,974:INFO:The length of 'T4st!ng' is 7
2018-12-15 23:19:41,975:INFO:As a list it looks like this ['T', '4', 's', 't', '!', 'n', 'g']
2018-12-15 23:19:41,976:INFO:The letters in this password are: ['T', 's', 't', 'n', 'g']
2018-12-15 23:19:41,976:INFO:The 'T' was the 1st character
2018-12-15 23:19:41,976:INFO:The 's' was the 3rd character
2018-12-15 23:19:41,976:INFO:The 't' was the 4th character
2018-12-15 23:19:41,977:INFO:The 'n' was the 6th character
2018-12-15 23:19:41,978:INFO:The 'g' was the 7th character
2018-12-15 23:19:41,978:INFO:

2018-12-15 23:19:41,979:INFO:The numbers in this password are: ['4']
2018-12-15 23:19:41,980:INFO:The '4' was the 2nd character
2018-12-15 23:19:41,980:INFO:

2018-12-15 23:19:41,981:INFO:The symbols in this password are: ['!']
2018-12-15 23:19:41,981:INFO:The '!' was the 5th character
2018-12-15 23:19:41,981:INFO:

2018-12-15 23:19:42,038:INFO:The length of 'T4st!ng' is 7
2018-12-15 23:19:42,039:INFO:As a list it looks like this ['T', '4', 's', 't', '!', 'n', 'g']
2018-12-15 23:19:42,039:INFO:The letters in this password are: ['T', 's', 't', 'n', 'g']
2018-12-15 23:19:42,040:INFO:The 'T' was the 1st character
2018-12-15 23:19:42,040:INFO:The 's' was the 3rd character
2018-12-15 23:19:42,040:INFO:The 't' was the 4th character
2018-12-15 23:19:42,040:INFO:The 'n' was the 6th character
2018-12-15 23:19:42,041:INFO:The 'g' was the 7th character
2018-12-15 23:19:42,041:INFO:

2018-12-15 23:19:42,042:INFO:The numbers in this password are: ['4']
2018-12-15 23:19:42,042:INFO:The '4' was the 2nd character
2018-12-15 23:19:42,042:INFO:

2018-12-15 23:19:42,043:INFO:The symbols in this password are: ['!']
2018-12-15 23:19:42,043:INFO:The '!' was the 5th character
2018-12-15 23:19:42,043:INFO:

2018-12-15 23:19:42,102:INFO:The length of 'T4st!ng' is 7
2018-12-15 23:19:42,103:INFO:As a list it looks like this ['T', '4', 's', 't', '!', 'n', 'g']
2018-12-15 23:19:42,103:INFO:The letters in this password are: ['T', 's', 't', 'n', 'g']
2018-12-15 23:19:42,103:INFO:The 'T' was the 1st character
2018-12-15 23:19:42,104:INFO:The 's' was the 3rd character
2018-12-15 23:19:42,104:INFO:The 't' was the 4th character
2018-12-15 23:19:42,104:INFO:The 'n' was the 6th character
2018-12-15 23:19:42,104:INFO:The 'g' was the 7th character
2018-12-15 23:19:42,106:INFO:

2018-12-15 23:19:42,107:INFO:The numbers in this password are: ['4']
2018-12-15 23:19:42,107:INFO:The '4' was the 2nd character
2018-12-15 23:19:42,107:INFO:

2018-12-15 23:19:42,108:INFO:The symbols in this password are: ['!']
2018-12-15 23:19:42,108:INFO:The '!' was the 5th character
2018-12-15 23:19:42,108:INFO:

2018-12-15 23:19:42,165:INFO:The length of 'T4st!ng' is 7
2018-12-15 23:19:42,166:INFO:As a list it looks like this ['T', '4', 's', 't', '!', 'n', 'g']
2018-12-15 23:19:42,166:INFO:The letters in this password are: ['T', 's', 't', 'n', 'g']
2018-12-15 23:19:42,166:INFO:The 'T' was the 1st character
2018-12-15 23:19:42,167:INFO:The 's' was the 3rd character
2018-12-15 23:19:42,167:INFO:The 't' was the 4th character
2018-12-15 23:19:42,167:INFO:The 'n' was the 6th character
2018-12-15 23:19:42,167:INFO:The 'g' was the 7th character
2018-12-15 23:19:42,168:INFO:

2018-12-15 23:19:42,169:INFO:The numbers in this password are: ['4']
2018-12-15 23:19:42,170:INFO:The '4' was the 2nd character
2018-12-15 23:19:42,170:INFO:

2018-12-15 23:19:42,171:INFO:The symbols in this password are: ['!']
2018-12-15 23:19:42,172:INFO:The '!' was the 5th character
2018-12-15 23:19:42,172:INFO:

2018-12-15 23:19:42,232:INFO:The length of 'T4st!ng' is 7
2018-12-15 23:19:42,232:INFO:As a list it looks like this ['T', '4', 's', 't', '!', 'n', 'g']
2018-12-15 23:19:42,233:INFO:The letters in this password are: ['T', 's', 't', 'n', 'g']
2018-12-15 23:19:42,233:INFO:The 'T' was the 1st character
2018-12-15 23:19:42,233:INFO:The 's' was the 3rd character
2018-12-15 23:19:42,234:INFO:The 't' was the 4th character
2018-12-15 23:19:42,234:INFO:The 'n' was the 6th character
2018-12-15 23:19:42,234:INFO:The 'g' was the 7th character
2018-12-15 23:19:42,234:INFO:

2018-12-15 23:19:42,235:INFO:The numbers in this password are: ['4']
2018-12-15 23:19:42,235:INFO:The '4' was the 2nd character
2018-12-15 23:19:42,235:INFO:

2018-12-15 23:19:42,236:INFO:The symbols in this password are: ['!']
2018-12-15 23:19:42,236:INFO:The '!' was the 5th character
2018-12-15 23:19:42,237:INFO:

2018-12-15 23:19:42,295:INFO:The length of 'T4st!ng' is 7
2018-12-15 23:19:42,296:INFO:As a list it looks like this ['T', '4', 's', 't', '!', 'n', 'g']
2018-12-15 23:19:42,296:INFO:The letters in this password are: ['T', 's', 't', 'n', 'g']
2018-12-15 23:19:42,297:INFO:The 'T' was the 1st character
2018-12-15 23:19:42,297:INFO:The 's' was the 3rd character
2018-12-15 23:19:42,297:INFO:The 't' was the 4th character
2018-12-15 23:19:42,298:INFO:The 'n' was the 6th character
2018-12-15 23:19:42,298:INFO:The 'g' was the 7th character
2018-12-15 23:19:42,298:INFO:

2018-12-15 23:19:42,299:INFO:The numbers in this password are: ['4']
2018-12-15 23:19:42,299:INFO:The '4' was the 2nd character
2018-12-15 23:19:42,299:INFO:

2018-12-15 23:19:42,300:INFO:The symbols in this password are: ['!']
2018-12-15 23:19:42,300:INFO:The '!' was the 5th character
2018-12-15 23:19:42,300:INFO:

2018-12-15 23:19:42,363:INFO:The length of 'T4st!ng' is 7
2018-12-15 23:19:42,363:INFO:As a list it looks like this ['T', '4', 's', 't', '!', 'n', 'g']
2018-12-15 23:19:42,364:INFO:The letters in this password are: ['T', 's', 't', 'n', 'g']
2018-12-15 23:19:42,364:INFO:The 'T' was the 1st character
2018-12-15 23:19:42,364:INFO:The 's' was the 3rd character
2018-12-15 23:19:42,365:INFO:The 't' was the 4th character
2018-12-15 23:19:42,365:INFO:The 'n' was the 6th character
2018-12-15 23:19:42,366:INFO:The 'g' was the 7th character
2018-12-15 23:19:42,366:INFO:

2018-12-15 23:19:42,367:INFO:The numbers in this password are: ['4']
2018-12-15 23:19:42,367:INFO:The '4' was the 2nd character
2018-12-15 23:19:42,367:INFO:

2018-12-15 23:19:42,368:INFO:The symbols in this password are: ['!']
2018-12-15 23:19:42,368:INFO:The '!' was the 5th character
2018-12-15 23:19:42,369:INFO:

2018-12-15 23:19:42,430:INFO:The length of 'T4st!ng' is 7
2018-12-15 23:19:42,430:INFO:As a list it looks like this ['T', '4', 's', 't', '!', 'n', 'g']
2018-12-15 23:19:42,431:INFO:The letters in this password are: ['T', 's', 't', 'n', 'g']
2018-12-15 23:19:42,431:INFO:The 'T' was the 1st character
2018-12-15 23:19:42,431:INFO:The 's' was the 3rd character
2018-12-15 23:19:42,432:INFO:The 't' was the 4th character
2018-12-15 23:19:42,432:INFO:The 'n' was the 6th character
2018-12-15 23:19:42,432:INFO:The 'g' was the 7th character
2018-12-15 23:19:42,433:INFO:

2018-12-15 23:19:42,433:INFO:The numbers in this password are: ['4']
2018-12-15 23:19:42,433:INFO:The '4' was the 2nd character
2018-12-15 23:19:42,434:INFO:

2018-12-15 23:19:42,435:INFO:The symbols in this password are: ['!']
2018-12-15 23:19:42,435:INFO:The '!' was the 5th character
2018-12-15 23:19:42,435:INFO:

2018-12-15 23:19:42,494:INFO:The length of 'T4st!ng' is 7
2018-12-15 23:19:42,495:INFO:As a list it looks like this ['T', '4', 's', 't', '!', 'n', 'g']
2018-12-15 23:19:42,496:INFO:The letters in this password are: ['T', 's', 't', 'n', 'g']
2018-12-15 23:19:42,496:INFO:The 'T' was the 1st character
2018-12-15 23:19:42,496:INFO:The 's' was the 3rd character
2018-12-15 23:19:42,497:INFO:The 't' was the 4th character
2018-12-15 23:19:42,497:INFO:The 'n' was the 6th character
2018-12-15 23:19:42,497:INFO:The 'g' was the 7th character
2018-12-15 23:19:42,497:INFO:

2018-12-15 23:19:42,498:INFO:The numbers in this password are: ['4']
2018-12-15 23:19:42,499:INFO:The '4' was the 2nd character
2018-12-15 23:19:42,499:INFO:

2018-12-15 23:19:42,500:INFO:The symbols in this password are: ['!']
2018-12-15 23:19:42,500:INFO:The '!' was the 5th character
2018-12-15 23:19:42,500:INFO:

2018-12-15 23:19:42,564:INFO:The length of 'T4st!ng' is 7
2018-12-15 23:19:42,565:INFO:As a list it looks like this ['T', '4', 's', 't', '!', 'n', 'g']
2018-12-15 23:19:42,565:INFO:The letters in this password are: ['T', 's', 't', 'n', 'g']
2018-12-15 23:19:42,565:INFO:The 'T' was the 1st character
2018-12-15 23:19:42,566:INFO:The 's' was the 3rd character
2018-12-15 23:19:42,566:INFO:The 't' was the 4th character
2018-12-15 23:19:42,566:INFO:The 'n' was the 6th character
2018-12-15 23:19:42,567:INFO:The 'g' was the 7th character
2018-12-15 23:19:42,567:INFO:

2018-12-15 23:19:42,568:INFO:The numbers in this password are: ['4']
2018-12-15 23:19:42,568:INFO:The '4' was the 2nd character
2018-12-15 23:19:42,568:INFO:

2018-12-15 23:19:42,569:INFO:The symbols in this password are: ['!']
2018-12-15 23:19:42,569:INFO:The '!' was the 5th character
2018-12-15 23:19:42,569:INFO:

2018-12-15 23:19:42,625:INFO:The length of 'T4st!ng' is 7
2018-12-15 23:19:42,626:INFO:As a list it looks like this ['T', '4', 's', 't', '!', 'n', 'g']
2018-12-15 23:19:42,627:INFO:The letters in this password are: ['T', 's', 't', 'n', 'g']
2018-12-15 23:19:42,627:INFO:The 'T' was the 1st character
2018-12-15 23:19:42,627:INFO:The 's' was the 3rd character
2018-12-15 23:19:42,628:INFO:The 't' was the 4th character
2018-12-15 23:19:42,628:INFO:The 'n' was the 6th character
2018-12-15 23:19:42,628:INFO:The 'g' was the 7th character
2018-12-15 23:19:42,629:INFO:

2018-12-15 23:19:42,629:INFO:The numbers in this password are: ['4']
2018-12-15 23:19:42,629:INFO:The '4' was the 2nd character
2018-12-15 23:19:42,630:INFO:

2018-12-15 23:19:42,630:INFO:The symbols in this password are: ['!']
2018-12-15 23:19:42,630:INFO:The '!' was the 5th character
2018-12-15 23:19:42,631:INFO:

2018-12-15 23:19:42,698:INFO:The length of 'T4st!ng' is 7
2018-12-15 23:19:42,698:INFO:As a list it looks like this ['T', '4', 's', 't', '!', 'n', 'g']
2018-12-15 23:19:42,699:INFO:The letters in this password are: ['T', 's', 't', 'n', 'g']
2018-12-15 23:19:42,699:INFO:The 'T' was the 1st character
2018-12-15 23:19:42,700:INFO:The 's' was the 3rd character
2018-12-15 23:19:42,700:INFO:The 't' was the 4th character
2018-12-15 23:19:42,700:INFO:The 'n' was the 6th character
2018-12-15 23:19:42,700:INFO:The 'g' was the 7th character
2018-12-15 23:19:42,701:INFO:

2018-12-15 23:19:42,701:INFO:The numbers in this password are: ['4']
2018-12-15 23:19:42,701:INFO:The '4' was the 2nd character
2018-12-15 23:19:42,701:INFO:

2018-12-15 23:19:42,702:INFO:The symbols in this password are: ['!']
2018-12-15 23:19:42,702:INFO:The '!' was the 5th character
2018-12-15 23:19:42,702:INFO:

2018-12-15 23:19:42,764:INFO:The length of 'T4st!ng' is 7
2018-12-15 23:19:42,764:INFO:As a list it looks like this ['T', '4', 's', 't', '!', 'n', 'g']
2018-12-15 23:19:42,765:INFO:The letters in this password are: ['T', 's', 't', 'n', 'g']
2018-12-15 23:19:42,765:INFO:The 'T' was the 1st character
2018-12-15 23:19:42,765:INFO:The 's' was the 3rd character
2018-12-15 23:19:42,766:INFO:The 't' was the 4th character
2018-12-15 23:19:42,766:INFO:The 'n' was the 6th character
2018-12-15 23:19:42,766:INFO:The 'g' was the 7th character
2018-12-15 23:19:42,766:INFO:

2018-12-15 23:19:42,767:INFO:The numbers in this password are: ['4']
2018-12-15 23:19:42,767:INFO:The '4' was the 2nd character
2018-12-15 23:19:42,767:INFO:

2018-12-15 23:19:42,768:INFO:The symbols in this password are: ['!']
2018-12-15 23:19:42,768:INFO:The '!' was the 5th character
2018-12-15 23:19:42,768:INFO:

2018-12-15 23:19:42,824:INFO:The length of 'T4st!ng' is 7
2018-12-15 23:19:42,825:INFO:As a list it looks like this ['T', '4', 's', 't', '!', 'n', 'g']
2018-12-15 23:19:42,825:INFO:The letters in this password are: ['T', 's', 't', 'n', 'g']
2018-12-15 23:19:42,825:INFO:The 'T' was the 1st character
2018-12-15 23:19:42,826:INFO:The 's' was the 3rd character
2018-12-15 23:19:42,826:INFO:The 't' was the 4th character
2018-12-15 23:19:42,826:INFO:The 'n' was the 6th character
2018-12-15 23:19:42,827:INFO:The 'g' was the 7th character
2018-12-15 23:19:42,827:INFO:

2018-12-15 23:19:42,828:INFO:The numbers in this password are: ['4']
2018-12-15 23:19:42,828:INFO:The '4' was the 2nd character
2018-12-15 23:19:42,829:INFO:

2018-12-15 23:19:42,831:INFO:The symbols in this password are: ['!']
2018-12-15 23:19:42,831:INFO:The '!' was the 5th character
2018-12-15 23:19:42,831:INFO:

2018-12-15 23:19:42,891:INFO:The length of 'T4st!ng' is 7
2018-12-15 23:19:42,892:INFO:As a list it looks like this ['T', '4', 's', 't', '!', 'n', 'g']
2018-12-15 23:19:42,893:INFO:The letters in this password are: ['T', 's', 't', 'n', 'g']
2018-12-15 23:19:42,894:INFO:The 'T' was the 1st character
2018-12-15 23:19:42,894:INFO:The 's' was the 3rd character
2018-12-15 23:19:42,894:INFO:The 't' was the 4th character
2018-12-15 23:19:42,895:INFO:The 'n' was the 6th character
2018-12-15 23:19:42,895:INFO:The 'g' was the 7th character
2018-12-15 23:19:42,895:INFO:

2018-12-15 23:19:42,896:INFO:The numbers in this password are: ['4']
2018-12-15 23:19:42,896:INFO:The '4' was the 2nd character
2018-12-15 23:19:42,896:INFO:

2018-12-15 23:19:42,897:INFO:The symbols in this password are: ['!']
2018-12-15 23:19:42,897:INFO:The '!' was the 5th character
2018-12-15 23:19:42,897:INFO:

2018-12-15 23:19:42,959:INFO:The length of 'T4st!ng' is 7
2018-12-15 23:19:42,959:INFO:As a list it looks like this ['T', '4', 's', 't', '!', 'n', 'g']
2018-12-15 23:19:42,960:INFO:The letters in this password are: ['T', 's', 't', 'n', 'g']
2018-12-15 23:19:42,961:INFO:The 'T' was the 1st character
2018-12-15 23:19:42,961:INFO:The 's' was the 3rd character
2018-12-15 23:19:42,962:INFO:The 't' was the 4th character
2018-12-15 23:19:42,962:INFO:The 'n' was the 6th character
2018-12-15 23:19:42,963:INFO:The 'g' was the 7th character
2018-12-15 23:19:42,963:INFO:

2018-12-15 23:19:42,964:INFO:The numbers in this password are: ['4']
2018-12-15 23:19:42,964:INFO:The '4' was the 2nd character
2018-12-15 23:19:42,964:INFO:

2018-12-15 23:19:42,965:INFO:The symbols in this password are: ['!']
2018-12-15 23:19:42,965:INFO:The '!' was the 5th character
2018-12-15 23:19:42,966:INFO:

2018-12-15 23:19:43,024:INFO:The length of 'T4st!ng' is 7
2018-12-15 23:19:43,025:INFO:As a list it looks like this ['T', '4', 's', 't', '!', 'n', 'g']
2018-12-15 23:19:43,025:INFO:The letters in this password are: ['T', 's', 't', 'n', 'g']
2018-12-15 23:19:43,026:INFO:The 'T' was the 1st character
2018-12-15 23:19:43,026:INFO:The 's' was the 3rd character
2018-12-15 23:19:43,026:INFO:The 't' was the 4th character
2018-12-15 23:19:43,027:INFO:The 'n' was the 6th character
2018-12-15 23:19:43,027:INFO:The 'g' was the 7th character
2018-12-15 23:19:43,028:INFO:

2018-12-15 23:19:43,028:INFO:The numbers in this password are: ['4']
2018-12-15 23:19:43,029:INFO:The '4' was the 2nd character
2018-12-15 23:19:43,029:INFO:

2018-12-15 23:19:43,030:INFO:The symbols in this password are: ['!']
2018-12-15 23:19:43,030:INFO:The '!' was the 5th character
2018-12-15 23:19:43,030:INFO:

2018-12-15 23:19:43,090:INFO:The length of 'T4st!ng' is 7
2018-12-15 23:19:43,091:INFO:As a list it looks like this ['T', '4', 's', 't', '!', 'n', 'g']
2018-12-15 23:19:43,091:INFO:The letters in this password are: ['T', 's', 't', 'n', 'g']
2018-12-15 23:19:43,092:INFO:The 'T' was the 1st character
2018-12-15 23:19:43,092:INFO:The 's' was the 3rd character
2018-12-15 23:19:43,092:INFO:The 't' was the 4th character
2018-12-15 23:19:43,092:INFO:The 'n' was the 6th character
2018-12-15 23:19:43,093:INFO:The 'g' was the 7th character
2018-12-15 23:19:43,094:INFO:

2018-12-15 23:19:43,094:INFO:The numbers in this password are: ['4']
2018-12-15 23:19:43,095:INFO:The '4' was the 2nd character
2018-12-15 23:19:43,095:INFO:

2018-12-15 23:19:43,095:INFO:The symbols in this password are: ['!']
2018-12-15 23:19:43,096:INFO:The '!' was the 5th character
2018-12-15 23:19:43,096:INFO:

2018-12-15 23:19:43,153:INFO:The length of 'T4st!ng' is 7
2018-12-15 23:19:43,153:INFO:As a list it looks like this ['T', '4', 's', 't', '!', 'n', 'g']
2018-12-15 23:19:43,154:INFO:The letters in this password are: ['T', 's', 't', 'n', 'g']
2018-12-15 23:19:43,154:INFO:The 'T' was the 1st character
2018-12-15 23:19:43,154:INFO:The 's' was the 3rd character
2018-12-15 23:19:43,155:INFO:The 't' was the 4th character
2018-12-15 23:19:43,155:INFO:The 'n' was the 6th character
2018-12-15 23:19:43,155:INFO:The 'g' was the 7th character
2018-12-15 23:19:43,156:INFO:

2018-12-15 23:19:43,156:INFO:The numbers in this password are: ['4']
2018-12-15 23:19:43,157:INFO:The '4' was the 2nd character
2018-12-15 23:19:43,157:INFO:

2018-12-15 23:19:43,157:INFO:The symbols in this password are: ['!']
2018-12-15 23:19:43,158:INFO:The '!' was the 5th character
2018-12-15 23:19:43,158:INFO:

2018-12-15 23:19:43,217:INFO:The length of 'T4st!ng' is 7
2018-12-15 23:19:43,218:INFO:As a list it looks like this ['T', '4', 's', 't', '!', 'n', 'g']
2018-12-15 23:19:43,219:INFO:The letters in this password are: ['T', 's', 't', 'n', 'g']
2018-12-15 23:19:43,219:INFO:The 'T' was the 1st character
2018-12-15 23:19:43,219:INFO:The 's' was the 3rd character
2018-12-15 23:19:43,219:INFO:The 't' was the 4th character
2018-12-15 23:19:43,220:INFO:The 'n' was the 6th character
2018-12-15 23:19:43,220:INFO:The 'g' was the 7th character
2018-12-15 23:19:43,220:INFO:

2018-12-15 23:19:43,221:INFO:The numbers in this password are: ['4']
2018-12-15 23:19:43,221:INFO:The '4' was the 2nd character
2018-12-15 23:19:43,221:INFO:

2018-12-15 23:19:43,222:INFO:The symbols in this password are: ['!']
2018-12-15 23:19:43,222:INFO:The '!' was the 5th character
2018-12-15 23:19:43,222:INFO:

2018-12-15 23:19:43,281:INFO:The length of 'T4st!ng' is 7
2018-12-15 23:19:43,281:INFO:As a list it looks like this ['T', '4', 's', 't', '!', 'n', 'g']
2018-12-15 23:19:43,282:INFO:The letters in this password are: ['T', 's', 't', 'n', 'g']
2018-12-15 23:19:43,282:INFO:The 'T' was the 1st character
2018-12-15 23:19:43,282:INFO:The 's' was the 3rd character
2018-12-15 23:19:43,283:INFO:The 't' was the 4th character
2018-12-15 23:19:43,283:INFO:The 'n' was the 6th character
2018-12-15 23:19:43,283:INFO:The 'g' was the 7th character
2018-12-15 23:19:43,284:INFO:

2018-12-15 23:19:43,284:INFO:The numbers in this password are: ['4']
2018-12-15 23:19:43,284:INFO:The '4' was the 2nd character
2018-12-15 23:19:43,284:INFO:

2018-12-15 23:19:43,285:INFO:The symbols in this password are: ['!']
2018-12-15 23:19:43,285:INFO:The '!' was the 5th character
2018-12-15 23:19:43,285:INFO:

2018-12-15 23:19:43,342:INFO:The length of 'T4st!ng' is 7
2018-12-15 23:19:43,342:INFO:As a list it looks like this ['T', '4', 's', 't', '!', 'n', 'g']
2018-12-15 23:19:43,343:INFO:The letters in this password are: ['T', 's', 't', 'n', 'g']
2018-12-15 23:19:43,343:INFO:The 'T' was the 1st character
2018-12-15 23:19:43,343:INFO:The 's' was the 3rd character
2018-12-15 23:19:43,344:INFO:The 't' was the 4th character
2018-12-15 23:19:43,344:INFO:The 'n' was the 6th character
2018-12-15 23:19:43,344:INFO:The 'g' was the 7th character
2018-12-15 23:19:43,345:INFO:

2018-12-15 23:19:43,345:INFO:The numbers in this password are: ['4']
2018-12-15 23:19:43,345:INFO:The '4' was the 2nd character
2018-12-15 23:19:43,346:INFO:

2018-12-15 23:19:43,347:INFO:The symbols in this password are: ['!']
2018-12-15 23:19:43,347:INFO:The '!' was the 5th character
2018-12-15 23:19:43,347:INFO:

2018-12-15 23:19:43,407:INFO:The length of 'T4st!ng' is 7
2018-12-15 23:19:43,407:INFO:As a list it looks like this ['T', '4', 's', 't', '!', 'n', 'g']
2018-12-15 23:19:43,408:INFO:The letters in this password are: ['T', 's', 't', 'n', 'g']
2018-12-15 23:19:43,408:INFO:The 'T' was the 1st character
2018-12-15 23:19:43,408:INFO:The 's' was the 3rd character
2018-12-15 23:19:43,409:INFO:The 't' was the 4th character
2018-12-15 23:19:43,409:INFO:The 'n' was the 6th character
2018-12-15 23:19:43,409:INFO:The 'g' was the 7th character
2018-12-15 23:19:43,409:INFO:

2018-12-15 23:19:43,410:INFO:The numbers in this password are: ['4']
2018-12-15 23:19:43,410:INFO:The '4' was the 2nd character
2018-12-15 23:19:43,410:INFO:

2018-12-15 23:19:43,411:INFO:The symbols in this password are: ['!']
2018-12-15 23:19:43,411:INFO:The '!' was the 5th character
2018-12-15 23:19:43,411:INFO:

2018-12-15 23:19:43,473:INFO:The length of 'T4st!ng' is 7
2018-12-15 23:19:43,473:INFO:As a list it looks like this ['T', '4', 's', 't', '!', 'n', 'g']
2018-12-15 23:19:43,474:INFO:The letters in this password are: ['T', 's', 't', 'n', 'g']
2018-12-15 23:19:43,475:INFO:The 'T' was the 1st character
2018-12-15 23:19:43,475:INFO:The 's' was the 3rd character
2018-12-15 23:19:43,476:INFO:The 't' was the 4th character
2018-12-15 23:19:43,476:INFO:The 'n' was the 6th character
2018-12-15 23:19:43,478:INFO:The 'g' was the 7th character
2018-12-15 23:19:43,479:INFO:

2018-12-15 23:19:43,480:INFO:The numbers in this password are: ['4']
2018-12-15 23:19:43,480:INFO:The '4' was the 2nd character
2018-12-15 23:19:43,481:INFO:

2018-12-15 23:19:43,484:INFO:The symbols in this password are: ['!']
2018-12-15 23:19:43,484:INFO:The '!' was the 5th character
2018-12-15 23:19:43,485:INFO:

2018-12-15 23:19:43,543:INFO:The length of 'T4st!ng' is 7
2018-12-15 23:19:43,544:INFO:As a list it looks like this ['T', '4', 's', 't', '!', 'n', 'g']
2018-12-15 23:19:43,544:INFO:The letters in this password are: ['T', 's', 't', 'n', 'g']
2018-12-15 23:19:43,545:INFO:The 'T' was the 1st character
2018-12-15 23:19:43,545:INFO:The 's' was the 3rd character
2018-12-15 23:19:43,546:INFO:The 't' was the 4th character
2018-12-15 23:19:43,546:INFO:The 'n' was the 6th character
2018-12-15 23:19:43,546:INFO:The 'g' was the 7th character
2018-12-15 23:19:43,547:INFO:

2018-12-15 23:19:43,547:INFO:The numbers in this password are: ['4']
2018-12-15 23:19:43,548:INFO:The '4' was the 2nd character
2018-12-15 23:19:43,548:INFO:

2018-12-15 23:19:43,548:INFO:The symbols in this password are: ['!']
2018-12-15 23:19:43,549:INFO:The '!' was the 5th character
2018-12-15 23:19:43,549:INFO:

2018-12-15 23:19:43,609:INFO:The length of 'T4st!ng' is 7
2018-12-15 23:19:43,609:INFO:As a list it looks like this ['T', '4', 's', 't', '!', 'n', 'g']
2018-12-15 23:19:43,610:INFO:The letters in this password are: ['T', 's', 't', 'n', 'g']
2018-12-15 23:19:43,610:INFO:The 'T' was the 1st character
2018-12-15 23:19:43,610:INFO:The 's' was the 3rd character
2018-12-15 23:19:43,610:INFO:The 't' was the 4th character
2018-12-15 23:19:43,611:INFO:The 'n' was the 6th character
2018-12-15 23:19:43,611:INFO:The 'g' was the 7th character
2018-12-15 23:19:43,611:INFO:

2018-12-15 23:19:43,612:INFO:The numbers in this password are: ['4']
2018-12-15 23:19:43,612:INFO:The '4' was the 2nd character
2018-12-15 23:19:43,612:INFO:

2018-12-15 23:19:43,613:INFO:The symbols in this password are: ['!']
2018-12-15 23:19:43,613:INFO:The '!' was the 5th character
2018-12-15 23:19:43,613:INFO:

2018-12-15 23:19:43,676:INFO:The length of 'T4st!ng' is 7
2018-12-15 23:19:43,676:INFO:As a list it looks like this ['T', '4', 's', 't', '!', 'n', 'g']
2018-12-15 23:19:43,678:INFO:The letters in this password are: ['T', 's', 't', 'n', 'g']
2018-12-15 23:19:43,679:INFO:The 'T' was the 1st character
2018-12-15 23:19:43,679:INFO:The 's' was the 3rd character
2018-12-15 23:19:43,679:INFO:The 't' was the 4th character
2018-12-15 23:19:43,680:INFO:The 'n' was the 6th character
2018-12-15 23:19:43,680:INFO:The 'g' was the 7th character
2018-12-15 23:19:43,681:INFO:

2018-12-15 23:19:43,682:INFO:The numbers in this password are: ['4']
2018-12-15 23:19:43,682:INFO:The '4' was the 2nd character
2018-12-15 23:19:43,682:INFO:

2018-12-15 23:19:43,683:INFO:The symbols in this password are: ['!']
2018-12-15 23:19:43,683:INFO:The '!' was the 5th character
2018-12-15 23:19:43,683:INFO:

2018-12-15 23:19:43,744:INFO:The length of 'T4st!ng' is 7
2018-12-15 23:19:43,745:INFO:As a list it looks like this ['T', '4', 's', 't', '!', 'n', 'g']
2018-12-15 23:19:43,745:INFO:The letters in this password are: ['T', 's', 't', 'n', 'g']
2018-12-15 23:19:43,746:INFO:The 'T' was the 1st character
2018-12-15 23:19:43,746:INFO:The 's' was the 3rd character
2018-12-15 23:19:43,747:INFO:The 't' was the 4th character
2018-12-15 23:19:43,747:INFO:The 'n' was the 6th character
2018-12-15 23:19:43,747:INFO:The 'g' was the 7th character
2018-12-15 23:19:43,748:INFO:

2018-12-15 23:19:43,748:INFO:The numbers in this password are: ['4']
2018-12-15 23:19:43,748:INFO:The '4' was the 2nd character
2018-12-15 23:19:43,749:INFO:

2018-12-15 23:19:43,749:INFO:The symbols in this password are: ['!']
2018-12-15 23:19:43,750:INFO:The '!' was the 5th character
2018-12-15 23:19:43,750:INFO:

2018-12-15 23:19:43,810:INFO:The length of 'T4st!ng' is 7
2018-12-15 23:19:43,811:INFO:As a list it looks like this ['T', '4', 's', 't', '!', 'n', 'g']
2018-12-15 23:19:43,811:INFO:The letters in this password are: ['T', 's', 't', 'n', 'g']
2018-12-15 23:19:43,811:INFO:The 'T' was the 1st character
2018-12-15 23:19:43,812:INFO:The 's' was the 3rd character
2018-12-15 23:19:43,812:INFO:The 't' was the 4th character
2018-12-15 23:19:43,812:INFO:The 'n' was the 6th character
2018-12-15 23:19:43,812:INFO:The 'g' was the 7th character
2018-12-15 23:19:43,813:INFO:

2018-12-15 23:19:43,813:INFO:The numbers in this password are: ['4']
2018-12-15 23:19:43,813:INFO:The '4' was the 2nd character
2018-12-15 23:19:43,814:INFO:

2018-12-15 23:19:43,814:INFO:The symbols in this password are: ['!']
2018-12-15 23:19:43,814:INFO:The '!' was the 5th character
2018-12-15 23:19:43,815:INFO:

2018-12-15 23:19:43,878:INFO:The length of 'T4st!ng' is 7
2018-12-15 23:19:43,878:INFO:As a list it looks like this ['T', '4', 's', 't', '!', 'n', 'g']
2018-12-15 23:19:43,879:INFO:The letters in this password are: ['T', 's', 't', 'n', 'g']
2018-12-15 23:19:43,880:INFO:The 'T' was the 1st character
2018-12-15 23:19:43,880:INFO:The 's' was the 3rd character
2018-12-15 23:19:43,880:INFO:The 't' was the 4th character
2018-12-15 23:19:43,880:INFO:The 'n' was the 6th character
2018-12-15 23:19:43,881:INFO:The 'g' was the 7th character
2018-12-15 23:19:43,881:INFO:

2018-12-15 23:19:43,882:INFO:The numbers in this password are: ['4']
2018-12-15 23:19:43,882:INFO:The '4' was the 2nd character
2018-12-15 23:19:43,882:INFO:

2018-12-15 23:19:43,883:INFO:The symbols in this password are: ['!']
2018-12-15 23:19:43,883:INFO:The '!' was the 5th character
2018-12-15 23:19:43,883:INFO:

2018-12-15 23:19:43,941:INFO:The length of 'T4st!ng' is 7
2018-12-15 23:19:43,942:INFO:As a list it looks like this ['T', '4', 's', 't', '!', 'n', 'g']
2018-12-15 23:19:43,942:INFO:The letters in this password are: ['T', 's', 't', 'n', 'g']
2018-12-15 23:19:43,943:INFO:The 'T' was the 1st character
2018-12-15 23:19:43,943:INFO:The 's' was the 3rd character
2018-12-15 23:19:43,944:INFO:The 't' was the 4th character
2018-12-15 23:19:43,944:INFO:The 'n' was the 6th character
2018-12-15 23:19:43,944:INFO:The 'g' was the 7th character
2018-12-15 23:19:43,944:INFO:

2018-12-15 23:19:43,945:INFO:The numbers in this password are: ['4']
2018-12-15 23:19:43,945:INFO:The '4' was the 2nd character
2018-12-15 23:19:43,946:INFO:

2018-12-15 23:19:43,946:INFO:The symbols in this password are: ['!']
2018-12-15 23:19:43,946:INFO:The '!' was the 5th character
2018-12-15 23:19:43,947:INFO:

2018-12-15 23:19:44,008:INFO:The length of 'T4st!ng' is 7
2018-12-15 23:19:44,008:INFO:As a list it looks like this ['T', '4', 's', 't', '!', 'n', 'g']
2018-12-15 23:19:44,009:INFO:The letters in this password are: ['T', 's', 't', 'n', 'g']
2018-12-15 23:19:44,009:INFO:The 'T' was the 1st character
2018-12-15 23:19:44,009:INFO:The 's' was the 3rd character
2018-12-15 23:19:44,010:INFO:The 't' was the 4th character
2018-12-15 23:19:44,010:INFO:The 'n' was the 6th character
2018-12-15 23:19:44,010:INFO:The 'g' was the 7th character
2018-12-15 23:19:44,010:INFO:

2018-12-15 23:19:44,011:INFO:The numbers in this password are: ['4']
2018-12-15 23:19:44,011:INFO:The '4' was the 2nd character
2018-12-15 23:19:44,011:INFO:

2018-12-15 23:19:44,012:INFO:The symbols in this password are: ['!']
2018-12-15 23:19:44,012:INFO:The '!' was the 5th character
2018-12-15 23:19:44,013:INFO:

2018-12-15 23:19:44,081:INFO:The length of 'T4st!ng' is 7
2018-12-15 23:19:44,081:INFO:As a list it looks like this ['T', '4', 's', 't', '!', 'n', 'g']
2018-12-15 23:19:44,082:INFO:The letters in this password are: ['T', 's', 't', 'n', 'g']
2018-12-15 23:19:44,082:INFO:The 'T' was the 1st character
2018-12-15 23:19:44,082:INFO:The 's' was the 3rd character
2018-12-15 23:19:44,082:INFO:The 't' was the 4th character
2018-12-15 23:19:44,083:INFO:The 'n' was the 6th character
2018-12-15 23:19:44,083:INFO:The 'g' was the 7th character
2018-12-15 23:19:44,083:INFO:

2018-12-15 23:19:44,084:INFO:The numbers in this password are: ['4']
2018-12-15 23:19:44,084:INFO:The '4' was the 2nd character
2018-12-15 23:19:44,084:INFO:

2018-12-15 23:19:44,085:INFO:The symbols in this password are: ['!']
2018-12-15 23:19:44,085:INFO:The '!' was the 5th character
2018-12-15 23:19:44,085:INFO:

2018-12-15 23:19:44,147:INFO:The length of 'T4st!ng' is 7
2018-12-15 23:19:44,148:INFO:As a list it looks like this ['T', '4', 's', 't', '!', 'n', 'g']
2018-12-15 23:19:44,148:INFO:The letters in this password are: ['T', 's', 't', 'n', 'g']
2018-12-15 23:19:44,149:INFO:The 'T' was the 1st character
2018-12-15 23:19:44,149:INFO:The 's' was the 3rd character
2018-12-15 23:19:44,149:INFO:The 't' was the 4th character
2018-12-15 23:19:44,149:INFO:The 'n' was the 6th character
2018-12-15 23:19:44,150:INFO:The 'g' was the 7th character
2018-12-15 23:19:44,150:INFO:

2018-12-15 23:19:44,151:INFO:The numbers in this password are: ['4']
2018-12-15 23:19:44,151:INFO:The '4' was the 2nd character
2018-12-15 23:19:44,151:INFO:

2018-12-15 23:19:44,152:INFO:The symbols in this password are: ['!']
2018-12-15 23:19:44,152:INFO:The '!' was the 5th character
2018-12-15 23:19:44,152:INFO:

2018-12-15 23:19:44,213:INFO:The length of 'T4st!ng' is 7
2018-12-15 23:19:44,214:INFO:As a list it looks like this ['T', '4', 's', 't', '!', 'n', 'g']
2018-12-15 23:19:44,214:INFO:The letters in this password are: ['T', 's', 't', 'n', 'g']
2018-12-15 23:19:44,214:INFO:The 'T' was the 1st character
2018-12-15 23:19:44,215:INFO:The 's' was the 3rd character
2018-12-15 23:19:44,215:INFO:The 't' was the 4th character
2018-12-15 23:19:44,215:INFO:The 'n' was the 6th character
2018-12-15 23:19:44,215:INFO:The 'g' was the 7th character
2018-12-15 23:19:44,216:INFO:

2018-12-15 23:19:44,216:INFO:The numbers in this password are: ['4']
2018-12-15 23:19:44,217:INFO:The '4' was the 2nd character
2018-12-15 23:19:44,217:INFO:

2018-12-15 23:19:44,217:INFO:The symbols in this password are: ['!']
2018-12-15 23:19:44,217:INFO:The '!' was the 5th character
2018-12-15 23:19:44,218:INFO:

2018-12-15 23:19:44,280:INFO:The length of 'T4st!ng' is 7
2018-12-15 23:19:44,280:INFO:As a list it looks like this ['T', '4', 's', 't', '!', 'n', 'g']
2018-12-15 23:19:44,281:INFO:The letters in this password are: ['T', 's', 't', 'n', 'g']
2018-12-15 23:19:44,281:INFO:The 'T' was the 1st character
2018-12-15 23:19:44,282:INFO:The 's' was the 3rd character
2018-12-15 23:19:44,282:INFO:The 't' was the 4th character
2018-12-15 23:19:44,282:INFO:The 'n' was the 6th character
2018-12-15 23:19:44,283:INFO:The 'g' was the 7th character
2018-12-15 23:19:44,283:INFO:

2018-12-15 23:19:44,284:INFO:The numbers in this password are: ['4']
2018-12-15 23:19:44,284:INFO:The '4' was the 2nd character
2018-12-15 23:19:44,284:INFO:

2018-12-15 23:19:44,285:INFO:The symbols in this password are: ['!']
2018-12-15 23:19:44,285:INFO:The '!' was the 5th character
2018-12-15 23:19:44,285:INFO:

2018-12-15 23:19:44,348:INFO:The length of 'T4st!ng' is 7
2018-12-15 23:19:44,349:INFO:As a list it looks like this ['T', '4', 's', 't', '!', 'n', 'g']
2018-12-15 23:19:44,349:INFO:The letters in this password are: ['T', 's', 't', 'n', 'g']
2018-12-15 23:19:44,350:INFO:The 'T' was the 1st character
2018-12-15 23:19:44,350:INFO:The 's' was the 3rd character
2018-12-15 23:19:44,350:INFO:The 't' was the 4th character
2018-12-15 23:19:44,351:INFO:The 'n' was the 6th character
2018-12-15 23:19:44,351:INFO:The 'g' was the 7th character
2018-12-15 23:19:44,352:INFO:

2018-12-15 23:19:44,352:INFO:The numbers in this password are: ['4']
2018-12-15 23:19:44,353:INFO:The '4' was the 2nd character
2018-12-15 23:19:44,353:INFO:

2018-12-15 23:19:44,354:INFO:The symbols in this password are: ['!']
2018-12-15 23:19:44,354:INFO:The '!' was the 5th character
2018-12-15 23:19:44,354:INFO:

2018-12-15 23:19:44,414:INFO:The length of 'T4st!ng' is 7
2018-12-15 23:19:44,414:INFO:As a list it looks like this ['T', '4', 's', 't', '!', 'n', 'g']
2018-12-15 23:19:44,415:INFO:The letters in this password are: ['T', 's', 't', 'n', 'g']
2018-12-15 23:19:44,415:INFO:The 'T' was the 1st character
2018-12-15 23:19:44,416:INFO:The 's' was the 3rd character
2018-12-15 23:19:44,416:INFO:The 't' was the 4th character
2018-12-15 23:19:44,417:INFO:The 'n' was the 6th character
2018-12-15 23:19:44,417:INFO:The 'g' was the 7th character
2018-12-15 23:19:44,417:INFO:

2018-12-15 23:19:44,418:INFO:The numbers in this password are: ['4']
2018-12-15 23:19:44,418:INFO:The '4' was the 2nd character
2018-12-15 23:19:44,419:INFO:

2018-12-15 23:19:44,420:INFO:The symbols in this password are: ['!']
2018-12-15 23:19:44,420:INFO:The '!' was the 5th character
2018-12-15 23:19:44,420:INFO:

2018-12-15 23:19:44,490:INFO:The length of 'T4st!ng' is 7
2018-12-15 23:19:44,491:INFO:As a list it looks like this ['T', '4', 's', 't', '!', 'n', 'g']
2018-12-15 23:19:44,492:INFO:The letters in this password are: ['T', 's', 't', 'n', 'g']
2018-12-15 23:19:44,492:INFO:The 'T' was the 1st character
2018-12-15 23:19:44,492:INFO:The 's' was the 3rd character
2018-12-15 23:19:44,493:INFO:The 't' was the 4th character
2018-12-15 23:19:44,493:INFO:The 'n' was the 6th character
2018-12-15 23:19:44,493:INFO:The 'g' was the 7th character
2018-12-15 23:19:44,494:INFO:

2018-12-15 23:19:44,494:INFO:The numbers in this password are: ['4']
2018-12-15 23:19:44,495:INFO:The '4' was the 2nd character
2018-12-15 23:19:44,495:INFO:

2018-12-15 23:19:44,496:INFO:The symbols in this password are: ['!']
2018-12-15 23:19:44,496:INFO:The '!' was the 5th character
2018-12-15 23:19:44,496:INFO:

2018-12-15 23:19:44,563:INFO:The length of 'T4st!ng' is 7
2018-12-15 23:19:44,564:INFO:As a list it looks like this ['T', '4', 's', 't', '!', 'n', 'g']
2018-12-15 23:19:44,565:INFO:The letters in this password are: ['T', 's', 't', 'n', 'g']
2018-12-15 23:19:44,565:INFO:The 'T' was the 1st character
2018-12-15 23:19:44,566:INFO:The 's' was the 3rd character
2018-12-15 23:19:44,566:INFO:The 't' was the 4th character
2018-12-15 23:19:44,566:INFO:The 'n' was the 6th character
2018-12-15 23:19:44,567:INFO:The 'g' was the 7th character
2018-12-15 23:19:44,568:INFO:

2018-12-15 23:19:44,569:INFO:The numbers in this password are: ['4']
2018-12-15 23:19:44,569:INFO:The '4' was the 2nd character
2018-12-15 23:19:44,570:INFO:

2018-12-15 23:19:44,571:INFO:The symbols in this password are: ['!']
2018-12-15 23:19:44,572:INFO:The '!' was the 5th character
2018-12-15 23:19:44,573:INFO:

2018-12-15 23:19:44,638:INFO:The length of 'T4st!ng' is 7
2018-12-15 23:19:44,638:INFO:As a list it looks like this ['T', '4', 's', 't', '!', 'n', 'g']
2018-12-15 23:19:44,640:INFO:The letters in this password are: ['T', 's', 't', 'n', 'g']
2018-12-15 23:19:44,640:INFO:The 'T' was the 1st character
2018-12-15 23:19:44,640:INFO:The 's' was the 3rd character
2018-12-15 23:19:44,640:INFO:The 't' was the 4th character
2018-12-15 23:19:44,641:INFO:The 'n' was the 6th character
2018-12-15 23:19:44,641:INFO:The 'g' was the 7th character
2018-12-15 23:19:44,641:INFO:

2018-12-15 23:19:44,642:INFO:The numbers in this password are: ['4']
2018-12-15 23:19:44,643:INFO:The '4' was the 2nd character
2018-12-15 23:19:44,643:INFO:

2018-12-15 23:19:44,643:INFO:The symbols in this password are: ['!']
2018-12-15 23:19:44,644:INFO:The '!' was the 5th character
2018-12-15 23:19:44,644:INFO:

2018-12-15 23:19:44,702:INFO:The length of 'T4st!ng' is 7
2018-12-15 23:19:44,703:INFO:As a list it looks like this ['T', '4', 's', 't', '!', 'n', 'g']
2018-12-15 23:19:44,704:INFO:The letters in this password are: ['T', 's', 't', 'n', 'g']
2018-12-15 23:19:44,704:INFO:The 'T' was the 1st character
2018-12-15 23:19:44,704:INFO:The 's' was the 3rd character
2018-12-15 23:19:44,705:INFO:The 't' was the 4th character
2018-12-15 23:19:44,705:INFO:The 'n' was the 6th character
2018-12-15 23:19:44,705:INFO:The 'g' was the 7th character
2018-12-15 23:19:44,705:INFO:

2018-12-15 23:19:44,706:INFO:The numbers in this password are: ['4']
2018-12-15 23:19:44,706:INFO:The '4' was the 2nd character
2018-12-15 23:19:44,706:INFO:

2018-12-15 23:19:44,707:INFO:The symbols in this password are: ['!']
2018-12-15 23:19:44,707:INFO:The '!' was the 5th character
2018-12-15 23:19:44,707:INFO:

2018-12-15 23:19:44,765:INFO:The length of 'T4st!ng' is 7
2018-12-15 23:19:44,765:INFO:As a list it looks like this ['T', '4', 's', 't', '!', 'n', 'g']
2018-12-15 23:19:44,766:INFO:The letters in this password are: ['T', 's', 't', 'n', 'g']
2018-12-15 23:19:44,766:INFO:The 'T' was the 1st character
2018-12-15 23:19:44,766:INFO:The 's' was the 3rd character
2018-12-15 23:19:44,767:INFO:The 't' was the 4th character
2018-12-15 23:19:44,767:INFO:The 'n' was the 6th character
2018-12-15 23:19:44,767:INFO:The 'g' was the 7th character
2018-12-15 23:19:44,768:INFO:

2018-12-15 23:19:44,768:INFO:The numbers in this password are: ['4']
2018-12-15 23:19:44,769:INFO:The '4' was the 2nd character
2018-12-15 23:19:44,769:INFO:

2018-12-15 23:19:44,770:INFO:The symbols in this password are: ['!']
2018-12-15 23:19:44,771:INFO:The '!' was the 5th character
2018-12-15 23:19:44,771:INFO:

2018-12-15 23:19:44,828:INFO:The length of 'T4st!ng' is 7
2018-12-15 23:19:44,829:INFO:As a list it looks like this ['T', '4', 's', 't', '!', 'n', 'g']
2018-12-15 23:19:44,829:INFO:The letters in this password are: ['T', 's', 't', 'n', 'g']
2018-12-15 23:19:44,829:INFO:The 'T' was the 1st character
2018-12-15 23:19:44,830:INFO:The 's' was the 3rd character
2018-12-15 23:19:44,830:INFO:The 't' was the 4th character
2018-12-15 23:19:44,830:INFO:The 'n' was the 6th character
2018-12-15 23:19:44,831:INFO:The 'g' was the 7th character
2018-12-15 23:19:44,831:INFO:

2018-12-15 23:19:44,832:INFO:The numbers in this password are: ['4']
2018-12-15 23:19:44,832:INFO:The '4' was the 2nd character
2018-12-15 23:19:44,832:INFO:

2018-12-15 23:19:44,833:INFO:The symbols in this password are: ['!']
2018-12-15 23:19:44,833:INFO:The '!' was the 5th character
2018-12-15 23:19:44,834:INFO:

2018-12-15 23:19:44,899:INFO:The length of 'T4st!ng' is 7
2018-12-15 23:19:44,899:INFO:As a list it looks like this ['T', '4', 's', 't', '!', 'n', 'g']
2018-12-15 23:19:44,900:INFO:The letters in this password are: ['T', 's', 't', 'n', 'g']
2018-12-15 23:19:44,900:INFO:The 'T' was the 1st character
2018-12-15 23:19:44,900:INFO:The 's' was the 3rd character
2018-12-15 23:19:44,901:INFO:The 't' was the 4th character
2018-12-15 23:19:44,901:INFO:The 'n' was the 6th character
2018-12-15 23:19:44,901:INFO:The 'g' was the 7th character
2018-12-15 23:19:44,902:INFO:

2018-12-15 23:19:44,903:INFO:The numbers in this password are: ['4']
2018-12-15 23:19:44,904:INFO:The '4' was the 2nd character
2018-12-15 23:19:44,905:INFO:

2018-12-15 23:19:44,906:INFO:The symbols in this password are: ['!']
2018-12-15 23:19:44,907:INFO:The '!' was the 5th character
2018-12-15 23:19:44,907:INFO:

2018-12-15 23:19:44,977:INFO:The length of 'T4st!ng' is 7
2018-12-15 23:19:44,978:INFO:As a list it looks like this ['T', '4', 's', 't', '!', 'n', 'g']
2018-12-15 23:19:44,978:INFO:The letters in this password are: ['T', 's', 't', 'n', 'g']
2018-12-15 23:19:44,978:INFO:The 'T' was the 1st character
2018-12-15 23:19:44,980:INFO:The 's' was the 3rd character
2018-12-15 23:19:44,980:INFO:The 't' was the 4th character
2018-12-15 23:19:44,980:INFO:The 'n' was the 6th character
2018-12-15 23:19:44,981:INFO:The 'g' was the 7th character
2018-12-15 23:19:44,981:INFO:

2018-12-15 23:19:44,983:INFO:The numbers in this password are: ['4']
2018-12-15 23:19:44,983:INFO:The '4' was the 2nd character
2018-12-15 23:19:44,984:INFO:

2018-12-15 23:19:44,985:INFO:The symbols in this password are: ['!']
2018-12-15 23:19:44,985:INFO:The '!' was the 5th character
2018-12-15 23:19:44,985:INFO:

2018-12-15 23:19:45,047:INFO:The length of 'T4st!ng' is 7
2018-12-15 23:19:45,047:INFO:As a list it looks like this ['T', '4', 's', 't', '!', 'n', 'g']
2018-12-15 23:19:45,048:INFO:The letters in this password are: ['T', 's', 't', 'n', 'g']
2018-12-15 23:19:45,048:INFO:The 'T' was the 1st character
2018-12-15 23:19:45,048:INFO:The 's' was the 3rd character
2018-12-15 23:19:45,048:INFO:The 't' was the 4th character
2018-12-15 23:19:45,049:INFO:The 'n' was the 6th character
2018-12-15 23:19:45,049:INFO:The 'g' was the 7th character
2018-12-15 23:19:45,049:INFO:

2018-12-15 23:19:45,050:INFO:The numbers in this password are: ['4']
2018-12-15 23:19:45,050:INFO:The '4' was the 2nd character
2018-12-15 23:19:45,051:INFO:

2018-12-15 23:19:45,051:INFO:The symbols in this password are: ['!']
2018-12-15 23:19:45,051:INFO:The '!' was the 5th character
2018-12-15 23:19:45,052:INFO:

2018-12-15 23:19:45,109:INFO:The length of 'T4st!ng' is 7
2018-12-15 23:19:45,110:INFO:As a list it looks like this ['T', '4', 's', 't', '!', 'n', 'g']
2018-12-15 23:19:45,110:INFO:The letters in this password are: ['T', 's', 't', 'n', 'g']
2018-12-15 23:19:45,110:INFO:The 'T' was the 1st character
2018-12-15 23:19:45,111:INFO:The 's' was the 3rd character
2018-12-15 23:19:45,111:INFO:The 't' was the 4th character
2018-12-15 23:19:45,111:INFO:The 'n' was the 6th character
2018-12-15 23:19:45,112:INFO:The 'g' was the 7th character
2018-12-15 23:19:45,112:INFO:

2018-12-15 23:19:45,112:INFO:The numbers in this password are: ['4']
2018-12-15 23:19:45,113:INFO:The '4' was the 2nd character
2018-12-15 23:19:45,113:INFO:

2018-12-15 23:19:45,113:INFO:The symbols in this password are: ['!']
2018-12-15 23:19:45,114:INFO:The '!' was the 5th character
2018-12-15 23:19:45,114:INFO:

2018-12-15 23:19:45,173:INFO:The length of 'T4st!ng' is 7
2018-12-15 23:19:45,173:INFO:As a list it looks like this ['T', '4', 's', 't', '!', 'n', 'g']
2018-12-15 23:19:45,174:INFO:The letters in this password are: ['T', 's', 't', 'n', 'g']
2018-12-15 23:19:45,174:INFO:The 'T' was the 1st character
2018-12-15 23:19:45,174:INFO:The 's' was the 3rd character
2018-12-15 23:19:45,174:INFO:The 't' was the 4th character
2018-12-15 23:19:45,175:INFO:The 'n' was the 6th character
2018-12-15 23:19:45,175:INFO:The 'g' was the 7th character
2018-12-15 23:19:45,175:INFO:

2018-12-15 23:19:45,176:INFO:The numbers in this password are: ['4']
2018-12-15 23:19:45,176:INFO:The '4' was the 2nd character
2018-12-15 23:19:45,176:INFO:

2018-12-15 23:19:45,177:INFO:The symbols in this password are: ['!']
2018-12-15 23:19:45,177:INFO:The '!' was the 5th character
2018-12-15 23:19:45,178:INFO:

2018-12-15 23:19:45,237:INFO:The length of 'T4st!ng' is 7
2018-12-15 23:19:45,237:INFO:As a list it looks like this ['T', '4', 's', 't', '!', 'n', 'g']
2018-12-15 23:19:45,238:INFO:The letters in this password are: ['T', 's', 't', 'n', 'g']
2018-12-15 23:19:45,238:INFO:The 'T' was the 1st character
2018-12-15 23:19:45,239:INFO:The 's' was the 3rd character
2018-12-15 23:19:45,239:INFO:The 't' was the 4th character
2018-12-15 23:19:45,239:INFO:The 'n' was the 6th character
2018-12-15 23:19:45,240:INFO:The 'g' was the 7th character
2018-12-15 23:19:45,240:INFO:

2018-12-15 23:19:45,241:INFO:The numbers in this password are: ['4']
2018-12-15 23:19:45,241:INFO:The '4' was the 2nd character
2018-12-15 23:19:45,241:INFO:

2018-12-15 23:19:45,242:INFO:The symbols in this password are: ['!']
2018-12-15 23:19:45,242:INFO:The '!' was the 5th character
2018-12-15 23:19:45,242:INFO:

2018-12-15 23:19:45,302:INFO:The length of 'T4st!ng' is 7
2018-12-15 23:19:45,302:INFO:As a list it looks like this ['T', '4', 's', 't', '!', 'n', 'g']
2018-12-15 23:19:45,303:INFO:The letters in this password are: ['T', 's', 't', 'n', 'g']
2018-12-15 23:19:45,303:INFO:The 'T' was the 1st character
2018-12-15 23:19:45,303:INFO:The 's' was the 3rd character
2018-12-15 23:19:45,304:INFO:The 't' was the 4th character
2018-12-15 23:19:45,304:INFO:The 'n' was the 6th character
2018-12-15 23:19:45,304:INFO:The 'g' was the 7th character
2018-12-15 23:19:45,304:INFO:

2018-12-15 23:19:45,305:INFO:The numbers in this password are: ['4']
2018-12-15 23:19:45,305:INFO:The '4' was the 2nd character
2018-12-15 23:19:45,305:INFO:

2018-12-15 23:19:45,306:INFO:The symbols in this password are: ['!']
2018-12-15 23:19:45,306:INFO:The '!' was the 5th character
2018-12-15 23:19:45,306:INFO:

2018-12-15 23:19:45,365:INFO:The length of 'T4st!ng' is 7
2018-12-15 23:19:45,366:INFO:As a list it looks like this ['T', '4', 's', 't', '!', 'n', 'g']
2018-12-15 23:19:45,367:INFO:The letters in this password are: ['T', 's', 't', 'n', 'g']
2018-12-15 23:19:45,367:INFO:The 'T' was the 1st character
2018-12-15 23:19:45,367:INFO:The 's' was the 3rd character
2018-12-15 23:19:45,368:INFO:The 't' was the 4th character
2018-12-15 23:19:45,368:INFO:The 'n' was the 6th character
2018-12-15 23:19:45,368:INFO:The 'g' was the 7th character
2018-12-15 23:19:45,369:INFO:

2018-12-15 23:19:45,369:INFO:The numbers in this password are: ['4']
2018-12-15 23:19:45,369:INFO:The '4' was the 2nd character
2018-12-15 23:19:45,370:INFO:

2018-12-15 23:19:45,370:INFO:The symbols in this password are: ['!']
2018-12-15 23:19:45,370:INFO:The '!' was the 5th character
2018-12-15 23:19:45,371:INFO:

2018-12-15 23:19:45,429:INFO:The length of 'T4st!ng' is 7
2018-12-15 23:19:45,429:INFO:As a list it looks like this ['T', '4', 's', 't', '!', 'n', 'g']
2018-12-15 23:19:45,430:INFO:The letters in this password are: ['T', 's', 't', 'n', 'g']
2018-12-15 23:19:45,430:INFO:The 'T' was the 1st character
2018-12-15 23:19:45,430:INFO:The 's' was the 3rd character
2018-12-15 23:19:45,431:INFO:The 't' was the 4th character
2018-12-15 23:19:45,431:INFO:The 'n' was the 6th character
2018-12-15 23:19:45,431:INFO:The 'g' was the 7th character
2018-12-15 23:19:45,432:INFO:

2018-12-15 23:19:45,433:INFO:The numbers in this password are: ['4']
2018-12-15 23:19:45,433:INFO:The '4' was the 2nd character
2018-12-15 23:19:45,433:INFO:

2018-12-15 23:19:45,435:INFO:The symbols in this password are: ['!']
2018-12-15 23:19:45,435:INFO:The '!' was the 5th character
2018-12-15 23:19:45,436:INFO:

2018-12-15 23:19:45,497:INFO:The length of 'T4st!ng' is 7
2018-12-15 23:19:45,498:INFO:As a list it looks like this ['T', '4', 's', 't', '!', 'n', 'g']
2018-12-15 23:19:45,498:INFO:The letters in this password are: ['T', 's', 't', 'n', 'g']
2018-12-15 23:19:45,499:INFO:The 'T' was the 1st character
2018-12-15 23:19:45,499:INFO:The 's' was the 3rd character
2018-12-15 23:19:45,500:INFO:The 't' was the 4th character
2018-12-15 23:19:45,500:INFO:The 'n' was the 6th character
2018-12-15 23:19:45,500:INFO:The 'g' was the 7th character
2018-12-15 23:19:45,501:INFO:

2018-12-15 23:19:45,502:INFO:The numbers in this password are: ['4']
2018-12-15 23:19:45,503:INFO:The '4' was the 2nd character
2018-12-15 23:19:45,504:INFO:

2018-12-15 23:19:45,504:INFO:The symbols in this password are: ['!']
2018-12-15 23:19:45,506:INFO:The '!' was the 5th character
2018-12-15 23:19:45,508:INFO:

2018-12-15 23:19:45,568:INFO:The length of 'T4st!ng' is 7
2018-12-15 23:19:45,568:INFO:As a list it looks like this ['T', '4', 's', 't', '!', 'n', 'g']
2018-12-15 23:19:45,569:INFO:The letters in this password are: ['T', 's', 't', 'n', 'g']
2018-12-15 23:19:45,569:INFO:The 'T' was the 1st character
2018-12-15 23:19:45,569:INFO:The 's' was the 3rd character
2018-12-15 23:19:45,570:INFO:The 't' was the 4th character
2018-12-15 23:19:45,570:INFO:The 'n' was the 6th character
2018-12-15 23:19:45,570:INFO:The 'g' was the 7th character
2018-12-15 23:19:45,571:INFO:

2018-12-15 23:19:45,571:INFO:The numbers in this password are: ['4']
2018-12-15 23:19:45,571:INFO:The '4' was the 2nd character
2018-12-15 23:19:45,572:INFO:

2018-12-15 23:19:45,572:INFO:The symbols in this password are: ['!']
2018-12-15 23:19:45,573:INFO:The '!' was the 5th character
2018-12-15 23:19:45,573:INFO:

2018-12-15 23:19:45,633:INFO:The length of 'T4st!ng' is 7
2018-12-15 23:19:45,633:INFO:As a list it looks like this ['T', '4', 's', 't', '!', 'n', 'g']
2018-12-15 23:19:45,634:INFO:The letters in this password are: ['T', 's', 't', 'n', 'g']
2018-12-15 23:19:45,634:INFO:The 'T' was the 1st character
2018-12-15 23:19:45,634:INFO:The 's' was the 3rd character
2018-12-15 23:19:45,635:INFO:The 't' was the 4th character
2018-12-15 23:19:45,635:INFO:The 'n' was the 6th character
2018-12-15 23:19:45,635:INFO:The 'g' was the 7th character
2018-12-15 23:19:45,636:INFO:

2018-12-15 23:19:45,636:INFO:The numbers in this password are: ['4']
2018-12-15 23:19:45,636:INFO:The '4' was the 2nd character
2018-12-15 23:19:45,637:INFO:

2018-12-15 23:19:45,638:INFO:The symbols in this password are: ['!']
2018-12-15 23:19:45,638:INFO:The '!' was the 5th character
2018-12-15 23:19:45,638:INFO:

2018-12-15 23:19:45,695:INFO:The length of 'T4st!ng' is 7
2018-12-15 23:19:45,696:INFO:As a list it looks like this ['T', '4', 's', 't', '!', 'n', 'g']
2018-12-15 23:19:45,697:INFO:The letters in this password are: ['T', 's', 't', 'n', 'g']
2018-12-15 23:19:45,697:INFO:The 'T' was the 1st character
2018-12-15 23:19:45,698:INFO:The 's' was the 3rd character
2018-12-15 23:19:45,698:INFO:The 't' was the 4th character
2018-12-15 23:19:45,698:INFO:The 'n' was the 6th character
2018-12-15 23:19:45,699:INFO:The 'g' was the 7th character
2018-12-15 23:19:45,699:INFO:

2018-12-15 23:19:45,700:INFO:The numbers in this password are: ['4']
2018-12-15 23:19:45,700:INFO:The '4' was the 2nd character
2018-12-15 23:19:45,700:INFO:

2018-12-15 23:19:45,701:INFO:The symbols in this password are: ['!']
2018-12-15 23:19:45,701:INFO:The '!' was the 5th character
2018-12-15 23:19:45,701:INFO:

2018-12-15 23:19:45,761:INFO:The length of 'T4st!ng' is 7
2018-12-15 23:19:45,761:INFO:As a list it looks like this ['T', '4', 's', 't', '!', 'n', 'g']
2018-12-15 23:19:45,762:INFO:The letters in this password are: ['T', 's', 't', 'n', 'g']
2018-12-15 23:19:45,762:INFO:The 'T' was the 1st character
2018-12-15 23:19:45,764:INFO:The 's' was the 3rd character
2018-12-15 23:19:45,765:INFO:The 't' was the 4th character
2018-12-15 23:19:45,765:INFO:The 'n' was the 6th character
2018-12-15 23:19:45,765:INFO:The 'g' was the 7th character
2018-12-15 23:19:45,766:INFO:

2018-12-15 23:19:45,766:INFO:The numbers in this password are: ['4']
2018-12-15 23:19:45,766:INFO:The '4' was the 2nd character
2018-12-15 23:19:45,767:INFO:

2018-12-15 23:19:45,768:INFO:The symbols in this password are: ['!']
2018-12-15 23:19:45,768:INFO:The '!' was the 5th character
2018-12-15 23:19:45,769:INFO:

2018-12-15 23:19:45,826:INFO:The length of 'T4st!ng' is 7
2018-12-15 23:19:45,826:INFO:As a list it looks like this ['T', '4', 's', 't', '!', 'n', 'g']
2018-12-15 23:19:45,827:INFO:The letters in this password are: ['T', 's', 't', 'n', 'g']
2018-12-15 23:19:45,827:INFO:The 'T' was the 1st character
2018-12-15 23:19:45,827:INFO:The 's' was the 3rd character
2018-12-15 23:19:45,827:INFO:The 't' was the 4th character
2018-12-15 23:19:45,828:INFO:The 'n' was the 6th character
2018-12-15 23:19:45,828:INFO:The 'g' was the 7th character
2018-12-15 23:19:45,828:INFO:

2018-12-15 23:19:45,829:INFO:The numbers in this password are: ['4']
2018-12-15 23:19:45,829:INFO:The '4' was the 2nd character
2018-12-15 23:19:45,829:INFO:

2018-12-15 23:19:45,830:INFO:The symbols in this password are: ['!']
2018-12-15 23:19:45,830:INFO:The '!' was the 5th character
2018-12-15 23:19:45,830:INFO:

2018-12-15 23:19:45,891:INFO:The length of 'T4st!ng' is 7
2018-12-15 23:19:45,891:INFO:As a list it looks like this ['T', '4', 's', 't', '!', 'n', 'g']
2018-12-15 23:19:45,893:INFO:The letters in this password are: ['T', 's', 't', 'n', 'g']
2018-12-15 23:19:45,893:INFO:The 'T' was the 1st character
2018-12-15 23:19:45,894:INFO:The 's' was the 3rd character
2018-12-15 23:19:45,895:INFO:The 't' was the 4th character
2018-12-15 23:19:45,895:INFO:The 'n' was the 6th character
2018-12-15 23:19:45,896:INFO:The 'g' was the 7th character
2018-12-15 23:19:45,897:INFO:

2018-12-15 23:19:45,898:INFO:The numbers in this password are: ['4']
2018-12-15 23:19:45,899:INFO:The '4' was the 2nd character
2018-12-15 23:19:45,900:INFO:

2018-12-15 23:19:45,903:INFO:The symbols in this password are: ['!']
2018-12-15 23:19:45,903:INFO:The '!' was the 5th character
2018-12-15 23:19:45,903:INFO:

2018-12-15 23:19:45,962:INFO:The length of 'T4st!ng' is 7
2018-12-15 23:19:45,962:INFO:As a list it looks like this ['T', '4', 's', 't', '!', 'n', 'g']
2018-12-15 23:19:45,963:INFO:The letters in this password are: ['T', 's', 't', 'n', 'g']
2018-12-15 23:19:45,963:INFO:The 'T' was the 1st character
2018-12-15 23:19:45,964:INFO:The 's' was the 3rd character
2018-12-15 23:19:45,964:INFO:The 't' was the 4th character
2018-12-15 23:19:45,964:INFO:The 'n' was the 6th character
2018-12-15 23:19:45,964:INFO:The 'g' was the 7th character
2018-12-15 23:19:45,965:INFO:

2018-12-15 23:19:45,966:INFO:The numbers in this password are: ['4']
2018-12-15 23:19:45,966:INFO:The '4' was the 2nd character
2018-12-15 23:19:45,966:INFO:

2018-12-15 23:19:45,967:INFO:The symbols in this password are: ['!']
2018-12-15 23:19:45,967:INFO:The '!' was the 5th character
2018-12-15 23:19:45,968:INFO:

2018-12-15 23:19:46,028:INFO:The length of 'T4st!ng' is 7
2018-12-15 23:19:46,029:INFO:As a list it looks like this ['T', '4', 's', 't', '!', 'n', 'g']
2018-12-15 23:19:46,029:INFO:The letters in this password are: ['T', 's', 't', 'n', 'g']
2018-12-15 23:19:46,029:INFO:The 'T' was the 1st character
2018-12-15 23:19:46,030:INFO:The 's' was the 3rd character
2018-12-15 23:19:46,030:INFO:The 't' was the 4th character
2018-12-15 23:19:46,030:INFO:The 'n' was the 6th character
2018-12-15 23:19:46,031:INFO:The 'g' was the 7th character
2018-12-15 23:19:46,031:INFO:

2018-12-15 23:19:46,032:INFO:The numbers in this password are: ['4']
2018-12-15 23:19:46,032:INFO:The '4' was the 2nd character
2018-12-15 23:19:46,032:INFO:

2018-12-15 23:19:46,033:INFO:The symbols in this password are: ['!']
2018-12-15 23:19:46,033:INFO:The '!' was the 5th character
2018-12-15 23:19:46,033:INFO:

2018-12-15 23:19:46,093:INFO:The length of 'T4st!ng' is 7
2018-12-15 23:19:46,093:INFO:As a list it looks like this ['T', '4', 's', 't', '!', 'n', 'g']
2018-12-15 23:19:46,094:INFO:The letters in this password are: ['T', 's', 't', 'n', 'g']
2018-12-15 23:19:46,094:INFO:The 'T' was the 1st character
2018-12-15 23:19:46,094:INFO:The 's' was the 3rd character
2018-12-15 23:19:46,094:INFO:The 't' was the 4th character
2018-12-15 23:19:46,095:INFO:The 'n' was the 6th character
2018-12-15 23:19:46,095:INFO:The 'g' was the 7th character
2018-12-15 23:19:46,095:INFO:

2018-12-15 23:19:46,096:INFO:The numbers in this password are: ['4']
2018-12-15 23:19:46,096:INFO:The '4' was the 2nd character
2018-12-15 23:19:46,096:INFO:

2018-12-15 23:19:46,097:INFO:The symbols in this password are: ['!']
2018-12-15 23:19:46,097:INFO:The '!' was the 5th character
2018-12-15 23:19:46,097:INFO:

2018-12-15 23:19:46,157:INFO:The length of 'T4st!ng' is 7
2018-12-15 23:19:46,157:INFO:As a list it looks like this ['T', '4', 's', 't', '!', 'n', 'g']
2018-12-15 23:19:46,158:INFO:The letters in this password are: ['T', 's', 't', 'n', 'g']
2018-12-15 23:19:46,158:INFO:The 'T' was the 1st character
2018-12-15 23:19:46,158:INFO:The 's' was the 3rd character
2018-12-15 23:19:46,158:INFO:The 't' was the 4th character
2018-12-15 23:19:46,159:INFO:The 'n' was the 6th character
2018-12-15 23:19:46,159:INFO:The 'g' was the 7th character
2018-12-15 23:19:46,159:INFO:

2018-12-15 23:19:46,160:INFO:The numbers in this password are: ['4']
2018-12-15 23:19:46,160:INFO:The '4' was the 2nd character
2018-12-15 23:19:46,160:INFO:

2018-12-15 23:19:46,161:INFO:The symbols in this password are: ['!']
2018-12-15 23:19:46,161:INFO:The '!' was the 5th character
2018-12-15 23:19:46,161:INFO:

2018-12-15 23:19:46,220:INFO:The length of 'T4st!ng' is 7
2018-12-15 23:19:46,220:INFO:As a list it looks like this ['T', '4', 's', 't', '!', 'n', 'g']
2018-12-15 23:19:46,221:INFO:The letters in this password are: ['T', 's', 't', 'n', 'g']
2018-12-15 23:19:46,221:INFO:The 'T' was the 1st character
2018-12-15 23:19:46,221:INFO:The 's' was the 3rd character
2018-12-15 23:19:46,222:INFO:The 't' was the 4th character
2018-12-15 23:19:46,222:INFO:The 'n' was the 6th character
2018-12-15 23:19:46,222:INFO:The 'g' was the 7th character
2018-12-15 23:19:46,223:INFO:

2018-12-15 23:19:46,223:INFO:The numbers in this password are: ['4']
2018-12-15 23:19:46,223:INFO:The '4' was the 2nd character
2018-12-15 23:19:46,223:INFO:

2018-12-15 23:19:46,224:INFO:The symbols in this password are: ['!']
2018-12-15 23:19:46,224:INFO:The '!' was the 5th character
2018-12-15 23:19:46,224:INFO:

2018-12-15 23:19:46,283:INFO:The length of 'T4st!ng' is 7
2018-12-15 23:19:46,284:INFO:As a list it looks like this ['T', '4', 's', 't', '!', 'n', 'g']
2018-12-15 23:19:46,286:INFO:The letters in this password are: ['T', 's', 't', 'n', 'g']
2018-12-15 23:19:46,286:INFO:The 'T' was the 1st character
2018-12-15 23:19:46,286:INFO:The 's' was the 3rd character
2018-12-15 23:19:46,287:INFO:The 't' was the 4th character
2018-12-15 23:19:46,287:INFO:The 'n' was the 6th character
2018-12-15 23:19:46,287:INFO:The 'g' was the 7th character
2018-12-15 23:19:46,288:INFO:

2018-12-15 23:19:46,288:INFO:The numbers in this password are: ['4']
2018-12-15 23:19:46,289:INFO:The '4' was the 2nd character
2018-12-15 23:19:46,289:INFO:

2018-12-15 23:19:46,290:INFO:The symbols in this password are: ['!']
2018-12-15 23:19:46,290:INFO:The '!' was the 5th character
2018-12-15 23:19:46,290:INFO:

2018-12-15 23:19:46,352:INFO:The length of 'T4st!ng' is 7
2018-12-15 23:19:46,353:INFO:As a list it looks like this ['T', '4', 's', 't', '!', 'n', 'g']
2018-12-15 23:19:46,353:INFO:The letters in this password are: ['T', 's', 't', 'n', 'g']
2018-12-15 23:19:46,353:INFO:The 'T' was the 1st character
2018-12-15 23:19:46,354:INFO:The 's' was the 3rd character
2018-12-15 23:19:46,354:INFO:The 't' was the 4th character
2018-12-15 23:19:46,354:INFO:The 'n' was the 6th character
2018-12-15 23:19:46,355:INFO:The 'g' was the 7th character
2018-12-15 23:19:46,355:INFO:

2018-12-15 23:19:46,356:INFO:The numbers in this password are: ['4']
2018-12-15 23:19:46,356:INFO:The '4' was the 2nd character
2018-12-15 23:19:46,356:INFO:

2018-12-15 23:19:46,357:INFO:The symbols in this password are: ['!']
2018-12-15 23:19:46,357:INFO:The '!' was the 5th character
2018-12-15 23:19:46,357:INFO:

2018-12-15 23:19:46,415:INFO:The length of 'T4st!ng' is 7
2018-12-15 23:19:46,415:INFO:As a list it looks like this ['T', '4', 's', 't', '!', 'n', 'g']
2018-12-15 23:19:46,416:INFO:The letters in this password are: ['T', 's', 't', 'n', 'g']
2018-12-15 23:19:46,416:INFO:The 'T' was the 1st character
2018-12-15 23:19:46,416:INFO:The 's' was the 3rd character
2018-12-15 23:19:46,416:INFO:The 't' was the 4th character
2018-12-15 23:19:46,416:INFO:The 'n' was the 6th character
2018-12-15 23:19:46,417:INFO:The 'g' was the 7th character
2018-12-15 23:19:46,417:INFO:

2018-12-15 23:19:46,418:INFO:The numbers in this password are: ['4']
2018-12-15 23:19:46,418:INFO:The '4' was the 2nd character
2018-12-15 23:19:46,418:INFO:

2018-12-15 23:19:46,419:INFO:The symbols in this password are: ['!']
2018-12-15 23:19:46,419:INFO:The '!' was the 5th character
2018-12-15 23:19:46,419:INFO:

2018-12-15 23:19:46,478:INFO:The length of 'T4st!ng' is 7
2018-12-15 23:19:46,479:INFO:As a list it looks like this ['T', '4', 's', 't', '!', 'n', 'g']
2018-12-15 23:19:46,479:INFO:The letters in this password are: ['T', 's', 't', 'n', 'g']
2018-12-15 23:19:46,479:INFO:The 'T' was the 1st character
2018-12-15 23:19:46,479:INFO:The 's' was the 3rd character
2018-12-15 23:19:46,480:INFO:The 't' was the 4th character
2018-12-15 23:19:46,480:INFO:The 'n' was the 6th character
2018-12-15 23:19:46,481:INFO:The 'g' was the 7th character
2018-12-15 23:19:46,482:INFO:

2018-12-15 23:19:46,482:INFO:The numbers in this password are: ['4']
2018-12-15 23:19:46,483:INFO:The '4' was the 2nd character
2018-12-15 23:19:46,483:INFO:

2018-12-15 23:19:46,484:INFO:The symbols in this password are: ['!']
2018-12-15 23:19:46,485:INFO:The '!' was the 5th character
2018-12-15 23:19:46,486:INFO:

2018-12-15 23:19:46,548:INFO:The length of 'T4st!ng' is 7
2018-12-15 23:19:46,548:INFO:As a list it looks like this ['T', '4', 's', 't', '!', 'n', 'g']
2018-12-15 23:19:46,549:INFO:The letters in this password are: ['T', 's', 't', 'n', 'g']
2018-12-15 23:19:46,549:INFO:The 'T' was the 1st character
2018-12-15 23:19:46,550:INFO:The 's' was the 3rd character
2018-12-15 23:19:46,550:INFO:The 't' was the 4th character
2018-12-15 23:19:46,550:INFO:The 'n' was the 6th character
2018-12-15 23:19:46,551:INFO:The 'g' was the 7th character
2018-12-15 23:19:46,551:INFO:

2018-12-15 23:19:46,552:INFO:The numbers in this password are: ['4']
2018-12-15 23:19:46,553:INFO:The '4' was the 2nd character
2018-12-15 23:19:46,553:INFO:

2018-12-15 23:19:46,554:INFO:The symbols in this password are: ['!']
2018-12-15 23:19:46,554:INFO:The '!' was the 5th character
2018-12-15 23:19:46,555:INFO:

2018-12-15 23:19:46,614:INFO:The length of 'T4st!ng' is 7
2018-12-15 23:19:46,614:INFO:As a list it looks like this ['T', '4', 's', 't', '!', 'n', 'g']
2018-12-15 23:19:46,615:INFO:The letters in this password are: ['T', 's', 't', 'n', 'g']
2018-12-15 23:19:46,615:INFO:The 'T' was the 1st character
2018-12-15 23:19:46,615:INFO:The 's' was the 3rd character
2018-12-15 23:19:46,616:INFO:The 't' was the 4th character
2018-12-15 23:19:46,616:INFO:The 'n' was the 6th character
2018-12-15 23:19:46,616:INFO:The 'g' was the 7th character
2018-12-15 23:19:46,617:INFO:

2018-12-15 23:19:46,617:INFO:The numbers in this password are: ['4']
2018-12-15 23:19:46,617:INFO:The '4' was the 2nd character
2018-12-15 23:19:46,618:INFO:

2018-12-15 23:19:46,618:INFO:The symbols in this password are: ['!']
2018-12-15 23:19:46,618:INFO:The '!' was the 5th character
2018-12-15 23:19:46,619:INFO:

2018-12-15 23:19:46,686:INFO:The length of 'T4st!ng' is 7
2018-12-15 23:19:46,687:INFO:As a list it looks like this ['T', '4', 's', 't', '!', 'n', 'g']
2018-12-15 23:19:46,688:INFO:The letters in this password are: ['T', 's', 't', 'n', 'g']
2018-12-15 23:19:46,688:INFO:The 'T' was the 1st character
2018-12-15 23:19:46,688:INFO:The 's' was the 3rd character
2018-12-15 23:19:46,688:INFO:The 't' was the 4th character
2018-12-15 23:19:46,688:INFO:The 'n' was the 6th character
2018-12-15 23:19:46,689:INFO:The 'g' was the 7th character
2018-12-15 23:19:46,689:INFO:

2018-12-15 23:19:46,690:INFO:The numbers in this password are: ['4']
2018-12-15 23:19:46,690:INFO:The '4' was the 2nd character
2018-12-15 23:19:46,690:INFO:

2018-12-15 23:19:46,691:INFO:The symbols in this password are: ['!']
2018-12-15 23:19:46,691:INFO:The '!' was the 5th character
2018-12-15 23:19:46,692:INFO:

2018-12-15 23:19:46,749:INFO:The length of 'T4st!ng' is 7
2018-12-15 23:19:46,749:INFO:As a list it looks like this ['T', '4', 's', 't', '!', 'n', 'g']
2018-12-15 23:19:46,750:INFO:The letters in this password are: ['T', 's', 't', 'n', 'g']
2018-12-15 23:19:46,750:INFO:The 'T' was the 1st character
2018-12-15 23:19:46,750:INFO:The 's' was the 3rd character
2018-12-15 23:19:46,751:INFO:The 't' was the 4th character
2018-12-15 23:19:46,751:INFO:The 'n' was the 6th character
2018-12-15 23:19:46,751:INFO:The 'g' was the 7th character
2018-12-15 23:19:46,752:INFO:

2018-12-15 23:19:46,753:INFO:The numbers in this password are: ['4']
2018-12-15 23:19:46,753:INFO:The '4' was the 2nd character
2018-12-15 23:19:46,753:INFO:

2018-12-15 23:19:46,754:INFO:The symbols in this password are: ['!']
2018-12-15 23:19:46,754:INFO:The '!' was the 5th character
2018-12-15 23:19:46,755:INFO:

2018-12-15 23:19:46,814:INFO:The length of 'T4st!ng' is 7
2018-12-15 23:19:46,814:INFO:As a list it looks like this ['T', '4', 's', 't', '!', 'n', 'g']
2018-12-15 23:19:46,815:INFO:The letters in this password are: ['T', 's', 't', 'n', 'g']
2018-12-15 23:19:46,815:INFO:The 'T' was the 1st character
2018-12-15 23:19:46,815:INFO:The 's' was the 3rd character
2018-12-15 23:19:46,816:INFO:The 't' was the 4th character
2018-12-15 23:19:46,816:INFO:The 'n' was the 6th character
2018-12-15 23:19:46,816:INFO:The 'g' was the 7th character
2018-12-15 23:19:46,817:INFO:

2018-12-15 23:19:46,817:INFO:The numbers in this password are: ['4']
2018-12-15 23:19:46,817:INFO:The '4' was the 2nd character
2018-12-15 23:19:46,817:INFO:

2018-12-15 23:19:46,818:INFO:The symbols in this password are: ['!']
2018-12-15 23:19:46,818:INFO:The '!' was the 5th character
2018-12-15 23:19:46,818:INFO:

2018-12-15 23:19:46,879:INFO:The length of 'T4st!ng' is 7
2018-12-15 23:19:46,882:INFO:As a list it looks like this ['T', '4', 's', 't', '!', 'n', 'g']
2018-12-15 23:19:46,883:INFO:The letters in this password are: ['T', 's', 't', 'n', 'g']
2018-12-15 23:19:46,883:INFO:The 'T' was the 1st character
2018-12-15 23:19:46,883:INFO:The 's' was the 3rd character
2018-12-15 23:19:46,884:INFO:The 't' was the 4th character
2018-12-15 23:19:46,885:INFO:The 'n' was the 6th character
2018-12-15 23:19:46,886:INFO:The 'g' was the 7th character
2018-12-15 23:19:46,886:INFO:

2018-12-15 23:19:46,887:INFO:The numbers in this password are: ['4']
2018-12-15 23:19:46,887:INFO:The '4' was the 2nd character
2018-12-15 23:19:46,888:INFO:

2018-12-15 23:19:46,889:INFO:The symbols in this password are: ['!']
2018-12-15 23:19:46,889:INFO:The '!' was the 5th character
2018-12-15 23:19:46,889:INFO:

2018-12-15 23:19:46,947:INFO:The length of 'T4st!ng' is 7
2018-12-15 23:19:46,948:INFO:As a list it looks like this ['T', '4', 's', 't', '!', 'n', 'g']
2018-12-15 23:19:46,948:INFO:The letters in this password are: ['T', 's', 't', 'n', 'g']
2018-12-15 23:19:46,951:INFO:The 'T' was the 1st character
2018-12-15 23:19:46,952:INFO:The 's' was the 3rd character
2018-12-15 23:19:46,952:INFO:The 't' was the 4th character
2018-12-15 23:19:46,952:INFO:The 'n' was the 6th character
2018-12-15 23:19:46,953:INFO:The 'g' was the 7th character
2018-12-15 23:19:46,953:INFO:

2018-12-15 23:19:46,953:INFO:The numbers in this password are: ['4']
2018-12-15 23:19:46,954:INFO:The '4' was the 2nd character
2018-12-15 23:19:46,954:INFO:

2018-12-15 23:19:46,955:INFO:The symbols in this password are: ['!']
2018-12-15 23:19:46,955:INFO:The '!' was the 5th character
2018-12-15 23:19:46,955:INFO:

2018-12-15 23:19:47,014:INFO:The length of 'T4st!ng' is 7
2018-12-15 23:19:47,014:INFO:As a list it looks like this ['T', '4', 's', 't', '!', 'n', 'g']
2018-12-15 23:19:47,015:INFO:The letters in this password are: ['T', 's', 't', 'n', 'g']
2018-12-15 23:19:47,015:INFO:The 'T' was the 1st character
2018-12-15 23:19:47,015:INFO:The 's' was the 3rd character
2018-12-15 23:19:47,015:INFO:The 't' was the 4th character
2018-12-15 23:19:47,016:INFO:The 'n' was the 6th character
2018-12-15 23:19:47,016:INFO:The 'g' was the 7th character
2018-12-15 23:19:47,016:INFO:

2018-12-15 23:19:47,017:INFO:The numbers in this password are: ['4']
2018-12-15 23:19:47,017:INFO:The '4' was the 2nd character
2018-12-15 23:19:47,018:INFO:

2018-12-15 23:19:47,018:INFO:The symbols in this password are: ['!']
2018-12-15 23:19:47,018:INFO:The '!' was the 5th character
2018-12-15 23:19:47,018:INFO:

2018-12-15 23:19:47,076:INFO:The length of 'T4st!ng' is 7
2018-12-15 23:19:47,077:INFO:As a list it looks like this ['T', '4', 's', 't', '!', 'n', 'g']
2018-12-15 23:19:47,077:INFO:The letters in this password are: ['T', 's', 't', 'n', 'g']
2018-12-15 23:19:47,077:INFO:The 'T' was the 1st character
2018-12-15 23:19:47,078:INFO:The 's' was the 3rd character
2018-12-15 23:19:47,078:INFO:The 't' was the 4th character
2018-12-15 23:19:47,078:INFO:The 'n' was the 6th character
2018-12-15 23:19:47,079:INFO:The 'g' was the 7th character
2018-12-15 23:19:47,080:INFO:

2018-12-15 23:19:47,081:INFO:The numbers in this password are: ['4']
2018-12-15 23:19:47,081:INFO:The '4' was the 2nd character
2018-12-15 23:19:47,082:INFO:

2018-12-15 23:19:47,082:INFO:The symbols in this password are: ['!']
2018-12-15 23:19:47,083:INFO:The '!' was the 5th character
2018-12-15 23:19:47,084:INFO:

2018-12-15 23:19:47,142:INFO:The length of 'T4st!ng' is 7
2018-12-15 23:19:47,143:INFO:As a list it looks like this ['T', '4', 's', 't', '!', 'n', 'g']
2018-12-15 23:19:47,144:INFO:The letters in this password are: ['T', 's', 't', 'n', 'g']
2018-12-15 23:19:47,144:INFO:The 'T' was the 1st character
2018-12-15 23:19:47,144:INFO:The 's' was the 3rd character
2018-12-15 23:19:47,144:INFO:The 't' was the 4th character
2018-12-15 23:19:47,145:INFO:The 'n' was the 6th character
2018-12-15 23:19:47,145:INFO:The 'g' was the 7th character
2018-12-15 23:19:47,146:INFO:

2018-12-15 23:19:47,146:INFO:The numbers in this password are: ['4']
2018-12-15 23:19:47,147:INFO:The '4' was the 2nd character
2018-12-15 23:19:47,147:INFO:

2018-12-15 23:19:47,148:INFO:The symbols in this password are: ['!']
2018-12-15 23:19:47,148:INFO:The '!' was the 5th character
2018-12-15 23:19:47,148:INFO:

2018-12-15 23:19:47,214:INFO:The length of 'T4st!ng' is 7
2018-12-15 23:19:47,215:INFO:As a list it looks like this ['T', '4', 's', 't', '!', 'n', 'g']
2018-12-15 23:19:47,215:INFO:The letters in this password are: ['T', 's', 't', 'n', 'g']
2018-12-15 23:19:47,215:INFO:The 'T' was the 1st character
2018-12-15 23:19:47,216:INFO:The 's' was the 3rd character
2018-12-15 23:19:47,216:INFO:The 't' was the 4th character
2018-12-15 23:19:47,216:INFO:The 'n' was the 6th character
2018-12-15 23:19:47,216:INFO:The 'g' was the 7th character
2018-12-15 23:19:47,217:INFO:

2018-12-15 23:19:47,217:INFO:The numbers in this password are: ['4']
2018-12-15 23:19:47,217:INFO:The '4' was the 2nd character
2018-12-15 23:19:47,218:INFO:

2018-12-15 23:19:47,218:INFO:The symbols in this password are: ['!']
2018-12-15 23:19:47,219:INFO:The '!' was the 5th character
2018-12-15 23:19:47,219:INFO:

2018-12-15 23:19:47,279:INFO:The length of 'T4st!ng' is 7
2018-12-15 23:19:47,280:INFO:As a list it looks like this ['T', '4', 's', 't', '!', 'n', 'g']
2018-12-15 23:19:47,280:INFO:The letters in this password are: ['T', 's', 't', 'n', 'g']
2018-12-15 23:19:47,280:INFO:The 'T' was the 1st character
2018-12-15 23:19:47,281:INFO:The 's' was the 3rd character
2018-12-15 23:19:47,281:INFO:The 't' was the 4th character
2018-12-15 23:19:47,281:INFO:The 'n' was the 6th character
2018-12-15 23:19:47,282:INFO:The 'g' was the 7th character
2018-12-15 23:19:47,282:INFO:

2018-12-15 23:19:47,283:INFO:The numbers in this password are: ['4']
2018-12-15 23:19:47,284:INFO:The '4' was the 2nd character
2018-12-15 23:19:47,284:INFO:

2018-12-15 23:19:47,284:INFO:The symbols in this password are: ['!']
2018-12-15 23:19:47,285:INFO:The '!' was the 5th character
2018-12-15 23:19:47,285:INFO:

2018-12-15 23:19:47,346:INFO:The length of 'T4st!ng' is 7
2018-12-15 23:19:47,347:INFO:As a list it looks like this ['T', '4', 's', 't', '!', 'n', 'g']
2018-12-15 23:19:47,347:INFO:The letters in this password are: ['T', 's', 't', 'n', 'g']
2018-12-15 23:19:47,347:INFO:The 'T' was the 1st character
2018-12-15 23:19:47,347:INFO:The 's' was the 3rd character
2018-12-15 23:19:47,347:INFO:The 't' was the 4th character
2018-12-15 23:19:47,348:INFO:The 'n' was the 6th character
2018-12-15 23:19:47,348:INFO:The 'g' was the 7th character
2018-12-15 23:19:47,348:INFO:

2018-12-15 23:19:47,348:INFO:The numbers in this password are: ['4']
2018-12-15 23:19:47,348:INFO:The '4' was the 2nd character
2018-12-15 23:19:47,348:INFO:

2018-12-15 23:19:47,349:INFO:The symbols in this password are: ['!']
2018-12-15 23:19:47,349:INFO:The '!' was the 5th character
2018-12-15 23:19:47,349:INFO:

2018-12-15 23:19:47,411:INFO:The length of 'T4st!ng' is 7
2018-12-15 23:19:47,412:INFO:As a list it looks like this ['T', '4', 's', 't', '!', 'n', 'g']
2018-12-15 23:19:47,412:INFO:The letters in this password are: ['T', 's', 't', 'n', 'g']
2018-12-15 23:19:47,413:INFO:The 'T' was the 1st character
2018-12-15 23:19:47,413:INFO:The 's' was the 3rd character
2018-12-15 23:19:47,413:INFO:The 't' was the 4th character
2018-12-15 23:19:47,413:INFO:The 'n' was the 6th character
2018-12-15 23:19:47,413:INFO:The 'g' was the 7th character
2018-12-15 23:19:47,413:INFO:

2018-12-15 23:19:47,414:INFO:The numbers in this password are: ['4']
2018-12-15 23:19:47,414:INFO:The '4' was the 2nd character
2018-12-15 23:19:47,414:INFO:

2018-12-15 23:19:47,414:INFO:The symbols in this password are: ['!']
2018-12-15 23:19:47,415:INFO:The '!' was the 5th character
2018-12-15 23:19:47,415:INFO:

2018-12-15 23:19:47,483:INFO:The length of 'T4st!ng' is 7
2018-12-15 23:19:47,484:INFO:As a list it looks like this ['T', '4', 's', 't', '!', 'n', 'g']
2018-12-15 23:19:47,484:INFO:The letters in this password are: ['T', 's', 't', 'n', 'g']
2018-12-15 23:19:47,485:INFO:The 'T' was the 1st character
2018-12-15 23:19:47,485:INFO:The 's' was the 3rd character
2018-12-15 23:19:47,485:INFO:The 't' was the 4th character
2018-12-15 23:19:47,485:INFO:The 'n' was the 6th character
2018-12-15 23:19:47,485:INFO:The 'g' was the 7th character
2018-12-15 23:19:47,486:INFO:

2018-12-15 23:19:47,486:INFO:The numbers in this password are: ['4']
2018-12-15 23:19:47,486:INFO:The '4' was the 2nd character
2018-12-15 23:19:47,486:INFO:

2018-12-15 23:19:47,487:INFO:The symbols in this password are: ['!']
2018-12-15 23:19:47,487:INFO:The '!' was the 5th character
2018-12-15 23:19:47,487:INFO:

2018-12-15 23:19:47,557:INFO:The length of 'T4st!ng' is 7
2018-12-15 23:19:47,557:INFO:As a list it looks like this ['T', '4', 's', 't', '!', 'n', 'g']
2018-12-15 23:19:47,558:INFO:The letters in this password are: ['T', 's', 't', 'n', 'g']
2018-12-15 23:19:47,558:INFO:The 'T' was the 1st character
2018-12-15 23:19:47,558:INFO:The 's' was the 3rd character
2018-12-15 23:19:47,558:INFO:The 't' was the 4th character
2018-12-15 23:19:47,558:INFO:The 'n' was the 6th character
2018-12-15 23:19:47,559:INFO:The 'g' was the 7th character
2018-12-15 23:19:47,559:INFO:

2018-12-15 23:19:47,559:INFO:The numbers in this password are: ['4']
2018-12-15 23:19:47,559:INFO:The '4' was the 2nd character
2018-12-15 23:19:47,560:INFO:

2018-12-15 23:19:47,560:INFO:The symbols in this password are: ['!']
2018-12-15 23:19:47,560:INFO:The '!' was the 5th character
2018-12-15 23:19:47,560:INFO:

2018-12-15 23:19:47,629:INFO:The length of 'T4st!ng' is 7
2018-12-15 23:19:47,629:INFO:As a list it looks like this ['T', '4', 's', 't', '!', 'n', 'g']
2018-12-15 23:19:47,630:INFO:The letters in this password are: ['T', 's', 't', 'n', 'g']
2018-12-15 23:19:47,630:INFO:The 'T' was the 1st character
2018-12-15 23:19:47,630:INFO:The 's' was the 3rd character
2018-12-15 23:19:47,630:INFO:The 't' was the 4th character
2018-12-15 23:19:47,630:INFO:The 'n' was the 6th character
2018-12-15 23:19:47,630:INFO:The 'g' was the 7th character
2018-12-15 23:19:47,631:INFO:

2018-12-15 23:19:47,631:INFO:The numbers in this password are: ['4']
2018-12-15 23:19:47,631:INFO:The '4' was the 2nd character
2018-12-15 23:19:47,631:INFO:

2018-12-15 23:19:47,632:INFO:The symbols in this password are: ['!']
2018-12-15 23:19:47,632:INFO:The '!' was the 5th character
2018-12-15 23:19:47,632:INFO:

2018-12-15 23:19:47,694:INFO:The length of 'T4st!ng' is 7
2018-12-15 23:19:47,695:INFO:As a list it looks like this ['T', '4', 's', 't', '!', 'n', 'g']
2018-12-15 23:19:47,695:INFO:The letters in this password are: ['T', 's', 't', 'n', 'g']
2018-12-15 23:19:47,695:INFO:The 'T' was the 1st character
2018-12-15 23:19:47,695:INFO:The 's' was the 3rd character
2018-12-15 23:19:47,696:INFO:The 't' was the 4th character
2018-12-15 23:19:47,696:INFO:The 'n' was the 6th character
2018-12-15 23:19:47,696:INFO:The 'g' was the 7th character
2018-12-15 23:19:47,696:INFO:

2018-12-15 23:19:47,696:INFO:The numbers in this password are: ['4']
2018-12-15 23:19:47,696:INFO:The '4' was the 2nd character
2018-12-15 23:19:47,696:INFO:

2018-12-15 23:19:47,697:INFO:The symbols in this password are: ['!']
2018-12-15 23:19:47,697:INFO:The '!' was the 5th character
2018-12-15 23:19:47,697:INFO:

2018-12-15 23:19:47,754:INFO:The length of 'T4st!ng' is 7
2018-12-15 23:19:47,755:INFO:As a list it looks like this ['T', '4', 's', 't', '!', 'n', 'g']
2018-12-15 23:19:47,755:INFO:The letters in this password are: ['T', 's', 't', 'n', 'g']
2018-12-15 23:19:47,755:INFO:The 'T' was the 1st character
2018-12-15 23:19:47,755:INFO:The 's' was the 3rd character
2018-12-15 23:19:47,755:INFO:The 't' was the 4th character
2018-12-15 23:19:47,756:INFO:The 'n' was the 6th character
2018-12-15 23:19:47,756:INFO:The 'g' was the 7th character
2018-12-15 23:19:47,756:INFO:

2018-12-15 23:19:47,756:INFO:The numbers in this password are: ['4']
2018-12-15 23:19:47,756:INFO:The '4' was the 2nd character
2018-12-15 23:19:47,757:INFO:

2018-12-15 23:19:47,757:INFO:The symbols in this password are: ['!']
2018-12-15 23:19:47,757:INFO:The '!' was the 5th character
2018-12-15 23:19:47,757:INFO:

2018-12-15 23:19:47,816:INFO:The length of 'T4st!ng' is 7
2018-12-15 23:19:47,816:INFO:As a list it looks like this ['T', '4', 's', 't', '!', 'n', 'g']
2018-12-15 23:19:47,817:INFO:The letters in this password are: ['T', 's', 't', 'n', 'g']
2018-12-15 23:19:47,817:INFO:The 'T' was the 1st character
2018-12-15 23:19:47,817:INFO:The 's' was the 3rd character
2018-12-15 23:19:47,817:INFO:The 't' was the 4th character
2018-12-15 23:19:47,817:INFO:The 'n' was the 6th character
2018-12-15 23:19:47,818:INFO:The 'g' was the 7th character
2018-12-15 23:19:47,818:INFO:

2018-12-15 23:19:47,818:INFO:The numbers in this password are: ['4']
2018-12-15 23:19:47,818:INFO:The '4' was the 2nd character
2018-12-15 23:19:47,818:INFO:

2018-12-15 23:19:47,818:INFO:The symbols in this password are: ['!']
2018-12-15 23:19:47,819:INFO:The '!' was the 5th character
2018-12-15 23:19:47,819:INFO:

2018-12-15 23:19:47,888:INFO:The length of 'T4st!ng' is 7
2018-12-15 23:19:47,888:INFO:As a list it looks like this ['T', '4', 's', 't', '!', 'n', 'g']
2018-12-15 23:19:47,889:INFO:The letters in this password are: ['T', 's', 't', 'n', 'g']
2018-12-15 23:19:47,889:INFO:The 'T' was the 1st character
2018-12-15 23:19:47,889:INFO:The 's' was the 3rd character
2018-12-15 23:19:47,889:INFO:The 't' was the 4th character
2018-12-15 23:19:47,890:INFO:The 'n' was the 6th character
2018-12-15 23:19:47,890:INFO:The 'g' was the 7th character
2018-12-15 23:19:47,890:INFO:

2018-12-15 23:19:47,890:INFO:The numbers in this password are: ['4']
2018-12-15 23:19:47,890:INFO:The '4' was the 2nd character
2018-12-15 23:19:47,890:INFO:

2018-12-15 23:19:47,890:INFO:The symbols in this password are: ['!']
2018-12-15 23:19:47,891:INFO:The '!' was the 5th character
2018-12-15 23:19:47,891:INFO:

2018-12-15 23:19:47,947:INFO:The length of 'T4st!ng' is 7
2018-12-15 23:19:47,948:INFO:As a list it looks like this ['T', '4', 's', 't', '!', 'n', 'g']
2018-12-15 23:19:47,948:INFO:The letters in this password are: ['T', 's', 't', 'n', 'g']
2018-12-15 23:19:47,948:INFO:The 'T' was the 1st character
2018-12-15 23:19:47,948:INFO:The 's' was the 3rd character
2018-12-15 23:19:47,949:INFO:The 't' was the 4th character
2018-12-15 23:19:47,949:INFO:The 'n' was the 6th character
2018-12-15 23:19:47,949:INFO:The 'g' was the 7th character
2018-12-15 23:19:47,949:INFO:

2018-12-15 23:19:47,949:INFO:The numbers in this password are: ['4']
2018-12-15 23:19:47,949:INFO:The '4' was the 2nd character
2018-12-15 23:19:47,949:INFO:

2018-12-15 23:19:47,950:INFO:The symbols in this password are: ['!']
2018-12-15 23:19:47,950:INFO:The '!' was the 5th character
2018-12-15 23:19:47,950:INFO:

2018-12-15 23:19:48,012:INFO:The length of 'T4st!ng' is 7
2018-12-15 23:19:48,012:INFO:As a list it looks like this ['T', '4', 's', 't', '!', 'n', 'g']
2018-12-15 23:19:48,013:INFO:The letters in this password are: ['T', 's', 't', 'n', 'g']
2018-12-15 23:19:48,013:INFO:The 'T' was the 1st character
2018-12-15 23:19:48,013:INFO:The 's' was the 3rd character
2018-12-15 23:19:48,013:INFO:The 't' was the 4th character
2018-12-15 23:19:48,013:INFO:The 'n' was the 6th character
2018-12-15 23:19:48,013:INFO:The 'g' was the 7th character
2018-12-15 23:19:48,014:INFO:

2018-12-15 23:19:48,014:INFO:The numbers in this password are: ['4']
2018-12-15 23:19:48,014:INFO:The '4' was the 2nd character
2018-12-15 23:19:48,014:INFO:

2018-12-15 23:19:48,014:INFO:The symbols in this password are: ['!']
2018-12-15 23:19:48,014:INFO:The '!' was the 5th character
2018-12-15 23:19:48,015:INFO:

2018-12-15 23:19:48,072:INFO:The length of 'T4st!ng' is 7
2018-12-15 23:19:48,073:INFO:As a list it looks like this ['T', '4', 's', 't', '!', 'n', 'g']
2018-12-15 23:19:48,073:INFO:The letters in this password are: ['T', 's', 't', 'n', 'g']
2018-12-15 23:19:48,074:INFO:The 'T' was the 1st character
2018-12-15 23:19:48,074:INFO:The 's' was the 3rd character
2018-12-15 23:19:48,074:INFO:The 't' was the 4th character
2018-12-15 23:19:48,074:INFO:The 'n' was the 6th character
2018-12-15 23:19:48,074:INFO:The 'g' was the 7th character
2018-12-15 23:19:48,074:INFO:

2018-12-15 23:19:48,075:INFO:The numbers in this password are: ['4']
2018-12-15 23:19:48,075:INFO:The '4' was the 2nd character
2018-12-15 23:19:48,075:INFO:

2018-12-15 23:19:48,075:INFO:The symbols in this password are: ['!']
2018-12-15 23:19:48,075:INFO:The '!' was the 5th character
2018-12-15 23:19:48,075:INFO:

2018-12-15 23:19:48,131:INFO:The length of 'T4st!ng' is 7
2018-12-15 23:19:48,131:INFO:As a list it looks like this ['T', '4', 's', 't', '!', 'n', 'g']
2018-12-15 23:19:48,131:INFO:The letters in this password are: ['T', 's', 't', 'n', 'g']
2018-12-15 23:19:48,131:INFO:The 'T' was the 1st character
2018-12-15 23:19:48,132:INFO:The 's' was the 3rd character
2018-12-15 23:19:48,132:INFO:The 't' was the 4th character
2018-12-15 23:19:48,132:INFO:The 'n' was the 6th character
2018-12-15 23:19:48,132:INFO:The 'g' was the 7th character
2018-12-15 23:19:48,132:INFO:

2018-12-15 23:19:48,132:INFO:The numbers in this password are: ['4']
2018-12-15 23:19:48,133:INFO:The '4' was the 2nd character
2018-12-15 23:19:48,133:INFO:

2018-12-15 23:19:48,133:INFO:The symbols in this password are: ['!']
2018-12-15 23:19:48,133:INFO:The '!' was the 5th character
2018-12-15 23:19:48,133:INFO:

2018-12-15 23:19:48,195:INFO:The length of 'T4st!ng' is 7
2018-12-15 23:19:48,196:INFO:As a list it looks like this ['T', '4', 's', 't', '!', 'n', 'g']
2018-12-15 23:19:48,196:INFO:The letters in this password are: ['T', 's', 't', 'n', 'g']
2018-12-15 23:19:48,196:INFO:The 'T' was the 1st character
2018-12-15 23:19:48,196:INFO:The 's' was the 3rd character
2018-12-15 23:19:48,196:INFO:The 't' was the 4th character
2018-12-15 23:19:48,196:INFO:The 'n' was the 6th character
2018-12-15 23:19:48,197:INFO:The 'g' was the 7th character
2018-12-15 23:19:48,197:INFO:

2018-12-15 23:19:48,197:INFO:The numbers in this password are: ['4']
2018-12-15 23:19:48,197:INFO:The '4' was the 2nd character
2018-12-15 23:19:48,197:INFO:

2018-12-15 23:19:48,197:INFO:The symbols in this password are: ['!']
2018-12-15 23:19:48,198:INFO:The '!' was the 5th character
2018-12-15 23:19:48,198:INFO:

2018-12-15 23:19:48,256:INFO:The length of 'T4st!ng' is 7
2018-12-15 23:19:48,256:INFO:As a list it looks like this ['T', '4', 's', 't', '!', 'n', 'g']
2018-12-15 23:19:48,257:INFO:The letters in this password are: ['T', 's', 't', 'n', 'g']
2018-12-15 23:19:48,257:INFO:The 'T' was the 1st character
2018-12-15 23:19:48,257:INFO:The 's' was the 3rd character
2018-12-15 23:19:48,257:INFO:The 't' was the 4th character
2018-12-15 23:19:48,257:INFO:The 'n' was the 6th character
2018-12-15 23:19:48,258:INFO:The 'g' was the 7th character
2018-12-15 23:19:48,258:INFO:

2018-12-15 23:19:48,258:INFO:The numbers in this password are: ['4']
2018-12-15 23:19:48,258:INFO:The '4' was the 2nd character
2018-12-15 23:19:48,258:INFO:

2018-12-15 23:19:48,258:INFO:The symbols in this password are: ['!']
2018-12-15 23:19:48,259:INFO:The '!' was the 5th character
2018-12-15 23:19:48,259:INFO:

2018-12-15 23:19:48,318:INFO:The length of 'T4st!ng' is 7
2018-12-15 23:19:48,318:INFO:As a list it looks like this ['T', '4', 's', 't', '!', 'n', 'g']
2018-12-15 23:19:48,318:INFO:The letters in this password are: ['T', 's', 't', 'n', 'g']
2018-12-15 23:19:48,318:INFO:The 'T' was the 1st character
2018-12-15 23:19:48,319:INFO:The 's' was the 3rd character
2018-12-15 23:19:48,319:INFO:The 't' was the 4th character
2018-12-15 23:19:48,319:INFO:The 'n' was the 6th character
2018-12-15 23:19:48,319:INFO:The 'g' was the 7th character
2018-12-15 23:19:48,319:INFO:

2018-12-15 23:19:48,319:INFO:The numbers in this password are: ['4']
2018-12-15 23:19:48,319:INFO:The '4' was the 2nd character
2018-12-15 23:19:48,320:INFO:

2018-12-15 23:19:48,320:INFO:The symbols in this password are: ['!']
2018-12-15 23:19:48,320:INFO:The '!' was the 5th character
2018-12-15 23:19:48,320:INFO:

2018-12-15 23:19:48,380:INFO:The length of 'T4st!ng' is 7
2018-12-15 23:19:48,380:INFO:As a list it looks like this ['T', '4', 's', 't', '!', 'n', 'g']
2018-12-15 23:19:48,380:INFO:The letters in this password are: ['T', 's', 't', 'n', 'g']
2018-12-15 23:19:48,381:INFO:The 'T' was the 1st character
2018-12-15 23:19:48,381:INFO:The 's' was the 3rd character
2018-12-15 23:19:48,381:INFO:The 't' was the 4th character
2018-12-15 23:19:48,381:INFO:The 'n' was the 6th character
2018-12-15 23:19:48,381:INFO:The 'g' was the 7th character
2018-12-15 23:19:48,381:INFO:

2018-12-15 23:19:48,381:INFO:The numbers in this password are: ['4']
2018-12-15 23:19:48,382:INFO:The '4' was the 2nd character
2018-12-15 23:19:48,382:INFO:

2018-12-15 23:19:48,382:INFO:The symbols in this password are: ['!']
2018-12-15 23:19:48,382:INFO:The '!' was the 5th character
2018-12-15 23:19:48,382:INFO:

2018-12-15 23:19:48,438:INFO:The length of 'T4st!ng' is 7
2018-12-15 23:19:48,439:INFO:As a list it looks like this ['T', '4', 's', 't', '!', 'n', 'g']
2018-12-15 23:19:48,439:INFO:The letters in this password are: ['T', 's', 't', 'n', 'g']
2018-12-15 23:19:48,439:INFO:The 'T' was the 1st character
2018-12-15 23:19:48,439:INFO:The 's' was the 3rd character
2018-12-15 23:19:48,440:INFO:The 't' was the 4th character
2018-12-15 23:19:48,440:INFO:The 'n' was the 6th character
2018-12-15 23:19:48,440:INFO:The 'g' was the 7th character
2018-12-15 23:19:48,440:INFO:

2018-12-15 23:19:48,440:INFO:The numbers in this password are: ['4']
2018-12-15 23:19:48,441:INFO:The '4' was the 2nd character
2018-12-15 23:19:48,441:INFO:

2018-12-15 23:19:48,441:INFO:The symbols in this password are: ['!']
2018-12-15 23:19:48,441:INFO:The '!' was the 5th character
2018-12-15 23:19:48,442:INFO:

2018-12-15 23:19:48,500:INFO:The length of 'T4st!ng' is 7
2018-12-15 23:19:48,501:INFO:As a list it looks like this ['T', '4', 's', 't', '!', 'n', 'g']
2018-12-15 23:19:48,501:INFO:The letters in this password are: ['T', 's', 't', 'n', 'g']
2018-12-15 23:19:48,501:INFO:The 'T' was the 1st character
2018-12-15 23:19:48,501:INFO:The 's' was the 3rd character
2018-12-15 23:19:48,502:INFO:The 't' was the 4th character
2018-12-15 23:19:48,502:INFO:The 'n' was the 6th character
2018-12-15 23:19:48,502:INFO:The 'g' was the 7th character
2018-12-15 23:19:48,502:INFO:

2018-12-15 23:19:48,502:INFO:The numbers in this password are: ['4']
2018-12-15 23:19:48,502:INFO:The '4' was the 2nd character
2018-12-15 23:19:48,502:INFO:

2018-12-15 23:19:48,503:INFO:The symbols in this password are: ['!']
2018-12-15 23:19:48,503:INFO:The '!' was the 5th character
2018-12-15 23:19:48,503:INFO:

2018-12-15 23:19:48,561:INFO:The length of 'T4st!ng' is 7
2018-12-15 23:19:48,562:INFO:As a list it looks like this ['T', '4', 's', 't', '!', 'n', 'g']
2018-12-15 23:19:48,562:INFO:The letters in this password are: ['T', 's', 't', 'n', 'g']
2018-12-15 23:19:48,562:INFO:The 'T' was the 1st character
2018-12-15 23:19:48,563:INFO:The 's' was the 3rd character
2018-12-15 23:19:48,563:INFO:The 't' was the 4th character
2018-12-15 23:19:48,563:INFO:The 'n' was the 6th character
2018-12-15 23:19:48,563:INFO:The 'g' was the 7th character
2018-12-15 23:19:48,563:INFO:

2018-12-15 23:19:48,563:INFO:The numbers in this password are: ['4']
2018-12-15 23:19:48,564:INFO:The '4' was the 2nd character
2018-12-15 23:19:48,564:INFO:

2018-12-15 23:19:48,564:INFO:The symbols in this password are: ['!']
2018-12-15 23:19:48,564:INFO:The '!' was the 5th character
2018-12-15 23:19:48,564:INFO:

2018-12-15 23:19:48,622:INFO:The length of 'T4st!ng' is 7
2018-12-15 23:19:48,622:INFO:As a list it looks like this ['T', '4', 's', 't', '!', 'n', 'g']
2018-12-15 23:19:48,623:INFO:The letters in this password are: ['T', 's', 't', 'n', 'g']
2018-12-15 23:19:48,623:INFO:The 'T' was the 1st character
2018-12-15 23:19:48,623:INFO:The 's' was the 3rd character
2018-12-15 23:19:48,623:INFO:The 't' was the 4th character
2018-12-15 23:19:48,623:INFO:The 'n' was the 6th character
2018-12-15 23:19:48,623:INFO:The 'g' was the 7th character
2018-12-15 23:19:48,623:INFO:

2018-12-15 23:19:48,624:INFO:The numbers in this password are: ['4']
2018-12-15 23:19:48,624:INFO:The '4' was the 2nd character
2018-12-15 23:19:48,624:INFO:

2018-12-15 23:19:48,624:INFO:The symbols in this password are: ['!']
2018-12-15 23:19:48,624:INFO:The '!' was the 5th character
2018-12-15 23:19:48,625:INFO:

2018-12-15 23:19:48,686:INFO:The length of 'T4st!ng' is 7
2018-12-15 23:19:48,687:INFO:As a list it looks like this ['T', '4', 's', 't', '!', 'n', 'g']
2018-12-15 23:19:48,687:INFO:The letters in this password are: ['T', 's', 't', 'n', 'g']
2018-12-15 23:19:48,687:INFO:The 'T' was the 1st character
2018-12-15 23:19:48,688:INFO:The 's' was the 3rd character
2018-12-15 23:19:48,688:INFO:The 't' was the 4th character
2018-12-15 23:19:48,688:INFO:The 'n' was the 6th character
2018-12-15 23:19:48,688:INFO:The 'g' was the 7th character
2018-12-15 23:19:48,688:INFO:

2018-12-15 23:19:48,688:INFO:The numbers in this password are: ['4']
2018-12-15 23:19:48,689:INFO:The '4' was the 2nd character
2018-12-15 23:19:48,689:INFO:

2018-12-15 23:19:48,689:INFO:The symbols in this password are: ['!']
2018-12-15 23:19:48,689:INFO:The '!' was the 5th character
2018-12-15 23:19:48,689:INFO:

2018-12-15 23:19:48,747:INFO:The length of 'T4st!ng' is 7
2018-12-15 23:19:48,747:INFO:As a list it looks like this ['T', '4', 's', 't', '!', 'n', 'g']
2018-12-15 23:19:48,748:INFO:The letters in this password are: ['T', 's', 't', 'n', 'g']
2018-12-15 23:19:48,748:INFO:The 'T' was the 1st character
2018-12-15 23:19:48,748:INFO:The 's' was the 3rd character
2018-12-15 23:19:48,748:INFO:The 't' was the 4th character
2018-12-15 23:19:48,748:INFO:The 'n' was the 6th character
2018-12-15 23:19:48,749:INFO:The 'g' was the 7th character
2018-12-15 23:19:48,749:INFO:

2018-12-15 23:19:48,749:INFO:The numbers in this password are: ['4']
2018-12-15 23:19:48,749:INFO:The '4' was the 2nd character
2018-12-15 23:19:48,749:INFO:

2018-12-15 23:19:48,749:INFO:The symbols in this password are: ['!']
2018-12-15 23:19:48,750:INFO:The '!' was the 5th character
2018-12-15 23:19:48,750:INFO:

2018-12-15 23:19:48,808:INFO:The length of 'T4st!ng' is 7
2018-12-15 23:19:48,809:INFO:As a list it looks like this ['T', '4', 's', 't', '!', 'n', 'g']
2018-12-15 23:19:48,810:INFO:The letters in this password are: ['T', 's', 't', 'n', 'g']
2018-12-15 23:19:48,810:INFO:The 'T' was the 1st character
2018-12-15 23:19:48,810:INFO:The 's' was the 3rd character
2018-12-15 23:19:48,811:INFO:The 't' was the 4th character
2018-12-15 23:19:48,811:INFO:The 'n' was the 6th character
2018-12-15 23:19:48,811:INFO:The 'g' was the 7th character
2018-12-15 23:19:48,811:INFO:

2018-12-15 23:19:48,811:INFO:The numbers in this password are: ['4']
2018-12-15 23:19:48,811:INFO:The '4' was the 2nd character
2018-12-15 23:19:48,812:INFO:

2018-12-15 23:19:48,812:INFO:The symbols in this password are: ['!']
2018-12-15 23:19:48,812:INFO:The '!' was the 5th character
2018-12-15 23:19:48,812:INFO:

2018-12-15 23:19:48,874:INFO:The length of 'T4st!ng' is 7
2018-12-15 23:19:48,874:INFO:As a list it looks like this ['T', '4', 's', 't', '!', 'n', 'g']
2018-12-15 23:19:48,875:INFO:The letters in this password are: ['T', 's', 't', 'n', 'g']
2018-12-15 23:19:48,875:INFO:The 'T' was the 1st character
2018-12-15 23:19:48,875:INFO:The 's' was the 3rd character
2018-12-15 23:19:48,875:INFO:The 't' was the 4th character
2018-12-15 23:19:48,876:INFO:The 'n' was the 6th character
2018-12-15 23:19:48,876:INFO:The 'g' was the 7th character
2018-12-15 23:19:48,876:INFO:

2018-12-15 23:19:48,876:INFO:The numbers in this password are: ['4']
2018-12-15 23:19:48,876:INFO:The '4' was the 2nd character
2018-12-15 23:19:48,877:INFO:

2018-12-15 23:19:48,877:INFO:The symbols in this password are: ['!']
2018-12-15 23:19:48,877:INFO:The '!' was the 5th character
2018-12-15 23:19:48,877:INFO:

2018-12-15 23:19:48,936:INFO:The length of 'T4st!ng' is 7
2018-12-15 23:19:48,937:INFO:As a list it looks like this ['T', '4', 's', 't', '!', 'n', 'g']
2018-12-15 23:19:48,937:INFO:The letters in this password are: ['T', 's', 't', 'n', 'g']
2018-12-15 23:19:48,937:INFO:The 'T' was the 1st character
2018-12-15 23:19:48,937:INFO:The 's' was the 3rd character
2018-12-15 23:19:48,938:INFO:The 't' was the 4th character
2018-12-15 23:19:48,938:INFO:The 'n' was the 6th character
2018-12-15 23:19:48,938:INFO:The 'g' was the 7th character
2018-12-15 23:19:48,938:INFO:

2018-12-15 23:19:48,938:INFO:The numbers in this password are: ['4']
2018-12-15 23:19:48,938:INFO:The '4' was the 2nd character
2018-12-15 23:19:48,939:INFO:

2018-12-15 23:19:48,939:INFO:The symbols in this password are: ['!']
2018-12-15 23:19:48,939:INFO:The '!' was the 5th character
2018-12-15 23:19:48,939:INFO:

2018-12-15 23:19:49,003:INFO:The length of 'T4st!ng' is 7
2018-12-15 23:19:49,004:INFO:As a list it looks like this ['T', '4', 's', 't', '!', 'n', 'g']
2018-12-15 23:19:49,004:INFO:The letters in this password are: ['T', 's', 't', 'n', 'g']
2018-12-15 23:19:49,004:INFO:The 'T' was the 1st character
2018-12-15 23:19:49,005:INFO:The 's' was the 3rd character
2018-12-15 23:19:49,005:INFO:The 't' was the 4th character
2018-12-15 23:19:49,005:INFO:The 'n' was the 6th character
2018-12-15 23:19:49,005:INFO:The 'g' was the 7th character
2018-12-15 23:19:49,005:INFO:

2018-12-15 23:19:49,005:INFO:The numbers in this password are: ['4']
2018-12-15 23:19:49,005:INFO:The '4' was the 2nd character
2018-12-15 23:19:49,006:INFO:

2018-12-15 23:19:49,006:INFO:The symbols in this password are: ['!']
2018-12-15 23:19:49,006:INFO:The '!' was the 5th character
2018-12-15 23:19:49,006:INFO:

2018-12-15 23:19:49,065:INFO:The length of 'T4st!ng' is 7
2018-12-15 23:19:49,066:INFO:As a list it looks like this ['T', '4', 's', 't', '!', 'n', 'g']
2018-12-15 23:19:49,066:INFO:The letters in this password are: ['T', 's', 't', 'n', 'g']
2018-12-15 23:19:49,066:INFO:The 'T' was the 1st character
2018-12-15 23:19:49,066:INFO:The 's' was the 3rd character
2018-12-15 23:19:49,066:INFO:The 't' was the 4th character
2018-12-15 23:19:49,067:INFO:The 'n' was the 6th character
2018-12-15 23:19:49,067:INFO:The 'g' was the 7th character
2018-12-15 23:19:49,067:INFO:

2018-12-15 23:19:49,067:INFO:The numbers in this password are: ['4']
2018-12-15 23:19:49,067:INFO:The '4' was the 2nd character
2018-12-15 23:19:49,067:INFO:

2018-12-15 23:19:49,068:INFO:The symbols in this password are: ['!']
2018-12-15 23:19:49,068:INFO:The '!' was the 5th character
2018-12-15 23:19:49,068:INFO:

2018-12-15 23:19:49,127:INFO:The length of 'T4st!ng' is 7
2018-12-15 23:19:49,127:INFO:As a list it looks like this ['T', '4', 's', 't', '!', 'n', 'g']
2018-12-15 23:19:49,128:INFO:The letters in this password are: ['T', 's', 't', 'n', 'g']
2018-12-15 23:19:49,128:INFO:The 'T' was the 1st character
2018-12-15 23:19:49,128:INFO:The 's' was the 3rd character
2018-12-15 23:19:49,128:INFO:The 't' was the 4th character
2018-12-15 23:19:49,128:INFO:The 'n' was the 6th character
2018-12-15 23:19:49,129:INFO:The 'g' was the 7th character
2018-12-15 23:19:49,129:INFO:

2018-12-15 23:19:49,129:INFO:The numbers in this password are: ['4']
2018-12-15 23:19:49,129:INFO:The '4' was the 2nd character
2018-12-15 23:19:49,129:INFO:

2018-12-15 23:19:49,129:INFO:The symbols in this password are: ['!']
2018-12-15 23:19:49,129:INFO:The '!' was the 5th character
2018-12-15 23:19:49,130:INFO:

2018-12-15 23:19:49,193:INFO:The length of 'T4st!ng' is 7
2018-12-15 23:19:49,193:INFO:As a list it looks like this ['T', '4', 's', 't', '!', 'n', 'g']
2018-12-15 23:19:49,194:INFO:The letters in this password are: ['T', 's', 't', 'n', 'g']
2018-12-15 23:19:49,194:INFO:The 'T' was the 1st character
2018-12-15 23:19:49,194:INFO:The 's' was the 3rd character
2018-12-15 23:19:49,194:INFO:The 't' was the 4th character
2018-12-15 23:19:49,194:INFO:The 'n' was the 6th character
2018-12-15 23:19:49,195:INFO:The 'g' was the 7th character
2018-12-15 23:19:49,195:INFO:

2018-12-15 23:19:49,195:INFO:The numbers in this password are: ['4']
2018-12-15 23:19:49,195:INFO:The '4' was the 2nd character
2018-12-15 23:19:49,195:INFO:

2018-12-15 23:19:49,196:INFO:The symbols in this password are: ['!']
2018-12-15 23:19:49,196:INFO:The '!' was the 5th character
2018-12-15 23:19:49,196:INFO:

2018-12-15 23:19:49,261:INFO:The length of 'T4st!ng' is 7
2018-12-15 23:19:49,261:INFO:As a list it looks like this ['T', '4', 's', 't', '!', 'n', 'g']
2018-12-15 23:19:49,262:INFO:The letters in this password are: ['T', 's', 't', 'n', 'g']
2018-12-15 23:19:49,262:INFO:The 'T' was the 1st character
2018-12-15 23:19:49,262:INFO:The 's' was the 3rd character
2018-12-15 23:19:49,262:INFO:The 't' was the 4th character
2018-12-15 23:19:49,263:INFO:The 'n' was the 6th character
2018-12-15 23:19:49,263:INFO:The 'g' was the 7th character
2018-12-15 23:19:49,263:INFO:

2018-12-15 23:19:49,263:INFO:The numbers in this password are: ['4']
2018-12-15 23:19:49,264:INFO:The '4' was the 2nd character
2018-12-15 23:19:49,264:INFO:

2018-12-15 23:19:49,264:INFO:The symbols in this password are: ['!']
2018-12-15 23:19:49,264:INFO:The '!' was the 5th character
2018-12-15 23:19:49,264:INFO:

2018-12-15 23:19:49,333:INFO:The length of 'T4st!ng' is 7
2018-12-15 23:19:49,333:INFO:As a list it looks like this ['T', '4', 's', 't', '!', 'n', 'g']
2018-12-15 23:19:49,334:INFO:The letters in this password are: ['T', 's', 't', 'n', 'g']
2018-12-15 23:19:49,334:INFO:The 'T' was the 1st character
2018-12-15 23:19:49,334:INFO:The 's' was the 3rd character
2018-12-15 23:19:49,334:INFO:The 't' was the 4th character
2018-12-15 23:19:49,334:INFO:The 'n' was the 6th character
2018-12-15 23:19:49,334:INFO:The 'g' was the 7th character
2018-12-15 23:19:49,334:INFO:

2018-12-15 23:19:49,335:INFO:The numbers in this password are: ['4']
2018-12-15 23:19:49,335:INFO:The '4' was the 2nd character
2018-12-15 23:19:49,335:INFO:

2018-12-15 23:19:49,335:INFO:The symbols in this password are: ['!']
2018-12-15 23:19:49,335:INFO:The '!' was the 5th character
2018-12-15 23:19:49,335:INFO:

2018-12-15 23:19:49,403:INFO:The length of 'T4st!ng' is 7
2018-12-15 23:19:49,404:INFO:As a list it looks like this ['T', '4', 's', 't', '!', 'n', 'g']
2018-12-15 23:19:49,404:INFO:The letters in this password are: ['T', 's', 't', 'n', 'g']
2018-12-15 23:19:49,405:INFO:The 'T' was the 1st character
2018-12-15 23:19:49,405:INFO:The 's' was the 3rd character
2018-12-15 23:19:49,405:INFO:The 't' was the 4th character
2018-12-15 23:19:49,405:INFO:The 'n' was the 6th character
2018-12-15 23:19:49,405:INFO:The 'g' was the 7th character
2018-12-15 23:19:49,405:INFO:

2018-12-15 23:19:49,406:INFO:The numbers in this password are: ['4']
2018-12-15 23:19:49,406:INFO:The '4' was the 2nd character
2018-12-15 23:19:49,406:INFO:

2018-12-15 23:19:49,406:INFO:The symbols in this password are: ['!']
2018-12-15 23:19:49,406:INFO:The '!' was the 5th character
2018-12-15 23:19:49,406:INFO:

2018-12-15 23:19:49,472:INFO:The length of 'T4st!ng' is 7
2018-12-15 23:19:49,473:INFO:As a list it looks like this ['T', '4', 's', 't', '!', 'n', 'g']
2018-12-15 23:19:49,473:INFO:The letters in this password are: ['T', 's', 't', 'n', 'g']
2018-12-15 23:19:49,473:INFO:The 'T' was the 1st character
2018-12-15 23:19:49,474:INFO:The 's' was the 3rd character
2018-12-15 23:19:49,474:INFO:The 't' was the 4th character
2018-12-15 23:19:49,474:INFO:The 'n' was the 6th character
2018-12-15 23:19:49,474:INFO:The 'g' was the 7th character
2018-12-15 23:19:49,474:INFO:

2018-12-15 23:19:49,475:INFO:The numbers in this password are: ['4']
2018-12-15 23:19:49,475:INFO:The '4' was the 2nd character
2018-12-15 23:19:49,476:INFO:

2018-12-15 23:19:49,476:INFO:The symbols in this password are: ['!']
2018-12-15 23:19:49,477:INFO:The '!' was the 5th character
2018-12-15 23:19:49,477:INFO:

2018-12-15 23:19:49,541:INFO:The length of 'T4st!ng' is 7
2018-12-15 23:19:49,542:INFO:As a list it looks like this ['T', '4', 's', 't', '!', 'n', 'g']
2018-12-15 23:19:49,543:INFO:The letters in this password are: ['T', 's', 't', 'n', 'g']
2018-12-15 23:19:49,543:INFO:The 'T' was the 1st character
2018-12-15 23:19:49,544:INFO:The 's' was the 3rd character
2018-12-15 23:19:49,544:INFO:The 't' was the 4th character
2018-12-15 23:19:49,544:INFO:The 'n' was the 6th character
2018-12-15 23:19:49,544:INFO:The 'g' was the 7th character
2018-12-15 23:19:49,544:INFO:

2018-12-15 23:19:49,545:INFO:The numbers in this password are: ['4']
2018-12-15 23:19:49,545:INFO:The '4' was the 2nd character
2018-12-15 23:19:49,545:INFO:

2018-12-15 23:19:49,545:INFO:The symbols in this password are: ['!']
2018-12-15 23:19:49,546:INFO:The '!' was the 5th character
2018-12-15 23:19:49,546:INFO:

2018-12-15 23:19:49,604:INFO:The length of 'T4st!ng' is 7
2018-12-15 23:19:49,604:INFO:As a list it looks like this ['T', '4', 's', 't', '!', 'n', 'g']
2018-12-15 23:19:49,604:INFO:The letters in this password are: ['T', 's', 't', 'n', 'g']
2018-12-15 23:19:49,605:INFO:The 'T' was the 1st character
2018-12-15 23:19:49,605:INFO:The 's' was the 3rd character
2018-12-15 23:19:49,605:INFO:The 't' was the 4th character
2018-12-15 23:19:49,605:INFO:The 'n' was the 6th character
2018-12-15 23:19:49,605:INFO:The 'g' was the 7th character
2018-12-15 23:19:49,605:INFO:

2018-12-15 23:19:49,606:INFO:The numbers in this password are: ['4']
2018-12-15 23:19:49,606:INFO:The '4' was the 2nd character
2018-12-15 23:19:49,606:INFO:

2018-12-15 23:19:49,606:INFO:The symbols in this password are: ['!']
2018-12-15 23:19:49,606:INFO:The '!' was the 5th character
2018-12-15 23:19:49,607:INFO:

2018-12-15 23:19:49,668:INFO:The length of 'T4st!ng' is 7
2018-12-15 23:19:49,668:INFO:As a list it looks like this ['T', '4', 's', 't', '!', 'n', 'g']
2018-12-15 23:19:49,669:INFO:The letters in this password are: ['T', 's', 't', 'n', 'g']
2018-12-15 23:19:49,669:INFO:The 'T' was the 1st character
2018-12-15 23:19:49,669:INFO:The 's' was the 3rd character
2018-12-15 23:19:49,669:INFO:The 't' was the 4th character
2018-12-15 23:19:49,669:INFO:The 'n' was the 6th character
2018-12-15 23:19:49,670:INFO:The 'g' was the 7th character
2018-12-15 23:19:49,670:INFO:

2018-12-15 23:19:49,670:INFO:The numbers in this password are: ['4']
2018-12-15 23:19:49,670:INFO:The '4' was the 2nd character
2018-12-15 23:19:49,670:INFO:

2018-12-15 23:19:49,670:INFO:The symbols in this password are: ['!']
2018-12-15 23:19:49,671:INFO:The '!' was the 5th character
2018-12-15 23:19:49,671:INFO:

2018-12-15 23:19:49,728:INFO:The length of 'T4st!ng' is 7
2018-12-15 23:19:49,729:INFO:As a list it looks like this ['T', '4', 's', 't', '!', 'n', 'g']
2018-12-15 23:19:49,729:INFO:The letters in this password are: ['T', 's', 't', 'n', 'g']
2018-12-15 23:19:49,729:INFO:The 'T' was the 1st character
2018-12-15 23:19:49,729:INFO:The 's' was the 3rd character
2018-12-15 23:19:49,729:INFO:The 't' was the 4th character
2018-12-15 23:19:49,730:INFO:The 'n' was the 6th character
2018-12-15 23:19:49,730:INFO:The 'g' was the 7th character
2018-12-15 23:19:49,730:INFO:

2018-12-15 23:19:49,730:INFO:The numbers in this password are: ['4']
2018-12-15 23:19:49,730:INFO:The '4' was the 2nd character
2018-12-15 23:19:49,730:INFO:

2018-12-15 23:19:49,731:INFO:The symbols in this password are: ['!']
2018-12-15 23:19:49,731:INFO:The '!' was the 5th character
2018-12-15 23:19:49,731:INFO:

2018-12-15 23:19:49,791:INFO:The length of 'T4st!ng' is 7
2018-12-15 23:19:49,791:INFO:As a list it looks like this ['T', '4', 's', 't', '!', 'n', 'g']
2018-12-15 23:19:49,792:INFO:The letters in this password are: ['T', 's', 't', 'n', 'g']
2018-12-15 23:19:49,792:INFO:The 'T' was the 1st character
2018-12-15 23:19:49,792:INFO:The 's' was the 3rd character
2018-12-15 23:19:49,792:INFO:The 't' was the 4th character
2018-12-15 23:19:49,792:INFO:The 'n' was the 6th character
2018-12-15 23:19:49,793:INFO:The 'g' was the 7th character
2018-12-15 23:19:49,793:INFO:

2018-12-15 23:19:49,793:INFO:The numbers in this password are: ['4']
2018-12-15 23:19:49,793:INFO:The '4' was the 2nd character
2018-12-15 23:19:49,793:INFO:

2018-12-15 23:19:49,794:INFO:The symbols in this password are: ['!']
2018-12-15 23:19:49,794:INFO:The '!' was the 5th character
2018-12-15 23:19:49,794:INFO:

2018-12-15 23:19:49,852:INFO:The length of 'T4st!ng' is 7
2018-12-15 23:19:49,853:INFO:As a list it looks like this ['T', '4', 's', 't', '!', 'n', 'g']
2018-12-15 23:19:49,853:INFO:The letters in this password are: ['T', 's', 't', 'n', 'g']
2018-12-15 23:19:49,853:INFO:The 'T' was the 1st character
2018-12-15 23:19:49,854:INFO:The 's' was the 3rd character
2018-12-15 23:19:49,854:INFO:The 't' was the 4th character
2018-12-15 23:19:49,854:INFO:The 'n' was the 6th character
2018-12-15 23:19:49,854:INFO:The 'g' was the 7th character
2018-12-15 23:19:49,854:INFO:

2018-12-15 23:19:49,855:INFO:The numbers in this password are: ['4']
2018-12-15 23:19:49,855:INFO:The '4' was the 2nd character
2018-12-15 23:19:49,855:INFO:

2018-12-15 23:19:49,855:INFO:The symbols in this password are: ['!']
2018-12-15 23:19:49,855:INFO:The '!' was the 5th character
2018-12-15 23:19:49,855:INFO:

2018-12-15 23:19:49,915:INFO:The length of 'T4st!ng' is 7
2018-12-15 23:19:49,916:INFO:As a list it looks like this ['T', '4', 's', 't', '!', 'n', 'g']
2018-12-15 23:19:49,916:INFO:The letters in this password are: ['T', 's', 't', 'n', 'g']
2018-12-15 23:19:49,916:INFO:The 'T' was the 1st character
2018-12-15 23:19:49,916:INFO:The 's' was the 3rd character
2018-12-15 23:19:49,916:INFO:The 't' was the 4th character
2018-12-15 23:19:49,917:INFO:The 'n' was the 6th character
2018-12-15 23:19:49,917:INFO:The 'g' was the 7th character
2018-12-15 23:19:49,917:INFO:

2018-12-15 23:19:49,917:INFO:The numbers in this password are: ['4']
2018-12-15 23:19:49,917:INFO:The '4' was the 2nd character
2018-12-15 23:19:49,917:INFO:

2018-12-15 23:19:49,917:INFO:The symbols in this password are: ['!']
2018-12-15 23:19:49,918:INFO:The '!' was the 5th character
2018-12-15 23:19:49,918:INFO:

2018-12-15 23:19:49,979:INFO:The length of 'T4st!ng' is 7
2018-12-15 23:19:49,979:INFO:As a list it looks like this ['T', '4', 's', 't', '!', 'n', 'g']
2018-12-15 23:19:49,980:INFO:The letters in this password are: ['T', 's', 't', 'n', 'g']
2018-12-15 23:19:49,980:INFO:The 'T' was the 1st character
2018-12-15 23:19:49,980:INFO:The 's' was the 3rd character
2018-12-15 23:19:49,981:INFO:The 't' was the 4th character
2018-12-15 23:19:49,981:INFO:The 'n' was the 6th character
2018-12-15 23:19:49,981:INFO:The 'g' was the 7th character
2018-12-15 23:19:49,981:INFO:

2018-12-15 23:19:49,981:INFO:The numbers in this password are: ['4']
2018-12-15 23:19:49,982:INFO:The '4' was the 2nd character
2018-12-15 23:19:49,982:INFO:

2018-12-15 23:19:49,982:INFO:The symbols in this password are: ['!']
2018-12-15 23:19:49,982:INFO:The '!' was the 5th character
2018-12-15 23:19:49,982:INFO:

2018-12-15 23:19:50,048:INFO:The length of 'T4st!ng' is 7
2018-12-15 23:19:50,049:INFO:As a list it looks like this ['T', '4', 's', 't', '!', 'n', 'g']
2018-12-15 23:19:50,049:INFO:The letters in this password are: ['T', 's', 't', 'n', 'g']
2018-12-15 23:19:50,050:INFO:The 'T' was the 1st character
2018-12-15 23:19:50,050:INFO:The 's' was the 3rd character
2018-12-15 23:19:50,050:INFO:The 't' was the 4th character
2018-12-15 23:19:50,050:INFO:The 'n' was the 6th character
2018-12-15 23:19:50,050:INFO:The 'g' was the 7th character
2018-12-15 23:19:50,050:INFO:

2018-12-15 23:19:50,051:INFO:The numbers in this password are: ['4']
2018-12-15 23:19:50,051:INFO:The '4' was the 2nd character
2018-12-15 23:19:50,051:INFO:

2018-12-15 23:19:50,051:INFO:The symbols in this password are: ['!']
2018-12-15 23:19:50,052:INFO:The '!' was the 5th character
2018-12-15 23:19:50,052:INFO:

2018-12-15 23:19:50,111:INFO:The length of 'T4st!ng' is 7
2018-12-15 23:19:50,111:INFO:As a list it looks like this ['T', '4', 's', 't', '!', 'n', 'g']
2018-12-15 23:19:50,112:INFO:The letters in this password are: ['T', 's', 't', 'n', 'g']
2018-12-15 23:19:50,112:INFO:The 'T' was the 1st character
2018-12-15 23:19:50,112:INFO:The 's' was the 3rd character
2018-12-15 23:19:50,112:INFO:The 't' was the 4th character
2018-12-15 23:19:50,112:INFO:The 'n' was the 6th character
2018-12-15 23:19:50,113:INFO:The 'g' was the 7th character
2018-12-15 23:19:50,113:INFO:

2018-12-15 23:19:50,113:INFO:The numbers in this password are: ['4']
2018-12-15 23:19:50,113:INFO:The '4' was the 2nd character
2018-12-15 23:19:50,113:INFO:

2018-12-15 23:19:50,114:INFO:The symbols in this password are: ['!']
2018-12-15 23:19:50,114:INFO:The '!' was the 5th character
2018-12-15 23:19:50,114:INFO:

2018-12-15 23:19:50,180:INFO:The length of 'T4st!ng' is 7
2018-12-15 23:19:50,181:INFO:As a list it looks like this ['T', '4', 's', 't', '!', 'n', 'g']
2018-12-15 23:19:50,181:INFO:The letters in this password are: ['T', 's', 't', 'n', 'g']
2018-12-15 23:19:50,181:INFO:The 'T' was the 1st character
2018-12-15 23:19:50,181:INFO:The 's' was the 3rd character
2018-12-15 23:19:50,182:INFO:The 't' was the 4th character
2018-12-15 23:19:50,182:INFO:The 'n' was the 6th character
2018-12-15 23:19:50,182:INFO:The 'g' was the 7th character
2018-12-15 23:19:50,182:INFO:

2018-12-15 23:19:50,182:INFO:The numbers in this password are: ['4']
2018-12-15 23:19:50,182:INFO:The '4' was the 2nd character
2018-12-15 23:19:50,182:INFO:

2018-12-15 23:19:50,183:INFO:The symbols in this password are: ['!']
2018-12-15 23:19:50,183:INFO:The '!' was the 5th character
2018-12-15 23:19:50,183:INFO:

2018-12-15 23:19:50,246:INFO:The length of 'T4st!ng' is 7
2018-12-15 23:19:50,246:INFO:As a list it looks like this ['T', '4', 's', 't', '!', 'n', 'g']
2018-12-15 23:19:50,247:INFO:The letters in this password are: ['T', 's', 't', 'n', 'g']
2018-12-15 23:19:50,247:INFO:The 'T' was the 1st character
2018-12-15 23:19:50,247:INFO:The 's' was the 3rd character
2018-12-15 23:19:50,248:INFO:The 't' was the 4th character
2018-12-15 23:19:50,248:INFO:The 'n' was the 6th character
2018-12-15 23:19:50,248:INFO:The 'g' was the 7th character
2018-12-15 23:19:50,248:INFO:

2018-12-15 23:19:50,248:INFO:The numbers in this password are: ['4']
2018-12-15 23:19:50,248:INFO:The '4' was the 2nd character
2018-12-15 23:19:50,248:INFO:

2018-12-15 23:19:50,249:INFO:The symbols in this password are: ['!']
2018-12-15 23:19:50,249:INFO:The '!' was the 5th character
2018-12-15 23:19:50,249:INFO:

2018-12-15 23:19:50,307:INFO:The length of 'T4st!ng' is 7
2018-12-15 23:19:50,307:INFO:As a list it looks like this ['T', '4', 's', 't', '!', 'n', 'g']
2018-12-15 23:19:50,307:INFO:The letters in this password are: ['T', 's', 't', 'n', 'g']
2018-12-15 23:19:50,308:INFO:The 'T' was the 1st character
2018-12-15 23:19:50,308:INFO:The 's' was the 3rd character
2018-12-15 23:19:50,308:INFO:The 't' was the 4th character
2018-12-15 23:19:50,309:INFO:The 'n' was the 6th character
2018-12-15 23:19:50,309:INFO:The 'g' was the 7th character
2018-12-15 23:19:50,309:INFO:

2018-12-15 23:19:50,309:INFO:The numbers in this password are: ['4']
2018-12-15 23:19:50,309:INFO:The '4' was the 2nd character
2018-12-15 23:19:50,309:INFO:

2018-12-15 23:19:50,310:INFO:The symbols in this password are: ['!']
2018-12-15 23:19:50,310:INFO:The '!' was the 5th character
2018-12-15 23:19:50,310:INFO:

2018-12-15 23:19:50,372:INFO:The length of 'T4st!ng' is 7
2018-12-15 23:19:50,372:INFO:As a list it looks like this ['T', '4', 's', 't', '!', 'n', 'g']
2018-12-15 23:19:50,373:INFO:The letters in this password are: ['T', 's', 't', 'n', 'g']
2018-12-15 23:19:50,373:INFO:The 'T' was the 1st character
2018-12-15 23:19:50,373:INFO:The 's' was the 3rd character
2018-12-15 23:19:50,373:INFO:The 't' was the 4th character
2018-12-15 23:19:50,374:INFO:The 'n' was the 6th character
2018-12-15 23:19:50,374:INFO:The 'g' was the 7th character
2018-12-15 23:19:50,374:INFO:

2018-12-15 23:19:50,374:INFO:The numbers in this password are: ['4']
2018-12-15 23:19:50,375:INFO:The '4' was the 2nd character
2018-12-15 23:19:50,375:INFO:

2018-12-15 23:19:50,375:INFO:The symbols in this password are: ['!']
2018-12-15 23:19:50,375:INFO:The '!' was the 5th character
2018-12-15 23:19:50,376:INFO:

2018-12-15 23:19:50,436:INFO:The length of 'T4st!ng' is 7
2018-12-15 23:19:50,437:INFO:As a list it looks like this ['T', '4', 's', 't', '!', 'n', 'g']
2018-12-15 23:19:50,437:INFO:The letters in this password are: ['T', 's', 't', 'n', 'g']
2018-12-15 23:19:50,437:INFO:The 'T' was the 1st character
2018-12-15 23:19:50,438:INFO:The 's' was the 3rd character
2018-12-15 23:19:50,438:INFO:The 't' was the 4th character
2018-12-15 23:19:50,438:INFO:The 'n' was the 6th character
2018-12-15 23:19:50,438:INFO:The 'g' was the 7th character
2018-12-15 23:19:50,438:INFO:

2018-12-15 23:19:50,438:INFO:The numbers in this password are: ['4']
2018-12-15 23:19:50,439:INFO:The '4' was the 2nd character
2018-12-15 23:19:50,439:INFO:

2018-12-15 23:19:50,439:INFO:The symbols in this password are: ['!']
2018-12-15 23:19:50,439:INFO:The '!' was the 5th character
2018-12-15 23:19:50,439:INFO:

2018-12-15 23:19:50,505:INFO:The length of 'T4st!ng' is 7
2018-12-15 23:19:50,506:INFO:As a list it looks like this ['T', '4', 's', 't', '!', 'n', 'g']
2018-12-15 23:19:50,506:INFO:The letters in this password are: ['T', 's', 't', 'n', 'g']
2018-12-15 23:19:50,506:INFO:The 'T' was the 1st character
2018-12-15 23:19:50,506:INFO:The 's' was the 3rd character
2018-12-15 23:19:50,507:INFO:The 't' was the 4th character
2018-12-15 23:19:50,507:INFO:The 'n' was the 6th character
2018-12-15 23:19:50,507:INFO:The 'g' was the 7th character
2018-12-15 23:19:50,507:INFO:

2018-12-15 23:19:50,507:INFO:The numbers in this password are: ['4']
2018-12-15 23:19:50,508:INFO:The '4' was the 2nd character
2018-12-15 23:19:50,508:INFO:

2018-12-15 23:19:50,508:INFO:The symbols in this password are: ['!']
2018-12-15 23:19:50,508:INFO:The '!' was the 5th character
2018-12-15 23:19:50,509:INFO:

2018-12-15 23:19:50,578:INFO:The length of 'T4st!ng' is 7
2018-12-15 23:19:50,579:INFO:As a list it looks like this ['T', '4', 's', 't', '!', 'n', 'g']
2018-12-15 23:19:50,579:INFO:The letters in this password are: ['T', 's', 't', 'n', 'g']
2018-12-15 23:19:50,579:INFO:The 'T' was the 1st character
2018-12-15 23:19:50,580:INFO:The 's' was the 3rd character
2018-12-15 23:19:50,580:INFO:The 't' was the 4th character
2018-12-15 23:19:50,580:INFO:The 'n' was the 6th character
2018-12-15 23:19:50,580:INFO:The 'g' was the 7th character
2018-12-15 23:19:50,580:INFO:

2018-12-15 23:19:50,581:INFO:The numbers in this password are: ['4']
2018-12-15 23:19:50,581:INFO:The '4' was the 2nd character
2018-12-15 23:19:50,581:INFO:

2018-12-15 23:19:50,581:INFO:The symbols in this password are: ['!']
2018-12-15 23:19:50,582:INFO:The '!' was the 5th character
2018-12-15 23:19:50,582:INFO:

2018-12-15 23:19:50,644:INFO:The length of 'T4st!ng' is 7
2018-12-15 23:19:50,645:INFO:As a list it looks like this ['T', '4', 's', 't', '!', 'n', 'g']
2018-12-15 23:19:50,645:INFO:The letters in this password are: ['T', 's', 't', 'n', 'g']
2018-12-15 23:19:50,645:INFO:The 'T' was the 1st character
2018-12-15 23:19:50,646:INFO:The 's' was the 3rd character
2018-12-15 23:19:50,646:INFO:The 't' was the 4th character
2018-12-15 23:19:50,646:INFO:The 'n' was the 6th character
2018-12-15 23:19:50,646:INFO:The 'g' was the 7th character
2018-12-15 23:19:50,646:INFO:

2018-12-15 23:19:50,646:INFO:The numbers in this password are: ['4']
2018-12-15 23:19:50,647:INFO:The '4' was the 2nd character
2018-12-15 23:19:50,647:INFO:

2018-12-15 23:19:50,647:INFO:The symbols in this password are: ['!']
2018-12-15 23:19:50,647:INFO:The '!' was the 5th character
2018-12-15 23:19:50,648:INFO:

2018-12-15 23:19:50,706:INFO:The length of 'T4st!ng' is 7
2018-12-15 23:19:50,707:INFO:As a list it looks like this ['T', '4', 's', 't', '!', 'n', 'g']
2018-12-15 23:19:50,707:INFO:The letters in this password are: ['T', 's', 't', 'n', 'g']
2018-12-15 23:19:50,707:INFO:The 'T' was the 1st character
2018-12-15 23:19:50,708:INFO:The 's' was the 3rd character
2018-12-15 23:19:50,708:INFO:The 't' was the 4th character
2018-12-15 23:19:50,708:INFO:The 'n' was the 6th character
2018-12-15 23:19:50,708:INFO:The 'g' was the 7th character
2018-12-15 23:19:50,708:INFO:

2018-12-15 23:19:50,708:INFO:The numbers in this password are: ['4']
2018-12-15 23:19:50,708:INFO:The '4' was the 2nd character
2018-12-15 23:19:50,709:INFO:

2018-12-15 23:19:50,709:INFO:The symbols in this password are: ['!']
2018-12-15 23:19:50,709:INFO:The '!' was the 5th character
2018-12-15 23:19:50,709:INFO:

2018-12-15 23:19:50,766:INFO:The length of 'T4st!ng' is 7
2018-12-15 23:19:50,767:INFO:As a list it looks like this ['T', '4', 's', 't', '!', 'n', 'g']
2018-12-15 23:19:50,767:INFO:The letters in this password are: ['T', 's', 't', 'n', 'g']
2018-12-15 23:19:50,767:INFO:The 'T' was the 1st character
2018-12-15 23:19:50,767:INFO:The 's' was the 3rd character
2018-12-15 23:19:50,768:INFO:The 't' was the 4th character
2018-12-15 23:19:50,768:INFO:The 'n' was the 6th character
2018-12-15 23:19:50,768:INFO:The 'g' was the 7th character
2018-12-15 23:19:50,768:INFO:

2018-12-15 23:19:50,768:INFO:The numbers in this password are: ['4']
2018-12-15 23:19:50,768:INFO:The '4' was the 2nd character
2018-12-15 23:19:50,769:INFO:

2018-12-15 23:19:50,769:INFO:The symbols in this password are: ['!']
2018-12-15 23:19:50,769:INFO:The '!' was the 5th character
2018-12-15 23:19:50,769:INFO:

2018-12-15 23:19:50,825:INFO:The length of 'T4st!ng' is 7
2018-12-15 23:19:50,825:INFO:As a list it looks like this ['T', '4', 's', 't', '!', 'n', 'g']
2018-12-15 23:19:50,826:INFO:The letters in this password are: ['T', 's', 't', 'n', 'g']
2018-12-15 23:19:50,826:INFO:The 'T' was the 1st character
2018-12-15 23:19:50,826:INFO:The 's' was the 3rd character
2018-12-15 23:19:50,826:INFO:The 't' was the 4th character
2018-12-15 23:19:50,826:INFO:The 'n' was the 6th character
2018-12-15 23:19:50,826:INFO:The 'g' was the 7th character
2018-12-15 23:19:50,827:INFO:

2018-12-15 23:19:50,827:INFO:The numbers in this password are: ['4']
2018-12-15 23:19:50,827:INFO:The '4' was the 2nd character
2018-12-15 23:19:50,827:INFO:

2018-12-15 23:19:50,827:INFO:The symbols in this password are: ['!']
2018-12-15 23:19:50,827:INFO:The '!' was the 5th character
2018-12-15 23:19:50,828:INFO:

2018-12-15 23:19:50,887:INFO:The length of 'T4st!ng' is 7
2018-12-15 23:19:50,887:INFO:As a list it looks like this ['T', '4', 's', 't', '!', 'n', 'g']
2018-12-15 23:19:50,888:INFO:The letters in this password are: ['T', 's', 't', 'n', 'g']
2018-12-15 23:19:50,888:INFO:The 'T' was the 1st character
2018-12-15 23:19:50,888:INFO:The 's' was the 3rd character
2018-12-15 23:19:50,888:INFO:The 't' was the 4th character
2018-12-15 23:19:50,888:INFO:The 'n' was the 6th character
2018-12-15 23:19:50,888:INFO:The 'g' was the 7th character
2018-12-15 23:19:50,889:INFO:

2018-12-15 23:19:50,889:INFO:The numbers in this password are: ['4']
2018-12-15 23:19:50,889:INFO:The '4' was the 2nd character
2018-12-15 23:19:50,889:INFO:

2018-12-15 23:19:50,889:INFO:The symbols in this password are: ['!']
2018-12-15 23:19:50,889:INFO:The '!' was the 5th character
2018-12-15 23:19:50,890:INFO:

2018-12-15 23:19:50,950:INFO:The length of 'T4st!ng' is 7
2018-12-15 23:19:50,951:INFO:As a list it looks like this ['T', '4', 's', 't', '!', 'n', 'g']
2018-12-15 23:19:50,951:INFO:The letters in this password are: ['T', 's', 't', 'n', 'g']
2018-12-15 23:19:50,951:INFO:The 'T' was the 1st character
2018-12-15 23:19:50,951:INFO:The 's' was the 3rd character
2018-12-15 23:19:50,952:INFO:The 't' was the 4th character
2018-12-15 23:19:50,952:INFO:The 'n' was the 6th character
2018-12-15 23:19:50,952:INFO:The 'g' was the 7th character
2018-12-15 23:19:50,952:INFO:

2018-12-15 23:19:50,952:INFO:The numbers in this password are: ['4']
2018-12-15 23:19:50,952:INFO:The '4' was the 2nd character
2018-12-15 23:19:50,953:INFO:

2018-12-15 23:19:50,953:INFO:The symbols in this password are: ['!']
2018-12-15 23:19:50,953:INFO:The '!' was the 5th character
2018-12-15 23:19:50,953:INFO:

2018-12-15 23:19:51,017:INFO:The length of 'T4st!ng' is 7
2018-12-15 23:19:51,017:INFO:As a list it looks like this ['T', '4', 's', 't', '!', 'n', 'g']
2018-12-15 23:19:51,018:INFO:The letters in this password are: ['T', 's', 't', 'n', 'g']
2018-12-15 23:19:51,018:INFO:The 'T' was the 1st character
2018-12-15 23:19:51,018:INFO:The 's' was the 3rd character
2018-12-15 23:19:51,018:INFO:The 't' was the 4th character
2018-12-15 23:19:51,018:INFO:The 'n' was the 6th character
2018-12-15 23:19:51,018:INFO:The 'g' was the 7th character
2018-12-15 23:19:51,018:INFO:

2018-12-15 23:19:51,019:INFO:The numbers in this password are: ['4']
2018-12-15 23:19:51,019:INFO:The '4' was the 2nd character
2018-12-15 23:19:51,019:INFO:

2018-12-15 23:19:51,019:INFO:The symbols in this password are: ['!']
2018-12-15 23:19:51,019:INFO:The '!' was the 5th character
2018-12-15 23:19:51,019:INFO:

2018-12-15 23:19:51,079:INFO:The length of 'T4st!ng' is 7
2018-12-15 23:19:51,080:INFO:As a list it looks like this ['T', '4', 's', 't', '!', 'n', 'g']
2018-12-15 23:19:51,080:INFO:The letters in this password are: ['T', 's', 't', 'n', 'g']
2018-12-15 23:19:51,080:INFO:The 'T' was the 1st character
2018-12-15 23:19:51,080:INFO:The 's' was the 3rd character
2018-12-15 23:19:51,081:INFO:The 't' was the 4th character
2018-12-15 23:19:51,081:INFO:The 'n' was the 6th character
2018-12-15 23:19:51,081:INFO:The 'g' was the 7th character
2018-12-15 23:19:51,081:INFO:

2018-12-15 23:19:51,081:INFO:The numbers in this password are: ['4']
2018-12-15 23:19:51,082:INFO:The '4' was the 2nd character
2018-12-15 23:19:51,082:INFO:

2018-12-15 23:19:51,082:INFO:The symbols in this password are: ['!']
2018-12-15 23:19:51,082:INFO:The '!' was the 5th character
2018-12-15 23:19:51,083:INFO:

2018-12-15 23:19:51,139:INFO:The length of 'T4st!ng' is 7
2018-12-15 23:19:51,139:INFO:As a list it looks like this ['T', '4', 's', 't', '!', 'n', 'g']
2018-12-15 23:19:51,139:INFO:The letters in this password are: ['T', 's', 't', 'n', 'g']
2018-12-15 23:19:51,139:INFO:The 'T' was the 1st character
2018-12-15 23:19:51,140:INFO:The 's' was the 3rd character
2018-12-15 23:19:51,140:INFO:The 't' was the 4th character
2018-12-15 23:19:51,140:INFO:The 'n' was the 6th character
2018-12-15 23:19:51,140:INFO:The 'g' was the 7th character
2018-12-15 23:19:51,140:INFO:

2018-12-15 23:19:51,140:INFO:The numbers in this password are: ['4']
2018-12-15 23:19:51,140:INFO:The '4' was the 2nd character
2018-12-15 23:19:51,141:INFO:

2018-12-15 23:19:51,141:INFO:The symbols in this password are: ['!']
2018-12-15 23:19:51,141:INFO:The '!' was the 5th character
2018-12-15 23:19:51,141:INFO:

2018-12-15 23:19:51,200:INFO:The length of 'T4st!ng' is 7
2018-12-15 23:19:51,200:INFO:As a list it looks like this ['T', '4', 's', 't', '!', 'n', 'g']
2018-12-15 23:19:51,201:INFO:The letters in this password are: ['T', 's', 't', 'n', 'g']
2018-12-15 23:19:51,201:INFO:The 'T' was the 1st character
2018-12-15 23:19:51,201:INFO:The 's' was the 3rd character
2018-12-15 23:19:51,201:INFO:The 't' was the 4th character
2018-12-15 23:19:51,201:INFO:The 'n' was the 6th character
2018-12-15 23:19:51,201:INFO:The 'g' was the 7th character
2018-12-15 23:19:51,201:INFO:

2018-12-15 23:19:51,201:INFO:The numbers in this password are: ['4']
2018-12-15 23:19:51,202:INFO:The '4' was the 2nd character
2018-12-15 23:19:51,202:INFO:

2018-12-15 23:19:51,202:INFO:The symbols in this password are: ['!']
2018-12-15 23:19:51,202:INFO:The '!' was the 5th character
2018-12-15 23:19:51,202:INFO:

2018-12-15 23:19:51,259:INFO:The length of 'T4st!ng' is 7
2018-12-15 23:19:51,260:INFO:As a list it looks like this ['T', '4', 's', 't', '!', 'n', 'g']
2018-12-15 23:19:51,260:INFO:The letters in this password are: ['T', 's', 't', 'n', 'g']
2018-12-15 23:19:51,261:INFO:The 'T' was the 1st character
2018-12-15 23:19:51,261:INFO:The 's' was the 3rd character
2018-12-15 23:19:51,261:INFO:The 't' was the 4th character
2018-12-15 23:19:51,261:INFO:The 'n' was the 6th character
2018-12-15 23:19:51,261:INFO:The 'g' was the 7th character
2018-12-15 23:19:51,262:INFO:

2018-12-15 23:19:51,262:INFO:The numbers in this password are: ['4']
2018-12-15 23:19:51,262:INFO:The '4' was the 2nd character
2018-12-15 23:19:51,262:INFO:

2018-12-15 23:19:51,263:INFO:The symbols in this password are: ['!']
2018-12-15 23:19:51,263:INFO:The '!' was the 5th character
2018-12-15 23:19:51,263:INFO:

2018-12-15 23:19:51,320:INFO:The length of 'T4st!ng' is 7
2018-12-15 23:19:51,320:INFO:As a list it looks like this ['T', '4', 's', 't', '!', 'n', 'g']
2018-12-15 23:19:51,321:INFO:The letters in this password are: ['T', 's', 't', 'n', 'g']
2018-12-15 23:19:51,321:INFO:The 'T' was the 1st character
2018-12-15 23:19:51,321:INFO:The 's' was the 3rd character
2018-12-15 23:19:51,321:INFO:The 't' was the 4th character
2018-12-15 23:19:51,321:INFO:The 'n' was the 6th character
2018-12-15 23:19:51,322:INFO:The 'g' was the 7th character
2018-12-15 23:19:51,322:INFO:

2018-12-15 23:19:51,322:INFO:The numbers in this password are: ['4']
2018-12-15 23:19:51,322:INFO:The '4' was the 2nd character
2018-12-15 23:19:51,322:INFO:

2018-12-15 23:19:51,323:INFO:The symbols in this password are: ['!']
2018-12-15 23:19:51,323:INFO:The '!' was the 5th character
2018-12-15 23:19:51,323:INFO:

2018-12-15 23:19:51,383:INFO:The length of 'T4st!ng' is 7
2018-12-15 23:19:51,383:INFO:As a list it looks like this ['T', '4', 's', 't', '!', 'n', 'g']
2018-12-15 23:19:51,383:INFO:The letters in this password are: ['T', 's', 't', 'n', 'g']
2018-12-15 23:19:51,384:INFO:The 'T' was the 1st character
2018-12-15 23:19:51,384:INFO:The 's' was the 3rd character
2018-12-15 23:19:51,384:INFO:The 't' was the 4th character
2018-12-15 23:19:51,384:INFO:The 'n' was the 6th character
2018-12-15 23:19:51,384:INFO:The 'g' was the 7th character
2018-12-15 23:19:51,385:INFO:

2018-12-15 23:19:51,385:INFO:The numbers in this password are: ['4']
2018-12-15 23:19:51,385:INFO:The '4' was the 2nd character
2018-12-15 23:19:51,385:INFO:

2018-12-15 23:19:51,385:INFO:The symbols in this password are: ['!']
2018-12-15 23:19:51,385:INFO:The '!' was the 5th character
2018-12-15 23:19:51,386:INFO:

2018-12-15 23:19:51,442:INFO:The length of 'T4st!ng' is 7
2018-12-15 23:19:51,443:INFO:As a list it looks like this ['T', '4', 's', 't', '!', 'n', 'g']
2018-12-15 23:19:51,443:INFO:The letters in this password are: ['T', 's', 't', 'n', 'g']
2018-12-15 23:19:51,444:INFO:The 'T' was the 1st character
2018-12-15 23:19:51,444:INFO:The 's' was the 3rd character
2018-12-15 23:19:51,444:INFO:The 't' was the 4th character
2018-12-15 23:19:51,444:INFO:The 'n' was the 6th character
2018-12-15 23:19:51,444:INFO:The 'g' was the 7th character
2018-12-15 23:19:51,445:INFO:

2018-12-15 23:19:51,445:INFO:The numbers in this password are: ['4']
2018-12-15 23:19:51,445:INFO:The '4' was the 2nd character
2018-12-15 23:19:51,445:INFO:

2018-12-15 23:19:51,445:INFO:The symbols in this password are: ['!']
2018-12-15 23:19:51,446:INFO:The '!' was the 5th character
2018-12-15 23:19:51,446:INFO:

2018-12-15 23:19:51,506:INFO:The length of 'T4st!ng' is 7
2018-12-15 23:19:51,507:INFO:As a list it looks like this ['T', '4', 's', 't', '!', 'n', 'g']
2018-12-15 23:19:51,507:INFO:The letters in this password are: ['T', 's', 't', 'n', 'g']
2018-12-15 23:19:51,508:INFO:The 'T' was the 1st character
2018-12-15 23:19:51,508:INFO:The 's' was the 3rd character
2018-12-15 23:19:51,508:INFO:The 't' was the 4th character
2018-12-15 23:19:51,508:INFO:The 'n' was the 6th character
2018-12-15 23:19:51,508:INFO:The 'g' was the 7th character
2018-12-15 23:19:51,508:INFO:

2018-12-15 23:19:51,509:INFO:The numbers in this password are: ['4']
2018-12-15 23:19:51,509:INFO:The '4' was the 2nd character
2018-12-15 23:19:51,509:INFO:

2018-12-15 23:19:51,509:INFO:The symbols in this password are: ['!']
2018-12-15 23:19:51,509:INFO:The '!' was the 5th character
2018-12-15 23:19:51,510:INFO:

2018-12-15 23:19:51,565:INFO:The length of 'T4st!ng' is 7
2018-12-15 23:19:51,566:INFO:As a list it looks like this ['T', '4', 's', 't', '!', 'n', 'g']
2018-12-15 23:19:51,566:INFO:The letters in this password are: ['T', 's', 't', 'n', 'g']
2018-12-15 23:19:51,566:INFO:The 'T' was the 1st character
2018-12-15 23:19:51,567:INFO:The 's' was the 3rd character
2018-12-15 23:19:51,567:INFO:The 't' was the 4th character
2018-12-15 23:19:51,567:INFO:The 'n' was the 6th character
2018-12-15 23:19:51,567:INFO:The 'g' was the 7th character
2018-12-15 23:19:51,567:INFO:

2018-12-15 23:19:51,567:INFO:The numbers in this password are: ['4']
2018-12-15 23:19:51,568:INFO:The '4' was the 2nd character
2018-12-15 23:19:51,568:INFO:

2018-12-15 23:19:51,568:INFO:The symbols in this password are: ['!']
2018-12-15 23:19:51,568:INFO:The '!' was the 5th character
2018-12-15 23:19:51,569:INFO:

2018-12-15 23:19:51,630:INFO:The length of 'T4st!ng' is 7
2018-12-15 23:19:51,630:INFO:As a list it looks like this ['T', '4', 's', 't', '!', 'n', 'g']
2018-12-15 23:19:51,631:INFO:The letters in this password are: ['T', 's', 't', 'n', 'g']
2018-12-15 23:19:51,631:INFO:The 'T' was the 1st character
2018-12-15 23:19:51,631:INFO:The 's' was the 3rd character
2018-12-15 23:19:51,631:INFO:The 't' was the 4th character
2018-12-15 23:19:51,631:INFO:The 'n' was the 6th character
2018-12-15 23:19:51,631:INFO:The 'g' was the 7th character
2018-12-15 23:19:51,631:INFO:

2018-12-15 23:19:51,632:INFO:The numbers in this password are: ['4']
2018-12-15 23:19:51,632:INFO:The '4' was the 2nd character
2018-12-15 23:19:51,632:INFO:

2018-12-15 23:19:51,632:INFO:The symbols in this password are: ['!']
2018-12-15 23:19:51,632:INFO:The '!' was the 5th character
2018-12-15 23:19:51,632:INFO:

2018-12-15 23:19:51,696:INFO:The length of 'T4st!ng' is 7
2018-12-15 23:19:51,696:INFO:As a list it looks like this ['T', '4', 's', 't', '!', 'n', 'g']
2018-12-15 23:19:51,696:INFO:The letters in this password are: ['T', 's', 't', 'n', 'g']
2018-12-15 23:19:51,697:INFO:The 'T' was the 1st character
2018-12-15 23:19:51,697:INFO:The 's' was the 3rd character
2018-12-15 23:19:51,697:INFO:The 't' was the 4th character
2018-12-15 23:19:51,697:INFO:The 'n' was the 6th character
2018-12-15 23:19:51,697:INFO:The 'g' was the 7th character
2018-12-15 23:19:51,697:INFO:

2018-12-15 23:19:51,698:INFO:The numbers in this password are: ['4']
2018-12-15 23:19:51,698:INFO:The '4' was the 2nd character
2018-12-15 23:19:51,698:INFO:

2018-12-15 23:19:51,698:INFO:The symbols in this password are: ['!']
2018-12-15 23:19:51,698:INFO:The '!' was the 5th character
2018-12-15 23:19:51,698:INFO:

2018-12-15 23:19:51,756:INFO:The length of 'T4st!ng' is 7
2018-12-15 23:19:51,756:INFO:As a list it looks like this ['T', '4', 's', 't', '!', 'n', 'g']
2018-12-15 23:19:51,757:INFO:The letters in this password are: ['T', 's', 't', 'n', 'g']
2018-12-15 23:19:51,757:INFO:The 'T' was the 1st character
2018-12-15 23:19:51,757:INFO:The 's' was the 3rd character
2018-12-15 23:19:51,757:INFO:The 't' was the 4th character
2018-12-15 23:19:51,757:INFO:The 'n' was the 6th character
2018-12-15 23:19:51,758:INFO:The 'g' was the 7th character
2018-12-15 23:19:51,758:INFO:

2018-12-15 23:19:51,758:INFO:The numbers in this password are: ['4']
2018-12-15 23:19:51,758:INFO:The '4' was the 2nd character
2018-12-15 23:19:51,758:INFO:

2018-12-15 23:19:51,759:INFO:The symbols in this password are: ['!']
2018-12-15 23:19:51,759:INFO:The '!' was the 5th character
2018-12-15 23:19:51,759:INFO:

2018-12-15 23:19:51,837:INFO:The length of 'T4st!ng' is 7
2018-12-15 23:19:51,838:INFO:As a list it looks like this ['T', '4', 's', 't', '!', 'n', 'g']
2018-12-15 23:19:51,838:INFO:The letters in this password are: ['T', 's', 't', 'n', 'g']
2018-12-15 23:19:51,838:INFO:The 'T' was the 1st character
2018-12-15 23:19:51,839:INFO:The 's' was the 3rd character
2018-12-15 23:19:51,839:INFO:The 't' was the 4th character
2018-12-15 23:19:51,839:INFO:The 'n' was the 6th character
2018-12-15 23:19:51,839:INFO:The 'g' was the 7th character
2018-12-15 23:19:51,839:INFO:

2018-12-15 23:19:51,839:INFO:The numbers in this password are: ['4']
2018-12-15 23:19:51,839:INFO:The '4' was the 2nd character
2018-12-15 23:19:51,839:INFO:

2018-12-15 23:19:51,840:INFO:The symbols in this password are: ['!']
2018-12-15 23:19:51,840:INFO:The '!' was the 5th character
2018-12-15 23:19:51,840:INFO:

2018-12-15 23:19:51,900:INFO:The length of 'T4st!ng' is 7
2018-12-15 23:19:51,900:INFO:As a list it looks like this ['T', '4', 's', 't', '!', 'n', 'g']
2018-12-15 23:19:51,901:INFO:The letters in this password are: ['T', 's', 't', 'n', 'g']
2018-12-15 23:19:51,901:INFO:The 'T' was the 1st character
2018-12-15 23:19:51,901:INFO:The 's' was the 3rd character
2018-12-15 23:19:51,901:INFO:The 't' was the 4th character
2018-12-15 23:19:51,902:INFO:The 'n' was the 6th character
2018-12-15 23:19:51,902:INFO:The 'g' was the 7th character
2018-12-15 23:19:51,902:INFO:

2018-12-15 23:19:51,902:INFO:The numbers in this password are: ['4']
2018-12-15 23:19:51,902:INFO:The '4' was the 2nd character
2018-12-15 23:19:51,903:INFO:

2018-12-15 23:19:51,903:INFO:The symbols in this password are: ['!']
2018-12-15 23:19:51,903:INFO:The '!' was the 5th character
2018-12-15 23:19:51,903:INFO:

2018-12-15 23:19:51,962:INFO:The length of 'T4st!ng' is 7
2018-12-15 23:19:51,962:INFO:As a list it looks like this ['T', '4', 's', 't', '!', 'n', 'g']
2018-12-15 23:19:51,963:INFO:The letters in this password are: ['T', 's', 't', 'n', 'g']
2018-12-15 23:19:51,963:INFO:The 'T' was the 1st character
2018-12-15 23:19:51,963:INFO:The 's' was the 3rd character
2018-12-15 23:19:51,963:INFO:The 't' was the 4th character
2018-12-15 23:19:51,964:INFO:The 'n' was the 6th character
2018-12-15 23:19:51,964:INFO:The 'g' was the 7th character
2018-12-15 23:19:51,964:INFO:

2018-12-15 23:19:51,964:INFO:The numbers in this password are: ['4']
2018-12-15 23:19:51,964:INFO:The '4' was the 2nd character
2018-12-15 23:19:51,964:INFO:

2018-12-15 23:19:51,965:INFO:The symbols in this password are: ['!']
2018-12-15 23:19:51,965:INFO:The '!' was the 5th character
2018-12-15 23:19:51,965:INFO:

2018-12-15 23:19:52,029:INFO:The length of 'T4st!ng' is 7
2018-12-15 23:19:52,029:INFO:As a list it looks like this ['T', '4', 's', 't', '!', 'n', 'g']
2018-12-15 23:19:52,030:INFO:The letters in this password are: ['T', 's', 't', 'n', 'g']
2018-12-15 23:19:52,030:INFO:The 'T' was the 1st character
2018-12-15 23:19:52,030:INFO:The 's' was the 3rd character
2018-12-15 23:19:52,030:INFO:The 't' was the 4th character
2018-12-15 23:19:52,031:INFO:The 'n' was the 6th character
2018-12-15 23:19:52,031:INFO:The 'g' was the 7th character
2018-12-15 23:19:52,031:INFO:

2018-12-15 23:19:52,031:INFO:The numbers in this password are: ['4']
2018-12-15 23:19:52,031:INFO:The '4' was the 2nd character
2018-12-15 23:19:52,031:INFO:

2018-12-15 23:19:52,032:INFO:The symbols in this password are: ['!']
2018-12-15 23:19:52,032:INFO:The '!' was the 5th character
2018-12-15 23:19:52,032:INFO:

2018-12-15 23:19:52,090:INFO:The length of 'T4st!ng' is 7
2018-12-15 23:19:52,090:INFO:As a list it looks like this ['T', '4', 's', 't', '!', 'n', 'g']
2018-12-15 23:19:52,090:INFO:The letters in this password are: ['T', 's', 't', 'n', 'g']
2018-12-15 23:19:52,091:INFO:The 'T' was the 1st character
2018-12-15 23:19:52,091:INFO:The 's' was the 3rd character
2018-12-15 23:19:52,091:INFO:The 't' was the 4th character
2018-12-15 23:19:52,091:INFO:The 'n' was the 6th character
2018-12-15 23:19:52,091:INFO:The 'g' was the 7th character
2018-12-15 23:19:52,091:INFO:

2018-12-15 23:19:52,092:INFO:The numbers in this password are: ['4']
2018-12-15 23:19:52,092:INFO:The '4' was the 2nd character
2018-12-15 23:19:52,092:INFO:

2018-12-15 23:19:52,092:INFO:The symbols in this password are: ['!']
2018-12-15 23:19:52,092:INFO:The '!' was the 5th character
2018-12-15 23:19:52,093:INFO:

2018-12-15 23:19:52,150:INFO:The length of 'T4st!ng' is 7
2018-12-15 23:19:52,150:INFO:As a list it looks like this ['T', '4', 's', 't', '!', 'n', 'g']
2018-12-15 23:19:52,150:INFO:The letters in this password are: ['T', 's', 't', 'n', 'g']
2018-12-15 23:19:52,151:INFO:The 'T' was the 1st character
2018-12-15 23:19:52,151:INFO:The 's' was the 3rd character
2018-12-15 23:19:52,151:INFO:The 't' was the 4th character
2018-12-15 23:19:52,151:INFO:The 'n' was the 6th character
2018-12-15 23:19:52,151:INFO:The 'g' was the 7th character
2018-12-15 23:19:52,151:INFO:

2018-12-15 23:19:52,152:INFO:The numbers in this password are: ['4']
2018-12-15 23:19:52,152:INFO:The '4' was the 2nd character
2018-12-15 23:19:52,152:INFO:

2018-12-15 23:19:52,152:INFO:The symbols in this password are: ['!']
2018-12-15 23:19:52,153:INFO:The '!' was the 5th character
2018-12-15 23:19:52,153:INFO:

2018-12-15 23:19:52,212:INFO:The length of 'T4st!ng' is 7
2018-12-15 23:19:52,212:INFO:As a list it looks like this ['T', '4', 's', 't', '!', 'n', 'g']
2018-12-15 23:19:52,212:INFO:The letters in this password are: ['T', 's', 't', 'n', 'g']
2018-12-15 23:19:52,213:INFO:The 'T' was the 1st character
2018-12-15 23:19:52,213:INFO:The 's' was the 3rd character
2018-12-15 23:19:52,213:INFO:The 't' was the 4th character
2018-12-15 23:19:52,213:INFO:The 'n' was the 6th character
2018-12-15 23:19:52,213:INFO:The 'g' was the 7th character
2018-12-15 23:19:52,214:INFO:

2018-12-15 23:19:52,214:INFO:The numbers in this password are: ['4']
2018-12-15 23:19:52,214:INFO:The '4' was the 2nd character
2018-12-15 23:19:52,214:INFO:

2018-12-15 23:19:52,215:INFO:The symbols in this password are: ['!']
2018-12-15 23:19:52,215:INFO:The '!' was the 5th character
2018-12-15 23:19:52,215:INFO:

2018-12-15 23:19:52,287:INFO:The length of 'T4st!ng' is 7
2018-12-15 23:19:52,288:INFO:As a list it looks like this ['T', '4', 's', 't', '!', 'n', 'g']
2018-12-15 23:19:52,288:INFO:The letters in this password are: ['T', 's', 't', 'n', 'g']
2018-12-15 23:19:52,288:INFO:The 'T' was the 1st character
2018-12-15 23:19:52,288:INFO:The 's' was the 3rd character
2018-12-15 23:19:52,288:INFO:The 't' was the 4th character
2018-12-15 23:19:52,289:INFO:The 'n' was the 6th character
2018-12-15 23:19:52,289:INFO:The 'g' was the 7th character
2018-12-15 23:19:52,289:INFO:

2018-12-15 23:19:52,289:INFO:The numbers in this password are: ['4']
2018-12-15 23:19:52,289:INFO:The '4' was the 2nd character
2018-12-15 23:19:52,289:INFO:

2018-12-15 23:19:52,290:INFO:The symbols in this password are: ['!']
2018-12-15 23:19:52,290:INFO:The '!' was the 5th character
2018-12-15 23:19:52,290:INFO:

2018-12-15 23:19:52,347:INFO:The length of 'T4st!ng' is 7
2018-12-15 23:19:52,348:INFO:As a list it looks like this ['T', '4', 's', 't', '!', 'n', 'g']
2018-12-15 23:19:52,348:INFO:The letters in this password are: ['T', 's', 't', 'n', 'g']
2018-12-15 23:19:52,348:INFO:The 'T' was the 1st character
2018-12-15 23:19:52,348:INFO:The 's' was the 3rd character
2018-12-15 23:19:52,349:INFO:The 't' was the 4th character
2018-12-15 23:19:52,349:INFO:The 'n' was the 6th character
2018-12-15 23:19:52,349:INFO:The 'g' was the 7th character
2018-12-15 23:19:52,349:INFO:

2018-12-15 23:19:52,349:INFO:The numbers in this password are: ['4']
2018-12-15 23:19:52,349:INFO:The '4' was the 2nd character
2018-12-15 23:19:52,349:INFO:

2018-12-15 23:19:52,350:INFO:The symbols in this password are: ['!']
2018-12-15 23:19:52,350:INFO:The '!' was the 5th character
2018-12-15 23:19:52,350:INFO:

2018-12-15 23:19:52,410:INFO:The length of 'T4st!ng' is 7
2018-12-15 23:19:52,411:INFO:As a list it looks like this ['T', '4', 's', 't', '!', 'n', 'g']
2018-12-15 23:19:52,411:INFO:The letters in this password are: ['T', 's', 't', 'n', 'g']
2018-12-15 23:19:52,411:INFO:The 'T' was the 1st character
2018-12-15 23:19:52,412:INFO:The 's' was the 3rd character
2018-12-15 23:19:52,412:INFO:The 't' was the 4th character
2018-12-15 23:19:52,412:INFO:The 'n' was the 6th character
2018-12-15 23:19:52,412:INFO:The 'g' was the 7th character
2018-12-15 23:19:52,412:INFO:

2018-12-15 23:19:52,412:INFO:The numbers in this password are: ['4']
2018-12-15 23:19:52,412:INFO:The '4' was the 2nd character
2018-12-15 23:19:52,413:INFO:

2018-12-15 23:19:52,413:INFO:The symbols in this password are: ['!']
2018-12-15 23:19:52,413:INFO:The '!' was the 5th character
2018-12-15 23:19:52,413:INFO:

2018-12-15 23:19:52,470:INFO:The length of 'T4st!ng' is 7
2018-12-15 23:19:52,470:INFO:As a list it looks like this ['T', '4', 's', 't', '!', 'n', 'g']
2018-12-15 23:19:52,470:INFO:The letters in this password are: ['T', 's', 't', 'n', 'g']
2018-12-15 23:19:52,470:INFO:The 'T' was the 1st character
2018-12-15 23:19:52,471:INFO:The 's' was the 3rd character
2018-12-15 23:19:52,471:INFO:The 't' was the 4th character
2018-12-15 23:19:52,471:INFO:The 'n' was the 6th character
2018-12-15 23:19:52,471:INFO:The 'g' was the 7th character
2018-12-15 23:19:52,471:INFO:

2018-12-15 23:19:52,472:INFO:The numbers in this password are: ['4']
2018-12-15 23:19:52,472:INFO:The '4' was the 2nd character
2018-12-15 23:19:52,472:INFO:

2018-12-15 23:19:52,472:INFO:The symbols in this password are: ['!']
2018-12-15 23:19:52,472:INFO:The '!' was the 5th character
2018-12-15 23:19:52,472:INFO:

2018-12-15 23:19:52,544:INFO:The length of 'T4st!ng' is 7
2018-12-15 23:19:52,545:INFO:As a list it looks like this ['T', '4', 's', 't', '!', 'n', 'g']
2018-12-15 23:19:52,545:INFO:The letters in this password are: ['T', 's', 't', 'n', 'g']
2018-12-15 23:19:52,545:INFO:The 'T' was the 1st character
2018-12-15 23:19:52,546:INFO:The 's' was the 3rd character
2018-12-15 23:19:52,546:INFO:The 't' was the 4th character
2018-12-15 23:19:52,546:INFO:The 'n' was the 6th character
2018-12-15 23:19:52,546:INFO:The 'g' was the 7th character
2018-12-15 23:19:52,546:INFO:

2018-12-15 23:19:52,546:INFO:The numbers in this password are: ['4']
2018-12-15 23:19:52,546:INFO:The '4' was the 2nd character
2018-12-15 23:19:52,547:INFO:

2018-12-15 23:19:52,547:INFO:The symbols in this password are: ['!']
2018-12-15 23:19:52,547:INFO:The '!' was the 5th character
2018-12-15 23:19:52,547:INFO:

2018-12-15 23:19:52,605:INFO:The length of 'T4st!ng' is 7
2018-12-15 23:19:52,605:INFO:As a list it looks like this ['T', '4', 's', 't', '!', 'n', 'g']
2018-12-15 23:19:52,606:INFO:The letters in this password are: ['T', 's', 't', 'n', 'g']
2018-12-15 23:19:52,606:INFO:The 'T' was the 1st character
2018-12-15 23:19:52,606:INFO:The 's' was the 3rd character
2018-12-15 23:19:52,606:INFO:The 't' was the 4th character
2018-12-15 23:19:52,606:INFO:The 'n' was the 6th character
2018-12-15 23:19:52,607:INFO:The 'g' was the 7th character
2018-12-15 23:19:52,607:INFO:

2018-12-15 23:19:52,607:INFO:The numbers in this password are: ['4']
2018-12-15 23:19:52,607:INFO:The '4' was the 2nd character
2018-12-15 23:19:52,607:INFO:

2018-12-15 23:19:52,607:INFO:The symbols in this password are: ['!']
2018-12-15 23:19:52,608:INFO:The '!' was the 5th character
2018-12-15 23:19:52,608:INFO:

2018-12-15 23:19:52,669:INFO:The length of 'T4st!ng' is 7
2018-12-15 23:19:52,670:INFO:As a list it looks like this ['T', '4', 's', 't', '!', 'n', 'g']
2018-12-15 23:19:52,670:INFO:The letters in this password are: ['T', 's', 't', 'n', 'g']
2018-12-15 23:19:52,670:INFO:The 'T' was the 1st character
2018-12-15 23:19:52,670:INFO:The 's' was the 3rd character
2018-12-15 23:19:52,670:INFO:The 't' was the 4th character
2018-12-15 23:19:52,670:INFO:The 'n' was the 6th character
2018-12-15 23:19:52,671:INFO:The 'g' was the 7th character
2018-12-15 23:19:52,671:INFO:

2018-12-15 23:19:52,671:INFO:The numbers in this password are: ['4']
2018-12-15 23:19:52,671:INFO:The '4' was the 2nd character
2018-12-15 23:19:52,671:INFO:

2018-12-15 23:19:52,671:INFO:The symbols in this password are: ['!']
2018-12-15 23:19:52,671:INFO:The '!' was the 5th character
2018-12-15 23:19:52,672:INFO:

2018-12-15 23:19:52,728:INFO:The length of 'T4st!ng' is 7
2018-12-15 23:19:52,728:INFO:As a list it looks like this ['T', '4', 's', 't', '!', 'n', 'g']
2018-12-15 23:19:52,729:INFO:The letters in this password are: ['T', 's', 't', 'n', 'g']
2018-12-15 23:19:52,729:INFO:The 'T' was the 1st character
2018-12-15 23:19:52,729:INFO:The 's' was the 3rd character
2018-12-15 23:19:52,729:INFO:The 't' was the 4th character
2018-12-15 23:19:52,729:INFO:The 'n' was the 6th character
2018-12-15 23:19:52,729:INFO:The 'g' was the 7th character
2018-12-15 23:19:52,729:INFO:

2018-12-15 23:19:52,730:INFO:The numbers in this password are: ['4']
2018-12-15 23:19:52,730:INFO:The '4' was the 2nd character
2018-12-15 23:19:52,730:INFO:

2018-12-15 23:19:52,730:INFO:The symbols in this password are: ['!']
2018-12-15 23:19:52,731:INFO:The '!' was the 5th character
2018-12-15 23:19:52,731:INFO:

2018-12-15 23:19:52,790:INFO:The length of 'T4st!ng' is 7
2018-12-15 23:19:52,791:INFO:As a list it looks like this ['T', '4', 's', 't', '!', 'n', 'g']
2018-12-15 23:19:52,791:INFO:The letters in this password are: ['T', 's', 't', 'n', 'g']
2018-12-15 23:19:52,791:INFO:The 'T' was the 1st character
2018-12-15 23:19:52,792:INFO:The 's' was the 3rd character
2018-12-15 23:19:52,792:INFO:The 't' was the 4th character
2018-12-15 23:19:52,792:INFO:The 'n' was the 6th character
2018-12-15 23:19:52,792:INFO:The 'g' was the 7th character
2018-12-15 23:19:52,792:INFO:

2018-12-15 23:19:52,792:INFO:The numbers in this password are: ['4']
2018-12-15 23:19:52,793:INFO:The '4' was the 2nd character
2018-12-15 23:19:52,793:INFO:

2018-12-15 23:19:52,793:INFO:The symbols in this password are: ['!']
2018-12-15 23:19:52,793:INFO:The '!' was the 5th character
2018-12-15 23:19:52,793:INFO:

2018-12-15 23:19:52,852:INFO:The length of 'T4st!ng' is 7
2018-12-15 23:19:52,853:INFO:As a list it looks like this ['T', '4', 's', 't', '!', 'n', 'g']
2018-12-15 23:19:52,853:INFO:The letters in this password are: ['T', 's', 't', 'n', 'g']
2018-12-15 23:19:52,853:INFO:The 'T' was the 1st character
2018-12-15 23:19:52,854:INFO:The 's' was the 3rd character
2018-12-15 23:19:52,854:INFO:The 't' was the 4th character
2018-12-15 23:19:52,854:INFO:The 'n' was the 6th character
2018-12-15 23:19:52,854:INFO:The 'g' was the 7th character
2018-12-15 23:19:52,854:INFO:

2018-12-15 23:19:52,855:INFO:The numbers in this password are: ['4']
2018-12-15 23:19:52,855:INFO:The '4' was the 2nd character
2018-12-15 23:19:52,855:INFO:

2018-12-15 23:19:52,856:INFO:The symbols in this password are: ['!']
2018-12-15 23:19:52,856:INFO:The '!' was the 5th character
2018-12-15 23:19:52,856:INFO:

2018-12-15 23:19:52,915:INFO:The length of 'T4st!ng' is 7
2018-12-15 23:19:52,916:INFO:As a list it looks like this ['T', '4', 's', 't', '!', 'n', 'g']
2018-12-15 23:19:52,916:INFO:The letters in this password are: ['T', 's', 't', 'n', 'g']
2018-12-15 23:19:52,916:INFO:The 'T' was the 1st character
2018-12-15 23:19:52,917:INFO:The 's' was the 3rd character
2018-12-15 23:19:52,917:INFO:The 't' was the 4th character
2018-12-15 23:19:52,917:INFO:The 'n' was the 6th character
2018-12-15 23:19:52,917:INFO:The 'g' was the 7th character
2018-12-15 23:19:52,917:INFO:

2018-12-15 23:19:52,917:INFO:The numbers in this password are: ['4']
2018-12-15 23:19:52,917:INFO:The '4' was the 2nd character
2018-12-15 23:19:52,917:INFO:

2018-12-15 23:19:52,918:INFO:The symbols in this password are: ['!']
2018-12-15 23:19:52,918:INFO:The '!' was the 5th character
2018-12-15 23:19:52,918:INFO:

2018-12-15 23:19:52,977:INFO:The length of 'T4st!ng' is 7
2018-12-15 23:19:52,978:INFO:As a list it looks like this ['T', '4', 's', 't', '!', 'n', 'g']
2018-12-15 23:19:52,978:INFO:The letters in this password are: ['T', 's', 't', 'n', 'g']
2018-12-15 23:19:52,978:INFO:The 'T' was the 1st character
2018-12-15 23:19:52,979:INFO:The 's' was the 3rd character
2018-12-15 23:19:52,979:INFO:The 't' was the 4th character
2018-12-15 23:19:52,979:INFO:The 'n' was the 6th character
2018-12-15 23:19:52,979:INFO:The 'g' was the 7th character
2018-12-15 23:19:52,979:INFO:

2018-12-15 23:19:52,980:INFO:The numbers in this password are: ['4']
2018-12-15 23:19:52,980:INFO:The '4' was the 2nd character
2018-12-15 23:19:52,980:INFO:

2018-12-15 23:19:52,980:INFO:The symbols in this password are: ['!']
2018-12-15 23:19:52,980:INFO:The '!' was the 5th character
2018-12-15 23:19:52,980:INFO:

2018-12-15 23:19:53,043:INFO:The length of 'T4st!ng' is 7
2018-12-15 23:19:53,044:INFO:As a list it looks like this ['T', '4', 's', 't', '!', 'n', 'g']
2018-12-15 23:19:53,044:INFO:The letters in this password are: ['T', 's', 't', 'n', 'g']
2018-12-15 23:19:53,044:INFO:The 'T' was the 1st character
2018-12-15 23:19:53,044:INFO:The 's' was the 3rd character
2018-12-15 23:19:53,045:INFO:The 't' was the 4th character
2018-12-15 23:19:53,045:INFO:The 'n' was the 6th character
2018-12-15 23:19:53,045:INFO:The 'g' was the 7th character
2018-12-15 23:19:53,045:INFO:

2018-12-15 23:19:53,045:INFO:The numbers in this password are: ['4']
2018-12-15 23:19:53,045:INFO:The '4' was the 2nd character
2018-12-15 23:19:53,046:INFO:

2018-12-15 23:19:53,046:INFO:The symbols in this password are: ['!']
2018-12-15 23:19:53,046:INFO:The '!' was the 5th character
2018-12-15 23:19:53,046:INFO:

2018-12-15 23:19:53,105:INFO:The length of 'T4st!ng' is 7
2018-12-15 23:19:53,106:INFO:As a list it looks like this ['T', '4', 's', 't', '!', 'n', 'g']
2018-12-15 23:19:53,106:INFO:The letters in this password are: ['T', 's', 't', 'n', 'g']
2018-12-15 23:19:53,106:INFO:The 'T' was the 1st character
2018-12-15 23:19:53,106:INFO:The 's' was the 3rd character
2018-12-15 23:19:53,106:INFO:The 't' was the 4th character
2018-12-15 23:19:53,106:INFO:The 'n' was the 6th character
2018-12-15 23:19:53,107:INFO:The 'g' was the 7th character
2018-12-15 23:19:53,107:INFO:

2018-12-15 23:19:53,107:INFO:The numbers in this password are: ['4']
2018-12-15 23:19:53,107:INFO:The '4' was the 2nd character
2018-12-15 23:19:53,107:INFO:

2018-12-15 23:19:53,107:INFO:The symbols in this password are: ['!']
2018-12-15 23:19:53,108:INFO:The '!' was the 5th character
2018-12-15 23:19:53,108:INFO:

2018-12-15 23:19:53,163:INFO:The length of 'T4st!ng' is 7
2018-12-15 23:19:53,163:INFO:As a list it looks like this ['T', '4', 's', 't', '!', 'n', 'g']
2018-12-15 23:19:53,163:INFO:The letters in this password are: ['T', 's', 't', 'n', 'g']
2018-12-15 23:19:53,164:INFO:The 'T' was the 1st character
2018-12-15 23:19:53,164:INFO:The 's' was the 3rd character
2018-12-15 23:19:53,164:INFO:The 't' was the 4th character
2018-12-15 23:19:53,164:INFO:The 'n' was the 6th character
2018-12-15 23:19:53,164:INFO:The 'g' was the 7th character
2018-12-15 23:19:53,164:INFO:

2018-12-15 23:19:53,165:INFO:The numbers in this password are: ['4']
2018-12-15 23:19:53,165:INFO:The '4' was the 2nd character
2018-12-15 23:19:53,165:INFO:

2018-12-15 23:19:53,165:INFO:The symbols in this password are: ['!']
2018-12-15 23:19:53,165:INFO:The '!' was the 5th character
2018-12-15 23:19:53,166:INFO:

2018-12-15 23:19:53,227:INFO:The length of 'T4st!ng' is 7
2018-12-15 23:19:53,227:INFO:As a list it looks like this ['T', '4', 's', 't', '!', 'n', 'g']
2018-12-15 23:19:53,227:INFO:The letters in this password are: ['T', 's', 't', 'n', 'g']
2018-12-15 23:19:53,228:INFO:The 'T' was the 1st character
2018-12-15 23:19:53,228:INFO:The 's' was the 3rd character
2018-12-15 23:19:53,228:INFO:The 't' was the 4th character
2018-12-15 23:19:53,228:INFO:The 'n' was the 6th character
2018-12-15 23:19:53,228:INFO:The 'g' was the 7th character
2018-12-15 23:19:53,228:INFO:

2018-12-15 23:19:53,228:INFO:The numbers in this password are: ['4']
2018-12-15 23:19:53,229:INFO:The '4' was the 2nd character
2018-12-15 23:19:53,229:INFO:

2018-12-15 23:19:53,229:INFO:The symbols in this password are: ['!']
2018-12-15 23:19:53,229:INFO:The '!' was the 5th character
2018-12-15 23:19:53,229:INFO:

2018-12-15 23:19:53,286:INFO:The length of 'T4st!ng' is 7
2018-12-15 23:19:53,286:INFO:As a list it looks like this ['T', '4', 's', 't', '!', 'n', 'g']
2018-12-15 23:19:53,287:INFO:The letters in this password are: ['T', 's', 't', 'n', 'g']
2018-12-15 23:19:53,287:INFO:The 'T' was the 1st character
2018-12-15 23:19:53,287:INFO:The 's' was the 3rd character
2018-12-15 23:19:53,287:INFO:The 't' was the 4th character
2018-12-15 23:19:53,287:INFO:The 'n' was the 6th character
2018-12-15 23:19:53,287:INFO:The 'g' was the 7th character
2018-12-15 23:19:53,288:INFO:

2018-12-15 23:19:53,288:INFO:The numbers in this password are: ['4']
2018-12-15 23:19:53,288:INFO:The '4' was the 2nd character
2018-12-15 23:19:53,288:INFO:

2018-12-15 23:19:53,288:INFO:The symbols in this password are: ['!']
2018-12-15 23:19:53,288:INFO:The '!' was the 5th character
2018-12-15 23:19:53,289:INFO:

2018-12-15 23:19:53,346:INFO:The length of 'T4st!ng' is 7
2018-12-15 23:19:53,347:INFO:As a list it looks like this ['T', '4', 's', 't', '!', 'n', 'g']
2018-12-15 23:19:53,347:INFO:The letters in this password are: ['T', 's', 't', 'n', 'g']
2018-12-15 23:19:53,347:INFO:The 'T' was the 1st character
2018-12-15 23:19:53,347:INFO:The 's' was the 3rd character
2018-12-15 23:19:53,347:INFO:The 't' was the 4th character
2018-12-15 23:19:53,348:INFO:The 'n' was the 6th character
2018-12-15 23:19:53,348:INFO:The 'g' was the 7th character
2018-12-15 23:19:53,348:INFO:

2018-12-15 23:19:53,348:INFO:The numbers in this password are: ['4']
2018-12-15 23:19:53,348:INFO:The '4' was the 2nd character
2018-12-15 23:19:53,348:INFO:

2018-12-15 23:19:53,349:INFO:The symbols in this password are: ['!']
2018-12-15 23:19:53,349:INFO:The '!' was the 5th character
2018-12-15 23:19:53,349:INFO:

2018-12-15 23:19:53,415:INFO:The length of 'T4st!ng' is 7
2018-12-15 23:19:53,416:INFO:As a list it looks like this ['T', '4', 's', 't', '!', 'n', 'g']
2018-12-15 23:19:53,416:INFO:The letters in this password are: ['T', 's', 't', 'n', 'g']
2018-12-15 23:19:53,417:INFO:The 'T' was the 1st character
2018-12-15 23:19:53,417:INFO:The 's' was the 3rd character
2018-12-15 23:19:53,417:INFO:The 't' was the 4th character
2018-12-15 23:19:53,417:INFO:The 'n' was the 6th character
2018-12-15 23:19:53,418:INFO:The 'g' was the 7th character
2018-12-15 23:19:53,418:INFO:

2018-12-15 23:19:53,418:INFO:The numbers in this password are: ['4']
2018-12-15 23:19:53,418:INFO:The '4' was the 2nd character
2018-12-15 23:19:53,419:INFO:

2018-12-15 23:19:53,419:INFO:The symbols in this password are: ['!']
2018-12-15 23:19:53,419:INFO:The '!' was the 5th character
2018-12-15 23:19:53,419:INFO:

2018-12-15 23:19:53,485:INFO:The length of 'T4st!ng' is 7
2018-12-15 23:19:53,486:INFO:As a list it looks like this ['T', '4', 's', 't', '!', 'n', 'g']
2018-12-15 23:19:53,486:INFO:The letters in this password are: ['T', 's', 't', 'n', 'g']
2018-12-15 23:19:53,486:INFO:The 'T' was the 1st character
2018-12-15 23:19:53,487:INFO:The 's' was the 3rd character
2018-12-15 23:19:53,487:INFO:The 't' was the 4th character
2018-12-15 23:19:53,487:INFO:The 'n' was the 6th character
2018-12-15 23:19:53,487:INFO:The 'g' was the 7th character
2018-12-15 23:19:53,487:INFO:

2018-12-15 23:19:53,488:INFO:The numbers in this password are: ['4']
2018-12-15 23:19:53,488:INFO:The '4' was the 2nd character
2018-12-15 23:19:53,488:INFO:

2018-12-15 23:19:53,488:INFO:The symbols in this password are: ['!']
2018-12-15 23:19:53,488:INFO:The '!' was the 5th character
2018-12-15 23:19:53,489:INFO:

2018-12-15 23:19:53,550:INFO:The length of 'T4st!ng' is 7
2018-12-15 23:19:53,551:INFO:As a list it looks like this ['T', '4', 's', 't', '!', 'n', 'g']
2018-12-15 23:19:53,551:INFO:The letters in this password are: ['T', 's', 't', 'n', 'g']
2018-12-15 23:19:53,551:INFO:The 'T' was the 1st character
2018-12-15 23:19:53,551:INFO:The 's' was the 3rd character
2018-12-15 23:19:53,552:INFO:The 't' was the 4th character
2018-12-15 23:19:53,552:INFO:The 'n' was the 6th character
2018-12-15 23:19:53,552:INFO:The 'g' was the 7th character
2018-12-15 23:19:53,552:INFO:

2018-12-15 23:19:53,553:INFO:The numbers in this password are: ['4']
2018-12-15 23:19:53,553:INFO:The '4' was the 2nd character
2018-12-15 23:19:53,553:INFO:

2018-12-15 23:19:53,554:INFO:The symbols in this password are: ['!']
2018-12-15 23:19:53,554:INFO:The '!' was the 5th character
2018-12-15 23:19:53,554:INFO:

2018-12-15 23:19:53,626:INFO:The length of 'T4st!ng' is 7
2018-12-15 23:19:53,626:INFO:As a list it looks like this ['T', '4', 's', 't', '!', 'n', 'g']
2018-12-15 23:19:53,627:INFO:The letters in this password are: ['T', 's', 't', 'n', 'g']
2018-12-15 23:19:53,627:INFO:The 'T' was the 1st character
2018-12-15 23:19:53,627:INFO:The 's' was the 3rd character
2018-12-15 23:19:53,627:INFO:The 't' was the 4th character
2018-12-15 23:19:53,628:INFO:The 'n' was the 6th character
2018-12-15 23:19:53,628:INFO:The 'g' was the 7th character
2018-12-15 23:19:53,628:INFO:

2018-12-15 23:19:53,628:INFO:The numbers in this password are: ['4']
2018-12-15 23:19:53,628:INFO:The '4' was the 2nd character
2018-12-15 23:19:53,629:INFO:

2018-12-15 23:19:53,629:INFO:The symbols in this password are: ['!']
2018-12-15 23:19:53,629:INFO:The '!' was the 5th character
2018-12-15 23:19:53,629:INFO:

2018-12-15 23:19:53,700:INFO:The length of 'T4st!ng' is 7
2018-12-15 23:19:53,700:INFO:As a list it looks like this ['T', '4', 's', 't', '!', 'n', 'g']
2018-12-15 23:19:53,701:INFO:The letters in this password are: ['T', 's', 't', 'n', 'g']
2018-12-15 23:19:53,701:INFO:The 'T' was the 1st character
2018-12-15 23:19:53,701:INFO:The 's' was the 3rd character
2018-12-15 23:19:53,701:INFO:The 't' was the 4th character
2018-12-15 23:19:53,701:INFO:The 'n' was the 6th character
2018-12-15 23:19:53,701:INFO:The 'g' was the 7th character
2018-12-15 23:19:53,702:INFO:

2018-12-15 23:19:53,702:INFO:The numbers in this password are: ['4']
2018-12-15 23:19:53,702:INFO:The '4' was the 2nd character
2018-12-15 23:19:53,702:INFO:

2018-12-15 23:19:53,702:INFO:The symbols in this password are: ['!']
2018-12-15 23:19:53,702:INFO:The '!' was the 5th character
2018-12-15 23:19:53,703:INFO:

2018-12-15 23:19:53,758:INFO:The length of 'T4st!ng' is 7
2018-12-15 23:19:53,759:INFO:As a list it looks like this ['T', '4', 's', 't', '!', 'n', 'g']
2018-12-15 23:19:53,759:INFO:The letters in this password are: ['T', 's', 't', 'n', 'g']
2018-12-15 23:19:53,759:INFO:The 'T' was the 1st character
2018-12-15 23:19:53,759:INFO:The 's' was the 3rd character
2018-12-15 23:19:53,760:INFO:The 't' was the 4th character
2018-12-15 23:19:53,760:INFO:The 'n' was the 6th character
2018-12-15 23:19:53,760:INFO:The 'g' was the 7th character
2018-12-15 23:19:53,760:INFO:

2018-12-15 23:19:53,760:INFO:The numbers in this password are: ['4']
2018-12-15 23:19:53,760:INFO:The '4' was the 2nd character
2018-12-15 23:19:53,760:INFO:

2018-12-15 23:19:53,761:INFO:The symbols in this password are: ['!']
2018-12-15 23:19:53,761:INFO:The '!' was the 5th character
2018-12-15 23:19:53,761:INFO:

2018-12-15 23:19:53,819:INFO:The length of 'T4st!ng' is 7
2018-12-15 23:19:53,819:INFO:As a list it looks like this ['T', '4', 's', 't', '!', 'n', 'g']
2018-12-15 23:19:53,819:INFO:The letters in this password are: ['T', 's', 't', 'n', 'g']
2018-12-15 23:19:53,820:INFO:The 'T' was the 1st character
2018-12-15 23:19:53,820:INFO:The 's' was the 3rd character
2018-12-15 23:19:53,820:INFO:The 't' was the 4th character
2018-12-15 23:19:53,820:INFO:The 'n' was the 6th character
2018-12-15 23:19:53,820:INFO:The 'g' was the 7th character
2018-12-15 23:19:53,820:INFO:

2018-12-15 23:19:53,820:INFO:The numbers in this password are: ['4']
2018-12-15 23:19:53,821:INFO:The '4' was the 2nd character
2018-12-15 23:19:53,821:INFO:

2018-12-15 23:19:53,821:INFO:The symbols in this password are: ['!']
2018-12-15 23:19:53,821:INFO:The '!' was the 5th character
2018-12-15 23:19:53,821:INFO:

2018-12-15 23:19:53,879:INFO:The length of 'T4st!ng' is 7
2018-12-15 23:19:53,880:INFO:As a list it looks like this ['T', '4', 's', 't', '!', 'n', 'g']
2018-12-15 23:19:53,880:INFO:The letters in this password are: ['T', 's', 't', 'n', 'g']
2018-12-15 23:19:53,880:INFO:The 'T' was the 1st character
2018-12-15 23:19:53,880:INFO:The 's' was the 3rd character
2018-12-15 23:19:53,880:INFO:The 't' was the 4th character
2018-12-15 23:19:53,881:INFO:The 'n' was the 6th character
2018-12-15 23:19:53,881:INFO:The 'g' was the 7th character
2018-12-15 23:19:53,881:INFO:

2018-12-15 23:19:53,881:INFO:The numbers in this password are: ['4']
2018-12-15 23:19:53,881:INFO:The '4' was the 2nd character
2018-12-15 23:19:53,882:INFO:

2018-12-15 23:19:53,882:INFO:The symbols in this password are: ['!']
2018-12-15 23:19:53,882:INFO:The '!' was the 5th character
2018-12-15 23:19:53,882:INFO:

2018-12-15 23:19:53,940:INFO:The length of 'T4st!ng' is 7
2018-12-15 23:19:53,940:INFO:As a list it looks like this ['T', '4', 's', 't', '!', 'n', 'g']
2018-12-15 23:19:53,941:INFO:The letters in this password are: ['T', 's', 't', 'n', 'g']
2018-12-15 23:19:53,941:INFO:The 'T' was the 1st character
2018-12-15 23:19:53,941:INFO:The 's' was the 3rd character
2018-12-15 23:19:53,941:INFO:The 't' was the 4th character
2018-12-15 23:19:53,941:INFO:The 'n' was the 6th character
2018-12-15 23:19:53,941:INFO:The 'g' was the 7th character
2018-12-15 23:19:53,941:INFO:

2018-12-15 23:19:53,942:INFO:The numbers in this password are: ['4']
2018-12-15 23:19:53,942:INFO:The '4' was the 2nd character
2018-12-15 23:19:53,942:INFO:

2018-12-15 23:19:53,942:INFO:The symbols in this password are: ['!']
2018-12-15 23:19:53,942:INFO:The '!' was the 5th character
2018-12-15 23:19:53,942:INFO:

2018-12-15 23:19:54,001:INFO:The length of 'T4st!ng' is 7
2018-12-15 23:19:54,002:INFO:As a list it looks like this ['T', '4', 's', 't', '!', 'n', 'g']
2018-12-15 23:19:54,002:INFO:The letters in this password are: ['T', 's', 't', 'n', 'g']
2018-12-15 23:19:54,003:INFO:The 'T' was the 1st character
2018-12-15 23:19:54,003:INFO:The 's' was the 3rd character
2018-12-15 23:19:54,003:INFO:The 't' was the 4th character
2018-12-15 23:19:54,003:INFO:The 'n' was the 6th character
2018-12-15 23:19:54,003:INFO:The 'g' was the 7th character
2018-12-15 23:19:54,003:INFO:

2018-12-15 23:19:54,004:INFO:The numbers in this password are: ['4']
2018-12-15 23:19:54,004:INFO:The '4' was the 2nd character
2018-12-15 23:19:54,004:INFO:

2018-12-15 23:19:54,004:INFO:The symbols in this password are: ['!']
2018-12-15 23:19:54,004:INFO:The '!' was the 5th character
2018-12-15 23:19:54,005:INFO:

2018-12-15 23:19:54,067:INFO:The length of 'T4st!ng' is 7
2018-12-15 23:19:54,067:INFO:As a list it looks like this ['T', '4', 's', 't', '!', 'n', 'g']
2018-12-15 23:19:54,067:INFO:The letters in this password are: ['T', 's', 't', 'n', 'g']
2018-12-15 23:19:54,067:INFO:The 'T' was the 1st character
2018-12-15 23:19:54,068:INFO:The 's' was the 3rd character
2018-12-15 23:19:54,068:INFO:The 't' was the 4th character
2018-12-15 23:19:54,068:INFO:The 'n' was the 6th character
2018-12-15 23:19:54,068:INFO:The 'g' was the 7th character
2018-12-15 23:19:54,068:INFO:

2018-12-15 23:19:54,069:INFO:The numbers in this password are: ['4']
2018-12-15 23:19:54,069:INFO:The '4' was the 2nd character
2018-12-15 23:19:54,069:INFO:

2018-12-15 23:19:54,069:INFO:The symbols in this password are: ['!']
2018-12-15 23:19:54,069:INFO:The '!' was the 5th character
2018-12-15 23:19:54,069:INFO:

2018-12-15 23:19:54,127:INFO:The length of 'T4st!ng' is 7
2018-12-15 23:19:54,128:INFO:As a list it looks like this ['T', '4', 's', 't', '!', 'n', 'g']
2018-12-15 23:19:54,128:INFO:The letters in this password are: ['T', 's', 't', 'n', 'g']
2018-12-15 23:19:54,128:INFO:The 'T' was the 1st character
2018-12-15 23:19:54,128:INFO:The 's' was the 3rd character
2018-12-15 23:19:54,128:INFO:The 't' was the 4th character
2018-12-15 23:19:54,128:INFO:The 'n' was the 6th character
2018-12-15 23:19:54,129:INFO:The 'g' was the 7th character
2018-12-15 23:19:54,129:INFO:

2018-12-15 23:19:54,129:INFO:The numbers in this password are: ['4']
2018-12-15 23:19:54,129:INFO:The '4' was the 2nd character
2018-12-15 23:19:54,129:INFO:

2018-12-15 23:19:54,129:INFO:The symbols in this password are: ['!']
2018-12-15 23:19:54,129:INFO:The '!' was the 5th character
2018-12-15 23:19:54,130:INFO:

2018-12-15 23:19:54,185:INFO:The length of 'T4st!ng' is 7
2018-12-15 23:19:54,186:INFO:As a list it looks like this ['T', '4', 's', 't', '!', 'n', 'g']
2018-12-15 23:19:54,186:INFO:The letters in this password are: ['T', 's', 't', 'n', 'g']
2018-12-15 23:19:54,186:INFO:The 'T' was the 1st character
2018-12-15 23:19:54,187:INFO:The 's' was the 3rd character
2018-12-15 23:19:54,187:INFO:The 't' was the 4th character
2018-12-15 23:19:54,187:INFO:The 'n' was the 6th character
2018-12-15 23:19:54,187:INFO:The 'g' was the 7th character
2018-12-15 23:19:54,187:INFO:

2018-12-15 23:19:54,187:INFO:The numbers in this password are: ['4']
2018-12-15 23:19:54,188:INFO:The '4' was the 2nd character
2018-12-15 23:19:54,188:INFO:

2018-12-15 23:19:54,188:INFO:The symbols in this password are: ['!']
2018-12-15 23:19:54,188:INFO:The '!' was the 5th character
2018-12-15 23:19:54,188:INFO:

2018-12-15 23:19:54,244:INFO:The length of 'T4st!ng' is 7
2018-12-15 23:19:54,244:INFO:As a list it looks like this ['T', '4', 's', 't', '!', 'n', 'g']
2018-12-15 23:19:54,244:INFO:The letters in this password are: ['T', 's', 't', 'n', 'g']
2018-12-15 23:19:54,245:INFO:The 'T' was the 1st character
2018-12-15 23:19:54,245:INFO:The 's' was the 3rd character
2018-12-15 23:19:54,245:INFO:The 't' was the 4th character
2018-12-15 23:19:54,245:INFO:The 'n' was the 6th character
2018-12-15 23:19:54,246:INFO:The 'g' was the 7th character
2018-12-15 23:19:54,246:INFO:

2018-12-15 23:19:54,246:INFO:The numbers in this password are: ['4']
2018-12-15 23:19:54,246:INFO:The '4' was the 2nd character
2018-12-15 23:19:54,246:INFO:

2018-12-15 23:19:54,247:INFO:The symbols in this password are: ['!']
2018-12-15 23:19:54,247:INFO:The '!' was the 5th character
2018-12-15 23:19:54,247:INFO:

2018-12-15 23:19:54,304:INFO:The length of 'T4st!ng' is 7
2018-12-15 23:19:54,304:INFO:As a list it looks like this ['T', '4', 's', 't', '!', 'n', 'g']
2018-12-15 23:19:54,305:INFO:The letters in this password are: ['T', 's', 't', 'n', 'g']
2018-12-15 23:19:54,305:INFO:The 'T' was the 1st character
2018-12-15 23:19:54,305:INFO:The 's' was the 3rd character
2018-12-15 23:19:54,305:INFO:The 't' was the 4th character
2018-12-15 23:19:54,305:INFO:The 'n' was the 6th character
2018-12-15 23:19:54,305:INFO:The 'g' was the 7th character
2018-12-15 23:19:54,305:INFO:

2018-12-15 23:19:54,305:INFO:The numbers in this password are: ['4']
2018-12-15 23:19:54,306:INFO:The '4' was the 2nd character
2018-12-15 23:19:54,306:INFO:

2018-12-15 23:19:54,306:INFO:The symbols in this password are: ['!']
2018-12-15 23:19:54,306:INFO:The '!' was the 5th character
2018-12-15 23:19:54,306:INFO:

2018-12-15 23:19:54,364:INFO:The length of 'T4st!ng' is 7
2018-12-15 23:19:54,364:INFO:As a list it looks like this ['T', '4', 's', 't', '!', 'n', 'g']
2018-12-15 23:19:54,365:INFO:The letters in this password are: ['T', 's', 't', 'n', 'g']
2018-12-15 23:19:54,365:INFO:The 'T' was the 1st character
2018-12-15 23:19:54,365:INFO:The 's' was the 3rd character
2018-12-15 23:19:54,365:INFO:The 't' was the 4th character
2018-12-15 23:19:54,365:INFO:The 'n' was the 6th character
2018-12-15 23:19:54,365:INFO:The 'g' was the 7th character
2018-12-15 23:19:54,365:INFO:

2018-12-15 23:19:54,366:INFO:The numbers in this password are: ['4']
2018-12-15 23:19:54,366:INFO:The '4' was the 2nd character
2018-12-15 23:19:54,366:INFO:

2018-12-15 23:19:54,366:INFO:The symbols in this password are: ['!']
2018-12-15 23:19:54,366:INFO:The '!' was the 5th character
2018-12-15 23:19:54,366:INFO:

2018-12-15 23:19:54,428:INFO:The length of 'T4st!ng' is 7
2018-12-15 23:19:54,428:INFO:As a list it looks like this ['T', '4', 's', 't', '!', 'n', 'g']
2018-12-15 23:19:54,429:INFO:The letters in this password are: ['T', 's', 't', 'n', 'g']
2018-12-15 23:19:54,429:INFO:The 'T' was the 1st character
2018-12-15 23:19:54,429:INFO:The 's' was the 3rd character
2018-12-15 23:19:54,429:INFO:The 't' was the 4th character
2018-12-15 23:19:54,430:INFO:The 'n' was the 6th character
2018-12-15 23:19:54,430:INFO:The 'g' was the 7th character
2018-12-15 23:19:54,430:INFO:

2018-12-15 23:19:54,430:INFO:The numbers in this password are: ['4']
2018-12-15 23:19:54,430:INFO:The '4' was the 2nd character
2018-12-15 23:19:54,430:INFO:

2018-12-15 23:19:54,431:INFO:The symbols in this password are: ['!']
2018-12-15 23:19:54,431:INFO:The '!' was the 5th character
2018-12-15 23:19:54,431:INFO:

2018-12-15 23:19:54,492:INFO:The length of 'T4st!ng' is 7
2018-12-15 23:19:54,493:INFO:As a list it looks like this ['T', '4', 's', 't', '!', 'n', 'g']
2018-12-15 23:19:54,493:INFO:The letters in this password are: ['T', 's', 't', 'n', 'g']
2018-12-15 23:19:54,493:INFO:The 'T' was the 1st character
2018-12-15 23:19:54,494:INFO:The 's' was the 3rd character
2018-12-15 23:19:54,494:INFO:The 't' was the 4th character
2018-12-15 23:19:54,494:INFO:The 'n' was the 6th character
2018-12-15 23:19:54,494:INFO:The 'g' was the 7th character
2018-12-15 23:19:54,494:INFO:

2018-12-15 23:19:54,494:INFO:The numbers in this password are: ['4']
2018-12-15 23:19:54,494:INFO:The '4' was the 2nd character
2018-12-15 23:19:54,495:INFO:

2018-12-15 23:19:54,495:INFO:The symbols in this password are: ['!']
2018-12-15 23:19:54,495:INFO:The '!' was the 5th character
2018-12-15 23:19:54,495:INFO:

2018-12-15 23:19:54,553:INFO:The length of 'T4st!ng' is 7
2018-12-15 23:19:54,554:INFO:As a list it looks like this ['T', '4', 's', 't', '!', 'n', 'g']
2018-12-15 23:19:54,554:INFO:The letters in this password are: ['T', 's', 't', 'n', 'g']
2018-12-15 23:19:54,554:INFO:The 'T' was the 1st character
2018-12-15 23:19:54,554:INFO:The 's' was the 3rd character
2018-12-15 23:19:54,554:INFO:The 't' was the 4th character
2018-12-15 23:19:54,554:INFO:The 'n' was the 6th character
2018-12-15 23:19:54,555:INFO:The 'g' was the 7th character
2018-12-15 23:19:54,555:INFO:

2018-12-15 23:19:54,555:INFO:The numbers in this password are: ['4']
2018-12-15 23:19:54,555:INFO:The '4' was the 2nd character
2018-12-15 23:19:54,555:INFO:

2018-12-15 23:19:54,555:INFO:The symbols in this password are: ['!']
2018-12-15 23:19:54,556:INFO:The '!' was the 5th character
2018-12-15 23:19:54,556:INFO:

2018-12-15 23:19:54,618:INFO:The length of 'T4st!ng' is 7
2018-12-15 23:19:54,618:INFO:As a list it looks like this ['T', '4', 's', 't', '!', 'n', 'g']
2018-12-15 23:19:54,618:INFO:The letters in this password are: ['T', 's', 't', 'n', 'g']
2018-12-15 23:19:54,619:INFO:The 'T' was the 1st character
2018-12-15 23:19:54,619:INFO:The 's' was the 3rd character
2018-12-15 23:19:54,619:INFO:The 't' was the 4th character
2018-12-15 23:19:54,619:INFO:The 'n' was the 6th character
2018-12-15 23:19:54,619:INFO:The 'g' was the 7th character
2018-12-15 23:19:54,619:INFO:

2018-12-15 23:19:54,619:INFO:The numbers in this password are: ['4']
2018-12-15 23:19:54,619:INFO:The '4' was the 2nd character
2018-12-15 23:19:54,620:INFO:

2018-12-15 23:19:54,620:INFO:The symbols in this password are: ['!']
2018-12-15 23:19:54,620:INFO:The '!' was the 5th character
2018-12-15 23:19:54,620:INFO:

2018-12-15 23:19:54,675:INFO:The length of 'T4st!ng' is 7
2018-12-15 23:19:54,676:INFO:As a list it looks like this ['T', '4', 's', 't', '!', 'n', 'g']
2018-12-15 23:19:54,676:INFO:The letters in this password are: ['T', 's', 't', 'n', 'g']
2018-12-15 23:19:54,676:INFO:The 'T' was the 1st character
2018-12-15 23:19:54,676:INFO:The 's' was the 3rd character
2018-12-15 23:19:54,677:INFO:The 't' was the 4th character
2018-12-15 23:19:54,677:INFO:The 'n' was the 6th character
2018-12-15 23:19:54,677:INFO:The 'g' was the 7th character
2018-12-15 23:19:54,677:INFO:

2018-12-15 23:19:54,678:INFO:The numbers in this password are: ['4']
2018-12-15 23:19:54,678:INFO:The '4' was the 2nd character
2018-12-15 23:19:54,678:INFO:

2018-12-15 23:19:54,678:INFO:The symbols in this password are: ['!']
2018-12-15 23:19:54,679:INFO:The '!' was the 5th character
2018-12-15 23:19:54,679:INFO:

2018-12-15 23:19:54,736:INFO:The length of 'T4st!ng' is 7
2018-12-15 23:19:54,737:INFO:As a list it looks like this ['T', '4', 's', 't', '!', 'n', 'g']
2018-12-15 23:19:54,737:INFO:The letters in this password are: ['T', 's', 't', 'n', 'g']
2018-12-15 23:19:54,737:INFO:The 'T' was the 1st character
2018-12-15 23:19:54,737:INFO:The 's' was the 3rd character
2018-12-15 23:19:54,737:INFO:The 't' was the 4th character
2018-12-15 23:19:54,738:INFO:The 'n' was the 6th character
2018-12-15 23:19:54,738:INFO:The 'g' was the 7th character
2018-12-15 23:19:54,738:INFO:

2018-12-15 23:19:54,738:INFO:The numbers in this password are: ['4']
2018-12-15 23:19:54,738:INFO:The '4' was the 2nd character
2018-12-15 23:19:54,738:INFO:

2018-12-15 23:19:54,739:INFO:The symbols in this password are: ['!']
2018-12-15 23:19:54,739:INFO:The '!' was the 5th character
2018-12-15 23:19:54,739:INFO:

2018-12-15 23:19:54,798:INFO:The length of 'T4st!ng' is 7
2018-12-15 23:19:54,798:INFO:As a list it looks like this ['T', '4', 's', 't', '!', 'n', 'g']
2018-12-15 23:19:54,799:INFO:The letters in this password are: ['T', 's', 't', 'n', 'g']
2018-12-15 23:19:54,799:INFO:The 'T' was the 1st character
2018-12-15 23:19:54,799:INFO:The 's' was the 3rd character
2018-12-15 23:19:54,799:INFO:The 't' was the 4th character
2018-12-15 23:19:54,799:INFO:The 'n' was the 6th character
2018-12-15 23:19:54,800:INFO:The 'g' was the 7th character
2018-12-15 23:19:54,800:INFO:

2018-12-15 23:19:54,800:INFO:The numbers in this password are: ['4']
2018-12-15 23:19:54,800:INFO:The '4' was the 2nd character
2018-12-15 23:19:54,800:INFO:

2018-12-15 23:19:54,800:INFO:The symbols in this password are: ['!']
2018-12-15 23:19:54,801:INFO:The '!' was the 5th character
2018-12-15 23:19:54,801:INFO:

2018-12-15 23:19:54,857:INFO:The length of 'T4st!ng' is 7
2018-12-15 23:19:54,858:INFO:As a list it looks like this ['T', '4', 's', 't', '!', 'n', 'g']
2018-12-15 23:19:54,858:INFO:The letters in this password are: ['T', 's', 't', 'n', 'g']
2018-12-15 23:19:54,859:INFO:The 'T' was the 1st character
2018-12-15 23:19:54,859:INFO:The 's' was the 3rd character
2018-12-15 23:19:54,859:INFO:The 't' was the 4th character
2018-12-15 23:19:54,859:INFO:The 'n' was the 6th character
2018-12-15 23:19:54,859:INFO:The 'g' was the 7th character
2018-12-15 23:19:54,859:INFO:

2018-12-15 23:19:54,860:INFO:The numbers in this password are: ['4']
2018-12-15 23:19:54,860:INFO:The '4' was the 2nd character
2018-12-15 23:19:54,860:INFO:

2018-12-15 23:19:54,860:INFO:The symbols in this password are: ['!']
2018-12-15 23:19:54,860:INFO:The '!' was the 5th character
2018-12-15 23:19:54,860:INFO:

2018-12-15 23:19:54,920:INFO:The length of 'T4st!ng' is 7
2018-12-15 23:19:54,920:INFO:As a list it looks like this ['T', '4', 's', 't', '!', 'n', 'g']
2018-12-15 23:19:54,921:INFO:The letters in this password are: ['T', 's', 't', 'n', 'g']
2018-12-15 23:19:54,921:INFO:The 'T' was the 1st character
2018-12-15 23:19:54,921:INFO:The 's' was the 3rd character
2018-12-15 23:19:54,921:INFO:The 't' was the 4th character
2018-12-15 23:19:54,921:INFO:The 'n' was the 6th character
2018-12-15 23:19:54,921:INFO:The 'g' was the 7th character
2018-12-15 23:19:54,921:INFO:

2018-12-15 23:19:54,922:INFO:The numbers in this password are: ['4']
2018-12-15 23:19:54,922:INFO:The '4' was the 2nd character
2018-12-15 23:19:54,922:INFO:

2018-12-15 23:19:54,922:INFO:The symbols in this password are: ['!']
2018-12-15 23:19:54,922:INFO:The '!' was the 5th character
2018-12-15 23:19:54,923:INFO:

2018-12-15 23:19:54,984:INFO:The length of 'T4st!ng' is 7
2018-12-15 23:19:54,984:INFO:As a list it looks like this ['T', '4', 's', 't', '!', 'n', 'g']
2018-12-15 23:19:54,985:INFO:The letters in this password are: ['T', 's', 't', 'n', 'g']
2018-12-15 23:19:54,985:INFO:The 'T' was the 1st character
2018-12-15 23:19:54,985:INFO:The 's' was the 3rd character
2018-12-15 23:19:54,985:INFO:The 't' was the 4th character
2018-12-15 23:19:54,985:INFO:The 'n' was the 6th character
2018-12-15 23:19:54,986:INFO:The 'g' was the 7th character
2018-12-15 23:19:54,986:INFO:

2018-12-15 23:19:54,986:INFO:The numbers in this password are: ['4']
2018-12-15 23:19:54,986:INFO:The '4' was the 2nd character
2018-12-15 23:19:54,986:INFO:

2018-12-15 23:19:54,987:INFO:The symbols in this password are: ['!']
2018-12-15 23:19:54,987:INFO:The '!' was the 5th character
2018-12-15 23:19:54,987:INFO:

2018-12-15 23:19:55,047:INFO:The length of 'T4st!ng' is 7
2018-12-15 23:19:55,048:INFO:As a list it looks like this ['T', '4', 's', 't', '!', 'n', 'g']
2018-12-15 23:19:55,048:INFO:The letters in this password are: ['T', 's', 't', 'n', 'g']
2018-12-15 23:19:55,048:INFO:The 'T' was the 1st character
2018-12-15 23:19:55,049:INFO:The 's' was the 3rd character
2018-12-15 23:19:55,049:INFO:The 't' was the 4th character
2018-12-15 23:19:55,049:INFO:The 'n' was the 6th character
2018-12-15 23:19:55,049:INFO:The 'g' was the 7th character
2018-12-15 23:19:55,049:INFO:

2018-12-15 23:19:55,049:INFO:The numbers in this password are: ['4']
2018-12-15 23:19:55,049:INFO:The '4' was the 2nd character
2018-12-15 23:19:55,050:INFO:

2018-12-15 23:19:55,050:INFO:The symbols in this password are: ['!']
2018-12-15 23:19:55,050:INFO:The '!' was the 5th character
2018-12-15 23:19:55,050:INFO:

2018-12-15 23:19:55,110:INFO:The length of 'T4st!ng' is 7
2018-12-15 23:19:55,111:INFO:As a list it looks like this ['T', '4', 's', 't', '!', 'n', 'g']
2018-12-15 23:19:55,111:INFO:The letters in this password are: ['T', 's', 't', 'n', 'g']
2018-12-15 23:19:55,112:INFO:The 'T' was the 1st character
2018-12-15 23:19:55,112:INFO:The 's' was the 3rd character
2018-12-15 23:19:55,112:INFO:The 't' was the 4th character
2018-12-15 23:19:55,112:INFO:The 'n' was the 6th character
2018-12-15 23:19:55,112:INFO:The 'g' was the 7th character
2018-12-15 23:19:55,112:INFO:

2018-12-15 23:19:55,113:INFO:The numbers in this password are: ['4']
2018-12-15 23:19:55,113:INFO:The '4' was the 2nd character
2018-12-15 23:19:55,113:INFO:

2018-12-15 23:19:55,113:INFO:The symbols in this password are: ['!']
2018-12-15 23:19:55,113:INFO:The '!' was the 5th character
2018-12-15 23:19:55,114:INFO:

2018-12-15 23:19:55,172:INFO:The length of 'T4st!ng' is 7
2018-12-15 23:19:55,173:INFO:As a list it looks like this ['T', '4', 's', 't', '!', 'n', 'g']
2018-12-15 23:19:55,173:INFO:The letters in this password are: ['T', 's', 't', 'n', 'g']
2018-12-15 23:19:55,173:INFO:The 'T' was the 1st character
2018-12-15 23:19:55,173:INFO:The 's' was the 3rd character
2018-12-15 23:19:55,173:INFO:The 't' was the 4th character
2018-12-15 23:19:55,173:INFO:The 'n' was the 6th character
2018-12-15 23:19:55,174:INFO:The 'g' was the 7th character
2018-12-15 23:19:55,174:INFO:

2018-12-15 23:19:55,174:INFO:The numbers in this password are: ['4']
2018-12-15 23:19:55,174:INFO:The '4' was the 2nd character
2018-12-15 23:19:55,174:INFO:

2018-12-15 23:19:55,175:INFO:The symbols in this password are: ['!']
2018-12-15 23:19:55,175:INFO:The '!' was the 5th character
2018-12-15 23:19:55,175:INFO:

2018-12-15 23:19:55,235:INFO:The length of 'T4st!ng' is 7
2018-12-15 23:19:55,235:INFO:As a list it looks like this ['T', '4', 's', 't', '!', 'n', 'g']
2018-12-15 23:19:55,235:INFO:The letters in this password are: ['T', 's', 't', 'n', 'g']
2018-12-15 23:19:55,236:INFO:The 'T' was the 1st character
2018-12-15 23:19:55,236:INFO:The 's' was the 3rd character
2018-12-15 23:19:55,236:INFO:The 't' was the 4th character
2018-12-15 23:19:55,236:INFO:The 'n' was the 6th character
2018-12-15 23:19:55,236:INFO:The 'g' was the 7th character
2018-12-15 23:19:55,236:INFO:

2018-12-15 23:19:55,237:INFO:The numbers in this password are: ['4']
2018-12-15 23:19:55,237:INFO:The '4' was the 2nd character
2018-12-15 23:19:55,237:INFO:

2018-12-15 23:19:55,237:INFO:The symbols in this password are: ['!']
2018-12-15 23:19:55,237:INFO:The '!' was the 5th character
2018-12-15 23:19:55,237:INFO:

2018-12-15 23:19:55,296:INFO:The length of 'T4st!ng' is 7
2018-12-15 23:19:55,297:INFO:As a list it looks like this ['T', '4', 's', 't', '!', 'n', 'g']
2018-12-15 23:19:55,297:INFO:The letters in this password are: ['T', 's', 't', 'n', 'g']
2018-12-15 23:19:55,298:INFO:The 'T' was the 1st character
2018-12-15 23:19:55,298:INFO:The 's' was the 3rd character
2018-12-15 23:19:55,298:INFO:The 't' was the 4th character
2018-12-15 23:19:55,298:INFO:The 'n' was the 6th character
2018-12-15 23:19:55,298:INFO:The 'g' was the 7th character
2018-12-15 23:19:55,298:INFO:

2018-12-15 23:19:55,299:INFO:The numbers in this password are: ['4']
2018-12-15 23:19:55,299:INFO:The '4' was the 2nd character
2018-12-15 23:19:55,299:INFO:

2018-12-15 23:19:55,299:INFO:The symbols in this password are: ['!']
2018-12-15 23:19:55,299:INFO:The '!' was the 5th character
2018-12-15 23:19:55,299:INFO:

2018-12-15 23:19:55,361:INFO:The length of 'T4st!ng' is 7
2018-12-15 23:19:55,361:INFO:As a list it looks like this ['T', '4', 's', 't', '!', 'n', 'g']
2018-12-15 23:19:55,362:INFO:The letters in this password are: ['T', 's', 't', 'n', 'g']
2018-12-15 23:19:55,362:INFO:The 'T' was the 1st character
2018-12-15 23:19:55,362:INFO:The 's' was the 3rd character
2018-12-15 23:19:55,362:INFO:The 't' was the 4th character
2018-12-15 23:19:55,362:INFO:The 'n' was the 6th character
2018-12-15 23:19:55,363:INFO:The 'g' was the 7th character
2018-12-15 23:19:55,363:INFO:

2018-12-15 23:19:55,363:INFO:The numbers in this password are: ['4']
2018-12-15 23:19:55,363:INFO:The '4' was the 2nd character
2018-12-15 23:19:55,363:INFO:

2018-12-15 23:19:55,364:INFO:The symbols in this password are: ['!']
2018-12-15 23:19:55,364:INFO:The '!' was the 5th character
2018-12-15 23:19:55,364:INFO:

2018-12-15 23:19:55,425:INFO:The length of 'T4st!ng' is 7
2018-12-15 23:19:55,425:INFO:As a list it looks like this ['T', '4', 's', 't', '!', 'n', 'g']
2018-12-15 23:19:55,425:INFO:The letters in this password are: ['T', 's', 't', 'n', 'g']
2018-12-15 23:19:55,425:INFO:The 'T' was the 1st character
2018-12-15 23:19:55,426:INFO:The 's' was the 3rd character
2018-12-15 23:19:55,426:INFO:The 't' was the 4th character
2018-12-15 23:19:55,426:INFO:The 'n' was the 6th character
2018-12-15 23:19:55,426:INFO:The 'g' was the 7th character
2018-12-15 23:19:55,426:INFO:

2018-12-15 23:19:55,427:INFO:The numbers in this password are: ['4']
2018-12-15 23:19:55,427:INFO:The '4' was the 2nd character
2018-12-15 23:19:55,427:INFO:

2018-12-15 23:19:55,427:INFO:The symbols in this password are: ['!']
2018-12-15 23:19:55,427:INFO:The '!' was the 5th character
2018-12-15 23:19:55,427:INFO:

2018-12-15 23:19:55,485:INFO:The length of 'T4st!ng' is 7
2018-12-15 23:19:55,486:INFO:As a list it looks like this ['T', '4', 's', 't', '!', 'n', 'g']
2018-12-15 23:19:55,486:INFO:The letters in this password are: ['T', 's', 't', 'n', 'g']
2018-12-15 23:19:55,486:INFO:The 'T' was the 1st character
2018-12-15 23:19:55,486:INFO:The 's' was the 3rd character
2018-12-15 23:19:55,486:INFO:The 't' was the 4th character
2018-12-15 23:19:55,486:INFO:The 'n' was the 6th character
2018-12-15 23:19:55,487:INFO:The 'g' was the 7th character
2018-12-15 23:19:55,487:INFO:

2018-12-15 23:19:55,487:INFO:The numbers in this password are: ['4']
2018-12-15 23:19:55,487:INFO:The '4' was the 2nd character
2018-12-15 23:19:55,487:INFO:

2018-12-15 23:19:55,488:INFO:The symbols in this password are: ['!']
2018-12-15 23:19:55,488:INFO:The '!' was the 5th character
2018-12-15 23:19:55,488:INFO:

2018-12-15 23:19:55,547:INFO:The length of 'T4st!ng' is 7
2018-12-15 23:19:55,547:INFO:As a list it looks like this ['T', '4', 's', 't', '!', 'n', 'g']
2018-12-15 23:19:55,547:INFO:The letters in this password are: ['T', 's', 't', 'n', 'g']
2018-12-15 23:19:55,548:INFO:The 'T' was the 1st character
2018-12-15 23:19:55,548:INFO:The 's' was the 3rd character
2018-12-15 23:19:55,548:INFO:The 't' was the 4th character
2018-12-15 23:19:55,548:INFO:The 'n' was the 6th character
2018-12-15 23:19:55,548:INFO:The 'g' was the 7th character
2018-12-15 23:19:55,548:INFO:

2018-12-15 23:19:55,548:INFO:The numbers in this password are: ['4']
2018-12-15 23:19:55,549:INFO:The '4' was the 2nd character
2018-12-15 23:19:55,549:INFO:

2018-12-15 23:19:55,549:INFO:The symbols in this password are: ['!']
2018-12-15 23:19:55,549:INFO:The '!' was the 5th character
2018-12-15 23:19:55,549:INFO:

2018-12-15 23:19:55,610:INFO:The length of 'T4st!ng' is 7
2018-12-15 23:19:55,611:INFO:As a list it looks like this ['T', '4', 's', 't', '!', 'n', 'g']
2018-12-15 23:19:55,611:INFO:The letters in this password are: ['T', 's', 't', 'n', 'g']
2018-12-15 23:19:55,611:INFO:The 'T' was the 1st character
2018-12-15 23:19:55,612:INFO:The 's' was the 3rd character
2018-12-15 23:19:55,612:INFO:The 't' was the 4th character
2018-12-15 23:19:55,612:INFO:The 'n' was the 6th character
2018-12-15 23:19:55,612:INFO:The 'g' was the 7th character
2018-12-15 23:19:55,612:INFO:

2018-12-15 23:19:55,612:INFO:The numbers in this password are: ['4']
2018-12-15 23:19:55,613:INFO:The '4' was the 2nd character
2018-12-15 23:19:55,613:INFO:

2018-12-15 23:19:55,613:INFO:The symbols in this password are: ['!']
2018-12-15 23:19:55,613:INFO:The '!' was the 5th character
2018-12-15 23:19:55,613:INFO:

2018-12-15 23:19:55,671:INFO:The length of 'T4st!ng' is 7
2018-12-15 23:19:55,672:INFO:As a list it looks like this ['T', '4', 's', 't', '!', 'n', 'g']
2018-12-15 23:19:55,672:INFO:The letters in this password are: ['T', 's', 't', 'n', 'g']
2018-12-15 23:19:55,673:INFO:The 'T' was the 1st character
2018-12-15 23:19:55,673:INFO:The 's' was the 3rd character
2018-12-15 23:19:55,673:INFO:The 't' was the 4th character
2018-12-15 23:19:55,673:INFO:The 'n' was the 6th character
2018-12-15 23:19:55,673:INFO:The 'g' was the 7th character
2018-12-15 23:19:55,673:INFO:

2018-12-15 23:19:55,674:INFO:The numbers in this password are: ['4']
2018-12-15 23:19:55,674:INFO:The '4' was the 2nd character
2018-12-15 23:19:55,674:INFO:

2018-12-15 23:19:55,674:INFO:The symbols in this password are: ['!']
2018-12-15 23:19:55,674:INFO:The '!' was the 5th character
2018-12-15 23:19:55,674:INFO:

2018-12-15 23:19:55,733:INFO:The length of 'T4st!ng' is 7
2018-12-15 23:19:55,734:INFO:As a list it looks like this ['T', '4', 's', 't', '!', 'n', 'g']
2018-12-15 23:19:55,734:INFO:The letters in this password are: ['T', 's', 't', 'n', 'g']
2018-12-15 23:19:55,734:INFO:The 'T' was the 1st character
2018-12-15 23:19:55,735:INFO:The 's' was the 3rd character
2018-12-15 23:19:55,735:INFO:The 't' was the 4th character
2018-12-15 23:19:55,735:INFO:The 'n' was the 6th character
2018-12-15 23:19:55,735:INFO:The 'g' was the 7th character
2018-12-15 23:19:55,735:INFO:

2018-12-15 23:19:55,735:INFO:The numbers in this password are: ['4']
2018-12-15 23:19:55,736:INFO:The '4' was the 2nd character
2018-12-15 23:19:55,736:INFO:

2018-12-15 23:19:55,736:INFO:The symbols in this password are: ['!']
2018-12-15 23:19:55,736:INFO:The '!' was the 5th character
2018-12-15 23:19:55,737:INFO:

2018-12-15 23:19:55,801:INFO:The length of 'T4st!ng' is 7
2018-12-15 23:19:55,802:INFO:As a list it looks like this ['T', '4', 's', 't', '!', 'n', 'g']
2018-12-15 23:19:55,802:INFO:The letters in this password are: ['T', 's', 't', 'n', 'g']
2018-12-15 23:19:55,802:INFO:The 'T' was the 1st character
2018-12-15 23:19:55,802:INFO:The 's' was the 3rd character
2018-12-15 23:19:55,802:INFO:The 't' was the 4th character
2018-12-15 23:19:55,803:INFO:The 'n' was the 6th character
2018-12-15 23:19:55,803:INFO:The 'g' was the 7th character
2018-12-15 23:19:55,803:INFO:

2018-12-15 23:19:55,803:INFO:The numbers in this password are: ['4']
2018-12-15 23:19:55,803:INFO:The '4' was the 2nd character
2018-12-15 23:19:55,803:INFO:

2018-12-15 23:19:55,804:INFO:The symbols in this password are: ['!']
2018-12-15 23:19:55,804:INFO:The '!' was the 5th character
2018-12-15 23:19:55,804:INFO:

2018-12-15 23:19:55,863:INFO:The length of 'T4st!ng' is 7
2018-12-15 23:19:55,864:INFO:As a list it looks like this ['T', '4', 's', 't', '!', 'n', 'g']
2018-12-15 23:19:55,864:INFO:The letters in this password are: ['T', 's', 't', 'n', 'g']
2018-12-15 23:19:55,864:INFO:The 'T' was the 1st character
2018-12-15 23:19:55,865:INFO:The 's' was the 3rd character
2018-12-15 23:19:55,865:INFO:The 't' was the 4th character
2018-12-15 23:19:55,865:INFO:The 'n' was the 6th character
2018-12-15 23:19:55,865:INFO:The 'g' was the 7th character
2018-12-15 23:19:55,865:INFO:

2018-12-15 23:19:55,866:INFO:The numbers in this password are: ['4']
2018-12-15 23:19:55,866:INFO:The '4' was the 2nd character
2018-12-15 23:19:55,866:INFO:

2018-12-15 23:19:55,866:INFO:The symbols in this password are: ['!']
2018-12-15 23:19:55,866:INFO:The '!' was the 5th character
2018-12-15 23:19:55,867:INFO:

2018-12-15 23:19:55,930:INFO:The length of 'T4st!ng' is 7
2018-12-15 23:19:55,931:INFO:As a list it looks like this ['T', '4', 's', 't', '!', 'n', 'g']
2018-12-15 23:19:55,931:INFO:The letters in this password are: ['T', 's', 't', 'n', 'g']
2018-12-15 23:19:55,931:INFO:The 'T' was the 1st character
2018-12-15 23:19:55,932:INFO:The 's' was the 3rd character
2018-12-15 23:19:55,932:INFO:The 't' was the 4th character
2018-12-15 23:19:55,932:INFO:The 'n' was the 6th character
2018-12-15 23:19:55,932:INFO:The 'g' was the 7th character
2018-12-15 23:19:55,932:INFO:

2018-12-15 23:19:55,932:INFO:The numbers in this password are: ['4']
2018-12-15 23:19:55,933:INFO:The '4' was the 2nd character
2018-12-15 23:19:55,933:INFO:

2018-12-15 23:19:55,933:INFO:The symbols in this password are: ['!']
2018-12-15 23:19:55,934:INFO:The '!' was the 5th character
2018-12-15 23:19:55,934:INFO:

2018-12-15 23:19:55,998:INFO:The length of 'T4st!ng' is 7
2018-12-15 23:19:55,998:INFO:As a list it looks like this ['T', '4', 's', 't', '!', 'n', 'g']
2018-12-15 23:19:55,999:INFO:The letters in this password are: ['T', 's', 't', 'n', 'g']
2018-12-15 23:19:55,999:INFO:The 'T' was the 1st character
2018-12-15 23:19:55,999:INFO:The 's' was the 3rd character
2018-12-15 23:19:55,999:INFO:The 't' was the 4th character
2018-12-15 23:19:55,999:INFO:The 'n' was the 6th character
2018-12-15 23:19:55,999:INFO:The 'g' was the 7th character
2018-12-15 23:19:55,999:INFO:

2018-12-15 23:19:56,000:INFO:The numbers in this password are: ['4']
2018-12-15 23:19:56,000:INFO:The '4' was the 2nd character
2018-12-15 23:19:56,000:INFO:

2018-12-15 23:19:56,000:INFO:The symbols in this password are: ['!']
2018-12-15 23:19:56,000:INFO:The '!' was the 5th character
2018-12-15 23:19:56,001:INFO:

2018-12-15 23:19:56,058:INFO:The length of 'T4st!ng' is 7
2018-12-15 23:19:56,059:INFO:As a list it looks like this ['T', '4', 's', 't', '!', 'n', 'g']
2018-12-15 23:19:56,059:INFO:The letters in this password are: ['T', 's', 't', 'n', 'g']
2018-12-15 23:19:56,060:INFO:The 'T' was the 1st character
2018-12-15 23:19:56,060:INFO:The 's' was the 3rd character
2018-12-15 23:19:56,060:INFO:The 't' was the 4th character
2018-12-15 23:19:56,060:INFO:The 'n' was the 6th character
2018-12-15 23:19:56,061:INFO:The 'g' was the 7th character
2018-12-15 23:19:56,061:INFO:

2018-12-15 23:19:56,061:INFO:The numbers in this password are: ['4']
2018-12-15 23:19:56,061:INFO:The '4' was the 2nd character
2018-12-15 23:19:56,062:INFO:

2018-12-15 23:19:56,062:INFO:The symbols in this password are: ['!']
2018-12-15 23:19:56,062:INFO:The '!' was the 5th character
2018-12-15 23:19:56,062:INFO:

2018-12-15 23:19:56,121:INFO:The length of 'T4st!ng' is 7
2018-12-15 23:19:56,121:INFO:As a list it looks like this ['T', '4', 's', 't', '!', 'n', 'g']
2018-12-15 23:19:56,122:INFO:The letters in this password are: ['T', 's', 't', 'n', 'g']
2018-12-15 23:19:56,122:INFO:The 'T' was the 1st character
2018-12-15 23:19:56,122:INFO:The 's' was the 3rd character
2018-12-15 23:19:56,122:INFO:The 't' was the 4th character
2018-12-15 23:19:56,122:INFO:The 'n' was the 6th character
2018-12-15 23:19:56,122:INFO:The 'g' was the 7th character
2018-12-15 23:19:56,122:INFO:

2018-12-15 23:19:56,123:INFO:The numbers in this password are: ['4']
2018-12-15 23:19:56,123:INFO:The '4' was the 2nd character
2018-12-15 23:19:56,123:INFO:

2018-12-15 23:19:56,123:INFO:The symbols in this password are: ['!']
2018-12-15 23:19:56,123:INFO:The '!' was the 5th character
2018-12-15 23:19:56,123:INFO:

2018-12-15 23:19:56,181:INFO:The length of 'T4st!ng' is 7
2018-12-15 23:19:56,182:INFO:As a list it looks like this ['T', '4', 's', 't', '!', 'n', 'g']
2018-12-15 23:19:56,182:INFO:The letters in this password are: ['T', 's', 't', 'n', 'g']
2018-12-15 23:19:56,183:INFO:The 'T' was the 1st character
2018-12-15 23:19:56,183:INFO:The 's' was the 3rd character
2018-12-15 23:19:56,183:INFO:The 't' was the 4th character
2018-12-15 23:19:56,183:INFO:The 'n' was the 6th character
2018-12-15 23:19:56,183:INFO:The 'g' was the 7th character
2018-12-15 23:19:56,183:INFO:

2018-12-15 23:19:56,184:INFO:The numbers in this password are: ['4']
2018-12-15 23:19:56,184:INFO:The '4' was the 2nd character
2018-12-15 23:19:56,184:INFO:

2018-12-15 23:19:56,184:INFO:The symbols in this password are: ['!']
2018-12-15 23:19:56,184:INFO:The '!' was the 5th character
2018-12-15 23:19:56,184:INFO:

2018-12-15 23:19:56,242:INFO:The length of 'T4st!ng' is 7
2018-12-15 23:19:56,243:INFO:As a list it looks like this ['T', '4', 's', 't', '!', 'n', 'g']
2018-12-15 23:19:56,243:INFO:The letters in this password are: ['T', 's', 't', 'n', 'g']
2018-12-15 23:19:56,243:INFO:The 'T' was the 1st character
2018-12-15 23:19:56,243:INFO:The 's' was the 3rd character
2018-12-15 23:19:56,243:INFO:The 't' was the 4th character
2018-12-15 23:19:56,244:INFO:The 'n' was the 6th character
2018-12-15 23:19:56,244:INFO:The 'g' was the 7th character
2018-12-15 23:19:56,244:INFO:

2018-12-15 23:19:56,244:INFO:The numbers in this password are: ['4']
2018-12-15 23:19:56,244:INFO:The '4' was the 2nd character
2018-12-15 23:19:56,244:INFO:

2018-12-15 23:19:56,245:INFO:The symbols in this password are: ['!']
2018-12-15 23:19:56,245:INFO:The '!' was the 5th character
2018-12-15 23:19:56,245:INFO:

2018-12-15 23:19:56,304:INFO:The length of 'T4st!ng' is 7
2018-12-15 23:19:56,305:INFO:As a list it looks like this ['T', '4', 's', 't', '!', 'n', 'g']
2018-12-15 23:19:56,305:INFO:The letters in this password are: ['T', 's', 't', 'n', 'g']
2018-12-15 23:19:56,305:INFO:The 'T' was the 1st character
2018-12-15 23:19:56,305:INFO:The 's' was the 3rd character
2018-12-15 23:19:56,305:INFO:The 't' was the 4th character
2018-12-15 23:19:56,305:INFO:The 'n' was the 6th character
2018-12-15 23:19:56,306:INFO:The 'g' was the 7th character
2018-12-15 23:19:56,306:INFO:

2018-12-15 23:19:56,306:INFO:The numbers in this password are: ['4']
2018-12-15 23:19:56,306:INFO:The '4' was the 2nd character
2018-12-15 23:19:56,306:INFO:

2018-12-15 23:19:56,307:INFO:The symbols in this password are: ['!']
2018-12-15 23:19:56,307:INFO:The '!' was the 5th character
2018-12-15 23:19:56,307:INFO:

2018-12-15 23:19:56,367:INFO:The length of 'T4st!ng' is 7
2018-12-15 23:19:56,368:INFO:As a list it looks like this ['T', '4', 's', 't', '!', 'n', 'g']
2018-12-15 23:19:56,368:INFO:The letters in this password are: ['T', 's', 't', 'n', 'g']
2018-12-15 23:19:56,368:INFO:The 'T' was the 1st character
2018-12-15 23:19:56,369:INFO:The 's' was the 3rd character
2018-12-15 23:19:56,369:INFO:The 't' was the 4th character
2018-12-15 23:19:56,369:INFO:The 'n' was the 6th character
2018-12-15 23:19:56,369:INFO:The 'g' was the 7th character
2018-12-15 23:19:56,369:INFO:

2018-12-15 23:19:56,370:INFO:The numbers in this password are: ['4']
2018-12-15 23:19:56,370:INFO:The '4' was the 2nd character
2018-12-15 23:19:56,370:INFO:

2018-12-15 23:19:56,370:INFO:The symbols in this password are: ['!']
2018-12-15 23:19:56,370:INFO:The '!' was the 5th character
2018-12-15 23:19:56,370:INFO:

2018-12-15 23:19:56,433:INFO:The length of 'T4st!ng' is 7
2018-12-15 23:19:56,434:INFO:As a list it looks like this ['T', '4', 's', 't', '!', 'n', 'g']
2018-12-15 23:19:56,434:INFO:The letters in this password are: ['T', 's', 't', 'n', 'g']
2018-12-15 23:19:56,434:INFO:The 'T' was the 1st character
2018-12-15 23:19:56,434:INFO:The 's' was the 3rd character
2018-12-15 23:19:56,435:INFO:The 't' was the 4th character
2018-12-15 23:19:56,435:INFO:The 'n' was the 6th character
2018-12-15 23:19:56,435:INFO:The 'g' was the 7th character
2018-12-15 23:19:56,435:INFO:

2018-12-15 23:19:56,436:INFO:The numbers in this password are: ['4']
2018-12-15 23:19:56,436:INFO:The '4' was the 2nd character
2018-12-15 23:19:56,436:INFO:

2018-12-15 23:19:56,436:INFO:The symbols in this password are: ['!']
2018-12-15 23:19:56,436:INFO:The '!' was the 5th character
2018-12-15 23:19:56,437:INFO:

2018-12-15 23:19:56,522:INFO:The length of 'T4st!ng' is 7
2018-12-15 23:19:56,522:INFO:As a list it looks like this ['T', '4', 's', 't', '!', 'n', 'g']
2018-12-15 23:19:56,523:INFO:The letters in this password are: ['T', 's', 't', 'n', 'g']
2018-12-15 23:19:56,523:INFO:The 'T' was the 1st character
2018-12-15 23:19:56,523:INFO:The 's' was the 3rd character
2018-12-15 23:19:56,523:INFO:The 't' was the 4th character
2018-12-15 23:19:56,524:INFO:The 'n' was the 6th character
2018-12-15 23:19:56,524:INFO:The 'g' was the 7th character
2018-12-15 23:19:56,524:INFO:

2018-12-15 23:19:56,524:INFO:The numbers in this password are: ['4']
2018-12-15 23:19:56,524:INFO:The '4' was the 2nd character
2018-12-15 23:19:56,524:INFO:

2018-12-15 23:19:56,525:INFO:The symbols in this password are: ['!']
2018-12-15 23:19:56,525:INFO:The '!' was the 5th character
2018-12-15 23:19:56,525:INFO:

2018-12-15 23:19:56,593:INFO:The length of 'T4st!ng' is 7
2018-12-15 23:19:56,594:INFO:As a list it looks like this ['T', '4', 's', 't', '!', 'n', 'g']
2018-12-15 23:19:56,594:INFO:The letters in this password are: ['T', 's', 't', 'n', 'g']
2018-12-15 23:19:56,594:INFO:The 'T' was the 1st character
2018-12-15 23:19:56,595:INFO:The 's' was the 3rd character
2018-12-15 23:19:56,595:INFO:The 't' was the 4th character
2018-12-15 23:19:56,595:INFO:The 'n' was the 6th character
2018-12-15 23:19:56,595:INFO:The 'g' was the 7th character
2018-12-15 23:19:56,595:INFO:

2018-12-15 23:19:56,596:INFO:The numbers in this password are: ['4']
2018-12-15 23:19:56,596:INFO:The '4' was the 2nd character
2018-12-15 23:19:56,596:INFO:

2018-12-15 23:19:56,597:INFO:The symbols in this password are: ['!']
2018-12-15 23:19:56,597:INFO:The '!' was the 5th character
2018-12-15 23:19:56,597:INFO:

2018-12-15 23:19:56,664:INFO:The length of 'T4st!ng' is 7
2018-12-15 23:19:56,665:INFO:As a list it looks like this ['T', '4', 's', 't', '!', 'n', 'g']
2018-12-15 23:19:56,665:INFO:The letters in this password are: ['T', 's', 't', 'n', 'g']
2018-12-15 23:19:56,665:INFO:The 'T' was the 1st character
2018-12-15 23:19:56,665:INFO:The 's' was the 3rd character
2018-12-15 23:19:56,665:INFO:The 't' was the 4th character
2018-12-15 23:19:56,666:INFO:The 'n' was the 6th character
2018-12-15 23:19:56,666:INFO:The 'g' was the 7th character
2018-12-15 23:19:56,666:INFO:

2018-12-15 23:19:56,666:INFO:The numbers in this password are: ['4']
2018-12-15 23:19:56,666:INFO:The '4' was the 2nd character
2018-12-15 23:19:56,666:INFO:

2018-12-15 23:19:56,667:INFO:The symbols in this password are: ['!']
2018-12-15 23:19:56,667:INFO:The '!' was the 5th character
2018-12-15 23:19:56,667:INFO:

2018-12-15 23:19:56,726:INFO:The length of 'T4st!ng' is 7
2018-12-15 23:19:56,727:INFO:As a list it looks like this ['T', '4', 's', 't', '!', 'n', 'g']
2018-12-15 23:19:56,727:INFO:The letters in this password are: ['T', 's', 't', 'n', 'g']
2018-12-15 23:19:56,727:INFO:The 'T' was the 1st character
2018-12-15 23:19:56,727:INFO:The 's' was the 3rd character
2018-12-15 23:19:56,727:INFO:The 't' was the 4th character
2018-12-15 23:19:56,728:INFO:The 'n' was the 6th character
2018-12-15 23:19:56,728:INFO:The 'g' was the 7th character
2018-12-15 23:19:56,728:INFO:

2018-12-15 23:19:56,728:INFO:The numbers in this password are: ['4']
2018-12-15 23:19:56,728:INFO:The '4' was the 2nd character
2018-12-15 23:19:56,729:INFO:

2018-12-15 23:19:56,729:INFO:The symbols in this password are: ['!']
2018-12-15 23:19:56,729:INFO:The '!' was the 5th character
2018-12-15 23:19:56,729:INFO:

2018-12-15 23:19:56,787:INFO:The length of 'T4st!ng' is 7
2018-12-15 23:19:56,788:INFO:As a list it looks like this ['T', '4', 's', 't', '!', 'n', 'g']
2018-12-15 23:19:56,788:INFO:The letters in this password are: ['T', 's', 't', 'n', 'g']
2018-12-15 23:19:56,788:INFO:The 'T' was the 1st character
2018-12-15 23:19:56,788:INFO:The 's' was the 3rd character
2018-12-15 23:19:56,788:INFO:The 't' was the 4th character
2018-12-15 23:19:56,789:INFO:The 'n' was the 6th character
2018-12-15 23:19:56,789:INFO:The 'g' was the 7th character
2018-12-15 23:19:56,789:INFO:

2018-12-15 23:19:56,789:INFO:The numbers in this password are: ['4']
2018-12-15 23:19:56,789:INFO:The '4' was the 2nd character
2018-12-15 23:19:56,789:INFO:

2018-12-15 23:19:56,790:INFO:The symbols in this password are: ['!']
2018-12-15 23:19:56,790:INFO:The '!' was the 5th character
2018-12-15 23:19:56,790:INFO:

2018-12-15 23:19:56,847:INFO:The length of 'T4st!ng' is 7
2018-12-15 23:19:56,847:INFO:As a list it looks like this ['T', '4', 's', 't', '!', 'n', 'g']
2018-12-15 23:19:56,847:INFO:The letters in this password are: ['T', 's', 't', 'n', 'g']
2018-12-15 23:19:56,848:INFO:The 'T' was the 1st character
2018-12-15 23:19:56,848:INFO:The 's' was the 3rd character
2018-12-15 23:19:56,848:INFO:The 't' was the 4th character
2018-12-15 23:19:56,848:INFO:The 'n' was the 6th character
2018-12-15 23:19:56,848:INFO:The 'g' was the 7th character
2018-12-15 23:19:56,848:INFO:

2018-12-15 23:19:56,848:INFO:The numbers in this password are: ['4']
2018-12-15 23:19:56,849:INFO:The '4' was the 2nd character
2018-12-15 23:19:56,849:INFO:

2018-12-15 23:19:56,849:INFO:The symbols in this password are: ['!']
2018-12-15 23:19:56,849:INFO:The '!' was the 5th character
2018-12-15 23:19:56,849:INFO:

2018-12-15 23:19:56,909:INFO:The length of 'T4st!ng' is 7
2018-12-15 23:19:56,910:INFO:As a list it looks like this ['T', '4', 's', 't', '!', 'n', 'g']
2018-12-15 23:19:56,910:INFO:The letters in this password are: ['T', 's', 't', 'n', 'g']
2018-12-15 23:19:56,911:INFO:The 'T' was the 1st character
2018-12-15 23:19:56,911:INFO:The 's' was the 3rd character
2018-12-15 23:19:56,911:INFO:The 't' was the 4th character
2018-12-15 23:19:56,911:INFO:The 'n' was the 6th character
2018-12-15 23:19:56,911:INFO:The 'g' was the 7th character
2018-12-15 23:19:56,911:INFO:

2018-12-15 23:19:56,912:INFO:The numbers in this password are: ['4']
2018-12-15 23:19:56,912:INFO:The '4' was the 2nd character
2018-12-15 23:19:56,912:INFO:

2018-12-15 23:19:56,912:INFO:The symbols in this password are: ['!']
2018-12-15 23:19:56,913:INFO:The '!' was the 5th character
2018-12-15 23:19:56,913:INFO:

2018-12-15 23:19:56,976:INFO:The length of 'T4st!ng' is 7
2018-12-15 23:19:56,976:INFO:As a list it looks like this ['T', '4', 's', 't', '!', 'n', 'g']
2018-12-15 23:19:56,976:INFO:The letters in this password are: ['T', 's', 't', 'n', 'g']
2018-12-15 23:19:56,977:INFO:The 'T' was the 1st character
2018-12-15 23:19:56,977:INFO:The 's' was the 3rd character
2018-12-15 23:19:56,977:INFO:The 't' was the 4th character
2018-12-15 23:19:56,977:INFO:The 'n' was the 6th character
2018-12-15 23:19:56,977:INFO:The 'g' was the 7th character
2018-12-15 23:19:56,977:INFO:

2018-12-15 23:19:56,977:INFO:The numbers in this password are: ['4']
2018-12-15 23:19:56,978:INFO:The '4' was the 2nd character
2018-12-15 23:19:56,978:INFO:

2018-12-15 23:19:56,978:INFO:The symbols in this password are: ['!']
2018-12-15 23:19:56,978:INFO:The '!' was the 5th character
2018-12-15 23:19:56,978:INFO:

2018-12-15 23:19:57,034:INFO:The length of 'T4st!ng' is 7
2018-12-15 23:19:57,035:INFO:As a list it looks like this ['T', '4', 's', 't', '!', 'n', 'g']
2018-12-15 23:19:57,035:INFO:The letters in this password are: ['T', 's', 't', 'n', 'g']
2018-12-15 23:19:57,035:INFO:The 'T' was the 1st character
2018-12-15 23:19:57,035:INFO:The 's' was the 3rd character
2018-12-15 23:19:57,035:INFO:The 't' was the 4th character
2018-12-15 23:19:57,036:INFO:The 'n' was the 6th character
2018-12-15 23:19:57,036:INFO:The 'g' was the 7th character
2018-12-15 23:19:57,036:INFO:

2018-12-15 23:19:57,036:INFO:The numbers in this password are: ['4']
2018-12-15 23:19:57,036:INFO:The '4' was the 2nd character
2018-12-15 23:19:57,036:INFO:

2018-12-15 23:19:57,037:INFO:The symbols in this password are: ['!']
2018-12-15 23:19:57,037:INFO:The '!' was the 5th character
2018-12-15 23:19:57,037:INFO:

2018-12-15 23:19:57,098:INFO:The length of 'T4st!ng' is 7
2018-12-15 23:19:57,098:INFO:As a list it looks like this ['T', '4', 's', 't', '!', 'n', 'g']
2018-12-15 23:19:57,099:INFO:The letters in this password are: ['T', 's', 't', 'n', 'g']
2018-12-15 23:19:57,099:INFO:The 'T' was the 1st character
2018-12-15 23:19:57,099:INFO:The 's' was the 3rd character
2018-12-15 23:19:57,099:INFO:The 't' was the 4th character
2018-12-15 23:19:57,099:INFO:The 'n' was the 6th character
2018-12-15 23:19:57,099:INFO:The 'g' was the 7th character
2018-12-15 23:19:57,100:INFO:

2018-12-15 23:19:57,100:INFO:The numbers in this password are: ['4']
2018-12-15 23:19:57,100:INFO:The '4' was the 2nd character
2018-12-15 23:19:57,100:INFO:

2018-12-15 23:19:57,100:INFO:The symbols in this password are: ['!']
2018-12-15 23:19:57,101:INFO:The '!' was the 5th character
2018-12-15 23:19:57,101:INFO:

2018-12-15 23:19:57,160:INFO:The length of 'T4st!ng' is 7
2018-12-15 23:19:57,160:INFO:As a list it looks like this ['T', '4', 's', 't', '!', 'n', 'g']
2018-12-15 23:19:57,160:INFO:The letters in this password are: ['T', 's', 't', 'n', 'g']
2018-12-15 23:19:57,161:INFO:The 'T' was the 1st character
2018-12-15 23:19:57,161:INFO:The 's' was the 3rd character
2018-12-15 23:19:57,161:INFO:The 't' was the 4th character
2018-12-15 23:19:57,161:INFO:The 'n' was the 6th character
2018-12-15 23:19:57,161:INFO:The 'g' was the 7th character
2018-12-15 23:19:57,162:INFO:

2018-12-15 23:19:57,162:INFO:The numbers in this password are: ['4']
2018-12-15 23:19:57,162:INFO:The '4' was the 2nd character
2018-12-15 23:19:57,162:INFO:

2018-12-15 23:19:57,163:INFO:The symbols in this password are: ['!']
2018-12-15 23:19:57,163:INFO:The '!' was the 5th character
2018-12-15 23:19:57,163:INFO:

2018-12-15 23:19:57,222:INFO:The length of 'T4st!ng' is 7
2018-12-15 23:19:57,222:INFO:As a list it looks like this ['T', '4', 's', 't', '!', 'n', 'g']
2018-12-15 23:19:57,223:INFO:The letters in this password are: ['T', 's', 't', 'n', 'g']
2018-12-15 23:19:57,223:INFO:The 'T' was the 1st character
2018-12-15 23:19:57,223:INFO:The 's' was the 3rd character
2018-12-15 23:19:57,223:INFO:The 't' was the 4th character
2018-12-15 23:19:57,223:INFO:The 'n' was the 6th character
2018-12-15 23:19:57,223:INFO:The 'g' was the 7th character
2018-12-15 23:19:57,224:INFO:

2018-12-15 23:19:57,224:INFO:The numbers in this password are: ['4']
2018-12-15 23:19:57,224:INFO:The '4' was the 2nd character
2018-12-15 23:19:57,224:INFO:

2018-12-15 23:19:57,224:INFO:The symbols in this password are: ['!']
2018-12-15 23:19:57,225:INFO:The '!' was the 5th character
2018-12-15 23:19:57,225:INFO:

2018-12-15 23:19:57,283:INFO:The length of 'T4st!ng' is 7
2018-12-15 23:19:57,284:INFO:As a list it looks like this ['T', '4', 's', 't', '!', 'n', 'g']
2018-12-15 23:19:57,284:INFO:The letters in this password are: ['T', 's', 't', 'n', 'g']
2018-12-15 23:19:57,284:INFO:The 'T' was the 1st character
2018-12-15 23:19:57,284:INFO:The 's' was the 3rd character
2018-12-15 23:19:57,285:INFO:The 't' was the 4th character
2018-12-15 23:19:57,285:INFO:The 'n' was the 6th character
2018-12-15 23:19:57,285:INFO:The 'g' was the 7th character
2018-12-15 23:19:57,285:INFO:

2018-12-15 23:19:57,285:INFO:The numbers in this password are: ['4']
2018-12-15 23:19:57,285:INFO:The '4' was the 2nd character
2018-12-15 23:19:57,285:INFO:

2018-12-15 23:19:57,286:INFO:The symbols in this password are: ['!']
2018-12-15 23:19:57,286:INFO:The '!' was the 5th character
2018-12-15 23:19:57,286:INFO:

2018-12-15 23:19:57,344:INFO:The length of 'T4st!ng' is 7
2018-12-15 23:19:57,344:INFO:As a list it looks like this ['T', '4', 's', 't', '!', 'n', 'g']
2018-12-15 23:19:57,345:INFO:The letters in this password are: ['T', 's', 't', 'n', 'g']
2018-12-15 23:19:57,345:INFO:The 'T' was the 1st character
2018-12-15 23:19:57,345:INFO:The 's' was the 3rd character
2018-12-15 23:19:57,345:INFO:The 't' was the 4th character
2018-12-15 23:19:57,345:INFO:The 'n' was the 6th character
2018-12-15 23:19:57,345:INFO:The 'g' was the 7th character
2018-12-15 23:19:57,345:INFO:

2018-12-15 23:19:57,346:INFO:The numbers in this password are: ['4']
2018-12-15 23:19:57,346:INFO:The '4' was the 2nd character
2018-12-15 23:19:57,346:INFO:

2018-12-15 23:19:57,346:INFO:The symbols in this password are: ['!']
2018-12-15 23:19:57,346:INFO:The '!' was the 5th character
2018-12-15 23:19:57,346:INFO:

2018-12-15 23:19:57,409:INFO:The length of 'T4st!ng' is 7
2018-12-15 23:19:57,410:INFO:As a list it looks like this ['T', '4', 's', 't', '!', 'n', 'g']
2018-12-15 23:19:57,410:INFO:The letters in this password are: ['T', 's', 't', 'n', 'g']
2018-12-15 23:19:57,411:INFO:The 'T' was the 1st character
2018-12-15 23:19:57,411:INFO:The 's' was the 3rd character
2018-12-15 23:19:57,411:INFO:The 't' was the 4th character
2018-12-15 23:19:57,411:INFO:The 'n' was the 6th character
2018-12-15 23:19:57,411:INFO:The 'g' was the 7th character
2018-12-15 23:19:57,411:INFO:

2018-12-15 23:19:57,412:INFO:The numbers in this password are: ['4']
2018-12-15 23:19:57,412:INFO:The '4' was the 2nd character
2018-12-15 23:19:57,412:INFO:

2018-12-15 23:19:57,412:INFO:The symbols in this password are: ['!']
2018-12-15 23:19:57,413:INFO:The '!' was the 5th character
2018-12-15 23:19:57,413:INFO:

2018-12-15 23:19:57,468:INFO:The length of 'T4st!ng' is 7
2018-12-15 23:19:57,469:INFO:As a list it looks like this ['T', '4', 's', 't', '!', 'n', 'g']
2018-12-15 23:19:57,469:INFO:The letters in this password are: ['T', 's', 't', 'n', 'g']
2018-12-15 23:19:57,469:INFO:The 'T' was the 1st character
2018-12-15 23:19:57,469:INFO:The 's' was the 3rd character
2018-12-15 23:19:57,469:INFO:The 't' was the 4th character
2018-12-15 23:19:57,470:INFO:The 'n' was the 6th character
2018-12-15 23:19:57,470:INFO:The 'g' was the 7th character
2018-12-15 23:19:57,470:INFO:

2018-12-15 23:19:57,470:INFO:The numbers in this password are: ['4']
2018-12-15 23:19:57,470:INFO:The '4' was the 2nd character
2018-12-15 23:19:57,471:INFO:

2018-12-15 23:19:57,471:INFO:The symbols in this password are: ['!']
2018-12-15 23:19:57,471:INFO:The '!' was the 5th character
2018-12-15 23:19:57,471:INFO:

2018-12-15 23:19:57,532:INFO:The length of 'T4st!ng' is 7
2018-12-15 23:19:57,533:INFO:As a list it looks like this ['T', '4', 's', 't', '!', 'n', 'g']
2018-12-15 23:19:57,533:INFO:The letters in this password are: ['T', 's', 't', 'n', 'g']
2018-12-15 23:19:57,533:INFO:The 'T' was the 1st character
2018-12-15 23:19:57,533:INFO:The 's' was the 3rd character
2018-12-15 23:19:57,534:INFO:The 't' was the 4th character
2018-12-15 23:19:57,534:INFO:The 'n' was the 6th character
2018-12-15 23:19:57,534:INFO:The 'g' was the 7th character
2018-12-15 23:19:57,534:INFO:

2018-12-15 23:19:57,534:INFO:The numbers in this password are: ['4']
2018-12-15 23:19:57,534:INFO:The '4' was the 2nd character
2018-12-15 23:19:57,534:INFO:

2018-12-15 23:19:57,535:INFO:The symbols in this password are: ['!']
2018-12-15 23:19:57,535:INFO:The '!' was the 5th character
2018-12-15 23:19:57,535:INFO:

2018-12-15 23:19:57,592:INFO:The length of 'T4st!ng' is 7
2018-12-15 23:19:57,593:INFO:As a list it looks like this ['T', '4', 's', 't', '!', 'n', 'g']
2018-12-15 23:19:57,593:INFO:The letters in this password are: ['T', 's', 't', 'n', 'g']
2018-12-15 23:19:57,593:INFO:The 'T' was the 1st character
2018-12-15 23:19:57,593:INFO:The 's' was the 3rd character
2018-12-15 23:19:57,593:INFO:The 't' was the 4th character
2018-12-15 23:19:57,594:INFO:The 'n' was the 6th character
2018-12-15 23:19:57,594:INFO:The 'g' was the 7th character
2018-12-15 23:19:57,594:INFO:

2018-12-15 23:19:57,594:INFO:The numbers in this password are: ['4']
2018-12-15 23:19:57,594:INFO:The '4' was the 2nd character
2018-12-15 23:19:57,594:INFO:

2018-12-15 23:19:57,595:INFO:The symbols in this password are: ['!']
2018-12-15 23:19:57,595:INFO:The '!' was the 5th character
2018-12-15 23:19:57,595:INFO:

2018-12-15 23:19:57,650:INFO:The length of 'T4st!ng' is 7
2018-12-15 23:19:57,651:INFO:As a list it looks like this ['T', '4', 's', 't', '!', 'n', 'g']
2018-12-15 23:19:57,651:INFO:The letters in this password are: ['T', 's', 't', 'n', 'g']
2018-12-15 23:19:57,651:INFO:The 'T' was the 1st character
2018-12-15 23:19:57,651:INFO:The 's' was the 3rd character
2018-12-15 23:19:57,652:INFO:The 't' was the 4th character
2018-12-15 23:19:57,652:INFO:The 'n' was the 6th character
2018-12-15 23:19:57,652:INFO:The 'g' was the 7th character
2018-12-15 23:19:57,652:INFO:

2018-12-15 23:19:57,652:INFO:The numbers in this password are: ['4']
2018-12-15 23:19:57,652:INFO:The '4' was the 2nd character
2018-12-15 23:19:57,653:INFO:

2018-12-15 23:19:57,653:INFO:The symbols in this password are: ['!']
2018-12-15 23:19:57,653:INFO:The '!' was the 5th character
2018-12-15 23:19:57,653:INFO:

2018-12-15 23:19:57,710:INFO:The length of 'T4st!ng' is 7
2018-12-15 23:19:57,711:INFO:As a list it looks like this ['T', '4', 's', 't', '!', 'n', 'g']
2018-12-15 23:19:57,711:INFO:The letters in this password are: ['T', 's', 't', 'n', 'g']
2018-12-15 23:19:57,712:INFO:The 'T' was the 1st character
2018-12-15 23:19:57,712:INFO:The 's' was the 3rd character
2018-12-15 23:19:57,712:INFO:The 't' was the 4th character
2018-12-15 23:19:57,712:INFO:The 'n' was the 6th character
2018-12-15 23:19:57,712:INFO:The 'g' was the 7th character
2018-12-15 23:19:57,712:INFO:

2018-12-15 23:19:57,713:INFO:The numbers in this password are: ['4']
2018-12-15 23:19:57,713:INFO:The '4' was the 2nd character
2018-12-15 23:19:57,713:INFO:

2018-12-15 23:19:57,713:INFO:The symbols in this password are: ['!']
2018-12-15 23:19:57,714:INFO:The '!' was the 5th character
2018-12-15 23:19:57,714:INFO:

2018-12-15 23:19:57,770:INFO:The length of 'T4st!ng' is 7
2018-12-15 23:19:57,770:INFO:As a list it looks like this ['T', '4', 's', 't', '!', 'n', 'g']
2018-12-15 23:19:57,770:INFO:The letters in this password are: ['T', 's', 't', 'n', 'g']
2018-12-15 23:19:57,771:INFO:The 'T' was the 1st character
2018-12-15 23:19:57,771:INFO:The 's' was the 3rd character
2018-12-15 23:19:57,771:INFO:The 't' was the 4th character
2018-12-15 23:19:57,771:INFO:The 'n' was the 6th character
2018-12-15 23:19:57,771:INFO:The 'g' was the 7th character
2018-12-15 23:19:57,772:INFO:

2018-12-15 23:19:57,772:INFO:The numbers in this password are: ['4']
2018-12-15 23:19:57,773:INFO:The '4' was the 2nd character
2018-12-15 23:19:57,773:INFO:

2018-12-15 23:19:57,773:INFO:The symbols in this password are: ['!']
2018-12-15 23:19:57,773:INFO:The '!' was the 5th character
2018-12-15 23:19:57,774:INFO:

2018-12-15 23:19:57,830:INFO:The length of 'T4st!ng' is 7
2018-12-15 23:19:57,831:INFO:As a list it looks like this ['T', '4', 's', 't', '!', 'n', 'g']
2018-12-15 23:19:57,831:INFO:The letters in this password are: ['T', 's', 't', 'n', 'g']
2018-12-15 23:19:57,831:INFO:The 'T' was the 1st character
2018-12-15 23:19:57,831:INFO:The 's' was the 3rd character
2018-12-15 23:19:57,831:INFO:The 't' was the 4th character
2018-12-15 23:19:57,831:INFO:The 'n' was the 6th character
2018-12-15 23:19:57,831:INFO:The 'g' was the 7th character
2018-12-15 23:19:57,832:INFO:

2018-12-15 23:19:57,832:INFO:The numbers in this password are: ['4']
2018-12-15 23:19:57,832:INFO:The '4' was the 2nd character
2018-12-15 23:19:57,832:INFO:

2018-12-15 23:19:57,832:INFO:The symbols in this password are: ['!']
2018-12-15 23:19:57,832:INFO:The '!' was the 5th character
2018-12-15 23:19:57,833:INFO:

2018-12-15 23:19:57,897:INFO:The length of 'T4st!ng' is 7
2018-12-15 23:19:57,898:INFO:As a list it looks like this ['T', '4', 's', 't', '!', 'n', 'g']
2018-12-15 23:19:57,898:INFO:The letters in this password are: ['T', 's', 't', 'n', 'g']
2018-12-15 23:19:57,898:INFO:The 'T' was the 1st character
2018-12-15 23:19:57,898:INFO:The 's' was the 3rd character
2018-12-15 23:19:57,899:INFO:The 't' was the 4th character
2018-12-15 23:19:57,899:INFO:The 'n' was the 6th character
2018-12-15 23:19:57,899:INFO:The 'g' was the 7th character
2018-12-15 23:19:57,899:INFO:

2018-12-15 23:19:57,899:INFO:The numbers in this password are: ['4']
2018-12-15 23:19:57,899:INFO:The '4' was the 2nd character
2018-12-15 23:19:57,900:INFO:

2018-12-15 23:19:57,900:INFO:The symbols in this password are: ['!']
2018-12-15 23:19:57,900:INFO:The '!' was the 5th character
2018-12-15 23:19:57,900:INFO:

2018-12-15 23:19:57,961:INFO:The length of 'T4st!ng' is 7
2018-12-15 23:19:57,962:INFO:As a list it looks like this ['T', '4', 's', 't', '!', 'n', 'g']
2018-12-15 23:19:57,962:INFO:The letters in this password are: ['T', 's', 't', 'n', 'g']
2018-12-15 23:19:57,962:INFO:The 'T' was the 1st character
2018-12-15 23:19:57,962:INFO:The 's' was the 3rd character
2018-12-15 23:19:57,962:INFO:The 't' was the 4th character
2018-12-15 23:19:57,963:INFO:The 'n' was the 6th character
2018-12-15 23:19:57,963:INFO:The 'g' was the 7th character
2018-12-15 23:19:57,963:INFO:

2018-12-15 23:19:57,963:INFO:The numbers in this password are: ['4']
2018-12-15 23:19:57,963:INFO:The '4' was the 2nd character
2018-12-15 23:19:57,963:INFO:

2018-12-15 23:19:57,964:INFO:The symbols in this password are: ['!']
2018-12-15 23:19:57,964:INFO:The '!' was the 5th character
2018-12-15 23:19:57,964:INFO:

2018-12-15 23:19:58,024:INFO:The length of 'T4st!ng' is 7
2018-12-15 23:19:58,024:INFO:As a list it looks like this ['T', '4', 's', 't', '!', 'n', 'g']
2018-12-15 23:19:58,024:INFO:The letters in this password are: ['T', 's', 't', 'n', 'g']
2018-12-15 23:19:58,024:INFO:The 'T' was the 1st character
2018-12-15 23:19:58,025:INFO:The 's' was the 3rd character
2018-12-15 23:19:58,025:INFO:The 't' was the 4th character
2018-12-15 23:19:58,025:INFO:The 'n' was the 6th character
2018-12-15 23:19:58,025:INFO:The 'g' was the 7th character
2018-12-15 23:19:58,025:INFO:

2018-12-15 23:19:58,025:INFO:The numbers in this password are: ['4']
2018-12-15 23:19:58,025:INFO:The '4' was the 2nd character
2018-12-15 23:19:58,026:INFO:

2018-12-15 23:19:58,026:INFO:The symbols in this password are: ['!']
2018-12-15 23:19:58,026:INFO:The '!' was the 5th character
2018-12-15 23:19:58,026:INFO:

2018-12-15 23:19:58,083:INFO:The length of 'T4st!ng' is 7
2018-12-15 23:19:58,084:INFO:As a list it looks like this ['T', '4', 's', 't', '!', 'n', 'g']
2018-12-15 23:19:58,084:INFO:The letters in this password are: ['T', 's', 't', 'n', 'g']
2018-12-15 23:19:58,084:INFO:The 'T' was the 1st character
2018-12-15 23:19:58,084:INFO:The 's' was the 3rd character
2018-12-15 23:19:58,084:INFO:The 't' was the 4th character
2018-12-15 23:19:58,084:INFO:The 'n' was the 6th character
2018-12-15 23:19:58,085:INFO:The 'g' was the 7th character
2018-12-15 23:19:58,085:INFO:

2018-12-15 23:19:58,085:INFO:The numbers in this password are: ['4']
2018-12-15 23:19:58,085:INFO:The '4' was the 2nd character
2018-12-15 23:19:58,085:INFO:

2018-12-15 23:19:58,086:INFO:The symbols in this password are: ['!']
2018-12-15 23:19:58,086:INFO:The '!' was the 5th character
2018-12-15 23:19:58,086:INFO:

2018-12-15 23:19:58,148:INFO:The length of 'T4st!ng' is 7
2018-12-15 23:19:58,149:INFO:As a list it looks like this ['T', '4', 's', 't', '!', 'n', 'g']
2018-12-15 23:19:58,149:INFO:The letters in this password are: ['T', 's', 't', 'n', 'g']
2018-12-15 23:19:58,149:INFO:The 'T' was the 1st character
2018-12-15 23:19:58,149:INFO:The 's' was the 3rd character
2018-12-15 23:19:58,149:INFO:The 't' was the 4th character
2018-12-15 23:19:58,149:INFO:The 'n' was the 6th character
2018-12-15 23:19:58,149:INFO:The 'g' was the 7th character
2018-12-15 23:19:58,150:INFO:

2018-12-15 23:19:58,150:INFO:The numbers in this password are: ['4']
2018-12-15 23:19:58,150:INFO:The '4' was the 2nd character
2018-12-15 23:19:58,150:INFO:

2018-12-15 23:19:58,150:INFO:The symbols in this password are: ['!']
2018-12-15 23:19:58,150:INFO:The '!' was the 5th character
2018-12-15 23:19:58,151:INFO:

2018-12-15 23:19:58,210:INFO:The length of 'T4st!ng' is 7
2018-12-15 23:19:58,210:INFO:As a list it looks like this ['T', '4', 's', 't', '!', 'n', 'g']
2018-12-15 23:19:58,211:INFO:The letters in this password are: ['T', 's', 't', 'n', 'g']
2018-12-15 23:19:58,211:INFO:The 'T' was the 1st character
2018-12-15 23:19:58,211:INFO:The 's' was the 3rd character
2018-12-15 23:19:58,212:INFO:The 't' was the 4th character
2018-12-15 23:19:58,212:INFO:The 'n' was the 6th character
2018-12-15 23:19:58,212:INFO:The 'g' was the 7th character
2018-12-15 23:19:58,212:INFO:

2018-12-15 23:19:58,212:INFO:The numbers in this password are: ['4']
2018-12-15 23:19:58,213:INFO:The '4' was the 2nd character
2018-12-15 23:19:58,213:INFO:

2018-12-15 23:19:58,213:INFO:The symbols in this password are: ['!']
2018-12-15 23:19:58,213:INFO:The '!' was the 5th character
2018-12-15 23:19:58,214:INFO:

2018-12-15 23:19:58,268:INFO:The length of 'T4st!ng' is 7
2018-12-15 23:19:58,269:INFO:As a list it looks like this ['T', '4', 's', 't', '!', 'n', 'g']
2018-12-15 23:19:58,269:INFO:The letters in this password are: ['T', 's', 't', 'n', 'g']
2018-12-15 23:19:58,269:INFO:The 'T' was the 1st character
2018-12-15 23:19:58,269:INFO:The 's' was the 3rd character
2018-12-15 23:19:58,269:INFO:The 't' was the 4th character
2018-12-15 23:19:58,270:INFO:The 'n' was the 6th character
2018-12-15 23:19:58,270:INFO:The 'g' was the 7th character
2018-12-15 23:19:58,270:INFO:

2018-12-15 23:19:58,270:INFO:The numbers in this password are: ['4']
2018-12-15 23:19:58,270:INFO:The '4' was the 2nd character
2018-12-15 23:19:58,270:INFO:

2018-12-15 23:19:58,270:INFO:The symbols in this password are: ['!']
2018-12-15 23:19:58,270:INFO:The '!' was the 5th character
2018-12-15 23:19:58,271:INFO:

2018-12-15 23:19:58,330:INFO:The length of 'T4st!ng' is 7
2018-12-15 23:19:58,331:INFO:As a list it looks like this ['T', '4', 's', 't', '!', 'n', 'g']
2018-12-15 23:19:58,331:INFO:The letters in this password are: ['T', 's', 't', 'n', 'g']
2018-12-15 23:19:58,331:INFO:The 'T' was the 1st character
2018-12-15 23:19:58,332:INFO:The 's' was the 3rd character
2018-12-15 23:19:58,332:INFO:The 't' was the 4th character
2018-12-15 23:19:58,332:INFO:The 'n' was the 6th character
2018-12-15 23:19:58,332:INFO:The 'g' was the 7th character
2018-12-15 23:19:58,332:INFO:

2018-12-15 23:19:58,332:INFO:The numbers in this password are: ['4']
2018-12-15 23:19:58,332:INFO:The '4' was the 2nd character
2018-12-15 23:19:58,333:INFO:

2018-12-15 23:19:58,333:INFO:The symbols in this password are: ['!']
2018-12-15 23:19:58,333:INFO:The '!' was the 5th character
2018-12-15 23:19:58,333:INFO:

2018-12-15 23:19:58,392:INFO:The length of 'T4st!ng' is 7
2018-12-15 23:19:58,392:INFO:As a list it looks like this ['T', '4', 's', 't', '!', 'n', 'g']
2018-12-15 23:19:58,393:INFO:The letters in this password are: ['T', 's', 't', 'n', 'g']
2018-12-15 23:19:58,393:INFO:The 'T' was the 1st character
2018-12-15 23:19:58,393:INFO:The 's' was the 3rd character
2018-12-15 23:19:58,393:INFO:The 't' was the 4th character
2018-12-15 23:19:58,393:INFO:The 'n' was the 6th character
2018-12-15 23:19:58,393:INFO:The 'g' was the 7th character
2018-12-15 23:19:58,393:INFO:

2018-12-15 23:19:58,394:INFO:The numbers in this password are: ['4']
2018-12-15 23:19:58,394:INFO:The '4' was the 2nd character
2018-12-15 23:19:58,394:INFO:

2018-12-15 23:19:58,394:INFO:The symbols in this password are: ['!']
2018-12-15 23:19:58,394:INFO:The '!' was the 5th character
2018-12-15 23:19:58,394:INFO:

2018-12-15 23:19:58,451:INFO:The length of 'T4st!ng' is 7
2018-12-15 23:19:58,451:INFO:As a list it looks like this ['T', '4', 's', 't', '!', 'n', 'g']
2018-12-15 23:19:58,452:INFO:The letters in this password are: ['T', 's', 't', 'n', 'g']
2018-12-15 23:19:58,452:INFO:The 'T' was the 1st character
2018-12-15 23:19:58,452:INFO:The 's' was the 3rd character
2018-12-15 23:19:58,452:INFO:The 't' was the 4th character
2018-12-15 23:19:58,452:INFO:The 'n' was the 6th character
2018-12-15 23:19:58,452:INFO:The 'g' was the 7th character
2018-12-15 23:19:58,452:INFO:

2018-12-15 23:19:58,453:INFO:The numbers in this password are: ['4']
2018-12-15 23:19:58,453:INFO:The '4' was the 2nd character
2018-12-15 23:19:58,453:INFO:

2018-12-15 23:19:58,453:INFO:The symbols in this password are: ['!']
2018-12-15 23:19:58,453:INFO:The '!' was the 5th character
2018-12-15 23:19:58,453:INFO:

2018-12-15 23:19:58,519:INFO:The length of 'T4st!ng' is 7
2018-12-15 23:19:58,519:INFO:As a list it looks like this ['T', '4', 's', 't', '!', 'n', 'g']
2018-12-15 23:19:58,519:INFO:The letters in this password are: ['T', 's', 't', 'n', 'g']
2018-12-15 23:19:58,520:INFO:The 'T' was the 1st character
2018-12-15 23:19:58,520:INFO:The 's' was the 3rd character
2018-12-15 23:19:58,520:INFO:The 't' was the 4th character
2018-12-15 23:19:58,520:INFO:The 'n' was the 6th character
2018-12-15 23:19:58,520:INFO:The 'g' was the 7th character
2018-12-15 23:19:58,520:INFO:

2018-12-15 23:19:58,520:INFO:The numbers in this password are: ['4']
2018-12-15 23:19:58,521:INFO:The '4' was the 2nd character
2018-12-15 23:19:58,521:INFO:

2018-12-15 23:19:58,521:INFO:The symbols in this password are: ['!']
2018-12-15 23:19:58,521:INFO:The '!' was the 5th character
2018-12-15 23:19:58,521:INFO:

2018-12-15 23:19:58,578:INFO:The length of 'T4st!ng' is 7
2018-12-15 23:19:58,579:INFO:As a list it looks like this ['T', '4', 's', 't', '!', 'n', 'g']
2018-12-15 23:19:58,579:INFO:The letters in this password are: ['T', 's', 't', 'n', 'g']
2018-12-15 23:19:58,580:INFO:The 'T' was the 1st character
2018-12-15 23:19:58,580:INFO:The 's' was the 3rd character
2018-12-15 23:19:58,580:INFO:The 't' was the 4th character
2018-12-15 23:19:58,580:INFO:The 'n' was the 6th character
2018-12-15 23:19:58,580:INFO:The 'g' was the 7th character
2018-12-15 23:19:58,580:INFO:

2018-12-15 23:19:58,580:INFO:The numbers in this password are: ['4']
2018-12-15 23:19:58,581:INFO:The '4' was the 2nd character
2018-12-15 23:19:58,581:INFO:

2018-12-15 23:19:58,581:INFO:The symbols in this password are: ['!']
2018-12-15 23:19:58,581:INFO:The '!' was the 5th character
2018-12-15 23:19:58,582:INFO:

2018-12-15 23:19:58,637:INFO:The length of 'T4st!ng' is 7
2018-12-15 23:19:58,638:INFO:As a list it looks like this ['T', '4', 's', 't', '!', 'n', 'g']
2018-12-15 23:19:58,638:INFO:The letters in this password are: ['T', 's', 't', 'n', 'g']
2018-12-15 23:19:58,638:INFO:The 'T' was the 1st character
2018-12-15 23:19:58,638:INFO:The 's' was the 3rd character
2018-12-15 23:19:58,638:INFO:The 't' was the 4th character
2018-12-15 23:19:58,639:INFO:The 'n' was the 6th character
2018-12-15 23:19:58,639:INFO:The 'g' was the 7th character
2018-12-15 23:19:58,639:INFO:

2018-12-15 23:19:58,639:INFO:The numbers in this password are: ['4']
2018-12-15 23:19:58,639:INFO:The '4' was the 2nd character
2018-12-15 23:19:58,639:INFO:

2018-12-15 23:19:58,639:INFO:The symbols in this password are: ['!']
2018-12-15 23:19:58,640:INFO:The '!' was the 5th character
2018-12-15 23:19:58,640:INFO:

2018-12-15 23:19:58,698:INFO:The length of 'T4st!ng' is 7
2018-12-15 23:19:58,699:INFO:As a list it looks like this ['T', '4', 's', 't', '!', 'n', 'g']
2018-12-15 23:19:58,699:INFO:The letters in this password are: ['T', 's', 't', 'n', 'g']
2018-12-15 23:19:58,699:INFO:The 'T' was the 1st character
2018-12-15 23:19:58,699:INFO:The 's' was the 3rd character
2018-12-15 23:19:58,699:INFO:The 't' was the 4th character
2018-12-15 23:19:58,699:INFO:The 'n' was the 6th character
2018-12-15 23:19:58,700:INFO:The 'g' was the 7th character
2018-12-15 23:19:58,700:INFO:

2018-12-15 23:19:58,700:INFO:The numbers in this password are: ['4']
2018-12-15 23:19:58,700:INFO:The '4' was the 2nd character
2018-12-15 23:19:58,700:INFO:

2018-12-15 23:19:58,700:INFO:The symbols in this password are: ['!']
2018-12-15 23:19:58,701:INFO:The '!' was the 5th character
2018-12-15 23:19:58,701:INFO:

2018-12-15 23:19:58,765:INFO:The length of 'T4st!ng' is 7
2018-12-15 23:19:58,766:INFO:As a list it looks like this ['T', '4', 's', 't', '!', 'n', 'g']
2018-12-15 23:19:58,767:INFO:The letters in this password are: ['T', 's', 't', 'n', 'g']
2018-12-15 23:19:58,767:INFO:The 'T' was the 1st character
2018-12-15 23:19:58,767:INFO:The 's' was the 3rd character
2018-12-15 23:19:58,767:INFO:The 't' was the 4th character
2018-12-15 23:19:58,767:INFO:The 'n' was the 6th character
2018-12-15 23:19:58,767:INFO:The 'g' was the 7th character
2018-12-15 23:19:58,767:INFO:

2018-12-15 23:19:58,768:INFO:The numbers in this password are: ['4']
2018-12-15 23:19:58,768:INFO:The '4' was the 2nd character
2018-12-15 23:19:58,768:INFO:

2018-12-15 23:19:58,769:INFO:The symbols in this password are: ['!']
2018-12-15 23:19:58,769:INFO:The '!' was the 5th character
2018-12-15 23:19:58,769:INFO:

2018-12-15 23:19:58,828:INFO:The length of 'T4st!ng' is 7
2018-12-15 23:19:58,828:INFO:As a list it looks like this ['T', '4', 's', 't', '!', 'n', 'g']
2018-12-15 23:19:58,828:INFO:The letters in this password are: ['T', 's', 't', 'n', 'g']
2018-12-15 23:19:58,829:INFO:The 'T' was the 1st character
2018-12-15 23:19:58,829:INFO:The 's' was the 3rd character
2018-12-15 23:19:58,829:INFO:The 't' was the 4th character
2018-12-15 23:19:58,829:INFO:The 'n' was the 6th character
2018-12-15 23:19:58,829:INFO:The 'g' was the 7th character
2018-12-15 23:19:58,829:INFO:

2018-12-15 23:19:58,830:INFO:The numbers in this password are: ['4']
2018-12-15 23:19:58,830:INFO:The '4' was the 2nd character
2018-12-15 23:19:58,830:INFO:

2018-12-15 23:19:58,830:INFO:The symbols in this password are: ['!']
2018-12-15 23:19:58,830:INFO:The '!' was the 5th character
2018-12-15 23:19:58,831:INFO:

2018-12-15 23:19:58,888:INFO:The length of 'T4st!ng' is 7
2018-12-15 23:19:58,889:INFO:As a list it looks like this ['T', '4', 's', 't', '!', 'n', 'g']
2018-12-15 23:19:58,889:INFO:The letters in this password are: ['T', 's', 't', 'n', 'g']
2018-12-15 23:19:58,889:INFO:The 'T' was the 1st character
2018-12-15 23:19:58,889:INFO:The 's' was the 3rd character
2018-12-15 23:19:58,890:INFO:The 't' was the 4th character
2018-12-15 23:19:58,890:INFO:The 'n' was the 6th character
2018-12-15 23:19:58,890:INFO:The 'g' was the 7th character
2018-12-15 23:19:58,890:INFO:

2018-12-15 23:19:58,890:INFO:The numbers in this password are: ['4']
2018-12-15 23:19:58,890:INFO:The '4' was the 2nd character
2018-12-15 23:19:58,890:INFO:

2018-12-15 23:19:58,891:INFO:The symbols in this password are: ['!']
2018-12-15 23:19:58,891:INFO:The '!' was the 5th character
2018-12-15 23:19:58,891:INFO:

2018-12-15 23:19:58,949:INFO:The length of 'T4st!ng' is 7
2018-12-15 23:19:58,949:INFO:As a list it looks like this ['T', '4', 's', 't', '!', 'n', 'g']
2018-12-15 23:19:58,950:INFO:The letters in this password are: ['T', 's', 't', 'n', 'g']
2018-12-15 23:19:58,950:INFO:The 'T' was the 1st character
2018-12-15 23:19:58,950:INFO:The 's' was the 3rd character
2018-12-15 23:19:58,950:INFO:The 't' was the 4th character
2018-12-15 23:19:58,950:INFO:The 'n' was the 6th character
2018-12-15 23:19:58,951:INFO:The 'g' was the 7th character
2018-12-15 23:19:58,951:INFO:

2018-12-15 23:19:58,951:INFO:The numbers in this password are: ['4']
2018-12-15 23:19:58,951:INFO:The '4' was the 2nd character
2018-12-15 23:19:58,951:INFO:

2018-12-15 23:19:58,951:INFO:The symbols in this password are: ['!']
2018-12-15 23:19:58,952:INFO:The '!' was the 5th character
2018-12-15 23:19:58,952:INFO:

2018-12-15 23:19:59,013:INFO:The length of 'T4st!ng' is 7
2018-12-15 23:19:59,013:INFO:As a list it looks like this ['T', '4', 's', 't', '!', 'n', 'g']
2018-12-15 23:19:59,014:INFO:The letters in this password are: ['T', 's', 't', 'n', 'g']
2018-12-15 23:19:59,014:INFO:The 'T' was the 1st character
2018-12-15 23:19:59,014:INFO:The 's' was the 3rd character
2018-12-15 23:19:59,014:INFO:The 't' was the 4th character
2018-12-15 23:19:59,014:INFO:The 'n' was the 6th character
2018-12-15 23:19:59,015:INFO:The 'g' was the 7th character
2018-12-15 23:19:59,015:INFO:

2018-12-15 23:19:59,015:INFO:The numbers in this password are: ['4']
2018-12-15 23:19:59,015:INFO:The '4' was the 2nd character
2018-12-15 23:19:59,015:INFO:

2018-12-15 23:19:59,016:INFO:The symbols in this password are: ['!']
2018-12-15 23:19:59,016:INFO:The '!' was the 5th character
2018-12-15 23:19:59,016:INFO:

2018-12-15 23:19:59,076:INFO:The length of 'T4st!ng' is 7
2018-12-15 23:19:59,077:INFO:As a list it looks like this ['T', '4', 's', 't', '!', 'n', 'g']
2018-12-15 23:19:59,077:INFO:The letters in this password are: ['T', 's', 't', 'n', 'g']
2018-12-15 23:19:59,077:INFO:The 'T' was the 1st character
2018-12-15 23:19:59,078:INFO:The 's' was the 3rd character
2018-12-15 23:19:59,078:INFO:The 't' was the 4th character
2018-12-15 23:19:59,078:INFO:The 'n' was the 6th character
2018-12-15 23:19:59,078:INFO:The 'g' was the 7th character
2018-12-15 23:19:59,078:INFO:

2018-12-15 23:19:59,078:INFO:The numbers in this password are: ['4']
2018-12-15 23:19:59,079:INFO:The '4' was the 2nd character
2018-12-15 23:19:59,079:INFO:

2018-12-15 23:19:59,079:INFO:The symbols in this password are: ['!']
2018-12-15 23:19:59,079:INFO:The '!' was the 5th character
2018-12-15 23:19:59,079:INFO:

2018-12-15 23:19:59,138:INFO:The length of 'T4st!ng' is 7
2018-12-15 23:19:59,138:INFO:As a list it looks like this ['T', '4', 's', 't', '!', 'n', 'g']
2018-12-15 23:19:59,139:INFO:The letters in this password are: ['T', 's', 't', 'n', 'g']
2018-12-15 23:19:59,139:INFO:The 'T' was the 1st character
2018-12-15 23:19:59,139:INFO:The 's' was the 3rd character
2018-12-15 23:19:59,139:INFO:The 't' was the 4th character
2018-12-15 23:19:59,139:INFO:The 'n' was the 6th character
2018-12-15 23:19:59,139:INFO:The 'g' was the 7th character
2018-12-15 23:19:59,140:INFO:

2018-12-15 23:19:59,140:INFO:The numbers in this password are: ['4']
2018-12-15 23:19:59,140:INFO:The '4' was the 2nd character
2018-12-15 23:19:59,140:INFO:

2018-12-15 23:19:59,140:INFO:The symbols in this password are: ['!']
2018-12-15 23:19:59,140:INFO:The '!' was the 5th character
2018-12-15 23:19:59,141:INFO:

2018-12-15 23:19:59,201:INFO:The length of 'T4st!ng' is 7
2018-12-15 23:19:59,202:INFO:As a list it looks like this ['T', '4', 's', 't', '!', 'n', 'g']
2018-12-15 23:19:59,202:INFO:The letters in this password are: ['T', 's', 't', 'n', 'g']
2018-12-15 23:19:59,202:INFO:The 'T' was the 1st character
2018-12-15 23:19:59,203:INFO:The 's' was the 3rd character
2018-12-15 23:19:59,203:INFO:The 't' was the 4th character
2018-12-15 23:19:59,203:INFO:The 'n' was the 6th character
2018-12-15 23:19:59,203:INFO:The 'g' was the 7th character
2018-12-15 23:19:59,203:INFO:

2018-12-15 23:19:59,203:INFO:The numbers in this password are: ['4']
2018-12-15 23:19:59,204:INFO:The '4' was the 2nd character
2018-12-15 23:19:59,204:INFO:

2018-12-15 23:19:59,204:INFO:The symbols in this password are: ['!']
2018-12-15 23:19:59,204:INFO:The '!' was the 5th character
2018-12-15 23:19:59,204:INFO:

2018-12-15 23:19:59,266:INFO:The length of 'T4st!ng' is 7
2018-12-15 23:19:59,266:INFO:As a list it looks like this ['T', '4', 's', 't', '!', 'n', 'g']
2018-12-15 23:19:59,267:INFO:The letters in this password are: ['T', 's', 't', 'n', 'g']
2018-12-15 23:19:59,267:INFO:The 'T' was the 1st character
2018-12-15 23:19:59,267:INFO:The 's' was the 3rd character
2018-12-15 23:19:59,268:INFO:The 't' was the 4th character
2018-12-15 23:19:59,268:INFO:The 'n' was the 6th character
2018-12-15 23:19:59,268:INFO:The 'g' was the 7th character
2018-12-15 23:19:59,268:INFO:

2018-12-15 23:19:59,268:INFO:The numbers in this password are: ['4']
2018-12-15 23:19:59,269:INFO:The '4' was the 2nd character
2018-12-15 23:19:59,269:INFO:

2018-12-15 23:19:59,269:INFO:The symbols in this password are: ['!']
2018-12-15 23:19:59,270:INFO:The '!' was the 5th character
2018-12-15 23:19:59,270:INFO:

2018-12-15 23:19:59,331:INFO:The length of 'T4st!ng' is 7
2018-12-15 23:19:59,331:INFO:As a list it looks like this ['T', '4', 's', 't', '!', 'n', 'g']
2018-12-15 23:19:59,332:INFO:The letters in this password are: ['T', 's', 't', 'n', 'g']
2018-12-15 23:19:59,332:INFO:The 'T' was the 1st character
2018-12-15 23:19:59,332:INFO:The 's' was the 3rd character
2018-12-15 23:19:59,332:INFO:The 't' was the 4th character
2018-12-15 23:19:59,332:INFO:The 'n' was the 6th character
2018-12-15 23:19:59,333:INFO:The 'g' was the 7th character
2018-12-15 23:19:59,333:INFO:

2018-12-15 23:19:59,333:INFO:The numbers in this password are: ['4']
2018-12-15 23:19:59,333:INFO:The '4' was the 2nd character
2018-12-15 23:19:59,333:INFO:

2018-12-15 23:19:59,333:INFO:The symbols in this password are: ['!']
2018-12-15 23:19:59,334:INFO:The '!' was the 5th character
2018-12-15 23:19:59,334:INFO:

2018-12-15 23:19:59,394:INFO:The length of 'T4st!ng' is 7
2018-12-15 23:19:59,395:INFO:As a list it looks like this ['T', '4', 's', 't', '!', 'n', 'g']
2018-12-15 23:19:59,395:INFO:The letters in this password are: ['T', 's', 't', 'n', 'g']
2018-12-15 23:19:59,396:INFO:The 'T' was the 1st character
2018-12-15 23:19:59,396:INFO:The 's' was the 3rd character
2018-12-15 23:19:59,396:INFO:The 't' was the 4th character
2018-12-15 23:19:59,396:INFO:The 'n' was the 6th character
2018-12-15 23:19:59,396:INFO:The 'g' was the 7th character
2018-12-15 23:19:59,396:INFO:

2018-12-15 23:19:59,396:INFO:The numbers in this password are: ['4']
2018-12-15 23:19:59,397:INFO:The '4' was the 2nd character
2018-12-15 23:19:59,397:INFO:

2018-12-15 23:19:59,397:INFO:The symbols in this password are: ['!']
2018-12-15 23:19:59,397:INFO:The '!' was the 5th character
2018-12-15 23:19:59,397:INFO:

2018-12-15 23:19:59,459:INFO:The length of 'T4st!ng' is 7
2018-12-15 23:19:59,460:INFO:As a list it looks like this ['T', '4', 's', 't', '!', 'n', 'g']
2018-12-15 23:19:59,460:INFO:The letters in this password are: ['T', 's', 't', 'n', 'g']
2018-12-15 23:19:59,461:INFO:The 'T' was the 1st character
2018-12-15 23:19:59,461:INFO:The 's' was the 3rd character
2018-12-15 23:19:59,461:INFO:The 't' was the 4th character
2018-12-15 23:19:59,461:INFO:The 'n' was the 6th character
2018-12-15 23:19:59,461:INFO:The 'g' was the 7th character
2018-12-15 23:19:59,462:INFO:

2018-12-15 23:19:59,462:INFO:The numbers in this password are: ['4']
2018-12-15 23:19:59,462:INFO:The '4' was the 2nd character
2018-12-15 23:19:59,462:INFO:

2018-12-15 23:19:59,463:INFO:The symbols in this password are: ['!']
2018-12-15 23:19:59,463:INFO:The '!' was the 5th character
2018-12-15 23:19:59,463:INFO:

2018-12-15 23:19:59,534:INFO:The length of 'T4st!ng' is 7
2018-12-15 23:19:59,535:INFO:As a list it looks like this ['T', '4', 's', 't', '!', 'n', 'g']
2018-12-15 23:19:59,535:INFO:The letters in this password are: ['T', 's', 't', 'n', 'g']
2018-12-15 23:19:59,536:INFO:The 'T' was the 1st character
2018-12-15 23:19:59,536:INFO:The 's' was the 3rd character
2018-12-15 23:19:59,536:INFO:The 't' was the 4th character
2018-12-15 23:19:59,536:INFO:The 'n' was the 6th character
2018-12-15 23:19:59,536:INFO:The 'g' was the 7th character
2018-12-15 23:19:59,536:INFO:

2018-12-15 23:19:59,537:INFO:The numbers in this password are: ['4']
2018-12-15 23:19:59,537:INFO:The '4' was the 2nd character
2018-12-15 23:19:59,537:INFO:

2018-12-15 23:19:59,537:INFO:The symbols in this password are: ['!']
2018-12-15 23:19:59,537:INFO:The '!' was the 5th character
2018-12-15 23:19:59,538:INFO:

2018-12-15 23:19:59,609:INFO:The length of 'T4st!ng' is 7
2018-12-15 23:19:59,609:INFO:As a list it looks like this ['T', '4', 's', 't', '!', 'n', 'g']
2018-12-15 23:19:59,610:INFO:The letters in this password are: ['T', 's', 't', 'n', 'g']
2018-12-15 23:19:59,610:INFO:The 'T' was the 1st character
2018-12-15 23:19:59,610:INFO:The 's' was the 3rd character
2018-12-15 23:19:59,610:INFO:The 't' was the 4th character
2018-12-15 23:19:59,610:INFO:The 'n' was the 6th character
2018-12-15 23:19:59,611:INFO:The 'g' was the 7th character
2018-12-15 23:19:59,611:INFO:

2018-12-15 23:19:59,611:INFO:The numbers in this password are: ['4']
2018-12-15 23:19:59,611:INFO:The '4' was the 2nd character
2018-12-15 23:19:59,612:INFO:

2018-12-15 23:19:59,612:INFO:The symbols in this password are: ['!']
2018-12-15 23:19:59,612:INFO:The '!' was the 5th character
2018-12-15 23:19:59,612:INFO:

2018-12-15 23:19:59,675:INFO:The length of 'T4st!ng' is 7
2018-12-15 23:19:59,676:INFO:As a list it looks like this ['T', '4', 's', 't', '!', 'n', 'g']
2018-12-15 23:19:59,676:INFO:The letters in this password are: ['T', 's', 't', 'n', 'g']
2018-12-15 23:19:59,676:INFO:The 'T' was the 1st character
2018-12-15 23:19:59,676:INFO:The 's' was the 3rd character
2018-12-15 23:19:59,677:INFO:The 't' was the 4th character
2018-12-15 23:19:59,677:INFO:The 'n' was the 6th character
2018-12-15 23:19:59,677:INFO:The 'g' was the 7th character
2018-12-15 23:19:59,677:INFO:

2018-12-15 23:19:59,677:INFO:The numbers in this password are: ['4']
2018-12-15 23:19:59,677:INFO:The '4' was the 2nd character
2018-12-15 23:19:59,678:INFO:

2018-12-15 23:19:59,678:INFO:The symbols in this password are: ['!']
2018-12-15 23:19:59,678:INFO:The '!' was the 5th character
2018-12-15 23:19:59,678:INFO:

2018-12-15 23:19:59,741:INFO:The length of 'T4st!ng' is 7
2018-12-15 23:19:59,741:INFO:As a list it looks like this ['T', '4', 's', 't', '!', 'n', 'g']
2018-12-15 23:19:59,742:INFO:The letters in this password are: ['T', 's', 't', 'n', 'g']
2018-12-15 23:19:59,742:INFO:The 'T' was the 1st character
2018-12-15 23:19:59,742:INFO:The 's' was the 3rd character
2018-12-15 23:19:59,742:INFO:The 't' was the 4th character
2018-12-15 23:19:59,742:INFO:The 'n' was the 6th character
2018-12-15 23:19:59,742:INFO:The 'g' was the 7th character
2018-12-15 23:19:59,742:INFO:

2018-12-15 23:19:59,743:INFO:The numbers in this password are: ['4']
2018-12-15 23:19:59,743:INFO:The '4' was the 2nd character
2018-12-15 23:19:59,743:INFO:

2018-12-15 23:19:59,743:INFO:The symbols in this password are: ['!']
2018-12-15 23:19:59,743:INFO:The '!' was the 5th character
2018-12-15 23:19:59,743:INFO:

2018-12-15 23:19:59,802:INFO:The length of 'T4st!ng' is 7
2018-12-15 23:19:59,803:INFO:As a list it looks like this ['T', '4', 's', 't', '!', 'n', 'g']
2018-12-15 23:19:59,803:INFO:The letters in this password are: ['T', 's', 't', 'n', 'g']
2018-12-15 23:19:59,803:INFO:The 'T' was the 1st character
2018-12-15 23:19:59,803:INFO:The 's' was the 3rd character
2018-12-15 23:19:59,803:INFO:The 't' was the 4th character
2018-12-15 23:19:59,804:INFO:The 'n' was the 6th character
2018-12-15 23:19:59,804:INFO:The 'g' was the 7th character
2018-12-15 23:19:59,804:INFO:

2018-12-15 23:19:59,804:INFO:The numbers in this password are: ['4']
2018-12-15 23:19:59,804:INFO:The '4' was the 2nd character
2018-12-15 23:19:59,804:INFO:

2018-12-15 23:19:59,804:INFO:The symbols in this password are: ['!']
2018-12-15 23:19:59,804:INFO:The '!' was the 5th character
2018-12-15 23:19:59,805:INFO:

2018-12-15 23:19:59,862:INFO:The length of 'T4st!ng' is 7
2018-12-15 23:19:59,863:INFO:As a list it looks like this ['T', '4', 's', 't', '!', 'n', 'g']
2018-12-15 23:19:59,863:INFO:The letters in this password are: ['T', 's', 't', 'n', 'g']
2018-12-15 23:19:59,863:INFO:The 'T' was the 1st character
2018-12-15 23:19:59,863:INFO:The 's' was the 3rd character
2018-12-15 23:19:59,863:INFO:The 't' was the 4th character
2018-12-15 23:19:59,864:INFO:The 'n' was the 6th character
2018-12-15 23:19:59,864:INFO:The 'g' was the 7th character
2018-12-15 23:19:59,864:INFO:

2018-12-15 23:19:59,864:INFO:The numbers in this password are: ['4']
2018-12-15 23:19:59,864:INFO:The '4' was the 2nd character
2018-12-15 23:19:59,864:INFO:

2018-12-15 23:19:59,865:INFO:The symbols in this password are: ['!']
2018-12-15 23:19:59,865:INFO:The '!' was the 5th character
2018-12-15 23:19:59,865:INFO:

2018-12-15 23:19:59,925:INFO:The length of 'T4st!ng' is 7
2018-12-15 23:19:59,926:INFO:As a list it looks like this ['T', '4', 's', 't', '!', 'n', 'g']
2018-12-15 23:19:59,926:INFO:The letters in this password are: ['T', 's', 't', 'n', 'g']
2018-12-15 23:19:59,926:INFO:The 'T' was the 1st character
2018-12-15 23:19:59,926:INFO:The 's' was the 3rd character
2018-12-15 23:19:59,926:INFO:The 't' was the 4th character
2018-12-15 23:19:59,927:INFO:The 'n' was the 6th character
2018-12-15 23:19:59,927:INFO:The 'g' was the 7th character
2018-12-15 23:19:59,927:INFO:

2018-12-15 23:19:59,927:INFO:The numbers in this password are: ['4']
2018-12-15 23:19:59,927:INFO:The '4' was the 2nd character
2018-12-15 23:19:59,927:INFO:

2018-12-15 23:19:59,927:INFO:The symbols in this password are: ['!']
2018-12-15 23:19:59,928:INFO:The '!' was the 5th character
2018-12-15 23:19:59,928:INFO:

2018-12-15 23:19:59,988:INFO:The length of 'T4st!ng' is 7
2018-12-15 23:19:59,988:INFO:As a list it looks like this ['T', '4', 's', 't', '!', 'n', 'g']
2018-12-15 23:19:59,989:INFO:The letters in this password are: ['T', 's', 't', 'n', 'g']
2018-12-15 23:19:59,989:INFO:The 'T' was the 1st character
2018-12-15 23:19:59,989:INFO:The 's' was the 3rd character
2018-12-15 23:19:59,989:INFO:The 't' was the 4th character
2018-12-15 23:19:59,989:INFO:The 'n' was the 6th character
2018-12-15 23:19:59,989:INFO:The 'g' was the 7th character
2018-12-15 23:19:59,990:INFO:

2018-12-15 23:19:59,990:INFO:The numbers in this password are: ['4']
2018-12-15 23:19:59,990:INFO:The '4' was the 2nd character
2018-12-15 23:19:59,990:INFO:

2018-12-15 23:19:59,990:INFO:The symbols in this password are: ['!']
2018-12-15 23:19:59,990:INFO:The '!' was the 5th character
2018-12-15 23:19:59,991:INFO:

2018-12-15 23:20:00,051:INFO:The length of 'T4st!ng' is 7
2018-12-15 23:20:00,052:INFO:As a list it looks like this ['T', '4', 's', 't', '!', 'n', 'g']
2018-12-15 23:20:00,052:INFO:The letters in this password are: ['T', 's', 't', 'n', 'g']
2018-12-15 23:20:00,052:INFO:The 'T' was the 1st character
2018-12-15 23:20:00,052:INFO:The 's' was the 3rd character
2018-12-15 23:20:00,052:INFO:The 't' was the 4th character
2018-12-15 23:20:00,053:INFO:The 'n' was the 6th character
2018-12-15 23:20:00,053:INFO:The 'g' was the 7th character
2018-12-15 23:20:00,053:INFO:

2018-12-15 23:20:00,053:INFO:The numbers in this password are: ['4']
2018-12-15 23:20:00,053:INFO:The '4' was the 2nd character
2018-12-15 23:20:00,053:INFO:

2018-12-15 23:20:00,054:INFO:The symbols in this password are: ['!']
2018-12-15 23:20:00,054:INFO:The '!' was the 5th character
2018-12-15 23:20:00,054:INFO:

2018-12-15 23:20:00,111:INFO:The length of 'T4st!ng' is 7
2018-12-15 23:20:00,111:INFO:As a list it looks like this ['T', '4', 's', 't', '!', 'n', 'g']
2018-12-15 23:20:00,111:INFO:The letters in this password are: ['T', 's', 't', 'n', 'g']
2018-12-15 23:20:00,111:INFO:The 'T' was the 1st character
2018-12-15 23:20:00,112:INFO:The 's' was the 3rd character
2018-12-15 23:20:00,112:INFO:The 't' was the 4th character
2018-12-15 23:20:00,112:INFO:The 'n' was the 6th character
2018-12-15 23:20:00,112:INFO:The 'g' was the 7th character
2018-12-15 23:20:00,112:INFO:

2018-12-15 23:20:00,112:INFO:The numbers in this password are: ['4']
2018-12-15 23:20:00,112:INFO:The '4' was the 2nd character
2018-12-15 23:20:00,113:INFO:

2018-12-15 23:20:00,113:INFO:The symbols in this password are: ['!']
2018-12-15 23:20:00,113:INFO:The '!' was the 5th character
2018-12-15 23:20:00,114:INFO:

2018-12-15 23:20:00,172:INFO:The length of 'T4st!ng' is 7
2018-12-15 23:20:00,172:INFO:As a list it looks like this ['T', '4', 's', 't', '!', 'n', 'g']
2018-12-15 23:20:00,172:INFO:The letters in this password are: ['T', 's', 't', 'n', 'g']
2018-12-15 23:20:00,173:INFO:The 'T' was the 1st character
2018-12-15 23:20:00,173:INFO:The 's' was the 3rd character
2018-12-15 23:20:00,173:INFO:The 't' was the 4th character
2018-12-15 23:20:00,173:INFO:The 'n' was the 6th character
2018-12-15 23:20:00,173:INFO:The 'g' was the 7th character
2018-12-15 23:20:00,173:INFO:

2018-12-15 23:20:00,174:INFO:The numbers in this password are: ['4']
2018-12-15 23:20:00,174:INFO:The '4' was the 2nd character
2018-12-15 23:20:00,174:INFO:

2018-12-15 23:20:00,174:INFO:The symbols in this password are: ['!']
2018-12-15 23:20:00,174:INFO:The '!' was the 5th character
2018-12-15 23:20:00,174:INFO:

2018-12-15 23:20:00,234:INFO:The length of 'T4st!ng' is 7
2018-12-15 23:20:00,235:INFO:As a list it looks like this ['T', '4', 's', 't', '!', 'n', 'g']
2018-12-15 23:20:00,235:INFO:The letters in this password are: ['T', 's', 't', 'n', 'g']
2018-12-15 23:20:00,235:INFO:The 'T' was the 1st character
2018-12-15 23:20:00,235:INFO:The 's' was the 3rd character
2018-12-15 23:20:00,236:INFO:The 't' was the 4th character
2018-12-15 23:20:00,236:INFO:The 'n' was the 6th character
2018-12-15 23:20:00,236:INFO:The 'g' was the 7th character
2018-12-15 23:20:00,236:INFO:

2018-12-15 23:20:00,236:INFO:The numbers in this password are: ['4']
2018-12-15 23:20:00,236:INFO:The '4' was the 2nd character
2018-12-15 23:20:00,236:INFO:

2018-12-15 23:20:00,237:INFO:The symbols in this password are: ['!']
2018-12-15 23:20:00,237:INFO:The '!' was the 5th character
2018-12-15 23:20:00,237:INFO:

2018-12-15 23:20:00,298:INFO:The length of 'T4st!ng' is 7
2018-12-15 23:20:00,299:INFO:As a list it looks like this ['T', '4', 's', 't', '!', 'n', 'g']
2018-12-15 23:20:00,299:INFO:The letters in this password are: ['T', 's', 't', 'n', 'g']
2018-12-15 23:20:00,299:INFO:The 'T' was the 1st character
2018-12-15 23:20:00,299:INFO:The 's' was the 3rd character
2018-12-15 23:20:00,299:INFO:The 't' was the 4th character
2018-12-15 23:20:00,300:INFO:The 'n' was the 6th character
2018-12-15 23:20:00,300:INFO:The 'g' was the 7th character
2018-12-15 23:20:00,300:INFO:

2018-12-15 23:20:00,300:INFO:The numbers in this password are: ['4']
2018-12-15 23:20:00,300:INFO:The '4' was the 2nd character
2018-12-15 23:20:00,300:INFO:

2018-12-15 23:20:00,301:INFO:The symbols in this password are: ['!']
2018-12-15 23:20:00,301:INFO:The '!' was the 5th character
2018-12-15 23:20:00,301:INFO:

2018-12-15 23:20:00,360:INFO:The length of 'T4st!ng' is 7
2018-12-15 23:20:00,360:INFO:As a list it looks like this ['T', '4', 's', 't', '!', 'n', 'g']
2018-12-15 23:20:00,360:INFO:The letters in this password are: ['T', 's', 't', 'n', 'g']
2018-12-15 23:20:00,361:INFO:The 'T' was the 1st character
2018-12-15 23:20:00,361:INFO:The 's' was the 3rd character
2018-12-15 23:20:00,361:INFO:The 't' was the 4th character
2018-12-15 23:20:00,361:INFO:The 'n' was the 6th character
2018-12-15 23:20:00,361:INFO:The 'g' was the 7th character
2018-12-15 23:20:00,361:INFO:

2018-12-15 23:20:00,362:INFO:The numbers in this password are: ['4']
2018-12-15 23:20:00,362:INFO:The '4' was the 2nd character
2018-12-15 23:20:00,362:INFO:

2018-12-15 23:20:00,362:INFO:The symbols in this password are: ['!']
2018-12-15 23:20:00,362:INFO:The '!' was the 5th character
2018-12-15 23:20:00,362:INFO:

2018-12-15 23:20:00,421:INFO:The length of 'T4st!ng' is 7
2018-12-15 23:20:00,422:INFO:As a list it looks like this ['T', '4', 's', 't', '!', 'n', 'g']
2018-12-15 23:20:00,422:INFO:The letters in this password are: ['T', 's', 't', 'n', 'g']
2018-12-15 23:20:00,422:INFO:The 'T' was the 1st character
2018-12-15 23:20:00,422:INFO:The 's' was the 3rd character
2018-12-15 23:20:00,422:INFO:The 't' was the 4th character
2018-12-15 23:20:00,423:INFO:The 'n' was the 6th character
2018-12-15 23:20:00,423:INFO:The 'g' was the 7th character
2018-12-15 23:20:00,423:INFO:

2018-12-15 23:20:00,423:INFO:The numbers in this password are: ['4']
2018-12-15 23:20:00,423:INFO:The '4' was the 2nd character
2018-12-15 23:20:00,423:INFO:

2018-12-15 23:20:00,424:INFO:The symbols in this password are: ['!']
2018-12-15 23:20:00,424:INFO:The '!' was the 5th character
2018-12-15 23:20:00,424:INFO:

2018-12-15 23:20:00,480:INFO:The length of 'T4st!ng' is 7
2018-12-15 23:20:00,481:INFO:As a list it looks like this ['T', '4', 's', 't', '!', 'n', 'g']
2018-12-15 23:20:00,481:INFO:The letters in this password are: ['T', 's', 't', 'n', 'g']
2018-12-15 23:20:00,481:INFO:The 'T' was the 1st character
2018-12-15 23:20:00,481:INFO:The 's' was the 3rd character
2018-12-15 23:20:00,482:INFO:The 't' was the 4th character
2018-12-15 23:20:00,482:INFO:The 'n' was the 6th character
2018-12-15 23:20:00,482:INFO:The 'g' was the 7th character
2018-12-15 23:20:00,482:INFO:

2018-12-15 23:20:00,482:INFO:The numbers in this password are: ['4']
2018-12-15 23:20:00,483:INFO:The '4' was the 2nd character
2018-12-15 23:20:00,483:INFO:

2018-12-15 23:20:00,483:INFO:The symbols in this password are: ['!']
2018-12-15 23:20:00,483:INFO:The '!' was the 5th character
2018-12-15 23:20:00,484:INFO:

2018-12-15 23:20:00,542:INFO:The length of 'T4st!ng' is 7
2018-12-15 23:20:00,543:INFO:As a list it looks like this ['T', '4', 's', 't', '!', 'n', 'g']
2018-12-15 23:20:00,543:INFO:The letters in this password are: ['T', 's', 't', 'n', 'g']
2018-12-15 23:20:00,543:INFO:The 'T' was the 1st character
2018-12-15 23:20:00,543:INFO:The 's' was the 3rd character
2018-12-15 23:20:00,543:INFO:The 't' was the 4th character
2018-12-15 23:20:00,544:INFO:The 'n' was the 6th character
2018-12-15 23:20:00,544:INFO:The 'g' was the 7th character
2018-12-15 23:20:00,544:INFO:

2018-12-15 23:20:00,544:INFO:The numbers in this password are: ['4']
2018-12-15 23:20:00,544:INFO:The '4' was the 2nd character
2018-12-15 23:20:00,545:INFO:

2018-12-15 23:20:00,545:INFO:The symbols in this password are: ['!']
2018-12-15 23:20:00,545:INFO:The '!' was the 5th character
2018-12-15 23:20:00,545:INFO:

2018-12-15 23:20:00,605:INFO:The length of 'T4st!ng' is 7
2018-12-15 23:20:00,606:INFO:As a list it looks like this ['T', '4', 's', 't', '!', 'n', 'g']
2018-12-15 23:20:00,606:INFO:The letters in this password are: ['T', 's', 't', 'n', 'g']
2018-12-15 23:20:00,606:INFO:The 'T' was the 1st character
2018-12-15 23:20:00,606:INFO:The 's' was the 3rd character
2018-12-15 23:20:00,606:INFO:The 't' was the 4th character
2018-12-15 23:20:00,606:INFO:The 'n' was the 6th character
2018-12-15 23:20:00,607:INFO:The 'g' was the 7th character
2018-12-15 23:20:00,607:INFO:

2018-12-15 23:20:00,607:INFO:The numbers in this password are: ['4']
2018-12-15 23:20:00,607:INFO:The '4' was the 2nd character
2018-12-15 23:20:00,607:INFO:

2018-12-15 23:20:00,607:INFO:The symbols in this password are: ['!']
2018-12-15 23:20:00,607:INFO:The '!' was the 5th character
2018-12-15 23:20:00,608:INFO:

2018-12-15 23:20:00,667:INFO:The length of 'T4st!ng' is 7
2018-12-15 23:20:00,668:INFO:As a list it looks like this ['T', '4', 's', 't', '!', 'n', 'g']
2018-12-15 23:20:00,668:INFO:The letters in this password are: ['T', 's', 't', 'n', 'g']
2018-12-15 23:20:00,668:INFO:The 'T' was the 1st character
2018-12-15 23:20:00,668:INFO:The 's' was the 3rd character
2018-12-15 23:20:00,668:INFO:The 't' was the 4th character
2018-12-15 23:20:00,669:INFO:The 'n' was the 6th character
2018-12-15 23:20:00,669:INFO:The 'g' was the 7th character
2018-12-15 23:20:00,669:INFO:

2018-12-15 23:20:00,669:INFO:The numbers in this password are: ['4']
2018-12-15 23:20:00,670:INFO:The '4' was the 2nd character
2018-12-15 23:20:00,670:INFO:

2018-12-15 23:20:00,670:INFO:The symbols in this password are: ['!']
2018-12-15 23:20:00,670:INFO:The '!' was the 5th character
2018-12-15 23:20:00,671:INFO:

2018-12-15 23:20:00,731:INFO:The length of 'T4st!ng' is 7
2018-12-15 23:20:00,732:INFO:As a list it looks like this ['T', '4', 's', 't', '!', 'n', 'g']
2018-12-15 23:20:00,732:INFO:The letters in this password are: ['T', 's', 't', 'n', 'g']
2018-12-15 23:20:00,732:INFO:The 'T' was the 1st character
2018-12-15 23:20:00,732:INFO:The 's' was the 3rd character
2018-12-15 23:20:00,732:INFO:The 't' was the 4th character
2018-12-15 23:20:00,733:INFO:The 'n' was the 6th character
2018-12-15 23:20:00,733:INFO:The 'g' was the 7th character
2018-12-15 23:20:00,733:INFO:

2018-12-15 23:20:00,733:INFO:The numbers in this password are: ['4']
2018-12-15 23:20:00,733:INFO:The '4' was the 2nd character
2018-12-15 23:20:00,733:INFO:

2018-12-15 23:20:00,733:INFO:The symbols in this password are: ['!']
2018-12-15 23:20:00,734:INFO:The '!' was the 5th character
2018-12-15 23:20:00,734:INFO:

2018-12-15 23:20:00,789:INFO:The length of 'T4st!ng' is 7
2018-12-15 23:20:00,790:INFO:As a list it looks like this ['T', '4', 's', 't', '!', 'n', 'g']
2018-12-15 23:20:00,790:INFO:The letters in this password are: ['T', 's', 't', 'n', 'g']
2018-12-15 23:20:00,790:INFO:The 'T' was the 1st character
2018-12-15 23:20:00,791:INFO:The 's' was the 3rd character
2018-12-15 23:20:00,791:INFO:The 't' was the 4th character
2018-12-15 23:20:00,791:INFO:The 'n' was the 6th character
2018-12-15 23:20:00,791:INFO:The 'g' was the 7th character
2018-12-15 23:20:00,791:INFO:

2018-12-15 23:20:00,791:INFO:The numbers in this password are: ['4']
2018-12-15 23:20:00,792:INFO:The '4' was the 2nd character
2018-12-15 23:20:00,792:INFO:

2018-12-15 23:20:00,792:INFO:The symbols in this password are: ['!']
2018-12-15 23:20:00,792:INFO:The '!' was the 5th character
2018-12-15 23:20:00,792:INFO:

2018-12-15 23:20:00,850:INFO:The length of 'T4st!ng' is 7
2018-12-15 23:20:00,850:INFO:As a list it looks like this ['T', '4', 's', 't', '!', 'n', 'g']
2018-12-15 23:20:00,851:INFO:The letters in this password are: ['T', 's', 't', 'n', 'g']
2018-12-15 23:20:00,851:INFO:The 'T' was the 1st character
2018-12-15 23:20:00,851:INFO:The 's' was the 3rd character
2018-12-15 23:20:00,851:INFO:The 't' was the 4th character
2018-12-15 23:20:00,851:INFO:The 'n' was the 6th character
2018-12-15 23:20:00,851:INFO:The 'g' was the 7th character
2018-12-15 23:20:00,851:INFO:

2018-12-15 23:20:00,851:INFO:The numbers in this password are: ['4']
2018-12-15 23:20:00,852:INFO:The '4' was the 2nd character
2018-12-15 23:20:00,852:INFO:

2018-12-15 23:20:00,852:INFO:The symbols in this password are: ['!']
2018-12-15 23:20:00,852:INFO:The '!' was the 5th character
2018-12-15 23:20:00,852:INFO:

2018-12-15 23:20:00,915:INFO:The length of 'T4st!ng' is 7
2018-12-15 23:20:00,916:INFO:As a list it looks like this ['T', '4', 's', 't', '!', 'n', 'g']
2018-12-15 23:20:00,917:INFO:The letters in this password are: ['T', 's', 't', 'n', 'g']
2018-12-15 23:20:00,917:INFO:The 'T' was the 1st character
2018-12-15 23:20:00,917:INFO:The 's' was the 3rd character
2018-12-15 23:20:00,918:INFO:The 't' was the 4th character
2018-12-15 23:20:00,918:INFO:The 'n' was the 6th character
2018-12-15 23:20:00,918:INFO:The 'g' was the 7th character
2018-12-15 23:20:00,918:INFO:

2018-12-15 23:20:00,918:INFO:The numbers in this password are: ['4']
2018-12-15 23:20:00,918:INFO:The '4' was the 2nd character
2018-12-15 23:20:00,919:INFO:

2018-12-15 23:20:00,919:INFO:The symbols in this password are: ['!']
2018-12-15 23:20:00,919:INFO:The '!' was the 5th character
2018-12-15 23:20:00,919:INFO:

2018-12-15 23:20:00,982:INFO:The length of 'T4st!ng' is 7
2018-12-15 23:20:00,982:INFO:As a list it looks like this ['T', '4', 's', 't', '!', 'n', 'g']
2018-12-15 23:20:00,983:INFO:The letters in this password are: ['T', 's', 't', 'n', 'g']
2018-12-15 23:20:00,983:INFO:The 'T' was the 1st character
2018-12-15 23:20:00,983:INFO:The 's' was the 3rd character
2018-12-15 23:20:00,983:INFO:The 't' was the 4th character
2018-12-15 23:20:00,983:INFO:The 'n' was the 6th character
2018-12-15 23:20:00,984:INFO:The 'g' was the 7th character
2018-12-15 23:20:00,984:INFO:

2018-12-15 23:20:00,984:INFO:The numbers in this password are: ['4']
2018-12-15 23:20:00,984:INFO:The '4' was the 2nd character
2018-12-15 23:20:00,985:INFO:

2018-12-15 23:20:00,985:INFO:The symbols in this password are: ['!']
2018-12-15 23:20:00,985:INFO:The '!' was the 5th character
2018-12-15 23:20:00,985:INFO:

2018-12-15 23:20:01,049:INFO:The length of 'T4st!ng' is 7
2018-12-15 23:20:01,050:INFO:As a list it looks like this ['T', '4', 's', 't', '!', 'n', 'g']
2018-12-15 23:20:01,050:INFO:The letters in this password are: ['T', 's', 't', 'n', 'g']
2018-12-15 23:20:01,051:INFO:The 'T' was the 1st character
2018-12-15 23:20:01,051:INFO:The 's' was the 3rd character
2018-12-15 23:20:01,051:INFO:The 't' was the 4th character
2018-12-15 23:20:01,051:INFO:The 'n' was the 6th character
2018-12-15 23:20:01,051:INFO:The 'g' was the 7th character
2018-12-15 23:20:01,051:INFO:

2018-12-15 23:20:01,052:INFO:The numbers in this password are: ['4']
2018-12-15 23:20:01,052:INFO:The '4' was the 2nd character
2018-12-15 23:20:01,052:INFO:

2018-12-15 23:20:01,052:INFO:The symbols in this password are: ['!']
2018-12-15 23:20:01,052:INFO:The '!' was the 5th character
2018-12-15 23:20:01,052:INFO:

2018-12-15 23:20:01,116:INFO:The length of 'T4st!ng' is 7
2018-12-15 23:20:01,117:INFO:As a list it looks like this ['T', '4', 's', 't', '!', 'n', 'g']
2018-12-15 23:20:01,117:INFO:The letters in this password are: ['T', 's', 't', 'n', 'g']
2018-12-15 23:20:01,118:INFO:The 'T' was the 1st character
2018-12-15 23:20:01,118:INFO:The 's' was the 3rd character
2018-12-15 23:20:01,118:INFO:The 't' was the 4th character
2018-12-15 23:20:01,118:INFO:The 'n' was the 6th character
2018-12-15 23:20:01,118:INFO:The 'g' was the 7th character
2018-12-15 23:20:01,118:INFO:

2018-12-15 23:20:01,119:INFO:The numbers in this password are: ['4']
2018-12-15 23:20:01,119:INFO:The '4' was the 2nd character
2018-12-15 23:20:01,119:INFO:

2018-12-15 23:20:01,120:INFO:The symbols in this password are: ['!']
2018-12-15 23:20:01,120:INFO:The '!' was the 5th character
2018-12-15 23:20:01,120:INFO:

2018-12-15 23:20:01,185:INFO:The length of 'T4st!ng' is 7
2018-12-15 23:20:01,185:INFO:As a list it looks like this ['T', '4', 's', 't', '!', 'n', 'g']
2018-12-15 23:20:01,186:INFO:The letters in this password are: ['T', 's', 't', 'n', 'g']
2018-12-15 23:20:01,186:INFO:The 'T' was the 1st character
2018-12-15 23:20:01,186:INFO:The 's' was the 3rd character
2018-12-15 23:20:01,186:INFO:The 't' was the 4th character
2018-12-15 23:20:01,186:INFO:The 'n' was the 6th character
2018-12-15 23:20:01,186:INFO:The 'g' was the 7th character
2018-12-15 23:20:01,187:INFO:

2018-12-15 23:20:01,187:INFO:The numbers in this password are: ['4']
2018-12-15 23:20:01,187:INFO:The '4' was the 2nd character
2018-12-15 23:20:01,187:INFO:

2018-12-15 23:20:01,187:INFO:The symbols in this password are: ['!']
2018-12-15 23:20:01,187:INFO:The '!' was the 5th character
2018-12-15 23:20:01,187:INFO:

2018-12-15 23:20:01,249:INFO:The length of 'T4st!ng' is 7
2018-12-15 23:20:01,250:INFO:As a list it looks like this ['T', '4', 's', 't', '!', 'n', 'g']
2018-12-15 23:20:01,250:INFO:The letters in this password are: ['T', 's', 't', 'n', 'g']
2018-12-15 23:20:01,250:INFO:The 'T' was the 1st character
2018-12-15 23:20:01,251:INFO:The 's' was the 3rd character
2018-12-15 23:20:01,251:INFO:The 't' was the 4th character
2018-12-15 23:20:01,251:INFO:The 'n' was the 6th character
2018-12-15 23:20:01,251:INFO:The 'g' was the 7th character
2018-12-15 23:20:01,251:INFO:

2018-12-15 23:20:01,251:INFO:The numbers in this password are: ['4']
2018-12-15 23:20:01,251:INFO:The '4' was the 2nd character
2018-12-15 23:20:01,252:INFO:

2018-12-15 23:20:01,252:INFO:The symbols in this password are: ['!']
2018-12-15 23:20:01,252:INFO:The '!' was the 5th character
2018-12-15 23:20:01,252:INFO:

2018-12-15 23:20:01,310:INFO:The length of 'T4st!ng' is 7
2018-12-15 23:20:01,310:INFO:As a list it looks like this ['T', '4', 's', 't', '!', 'n', 'g']
2018-12-15 23:20:01,310:INFO:The letters in this password are: ['T', 's', 't', 'n', 'g']
2018-12-15 23:20:01,311:INFO:The 'T' was the 1st character
2018-12-15 23:20:01,311:INFO:The 's' was the 3rd character
2018-12-15 23:20:01,311:INFO:The 't' was the 4th character
2018-12-15 23:20:01,311:INFO:The 'n' was the 6th character
2018-12-15 23:20:01,312:INFO:The 'g' was the 7th character
2018-12-15 23:20:01,312:INFO:

2018-12-15 23:20:01,312:INFO:The numbers in this password are: ['4']
2018-12-15 23:20:01,312:INFO:The '4' was the 2nd character
2018-12-15 23:20:01,312:INFO:

2018-12-15 23:20:01,313:INFO:The symbols in this password are: ['!']
2018-12-15 23:20:01,313:INFO:The '!' was the 5th character
2018-12-15 23:20:01,313:INFO:

2018-12-15 23:20:01,371:INFO:The length of 'T4st!ng' is 7
2018-12-15 23:20:01,371:INFO:As a list it looks like this ['T', '4', 's', 't', '!', 'n', 'g']
2018-12-15 23:20:01,372:INFO:The letters in this password are: ['T', 's', 't', 'n', 'g']
2018-12-15 23:20:01,372:INFO:The 'T' was the 1st character
2018-12-15 23:20:01,372:INFO:The 's' was the 3rd character
2018-12-15 23:20:01,372:INFO:The 't' was the 4th character
2018-12-15 23:20:01,373:INFO:The 'n' was the 6th character
2018-12-15 23:20:01,373:INFO:The 'g' was the 7th character
2018-12-15 23:20:01,373:INFO:

2018-12-15 23:20:01,373:INFO:The numbers in this password are: ['4']
2018-12-15 23:20:01,374:INFO:The '4' was the 2nd character
2018-12-15 23:20:01,374:INFO:

2018-12-15 23:20:01,374:INFO:The symbols in this password are: ['!']
2018-12-15 23:20:01,374:INFO:The '!' was the 5th character
2018-12-15 23:20:01,374:INFO:

2018-12-15 23:20:01,434:INFO:The length of 'T4st!ng' is 7
2018-12-15 23:20:01,434:INFO:As a list it looks like this ['T', '4', 's', 't', '!', 'n', 'g']
2018-12-15 23:20:01,434:INFO:The letters in this password are: ['T', 's', 't', 'n', 'g']
2018-12-15 23:20:01,434:INFO:The 'T' was the 1st character
2018-12-15 23:20:01,435:INFO:The 's' was the 3rd character
2018-12-15 23:20:01,435:INFO:The 't' was the 4th character
2018-12-15 23:20:01,435:INFO:The 'n' was the 6th character
2018-12-15 23:20:01,435:INFO:The 'g' was the 7th character
2018-12-15 23:20:01,435:INFO:

2018-12-15 23:20:01,435:INFO:The numbers in this password are: ['4']
2018-12-15 23:20:01,435:INFO:The '4' was the 2nd character
2018-12-15 23:20:01,436:INFO:

2018-12-15 23:20:01,436:INFO:The symbols in this password are: ['!']
2018-12-15 23:20:01,436:INFO:The '!' was the 5th character
2018-12-15 23:20:01,436:INFO:

2018-12-15 23:20:01,494:INFO:The length of 'T4st!ng' is 7
2018-12-15 23:20:01,495:INFO:As a list it looks like this ['T', '4', 's', 't', '!', 'n', 'g']
2018-12-15 23:20:01,495:INFO:The letters in this password are: ['T', 's', 't', 'n', 'g']
2018-12-15 23:20:01,495:INFO:The 'T' was the 1st character
2018-12-15 23:20:01,496:INFO:The 's' was the 3rd character
2018-12-15 23:20:01,496:INFO:The 't' was the 4th character
2018-12-15 23:20:01,496:INFO:The 'n' was the 6th character
2018-12-15 23:20:01,496:INFO:The 'g' was the 7th character
2018-12-15 23:20:01,496:INFO:

2018-12-15 23:20:01,497:INFO:The numbers in this password are: ['4']
2018-12-15 23:20:01,497:INFO:The '4' was the 2nd character
2018-12-15 23:20:01,497:INFO:

2018-12-15 23:20:01,497:INFO:The symbols in this password are: ['!']
2018-12-15 23:20:01,497:INFO:The '!' was the 5th character
2018-12-15 23:20:01,498:INFO:

2018-12-15 23:20:01,560:INFO:The length of 'T4st!ng' is 7
2018-12-15 23:20:01,560:INFO:As a list it looks like this ['T', '4', 's', 't', '!', 'n', 'g']
2018-12-15 23:20:01,561:INFO:The letters in this password are: ['T', 's', 't', 'n', 'g']
2018-12-15 23:20:01,561:INFO:The 'T' was the 1st character
2018-12-15 23:20:01,561:INFO:The 's' was the 3rd character
2018-12-15 23:20:01,561:INFO:The 't' was the 4th character
2018-12-15 23:20:01,561:INFO:The 'n' was the 6th character
2018-12-15 23:20:01,562:INFO:The 'g' was the 7th character
2018-12-15 23:20:01,562:INFO:

2018-12-15 23:20:01,562:INFO:The numbers in this password are: ['4']
2018-12-15 23:20:01,562:INFO:The '4' was the 2nd character
2018-12-15 23:20:01,562:INFO:

2018-12-15 23:20:01,562:INFO:The symbols in this password are: ['!']
2018-12-15 23:20:01,562:INFO:The '!' was the 5th character
2018-12-15 23:20:01,563:INFO:

2018-12-15 23:20:01,621:INFO:The length of 'T4st!ng' is 7
2018-12-15 23:20:01,622:INFO:As a list it looks like this ['T', '4', 's', 't', '!', 'n', 'g']
2018-12-15 23:20:01,622:INFO:The letters in this password are: ['T', 's', 't', 'n', 'g']
2018-12-15 23:20:01,622:INFO:The 'T' was the 1st character
2018-12-15 23:20:01,622:INFO:The 's' was the 3rd character
2018-12-15 23:20:01,622:INFO:The 't' was the 4th character
2018-12-15 23:20:01,622:INFO:The 'n' was the 6th character
2018-12-15 23:20:01,623:INFO:The 'g' was the 7th character
2018-12-15 23:20:01,623:INFO:

2018-12-15 23:20:01,623:INFO:The numbers in this password are: ['4']
2018-12-15 23:20:01,623:INFO:The '4' was the 2nd character
2018-12-15 23:20:01,623:INFO:

2018-12-15 23:20:01,623:INFO:The symbols in this password are: ['!']
2018-12-15 23:20:01,623:INFO:The '!' was the 5th character
2018-12-15 23:20:01,623:INFO:

2018-12-15 23:20:01,678:INFO:The length of 'T4st!ng' is 7
2018-12-15 23:20:01,678:INFO:As a list it looks like this ['T', '4', 's', 't', '!', 'n', 'g']
2018-12-15 23:20:01,679:INFO:The letters in this password are: ['T', 's', 't', 'n', 'g']
2018-12-15 23:20:01,679:INFO:The 'T' was the 1st character
2018-12-15 23:20:01,679:INFO:The 's' was the 3rd character
2018-12-15 23:20:01,679:INFO:The 't' was the 4th character
2018-12-15 23:20:01,680:INFO:The 'n' was the 6th character
2018-12-15 23:20:01,680:INFO:The 'g' was the 7th character
2018-12-15 23:20:01,680:INFO:

2018-12-15 23:20:01,680:INFO:The numbers in this password are: ['4']
2018-12-15 23:20:01,680:INFO:The '4' was the 2nd character
2018-12-15 23:20:01,681:INFO:

2018-12-15 23:20:01,681:INFO:The symbols in this password are: ['!']
2018-12-15 23:20:01,681:INFO:The '!' was the 5th character
2018-12-15 23:20:01,682:INFO:

2018-12-15 23:20:01,747:INFO:The length of 'T4st!ng' is 7
2018-12-15 23:20:01,748:INFO:As a list it looks like this ['T', '4', 's', 't', '!', 'n', 'g']
2018-12-15 23:20:01,748:INFO:The letters in this password are: ['T', 's', 't', 'n', 'g']
2018-12-15 23:20:01,749:INFO:The 'T' was the 1st character
2018-12-15 23:20:01,749:INFO:The 's' was the 3rd character
2018-12-15 23:20:01,749:INFO:The 't' was the 4th character
2018-12-15 23:20:01,749:INFO:The 'n' was the 6th character
2018-12-15 23:20:01,749:INFO:The 'g' was the 7th character
2018-12-15 23:20:01,749:INFO:

2018-12-15 23:20:01,750:INFO:The numbers in this password are: ['4']
2018-12-15 23:20:01,750:INFO:The '4' was the 2nd character
2018-12-15 23:20:01,750:INFO:

2018-12-15 23:20:01,750:INFO:The symbols in this password are: ['!']
2018-12-15 23:20:01,750:INFO:The '!' was the 5th character
2018-12-15 23:20:01,750:INFO:

2018-12-15 23:20:01,809:INFO:The length of 'T4st!ng' is 7
2018-12-15 23:20:01,810:INFO:As a list it looks like this ['T', '4', 's', 't', '!', 'n', 'g']
2018-12-15 23:20:01,810:INFO:The letters in this password are: ['T', 's', 't', 'n', 'g']
2018-12-15 23:20:01,810:INFO:The 'T' was the 1st character
2018-12-15 23:20:01,810:INFO:The 's' was the 3rd character
2018-12-15 23:20:01,811:INFO:The 't' was the 4th character
2018-12-15 23:20:01,811:INFO:The 'n' was the 6th character
2018-12-15 23:20:01,811:INFO:The 'g' was the 7th character
2018-12-15 23:20:01,811:INFO:

2018-12-15 23:20:01,812:INFO:The numbers in this password are: ['4']
2018-12-15 23:20:01,812:INFO:The '4' was the 2nd character
2018-12-15 23:20:01,812:INFO:

2018-12-15 23:20:01,813:INFO:The symbols in this password are: ['!']
2018-12-15 23:20:01,813:INFO:The '!' was the 5th character
2018-12-15 23:20:01,813:INFO:

2018-12-15 23:20:01,869:INFO:The length of 'T4st!ng' is 7
2018-12-15 23:20:01,869:INFO:As a list it looks like this ['T', '4', 's', 't', '!', 'n', 'g']
2018-12-15 23:20:01,869:INFO:The letters in this password are: ['T', 's', 't', 'n', 'g']
2018-12-15 23:20:01,870:INFO:The 'T' was the 1st character
2018-12-15 23:20:01,870:INFO:The 's' was the 3rd character
2018-12-15 23:20:01,870:INFO:The 't' was the 4th character
2018-12-15 23:20:01,870:INFO:The 'n' was the 6th character
2018-12-15 23:20:01,870:INFO:The 'g' was the 7th character
2018-12-15 23:20:01,871:INFO:

2018-12-15 23:20:01,871:INFO:The numbers in this password are: ['4']
2018-12-15 23:20:01,871:INFO:The '4' was the 2nd character
2018-12-15 23:20:01,871:INFO:

2018-12-15 23:20:01,871:INFO:The symbols in this password are: ['!']
2018-12-15 23:20:01,872:INFO:The '!' was the 5th character
2018-12-15 23:20:01,872:INFO:

2018-12-15 23:20:01,931:INFO:The length of 'T4st!ng' is 7
2018-12-15 23:20:01,931:INFO:As a list it looks like this ['T', '4', 's', 't', '!', 'n', 'g']
2018-12-15 23:20:01,932:INFO:The letters in this password are: ['T', 's', 't', 'n', 'g']
2018-12-15 23:20:01,932:INFO:The 'T' was the 1st character
2018-12-15 23:20:01,932:INFO:The 's' was the 3rd character
2018-12-15 23:20:01,932:INFO:The 't' was the 4th character
2018-12-15 23:20:01,932:INFO:The 'n' was the 6th character
2018-12-15 23:20:01,932:INFO:The 'g' was the 7th character
2018-12-15 23:20:01,933:INFO:

2018-12-15 23:20:01,933:INFO:The numbers in this password are: ['4']
2018-12-15 23:20:01,933:INFO:The '4' was the 2nd character
2018-12-15 23:20:01,933:INFO:

2018-12-15 23:20:01,934:INFO:The symbols in this password are: ['!']
2018-12-15 23:20:01,934:INFO:The '!' was the 5th character
2018-12-15 23:20:01,934:INFO:

2018-12-15 23:20:01,995:INFO:The length of 'T4st!ng' is 7
2018-12-15 23:20:01,995:INFO:As a list it looks like this ['T', '4', 's', 't', '!', 'n', 'g']
2018-12-15 23:20:01,996:INFO:The letters in this password are: ['T', 's', 't', 'n', 'g']
2018-12-15 23:20:01,996:INFO:The 'T' was the 1st character
2018-12-15 23:20:01,996:INFO:The 's' was the 3rd character
2018-12-15 23:20:01,996:INFO:The 't' was the 4th character
2018-12-15 23:20:01,996:INFO:The 'n' was the 6th character
2018-12-15 23:20:01,996:INFO:The 'g' was the 7th character
2018-12-15 23:20:01,997:INFO:

2018-12-15 23:20:01,997:INFO:The numbers in this password are: ['4']
2018-12-15 23:20:01,997:INFO:The '4' was the 2nd character
2018-12-15 23:20:01,997:INFO:

2018-12-15 23:20:01,998:INFO:The symbols in this password are: ['!']
2018-12-15 23:20:01,998:INFO:The '!' was the 5th character
2018-12-15 23:20:01,998:INFO:

2018-12-15 23:20:02,055:INFO:The length of 'T4st!ng' is 7
2018-12-15 23:20:02,056:INFO:As a list it looks like this ['T', '4', 's', 't', '!', 'n', 'g']
2018-12-15 23:20:02,056:INFO:The letters in this password are: ['T', 's', 't', 'n', 'g']
2018-12-15 23:20:02,056:INFO:The 'T' was the 1st character
2018-12-15 23:20:02,057:INFO:The 's' was the 3rd character
2018-12-15 23:20:02,057:INFO:The 't' was the 4th character
2018-12-15 23:20:02,057:INFO:The 'n' was the 6th character
2018-12-15 23:20:02,057:INFO:The 'g' was the 7th character
2018-12-15 23:20:02,057:INFO:

2018-12-15 23:20:02,058:INFO:The numbers in this password are: ['4']
2018-12-15 23:20:02,058:INFO:The '4' was the 2nd character
2018-12-15 23:20:02,058:INFO:

2018-12-15 23:20:02,058:INFO:The symbols in this password are: ['!']
2018-12-15 23:20:02,059:INFO:The '!' was the 5th character
2018-12-15 23:20:02,059:INFO:

2018-12-15 23:20:02,126:INFO:The length of 'T4st!ng' is 7
2018-12-15 23:20:02,126:INFO:As a list it looks like this ['T', '4', 's', 't', '!', 'n', 'g']
2018-12-15 23:20:02,127:INFO:The letters in this password are: ['T', 's', 't', 'n', 'g']
2018-12-15 23:20:02,127:INFO:The 'T' was the 1st character
2018-12-15 23:20:02,127:INFO:The 's' was the 3rd character
2018-12-15 23:20:02,127:INFO:The 't' was the 4th character
2018-12-15 23:20:02,127:INFO:The 'n' was the 6th character
2018-12-15 23:20:02,127:INFO:The 'g' was the 7th character
2018-12-15 23:20:02,128:INFO:

2018-12-15 23:20:02,128:INFO:The numbers in this password are: ['4']
2018-12-15 23:20:02,128:INFO:The '4' was the 2nd character
2018-12-15 23:20:02,128:INFO:

2018-12-15 23:20:02,128:INFO:The symbols in this password are: ['!']
2018-12-15 23:20:02,128:INFO:The '!' was the 5th character
2018-12-15 23:20:02,128:INFO:

2018-12-15 23:20:02,186:INFO:The length of 'T4st!ng' is 7
2018-12-15 23:20:02,186:INFO:As a list it looks like this ['T', '4', 's', 't', '!', 'n', 'g']
2018-12-15 23:20:02,186:INFO:The letters in this password are: ['T', 's', 't', 'n', 'g']
2018-12-15 23:20:02,187:INFO:The 'T' was the 1st character
2018-12-15 23:20:02,187:INFO:The 's' was the 3rd character
2018-12-15 23:20:02,187:INFO:The 't' was the 4th character
2018-12-15 23:20:02,187:INFO:The 'n' was the 6th character
2018-12-15 23:20:02,187:INFO:The 'g' was the 7th character
2018-12-15 23:20:02,187:INFO:

2018-12-15 23:20:02,187:INFO:The numbers in this password are: ['4']
2018-12-15 23:20:02,188:INFO:The '4' was the 2nd character
2018-12-15 23:20:02,188:INFO:

2018-12-15 23:20:02,188:INFO:The symbols in this password are: ['!']
2018-12-15 23:20:02,188:INFO:The '!' was the 5th character
2018-12-15 23:20:02,188:INFO:

2018-12-15 23:20:02,245:INFO:The length of 'T4st!ng' is 7
2018-12-15 23:20:02,246:INFO:As a list it looks like this ['T', '4', 's', 't', '!', 'n', 'g']
2018-12-15 23:20:02,247:INFO:The letters in this password are: ['T', 's', 't', 'n', 'g']
2018-12-15 23:20:02,247:INFO:The 'T' was the 1st character
2018-12-15 23:20:02,247:INFO:The 's' was the 3rd character
2018-12-15 23:20:02,247:INFO:The 't' was the 4th character
2018-12-15 23:20:02,247:INFO:The 'n' was the 6th character
2018-12-15 23:20:02,248:INFO:The 'g' was the 7th character
2018-12-15 23:20:02,248:INFO:

2018-12-15 23:20:02,248:INFO:The numbers in this password are: ['4']
2018-12-15 23:20:02,248:INFO:The '4' was the 2nd character
2018-12-15 23:20:02,248:INFO:

2018-12-15 23:20:02,249:INFO:The symbols in this password are: ['!']
2018-12-15 23:20:02,249:INFO:The '!' was the 5th character
2018-12-15 23:20:02,249:INFO:

2018-12-15 23:20:02,308:INFO:The length of 'T4st!ng' is 7
2018-12-15 23:20:02,309:INFO:As a list it looks like this ['T', '4', 's', 't', '!', 'n', 'g']
2018-12-15 23:20:02,309:INFO:The letters in this password are: ['T', 's', 't', 'n', 'g']
2018-12-15 23:20:02,310:INFO:The 'T' was the 1st character
2018-12-15 23:20:02,310:INFO:The 's' was the 3rd character
2018-12-15 23:20:02,310:INFO:The 't' was the 4th character
2018-12-15 23:20:02,310:INFO:The 'n' was the 6th character
2018-12-15 23:20:02,310:INFO:The 'g' was the 7th character
2018-12-15 23:20:02,310:INFO:

2018-12-15 23:20:02,311:INFO:The numbers in this password are: ['4']
2018-12-15 23:20:02,311:INFO:The '4' was the 2nd character
2018-12-15 23:20:02,311:INFO:

2018-12-15 23:20:02,312:INFO:The symbols in this password are: ['!']
2018-12-15 23:20:02,312:INFO:The '!' was the 5th character
2018-12-15 23:20:02,312:INFO:

2018-12-15 23:20:02,374:INFO:The length of 'T4st!ng' is 7
2018-12-15 23:20:02,374:INFO:As a list it looks like this ['T', '4', 's', 't', '!', 'n', 'g']
2018-12-15 23:20:02,375:INFO:The letters in this password are: ['T', 's', 't', 'n', 'g']
2018-12-15 23:20:02,375:INFO:The 'T' was the 1st character
2018-12-15 23:20:02,375:INFO:The 's' was the 3rd character
2018-12-15 23:20:02,376:INFO:The 't' was the 4th character
2018-12-15 23:20:02,376:INFO:The 'n' was the 6th character
2018-12-15 23:20:02,376:INFO:The 'g' was the 7th character
2018-12-15 23:20:02,376:INFO:

2018-12-15 23:20:02,376:INFO:The numbers in this password are: ['4']
2018-12-15 23:20:02,377:INFO:The '4' was the 2nd character
2018-12-15 23:20:02,377:INFO:

2018-12-15 23:20:02,377:INFO:The symbols in this password are: ['!']
2018-12-15 23:20:02,377:INFO:The '!' was the 5th character
2018-12-15 23:20:02,378:INFO:

2018-12-15 23:20:02,446:INFO:The length of 'T4st!ng' is 7
2018-12-15 23:20:02,447:INFO:As a list it looks like this ['T', '4', 's', 't', '!', 'n', 'g']
2018-12-15 23:20:02,448:INFO:The letters in this password are: ['T', 's', 't', 'n', 'g']
2018-12-15 23:20:02,448:INFO:The 'T' was the 1st character
2018-12-15 23:20:02,448:INFO:The 's' was the 3rd character
2018-12-15 23:20:02,449:INFO:The 't' was the 4th character
2018-12-15 23:20:02,449:INFO:The 'n' was the 6th character
2018-12-15 23:20:02,449:INFO:The 'g' was the 7th character
2018-12-15 23:20:02,449:INFO:

2018-12-15 23:20:02,450:INFO:The numbers in this password are: ['4']
2018-12-15 23:20:02,450:INFO:The '4' was the 2nd character
2018-12-15 23:20:02,450:INFO:

2018-12-15 23:20:02,450:INFO:The symbols in this password are: ['!']
2018-12-15 23:20:02,451:INFO:The '!' was the 5th character
2018-12-15 23:20:02,451:INFO:

2018-12-15 23:20:02,520:INFO:The length of 'T4st!ng' is 7
2018-12-15 23:20:02,521:INFO:As a list it looks like this ['T', '4', 's', 't', '!', 'n', 'g']
2018-12-15 23:20:02,521:INFO:The letters in this password are: ['T', 's', 't', 'n', 'g']
2018-12-15 23:20:02,521:INFO:The 'T' was the 1st character
2018-12-15 23:20:02,522:INFO:The 's' was the 3rd character
2018-12-15 23:20:02,522:INFO:The 't' was the 4th character
2018-12-15 23:20:02,522:INFO:The 'n' was the 6th character
2018-12-15 23:20:02,522:INFO:The 'g' was the 7th character
2018-12-15 23:20:02,522:INFO:

2018-12-15 23:20:02,523:INFO:The numbers in this password are: ['4']
2018-12-15 23:20:02,523:INFO:The '4' was the 2nd character
2018-12-15 23:20:02,523:INFO:

2018-12-15 23:20:02,523:INFO:The symbols in this password are: ['!']
2018-12-15 23:20:02,524:INFO:The '!' was the 5th character
2018-12-15 23:20:02,524:INFO:

2018-12-15 23:20:02,587:INFO:The length of 'T4st!ng' is 7
2018-12-15 23:20:02,588:INFO:As a list it looks like this ['T', '4', 's', 't', '!', 'n', 'g']
2018-12-15 23:20:02,588:INFO:The letters in this password are: ['T', 's', 't', 'n', 'g']
2018-12-15 23:20:02,589:INFO:The 'T' was the 1st character
2018-12-15 23:20:02,589:INFO:The 's' was the 3rd character
2018-12-15 23:20:02,589:INFO:The 't' was the 4th character
2018-12-15 23:20:02,589:INFO:The 'n' was the 6th character
2018-12-15 23:20:02,589:INFO:The 'g' was the 7th character
2018-12-15 23:20:02,589:INFO:

2018-12-15 23:20:02,590:INFO:The numbers in this password are: ['4']
2018-12-15 23:20:02,590:INFO:The '4' was the 2nd character
2018-12-15 23:20:02,590:INFO:

2018-12-15 23:20:02,590:INFO:The symbols in this password are: ['!']
2018-12-15 23:20:02,590:INFO:The '!' was the 5th character
2018-12-15 23:20:02,591:INFO:

2018-12-15 23:20:02,657:INFO:The length of 'T4st!ng' is 7
2018-12-15 23:20:02,658:INFO:As a list it looks like this ['T', '4', 's', 't', '!', 'n', 'g']
2018-12-15 23:20:02,658:INFO:The letters in this password are: ['T', 's', 't', 'n', 'g']
2018-12-15 23:20:02,658:INFO:The 'T' was the 1st character
2018-12-15 23:20:02,658:INFO:The 's' was the 3rd character
2018-12-15 23:20:02,658:INFO:The 't' was the 4th character
2018-12-15 23:20:02,659:INFO:The 'n' was the 6th character
2018-12-15 23:20:02,659:INFO:The 'g' was the 7th character
2018-12-15 23:20:02,659:INFO:

2018-12-15 23:20:02,659:INFO:The numbers in this password are: ['4']
2018-12-15 23:20:02,659:INFO:The '4' was the 2nd character
2018-12-15 23:20:02,659:INFO:

2018-12-15 23:20:02,660:INFO:The symbols in this password are: ['!']
2018-12-15 23:20:02,660:INFO:The '!' was the 5th character
2018-12-15 23:20:02,660:INFO:

2018-12-15 23:20:02,719:INFO:The length of 'T4st!ng' is 7
2018-12-15 23:20:02,720:INFO:As a list it looks like this ['T', '4', 's', 't', '!', 'n', 'g']
2018-12-15 23:20:02,720:INFO:The letters in this password are: ['T', 's', 't', 'n', 'g']
2018-12-15 23:20:02,720:INFO:The 'T' was the 1st character
2018-12-15 23:20:02,720:INFO:The 's' was the 3rd character
2018-12-15 23:20:02,721:INFO:The 't' was the 4th character
2018-12-15 23:20:02,721:INFO:The 'n' was the 6th character
2018-12-15 23:20:02,721:INFO:The 'g' was the 7th character
2018-12-15 23:20:02,721:INFO:

2018-12-15 23:20:02,722:INFO:The numbers in this password are: ['4']
2018-12-15 23:20:02,722:INFO:The '4' was the 2nd character
2018-12-15 23:20:02,722:INFO:

2018-12-15 23:20:02,722:INFO:The symbols in this password are: ['!']
2018-12-15 23:20:02,722:INFO:The '!' was the 5th character
2018-12-15 23:20:02,722:INFO:

2018-12-15 23:20:02,778:INFO:The length of 'T4st!ng' is 7
2018-12-15 23:20:02,779:INFO:As a list it looks like this ['T', '4', 's', 't', '!', 'n', 'g']
2018-12-15 23:20:02,779:INFO:The letters in this password are: ['T', 's', 't', 'n', 'g']
2018-12-15 23:20:02,779:INFO:The 'T' was the 1st character
2018-12-15 23:20:02,779:INFO:The 's' was the 3rd character
2018-12-15 23:20:02,779:INFO:The 't' was the 4th character
2018-12-15 23:20:02,779:INFO:The 'n' was the 6th character
2018-12-15 23:20:02,780:INFO:The 'g' was the 7th character
2018-12-15 23:20:02,780:INFO:

2018-12-15 23:20:02,780:INFO:The numbers in this password are: ['4']
2018-12-15 23:20:02,780:INFO:The '4' was the 2nd character
2018-12-15 23:20:02,781:INFO:

2018-12-15 23:20:02,781:INFO:The symbols in this password are: ['!']
2018-12-15 23:20:02,781:INFO:The '!' was the 5th character
2018-12-15 23:20:02,781:INFO:

2018-12-15 23:20:02,839:INFO:The length of 'T4st!ng' is 7
2018-12-15 23:20:02,839:INFO:As a list it looks like this ['T', '4', 's', 't', '!', 'n', 'g']
2018-12-15 23:20:02,840:INFO:The letters in this password are: ['T', 's', 't', 'n', 'g']
2018-12-15 23:20:02,840:INFO:The 'T' was the 1st character
2018-12-15 23:20:02,840:INFO:The 's' was the 3rd character
2018-12-15 23:20:02,840:INFO:The 't' was the 4th character
2018-12-15 23:20:02,840:INFO:The 'n' was the 6th character
2018-12-15 23:20:02,841:INFO:The 'g' was the 7th character
2018-12-15 23:20:02,841:INFO:

2018-12-15 23:20:02,841:INFO:The numbers in this password are: ['4']
2018-12-15 23:20:02,841:INFO:The '4' was the 2nd character
2018-12-15 23:20:02,841:INFO:

2018-12-15 23:20:02,841:INFO:The symbols in this password are: ['!']
2018-12-15 23:20:02,841:INFO:The '!' was the 5th character
2018-12-15 23:20:02,842:INFO:

2018-12-15 23:20:02,899:INFO:The length of 'T4st!ng' is 7
2018-12-15 23:20:02,900:INFO:As a list it looks like this ['T', '4', 's', 't', '!', 'n', 'g']
2018-12-15 23:20:02,900:INFO:The letters in this password are: ['T', 's', 't', 'n', 'g']
2018-12-15 23:20:02,900:INFO:The 'T' was the 1st character
2018-12-15 23:20:02,900:INFO:The 's' was the 3rd character
2018-12-15 23:20:02,900:INFO:The 't' was the 4th character
2018-12-15 23:20:02,900:INFO:The 'n' was the 6th character
2018-12-15 23:20:02,901:INFO:The 'g' was the 7th character
2018-12-15 23:20:02,901:INFO:

2018-12-15 23:20:02,901:INFO:The numbers in this password are: ['4']
2018-12-15 23:20:02,901:INFO:The '4' was the 2nd character
2018-12-15 23:20:02,901:INFO:

2018-12-15 23:20:02,902:INFO:The symbols in this password are: ['!']
2018-12-15 23:20:02,902:INFO:The '!' was the 5th character
2018-12-15 23:20:02,902:INFO:

2018-12-15 23:20:02,965:INFO:The length of 'T4st!ng' is 7
2018-12-15 23:20:02,965:INFO:As a list it looks like this ['T', '4', 's', 't', '!', 'n', 'g']
2018-12-15 23:20:02,966:INFO:The letters in this password are: ['T', 's', 't', 'n', 'g']
2018-12-15 23:20:02,966:INFO:The 'T' was the 1st character
2018-12-15 23:20:02,966:INFO:The 's' was the 3rd character
2018-12-15 23:20:02,966:INFO:The 't' was the 4th character
2018-12-15 23:20:02,966:INFO:The 'n' was the 6th character
2018-12-15 23:20:02,966:INFO:The 'g' was the 7th character
2018-12-15 23:20:02,966:INFO:

2018-12-15 23:20:02,967:INFO:The numbers in this password are: ['4']
2018-12-15 23:20:02,967:INFO:The '4' was the 2nd character
2018-12-15 23:20:02,967:INFO:

2018-12-15 23:20:02,967:INFO:The symbols in this password are: ['!']
2018-12-15 23:20:02,967:INFO:The '!' was the 5th character
2018-12-15 23:20:02,967:INFO:

2018-12-15 23:20:03,032:INFO:The length of 'T4st!ng' is 7
2018-12-15 23:20:03,032:INFO:As a list it looks like this ['T', '4', 's', 't', '!', 'n', 'g']
2018-12-15 23:20:03,033:INFO:The letters in this password are: ['T', 's', 't', 'n', 'g']
2018-12-15 23:20:03,033:INFO:The 'T' was the 1st character
2018-12-15 23:20:03,033:INFO:The 's' was the 3rd character
2018-12-15 23:20:03,033:INFO:The 't' was the 4th character
2018-12-15 23:20:03,033:INFO:The 'n' was the 6th character
2018-12-15 23:20:03,033:INFO:The 'g' was the 7th character
2018-12-15 23:20:03,033:INFO:

2018-12-15 23:20:03,034:INFO:The numbers in this password are: ['4']
2018-12-15 23:20:03,034:INFO:The '4' was the 2nd character
2018-12-15 23:20:03,034:INFO:

2018-12-15 23:20:03,034:INFO:The symbols in this password are: ['!']
2018-12-15 23:20:03,034:INFO:The '!' was the 5th character
2018-12-15 23:20:03,034:INFO:

2018-12-15 23:20:03,091:INFO:The length of 'T4st!ng' is 7
2018-12-15 23:20:03,091:INFO:As a list it looks like this ['T', '4', 's', 't', '!', 'n', 'g']
2018-12-15 23:20:03,092:INFO:The letters in this password are: ['T', 's', 't', 'n', 'g']
2018-12-15 23:20:03,092:INFO:The 'T' was the 1st character
2018-12-15 23:20:03,092:INFO:The 's' was the 3rd character
2018-12-15 23:20:03,092:INFO:The 't' was the 4th character
2018-12-15 23:20:03,092:INFO:The 'n' was the 6th character
2018-12-15 23:20:03,092:INFO:The 'g' was the 7th character
2018-12-15 23:20:03,093:INFO:

2018-12-15 23:20:03,093:INFO:The numbers in this password are: ['4']
2018-12-15 23:20:03,093:INFO:The '4' was the 2nd character
2018-12-15 23:20:03,093:INFO:

2018-12-15 23:20:03,093:INFO:The symbols in this password are: ['!']
2018-12-15 23:20:03,093:INFO:The '!' was the 5th character
2018-12-15 23:20:03,094:INFO:

2018-12-15 23:20:03,152:INFO:The length of 'T4st!ng' is 7
2018-12-15 23:20:03,153:INFO:As a list it looks like this ['T', '4', 's', 't', '!', 'n', 'g']
2018-12-15 23:20:03,153:INFO:The letters in this password are: ['T', 's', 't', 'n', 'g']
2018-12-15 23:20:03,153:INFO:The 'T' was the 1st character
2018-12-15 23:20:03,153:INFO:The 's' was the 3rd character
2018-12-15 23:20:03,154:INFO:The 't' was the 4th character
2018-12-15 23:20:03,154:INFO:The 'n' was the 6th character
2018-12-15 23:20:03,154:INFO:The 'g' was the 7th character
2018-12-15 23:20:03,154:INFO:

2018-12-15 23:20:03,154:INFO:The numbers in this password are: ['4']
2018-12-15 23:20:03,154:INFO:The '4' was the 2nd character
2018-12-15 23:20:03,154:INFO:

2018-12-15 23:20:03,155:INFO:The symbols in this password are: ['!']
2018-12-15 23:20:03,155:INFO:The '!' was the 5th character
2018-12-15 23:20:03,155:INFO:

2018-12-15 23:20:03,214:INFO:The length of 'T4st!ng' is 7
2018-12-15 23:20:03,214:INFO:As a list it looks like this ['T', '4', 's', 't', '!', 'n', 'g']
2018-12-15 23:20:03,215:INFO:The letters in this password are: ['T', 's', 't', 'n', 'g']
2018-12-15 23:20:03,215:INFO:The 'T' was the 1st character
2018-12-15 23:20:03,215:INFO:The 's' was the 3rd character
2018-12-15 23:20:03,215:INFO:The 't' was the 4th character
2018-12-15 23:20:03,215:INFO:The 'n' was the 6th character
2018-12-15 23:20:03,215:INFO:The 'g' was the 7th character
2018-12-15 23:20:03,215:INFO:

2018-12-15 23:20:03,216:INFO:The numbers in this password are: ['4']
2018-12-15 23:20:03,216:INFO:The '4' was the 2nd character
2018-12-15 23:20:03,216:INFO:

2018-12-15 23:20:03,216:INFO:The symbols in this password are: ['!']
2018-12-15 23:20:03,217:INFO:The '!' was the 5th character
2018-12-15 23:20:03,217:INFO:

2018-12-15 23:20:03,274:INFO:The length of 'T4st!ng' is 7
2018-12-15 23:20:03,274:INFO:As a list it looks like this ['T', '4', 's', 't', '!', 'n', 'g']
2018-12-15 23:20:03,274:INFO:The letters in this password are: ['T', 's', 't', 'n', 'g']
2018-12-15 23:20:03,275:INFO:The 'T' was the 1st character
2018-12-15 23:20:03,275:INFO:The 's' was the 3rd character
2018-12-15 23:20:03,275:INFO:The 't' was the 4th character
2018-12-15 23:20:03,275:INFO:The 'n' was the 6th character
2018-12-15 23:20:03,275:INFO:The 'g' was the 7th character
2018-12-15 23:20:03,276:INFO:

2018-12-15 23:20:03,276:INFO:The numbers in this password are: ['4']
2018-12-15 23:20:03,276:INFO:The '4' was the 2nd character
2018-12-15 23:20:03,276:INFO:

2018-12-15 23:20:03,277:INFO:The symbols in this password are: ['!']
2018-12-15 23:20:03,277:INFO:The '!' was the 5th character
2018-12-15 23:20:03,277:INFO:

2018-12-15 23:20:03,342:INFO:The length of 'T4st!ng' is 7
2018-12-15 23:20:03,343:INFO:As a list it looks like this ['T', '4', 's', 't', '!', 'n', 'g']
2018-12-15 23:20:03,343:INFO:The letters in this password are: ['T', 's', 't', 'n', 'g']
2018-12-15 23:20:03,343:INFO:The 'T' was the 1st character
2018-12-15 23:20:03,343:INFO:The 's' was the 3rd character
2018-12-15 23:20:03,343:INFO:The 't' was the 4th character
2018-12-15 23:20:03,344:INFO:The 'n' was the 6th character
2018-12-15 23:20:03,344:INFO:The 'g' was the 7th character
2018-12-15 23:20:03,344:INFO:

2018-12-15 23:20:03,344:INFO:The numbers in this password are: ['4']
2018-12-15 23:20:03,344:INFO:The '4' was the 2nd character
2018-12-15 23:20:03,344:INFO:

2018-12-15 23:20:03,345:INFO:The symbols in this password are: ['!']
2018-12-15 23:20:03,345:INFO:The '!' was the 5th character
2018-12-15 23:20:03,345:INFO:

2018-12-15 23:20:03,409:INFO:The length of 'T4st!ng' is 7
2018-12-15 23:20:03,410:INFO:As a list it looks like this ['T', '4', 's', 't', '!', 'n', 'g']
2018-12-15 23:20:03,410:INFO:The letters in this password are: ['T', 's', 't', 'n', 'g']
2018-12-15 23:20:03,410:INFO:The 'T' was the 1st character
2018-12-15 23:20:03,410:INFO:The 's' was the 3rd character
2018-12-15 23:20:03,410:INFO:The 't' was the 4th character
2018-12-15 23:20:03,410:INFO:The 'n' was the 6th character
2018-12-15 23:20:03,411:INFO:The 'g' was the 7th character
2018-12-15 23:20:03,411:INFO:

2018-12-15 23:20:03,411:INFO:The numbers in this password are: ['4']
2018-12-15 23:20:03,411:INFO:The '4' was the 2nd character
2018-12-15 23:20:03,411:INFO:

2018-12-15 23:20:03,412:INFO:The symbols in this password are: ['!']
2018-12-15 23:20:03,412:INFO:The '!' was the 5th character
2018-12-15 23:20:03,412:INFO:

2018-12-15 23:20:03,469:INFO:The length of 'T4st!ng' is 7
2018-12-15 23:20:03,469:INFO:As a list it looks like this ['T', '4', 's', 't', '!', 'n', 'g']
2018-12-15 23:20:03,469:INFO:The letters in this password are: ['T', 's', 't', 'n', 'g']
2018-12-15 23:20:03,470:INFO:The 'T' was the 1st character
2018-12-15 23:20:03,470:INFO:The 's' was the 3rd character
2018-12-15 23:20:03,470:INFO:The 't' was the 4th character
2018-12-15 23:20:03,470:INFO:The 'n' was the 6th character
2018-12-15 23:20:03,470:INFO:The 'g' was the 7th character
2018-12-15 23:20:03,470:INFO:

2018-12-15 23:20:03,470:INFO:The numbers in this password are: ['4']
2018-12-15 23:20:03,471:INFO:The '4' was the 2nd character
2018-12-15 23:20:03,471:INFO:

2018-12-15 23:20:03,471:INFO:The symbols in this password are: ['!']
2018-12-15 23:20:03,471:INFO:The '!' was the 5th character
2018-12-15 23:20:03,471:INFO:

2018-12-15 23:20:03,534:INFO:The length of 'T4st!ng' is 7
2018-12-15 23:20:03,535:INFO:As a list it looks like this ['T', '4', 's', 't', '!', 'n', 'g']
2018-12-15 23:20:03,535:INFO:The letters in this password are: ['T', 's', 't', 'n', 'g']
2018-12-15 23:20:03,535:INFO:The 'T' was the 1st character
2018-12-15 23:20:03,535:INFO:The 's' was the 3rd character
2018-12-15 23:20:03,535:INFO:The 't' was the 4th character
2018-12-15 23:20:03,536:INFO:The 'n' was the 6th character
2018-12-15 23:20:03,536:INFO:The 'g' was the 7th character
2018-12-15 23:20:03,536:INFO:

2018-12-15 23:20:03,536:INFO:The numbers in this password are: ['4']
2018-12-15 23:20:03,536:INFO:The '4' was the 2nd character
2018-12-15 23:20:03,536:INFO:

2018-12-15 23:20:03,536:INFO:The symbols in this password are: ['!']
2018-12-15 23:20:03,537:INFO:The '!' was the 5th character
2018-12-15 23:20:03,537:INFO:

2018-12-15 23:20:03,595:INFO:The length of 'T4st!ng' is 7
2018-12-15 23:20:03,596:INFO:As a list it looks like this ['T', '4', 's', 't', '!', 'n', 'g']
2018-12-15 23:20:03,596:INFO:The letters in this password are: ['T', 's', 't', 'n', 'g']
2018-12-15 23:20:03,596:INFO:The 'T' was the 1st character
2018-12-15 23:20:03,596:INFO:The 's' was the 3rd character
2018-12-15 23:20:03,596:INFO:The 't' was the 4th character
2018-12-15 23:20:03,596:INFO:The 'n' was the 6th character
2018-12-15 23:20:03,597:INFO:The 'g' was the 7th character
2018-12-15 23:20:03,597:INFO:

2018-12-15 23:20:03,597:INFO:The numbers in this password are: ['4']
2018-12-15 23:20:03,597:INFO:The '4' was the 2nd character
2018-12-15 23:20:03,597:INFO:

2018-12-15 23:20:03,597:INFO:The symbols in this password are: ['!']
2018-12-15 23:20:03,598:INFO:The '!' was the 5th character
2018-12-15 23:20:03,598:INFO:

2018-12-15 23:20:03,656:INFO:The length of 'T4st!ng' is 7
2018-12-15 23:20:03,656:INFO:As a list it looks like this ['T', '4', 's', 't', '!', 'n', 'g']
2018-12-15 23:20:03,656:INFO:The letters in this password are: ['T', 's', 't', 'n', 'g']
2018-12-15 23:20:03,657:INFO:The 'T' was the 1st character
2018-12-15 23:20:03,657:INFO:The 's' was the 3rd character
2018-12-15 23:20:03,657:INFO:The 't' was the 4th character
2018-12-15 23:20:03,657:INFO:The 'n' was the 6th character
2018-12-15 23:20:03,657:INFO:The 'g' was the 7th character
2018-12-15 23:20:03,657:INFO:

2018-12-15 23:20:03,658:INFO:The numbers in this password are: ['4']
2018-12-15 23:20:03,658:INFO:The '4' was the 2nd character
2018-12-15 23:20:03,658:INFO:

2018-12-15 23:20:03,658:INFO:The symbols in this password are: ['!']
2018-12-15 23:20:03,658:INFO:The '!' was the 5th character
2018-12-15 23:20:03,658:INFO:

2018-12-15 23:20:03,715:INFO:The length of 'T4st!ng' is 7
2018-12-15 23:20:03,716:INFO:As a list it looks like this ['T', '4', 's', 't', '!', 'n', 'g']
2018-12-15 23:20:03,716:INFO:The letters in this password are: ['T', 's', 't', 'n', 'g']
2018-12-15 23:20:03,716:INFO:The 'T' was the 1st character
2018-12-15 23:20:03,716:INFO:The 's' was the 3rd character
2018-12-15 23:20:03,716:INFO:The 't' was the 4th character
2018-12-15 23:20:03,716:INFO:The 'n' was the 6th character
2018-12-15 23:20:03,717:INFO:The 'g' was the 7th character
2018-12-15 23:20:03,717:INFO:

2018-12-15 23:20:03,717:INFO:The numbers in this password are: ['4']
2018-12-15 23:20:03,717:INFO:The '4' was the 2nd character
2018-12-15 23:20:03,718:INFO:

2018-12-15 23:20:03,718:INFO:The symbols in this password are: ['!']
2018-12-15 23:20:03,718:INFO:The '!' was the 5th character
2018-12-15 23:20:03,718:INFO:

2018-12-15 23:20:03,775:INFO:The length of 'T4st!ng' is 7
2018-12-15 23:20:03,776:INFO:As a list it looks like this ['T', '4', 's', 't', '!', 'n', 'g']
2018-12-15 23:20:03,776:INFO:The letters in this password are: ['T', 's', 't', 'n', 'g']
2018-12-15 23:20:03,776:INFO:The 'T' was the 1st character
2018-12-15 23:20:03,777:INFO:The 's' was the 3rd character
2018-12-15 23:20:03,777:INFO:The 't' was the 4th character
2018-12-15 23:20:03,777:INFO:The 'n' was the 6th character
2018-12-15 23:20:03,777:INFO:The 'g' was the 7th character
2018-12-15 23:20:03,777:INFO:

2018-12-15 23:20:03,777:INFO:The numbers in this password are: ['4']
2018-12-15 23:20:03,778:INFO:The '4' was the 2nd character
2018-12-15 23:20:03,778:INFO:

2018-12-15 23:20:03,778:INFO:The symbols in this password are: ['!']
2018-12-15 23:20:03,778:INFO:The '!' was the 5th character
2018-12-15 23:20:03,778:INFO:

2018-12-15 23:20:03,840:INFO:The length of 'T4st!ng' is 7
2018-12-15 23:20:03,841:INFO:As a list it looks like this ['T', '4', 's', 't', '!', 'n', 'g']
2018-12-15 23:20:03,841:INFO:The letters in this password are: ['T', 's', 't', 'n', 'g']
2018-12-15 23:20:03,842:INFO:The 'T' was the 1st character
2018-12-15 23:20:03,842:INFO:The 's' was the 3rd character
2018-12-15 23:20:03,842:INFO:The 't' was the 4th character
2018-12-15 23:20:03,842:INFO:The 'n' was the 6th character
2018-12-15 23:20:03,842:INFO:The 'g' was the 7th character
2018-12-15 23:20:03,842:INFO:

2018-12-15 23:20:03,842:INFO:The numbers in this password are: ['4']
2018-12-15 23:20:03,842:INFO:The '4' was the 2nd character
2018-12-15 23:20:03,843:INFO:

2018-12-15 23:20:03,843:INFO:The symbols in this password are: ['!']
2018-12-15 23:20:03,843:INFO:The '!' was the 5th character
2018-12-15 23:20:03,843:INFO:

2018-12-15 23:20:03,900:INFO:The length of 'T4st!ng' is 7
2018-12-15 23:20:03,901:INFO:As a list it looks like this ['T', '4', 's', 't', '!', 'n', 'g']
2018-12-15 23:20:03,901:INFO:The letters in this password are: ['T', 's', 't', 'n', 'g']
2018-12-15 23:20:03,902:INFO:The 'T' was the 1st character
2018-12-15 23:20:03,902:INFO:The 's' was the 3rd character
2018-12-15 23:20:03,902:INFO:The 't' was the 4th character
2018-12-15 23:20:03,902:INFO:The 'n' was the 6th character
2018-12-15 23:20:03,902:INFO:The 'g' was the 7th character
2018-12-15 23:20:03,902:INFO:

2018-12-15 23:20:03,903:INFO:The numbers in this password are: ['4']
2018-12-15 23:20:03,903:INFO:The '4' was the 2nd character
2018-12-15 23:20:03,903:INFO:

2018-12-15 23:20:03,903:INFO:The symbols in this password are: ['!']
2018-12-15 23:20:03,903:INFO:The '!' was the 5th character
2018-12-15 23:20:03,903:INFO:

2018-12-15 23:20:03,968:INFO:The length of 'T4st!ng' is 7
2018-12-15 23:20:03,968:INFO:As a list it looks like this ['T', '4', 's', 't', '!', 'n', 'g']
2018-12-15 23:20:03,968:INFO:The letters in this password are: ['T', 's', 't', 'n', 'g']
2018-12-15 23:20:03,969:INFO:The 'T' was the 1st character
2018-12-15 23:20:03,969:INFO:The 's' was the 3rd character
2018-12-15 23:20:03,969:INFO:The 't' was the 4th character
2018-12-15 23:20:03,969:INFO:The 'n' was the 6th character
2018-12-15 23:20:03,969:INFO:The 'g' was the 7th character
2018-12-15 23:20:03,969:INFO:

2018-12-15 23:20:03,969:INFO:The numbers in this password are: ['4']
2018-12-15 23:20:03,969:INFO:The '4' was the 2nd character
2018-12-15 23:20:03,970:INFO:

2018-12-15 23:20:03,970:INFO:The symbols in this password are: ['!']
2018-12-15 23:20:03,970:INFO:The '!' was the 5th character
2018-12-15 23:20:03,970:INFO:

2018-12-15 23:20:04,032:INFO:The length of 'T4st!ng' is 7
2018-12-15 23:20:04,032:INFO:As a list it looks like this ['T', '4', 's', 't', '!', 'n', 'g']
2018-12-15 23:20:04,033:INFO:The letters in this password are: ['T', 's', 't', 'n', 'g']
2018-12-15 23:20:04,033:INFO:The 'T' was the 1st character
2018-12-15 23:20:04,033:INFO:The 's' was the 3rd character
2018-12-15 23:20:04,033:INFO:The 't' was the 4th character
2018-12-15 23:20:04,033:INFO:The 'n' was the 6th character
2018-12-15 23:20:04,034:INFO:The 'g' was the 7th character
2018-12-15 23:20:04,034:INFO:

2018-12-15 23:20:04,034:INFO:The numbers in this password are: ['4']
2018-12-15 23:20:04,034:INFO:The '4' was the 2nd character
2018-12-15 23:20:04,034:INFO:

2018-12-15 23:20:04,035:INFO:The symbols in this password are: ['!']
2018-12-15 23:20:04,035:INFO:The '!' was the 5th character
2018-12-15 23:20:04,035:INFO:

2018-12-15 23:20:04,091:INFO:The length of 'T4st!ng' is 7
2018-12-15 23:20:04,092:INFO:As a list it looks like this ['T', '4', 's', 't', '!', 'n', 'g']
2018-12-15 23:20:04,092:INFO:The letters in this password are: ['T', 's', 't', 'n', 'g']
2018-12-15 23:20:04,092:INFO:The 'T' was the 1st character
2018-12-15 23:20:04,092:INFO:The 's' was the 3rd character
2018-12-15 23:20:04,093:INFO:The 't' was the 4th character
2018-12-15 23:20:04,093:INFO:The 'n' was the 6th character
2018-12-15 23:20:04,093:INFO:The 'g' was the 7th character
2018-12-15 23:20:04,093:INFO:

2018-12-15 23:20:04,093:INFO:The numbers in this password are: ['4']
2018-12-15 23:20:04,093:INFO:The '4' was the 2nd character
2018-12-15 23:20:04,093:INFO:

2018-12-15 23:20:04,094:INFO:The symbols in this password are: ['!']
2018-12-15 23:20:04,094:INFO:The '!' was the 5th character
2018-12-15 23:20:04,094:INFO:

2018-12-15 23:20:04,153:INFO:The length of 'T4st!ng' is 7
2018-12-15 23:20:04,153:INFO:As a list it looks like this ['T', '4', 's', 't', '!', 'n', 'g']
2018-12-15 23:20:04,153:INFO:The letters in this password are: ['T', 's', 't', 'n', 'g']
2018-12-15 23:20:04,154:INFO:The 'T' was the 1st character
2018-12-15 23:20:04,154:INFO:The 's' was the 3rd character
2018-12-15 23:20:04,154:INFO:The 't' was the 4th character
2018-12-15 23:20:04,154:INFO:The 'n' was the 6th character
2018-12-15 23:20:04,154:INFO:The 'g' was the 7th character
2018-12-15 23:20:04,154:INFO:

2018-12-15 23:20:04,155:INFO:The numbers in this password are: ['4']
2018-12-15 23:20:04,155:INFO:The '4' was the 2nd character
2018-12-15 23:20:04,155:INFO:

2018-12-15 23:20:04,155:INFO:The symbols in this password are: ['!']
2018-12-15 23:20:04,155:INFO:The '!' was the 5th character
2018-12-15 23:20:04,155:INFO:

2018-12-15 23:20:04,215:INFO:The length of 'T4st!ng' is 7
2018-12-15 23:20:04,215:INFO:As a list it looks like this ['T', '4', 's', 't', '!', 'n', 'g']
2018-12-15 23:20:04,216:INFO:The letters in this password are: ['T', 's', 't', 'n', 'g']
2018-12-15 23:20:04,216:INFO:The 'T' was the 1st character
2018-12-15 23:20:04,216:INFO:The 's' was the 3rd character
2018-12-15 23:20:04,216:INFO:The 't' was the 4th character
2018-12-15 23:20:04,216:INFO:The 'n' was the 6th character
2018-12-15 23:20:04,216:INFO:The 'g' was the 7th character
2018-12-15 23:20:04,216:INFO:

2018-12-15 23:20:04,216:INFO:The numbers in this password are: ['4']
2018-12-15 23:20:04,217:INFO:The '4' was the 2nd character
2018-12-15 23:20:04,217:INFO:

2018-12-15 23:20:04,217:INFO:The symbols in this password are: ['!']
2018-12-15 23:20:04,217:INFO:The '!' was the 5th character
2018-12-15 23:20:04,217:INFO:

2018-12-15 23:20:04,278:INFO:The length of 'T4st!ng' is 7
2018-12-15 23:20:04,279:INFO:As a list it looks like this ['T', '4', 's', 't', '!', 'n', 'g']
2018-12-15 23:20:04,279:INFO:The letters in this password are: ['T', 's', 't', 'n', 'g']
2018-12-15 23:20:04,279:INFO:The 'T' was the 1st character
2018-12-15 23:20:04,280:INFO:The 's' was the 3rd character
2018-12-15 23:20:04,280:INFO:The 't' was the 4th character
2018-12-15 23:20:04,280:INFO:The 'n' was the 6th character
2018-12-15 23:20:04,280:INFO:The 'g' was the 7th character
2018-12-15 23:20:04,280:INFO:

2018-12-15 23:20:04,280:INFO:The numbers in this password are: ['4']
2018-12-15 23:20:04,281:INFO:The '4' was the 2nd character
2018-12-15 23:20:04,281:INFO:

2018-12-15 23:20:04,281:INFO:The symbols in this password are: ['!']
2018-12-15 23:20:04,281:INFO:The '!' was the 5th character
2018-12-15 23:20:04,281:INFO:

2018-12-15 23:20:04,346:INFO:The length of 'T4st!ng' is 7
2018-12-15 23:20:04,346:INFO:As a list it looks like this ['T', '4', 's', 't', '!', 'n', 'g']
2018-12-15 23:20:04,347:INFO:The letters in this password are: ['T', 's', 't', 'n', 'g']
2018-12-15 23:20:04,347:INFO:The 'T' was the 1st character
2018-12-15 23:20:04,347:INFO:The 's' was the 3rd character
2018-12-15 23:20:04,347:INFO:The 't' was the 4th character
2018-12-15 23:20:04,347:INFO:The 'n' was the 6th character
2018-12-15 23:20:04,348:INFO:The 'g' was the 7th character
2018-12-15 23:20:04,348:INFO:

2018-12-15 23:20:04,348:INFO:The numbers in this password are: ['4']
2018-12-15 23:20:04,348:INFO:The '4' was the 2nd character
2018-12-15 23:20:04,348:INFO:

2018-12-15 23:20:04,348:INFO:The symbols in this password are: ['!']
2018-12-15 23:20:04,348:INFO:The '!' was the 5th character
2018-12-15 23:20:04,349:INFO:

2018-12-15 23:20:04,409:INFO:The length of 'T4st!ng' is 7
2018-12-15 23:20:04,409:INFO:As a list it looks like this ['T', '4', 's', 't', '!', 'n', 'g']
2018-12-15 23:20:04,410:INFO:The letters in this password are: ['T', 's', 't', 'n', 'g']
2018-12-15 23:20:04,410:INFO:The 'T' was the 1st character
2018-12-15 23:20:04,410:INFO:The 's' was the 3rd character
2018-12-15 23:20:04,410:INFO:The 't' was the 4th character
2018-12-15 23:20:04,411:INFO:The 'n' was the 6th character
2018-12-15 23:20:04,411:INFO:The 'g' was the 7th character
2018-12-15 23:20:04,411:INFO:

2018-12-15 23:20:04,411:INFO:The numbers in this password are: ['4']
2018-12-15 23:20:04,411:INFO:The '4' was the 2nd character
2018-12-15 23:20:04,411:INFO:

2018-12-15 23:20:04,412:INFO:The symbols in this password are: ['!']
2018-12-15 23:20:04,412:INFO:The '!' was the 5th character
2018-12-15 23:20:04,412:INFO:

2018-12-15 23:20:04,468:INFO:The length of 'T4st!ng' is 7
2018-12-15 23:20:04,469:INFO:As a list it looks like this ['T', '4', 's', 't', '!', 'n', 'g']
2018-12-15 23:20:04,469:INFO:The letters in this password are: ['T', 's', 't', 'n', 'g']
2018-12-15 23:20:04,469:INFO:The 'T' was the 1st character
2018-12-15 23:20:04,469:INFO:The 's' was the 3rd character
2018-12-15 23:20:04,470:INFO:The 't' was the 4th character
2018-12-15 23:20:04,470:INFO:The 'n' was the 6th character
2018-12-15 23:20:04,470:INFO:The 'g' was the 7th character
2018-12-15 23:20:04,470:INFO:

2018-12-15 23:20:04,470:INFO:The numbers in this password are: ['4']
2018-12-15 23:20:04,470:INFO:The '4' was the 2nd character
2018-12-15 23:20:04,470:INFO:

2018-12-15 23:20:04,471:INFO:The symbols in this password are: ['!']
2018-12-15 23:20:04,471:INFO:The '!' was the 5th character
2018-12-15 23:20:04,471:INFO:

2018-12-15 23:20:04,532:INFO:The length of 'T4st!ng' is 7
2018-12-15 23:20:04,532:INFO:As a list it looks like this ['T', '4', 's', 't', '!', 'n', 'g']
2018-12-15 23:20:04,532:INFO:The letters in this password are: ['T', 's', 't', 'n', 'g']
2018-12-15 23:20:04,532:INFO:The 'T' was the 1st character
2018-12-15 23:20:04,532:INFO:The 's' was the 3rd character
2018-12-15 23:20:04,533:INFO:The 't' was the 4th character
2018-12-15 23:20:04,533:INFO:The 'n' was the 6th character
2018-12-15 23:20:04,533:INFO:The 'g' was the 7th character
2018-12-15 23:20:04,533:INFO:

2018-12-15 23:20:04,533:INFO:The numbers in this password are: ['4']
2018-12-15 23:20:04,533:INFO:The '4' was the 2nd character
2018-12-15 23:20:04,533:INFO:

2018-12-15 23:20:04,534:INFO:The symbols in this password are: ['!']
2018-12-15 23:20:04,534:INFO:The '!' was the 5th character
2018-12-15 23:20:04,534:INFO:

2018-12-15 23:20:04,590:INFO:The length of 'T4st!ng' is 7
2018-12-15 23:20:04,591:INFO:As a list it looks like this ['T', '4', 's', 't', '!', 'n', 'g']
2018-12-15 23:20:04,591:INFO:The letters in this password are: ['T', 's', 't', 'n', 'g']
2018-12-15 23:20:04,591:INFO:The 'T' was the 1st character
2018-12-15 23:20:04,591:INFO:The 's' was the 3rd character
2018-12-15 23:20:04,592:INFO:The 't' was the 4th character
2018-12-15 23:20:04,592:INFO:The 'n' was the 6th character
2018-12-15 23:20:04,592:INFO:The 'g' was the 7th character
2018-12-15 23:20:04,592:INFO:

2018-12-15 23:20:04,592:INFO:The numbers in this password are: ['4']
2018-12-15 23:20:04,593:INFO:The '4' was the 2nd character
2018-12-15 23:20:04,593:INFO:

2018-12-15 23:20:04,593:INFO:The symbols in this password are: ['!']
2018-12-15 23:20:04,593:INFO:The '!' was the 5th character
2018-12-15 23:20:04,593:INFO:

2018-12-15 23:20:04,651:INFO:The length of 'T4st!ng' is 7
2018-12-15 23:20:04,651:INFO:As a list it looks like this ['T', '4', 's', 't', '!', 'n', 'g']
2018-12-15 23:20:04,651:INFO:The letters in this password are: ['T', 's', 't', 'n', 'g']
2018-12-15 23:20:04,652:INFO:The 'T' was the 1st character
2018-12-15 23:20:04,652:INFO:The 's' was the 3rd character
2018-12-15 23:20:04,652:INFO:The 't' was the 4th character
2018-12-15 23:20:04,652:INFO:The 'n' was the 6th character
2018-12-15 23:20:04,653:INFO:The 'g' was the 7th character
2018-12-15 23:20:04,653:INFO:

2018-12-15 23:20:04,653:INFO:The numbers in this password are: ['4']
2018-12-15 23:20:04,653:INFO:The '4' was the 2nd character
2018-12-15 23:20:04,653:INFO:

2018-12-15 23:20:04,653:INFO:The symbols in this password are: ['!']
2018-12-15 23:20:04,654:INFO:The '!' was the 5th character
2018-12-15 23:20:04,654:INFO:

2018-12-15 23:20:04,711:INFO:The length of 'T4st!ng' is 7
2018-12-15 23:20:04,711:INFO:As a list it looks like this ['T', '4', 's', 't', '!', 'n', 'g']
2018-12-15 23:20:04,711:INFO:The letters in this password are: ['T', 's', 't', 'n', 'g']
2018-12-15 23:20:04,712:INFO:The 'T' was the 1st character
2018-12-15 23:20:04,712:INFO:The 's' was the 3rd character
2018-12-15 23:20:04,712:INFO:The 't' was the 4th character
2018-12-15 23:20:04,712:INFO:The 'n' was the 6th character
2018-12-15 23:20:04,712:INFO:The 'g' was the 7th character
2018-12-15 23:20:04,712:INFO:

2018-12-15 23:20:04,712:INFO:The numbers in this password are: ['4']
2018-12-15 23:20:04,712:INFO:The '4' was the 2nd character
2018-12-15 23:20:04,713:INFO:

2018-12-15 23:20:04,713:INFO:The symbols in this password are: ['!']
2018-12-15 23:20:04,713:INFO:The '!' was the 5th character
2018-12-15 23:20:04,713:INFO:

2018-12-15 23:20:04,768:INFO:The length of 'T4st!ng' is 7
2018-12-15 23:20:04,769:INFO:As a list it looks like this ['T', '4', 's', 't', '!', 'n', 'g']
2018-12-15 23:20:04,769:INFO:The letters in this password are: ['T', 's', 't', 'n', 'g']
2018-12-15 23:20:04,769:INFO:The 'T' was the 1st character
2018-12-15 23:20:04,769:INFO:The 's' was the 3rd character
2018-12-15 23:20:04,770:INFO:The 't' was the 4th character
2018-12-15 23:20:04,770:INFO:The 'n' was the 6th character
2018-12-15 23:20:04,770:INFO:The 'g' was the 7th character
2018-12-15 23:20:04,770:INFO:

2018-12-15 23:20:04,770:INFO:The numbers in this password are: ['4']
2018-12-15 23:20:04,770:INFO:The '4' was the 2nd character
2018-12-15 23:20:04,770:INFO:

2018-12-15 23:20:04,771:INFO:The symbols in this password are: ['!']
2018-12-15 23:20:04,771:INFO:The '!' was the 5th character
2018-12-15 23:20:04,771:INFO:

2018-12-15 23:20:04,831:INFO:The length of 'T4st!ng' is 7
2018-12-15 23:20:04,831:INFO:As a list it looks like this ['T', '4', 's', 't', '!', 'n', 'g']
2018-12-15 23:20:04,831:INFO:The letters in this password are: ['T', 's', 't', 'n', 'g']
2018-12-15 23:20:04,832:INFO:The 'T' was the 1st character
2018-12-15 23:20:04,832:INFO:The 's' was the 3rd character
2018-12-15 23:20:04,832:INFO:The 't' was the 4th character
2018-12-15 23:20:04,832:INFO:The 'n' was the 6th character
2018-12-15 23:20:04,832:INFO:The 'g' was the 7th character
2018-12-15 23:20:04,832:INFO:

2018-12-15 23:20:04,832:INFO:The numbers in this password are: ['4']
2018-12-15 23:20:04,833:INFO:The '4' was the 2nd character
2018-12-15 23:20:04,833:INFO:

2018-12-15 23:20:04,833:INFO:The symbols in this password are: ['!']
2018-12-15 23:20:04,833:INFO:The '!' was the 5th character
2018-12-15 23:20:04,833:INFO:

2018-12-15 23:20:04,890:INFO:The length of 'T4st!ng' is 7
2018-12-15 23:20:04,890:INFO:As a list it looks like this ['T', '4', 's', 't', '!', 'n', 'g']
2018-12-15 23:20:04,890:INFO:The letters in this password are: ['T', 's', 't', 'n', 'g']
2018-12-15 23:20:04,891:INFO:The 'T' was the 1st character
2018-12-15 23:20:04,891:INFO:The 's' was the 3rd character
2018-12-15 23:20:04,891:INFO:The 't' was the 4th character
2018-12-15 23:20:04,891:INFO:The 'n' was the 6th character
2018-12-15 23:20:04,891:INFO:The 'g' was the 7th character
2018-12-15 23:20:04,891:INFO:

2018-12-15 23:20:04,892:INFO:The numbers in this password are: ['4']
2018-12-15 23:20:04,892:INFO:The '4' was the 2nd character
2018-12-15 23:20:04,892:INFO:

2018-12-15 23:20:04,892:INFO:The symbols in this password are: ['!']
2018-12-15 23:20:04,892:INFO:The '!' was the 5th character
2018-12-15 23:20:04,892:INFO:

2018-12-15 23:20:04,948:INFO:The length of 'T4st!ng' is 7
2018-12-15 23:20:04,949:INFO:As a list it looks like this ['T', '4', 's', 't', '!', 'n', 'g']
2018-12-15 23:20:04,949:INFO:The letters in this password are: ['T', 's', 't', 'n', 'g']
2018-12-15 23:20:04,949:INFO:The 'T' was the 1st character
2018-12-15 23:20:04,949:INFO:The 's' was the 3rd character
2018-12-15 23:20:04,949:INFO:The 't' was the 4th character
2018-12-15 23:20:04,949:INFO:The 'n' was the 6th character
2018-12-15 23:20:04,950:INFO:The 'g' was the 7th character
2018-12-15 23:20:04,950:INFO:

2018-12-15 23:20:04,950:INFO:The numbers in this password are: ['4']
2018-12-15 23:20:04,950:INFO:The '4' was the 2nd character
2018-12-15 23:20:04,950:INFO:

2018-12-15 23:20:04,951:INFO:The symbols in this password are: ['!']
2018-12-15 23:20:04,951:INFO:The '!' was the 5th character
2018-12-15 23:20:04,951:INFO:

2018-12-15 23:20:05,012:INFO:The length of 'T4st!ng' is 7
2018-12-15 23:20:05,012:INFO:As a list it looks like this ['T', '4', 's', 't', '!', 'n', 'g']
2018-12-15 23:20:05,013:INFO:The letters in this password are: ['T', 's', 't', 'n', 'g']
2018-12-15 23:20:05,013:INFO:The 'T' was the 1st character
2018-12-15 23:20:05,013:INFO:The 's' was the 3rd character
2018-12-15 23:20:05,013:INFO:The 't' was the 4th character
2018-12-15 23:20:05,014:INFO:The 'n' was the 6th character
2018-12-15 23:20:05,014:INFO:The 'g' was the 7th character
2018-12-15 23:20:05,014:INFO:

2018-12-15 23:20:05,014:INFO:The numbers in this password are: ['4']
2018-12-15 23:20:05,014:INFO:The '4' was the 2nd character
2018-12-15 23:20:05,014:INFO:

2018-12-15 23:20:05,015:INFO:The symbols in this password are: ['!']
2018-12-15 23:20:05,015:INFO:The '!' was the 5th character
2018-12-15 23:20:05,015:INFO:

2018-12-15 23:20:05,080:INFO:The length of 'T4st!ng' is 7
2018-12-15 23:20:05,080:INFO:As a list it looks like this ['T', '4', 's', 't', '!', 'n', 'g']
2018-12-15 23:20:05,080:INFO:The letters in this password are: ['T', 's', 't', 'n', 'g']
2018-12-15 23:20:05,081:INFO:The 'T' was the 1st character
2018-12-15 23:20:05,081:INFO:The 's' was the 3rd character
2018-12-15 23:20:05,081:INFO:The 't' was the 4th character
2018-12-15 23:20:05,081:INFO:The 'n' was the 6th character
2018-12-15 23:20:05,082:INFO:The 'g' was the 7th character
2018-12-15 23:20:05,082:INFO:

2018-12-15 23:20:05,082:INFO:The numbers in this password are: ['4']
2018-12-15 23:20:05,082:INFO:The '4' was the 2nd character
2018-12-15 23:20:05,082:INFO:

2018-12-15 23:20:05,083:INFO:The symbols in this password are: ['!']
2018-12-15 23:20:05,083:INFO:The '!' was the 5th character
2018-12-15 23:20:05,083:INFO:

2018-12-15 23:20:05,147:INFO:The length of 'T4st!ng' is 7
2018-12-15 23:20:05,148:INFO:As a list it looks like this ['T', '4', 's', 't', '!', 'n', 'g']
2018-12-15 23:20:05,148:INFO:The letters in this password are: ['T', 's', 't', 'n', 'g']
2018-12-15 23:20:05,148:INFO:The 'T' was the 1st character
2018-12-15 23:20:05,148:INFO:The 's' was the 3rd character
2018-12-15 23:20:05,148:INFO:The 't' was the 4th character
2018-12-15 23:20:05,149:INFO:The 'n' was the 6th character
2018-12-15 23:20:05,149:INFO:The 'g' was the 7th character
2018-12-15 23:20:05,149:INFO:

2018-12-15 23:20:05,149:INFO:The numbers in this password are: ['4']
2018-12-15 23:20:05,149:INFO:The '4' was the 2nd character
2018-12-15 23:20:05,149:INFO:

2018-12-15 23:20:05,150:INFO:The symbols in this password are: ['!']
2018-12-15 23:20:05,150:INFO:The '!' was the 5th character
2018-12-15 23:20:05,150:INFO:

2018-12-15 23:20:05,208:INFO:The length of 'T4st!ng' is 7
2018-12-15 23:20:05,208:INFO:As a list it looks like this ['T', '4', 's', 't', '!', 'n', 'g']
2018-12-15 23:20:05,209:INFO:The letters in this password are: ['T', 's', 't', 'n', 'g']
2018-12-15 23:20:05,209:INFO:The 'T' was the 1st character
2018-12-15 23:20:05,209:INFO:The 's' was the 3rd character
2018-12-15 23:20:05,209:INFO:The 't' was the 4th character
2018-12-15 23:20:05,210:INFO:The 'n' was the 6th character
2018-12-15 23:20:05,210:INFO:The 'g' was the 7th character
2018-12-15 23:20:05,210:INFO:

2018-12-15 23:20:05,210:INFO:The numbers in this password are: ['4']
2018-12-15 23:20:05,210:INFO:The '4' was the 2nd character
2018-12-15 23:20:05,210:INFO:

2018-12-15 23:20:05,211:INFO:The symbols in this password are: ['!']
2018-12-15 23:20:05,211:INFO:The '!' was the 5th character
2018-12-15 23:20:05,211:INFO:

2018-12-15 23:20:05,269:INFO:The length of 'T4st!ng' is 7
2018-12-15 23:20:05,270:INFO:As a list it looks like this ['T', '4', 's', 't', '!', 'n', 'g']
2018-12-15 23:20:05,270:INFO:The letters in this password are: ['T', 's', 't', 'n', 'g']
2018-12-15 23:20:05,270:INFO:The 'T' was the 1st character
2018-12-15 23:20:05,270:INFO:The 's' was the 3rd character
2018-12-15 23:20:05,271:INFO:The 't' was the 4th character
2018-12-15 23:20:05,271:INFO:The 'n' was the 6th character
2018-12-15 23:20:05,271:INFO:The 'g' was the 7th character
2018-12-15 23:20:05,271:INFO:

2018-12-15 23:20:05,271:INFO:The numbers in this password are: ['4']
2018-12-15 23:20:05,271:INFO:The '4' was the 2nd character
2018-12-15 23:20:05,271:INFO:

2018-12-15 23:20:05,272:INFO:The symbols in this password are: ['!']
2018-12-15 23:20:05,272:INFO:The '!' was the 5th character
2018-12-15 23:20:05,272:INFO:

2018-12-15 23:20:05,334:INFO:The length of 'T4st!ng' is 7
2018-12-15 23:20:05,335:INFO:As a list it looks like this ['T', '4', 's', 't', '!', 'n', 'g']
2018-12-15 23:20:05,335:INFO:The letters in this password are: ['T', 's', 't', 'n', 'g']
2018-12-15 23:20:05,335:INFO:The 'T' was the 1st character
2018-12-15 23:20:05,336:INFO:The 's' was the 3rd character
2018-12-15 23:20:05,336:INFO:The 't' was the 4th character
2018-12-15 23:20:05,336:INFO:The 'n' was the 6th character
2018-12-15 23:20:05,336:INFO:The 'g' was the 7th character
2018-12-15 23:20:05,336:INFO:

2018-12-15 23:20:05,336:INFO:The numbers in this password are: ['4']
2018-12-15 23:20:05,336:INFO:The '4' was the 2nd character
2018-12-15 23:20:05,337:INFO:

2018-12-15 23:20:05,337:INFO:The symbols in this password are: ['!']
2018-12-15 23:20:05,337:INFO:The '!' was the 5th character
2018-12-15 23:20:05,337:INFO:

2018-12-15 23:20:05,406:INFO:The length of 'T4st!ng' is 7
2018-12-15 23:20:05,407:INFO:As a list it looks like this ['T', '4', 's', 't', '!', 'n', 'g']
2018-12-15 23:20:05,407:INFO:The letters in this password are: ['T', 's', 't', 'n', 'g']
2018-12-15 23:20:05,407:INFO:The 'T' was the 1st character
2018-12-15 23:20:05,407:INFO:The 's' was the 3rd character
2018-12-15 23:20:05,408:INFO:The 't' was the 4th character
2018-12-15 23:20:05,408:INFO:The 'n' was the 6th character
2018-12-15 23:20:05,408:INFO:The 'g' was the 7th character
2018-12-15 23:20:05,408:INFO:

2018-12-15 23:20:05,408:INFO:The numbers in this password are: ['4']
2018-12-15 23:20:05,408:INFO:The '4' was the 2nd character
2018-12-15 23:20:05,408:INFO:

2018-12-15 23:20:05,409:INFO:The symbols in this password are: ['!']
2018-12-15 23:20:05,409:INFO:The '!' was the 5th character
2018-12-15 23:20:05,409:INFO:

2018-12-15 23:20:05,474:INFO:The length of 'T4st!ng' is 7
2018-12-15 23:20:05,474:INFO:As a list it looks like this ['T', '4', 's', 't', '!', 'n', 'g']
2018-12-15 23:20:05,475:INFO:The letters in this password are: ['T', 's', 't', 'n', 'g']
2018-12-15 23:20:05,475:INFO:The 'T' was the 1st character
2018-12-15 23:20:05,475:INFO:The 's' was the 3rd character
2018-12-15 23:20:05,475:INFO:The 't' was the 4th character
2018-12-15 23:20:05,475:INFO:The 'n' was the 6th character
2018-12-15 23:20:05,476:INFO:The 'g' was the 7th character
2018-12-15 23:20:05,476:INFO:

2018-12-15 23:20:05,476:INFO:The numbers in this password are: ['4']
2018-12-15 23:20:05,476:INFO:The '4' was the 2nd character
2018-12-15 23:20:05,476:INFO:

2018-12-15 23:20:05,477:INFO:The symbols in this password are: ['!']
2018-12-15 23:20:05,477:INFO:The '!' was the 5th character
2018-12-15 23:20:05,477:INFO:

2018-12-15 23:20:05,547:INFO:The length of 'T4st!ng' is 7
2018-12-15 23:20:05,548:INFO:As a list it looks like this ['T', '4', 's', 't', '!', 'n', 'g']
2018-12-15 23:20:05,548:INFO:The letters in this password are: ['T', 's', 't', 'n', 'g']
2018-12-15 23:20:05,548:INFO:The 'T' was the 1st character
2018-12-15 23:20:05,548:INFO:The 's' was the 3rd character
2018-12-15 23:20:05,549:INFO:The 't' was the 4th character
2018-12-15 23:20:05,549:INFO:The 'n' was the 6th character
2018-12-15 23:20:05,549:INFO:The 'g' was the 7th character
2018-12-15 23:20:05,549:INFO:

2018-12-15 23:20:05,549:INFO:The numbers in this password are: ['4']
2018-12-15 23:20:05,550:INFO:The '4' was the 2nd character
2018-12-15 23:20:05,550:INFO:

2018-12-15 23:20:05,550:INFO:The symbols in this password are: ['!']
2018-12-15 23:20:05,550:INFO:The '!' was the 5th character
2018-12-15 23:20:05,550:INFO:

2018-12-15 23:20:05,619:INFO:The length of 'T4st!ng' is 7
2018-12-15 23:20:05,620:INFO:As a list it looks like this ['T', '4', 's', 't', '!', 'n', 'g']
2018-12-15 23:20:05,620:INFO:The letters in this password are: ['T', 's', 't', 'n', 'g']
2018-12-15 23:20:05,620:INFO:The 'T' was the 1st character
2018-12-15 23:20:05,621:INFO:The 's' was the 3rd character
2018-12-15 23:20:05,621:INFO:The 't' was the 4th character
2018-12-15 23:20:05,621:INFO:The 'n' was the 6th character
2018-12-15 23:20:05,621:INFO:The 'g' was the 7th character
2018-12-15 23:20:05,622:INFO:

2018-12-15 23:20:05,622:INFO:The numbers in this password are: ['4']
2018-12-15 23:20:05,622:INFO:The '4' was the 2nd character
2018-12-15 23:20:05,622:INFO:

2018-12-15 23:20:05,623:INFO:The symbols in this password are: ['!']
2018-12-15 23:20:05,623:INFO:The '!' was the 5th character
2018-12-15 23:20:05,623:INFO:

2018-12-15 23:20:05,683:INFO:The length of 'T4st!ng' is 7
2018-12-15 23:20:05,683:INFO:As a list it looks like this ['T', '4', 's', 't', '!', 'n', 'g']
2018-12-15 23:20:05,684:INFO:The letters in this password are: ['T', 's', 't', 'n', 'g']
2018-12-15 23:20:05,684:INFO:The 'T' was the 1st character
2018-12-15 23:20:05,684:INFO:The 's' was the 3rd character
2018-12-15 23:20:05,684:INFO:The 't' was the 4th character
2018-12-15 23:20:05,684:INFO:The 'n' was the 6th character
2018-12-15 23:20:05,684:INFO:The 'g' was the 7th character
2018-12-15 23:20:05,685:INFO:

2018-12-15 23:20:05,685:INFO:The numbers in this password are: ['4']
2018-12-15 23:20:05,685:INFO:The '4' was the 2nd character
2018-12-15 23:20:05,685:INFO:

2018-12-15 23:20:05,685:INFO:The symbols in this password are: ['!']
2018-12-15 23:20:05,686:INFO:The '!' was the 5th character
2018-12-15 23:20:05,686:INFO:

2018-12-15 23:20:05,744:INFO:The length of 'T4st!ng' is 7
2018-12-15 23:20:05,745:INFO:As a list it looks like this ['T', '4', 's', 't', '!', 'n', 'g']
2018-12-15 23:20:05,745:INFO:The letters in this password are: ['T', 's', 't', 'n', 'g']
2018-12-15 23:20:05,746:INFO:The 'T' was the 1st character
2018-12-15 23:20:05,746:INFO:The 's' was the 3rd character
2018-12-15 23:20:05,746:INFO:The 't' was the 4th character
2018-12-15 23:20:05,746:INFO:The 'n' was the 6th character
2018-12-15 23:20:05,746:INFO:The 'g' was the 7th character
2018-12-15 23:20:05,746:INFO:

2018-12-15 23:20:05,746:INFO:The numbers in this password are: ['4']
2018-12-15 23:20:05,747:INFO:The '4' was the 2nd character
2018-12-15 23:20:05,747:INFO:

2018-12-15 23:20:05,747:INFO:The symbols in this password are: ['!']
2018-12-15 23:20:05,747:INFO:The '!' was the 5th character
2018-12-15 23:20:05,747:INFO:

2018-12-15 23:20:05,807:INFO:The length of 'T4st!ng' is 7
2018-12-15 23:20:05,808:INFO:As a list it looks like this ['T', '4', 's', 't', '!', 'n', 'g']
2018-12-15 23:20:05,808:INFO:The letters in this password are: ['T', 's', 't', 'n', 'g']
2018-12-15 23:20:05,808:INFO:The 'T' was the 1st character
2018-12-15 23:20:05,808:INFO:The 's' was the 3rd character
2018-12-15 23:20:05,809:INFO:The 't' was the 4th character
2018-12-15 23:20:05,809:INFO:The 'n' was the 6th character
2018-12-15 23:20:05,809:INFO:The 'g' was the 7th character
2018-12-15 23:20:05,809:INFO:

2018-12-15 23:20:05,809:INFO:The numbers in this password are: ['4']
2018-12-15 23:20:05,809:INFO:The '4' was the 2nd character
2018-12-15 23:20:05,809:INFO:

2018-12-15 23:20:05,810:INFO:The symbols in this password are: ['!']
2018-12-15 23:20:05,810:INFO:The '!' was the 5th character
2018-12-15 23:20:05,810:INFO:

2018-12-15 23:20:05,866:INFO:The length of 'T4st!ng' is 7
2018-12-15 23:20:05,867:INFO:As a list it looks like this ['T', '4', 's', 't', '!', 'n', 'g']
2018-12-15 23:20:05,867:INFO:The letters in this password are: ['T', 's', 't', 'n', 'g']
2018-12-15 23:20:05,867:INFO:The 'T' was the 1st character
2018-12-15 23:20:05,867:INFO:The 's' was the 3rd character
2018-12-15 23:20:05,867:INFO:The 't' was the 4th character
2018-12-15 23:20:05,868:INFO:The 'n' was the 6th character
2018-12-15 23:20:05,868:INFO:The 'g' was the 7th character
2018-12-15 23:20:05,868:INFO:

2018-12-15 23:20:05,868:INFO:The numbers in this password are: ['4']
2018-12-15 23:20:05,868:INFO:The '4' was the 2nd character
2018-12-15 23:20:05,868:INFO:

2018-12-15 23:20:05,868:INFO:The symbols in this password are: ['!']
2018-12-15 23:20:05,869:INFO:The '!' was the 5th character
2018-12-15 23:20:05,869:INFO:

2018-12-15 23:20:05,929:INFO:The length of 'T4st!ng' is 7
2018-12-15 23:20:05,930:INFO:As a list it looks like this ['T', '4', 's', 't', '!', 'n', 'g']
2018-12-15 23:20:05,930:INFO:The letters in this password are: ['T', 's', 't', 'n', 'g']
2018-12-15 23:20:05,930:INFO:The 'T' was the 1st character
2018-12-15 23:20:05,931:INFO:The 's' was the 3rd character
2018-12-15 23:20:05,931:INFO:The 't' was the 4th character
2018-12-15 23:20:05,931:INFO:The 'n' was the 6th character
2018-12-15 23:20:05,931:INFO:The 'g' was the 7th character
2018-12-15 23:20:05,931:INFO:

2018-12-15 23:20:05,931:INFO:The numbers in this password are: ['4']
2018-12-15 23:20:05,932:INFO:The '4' was the 2nd character
2018-12-15 23:20:05,932:INFO:

2018-12-15 23:20:05,932:INFO:The symbols in this password are: ['!']
2018-12-15 23:20:05,932:INFO:The '!' was the 5th character
2018-12-15 23:20:05,932:INFO:

2018-12-15 23:20:05,993:INFO:The length of 'T4st!ng' is 7
2018-12-15 23:20:05,993:INFO:As a list it looks like this ['T', '4', 's', 't', '!', 'n', 'g']
2018-12-15 23:20:05,993:INFO:The letters in this password are: ['T', 's', 't', 'n', 'g']
2018-12-15 23:20:05,993:INFO:The 'T' was the 1st character
2018-12-15 23:20:05,994:INFO:The 's' was the 3rd character
2018-12-15 23:20:05,994:INFO:The 't' was the 4th character
2018-12-15 23:20:05,994:INFO:The 'n' was the 6th character
2018-12-15 23:20:05,994:INFO:The 'g' was the 7th character
2018-12-15 23:20:05,994:INFO:

2018-12-15 23:20:05,995:INFO:The numbers in this password are: ['4']
2018-12-15 23:20:05,995:INFO:The '4' was the 2nd character
2018-12-15 23:20:05,995:INFO:

2018-12-15 23:20:05,995:INFO:The symbols in this password are: ['!']
2018-12-15 23:20:05,995:INFO:The '!' was the 5th character
2018-12-15 23:20:05,995:INFO:

2018-12-15 23:20:06,052:INFO:The length of 'T4st!ng' is 7
2018-12-15 23:20:06,053:INFO:As a list it looks like this ['T', '4', 's', 't', '!', 'n', 'g']
2018-12-15 23:20:06,053:INFO:The letters in this password are: ['T', 's', 't', 'n', 'g']
2018-12-15 23:20:06,053:INFO:The 'T' was the 1st character
2018-12-15 23:20:06,053:INFO:The 's' was the 3rd character
2018-12-15 23:20:06,054:INFO:The 't' was the 4th character
2018-12-15 23:20:06,054:INFO:The 'n' was the 6th character
2018-12-15 23:20:06,054:INFO:The 'g' was the 7th character
2018-12-15 23:20:06,054:INFO:

2018-12-15 23:20:06,054:INFO:The numbers in this password are: ['4']
2018-12-15 23:20:06,054:INFO:The '4' was the 2nd character
2018-12-15 23:20:06,054:INFO:

2018-12-15 23:20:06,055:INFO:The symbols in this password are: ['!']
2018-12-15 23:20:06,055:INFO:The '!' was the 5th character
2018-12-15 23:20:06,055:INFO:

2018-12-15 23:20:06,114:INFO:The length of 'T4st!ng' is 7
2018-12-15 23:20:06,115:INFO:As a list it looks like this ['T', '4', 's', 't', '!', 'n', 'g']
2018-12-15 23:20:06,115:INFO:The letters in this password are: ['T', 's', 't', 'n', 'g']
2018-12-15 23:20:06,115:INFO:The 'T' was the 1st character
2018-12-15 23:20:06,115:INFO:The 's' was the 3rd character
2018-12-15 23:20:06,115:INFO:The 't' was the 4th character
2018-12-15 23:20:06,116:INFO:The 'n' was the 6th character
2018-12-15 23:20:06,116:INFO:The 'g' was the 7th character
2018-12-15 23:20:06,116:INFO:

2018-12-15 23:20:06,116:INFO:The numbers in this password are: ['4']
2018-12-15 23:20:06,116:INFO:The '4' was the 2nd character
2018-12-15 23:20:06,116:INFO:

2018-12-15 23:20:06,116:INFO:The symbols in this password are: ['!']
2018-12-15 23:20:06,117:INFO:The '!' was the 5th character
2018-12-15 23:20:06,117:INFO:

2018-12-15 23:20:06,175:INFO:The length of 'T4st!ng' is 7
2018-12-15 23:20:06,176:INFO:As a list it looks like this ['T', '4', 's', 't', '!', 'n', 'g']
2018-12-15 23:20:06,176:INFO:The letters in this password are: ['T', 's', 't', 'n', 'g']
2018-12-15 23:20:06,176:INFO:The 'T' was the 1st character
2018-12-15 23:20:06,176:INFO:The 's' was the 3rd character
2018-12-15 23:20:06,176:INFO:The 't' was the 4th character
2018-12-15 23:20:06,176:INFO:The 'n' was the 6th character
2018-12-15 23:20:06,177:INFO:The 'g' was the 7th character
2018-12-15 23:20:06,177:INFO:

2018-12-15 23:20:06,177:INFO:The numbers in this password are: ['4']
2018-12-15 23:20:06,177:INFO:The '4' was the 2nd character
2018-12-15 23:20:06,177:INFO:

2018-12-15 23:20:06,178:INFO:The symbols in this password are: ['!']
2018-12-15 23:20:06,178:INFO:The '!' was the 5th character
2018-12-15 23:20:06,178:INFO:

2018-12-15 23:20:06,236:INFO:The length of 'T4st!ng' is 7
2018-12-15 23:20:06,236:INFO:As a list it looks like this ['T', '4', 's', 't', '!', 'n', 'g']
2018-12-15 23:20:06,237:INFO:The letters in this password are: ['T', 's', 't', 'n', 'g']
2018-12-15 23:20:06,237:INFO:The 'T' was the 1st character
2018-12-15 23:20:06,237:INFO:The 's' was the 3rd character
2018-12-15 23:20:06,237:INFO:The 't' was the 4th character
2018-12-15 23:20:06,237:INFO:The 'n' was the 6th character
2018-12-15 23:20:06,237:INFO:The 'g' was the 7th character
2018-12-15 23:20:06,238:INFO:

2018-12-15 23:20:06,238:INFO:The numbers in this password are: ['4']
2018-12-15 23:20:06,238:INFO:The '4' was the 2nd character
2018-12-15 23:20:06,238:INFO:

2018-12-15 23:20:06,238:INFO:The symbols in this password are: ['!']
2018-12-15 23:20:06,239:INFO:The '!' was the 5th character
2018-12-15 23:20:06,239:INFO:

2018-12-15 23:20:06,299:INFO:The length of 'T4st!ng' is 7
2018-12-15 23:20:06,299:INFO:As a list it looks like this ['T', '4', 's', 't', '!', 'n', 'g']
2018-12-15 23:20:06,300:INFO:The letters in this password are: ['T', 's', 't', 'n', 'g']
2018-12-15 23:20:06,300:INFO:The 'T' was the 1st character
2018-12-15 23:20:06,300:INFO:The 's' was the 3rd character
2018-12-15 23:20:06,300:INFO:The 't' was the 4th character
2018-12-15 23:20:06,300:INFO:The 'n' was the 6th character
2018-12-15 23:20:06,300:INFO:The 'g' was the 7th character
2018-12-15 23:20:06,301:INFO:

2018-12-15 23:20:06,301:INFO:The numbers in this password are: ['4']
2018-12-15 23:20:06,301:INFO:The '4' was the 2nd character
2018-12-15 23:20:06,301:INFO:

2018-12-15 23:20:06,301:INFO:The symbols in this password are: ['!']
2018-12-15 23:20:06,301:INFO:The '!' was the 5th character
2018-12-15 23:20:06,302:INFO:

2018-12-15 23:20:06,364:INFO:The length of 'T4st!ng' is 7
2018-12-15 23:20:06,364:INFO:As a list it looks like this ['T', '4', 's', 't', '!', 'n', 'g']
2018-12-15 23:20:06,365:INFO:The letters in this password are: ['T', 's', 't', 'n', 'g']
2018-12-15 23:20:06,365:INFO:The 'T' was the 1st character
2018-12-15 23:20:06,365:INFO:The 's' was the 3rd character
2018-12-15 23:20:06,365:INFO:The 't' was the 4th character
2018-12-15 23:20:06,365:INFO:The 'n' was the 6th character
2018-12-15 23:20:06,365:INFO:The 'g' was the 7th character
2018-12-15 23:20:06,365:INFO:

2018-12-15 23:20:06,366:INFO:The numbers in this password are: ['4']
2018-12-15 23:20:06,366:INFO:The '4' was the 2nd character
2018-12-15 23:20:06,366:INFO:

2018-12-15 23:20:06,366:INFO:The symbols in this password are: ['!']
2018-12-15 23:20:06,366:INFO:The '!' was the 5th character
2018-12-15 23:20:06,366:INFO:

2018-12-15 23:20:06,426:INFO:The length of 'T4st!ng' is 7
2018-12-15 23:20:06,427:INFO:As a list it looks like this ['T', '4', 's', 't', '!', 'n', 'g']
2018-12-15 23:20:06,427:INFO:The letters in this password are: ['T', 's', 't', 'n', 'g']
2018-12-15 23:20:06,427:INFO:The 'T' was the 1st character
2018-12-15 23:20:06,427:INFO:The 's' was the 3rd character
2018-12-15 23:20:06,427:INFO:The 't' was the 4th character
2018-12-15 23:20:06,428:INFO:The 'n' was the 6th character
2018-12-15 23:20:06,428:INFO:The 'g' was the 7th character
2018-12-15 23:20:06,428:INFO:

2018-12-15 23:20:06,428:INFO:The numbers in this password are: ['4']
2018-12-15 23:20:06,428:INFO:The '4' was the 2nd character
2018-12-15 23:20:06,428:INFO:

2018-12-15 23:20:06,429:INFO:The symbols in this password are: ['!']
2018-12-15 23:20:06,429:INFO:The '!' was the 5th character
2018-12-15 23:20:06,429:INFO:

2018-12-15 23:20:06,486:INFO:The length of 'T4st!ng' is 7
2018-12-15 23:20:06,486:INFO:As a list it looks like this ['T', '4', 's', 't', '!', 'n', 'g']
2018-12-15 23:20:06,486:INFO:The letters in this password are: ['T', 's', 't', 'n', 'g']
2018-12-15 23:20:06,487:INFO:The 'T' was the 1st character
2018-12-15 23:20:06,487:INFO:The 's' was the 3rd character
2018-12-15 23:20:06,487:INFO:The 't' was the 4th character
2018-12-15 23:20:06,487:INFO:The 'n' was the 6th character
2018-12-15 23:20:06,487:INFO:The 'g' was the 7th character
2018-12-15 23:20:06,488:INFO:

2018-12-15 23:20:06,488:INFO:The numbers in this password are: ['4']
2018-12-15 23:20:06,488:INFO:The '4' was the 2nd character
2018-12-15 23:20:06,488:INFO:

2018-12-15 23:20:06,489:INFO:The symbols in this password are: ['!']
2018-12-15 23:20:06,489:INFO:The '!' was the 5th character
2018-12-15 23:20:06,489:INFO:

2018-12-15 23:20:06,546:INFO:The length of 'T4st!ng' is 7
2018-12-15 23:20:06,546:INFO:As a list it looks like this ['T', '4', 's', 't', '!', 'n', 'g']
2018-12-15 23:20:06,547:INFO:The letters in this password are: ['T', 's', 't', 'n', 'g']
2018-12-15 23:20:06,547:INFO:The 'T' was the 1st character
2018-12-15 23:20:06,547:INFO:The 's' was the 3rd character
2018-12-15 23:20:06,547:INFO:The 't' was the 4th character
2018-12-15 23:20:06,547:INFO:The 'n' was the 6th character
2018-12-15 23:20:06,547:INFO:The 'g' was the 7th character
2018-12-15 23:20:06,547:INFO:

2018-12-15 23:20:06,547:INFO:The numbers in this password are: ['4']
2018-12-15 23:20:06,548:INFO:The '4' was the 2nd character
2018-12-15 23:20:06,548:INFO:

2018-12-15 23:20:06,548:INFO:The symbols in this password are: ['!']
2018-12-15 23:20:06,548:INFO:The '!' was the 5th character
2018-12-15 23:20:06,548:INFO:

2018-12-15 23:20:06,608:INFO:The length of 'T4st!ng' is 7
2018-12-15 23:20:06,608:INFO:As a list it looks like this ['T', '4', 's', 't', '!', 'n', 'g']
2018-12-15 23:20:06,609:INFO:The letters in this password are: ['T', 's', 't', 'n', 'g']
2018-12-15 23:20:06,609:INFO:The 'T' was the 1st character
2018-12-15 23:20:06,609:INFO:The 's' was the 3rd character
2018-12-15 23:20:06,609:INFO:The 't' was the 4th character
2018-12-15 23:20:06,609:INFO:The 'n' was the 6th character
2018-12-15 23:20:06,609:INFO:The 'g' was the 7th character
2018-12-15 23:20:06,610:INFO:

2018-12-15 23:20:06,610:INFO:The numbers in this password are: ['4']
2018-12-15 23:20:06,610:INFO:The '4' was the 2nd character
2018-12-15 23:20:06,610:INFO:

2018-12-15 23:20:06,610:INFO:The symbols in this password are: ['!']
2018-12-15 23:20:06,610:INFO:The '!' was the 5th character
2018-12-15 23:20:06,611:INFO:

2018-12-15 23:20:06,666:INFO:The length of 'T4st!ng' is 7
2018-12-15 23:20:06,667:INFO:As a list it looks like this ['T', '4', 's', 't', '!', 'n', 'g']
2018-12-15 23:20:06,667:INFO:The letters in this password are: ['T', 's', 't', 'n', 'g']
2018-12-15 23:20:06,667:INFO:The 'T' was the 1st character
2018-12-15 23:20:06,667:INFO:The 's' was the 3rd character
2018-12-15 23:20:06,667:INFO:The 't' was the 4th character
2018-12-15 23:20:06,668:INFO:The 'n' was the 6th character
2018-12-15 23:20:06,668:INFO:The 'g' was the 7th character
2018-12-15 23:20:06,668:INFO:

2018-12-15 23:20:06,668:INFO:The numbers in this password are: ['4']
2018-12-15 23:20:06,668:INFO:The '4' was the 2nd character
2018-12-15 23:20:06,668:INFO:

2018-12-15 23:20:06,668:INFO:The symbols in this password are: ['!']
2018-12-15 23:20:06,669:INFO:The '!' was the 5th character
2018-12-15 23:20:06,669:INFO:

2018-12-15 23:20:06,734:INFO:The length of 'T4st!ng' is 7
2018-12-15 23:20:06,735:INFO:As a list it looks like this ['T', '4', 's', 't', '!', 'n', 'g']
2018-12-15 23:20:06,735:INFO:The letters in this password are: ['T', 's', 't', 'n', 'g']
2018-12-15 23:20:06,736:INFO:The 'T' was the 1st character
2018-12-15 23:20:06,736:INFO:The 's' was the 3rd character
2018-12-15 23:20:06,736:INFO:The 't' was the 4th character
2018-12-15 23:20:06,736:INFO:The 'n' was the 6th character
2018-12-15 23:20:06,736:INFO:The 'g' was the 7th character
2018-12-15 23:20:06,736:INFO:

2018-12-15 23:20:06,736:INFO:The numbers in this password are: ['4']
2018-12-15 23:20:06,737:INFO:The '4' was the 2nd character
2018-12-15 23:20:06,737:INFO:

2018-12-15 23:20:06,737:INFO:The symbols in this password are: ['!']
2018-12-15 23:20:06,737:INFO:The '!' was the 5th character
2018-12-15 23:20:06,737:INFO:

2018-12-15 23:20:06,795:INFO:The length of 'T4st!ng' is 7
2018-12-15 23:20:06,795:INFO:As a list it looks like this ['T', '4', 's', 't', '!', 'n', 'g']
2018-12-15 23:20:06,796:INFO:The letters in this password are: ['T', 's', 't', 'n', 'g']
2018-12-15 23:20:06,796:INFO:The 'T' was the 1st character
2018-12-15 23:20:06,796:INFO:The 's' was the 3rd character
2018-12-15 23:20:06,796:INFO:The 't' was the 4th character
2018-12-15 23:20:06,796:INFO:The 'n' was the 6th character
2018-12-15 23:20:06,796:INFO:The 'g' was the 7th character
2018-12-15 23:20:06,797:INFO:

2018-12-15 23:20:06,797:INFO:The numbers in this password are: ['4']
2018-12-15 23:20:06,797:INFO:The '4' was the 2nd character
2018-12-15 23:20:06,797:INFO:

2018-12-15 23:20:06,797:INFO:The symbols in this password are: ['!']
2018-12-15 23:20:06,797:INFO:The '!' was the 5th character
2018-12-15 23:20:06,798:INFO:

2018-12-15 23:20:06,854:INFO:The length of 'T4st!ng' is 7
2018-12-15 23:20:06,854:INFO:As a list it looks like this ['T', '4', 's', 't', '!', 'n', 'g']
2018-12-15 23:20:06,855:INFO:The letters in this password are: ['T', 's', 't', 'n', 'g']
2018-12-15 23:20:06,855:INFO:The 'T' was the 1st character
2018-12-15 23:20:06,855:INFO:The 's' was the 3rd character
2018-12-15 23:20:06,855:INFO:The 't' was the 4th character
2018-12-15 23:20:06,855:INFO:The 'n' was the 6th character
2018-12-15 23:20:06,856:INFO:The 'g' was the 7th character
2018-12-15 23:20:06,856:INFO:

2018-12-15 23:20:06,856:INFO:The numbers in this password are: ['4']
2018-12-15 23:20:06,856:INFO:The '4' was the 2nd character
2018-12-15 23:20:06,857:INFO:

2018-12-15 23:20:06,857:INFO:The symbols in this password are: ['!']
2018-12-15 23:20:06,857:INFO:The '!' was the 5th character
2018-12-15 23:20:06,857:INFO:

2018-12-15 23:20:06,919:INFO:The length of 'T4st!ng' is 7
2018-12-15 23:20:06,920:INFO:As a list it looks like this ['T', '4', 's', 't', '!', 'n', 'g']
2018-12-15 23:20:06,920:INFO:The letters in this password are: ['T', 's', 't', 'n', 'g']
2018-12-15 23:20:06,920:INFO:The 'T' was the 1st character
2018-12-15 23:20:06,921:INFO:The 's' was the 3rd character
2018-12-15 23:20:06,921:INFO:The 't' was the 4th character
2018-12-15 23:20:06,921:INFO:The 'n' was the 6th character
2018-12-15 23:20:06,921:INFO:The 'g' was the 7th character
2018-12-15 23:20:06,921:INFO:

2018-12-15 23:20:06,922:INFO:The numbers in this password are: ['4']
2018-12-15 23:20:06,922:INFO:The '4' was the 2nd character
2018-12-15 23:20:06,922:INFO:

2018-12-15 23:20:06,923:INFO:The symbols in this password are: ['!']
2018-12-15 23:20:06,923:INFO:The '!' was the 5th character
2018-12-15 23:20:06,923:INFO:

2018-12-15 23:20:06,978:INFO:The length of 'T4st!ng' is 7
2018-12-15 23:20:06,979:INFO:As a list it looks like this ['T', '4', 's', 't', '!', 'n', 'g']
2018-12-15 23:20:06,979:INFO:The letters in this password are: ['T', 's', 't', 'n', 'g']
2018-12-15 23:20:06,979:INFO:The 'T' was the 1st character
2018-12-15 23:20:06,979:INFO:The 's' was the 3rd character
2018-12-15 23:20:06,979:INFO:The 't' was the 4th character
2018-12-15 23:20:06,980:INFO:The 'n' was the 6th character
2018-12-15 23:20:06,980:INFO:The 'g' was the 7th character
2018-12-15 23:20:06,980:INFO:

2018-12-15 23:20:06,980:INFO:The numbers in this password are: ['4']
2018-12-15 23:20:06,980:INFO:The '4' was the 2nd character
2018-12-15 23:20:06,981:INFO:

2018-12-15 23:20:06,981:INFO:The symbols in this password are: ['!']
2018-12-15 23:20:06,981:INFO:The '!' was the 5th character
2018-12-15 23:20:06,981:INFO:

2018-12-15 23:20:07,044:INFO:The length of 'T4st!ng' is 7
2018-12-15 23:20:07,045:INFO:As a list it looks like this ['T', '4', 's', 't', '!', 'n', 'g']
2018-12-15 23:20:07,045:INFO:The letters in this password are: ['T', 's', 't', 'n', 'g']
2018-12-15 23:20:07,045:INFO:The 'T' was the 1st character
2018-12-15 23:20:07,045:INFO:The 's' was the 3rd character
2018-12-15 23:20:07,046:INFO:The 't' was the 4th character
2018-12-15 23:20:07,046:INFO:The 'n' was the 6th character
2018-12-15 23:20:07,046:INFO:The 'g' was the 7th character
2018-12-15 23:20:07,046:INFO:

2018-12-15 23:20:07,046:INFO:The numbers in this password are: ['4']
2018-12-15 23:20:07,046:INFO:The '4' was the 2nd character
2018-12-15 23:20:07,046:INFO:

2018-12-15 23:20:07,047:INFO:The symbols in this password are: ['!']
2018-12-15 23:20:07,047:INFO:The '!' was the 5th character
2018-12-15 23:20:07,047:INFO:

2018-12-15 23:20:07,105:INFO:The length of 'T4st!ng' is 7
2018-12-15 23:20:07,106:INFO:As a list it looks like this ['T', '4', 's', 't', '!', 'n', 'g']
2018-12-15 23:20:07,106:INFO:The letters in this password are: ['T', 's', 't', 'n', 'g']
2018-12-15 23:20:07,106:INFO:The 'T' was the 1st character
2018-12-15 23:20:07,106:INFO:The 's' was the 3rd character
2018-12-15 23:20:07,107:INFO:The 't' was the 4th character
2018-12-15 23:20:07,107:INFO:The 'n' was the 6th character
2018-12-15 23:20:07,107:INFO:The 'g' was the 7th character
2018-12-15 23:20:07,107:INFO:

2018-12-15 23:20:07,107:INFO:The numbers in this password are: ['4']
2018-12-15 23:20:07,107:INFO:The '4' was the 2nd character
2018-12-15 23:20:07,107:INFO:

2018-12-15 23:20:07,108:INFO:The symbols in this password are: ['!']
2018-12-15 23:20:07,108:INFO:The '!' was the 5th character
2018-12-15 23:20:07,108:INFO:

2018-12-15 23:20:07,164:INFO:The length of 'T4st!ng' is 7
2018-12-15 23:20:07,164:INFO:As a list it looks like this ['T', '4', 's', 't', '!', 'n', 'g']
2018-12-15 23:20:07,165:INFO:The letters in this password are: ['T', 's', 't', 'n', 'g']
2018-12-15 23:20:07,165:INFO:The 'T' was the 1st character
2018-12-15 23:20:07,165:INFO:The 's' was the 3rd character
2018-12-15 23:20:07,165:INFO:The 't' was the 4th character
2018-12-15 23:20:07,165:INFO:The 'n' was the 6th character
2018-12-15 23:20:07,166:INFO:The 'g' was the 7th character
2018-12-15 23:20:07,166:INFO:

2018-12-15 23:20:07,166:INFO:The numbers in this password are: ['4']
2018-12-15 23:20:07,166:INFO:The '4' was the 2nd character
2018-12-15 23:20:07,166:INFO:

2018-12-15 23:20:07,166:INFO:The symbols in this password are: ['!']
2018-12-15 23:20:07,166:INFO:The '!' was the 5th character
2018-12-15 23:20:07,167:INFO:

2018-12-15 23:20:07,227:INFO:The length of 'T4st!ng' is 7
2018-12-15 23:20:07,227:INFO:As a list it looks like this ['T', '4', 's', 't', '!', 'n', 'g']
2018-12-15 23:20:07,228:INFO:The letters in this password are: ['T', 's', 't', 'n', 'g']
2018-12-15 23:20:07,228:INFO:The 'T' was the 1st character
2018-12-15 23:20:07,228:INFO:The 's' was the 3rd character
2018-12-15 23:20:07,228:INFO:The 't' was the 4th character
2018-12-15 23:20:07,228:INFO:The 'n' was the 6th character
2018-12-15 23:20:07,228:INFO:The 'g' was the 7th character
2018-12-15 23:20:07,229:INFO:

2018-12-15 23:20:07,229:INFO:The numbers in this password are: ['4']
2018-12-15 23:20:07,229:INFO:The '4' was the 2nd character
2018-12-15 23:20:07,229:INFO:

2018-12-15 23:20:07,229:INFO:The symbols in this password are: ['!']
2018-12-15 23:20:07,229:INFO:The '!' was the 5th character
2018-12-15 23:20:07,230:INFO:

2018-12-15 23:20:07,286:INFO:The length of 'T4st!ng' is 7
2018-12-15 23:20:07,287:INFO:As a list it looks like this ['T', '4', 's', 't', '!', 'n', 'g']
2018-12-15 23:20:07,287:INFO:The letters in this password are: ['T', 's', 't', 'n', 'g']
2018-12-15 23:20:07,287:INFO:The 'T' was the 1st character
2018-12-15 23:20:07,287:INFO:The 's' was the 3rd character
2018-12-15 23:20:07,288:INFO:The 't' was the 4th character
2018-12-15 23:20:07,288:INFO:The 'n' was the 6th character
2018-12-15 23:20:07,288:INFO:The 'g' was the 7th character
2018-12-15 23:20:07,288:INFO:

2018-12-15 23:20:07,288:INFO:The numbers in this password are: ['4']
2018-12-15 23:20:07,288:INFO:The '4' was the 2nd character
2018-12-15 23:20:07,289:INFO:

2018-12-15 23:20:07,289:INFO:The symbols in this password are: ['!']
2018-12-15 23:20:07,289:INFO:The '!' was the 5th character
2018-12-15 23:20:07,290:INFO:

2018-12-15 23:20:07,351:INFO:The length of 'T4st!ng' is 7
2018-12-15 23:20:07,351:INFO:As a list it looks like this ['T', '4', 's', 't', '!', 'n', 'g']
2018-12-15 23:20:07,351:INFO:The letters in this password are: ['T', 's', 't', 'n', 'g']
2018-12-15 23:20:07,351:INFO:The 'T' was the 1st character
2018-12-15 23:20:07,352:INFO:The 's' was the 3rd character
2018-12-15 23:20:07,352:INFO:The 't' was the 4th character
2018-12-15 23:20:07,352:INFO:The 'n' was the 6th character
2018-12-15 23:20:07,352:INFO:The 'g' was the 7th character
2018-12-15 23:20:07,352:INFO:

2018-12-15 23:20:07,352:INFO:The numbers in this password are: ['4']
2018-12-15 23:20:07,352:INFO:The '4' was the 2nd character
2018-12-15 23:20:07,353:INFO:

2018-12-15 23:20:07,353:INFO:The symbols in this password are: ['!']
2018-12-15 23:20:07,353:INFO:The '!' was the 5th character
2018-12-15 23:20:07,353:INFO:

2018-12-15 23:20:07,416:INFO:The length of 'T4st!ng' is 7
2018-12-15 23:20:07,417:INFO:As a list it looks like this ['T', '4', 's', 't', '!', 'n', 'g']
2018-12-15 23:20:07,417:INFO:The letters in this password are: ['T', 's', 't', 'n', 'g']
2018-12-15 23:20:07,417:INFO:The 'T' was the 1st character
2018-12-15 23:20:07,417:INFO:The 's' was the 3rd character
2018-12-15 23:20:07,418:INFO:The 't' was the 4th character
2018-12-15 23:20:07,418:INFO:The 'n' was the 6th character
2018-12-15 23:20:07,418:INFO:The 'g' was the 7th character
2018-12-15 23:20:07,418:INFO:

2018-12-15 23:20:07,418:INFO:The numbers in this password are: ['4']
2018-12-15 23:20:07,418:INFO:The '4' was the 2nd character
2018-12-15 23:20:07,419:INFO:

2018-12-15 23:20:07,419:INFO:The symbols in this password are: ['!']
2018-12-15 23:20:07,419:INFO:The '!' was the 5th character
2018-12-15 23:20:07,419:INFO:

2018-12-15 23:20:07,477:INFO:The length of 'T4st!ng' is 7
2018-12-15 23:20:07,477:INFO:As a list it looks like this ['T', '4', 's', 't', '!', 'n', 'g']
2018-12-15 23:20:07,477:INFO:The letters in this password are: ['T', 's', 't', 'n', 'g']
2018-12-15 23:20:07,478:INFO:The 'T' was the 1st character
2018-12-15 23:20:07,478:INFO:The 's' was the 3rd character
2018-12-15 23:20:07,478:INFO:The 't' was the 4th character
2018-12-15 23:20:07,478:INFO:The 'n' was the 6th character
2018-12-15 23:20:07,478:INFO:The 'g' was the 7th character
2018-12-15 23:20:07,478:INFO:

2018-12-15 23:20:07,479:INFO:The numbers in this password are: ['4']
2018-12-15 23:20:07,479:INFO:The '4' was the 2nd character
2018-12-15 23:20:07,479:INFO:

2018-12-15 23:20:07,479:INFO:The symbols in this password are: ['!']
2018-12-15 23:20:07,479:INFO:The '!' was the 5th character
2018-12-15 23:20:07,479:INFO:

2018-12-15 23:20:07,539:INFO:The length of 'T4st!ng' is 7
2018-12-15 23:20:07,539:INFO:As a list it looks like this ['T', '4', 's', 't', '!', 'n', 'g']
2018-12-15 23:20:07,540:INFO:The letters in this password are: ['T', 's', 't', 'n', 'g']
2018-12-15 23:20:07,540:INFO:The 'T' was the 1st character
2018-12-15 23:20:07,540:INFO:The 's' was the 3rd character
2018-12-15 23:20:07,540:INFO:The 't' was the 4th character
2018-12-15 23:20:07,540:INFO:The 'n' was the 6th character
2018-12-15 23:20:07,540:INFO:The 'g' was the 7th character
2018-12-15 23:20:07,540:INFO:

2018-12-15 23:20:07,541:INFO:The numbers in this password are: ['4']
2018-12-15 23:20:07,541:INFO:The '4' was the 2nd character
2018-12-15 23:20:07,541:INFO:

2018-12-15 23:20:07,541:INFO:The symbols in this password are: ['!']
2018-12-15 23:20:07,542:INFO:The '!' was the 5th character
2018-12-15 23:20:07,542:INFO:

2018-12-15 23:20:07,600:INFO:The length of 'T4st!ng' is 7
2018-12-15 23:20:07,600:INFO:As a list it looks like this ['T', '4', 's', 't', '!', 'n', 'g']
2018-12-15 23:20:07,601:INFO:The letters in this password are: ['T', 's', 't', 'n', 'g']
2018-12-15 23:20:07,601:INFO:The 'T' was the 1st character
2018-12-15 23:20:07,601:INFO:The 's' was the 3rd character
2018-12-15 23:20:07,601:INFO:The 't' was the 4th character
2018-12-15 23:20:07,601:INFO:The 'n' was the 6th character
2018-12-15 23:20:07,602:INFO:The 'g' was the 7th character
2018-12-15 23:20:07,602:INFO:

2018-12-15 23:20:07,602:INFO:The numbers in this password are: ['4']
2018-12-15 23:20:07,602:INFO:The '4' was the 2nd character
2018-12-15 23:20:07,602:INFO:

2018-12-15 23:20:07,602:INFO:The symbols in this password are: ['!']
2018-12-15 23:20:07,603:INFO:The '!' was the 5th character
2018-12-15 23:20:07,603:INFO:

2018-12-15 23:20:07,659:INFO:The length of 'T4st!ng' is 7
2018-12-15 23:20:07,660:INFO:As a list it looks like this ['T', '4', 's', 't', '!', 'n', 'g']
2018-12-15 23:20:07,660:INFO:The letters in this password are: ['T', 's', 't', 'n', 'g']
2018-12-15 23:20:07,661:INFO:The 'T' was the 1st character
2018-12-15 23:20:07,661:INFO:The 's' was the 3rd character
2018-12-15 23:20:07,661:INFO:The 't' was the 4th character
2018-12-15 23:20:07,661:INFO:The 'n' was the 6th character
2018-12-15 23:20:07,662:INFO:The 'g' was the 7th character
2018-12-15 23:20:07,662:INFO:

2018-12-15 23:20:07,662:INFO:The numbers in this password are: ['4']
2018-12-15 23:20:07,662:INFO:The '4' was the 2nd character
2018-12-15 23:20:07,662:INFO:

2018-12-15 23:20:07,662:INFO:The symbols in this password are: ['!']
2018-12-15 23:20:07,663:INFO:The '!' was the 5th character
2018-12-15 23:20:07,663:INFO:

2018-12-15 23:20:07,723:INFO:The length of 'T4st!ng' is 7
2018-12-15 23:20:07,723:INFO:As a list it looks like this ['T', '4', 's', 't', '!', 'n', 'g']
2018-12-15 23:20:07,723:INFO:The letters in this password are: ['T', 's', 't', 'n', 'g']
2018-12-15 23:20:07,723:INFO:The 'T' was the 1st character
2018-12-15 23:20:07,724:INFO:The 's' was the 3rd character
2018-12-15 23:20:07,724:INFO:The 't' was the 4th character
2018-12-15 23:20:07,724:INFO:The 'n' was the 6th character
2018-12-15 23:20:07,724:INFO:The 'g' was the 7th character
2018-12-15 23:20:07,724:INFO:

2018-12-15 23:20:07,724:INFO:The numbers in this password are: ['4']
2018-12-15 23:20:07,724:INFO:The '4' was the 2nd character
2018-12-15 23:20:07,725:INFO:

2018-12-15 23:20:07,725:INFO:The symbols in this password are: ['!']
2018-12-15 23:20:07,725:INFO:The '!' was the 5th character
2018-12-15 23:20:07,725:INFO:

2018-12-15 23:20:07,783:INFO:The length of 'T4st!ng' is 7
2018-12-15 23:20:07,783:INFO:As a list it looks like this ['T', '4', 's', 't', '!', 'n', 'g']
2018-12-15 23:20:07,784:INFO:The letters in this password are: ['T', 's', 't', 'n', 'g']
2018-12-15 23:20:07,784:INFO:The 'T' was the 1st character
2018-12-15 23:20:07,784:INFO:The 's' was the 3rd character
2018-12-15 23:20:07,784:INFO:The 't' was the 4th character
2018-12-15 23:20:07,784:INFO:The 'n' was the 6th character
2018-12-15 23:20:07,785:INFO:The 'g' was the 7th character
2018-12-15 23:20:07,785:INFO:

2018-12-15 23:20:07,785:INFO:The numbers in this password are: ['4']
2018-12-15 23:20:07,785:INFO:The '4' was the 2nd character
2018-12-15 23:20:07,785:INFO:

2018-12-15 23:20:07,786:INFO:The symbols in this password are: ['!']
2018-12-15 23:20:07,786:INFO:The '!' was the 5th character
2018-12-15 23:20:07,786:INFO:

2018-12-15 23:20:07,849:INFO:The length of 'T4st!ng' is 7
2018-12-15 23:20:07,850:INFO:As a list it looks like this ['T', '4', 's', 't', '!', 'n', 'g']
2018-12-15 23:20:07,850:INFO:The letters in this password are: ['T', 's', 't', 'n', 'g']
2018-12-15 23:20:07,850:INFO:The 'T' was the 1st character
2018-12-15 23:20:07,850:INFO:The 's' was the 3rd character
2018-12-15 23:20:07,850:INFO:The 't' was the 4th character
2018-12-15 23:20:07,850:INFO:The 'n' was the 6th character
2018-12-15 23:20:07,851:INFO:The 'g' was the 7th character
2018-12-15 23:20:07,851:INFO:

2018-12-15 23:20:07,851:INFO:The numbers in this password are: ['4']
2018-12-15 23:20:07,851:INFO:The '4' was the 2nd character
2018-12-15 23:20:07,851:INFO:

2018-12-15 23:20:07,851:INFO:The symbols in this password are: ['!']
2018-12-15 23:20:07,852:INFO:The '!' was the 5th character
2018-12-15 23:20:07,852:INFO:

2018-12-15 23:20:07,909:INFO:The length of 'T4st!ng' is 7
2018-12-15 23:20:07,910:INFO:As a list it looks like this ['T', '4', 's', 't', '!', 'n', 'g']
2018-12-15 23:20:07,910:INFO:The letters in this password are: ['T', 's', 't', 'n', 'g']
2018-12-15 23:20:07,911:INFO:The 'T' was the 1st character
2018-12-15 23:20:07,911:INFO:The 's' was the 3rd character
2018-12-15 23:20:07,911:INFO:The 't' was the 4th character
2018-12-15 23:20:07,911:INFO:The 'n' was the 6th character
2018-12-15 23:20:07,911:INFO:The 'g' was the 7th character
2018-12-15 23:20:07,912:INFO:

2018-12-15 23:20:07,912:INFO:The numbers in this password are: ['4']
2018-12-15 23:20:07,912:INFO:The '4' was the 2nd character
2018-12-15 23:20:07,912:INFO:

2018-12-15 23:20:07,912:INFO:The symbols in this password are: ['!']
2018-12-15 23:20:07,913:INFO:The '!' was the 5th character
2018-12-15 23:20:07,913:INFO:

2018-12-15 23:20:07,968:INFO:The length of 'T4st!ng' is 7
2018-12-15 23:20:07,969:INFO:As a list it looks like this ['T', '4', 's', 't', '!', 'n', 'g']
2018-12-15 23:20:07,969:INFO:The letters in this password are: ['T', 's', 't', 'n', 'g']
2018-12-15 23:20:07,969:INFO:The 'T' was the 1st character
2018-12-15 23:20:07,969:INFO:The 's' was the 3rd character
2018-12-15 23:20:07,970:INFO:The 't' was the 4th character
2018-12-15 23:20:07,970:INFO:The 'n' was the 6th character
2018-12-15 23:20:07,970:INFO:The 'g' was the 7th character
2018-12-15 23:20:07,970:INFO:

2018-12-15 23:20:07,970:INFO:The numbers in this password are: ['4']
2018-12-15 23:20:07,970:INFO:The '4' was the 2nd character
2018-12-15 23:20:07,970:INFO:

2018-12-15 23:20:07,971:INFO:The symbols in this password are: ['!']
2018-12-15 23:20:07,971:INFO:The '!' was the 5th character
2018-12-15 23:20:07,971:INFO:

2018-12-15 23:20:08,034:INFO:The length of 'T4st!ng' is 7
2018-12-15 23:20:08,035:INFO:As a list it looks like this ['T', '4', 's', 't', '!', 'n', 'g']
2018-12-15 23:20:08,035:INFO:The letters in this password are: ['T', 's', 't', 'n', 'g']
2018-12-15 23:20:08,035:INFO:The 'T' was the 1st character
2018-12-15 23:20:08,035:INFO:The 's' was the 3rd character
2018-12-15 23:20:08,035:INFO:The 't' was the 4th character
2018-12-15 23:20:08,035:INFO:The 'n' was the 6th character
2018-12-15 23:20:08,035:INFO:The 'g' was the 7th character
2018-12-15 23:20:08,036:INFO:

2018-12-15 23:20:08,036:INFO:The numbers in this password are: ['4']
2018-12-15 23:20:08,036:INFO:The '4' was the 2nd character
2018-12-15 23:20:08,036:INFO:

2018-12-15 23:20:08,036:INFO:The symbols in this password are: ['!']
2018-12-15 23:20:08,036:INFO:The '!' was the 5th character
2018-12-15 23:20:08,037:INFO:

2018-12-15 23:20:08,096:INFO:The length of 'T4st!ng' is 7
2018-12-15 23:20:08,097:INFO:As a list it looks like this ['T', '4', 's', 't', '!', 'n', 'g']
2018-12-15 23:20:08,097:INFO:The letters in this password are: ['T', 's', 't', 'n', 'g']
2018-12-15 23:20:08,098:INFO:The 'T' was the 1st character
2018-12-15 23:20:08,098:INFO:The 's' was the 3rd character
2018-12-15 23:20:08,098:INFO:The 't' was the 4th character
2018-12-15 23:20:08,098:INFO:The 'n' was the 6th character
2018-12-15 23:20:08,098:INFO:The 'g' was the 7th character
2018-12-15 23:20:08,098:INFO:

2018-12-15 23:20:08,099:INFO:The numbers in this password are: ['4']
2018-12-15 23:20:08,099:INFO:The '4' was the 2nd character
2018-12-15 23:20:08,099:INFO:

2018-12-15 23:20:08,099:INFO:The symbols in this password are: ['!']
2018-12-15 23:20:08,099:INFO:The '!' was the 5th character
2018-12-15 23:20:08,100:INFO:

2018-12-15 23:20:08,157:INFO:The length of 'T4st!ng' is 7
2018-12-15 23:20:08,158:INFO:As a list it looks like this ['T', '4', 's', 't', '!', 'n', 'g']
2018-12-15 23:20:08,158:INFO:The letters in this password are: ['T', 's', 't', 'n', 'g']
2018-12-15 23:20:08,158:INFO:The 'T' was the 1st character
2018-12-15 23:20:08,159:INFO:The 's' was the 3rd character
2018-12-15 23:20:08,159:INFO:The 't' was the 4th character
2018-12-15 23:20:08,159:INFO:The 'n' was the 6th character
2018-12-15 23:20:08,159:INFO:The 'g' was the 7th character
2018-12-15 23:20:08,159:INFO:

2018-12-15 23:20:08,160:INFO:The numbers in this password are: ['4']
2018-12-15 23:20:08,160:INFO:The '4' was the 2nd character
2018-12-15 23:20:08,160:INFO:

2018-12-15 23:20:08,160:INFO:The symbols in this password are: ['!']
2018-12-15 23:20:08,161:INFO:The '!' was the 5th character
2018-12-15 23:20:08,161:INFO:

2018-12-15 23:20:08,218:INFO:The length of 'T4st!ng' is 7
2018-12-15 23:20:08,218:INFO:As a list it looks like this ['T', '4', 's', 't', '!', 'n', 'g']
2018-12-15 23:20:08,219:INFO:The letters in this password are: ['T', 's', 't', 'n', 'g']
2018-12-15 23:20:08,219:INFO:The 'T' was the 1st character
2018-12-15 23:20:08,219:INFO:The 's' was the 3rd character
2018-12-15 23:20:08,219:INFO:The 't' was the 4th character
2018-12-15 23:20:08,219:INFO:The 'n' was the 6th character
2018-12-15 23:20:08,220:INFO:The 'g' was the 7th character
2018-12-15 23:20:08,220:INFO:

2018-12-15 23:20:08,220:INFO:The numbers in this password are: ['4']
2018-12-15 23:20:08,220:INFO:The '4' was the 2nd character
2018-12-15 23:20:08,220:INFO:

2018-12-15 23:20:08,220:INFO:The symbols in this password are: ['!']
2018-12-15 23:20:08,220:INFO:The '!' was the 5th character
2018-12-15 23:20:08,221:INFO:

2018-12-15 23:20:08,279:INFO:The length of 'T4st!ng' is 7
2018-12-15 23:20:08,280:INFO:As a list it looks like this ['T', '4', 's', 't', '!', 'n', 'g']
2018-12-15 23:20:08,280:INFO:The letters in this password are: ['T', 's', 't', 'n', 'g']
2018-12-15 23:20:08,280:INFO:The 'T' was the 1st character
2018-12-15 23:20:08,280:INFO:The 's' was the 3rd character
2018-12-15 23:20:08,281:INFO:The 't' was the 4th character
2018-12-15 23:20:08,281:INFO:The 'n' was the 6th character
2018-12-15 23:20:08,281:INFO:The 'g' was the 7th character
2018-12-15 23:20:08,281:INFO:

2018-12-15 23:20:08,281:INFO:The numbers in this password are: ['4']
2018-12-15 23:20:08,282:INFO:The '4' was the 2nd character
2018-12-15 23:20:08,282:INFO:

2018-12-15 23:20:08,282:INFO:The symbols in this password are: ['!']
2018-12-15 23:20:08,282:INFO:The '!' was the 5th character
2018-12-15 23:20:08,282:INFO:

2018-12-15 23:20:08,344:INFO:The length of 'T4st!ng' is 7
2018-12-15 23:20:08,344:INFO:As a list it looks like this ['T', '4', 's', 't', '!', 'n', 'g']
2018-12-15 23:20:08,344:INFO:The letters in this password are: ['T', 's', 't', 'n', 'g']
2018-12-15 23:20:08,344:INFO:The 'T' was the 1st character
2018-12-15 23:20:08,345:INFO:The 's' was the 3rd character
2018-12-15 23:20:08,345:INFO:The 't' was the 4th character
2018-12-15 23:20:08,345:INFO:The 'n' was the 6th character
2018-12-15 23:20:08,345:INFO:The 'g' was the 7th character
2018-12-15 23:20:08,345:INFO:

2018-12-15 23:20:08,346:INFO:The numbers in this password are: ['4']
2018-12-15 23:20:08,346:INFO:The '4' was the 2nd character
2018-12-15 23:20:08,346:INFO:

2018-12-15 23:20:08,346:INFO:The symbols in this password are: ['!']
2018-12-15 23:20:08,346:INFO:The '!' was the 5th character
2018-12-15 23:20:08,347:INFO:

2018-12-15 23:20:08,406:INFO:The length of 'T4st!ng' is 7
2018-12-15 23:20:08,407:INFO:As a list it looks like this ['T', '4', 's', 't', '!', 'n', 'g']
2018-12-15 23:20:08,407:INFO:The letters in this password are: ['T', 's', 't', 'n', 'g']
2018-12-15 23:20:08,407:INFO:The 'T' was the 1st character
2018-12-15 23:20:08,408:INFO:The 's' was the 3rd character
2018-12-15 23:20:08,408:INFO:The 't' was the 4th character
2018-12-15 23:20:08,408:INFO:The 'n' was the 6th character
2018-12-15 23:20:08,408:INFO:The 'g' was the 7th character
2018-12-15 23:20:08,409:INFO:

2018-12-15 23:20:08,409:INFO:The numbers in this password are: ['4']
2018-12-15 23:20:08,409:INFO:The '4' was the 2nd character
2018-12-15 23:20:08,409:INFO:

2018-12-15 23:20:08,410:INFO:The symbols in this password are: ['!']
2018-12-15 23:20:08,410:INFO:The '!' was the 5th character
2018-12-15 23:20:08,410:INFO:

2018-12-15 23:20:08,479:INFO:The length of 'T4st!ng' is 7
2018-12-15 23:20:08,479:INFO:As a list it looks like this ['T', '4', 's', 't', '!', 'n', 'g']
2018-12-15 23:20:08,480:INFO:The letters in this password are: ['T', 's', 't', 'n', 'g']
2018-12-15 23:20:08,480:INFO:The 'T' was the 1st character
2018-12-15 23:20:08,480:INFO:The 's' was the 3rd character
2018-12-15 23:20:08,480:INFO:The 't' was the 4th character
2018-12-15 23:20:08,480:INFO:The 'n' was the 6th character
2018-12-15 23:20:08,481:INFO:The 'g' was the 7th character
2018-12-15 23:20:08,481:INFO:

2018-12-15 23:20:08,481:INFO:The numbers in this password are: ['4']
2018-12-15 23:20:08,481:INFO:The '4' was the 2nd character
2018-12-15 23:20:08,481:INFO:

2018-12-15 23:20:08,482:INFO:The symbols in this password are: ['!']
2018-12-15 23:20:08,482:INFO:The '!' was the 5th character
2018-12-15 23:20:08,482:INFO:

2018-12-15 23:20:08,553:INFO:The length of 'T4st!ng' is 7
2018-12-15 23:20:08,554:INFO:As a list it looks like this ['T', '4', 's', 't', '!', 'n', 'g']
2018-12-15 23:20:08,554:INFO:The letters in this password are: ['T', 's', 't', 'n', 'g']
2018-12-15 23:20:08,555:INFO:The 'T' was the 1st character
2018-12-15 23:20:08,555:INFO:The 's' was the 3rd character
2018-12-15 23:20:08,555:INFO:The 't' was the 4th character
2018-12-15 23:20:08,555:INFO:The 'n' was the 6th character
2018-12-15 23:20:08,555:INFO:The 'g' was the 7th character
2018-12-15 23:20:08,555:INFO:

2018-12-15 23:20:08,556:INFO:The numbers in this password are: ['4']
2018-12-15 23:20:08,556:INFO:The '4' was the 2nd character
2018-12-15 23:20:08,556:INFO:

2018-12-15 23:20:08,556:INFO:The symbols in this password are: ['!']
2018-12-15 23:20:08,556:INFO:The '!' was the 5th character
2018-12-15 23:20:08,557:INFO:

2018-12-15 23:20:08,623:INFO:The length of 'T4st!ng' is 7
2018-12-15 23:20:08,624:INFO:As a list it looks like this ['T', '4', 's', 't', '!', 'n', 'g']
2018-12-15 23:20:08,624:INFO:The letters in this password are: ['T', 's', 't', 'n', 'g']
2018-12-15 23:20:08,624:INFO:The 'T' was the 1st character
2018-12-15 23:20:08,625:INFO:The 's' was the 3rd character
2018-12-15 23:20:08,625:INFO:The 't' was the 4th character
2018-12-15 23:20:08,625:INFO:The 'n' was the 6th character
2018-12-15 23:20:08,625:INFO:The 'g' was the 7th character
2018-12-15 23:20:08,626:INFO:

2018-12-15 23:20:08,626:INFO:The numbers in this password are: ['4']
2018-12-15 23:20:08,626:INFO:The '4' was the 2nd character
2018-12-15 23:20:08,626:INFO:

2018-12-15 23:20:08,627:INFO:The symbols in this password are: ['!']
2018-12-15 23:20:08,627:INFO:The '!' was the 5th character
2018-12-15 23:20:08,627:INFO:

2018-12-15 23:20:08,686:INFO:The length of 'T4st!ng' is 7
2018-12-15 23:20:08,686:INFO:As a list it looks like this ['T', '4', 's', 't', '!', 'n', 'g']
2018-12-15 23:20:08,687:INFO:The letters in this password are: ['T', 's', 't', 'n', 'g']
2018-12-15 23:20:08,687:INFO:The 'T' was the 1st character
2018-12-15 23:20:08,687:INFO:The 's' was the 3rd character
2018-12-15 23:20:08,687:INFO:The 't' was the 4th character
2018-12-15 23:20:08,687:INFO:The 'n' was the 6th character
2018-12-15 23:20:08,688:INFO:The 'g' was the 7th character
2018-12-15 23:20:08,688:INFO:

2018-12-15 23:20:08,688:INFO:The numbers in this password are: ['4']
2018-12-15 23:20:08,688:INFO:The '4' was the 2nd character
2018-12-15 23:20:08,688:INFO:

2018-12-15 23:20:08,688:INFO:The symbols in this password are: ['!']
2018-12-15 23:20:08,689:INFO:The '!' was the 5th character
2018-12-15 23:20:08,689:INFO:

2018-12-15 23:20:08,748:INFO:The length of 'T4st!ng' is 7
2018-12-15 23:20:08,749:INFO:As a list it looks like this ['T', '4', 's', 't', '!', 'n', 'g']
2018-12-15 23:20:08,749:INFO:The letters in this password are: ['T', 's', 't', 'n', 'g']
2018-12-15 23:20:08,749:INFO:The 'T' was the 1st character
2018-12-15 23:20:08,749:INFO:The 's' was the 3rd character
2018-12-15 23:20:08,750:INFO:The 't' was the 4th character
2018-12-15 23:20:08,750:INFO:The 'n' was the 6th character
2018-12-15 23:20:08,750:INFO:The 'g' was the 7th character
2018-12-15 23:20:08,750:INFO:

2018-12-15 23:20:08,750:INFO:The numbers in this password are: ['4']
2018-12-15 23:20:08,750:INFO:The '4' was the 2nd character
2018-12-15 23:20:08,750:INFO:

2018-12-15 23:20:08,751:INFO:The symbols in this password are: ['!']
2018-12-15 23:20:08,751:INFO:The '!' was the 5th character
2018-12-15 23:20:08,751:INFO:

2018-12-15 23:20:08,810:INFO:The length of 'T4st!ng' is 7
2018-12-15 23:20:08,811:INFO:As a list it looks like this ['T', '4', 's', 't', '!', 'n', 'g']
2018-12-15 23:20:08,811:INFO:The letters in this password are: ['T', 's', 't', 'n', 'g']
2018-12-15 23:20:08,811:INFO:The 'T' was the 1st character
2018-12-15 23:20:08,811:INFO:The 's' was the 3rd character
2018-12-15 23:20:08,811:INFO:The 't' was the 4th character
2018-12-15 23:20:08,812:INFO:The 'n' was the 6th character
2018-12-15 23:20:08,812:INFO:The 'g' was the 7th character
2018-12-15 23:20:08,812:INFO:

2018-12-15 23:20:08,812:INFO:The numbers in this password are: ['4']
2018-12-15 23:20:08,812:INFO:The '4' was the 2nd character
2018-12-15 23:20:08,813:INFO:

2018-12-15 23:20:08,813:INFO:The symbols in this password are: ['!']
2018-12-15 23:20:08,813:INFO:The '!' was the 5th character
2018-12-15 23:20:08,813:INFO:

2018-12-15 23:20:08,870:INFO:The length of 'T4st!ng' is 7
2018-12-15 23:20:08,870:INFO:As a list it looks like this ['T', '4', 's', 't', '!', 'n', 'g']
2018-12-15 23:20:08,871:INFO:The letters in this password are: ['T', 's', 't', 'n', 'g']
2018-12-15 23:20:08,871:INFO:The 'T' was the 1st character
2018-12-15 23:20:08,871:INFO:The 's' was the 3rd character
2018-12-15 23:20:08,871:INFO:The 't' was the 4th character
2018-12-15 23:20:08,871:INFO:The 'n' was the 6th character
2018-12-15 23:20:08,871:INFO:The 'g' was the 7th character
2018-12-15 23:20:08,872:INFO:

2018-12-15 23:20:08,872:INFO:The numbers in this password are: ['4']
2018-12-15 23:20:08,872:INFO:The '4' was the 2nd character
2018-12-15 23:20:08,872:INFO:

2018-12-15 23:20:08,872:INFO:The symbols in this password are: ['!']
2018-12-15 23:20:08,872:INFO:The '!' was the 5th character
2018-12-15 23:20:08,872:INFO:

2018-12-15 23:20:08,930:INFO:The length of 'T4st!ng' is 7
2018-12-15 23:20:08,931:INFO:As a list it looks like this ['T', '4', 's', 't', '!', 'n', 'g']
2018-12-15 23:20:08,931:INFO:The letters in this password are: ['T', 's', 't', 'n', 'g']
2018-12-15 23:20:08,931:INFO:The 'T' was the 1st character
2018-12-15 23:20:08,931:INFO:The 's' was the 3rd character
2018-12-15 23:20:08,931:INFO:The 't' was the 4th character
2018-12-15 23:20:08,931:INFO:The 'n' was the 6th character
2018-12-15 23:20:08,932:INFO:The 'g' was the 7th character
2018-12-15 23:20:08,932:INFO:

2018-12-15 23:20:08,932:INFO:The numbers in this password are: ['4']
2018-12-15 23:20:08,932:INFO:The '4' was the 2nd character
2018-12-15 23:20:08,932:INFO:

2018-12-15 23:20:08,932:INFO:The symbols in this password are: ['!']
2018-12-15 23:20:08,933:INFO:The '!' was the 5th character
2018-12-15 23:20:08,933:INFO:

2018-12-15 23:20:08,993:INFO:The length of 'T4st!ng' is 7
2018-12-15 23:20:08,994:INFO:As a list it looks like this ['T', '4', 's', 't', '!', 'n', 'g']
2018-12-15 23:20:08,994:INFO:The letters in this password are: ['T', 's', 't', 'n', 'g']
2018-12-15 23:20:08,994:INFO:The 'T' was the 1st character
2018-12-15 23:20:08,994:INFO:The 's' was the 3rd character
2018-12-15 23:20:08,995:INFO:The 't' was the 4th character
2018-12-15 23:20:08,995:INFO:The 'n' was the 6th character
2018-12-15 23:20:08,995:INFO:The 'g' was the 7th character
2018-12-15 23:20:08,995:INFO:

2018-12-15 23:20:08,995:INFO:The numbers in this password are: ['4']
2018-12-15 23:20:08,996:INFO:The '4' was the 2nd character
2018-12-15 23:20:08,996:INFO:

2018-12-15 23:20:08,996:INFO:The symbols in this password are: ['!']
2018-12-15 23:20:08,996:INFO:The '!' was the 5th character
2018-12-15 23:20:08,996:INFO:

2018-12-15 23:20:09,054:INFO:The length of 'T4st!ng' is 7
2018-12-15 23:20:09,055:INFO:As a list it looks like this ['T', '4', 's', 't', '!', 'n', 'g']
2018-12-15 23:20:09,055:INFO:The letters in this password are: ['T', 's', 't', 'n', 'g']
2018-12-15 23:20:09,055:INFO:The 'T' was the 1st character
2018-12-15 23:20:09,055:INFO:The 's' was the 3rd character
2018-12-15 23:20:09,055:INFO:The 't' was the 4th character
2018-12-15 23:20:09,055:INFO:The 'n' was the 6th character
2018-12-15 23:20:09,056:INFO:The 'g' was the 7th character
2018-12-15 23:20:09,056:INFO:

2018-12-15 23:20:09,056:INFO:The numbers in this password are: ['4']
2018-12-15 23:20:09,056:INFO:The '4' was the 2nd character
2018-12-15 23:20:09,056:INFO:

2018-12-15 23:20:09,056:INFO:The symbols in this password are: ['!']
2018-12-15 23:20:09,057:INFO:The '!' was the 5th character
2018-12-15 23:20:09,057:INFO:

2018-12-15 23:20:09,119:INFO:The length of 'T4st!ng' is 7
2018-12-15 23:20:09,119:INFO:As a list it looks like this ['T', '4', 's', 't', '!', 'n', 'g']
2018-12-15 23:20:09,119:INFO:The letters in this password are: ['T', 's', 't', 'n', 'g']
2018-12-15 23:20:09,120:INFO:The 'T' was the 1st character
2018-12-15 23:20:09,120:INFO:The 's' was the 3rd character
2018-12-15 23:20:09,120:INFO:The 't' was the 4th character
2018-12-15 23:20:09,120:INFO:The 'n' was the 6th character
2018-12-15 23:20:09,120:INFO:The 'g' was the 7th character
2018-12-15 23:20:09,120:INFO:

2018-12-15 23:20:09,121:INFO:The numbers in this password are: ['4']
2018-12-15 23:20:09,121:INFO:The '4' was the 2nd character
2018-12-15 23:20:09,121:INFO:

2018-12-15 23:20:09,121:INFO:The symbols in this password are: ['!']
2018-12-15 23:20:09,121:INFO:The '!' was the 5th character
2018-12-15 23:20:09,122:INFO:

2018-12-15 23:20:09,177:INFO:The length of 'T4st!ng' is 7
2018-12-15 23:20:09,177:INFO:As a list it looks like this ['T', '4', 's', 't', '!', 'n', 'g']
2018-12-15 23:20:09,178:INFO:The letters in this password are: ['T', 's', 't', 'n', 'g']
2018-12-15 23:20:09,178:INFO:The 'T' was the 1st character
2018-12-15 23:20:09,178:INFO:The 's' was the 3rd character
2018-12-15 23:20:09,178:INFO:The 't' was the 4th character
2018-12-15 23:20:09,178:INFO:The 'n' was the 6th character
2018-12-15 23:20:09,178:INFO:The 'g' was the 7th character
2018-12-15 23:20:09,178:INFO:

2018-12-15 23:20:09,179:INFO:The numbers in this password are: ['4']
2018-12-15 23:20:09,179:INFO:The '4' was the 2nd character
2018-12-15 23:20:09,179:INFO:

2018-12-15 23:20:09,179:INFO:The symbols in this password are: ['!']
2018-12-15 23:20:09,179:INFO:The '!' was the 5th character
2018-12-15 23:20:09,179:INFO:

2018-12-15 23:20:09,242:INFO:The length of 'T4st!ng' is 7
2018-12-15 23:20:09,243:INFO:As a list it looks like this ['T', '4', 's', 't', '!', 'n', 'g']
2018-12-15 23:20:09,243:INFO:The letters in this password are: ['T', 's', 't', 'n', 'g']
2018-12-15 23:20:09,243:INFO:The 'T' was the 1st character
2018-12-15 23:20:09,243:INFO:The 's' was the 3rd character
2018-12-15 23:20:09,243:INFO:The 't' was the 4th character
2018-12-15 23:20:09,243:INFO:The 'n' was the 6th character
2018-12-15 23:20:09,244:INFO:The 'g' was the 7th character
2018-12-15 23:20:09,244:INFO:

2018-12-15 23:20:09,244:INFO:The numbers in this password are: ['4']
2018-12-15 23:20:09,244:INFO:The '4' was the 2nd character
2018-12-15 23:20:09,244:INFO:

2018-12-15 23:20:09,244:INFO:The symbols in this password are: ['!']
2018-12-15 23:20:09,245:INFO:The '!' was the 5th character
2018-12-15 23:20:09,245:INFO:

2018-12-15 23:20:09,304:INFO:The length of 'T4st!ng' is 7
2018-12-15 23:20:09,304:INFO:As a list it looks like this ['T', '4', 's', 't', '!', 'n', 'g']
2018-12-15 23:20:09,304:INFO:The letters in this password are: ['T', 's', 't', 'n', 'g']
2018-12-15 23:20:09,305:INFO:The 'T' was the 1st character
2018-12-15 23:20:09,305:INFO:The 's' was the 3rd character
2018-12-15 23:20:09,305:INFO:The 't' was the 4th character
2018-12-15 23:20:09,305:INFO:The 'n' was the 6th character
2018-12-15 23:20:09,305:INFO:The 'g' was the 7th character
2018-12-15 23:20:09,305:INFO:

2018-12-15 23:20:09,305:INFO:The numbers in this password are: ['4']
2018-12-15 23:20:09,305:INFO:The '4' was the 2nd character
2018-12-15 23:20:09,306:INFO:

2018-12-15 23:20:09,306:INFO:The symbols in this password are: ['!']
2018-12-15 23:20:09,306:INFO:The '!' was the 5th character
2018-12-15 23:20:09,306:INFO:

2018-12-15 23:20:09,364:INFO:The length of 'T4st!ng' is 7
2018-12-15 23:20:09,364:INFO:As a list it looks like this ['T', '4', 's', 't', '!', 'n', 'g']
2018-12-15 23:20:09,365:INFO:The letters in this password are: ['T', 's', 't', 'n', 'g']
2018-12-15 23:20:09,365:INFO:The 'T' was the 1st character
2018-12-15 23:20:09,365:INFO:The 's' was the 3rd character
2018-12-15 23:20:09,365:INFO:The 't' was the 4th character
2018-12-15 23:20:09,365:INFO:The 'n' was the 6th character
2018-12-15 23:20:09,365:INFO:The 'g' was the 7th character
2018-12-15 23:20:09,365:INFO:

2018-12-15 23:20:09,366:INFO:The numbers in this password are: ['4']
2018-12-15 23:20:09,366:INFO:The '4' was the 2nd character
2018-12-15 23:20:09,366:INFO:

2018-12-15 23:20:09,366:INFO:The symbols in this password are: ['!']
2018-12-15 23:20:09,366:INFO:The '!' was the 5th character
2018-12-15 23:20:09,367:INFO:

2018-12-15 23:20:09,425:INFO:The length of 'T4st!ng' is 7
2018-12-15 23:20:09,426:INFO:As a list it looks like this ['T', '4', 's', 't', '!', 'n', 'g']
2018-12-15 23:20:09,426:INFO:The letters in this password are: ['T', 's', 't', 'n', 'g']
2018-12-15 23:20:09,426:INFO:The 'T' was the 1st character
2018-12-15 23:20:09,426:INFO:The 's' was the 3rd character
2018-12-15 23:20:09,427:INFO:The 't' was the 4th character
2018-12-15 23:20:09,427:INFO:The 'n' was the 6th character
2018-12-15 23:20:09,427:INFO:The 'g' was the 7th character
2018-12-15 23:20:09,427:INFO:

2018-12-15 23:20:09,427:INFO:The numbers in this password are: ['4']
2018-12-15 23:20:09,427:INFO:The '4' was the 2nd character
2018-12-15 23:20:09,427:INFO:

2018-12-15 23:20:09,428:INFO:The symbols in this password are: ['!']
2018-12-15 23:20:09,428:INFO:The '!' was the 5th character
2018-12-15 23:20:09,428:INFO:

2018-12-15 23:20:09,486:INFO:The length of 'T4st!ng' is 7
2018-12-15 23:20:09,487:INFO:As a list it looks like this ['T', '4', 's', 't', '!', 'n', 'g']
2018-12-15 23:20:09,487:INFO:The letters in this password are: ['T', 's', 't', 'n', 'g']
2018-12-15 23:20:09,487:INFO:The 'T' was the 1st character
2018-12-15 23:20:09,488:INFO:The 's' was the 3rd character
2018-12-15 23:20:09,488:INFO:The 't' was the 4th character
2018-12-15 23:20:09,488:INFO:The 'n' was the 6th character
2018-12-15 23:20:09,488:INFO:The 'g' was the 7th character
2018-12-15 23:20:09,489:INFO:

2018-12-15 23:20:09,489:INFO:The numbers in this password are: ['4']
2018-12-15 23:20:09,489:INFO:The '4' was the 2nd character
2018-12-15 23:20:09,489:INFO:

2018-12-15 23:20:09,490:INFO:The symbols in this password are: ['!']
2018-12-15 23:20:09,490:INFO:The '!' was the 5th character
2018-12-15 23:20:09,490:INFO:

2018-12-15 23:20:09,555:INFO:The length of 'T4st!ng' is 7
2018-12-15 23:20:09,556:INFO:As a list it looks like this ['T', '4', 's', 't', '!', 'n', 'g']
2018-12-15 23:20:09,556:INFO:The letters in this password are: ['T', 's', 't', 'n', 'g']
2018-12-15 23:20:09,556:INFO:The 'T' was the 1st character
2018-12-15 23:20:09,557:INFO:The 's' was the 3rd character
2018-12-15 23:20:09,557:INFO:The 't' was the 4th character
2018-12-15 23:20:09,557:INFO:The 'n' was the 6th character
2018-12-15 23:20:09,557:INFO:The 'g' was the 7th character
2018-12-15 23:20:09,557:INFO:

2018-12-15 23:20:09,558:INFO:The numbers in this password are: ['4']
2018-12-15 23:20:09,558:INFO:The '4' was the 2nd character
2018-12-15 23:20:09,558:INFO:

2018-12-15 23:20:09,558:INFO:The symbols in this password are: ['!']
2018-12-15 23:20:09,559:INFO:The '!' was the 5th character
2018-12-15 23:20:09,559:INFO:

2018-12-15 23:20:09,618:INFO:The length of 'T4st!ng' is 7
2018-12-15 23:20:09,618:INFO:As a list it looks like this ['T', '4', 's', 't', '!', 'n', 'g']
2018-12-15 23:20:09,618:INFO:The letters in this password are: ['T', 's', 't', 'n', 'g']
2018-12-15 23:20:09,619:INFO:The 'T' was the 1st character
2018-12-15 23:20:09,619:INFO:The 's' was the 3rd character
2018-12-15 23:20:09,619:INFO:The 't' was the 4th character
2018-12-15 23:20:09,619:INFO:The 'n' was the 6th character
2018-12-15 23:20:09,619:INFO:The 'g' was the 7th character
2018-12-15 23:20:09,619:INFO:

2018-12-15 23:20:09,620:INFO:The numbers in this password are: ['4']
2018-12-15 23:20:09,620:INFO:The '4' was the 2nd character
2018-12-15 23:20:09,620:INFO:

2018-12-15 23:20:09,620:INFO:The symbols in this password are: ['!']
2018-12-15 23:20:09,620:INFO:The '!' was the 5th character
2018-12-15 23:20:09,621:INFO:

2018-12-15 23:20:09,680:INFO:The length of 'T4st!ng' is 7
2018-12-15 23:20:09,680:INFO:As a list it looks like this ['T', '4', 's', 't', '!', 'n', 'g']
2018-12-15 23:20:09,680:INFO:The letters in this password are: ['T', 's', 't', 'n', 'g']
2018-12-15 23:20:09,681:INFO:The 'T' was the 1st character
2018-12-15 23:20:09,681:INFO:The 's' was the 3rd character
2018-12-15 23:20:09,681:INFO:The 't' was the 4th character
2018-12-15 23:20:09,681:INFO:The 'n' was the 6th character
2018-12-15 23:20:09,681:INFO:The 'g' was the 7th character
2018-12-15 23:20:09,681:INFO:

2018-12-15 23:20:09,681:INFO:The numbers in this password are: ['4']
2018-12-15 23:20:09,681:INFO:The '4' was the 2nd character
2018-12-15 23:20:09,682:INFO:

2018-12-15 23:20:09,682:INFO:The symbols in this password are: ['!']
2018-12-15 23:20:09,682:INFO:The '!' was the 5th character
2018-12-15 23:20:09,682:INFO:

2018-12-15 23:20:09,743:INFO:The length of 'T4st!ng' is 7
2018-12-15 23:20:09,743:INFO:As a list it looks like this ['T', '4', 's', 't', '!', 'n', 'g']
2018-12-15 23:20:09,743:INFO:The letters in this password are: ['T', 's', 't', 'n', 'g']
2018-12-15 23:20:09,743:INFO:The 'T' was the 1st character
2018-12-15 23:20:09,744:INFO:The 's' was the 3rd character
2018-12-15 23:20:09,744:INFO:The 't' was the 4th character
2018-12-15 23:20:09,744:INFO:The 'n' was the 6th character
2018-12-15 23:20:09,744:INFO:The 'g' was the 7th character
2018-12-15 23:20:09,744:INFO:

2018-12-15 23:20:09,744:INFO:The numbers in this password are: ['4']
2018-12-15 23:20:09,744:INFO:The '4' was the 2nd character
2018-12-15 23:20:09,745:INFO:

2018-12-15 23:20:09,745:INFO:The symbols in this password are: ['!']
2018-12-15 23:20:09,745:INFO:The '!' was the 5th character
2018-12-15 23:20:09,745:INFO:

2018-12-15 23:20:09,805:INFO:The length of 'T4st!ng' is 7
2018-12-15 23:20:09,806:INFO:As a list it looks like this ['T', '4', 's', 't', '!', 'n', 'g']
2018-12-15 23:20:09,806:INFO:The letters in this password are: ['T', 's', 't', 'n', 'g']
2018-12-15 23:20:09,806:INFO:The 'T' was the 1st character
2018-12-15 23:20:09,806:INFO:The 's' was the 3rd character
2018-12-15 23:20:09,806:INFO:The 't' was the 4th character
2018-12-15 23:20:09,807:INFO:The 'n' was the 6th character
2018-12-15 23:20:09,807:INFO:The 'g' was the 7th character
2018-12-15 23:20:09,807:INFO:

2018-12-15 23:20:09,807:INFO:The numbers in this password are: ['4']
2018-12-15 23:20:09,807:INFO:The '4' was the 2nd character
2018-12-15 23:20:09,807:INFO:

2018-12-15 23:20:09,807:INFO:The symbols in this password are: ['!']
2018-12-15 23:20:09,808:INFO:The '!' was the 5th character
2018-12-15 23:20:09,808:INFO:

2018-12-15 23:20:09,866:INFO:The length of 'T4st!ng' is 7
2018-12-15 23:20:09,866:INFO:As a list it looks like this ['T', '4', 's', 't', '!', 'n', 'g']
2018-12-15 23:20:09,866:INFO:The letters in this password are: ['T', 's', 't', 'n', 'g']
2018-12-15 23:20:09,867:INFO:The 'T' was the 1st character
2018-12-15 23:20:09,867:INFO:The 's' was the 3rd character
2018-12-15 23:20:09,867:INFO:The 't' was the 4th character
2018-12-15 23:20:09,867:INFO:The 'n' was the 6th character
2018-12-15 23:20:09,867:INFO:The 'g' was the 7th character
2018-12-15 23:20:09,867:INFO:

2018-12-15 23:20:09,867:INFO:The numbers in this password are: ['4']
2018-12-15 23:20:09,867:INFO:The '4' was the 2nd character
2018-12-15 23:20:09,868:INFO:

2018-12-15 23:20:09,868:INFO:The symbols in this password are: ['!']
2018-12-15 23:20:09,868:INFO:The '!' was the 5th character
2018-12-15 23:20:09,868:INFO:

2018-12-15 23:20:09,928:INFO:The length of 'T4st!ng' is 7
2018-12-15 23:20:09,928:INFO:As a list it looks like this ['T', '4', 's', 't', '!', 'n', 'g']
2018-12-15 23:20:09,929:INFO:The letters in this password are: ['T', 's', 't', 'n', 'g']
2018-12-15 23:20:09,929:INFO:The 'T' was the 1st character
2018-12-15 23:20:09,929:INFO:The 's' was the 3rd character
2018-12-15 23:20:09,929:INFO:The 't' was the 4th character
2018-12-15 23:20:09,929:INFO:The 'n' was the 6th character
2018-12-15 23:20:09,930:INFO:The 'g' was the 7th character
2018-12-15 23:20:09,930:INFO:

2018-12-15 23:20:09,930:INFO:The numbers in this password are: ['4']
2018-12-15 23:20:09,930:INFO:The '4' was the 2nd character
2018-12-15 23:20:09,930:INFO:

2018-12-15 23:20:09,931:INFO:The symbols in this password are: ['!']
2018-12-15 23:20:09,931:INFO:The '!' was the 5th character
2018-12-15 23:20:09,931:INFO:

2018-12-15 23:20:09,993:INFO:The length of 'T4st!ng' is 7
2018-12-15 23:20:09,994:INFO:As a list it looks like this ['T', '4', 's', 't', '!', 'n', 'g']
2018-12-15 23:20:09,994:INFO:The letters in this password are: ['T', 's', 't', 'n', 'g']
2018-12-15 23:20:09,994:INFO:The 'T' was the 1st character
2018-12-15 23:20:09,995:INFO:The 's' was the 3rd character
2018-12-15 23:20:09,995:INFO:The 't' was the 4th character
2018-12-15 23:20:09,995:INFO:The 'n' was the 6th character
2018-12-15 23:20:09,995:INFO:The 'g' was the 7th character
2018-12-15 23:20:09,995:INFO:

2018-12-15 23:20:09,996:INFO:The numbers in this password are: ['4']
2018-12-15 23:20:09,996:INFO:The '4' was the 2nd character
2018-12-15 23:20:09,996:INFO:

2018-12-15 23:20:09,996:INFO:The symbols in this password are: ['!']
2018-12-15 23:20:09,996:INFO:The '!' was the 5th character
2018-12-15 23:20:09,996:INFO:

2018-12-15 23:20:10,060:INFO:The length of 'T4st!ng' is 7
2018-12-15 23:20:10,060:INFO:As a list it looks like this ['T', '4', 's', 't', '!', 'n', 'g']
2018-12-15 23:20:10,060:INFO:The letters in this password are: ['T', 's', 't', 'n', 'g']
2018-12-15 23:20:10,061:INFO:The 'T' was the 1st character
2018-12-15 23:20:10,061:INFO:The 's' was the 3rd character
2018-12-15 23:20:10,061:INFO:The 't' was the 4th character
2018-12-15 23:20:10,061:INFO:The 'n' was the 6th character
2018-12-15 23:20:10,061:INFO:The 'g' was the 7th character
2018-12-15 23:20:10,061:INFO:

2018-12-15 23:20:10,062:INFO:The numbers in this password are: ['4']
2018-12-15 23:20:10,062:INFO:The '4' was the 2nd character
2018-12-15 23:20:10,062:INFO:

2018-12-15 23:20:10,062:INFO:The symbols in this password are: ['!']
2018-12-15 23:20:10,062:INFO:The '!' was the 5th character
2018-12-15 23:20:10,062:INFO:

2018-12-15 23:20:10,119:INFO:The length of 'T4st!ng' is 7
2018-12-15 23:20:10,119:INFO:As a list it looks like this ['T', '4', 's', 't', '!', 'n', 'g']
2018-12-15 23:20:10,119:INFO:The letters in this password are: ['T', 's', 't', 'n', 'g']
2018-12-15 23:20:10,120:INFO:The 'T' was the 1st character
2018-12-15 23:20:10,120:INFO:The 's' was the 3rd character
2018-12-15 23:20:10,120:INFO:The 't' was the 4th character
2018-12-15 23:20:10,120:INFO:The 'n' was the 6th character
2018-12-15 23:20:10,120:INFO:The 'g' was the 7th character
2018-12-15 23:20:10,120:INFO:

2018-12-15 23:20:10,121:INFO:The numbers in this password are: ['4']
2018-12-15 23:20:10,121:INFO:The '4' was the 2nd character
2018-12-15 23:20:10,121:INFO:

2018-12-15 23:20:10,121:INFO:The symbols in this password are: ['!']
2018-12-15 23:20:10,122:INFO:The '!' was the 5th character
2018-12-15 23:20:10,122:INFO:

2018-12-15 23:20:10,180:INFO:The length of 'T4st!ng' is 7
2018-12-15 23:20:10,180:INFO:As a list it looks like this ['T', '4', 's', 't', '!', 'n', 'g']
2018-12-15 23:20:10,180:INFO:The letters in this password are: ['T', 's', 't', 'n', 'g']
2018-12-15 23:20:10,181:INFO:The 'T' was the 1st character
2018-12-15 23:20:10,181:INFO:The 's' was the 3rd character
2018-12-15 23:20:10,181:INFO:The 't' was the 4th character
2018-12-15 23:20:10,181:INFO:The 'n' was the 6th character
2018-12-15 23:20:10,181:INFO:The 'g' was the 7th character
2018-12-15 23:20:10,182:INFO:

2018-12-15 23:20:10,182:INFO:The numbers in this password are: ['4']
2018-12-15 23:20:10,182:INFO:The '4' was the 2nd character
2018-12-15 23:20:10,182:INFO:

2018-12-15 23:20:10,183:INFO:The symbols in this password are: ['!']
2018-12-15 23:20:10,183:INFO:The '!' was the 5th character
2018-12-15 23:20:10,183:INFO:

2018-12-15 23:20:10,242:INFO:The length of 'T4st!ng' is 7
2018-12-15 23:20:10,243:INFO:As a list it looks like this ['T', '4', 's', 't', '!', 'n', 'g']
2018-12-15 23:20:10,243:INFO:The letters in this password are: ['T', 's', 't', 'n', 'g']
2018-12-15 23:20:10,243:INFO:The 'T' was the 1st character
2018-12-15 23:20:10,243:INFO:The 's' was the 3rd character
2018-12-15 23:20:10,244:INFO:The 't' was the 4th character
2018-12-15 23:20:10,244:INFO:The 'n' was the 6th character
2018-12-15 23:20:10,244:INFO:The 'g' was the 7th character
2018-12-15 23:20:10,244:INFO:

2018-12-15 23:20:10,244:INFO:The numbers in this password are: ['4']
2018-12-15 23:20:10,244:INFO:The '4' was the 2nd character
2018-12-15 23:20:10,244:INFO:

2018-12-15 23:20:10,244:INFO:The symbols in this password are: ['!']
2018-12-15 23:20:10,245:INFO:The '!' was the 5th character
2018-12-15 23:20:10,245:INFO:

2018-12-15 23:20:10,302:INFO:The length of 'T4st!ng' is 7
2018-12-15 23:20:10,302:INFO:As a list it looks like this ['T', '4', 's', 't', '!', 'n', 'g']
2018-12-15 23:20:10,303:INFO:The letters in this password are: ['T', 's', 't', 'n', 'g']
2018-12-15 23:20:10,303:INFO:The 'T' was the 1st character
2018-12-15 23:20:10,303:INFO:The 's' was the 3rd character
2018-12-15 23:20:10,303:INFO:The 't' was the 4th character
2018-12-15 23:20:10,303:INFO:The 'n' was the 6th character
2018-12-15 23:20:10,304:INFO:The 'g' was the 7th character
2018-12-15 23:20:10,304:INFO:

2018-12-15 23:20:10,304:INFO:The numbers in this password are: ['4']
2018-12-15 23:20:10,304:INFO:The '4' was the 2nd character
2018-12-15 23:20:10,304:INFO:

2018-12-15 23:20:10,305:INFO:The symbols in this password are: ['!']
2018-12-15 23:20:10,305:INFO:The '!' was the 5th character
2018-12-15 23:20:10,305:INFO:

2018-12-15 23:20:10,362:INFO:The length of 'T4st!ng' is 7
2018-12-15 23:20:10,363:INFO:As a list it looks like this ['T', '4', 's', 't', '!', 'n', 'g']
2018-12-15 23:20:10,363:INFO:The letters in this password are: ['T', 's', 't', 'n', 'g']
2018-12-15 23:20:10,363:INFO:The 'T' was the 1st character
2018-12-15 23:20:10,364:INFO:The 's' was the 3rd character
2018-12-15 23:20:10,364:INFO:The 't' was the 4th character
2018-12-15 23:20:10,364:INFO:The 'n' was the 6th character
2018-12-15 23:20:10,364:INFO:The 'g' was the 7th character
2018-12-15 23:20:10,364:INFO:

2018-12-15 23:20:10,364:INFO:The numbers in this password are: ['4']
2018-12-15 23:20:10,364:INFO:The '4' was the 2nd character
2018-12-15 23:20:10,364:INFO:

2018-12-15 23:20:10,365:INFO:The symbols in this password are: ['!']
2018-12-15 23:20:10,365:INFO:The '!' was the 5th character
2018-12-15 23:20:10,365:INFO:

2018-12-15 23:20:10,421:INFO:The length of 'T4st!ng' is 7
2018-12-15 23:20:10,422:INFO:As a list it looks like this ['T', '4', 's', 't', '!', 'n', 'g']
2018-12-15 23:20:10,422:INFO:The letters in this password are: ['T', 's', 't', 'n', 'g']
2018-12-15 23:20:10,422:INFO:The 'T' was the 1st character
2018-12-15 23:20:10,422:INFO:The 's' was the 3rd character
2018-12-15 23:20:10,423:INFO:The 't' was the 4th character
2018-12-15 23:20:10,423:INFO:The 'n' was the 6th character
2018-12-15 23:20:10,423:INFO:The 'g' was the 7th character
2018-12-15 23:20:10,423:INFO:

2018-12-15 23:20:10,424:INFO:The numbers in this password are: ['4']
2018-12-15 23:20:10,424:INFO:The '4' was the 2nd character
2018-12-15 23:20:10,424:INFO:

2018-12-15 23:20:10,425:INFO:The symbols in this password are: ['!']
2018-12-15 23:20:10,425:INFO:The '!' was the 5th character
2018-12-15 23:20:10,425:INFO:

2018-12-15 23:20:10,482:INFO:The length of 'T4st!ng' is 7
2018-12-15 23:20:10,482:INFO:As a list it looks like this ['T', '4', 's', 't', '!', 'n', 'g']
2018-12-15 23:20:10,482:INFO:The letters in this password are: ['T', 's', 't', 'n', 'g']
2018-12-15 23:20:10,482:INFO:The 'T' was the 1st character
2018-12-15 23:20:10,483:INFO:The 's' was the 3rd character
2018-12-15 23:20:10,483:INFO:The 't' was the 4th character
2018-12-15 23:20:10,483:INFO:The 'n' was the 6th character
2018-12-15 23:20:10,483:INFO:The 'g' was the 7th character
2018-12-15 23:20:10,483:INFO:

2018-12-15 23:20:10,483:INFO:The numbers in this password are: ['4']
2018-12-15 23:20:10,483:INFO:The '4' was the 2nd character
2018-12-15 23:20:10,484:INFO:

2018-12-15 23:20:10,484:INFO:The symbols in this password are: ['!']
2018-12-15 23:20:10,484:INFO:The '!' was the 5th character
2018-12-15 23:20:10,484:INFO:

2018-12-15 23:20:10,553:INFO:The length of 'T4st!ng' is 7
2018-12-15 23:20:10,553:INFO:As a list it looks like this ['T', '4', 's', 't', '!', 'n', 'g']
2018-12-15 23:20:10,553:INFO:The letters in this password are: ['T', 's', 't', 'n', 'g']
2018-12-15 23:20:10,554:INFO:The 'T' was the 1st character
2018-12-15 23:20:10,554:INFO:The 's' was the 3rd character
2018-12-15 23:20:10,554:INFO:The 't' was the 4th character
2018-12-15 23:20:10,554:INFO:The 'n' was the 6th character
2018-12-15 23:20:10,554:INFO:The 'g' was the 7th character
2018-12-15 23:20:10,554:INFO:

2018-12-15 23:20:10,555:INFO:The numbers in this password are: ['4']
2018-12-15 23:20:10,555:INFO:The '4' was the 2nd character
2018-12-15 23:20:10,555:INFO:

2018-12-15 23:20:10,555:INFO:The symbols in this password are: ['!']
2018-12-15 23:20:10,555:INFO:The '!' was the 5th character
2018-12-15 23:20:10,556:INFO:

2018-12-15 23:20:10,625:INFO:The length of 'T4st!ng' is 7
2018-12-15 23:20:10,625:INFO:As a list it looks like this ['T', '4', 's', 't', '!', 'n', 'g']
2018-12-15 23:20:10,626:INFO:The letters in this password are: ['T', 's', 't', 'n', 'g']
2018-12-15 23:20:10,626:INFO:The 'T' was the 1st character
2018-12-15 23:20:10,626:INFO:The 's' was the 3rd character
2018-12-15 23:20:10,626:INFO:The 't' was the 4th character
2018-12-15 23:20:10,626:INFO:The 'n' was the 6th character
2018-12-15 23:20:10,626:INFO:The 'g' was the 7th character
2018-12-15 23:20:10,627:INFO:

2018-12-15 23:20:10,627:INFO:The numbers in this password are: ['4']
2018-12-15 23:20:10,627:INFO:The '4' was the 2nd character
2018-12-15 23:20:10,627:INFO:

2018-12-15 23:20:10,627:INFO:The symbols in this password are: ['!']
2018-12-15 23:20:10,627:INFO:The '!' was the 5th character
2018-12-15 23:20:10,628:INFO:

2018-12-15 23:20:10,683:INFO:The length of 'T4st!ng' is 7
2018-12-15 23:20:10,683:INFO:As a list it looks like this ['T', '4', 's', 't', '!', 'n', 'g']
2018-12-15 23:20:10,683:INFO:The letters in this password are: ['T', 's', 't', 'n', 'g']
2018-12-15 23:20:10,684:INFO:The 'T' was the 1st character
2018-12-15 23:20:10,684:INFO:The 's' was the 3rd character
2018-12-15 23:20:10,684:INFO:The 't' was the 4th character
2018-12-15 23:20:10,684:INFO:The 'n' was the 6th character
2018-12-15 23:20:10,684:INFO:The 'g' was the 7th character
2018-12-15 23:20:10,684:INFO:

2018-12-15 23:20:10,685:INFO:The numbers in this password are: ['4']
2018-12-15 23:20:10,685:INFO:The '4' was the 2nd character
2018-12-15 23:20:10,685:INFO:

2018-12-15 23:20:10,685:INFO:The symbols in this password are: ['!']
2018-12-15 23:20:10,685:INFO:The '!' was the 5th character
2018-12-15 23:20:10,685:INFO:

2018-12-15 23:20:10,744:INFO:The length of 'T4st!ng' is 7
2018-12-15 23:20:10,744:INFO:As a list it looks like this ['T', '4', 's', 't', '!', 'n', 'g']
2018-12-15 23:20:10,744:INFO:The letters in this password are: ['T', 's', 't', 'n', 'g']
2018-12-15 23:20:10,744:INFO:The 'T' was the 1st character
2018-12-15 23:20:10,745:INFO:The 's' was the 3rd character
2018-12-15 23:20:10,745:INFO:The 't' was the 4th character
2018-12-15 23:20:10,745:INFO:The 'n' was the 6th character
2018-12-15 23:20:10,745:INFO:The 'g' was the 7th character
2018-12-15 23:20:10,745:INFO:

2018-12-15 23:20:10,746:INFO:The numbers in this password are: ['4']
2018-12-15 23:20:10,746:INFO:The '4' was the 2nd character
2018-12-15 23:20:10,746:INFO:

2018-12-15 23:20:10,746:INFO:The symbols in this password are: ['!']
2018-12-15 23:20:10,746:INFO:The '!' was the 5th character
2018-12-15 23:20:10,746:INFO:

2018-12-15 23:20:10,808:INFO:The length of 'T4st!ng' is 7
2018-12-15 23:20:10,809:INFO:As a list it looks like this ['T', '4', 's', 't', '!', 'n', 'g']
2018-12-15 23:20:10,809:INFO:The letters in this password are: ['T', 's', 't', 'n', 'g']
2018-12-15 23:20:10,809:INFO:The 'T' was the 1st character
2018-12-15 23:20:10,809:INFO:The 's' was the 3rd character
2018-12-15 23:20:10,810:INFO:The 't' was the 4th character
2018-12-15 23:20:10,810:INFO:The 'n' was the 6th character
2018-12-15 23:20:10,810:INFO:The 'g' was the 7th character
2018-12-15 23:20:10,810:INFO:

2018-12-15 23:20:10,810:INFO:The numbers in this password are: ['4']
2018-12-15 23:20:10,811:INFO:The '4' was the 2nd character
2018-12-15 23:20:10,811:INFO:

2018-12-15 23:20:10,811:INFO:The symbols in this password are: ['!']
2018-12-15 23:20:10,811:INFO:The '!' was the 5th character
2018-12-15 23:20:10,811:INFO:

2018-12-15 23:20:10,870:INFO:The length of 'T4st!ng' is 7
2018-12-15 23:20:10,871:INFO:As a list it looks like this ['T', '4', 's', 't', '!', 'n', 'g']
2018-12-15 23:20:10,871:INFO:The letters in this password are: ['T', 's', 't', 'n', 'g']
2018-12-15 23:20:10,871:INFO:The 'T' was the 1st character
2018-12-15 23:20:10,871:INFO:The 's' was the 3rd character
2018-12-15 23:20:10,871:INFO:The 't' was the 4th character
2018-12-15 23:20:10,872:INFO:The 'n' was the 6th character
2018-12-15 23:20:10,872:INFO:The 'g' was the 7th character
2018-12-15 23:20:10,872:INFO:

2018-12-15 23:20:10,872:INFO:The numbers in this password are: ['4']
2018-12-15 23:20:10,872:INFO:The '4' was the 2nd character
2018-12-15 23:20:10,873:INFO:

2018-12-15 23:20:10,873:INFO:The symbols in this password are: ['!']
2018-12-15 23:20:10,873:INFO:The '!' was the 5th character
2018-12-15 23:20:10,873:INFO:

2018-12-15 23:20:10,932:INFO:The length of 'T4st!ng' is 7
2018-12-15 23:20:10,933:INFO:As a list it looks like this ['T', '4', 's', 't', '!', 'n', 'g']
2018-12-15 23:20:10,933:INFO:The letters in this password are: ['T', 's', 't', 'n', 'g']
2018-12-15 23:20:10,933:INFO:The 'T' was the 1st character
2018-12-15 23:20:10,934:INFO:The 's' was the 3rd character
2018-12-15 23:20:10,934:INFO:The 't' was the 4th character
2018-12-15 23:20:10,934:INFO:The 'n' was the 6th character
2018-12-15 23:20:10,934:INFO:The 'g' was the 7th character
2018-12-15 23:20:10,934:INFO:

2018-12-15 23:20:10,934:INFO:The numbers in this password are: ['4']
2018-12-15 23:20:10,934:INFO:The '4' was the 2nd character
2018-12-15 23:20:10,935:INFO:

2018-12-15 23:20:10,935:INFO:The symbols in this password are: ['!']
2018-12-15 23:20:10,935:INFO:The '!' was the 5th character
2018-12-15 23:20:10,935:INFO:

2018-12-15 23:20:10,993:INFO:The length of 'T4st!ng' is 7
2018-12-15 23:20:10,993:INFO:As a list it looks like this ['T', '4', 's', 't', '!', 'n', 'g']
2018-12-15 23:20:10,994:INFO:The letters in this password are: ['T', 's', 't', 'n', 'g']
2018-12-15 23:20:10,994:INFO:The 'T' was the 1st character
2018-12-15 23:20:10,994:INFO:The 's' was the 3rd character
2018-12-15 23:20:10,995:INFO:The 't' was the 4th character
2018-12-15 23:20:10,995:INFO:The 'n' was the 6th character
2018-12-15 23:20:10,995:INFO:The 'g' was the 7th character
2018-12-15 23:20:10,995:INFO:

2018-12-15 23:20:10,996:INFO:The numbers in this password are: ['4']
2018-12-15 23:20:10,996:INFO:The '4' was the 2nd character
2018-12-15 23:20:10,996:INFO:

2018-12-15 23:20:10,996:INFO:The symbols in this password are: ['!']
2018-12-15 23:20:10,997:INFO:The '!' was the 5th character
2018-12-15 23:20:10,997:INFO:

2018-12-15 23:20:11,054:INFO:The length of 'T4st!ng' is 7
2018-12-15 23:20:11,054:INFO:As a list it looks like this ['T', '4', 's', 't', '!', 'n', 'g']
2018-12-15 23:20:11,054:INFO:The letters in this password are: ['T', 's', 't', 'n', 'g']
2018-12-15 23:20:11,055:INFO:The 'T' was the 1st character
2018-12-15 23:20:11,055:INFO:The 's' was the 3rd character
2018-12-15 23:20:11,055:INFO:The 't' was the 4th character
2018-12-15 23:20:11,055:INFO:The 'n' was the 6th character
2018-12-15 23:20:11,055:INFO:The 'g' was the 7th character
2018-12-15 23:20:11,055:INFO:

2018-12-15 23:20:11,055:INFO:The numbers in this password are: ['4']
2018-12-15 23:20:11,055:INFO:The '4' was the 2nd character
2018-12-15 23:20:11,056:INFO:

2018-12-15 23:20:11,056:INFO:The symbols in this password are: ['!']
2018-12-15 23:20:11,056:INFO:The '!' was the 5th character
2018-12-15 23:20:11,056:INFO:

2018-12-15 23:20:11,116:INFO:The length of 'T4st!ng' is 7
2018-12-15 23:20:11,117:INFO:As a list it looks like this ['T', '4', 's', 't', '!', 'n', 'g']
2018-12-15 23:20:11,117:INFO:The letters in this password are: ['T', 's', 't', 'n', 'g']
2018-12-15 23:20:11,117:INFO:The 'T' was the 1st character
2018-12-15 23:20:11,118:INFO:The 's' was the 3rd character
2018-12-15 23:20:11,118:INFO:The 't' was the 4th character
2018-12-15 23:20:11,118:INFO:The 'n' was the 6th character
2018-12-15 23:20:11,118:INFO:The 'g' was the 7th character
2018-12-15 23:20:11,118:INFO:

2018-12-15 23:20:11,118:INFO:The numbers in this password are: ['4']
2018-12-15 23:20:11,118:INFO:The '4' was the 2nd character
2018-12-15 23:20:11,119:INFO:

2018-12-15 23:20:11,119:INFO:The symbols in this password are: ['!']
2018-12-15 23:20:11,119:INFO:The '!' was the 5th character
2018-12-15 23:20:11,119:INFO:

2018-12-15 23:20:11,176:INFO:The length of 'T4st!ng' is 7
2018-12-15 23:20:11,177:INFO:As a list it looks like this ['T', '4', 's', 't', '!', 'n', 'g']
2018-12-15 23:20:11,177:INFO:The letters in this password are: ['T', 's', 't', 'n', 'g']
2018-12-15 23:20:11,177:INFO:The 'T' was the 1st character
2018-12-15 23:20:11,177:INFO:The 's' was the 3rd character
2018-12-15 23:20:11,177:INFO:The 't' was the 4th character
2018-12-15 23:20:11,177:INFO:The 'n' was the 6th character
2018-12-15 23:20:11,178:INFO:The 'g' was the 7th character
2018-12-15 23:20:11,178:INFO:

2018-12-15 23:20:11,178:INFO:The numbers in this password are: ['4']
2018-12-15 23:20:11,178:INFO:The '4' was the 2nd character
2018-12-15 23:20:11,178:INFO:

2018-12-15 23:20:11,178:INFO:The symbols in this password are: ['!']
2018-12-15 23:20:11,179:INFO:The '!' was the 5th character
2018-12-15 23:20:11,179:INFO:

2018-12-15 23:20:11,238:INFO:The length of 'T4st!ng' is 7
2018-12-15 23:20:11,239:INFO:As a list it looks like this ['T', '4', 's', 't', '!', 'n', 'g']
2018-12-15 23:20:11,240:INFO:The letters in this password are: ['T', 's', 't', 'n', 'g']
2018-12-15 23:20:11,240:INFO:The 'T' was the 1st character
2018-12-15 23:20:11,240:INFO:The 's' was the 3rd character
2018-12-15 23:20:11,240:INFO:The 't' was the 4th character
2018-12-15 23:20:11,240:INFO:The 'n' was the 6th character
2018-12-15 23:20:11,241:INFO:The 'g' was the 7th character
2018-12-15 23:20:11,241:INFO:

2018-12-15 23:20:11,241:INFO:The numbers in this password are: ['4']
2018-12-15 23:20:11,241:INFO:The '4' was the 2nd character
2018-12-15 23:20:11,241:INFO:

2018-12-15 23:20:11,242:INFO:The symbols in this password are: ['!']
2018-12-15 23:20:11,242:INFO:The '!' was the 5th character
2018-12-15 23:20:11,242:INFO:

2018-12-15 23:20:11,300:INFO:The length of 'T4st!ng' is 7
2018-12-15 23:20:11,301:INFO:As a list it looks like this ['T', '4', 's', 't', '!', 'n', 'g']
2018-12-15 23:20:11,301:INFO:The letters in this password are: ['T', 's', 't', 'n', 'g']
2018-12-15 23:20:11,301:INFO:The 'T' was the 1st character
2018-12-15 23:20:11,301:INFO:The 's' was the 3rd character
2018-12-15 23:20:11,302:INFO:The 't' was the 4th character
2018-12-15 23:20:11,302:INFO:The 'n' was the 6th character
2018-12-15 23:20:11,302:INFO:The 'g' was the 7th character
2018-12-15 23:20:11,302:INFO:

2018-12-15 23:20:11,302:INFO:The numbers in this password are: ['4']
2018-12-15 23:20:11,302:INFO:The '4' was the 2nd character
2018-12-15 23:20:11,303:INFO:

2018-12-15 23:20:11,303:INFO:The symbols in this password are: ['!']
2018-12-15 23:20:11,303:INFO:The '!' was the 5th character
2018-12-15 23:20:11,303:INFO:

2018-12-15 23:20:11,365:INFO:The length of 'T4st!ng' is 7
2018-12-15 23:20:11,366:INFO:As a list it looks like this ['T', '4', 's', 't', '!', 'n', 'g']
2018-12-15 23:20:11,366:INFO:The letters in this password are: ['T', 's', 't', 'n', 'g']
2018-12-15 23:20:11,366:INFO:The 'T' was the 1st character
2018-12-15 23:20:11,366:INFO:The 's' was the 3rd character
2018-12-15 23:20:11,366:INFO:The 't' was the 4th character
2018-12-15 23:20:11,366:INFO:The 'n' was the 6th character
2018-12-15 23:20:11,367:INFO:The 'g' was the 7th character
2018-12-15 23:20:11,367:INFO:

2018-12-15 23:20:11,367:INFO:The numbers in this password are: ['4']
2018-12-15 23:20:11,367:INFO:The '4' was the 2nd character
2018-12-15 23:20:11,367:INFO:

2018-12-15 23:20:11,368:INFO:The symbols in this password are: ['!']
2018-12-15 23:20:11,368:INFO:The '!' was the 5th character
2018-12-15 23:20:11,368:INFO:

2018-12-15 23:20:11,431:INFO:The length of 'T4st!ng' is 7
2018-12-15 23:20:11,432:INFO:As a list it looks like this ['T', '4', 's', 't', '!', 'n', 'g']
2018-12-15 23:20:11,432:INFO:The letters in this password are: ['T', 's', 't', 'n', 'g']
2018-12-15 23:20:11,432:INFO:The 'T' was the 1st character
2018-12-15 23:20:11,432:INFO:The 's' was the 3rd character
2018-12-15 23:20:11,433:INFO:The 't' was the 4th character
2018-12-15 23:20:11,433:INFO:The 'n' was the 6th character
2018-12-15 23:20:11,433:INFO:The 'g' was the 7th character
2018-12-15 23:20:11,433:INFO:

2018-12-15 23:20:11,434:INFO:The numbers in this password are: ['4']
2018-12-15 23:20:11,434:INFO:The '4' was the 2nd character
2018-12-15 23:20:11,434:INFO:

2018-12-15 23:20:11,434:INFO:The symbols in this password are: ['!']
2018-12-15 23:20:11,434:INFO:The '!' was the 5th character
2018-12-15 23:20:11,435:INFO:

2018-12-15 23:20:11,495:INFO:The length of 'T4st!ng' is 7
2018-12-15 23:20:11,496:INFO:As a list it looks like this ['T', '4', 's', 't', '!', 'n', 'g']
2018-12-15 23:20:11,497:INFO:The letters in this password are: ['T', 's', 't', 'n', 'g']
2018-12-15 23:20:11,497:INFO:The 'T' was the 1st character
2018-12-15 23:20:11,497:INFO:The 's' was the 3rd character
2018-12-15 23:20:11,498:INFO:The 't' was the 4th character
2018-12-15 23:20:11,498:INFO:The 'n' was the 6th character
2018-12-15 23:20:11,498:INFO:The 'g' was the 7th character
2018-12-15 23:20:11,498:INFO:

2018-12-15 23:20:11,498:INFO:The numbers in this password are: ['4']
2018-12-15 23:20:11,499:INFO:The '4' was the 2nd character
2018-12-15 23:20:11,499:INFO:

2018-12-15 23:20:11,499:INFO:The symbols in this password are: ['!']
2018-12-15 23:20:11,499:INFO:The '!' was the 5th character
2018-12-15 23:20:11,500:INFO:

2018-12-15 23:20:11,569:INFO:The length of 'T4st!ng' is 7
2018-12-15 23:20:11,570:INFO:As a list it looks like this ['T', '4', 's', 't', '!', 'n', 'g']
2018-12-15 23:20:11,570:INFO:The letters in this password are: ['T', 's', 't', 'n', 'g']
2018-12-15 23:20:11,570:INFO:The 'T' was the 1st character
2018-12-15 23:20:11,571:INFO:The 's' was the 3rd character
2018-12-15 23:20:11,571:INFO:The 't' was the 4th character
2018-12-15 23:20:11,571:INFO:The 'n' was the 6th character
2018-12-15 23:20:11,571:INFO:The 'g' was the 7th character
2018-12-15 23:20:11,571:INFO:

2018-12-15 23:20:11,572:INFO:The numbers in this password are: ['4']
2018-12-15 23:20:11,572:INFO:The '4' was the 2nd character
2018-12-15 23:20:11,572:INFO:

2018-12-15 23:20:11,573:INFO:The symbols in this password are: ['!']
2018-12-15 23:20:11,573:INFO:The '!' was the 5th character
2018-12-15 23:20:11,573:INFO:

2018-12-15 23:20:11,639:INFO:The length of 'T4st!ng' is 7
2018-12-15 23:20:11,640:INFO:As a list it looks like this ['T', '4', 's', 't', '!', 'n', 'g']
2018-12-15 23:20:11,640:INFO:The letters in this password are: ['T', 's', 't', 'n', 'g']
2018-12-15 23:20:11,640:INFO:The 'T' was the 1st character
2018-12-15 23:20:11,640:INFO:The 's' was the 3rd character
2018-12-15 23:20:11,641:INFO:The 't' was the 4th character
2018-12-15 23:20:11,641:INFO:The 'n' was the 6th character
2018-12-15 23:20:11,641:INFO:The 'g' was the 7th character
2018-12-15 23:20:11,641:INFO:

2018-12-15 23:20:11,642:INFO:The numbers in this password are: ['4']
2018-12-15 23:20:11,642:INFO:The '4' was the 2nd character
2018-12-15 23:20:11,642:INFO:

2018-12-15 23:20:11,642:INFO:The symbols in this password are: ['!']
2018-12-15 23:20:11,642:INFO:The '!' was the 5th character
2018-12-15 23:20:11,643:INFO:

2018-12-15 23:20:11,703:INFO:The length of 'T4st!ng' is 7
2018-12-15 23:20:11,704:INFO:As a list it looks like this ['T', '4', 's', 't', '!', 'n', 'g']
2018-12-15 23:20:11,704:INFO:The letters in this password are: ['T', 's', 't', 'n', 'g']
2018-12-15 23:20:11,704:INFO:The 'T' was the 1st character
2018-12-15 23:20:11,705:INFO:The 's' was the 3rd character
2018-12-15 23:20:11,705:INFO:The 't' was the 4th character
2018-12-15 23:20:11,705:INFO:The 'n' was the 6th character
2018-12-15 23:20:11,705:INFO:The 'g' was the 7th character
2018-12-15 23:20:11,705:INFO:

2018-12-15 23:20:11,705:INFO:The numbers in this password are: ['4']
2018-12-15 23:20:11,705:INFO:The '4' was the 2nd character
2018-12-15 23:20:11,706:INFO:

2018-12-15 23:20:11,706:INFO:The symbols in this password are: ['!']
2018-12-15 23:20:11,706:INFO:The '!' was the 5th character
2018-12-15 23:20:11,706:INFO:

2018-12-15 23:20:11,763:INFO:The length of 'T4st!ng' is 7
2018-12-15 23:20:11,764:INFO:As a list it looks like this ['T', '4', 's', 't', '!', 'n', 'g']
2018-12-15 23:20:11,764:INFO:The letters in this password are: ['T', 's', 't', 'n', 'g']
2018-12-15 23:20:11,764:INFO:The 'T' was the 1st character
2018-12-15 23:20:11,765:INFO:The 's' was the 3rd character
2018-12-15 23:20:11,765:INFO:The 't' was the 4th character
2018-12-15 23:20:11,765:INFO:The 'n' was the 6th character
2018-12-15 23:20:11,765:INFO:The 'g' was the 7th character
2018-12-15 23:20:11,765:INFO:

2018-12-15 23:20:11,765:INFO:The numbers in this password are: ['4']
2018-12-15 23:20:11,765:INFO:The '4' was the 2nd character
2018-12-15 23:20:11,766:INFO:

2018-12-15 23:20:11,766:INFO:The symbols in this password are: ['!']
2018-12-15 23:20:11,766:INFO:The '!' was the 5th character
2018-12-15 23:20:11,766:INFO:

2018-12-15 23:20:11,822:INFO:The length of 'T4st!ng' is 7
2018-12-15 23:20:11,822:INFO:As a list it looks like this ['T', '4', 's', 't', '!', 'n', 'g']
2018-12-15 23:20:11,823:INFO:The letters in this password are: ['T', 's', 't', 'n', 'g']
2018-12-15 23:20:11,823:INFO:The 'T' was the 1st character
2018-12-15 23:20:11,823:INFO:The 's' was the 3rd character
2018-12-15 23:20:11,823:INFO:The 't' was the 4th character
2018-12-15 23:20:11,823:INFO:The 'n' was the 6th character
2018-12-15 23:20:11,823:INFO:The 'g' was the 7th character
2018-12-15 23:20:11,824:INFO:

2018-12-15 23:20:11,824:INFO:The numbers in this password are: ['4']
2018-12-15 23:20:11,824:INFO:The '4' was the 2nd character
2018-12-15 23:20:11,824:INFO:

2018-12-15 23:20:11,825:INFO:The symbols in this password are: ['!']
2018-12-15 23:20:11,825:INFO:The '!' was the 5th character
2018-12-15 23:20:11,825:INFO:

2018-12-15 23:20:11,881:INFO:The length of 'T4st!ng' is 7
2018-12-15 23:20:11,881:INFO:As a list it looks like this ['T', '4', 's', 't', '!', 'n', 'g']
2018-12-15 23:20:11,881:INFO:The letters in this password are: ['T', 's', 't', 'n', 'g']
2018-12-15 23:20:11,881:INFO:The 'T' was the 1st character
2018-12-15 23:20:11,882:INFO:The 's' was the 3rd character
2018-12-15 23:20:11,882:INFO:The 't' was the 4th character
2018-12-15 23:20:11,882:INFO:The 'n' was the 6th character
2018-12-15 23:20:11,882:INFO:The 'g' was the 7th character
2018-12-15 23:20:11,882:INFO:

2018-12-15 23:20:11,882:INFO:The numbers in this password are: ['4']
2018-12-15 23:20:11,882:INFO:The '4' was the 2nd character
2018-12-15 23:20:11,882:INFO:

2018-12-15 23:20:11,883:INFO:The symbols in this password are: ['!']
2018-12-15 23:20:11,883:INFO:The '!' was the 5th character
2018-12-15 23:20:11,883:INFO:

2018-12-15 23:20:11,941:INFO:The length of 'T4st!ng' is 7
2018-12-15 23:20:11,942:INFO:As a list it looks like this ['T', '4', 's', 't', '!', 'n', 'g']
2018-12-15 23:20:11,942:INFO:The letters in this password are: ['T', 's', 't', 'n', 'g']
2018-12-15 23:20:11,943:INFO:The 'T' was the 1st character
2018-12-15 23:20:11,943:INFO:The 's' was the 3rd character
2018-12-15 23:20:11,943:INFO:The 't' was the 4th character
2018-12-15 23:20:11,943:INFO:The 'n' was the 6th character
2018-12-15 23:20:11,943:INFO:The 'g' was the 7th character
2018-12-15 23:20:11,943:INFO:

2018-12-15 23:20:11,943:INFO:The numbers in this password are: ['4']
2018-12-15 23:20:11,944:INFO:The '4' was the 2nd character
2018-12-15 23:20:11,944:INFO:

2018-12-15 23:20:11,944:INFO:The symbols in this password are: ['!']
2018-12-15 23:20:11,944:INFO:The '!' was the 5th character
2018-12-15 23:20:11,944:INFO:

2018-12-15 23:20:12,004:INFO:The length of 'T4st!ng' is 7
2018-12-15 23:20:12,004:INFO:As a list it looks like this ['T', '4', 's', 't', '!', 'n', 'g']
2018-12-15 23:20:12,005:INFO:The letters in this password are: ['T', 's', 't', 'n', 'g']
2018-12-15 23:20:12,005:INFO:The 'T' was the 1st character
2018-12-15 23:20:12,005:INFO:The 's' was the 3rd character
2018-12-15 23:20:12,005:INFO:The 't' was the 4th character
2018-12-15 23:20:12,006:INFO:The 'n' was the 6th character
2018-12-15 23:20:12,006:INFO:The 'g' was the 7th character
2018-12-15 23:20:12,006:INFO:

2018-12-15 23:20:12,006:INFO:The numbers in this password are: ['4']
2018-12-15 23:20:12,006:INFO:The '4' was the 2nd character
2018-12-15 23:20:12,007:INFO:

2018-12-15 23:20:12,007:INFO:The symbols in this password are: ['!']
2018-12-15 23:20:12,007:INFO:The '!' was the 5th character
2018-12-15 23:20:12,007:INFO:

2018-12-15 23:20:12,067:INFO:The length of 'T4st!ng' is 7
2018-12-15 23:20:12,068:INFO:As a list it looks like this ['T', '4', 's', 't', '!', 'n', 'g']
2018-12-15 23:20:12,068:INFO:The letters in this password are: ['T', 's', 't', 'n', 'g']
2018-12-15 23:20:12,068:INFO:The 'T' was the 1st character
2018-12-15 23:20:12,068:INFO:The 's' was the 3rd character
2018-12-15 23:20:12,068:INFO:The 't' was the 4th character
2018-12-15 23:20:12,068:INFO:The 'n' was the 6th character
2018-12-15 23:20:12,069:INFO:The 'g' was the 7th character
2018-12-15 23:20:12,069:INFO:

2018-12-15 23:20:12,069:INFO:The numbers in this password are: ['4']
2018-12-15 23:20:12,069:INFO:The '4' was the 2nd character
2018-12-15 23:20:12,069:INFO:

2018-12-15 23:20:12,069:INFO:The symbols in this password are: ['!']
2018-12-15 23:20:12,070:INFO:The '!' was the 5th character
2018-12-15 23:20:12,070:INFO:

2018-12-15 23:20:12,125:INFO:The length of 'T4st!ng' is 7
2018-12-15 23:20:12,125:INFO:As a list it looks like this ['T', '4', 's', 't', '!', 'n', 'g']
2018-12-15 23:20:12,126:INFO:The letters in this password are: ['T', 's', 't', 'n', 'g']
2018-12-15 23:20:12,126:INFO:The 'T' was the 1st character
2018-12-15 23:20:12,126:INFO:The 's' was the 3rd character
2018-12-15 23:20:12,126:INFO:The 't' was the 4th character
2018-12-15 23:20:12,126:INFO:The 'n' was the 6th character
2018-12-15 23:20:12,127:INFO:The 'g' was the 7th character
2018-12-15 23:20:12,127:INFO:

2018-12-15 23:20:12,127:INFO:The numbers in this password are: ['4']
2018-12-15 23:20:12,127:INFO:The '4' was the 2nd character
2018-12-15 23:20:12,127:INFO:

2018-12-15 23:20:12,128:INFO:The symbols in this password are: ['!']
2018-12-15 23:20:12,128:INFO:The '!' was the 5th character
2018-12-15 23:20:12,128:INFO:

2018-12-15 23:20:12,184:INFO:The length of 'T4st!ng' is 7
2018-12-15 23:20:12,184:INFO:As a list it looks like this ['T', '4', 's', 't', '!', 'n', 'g']
2018-12-15 23:20:12,185:INFO:The letters in this password are: ['T', 's', 't', 'n', 'g']
2018-12-15 23:20:12,185:INFO:The 'T' was the 1st character
2018-12-15 23:20:12,185:INFO:The 's' was the 3rd character
2018-12-15 23:20:12,185:INFO:The 't' was the 4th character
2018-12-15 23:20:12,186:INFO:The 'n' was the 6th character
2018-12-15 23:20:12,186:INFO:The 'g' was the 7th character
2018-12-15 23:20:12,186:INFO:

2018-12-15 23:20:12,186:INFO:The numbers in this password are: ['4']
2018-12-15 23:20:12,186:INFO:The '4' was the 2nd character
2018-12-15 23:20:12,186:INFO:

2018-12-15 23:20:12,187:INFO:The symbols in this password are: ['!']
2018-12-15 23:20:12,187:INFO:The '!' was the 5th character
2018-12-15 23:20:12,187:INFO:

2018-12-15 23:20:12,244:INFO:The length of 'T4st!ng' is 7
2018-12-15 23:20:12,245:INFO:As a list it looks like this ['T', '4', 's', 't', '!', 'n', 'g']
2018-12-15 23:20:12,245:INFO:The letters in this password are: ['T', 's', 't', 'n', 'g']
2018-12-15 23:20:12,245:INFO:The 'T' was the 1st character
2018-12-15 23:20:12,246:INFO:The 's' was the 3rd character
2018-12-15 23:20:12,246:INFO:The 't' was the 4th character
2018-12-15 23:20:12,246:INFO:The 'n' was the 6th character
2018-12-15 23:20:12,246:INFO:The 'g' was the 7th character
2018-12-15 23:20:12,246:INFO:

2018-12-15 23:20:12,246:INFO:The numbers in this password are: ['4']
2018-12-15 23:20:12,247:INFO:The '4' was the 2nd character
2018-12-15 23:20:12,247:INFO:

2018-12-15 23:20:12,247:INFO:The symbols in this password are: ['!']
2018-12-15 23:20:12,247:INFO:The '!' was the 5th character
2018-12-15 23:20:12,247:INFO:

2018-12-15 23:20:12,303:INFO:The length of 'T4st!ng' is 7
2018-12-15 23:20:12,303:INFO:As a list it looks like this ['T', '4', 's', 't', '!', 'n', 'g']
2018-12-15 23:20:12,303:INFO:The letters in this password are: ['T', 's', 't', 'n', 'g']
2018-12-15 23:20:12,304:INFO:The 'T' was the 1st character
2018-12-15 23:20:12,304:INFO:The 's' was the 3rd character
2018-12-15 23:20:12,304:INFO:The 't' was the 4th character
2018-12-15 23:20:12,304:INFO:The 'n' was the 6th character
2018-12-15 23:20:12,305:INFO:The 'g' was the 7th character
2018-12-15 23:20:12,305:INFO:

2018-12-15 23:20:12,305:INFO:The numbers in this password are: ['4']
2018-12-15 23:20:12,305:INFO:The '4' was the 2nd character
2018-12-15 23:20:12,305:INFO:

2018-12-15 23:20:12,306:INFO:The symbols in this password are: ['!']
2018-12-15 23:20:12,306:INFO:The '!' was the 5th character
2018-12-15 23:20:12,306:INFO:

2018-12-15 23:20:12,367:INFO:The length of 'T4st!ng' is 7
2018-12-15 23:20:12,367:INFO:As a list it looks like this ['T', '4', 's', 't', '!', 'n', 'g']
2018-12-15 23:20:12,367:INFO:The letters in this password are: ['T', 's', 't', 'n', 'g']
2018-12-15 23:20:12,368:INFO:The 'T' was the 1st character
2018-12-15 23:20:12,368:INFO:The 's' was the 3rd character
2018-12-15 23:20:12,368:INFO:The 't' was the 4th character
2018-12-15 23:20:12,368:INFO:The 'n' was the 6th character
2018-12-15 23:20:12,368:INFO:The 'g' was the 7th character
2018-12-15 23:20:12,368:INFO:

2018-12-15 23:20:12,368:INFO:The numbers in this password are: ['4']
2018-12-15 23:20:12,369:INFO:The '4' was the 2nd character
2018-12-15 23:20:12,369:INFO:

2018-12-15 23:20:12,369:INFO:The symbols in this password are: ['!']
2018-12-15 23:20:12,369:INFO:The '!' was the 5th character
2018-12-15 23:20:12,369:INFO:

2018-12-15 23:20:12,426:INFO:The length of 'T4st!ng' is 7
2018-12-15 23:20:12,428:INFO:As a list it looks like this ['T', '4', 's', 't', '!', 'n', 'g']
2018-12-15 23:20:12,428:INFO:The letters in this password are: ['T', 's', 't', 'n', 'g']
2018-12-15 23:20:12,428:INFO:The 'T' was the 1st character
2018-12-15 23:20:12,429:INFO:The 's' was the 3rd character
2018-12-15 23:20:12,429:INFO:The 't' was the 4th character
2018-12-15 23:20:12,429:INFO:The 'n' was the 6th character
2018-12-15 23:20:12,429:INFO:The 'g' was the 7th character
2018-12-15 23:20:12,429:INFO:

2018-12-15 23:20:12,429:INFO:The numbers in this password are: ['4']
2018-12-15 23:20:12,430:INFO:The '4' was the 2nd character
2018-12-15 23:20:12,430:INFO:

2018-12-15 23:20:12,430:INFO:The symbols in this password are: ['!']
2018-12-15 23:20:12,430:INFO:The '!' was the 5th character
2018-12-15 23:20:12,430:INFO:

2018-12-15 23:20:12,486:INFO:The length of 'T4st!ng' is 7
2018-12-15 23:20:12,487:INFO:As a list it looks like this ['T', '4', 's', 't', '!', 'n', 'g']
2018-12-15 23:20:12,487:INFO:The letters in this password are: ['T', 's', 't', 'n', 'g']
2018-12-15 23:20:12,487:INFO:The 'T' was the 1st character
2018-12-15 23:20:12,487:INFO:The 's' was the 3rd character
2018-12-15 23:20:12,488:INFO:The 't' was the 4th character
2018-12-15 23:20:12,488:INFO:The 'n' was the 6th character
2018-12-15 23:20:12,488:INFO:The 'g' was the 7th character
2018-12-15 23:20:12,488:INFO:

2018-12-15 23:20:12,488:INFO:The numbers in this password are: ['4']
2018-12-15 23:20:12,488:INFO:The '4' was the 2nd character
2018-12-15 23:20:12,488:INFO:

2018-12-15 23:20:12,489:INFO:The symbols in this password are: ['!']
2018-12-15 23:20:12,489:INFO:The '!' was the 5th character
2018-12-15 23:20:12,489:INFO:

2018-12-15 23:20:12,552:INFO:The length of 'T4st!ng' is 7
2018-12-15 23:20:12,553:INFO:As a list it looks like this ['T', '4', 's', 't', '!', 'n', 'g']
2018-12-15 23:20:12,553:INFO:The letters in this password are: ['T', 's', 't', 'n', 'g']
2018-12-15 23:20:12,553:INFO:The 'T' was the 1st character
2018-12-15 23:20:12,553:INFO:The 's' was the 3rd character
2018-12-15 23:20:12,553:INFO:The 't' was the 4th character
2018-12-15 23:20:12,554:INFO:The 'n' was the 6th character
2018-12-15 23:20:12,554:INFO:The 'g' was the 7th character
2018-12-15 23:20:12,554:INFO:

2018-12-15 23:20:12,554:INFO:The numbers in this password are: ['4']
2018-12-15 23:20:12,554:INFO:The '4' was the 2nd character
2018-12-15 23:20:12,554:INFO:

2018-12-15 23:20:12,555:INFO:The symbols in this password are: ['!']
2018-12-15 23:20:12,555:INFO:The '!' was the 5th character
2018-12-15 23:20:12,555:INFO:

2018-12-15 23:20:12,615:INFO:The length of 'T4st!ng' is 7
2018-12-15 23:20:12,616:INFO:As a list it looks like this ['T', '4', 's', 't', '!', 'n', 'g']
2018-12-15 23:20:12,616:INFO:The letters in this password are: ['T', 's', 't', 'n', 'g']
2018-12-15 23:20:12,616:INFO:The 'T' was the 1st character
2018-12-15 23:20:12,616:INFO:The 's' was the 3rd character
2018-12-15 23:20:12,617:INFO:The 't' was the 4th character
2018-12-15 23:20:12,617:INFO:The 'n' was the 6th character
2018-12-15 23:20:12,617:INFO:The 'g' was the 7th character
2018-12-15 23:20:12,617:INFO:

2018-12-15 23:20:12,617:INFO:The numbers in this password are: ['4']
2018-12-15 23:20:12,617:INFO:The '4' was the 2nd character
2018-12-15 23:20:12,617:INFO:

2018-12-15 23:20:12,618:INFO:The symbols in this password are: ['!']
2018-12-15 23:20:12,618:INFO:The '!' was the 5th character
2018-12-15 23:20:12,618:INFO:

2018-12-15 23:20:12,675:INFO:The length of 'T4st!ng' is 7
2018-12-15 23:20:12,676:INFO:As a list it looks like this ['T', '4', 's', 't', '!', 'n', 'g']
2018-12-15 23:20:12,676:INFO:The letters in this password are: ['T', 's', 't', 'n', 'g']
2018-12-15 23:20:12,676:INFO:The 'T' was the 1st character
2018-12-15 23:20:12,676:INFO:The 's' was the 3rd character
2018-12-15 23:20:12,676:INFO:The 't' was the 4th character
2018-12-15 23:20:12,676:INFO:The 'n' was the 6th character
2018-12-15 23:20:12,677:INFO:The 'g' was the 7th character
2018-12-15 23:20:12,677:INFO:

2018-12-15 23:20:12,677:INFO:The numbers in this password are: ['4']
2018-12-15 23:20:12,677:INFO:The '4' was the 2nd character
2018-12-15 23:20:12,677:INFO:

2018-12-15 23:20:12,677:INFO:The symbols in this password are: ['!']
2018-12-15 23:20:12,678:INFO:The '!' was the 5th character
2018-12-15 23:20:12,678:INFO:

2018-12-15 23:20:12,737:INFO:The length of 'T4st!ng' is 7
2018-12-15 23:20:12,737:INFO:As a list it looks like this ['T', '4', 's', 't', '!', 'n', 'g']
2018-12-15 23:20:12,738:INFO:The letters in this password are: ['T', 's', 't', 'n', 'g']
2018-12-15 23:20:12,738:INFO:The 'T' was the 1st character
2018-12-15 23:20:12,738:INFO:The 's' was the 3rd character
2018-12-15 23:20:12,738:INFO:The 't' was the 4th character
2018-12-15 23:20:12,739:INFO:The 'n' was the 6th character
2018-12-15 23:20:12,739:INFO:The 'g' was the 7th character
2018-12-15 23:20:12,739:INFO:

2018-12-15 23:20:12,739:INFO:The numbers in this password are: ['4']
2018-12-15 23:20:12,739:INFO:The '4' was the 2nd character
2018-12-15 23:20:12,740:INFO:

2018-12-15 23:20:12,740:INFO:The symbols in this password are: ['!']
2018-12-15 23:20:12,740:INFO:The '!' was the 5th character
2018-12-15 23:20:12,740:INFO:

2018-12-15 23:20:12,798:INFO:The length of 'T4st!ng' is 7
2018-12-15 23:20:12,799:INFO:As a list it looks like this ['T', '4', 's', 't', '!', 'n', 'g']
2018-12-15 23:20:12,799:INFO:The letters in this password are: ['T', 's', 't', 'n', 'g']
2018-12-15 23:20:12,799:INFO:The 'T' was the 1st character
2018-12-15 23:20:12,799:INFO:The 's' was the 3rd character
2018-12-15 23:20:12,800:INFO:The 't' was the 4th character
2018-12-15 23:20:12,800:INFO:The 'n' was the 6th character
2018-12-15 23:20:12,800:INFO:The 'g' was the 7th character
2018-12-15 23:20:12,800:INFO:

2018-12-15 23:20:12,800:INFO:The numbers in this password are: ['4']
2018-12-15 23:20:12,801:INFO:The '4' was the 2nd character
2018-12-15 23:20:12,801:INFO:

2018-12-15 23:20:12,801:INFO:The symbols in this password are: ['!']
2018-12-15 23:20:12,801:INFO:The '!' was the 5th character
2018-12-15 23:20:12,801:INFO:

2018-12-15 23:20:12,860:INFO:The length of 'T4st!ng' is 7
2018-12-15 23:20:12,860:INFO:As a list it looks like this ['T', '4', 's', 't', '!', 'n', 'g']
2018-12-15 23:20:12,861:INFO:The letters in this password are: ['T', 's', 't', 'n', 'g']
2018-12-15 23:20:12,861:INFO:The 'T' was the 1st character
2018-12-15 23:20:12,861:INFO:The 's' was the 3rd character
2018-12-15 23:20:12,861:INFO:The 't' was the 4th character
2018-12-15 23:20:12,861:INFO:The 'n' was the 6th character
2018-12-15 23:20:12,861:INFO:The 'g' was the 7th character
2018-12-15 23:20:12,862:INFO:

2018-12-15 23:20:12,862:INFO:The numbers in this password are: ['4']
2018-12-15 23:20:12,862:INFO:The '4' was the 2nd character
2018-12-15 23:20:12,862:INFO:

2018-12-15 23:20:12,862:INFO:The symbols in this password are: ['!']
2018-12-15 23:20:12,863:INFO:The '!' was the 5th character
2018-12-15 23:20:12,863:INFO:

2018-12-15 23:20:12,921:INFO:The length of 'T4st!ng' is 7
2018-12-15 23:20:12,921:INFO:As a list it looks like this ['T', '4', 's', 't', '!', 'n', 'g']
2018-12-15 23:20:12,921:INFO:The letters in this password are: ['T', 's', 't', 'n', 'g']
2018-12-15 23:20:12,922:INFO:The 'T' was the 1st character
2018-12-15 23:20:12,922:INFO:The 's' was the 3rd character
2018-12-15 23:20:12,922:INFO:The 't' was the 4th character
2018-12-15 23:20:12,922:INFO:The 'n' was the 6th character
2018-12-15 23:20:12,922:INFO:The 'g' was the 7th character
2018-12-15 23:20:12,922:INFO:

2018-12-15 23:20:12,922:INFO:The numbers in this password are: ['4']
2018-12-15 23:20:12,923:INFO:The '4' was the 2nd character
2018-12-15 23:20:12,923:INFO:

2018-12-15 23:20:12,923:INFO:The symbols in this password are: ['!']
2018-12-15 23:20:12,923:INFO:The '!' was the 5th character
2018-12-15 23:20:12,923:INFO:

2018-12-15 23:20:12,985:INFO:The length of 'T4st!ng' is 7
2018-12-15 23:20:12,986:INFO:As a list it looks like this ['T', '4', 's', 't', '!', 'n', 'g']
2018-12-15 23:20:12,986:INFO:The letters in this password are: ['T', 's', 't', 'n', 'g']
2018-12-15 23:20:12,986:INFO:The 'T' was the 1st character
2018-12-15 23:20:12,986:INFO:The 's' was the 3rd character
2018-12-15 23:20:12,986:INFO:The 't' was the 4th character
2018-12-15 23:20:12,986:INFO:The 'n' was the 6th character
2018-12-15 23:20:12,987:INFO:The 'g' was the 7th character
2018-12-15 23:20:12,987:INFO:

2018-12-15 23:20:12,987:INFO:The numbers in this password are: ['4']
2018-12-15 23:20:12,987:INFO:The '4' was the 2nd character
2018-12-15 23:20:12,987:INFO:

2018-12-15 23:20:12,987:INFO:The symbols in this password are: ['!']
2018-12-15 23:20:12,988:INFO:The '!' was the 5th character
2018-12-15 23:20:12,988:INFO:

2018-12-15 23:20:13,054:INFO:The length of 'T4st!ng' is 7
2018-12-15 23:20:13,055:INFO:As a list it looks like this ['T', '4', 's', 't', '!', 'n', 'g']
2018-12-15 23:20:13,056:INFO:The letters in this password are: ['T', 's', 't', 'n', 'g']
2018-12-15 23:20:13,056:INFO:The 'T' was the 1st character
2018-12-15 23:20:13,056:INFO:The 's' was the 3rd character
2018-12-15 23:20:13,056:INFO:The 't' was the 4th character
2018-12-15 23:20:13,056:INFO:The 'n' was the 6th character
2018-12-15 23:20:13,056:INFO:The 'g' was the 7th character
2018-12-15 23:20:13,056:INFO:

2018-12-15 23:20:13,057:INFO:The numbers in this password are: ['4']
2018-12-15 23:20:13,057:INFO:The '4' was the 2nd character
2018-12-15 23:20:13,057:INFO:

2018-12-15 23:20:13,057:INFO:The symbols in this password are: ['!']
2018-12-15 23:20:13,057:INFO:The '!' was the 5th character
2018-12-15 23:20:13,057:INFO:

2018-12-15 23:20:13,113:INFO:The length of 'T4st!ng' is 7
2018-12-15 23:20:13,114:INFO:As a list it looks like this ['T', '4', 's', 't', '!', 'n', 'g']
2018-12-15 23:20:13,114:INFO:The letters in this password are: ['T', 's', 't', 'n', 'g']
2018-12-15 23:20:13,114:INFO:The 'T' was the 1st character
2018-12-15 23:20:13,114:INFO:The 's' was the 3rd character
2018-12-15 23:20:13,114:INFO:The 't' was the 4th character
2018-12-15 23:20:13,114:INFO:The 'n' was the 6th character
2018-12-15 23:20:13,114:INFO:The 'g' was the 7th character
2018-12-15 23:20:13,115:INFO:

2018-12-15 23:20:13,115:INFO:The numbers in this password are: ['4']
2018-12-15 23:20:13,115:INFO:The '4' was the 2nd character
2018-12-15 23:20:13,115:INFO:

2018-12-15 23:20:13,115:INFO:The symbols in this password are: ['!']
2018-12-15 23:20:13,115:INFO:The '!' was the 5th character
2018-12-15 23:20:13,115:INFO:

2018-12-15 23:20:13,172:INFO:The length of 'T4st!ng' is 7
2018-12-15 23:20:13,173:INFO:As a list it looks like this ['T', '4', 's', 't', '!', 'n', 'g']
2018-12-15 23:20:13,173:INFO:The letters in this password are: ['T', 's', 't', 'n', 'g']
2018-12-15 23:20:13,173:INFO:The 'T' was the 1st character
2018-12-15 23:20:13,173:INFO:The 's' was the 3rd character
2018-12-15 23:20:13,173:INFO:The 't' was the 4th character
2018-12-15 23:20:13,174:INFO:The 'n' was the 6th character
2018-12-15 23:20:13,174:INFO:The 'g' was the 7th character
2018-12-15 23:20:13,174:INFO:

2018-12-15 23:20:13,174:INFO:The numbers in this password are: ['4']
2018-12-15 23:20:13,174:INFO:The '4' was the 2nd character
2018-12-15 23:20:13,174:INFO:

2018-12-15 23:20:13,175:INFO:The symbols in this password are: ['!']
2018-12-15 23:20:13,175:INFO:The '!' was the 5th character
2018-12-15 23:20:13,175:INFO:

2018-12-15 23:20:13,233:INFO:The length of 'T4st!ng' is 7
2018-12-15 23:20:13,234:INFO:As a list it looks like this ['T', '4', 's', 't', '!', 'n', 'g']
2018-12-15 23:20:13,234:INFO:The letters in this password are: ['T', 's', 't', 'n', 'g']
2018-12-15 23:20:13,234:INFO:The 'T' was the 1st character
2018-12-15 23:20:13,235:INFO:The 's' was the 3rd character
2018-12-15 23:20:13,235:INFO:The 't' was the 4th character
2018-12-15 23:20:13,235:INFO:The 'n' was the 6th character
2018-12-15 23:20:13,235:INFO:The 'g' was the 7th character
2018-12-15 23:20:13,235:INFO:

2018-12-15 23:20:13,235:INFO:The numbers in this password are: ['4']
2018-12-15 23:20:13,235:INFO:The '4' was the 2nd character
2018-12-15 23:20:13,235:INFO:

2018-12-15 23:20:13,236:INFO:The symbols in this password are: ['!']
2018-12-15 23:20:13,236:INFO:The '!' was the 5th character
2018-12-15 23:20:13,236:INFO:

2018-12-15 23:20:13,292:INFO:The length of 'T4st!ng' is 7
2018-12-15 23:20:13,292:INFO:As a list it looks like this ['T', '4', 's', 't', '!', 'n', 'g']
2018-12-15 23:20:13,293:INFO:The letters in this password are: ['T', 's', 't', 'n', 'g']
2018-12-15 23:20:13,293:INFO:The 'T' was the 1st character
2018-12-15 23:20:13,293:INFO:The 's' was the 3rd character
2018-12-15 23:20:13,293:INFO:The 't' was the 4th character
2018-12-15 23:20:13,293:INFO:The 'n' was the 6th character
2018-12-15 23:20:13,293:INFO:The 'g' was the 7th character
2018-12-15 23:20:13,293:INFO:

2018-12-15 23:20:13,293:INFO:The numbers in this password are: ['4']
2018-12-15 23:20:13,294:INFO:The '4' was the 2nd character
2018-12-15 23:20:13,294:INFO:

2018-12-15 23:20:13,294:INFO:The symbols in this password are: ['!']
2018-12-15 23:20:13,295:INFO:The '!' was the 5th character
2018-12-15 23:20:13,295:INFO:

2018-12-15 23:20:13,353:INFO:The length of 'T4st!ng' is 7
2018-12-15 23:20:13,354:INFO:As a list it looks like this ['T', '4', 's', 't', '!', 'n', 'g']
2018-12-15 23:20:13,354:INFO:The letters in this password are: ['T', 's', 't', 'n', 'g']
2018-12-15 23:20:13,354:INFO:The 'T' was the 1st character
2018-12-15 23:20:13,354:INFO:The 's' was the 3rd character
2018-12-15 23:20:13,354:INFO:The 't' was the 4th character
2018-12-15 23:20:13,354:INFO:The 'n' was the 6th character
2018-12-15 23:20:13,355:INFO:The 'g' was the 7th character
2018-12-15 23:20:13,355:INFO:

2018-12-15 23:20:13,355:INFO:The numbers in this password are: ['4']
2018-12-15 23:20:13,355:INFO:The '4' was the 2nd character
2018-12-15 23:20:13,355:INFO:

2018-12-15 23:20:13,355:INFO:The symbols in this password are: ['!']
2018-12-15 23:20:13,355:INFO:The '!' was the 5th character
2018-12-15 23:20:13,356:INFO:

2018-12-15 23:20:13,418:INFO:The length of 'T4st!ng' is 7
2018-12-15 23:20:13,418:INFO:As a list it looks like this ['T', '4', 's', 't', '!', 'n', 'g']
2018-12-15 23:20:13,419:INFO:The letters in this password are: ['T', 's', 't', 'n', 'g']
2018-12-15 23:20:13,419:INFO:The 'T' was the 1st character
2018-12-15 23:20:13,419:INFO:The 's' was the 3rd character
2018-12-15 23:20:13,420:INFO:The 't' was the 4th character
2018-12-15 23:20:13,420:INFO:The 'n' was the 6th character
2018-12-15 23:20:13,420:INFO:The 'g' was the 7th character
2018-12-15 23:20:13,420:INFO:

2018-12-15 23:20:13,420:INFO:The numbers in this password are: ['4']
2018-12-15 23:20:13,420:INFO:The '4' was the 2nd character
2018-12-15 23:20:13,420:INFO:

2018-12-15 23:20:13,421:INFO:The symbols in this password are: ['!']
2018-12-15 23:20:13,421:INFO:The '!' was the 5th character
2018-12-15 23:20:13,421:INFO:

2018-12-15 23:20:13,480:INFO:The length of 'T4st!ng' is 7
2018-12-15 23:20:13,481:INFO:As a list it looks like this ['T', '4', 's', 't', '!', 'n', 'g']
2018-12-15 23:20:13,481:INFO:The letters in this password are: ['T', 's', 't', 'n', 'g']
2018-12-15 23:20:13,481:INFO:The 'T' was the 1st character
2018-12-15 23:20:13,482:INFO:The 's' was the 3rd character
2018-12-15 23:20:13,482:INFO:The 't' was the 4th character
2018-12-15 23:20:13,482:INFO:The 'n' was the 6th character
2018-12-15 23:20:13,482:INFO:The 'g' was the 7th character
2018-12-15 23:20:13,482:INFO:

2018-12-15 23:20:13,482:INFO:The numbers in this password are: ['4']
2018-12-15 23:20:13,483:INFO:The '4' was the 2nd character
2018-12-15 23:20:13,483:INFO:

2018-12-15 23:20:13,483:INFO:The symbols in this password are: ['!']
2018-12-15 23:20:13,483:INFO:The '!' was the 5th character
2018-12-15 23:20:13,483:INFO:

2018-12-15 23:20:13,542:INFO:The length of 'T4st!ng' is 7
2018-12-15 23:20:13,542:INFO:As a list it looks like this ['T', '4', 's', 't', '!', 'n', 'g']
2018-12-15 23:20:13,542:INFO:The letters in this password are: ['T', 's', 't', 'n', 'g']
2018-12-15 23:20:13,543:INFO:The 'T' was the 1st character
2018-12-15 23:20:13,543:INFO:The 's' was the 3rd character
2018-12-15 23:20:13,543:INFO:The 't' was the 4th character
2018-12-15 23:20:13,543:INFO:The 'n' was the 6th character
2018-12-15 23:20:13,543:INFO:The 'g' was the 7th character
2018-12-15 23:20:13,543:INFO:

2018-12-15 23:20:13,544:INFO:The numbers in this password are: ['4']
2018-12-15 23:20:13,544:INFO:The '4' was the 2nd character
2018-12-15 23:20:13,544:INFO:

2018-12-15 23:20:13,544:INFO:The symbols in this password are: ['!']
2018-12-15 23:20:13,544:INFO:The '!' was the 5th character
2018-12-15 23:20:13,544:INFO:

2018-12-15 23:20:13,602:INFO:The length of 'T4st!ng' is 7
2018-12-15 23:20:13,602:INFO:As a list it looks like this ['T', '4', 's', 't', '!', 'n', 'g']
2018-12-15 23:20:13,603:INFO:The letters in this password are: ['T', 's', 't', 'n', 'g']
2018-12-15 23:20:13,603:INFO:The 'T' was the 1st character
2018-12-15 23:20:13,603:INFO:The 's' was the 3rd character
2018-12-15 23:20:13,604:INFO:The 't' was the 4th character
2018-12-15 23:20:13,604:INFO:The 'n' was the 6th character
2018-12-15 23:20:13,604:INFO:The 'g' was the 7th character
2018-12-15 23:20:13,604:INFO:

2018-12-15 23:20:13,605:INFO:The numbers in this password are: ['4']
2018-12-15 23:20:13,605:INFO:The '4' was the 2nd character
2018-12-15 23:20:13,605:INFO:

2018-12-15 23:20:13,605:INFO:The symbols in this password are: ['!']
2018-12-15 23:20:13,606:INFO:The '!' was the 5th character
2018-12-15 23:20:13,606:INFO:

2018-12-15 23:20:13,668:INFO:The length of 'T4st!ng' is 7
2018-12-15 23:20:13,669:INFO:As a list it looks like this ['T', '4', 's', 't', '!', 'n', 'g']
2018-12-15 23:20:13,669:INFO:The letters in this password are: ['T', 's', 't', 'n', 'g']
2018-12-15 23:20:13,669:INFO:The 'T' was the 1st character
2018-12-15 23:20:13,670:INFO:The 's' was the 3rd character
2018-12-15 23:20:13,670:INFO:The 't' was the 4th character
2018-12-15 23:20:13,670:INFO:The 'n' was the 6th character
2018-12-15 23:20:13,670:INFO:The 'g' was the 7th character
2018-12-15 23:20:13,670:INFO:

2018-12-15 23:20:13,671:INFO:The numbers in this password are: ['4']
2018-12-15 23:20:13,671:INFO:The '4' was the 2nd character
2018-12-15 23:20:13,671:INFO:

2018-12-15 23:20:13,671:INFO:The symbols in this password are: ['!']
2018-12-15 23:20:13,671:INFO:The '!' was the 5th character
2018-12-15 23:20:13,671:INFO:

2018-12-15 23:20:13,728:INFO:The length of 'T4st!ng' is 7
2018-12-15 23:20:13,729:INFO:As a list it looks like this ['T', '4', 's', 't', '!', 'n', 'g']
2018-12-15 23:20:13,729:INFO:The letters in this password are: ['T', 's', 't', 'n', 'g']
2018-12-15 23:20:13,729:INFO:The 'T' was the 1st character
2018-12-15 23:20:13,729:INFO:The 's' was the 3rd character
2018-12-15 23:20:13,729:INFO:The 't' was the 4th character
2018-12-15 23:20:13,730:INFO:The 'n' was the 6th character
2018-12-15 23:20:13,730:INFO:The 'g' was the 7th character
2018-12-15 23:20:13,730:INFO:

2018-12-15 23:20:13,730:INFO:The numbers in this password are: ['4']
2018-12-15 23:20:13,731:INFO:The '4' was the 2nd character
2018-12-15 23:20:13,731:INFO:

2018-12-15 23:20:13,731:INFO:The symbols in this password are: ['!']
2018-12-15 23:20:13,731:INFO:The '!' was the 5th character
2018-12-15 23:20:13,731:INFO:

2018-12-15 23:20:13,787:INFO:The length of 'T4st!ng' is 7
2018-12-15 23:20:13,787:INFO:As a list it looks like this ['T', '4', 's', 't', '!', 'n', 'g']
2018-12-15 23:20:13,788:INFO:The letters in this password are: ['T', 's', 't', 'n', 'g']
2018-12-15 23:20:13,788:INFO:The 'T' was the 1st character
2018-12-15 23:20:13,788:INFO:The 's' was the 3rd character
2018-12-15 23:20:13,788:INFO:The 't' was the 4th character
2018-12-15 23:20:13,788:INFO:The 'n' was the 6th character
2018-12-15 23:20:13,788:INFO:The 'g' was the 7th character
2018-12-15 23:20:13,788:INFO:

2018-12-15 23:20:13,789:INFO:The numbers in this password are: ['4']
2018-12-15 23:20:13,789:INFO:The '4' was the 2nd character
2018-12-15 23:20:13,789:INFO:

2018-12-15 23:20:13,789:INFO:The symbols in this password are: ['!']
2018-12-15 23:20:13,789:INFO:The '!' was the 5th character
2018-12-15 23:20:13,789:INFO:

2018-12-15 23:20:13,847:INFO:The length of 'T4st!ng' is 7
2018-12-15 23:20:13,847:INFO:As a list it looks like this ['T', '4', 's', 't', '!', 'n', 'g']
2018-12-15 23:20:13,848:INFO:The letters in this password are: ['T', 's', 't', 'n', 'g']
2018-12-15 23:20:13,848:INFO:The 'T' was the 1st character
2018-12-15 23:20:13,848:INFO:The 's' was the 3rd character
2018-12-15 23:20:13,848:INFO:The 't' was the 4th character
2018-12-15 23:20:13,848:INFO:The 'n' was the 6th character
2018-12-15 23:20:13,848:INFO:The 'g' was the 7th character
2018-12-15 23:20:13,849:INFO:

2018-12-15 23:20:13,849:INFO:The numbers in this password are: ['4']
2018-12-15 23:20:13,849:INFO:The '4' was the 2nd character
2018-12-15 23:20:13,849:INFO:

2018-12-15 23:20:13,850:INFO:The symbols in this password are: ['!']
2018-12-15 23:20:13,850:INFO:The '!' was the 5th character
2018-12-15 23:20:13,850:INFO:

2018-12-15 23:20:13,907:INFO:The length of 'T4st!ng' is 7
2018-12-15 23:20:13,908:INFO:As a list it looks like this ['T', '4', 's', 't', '!', 'n', 'g']
2018-12-15 23:20:13,908:INFO:The letters in this password are: ['T', 's', 't', 'n', 'g']
2018-12-15 23:20:13,908:INFO:The 'T' was the 1st character
2018-12-15 23:20:13,908:INFO:The 's' was the 3rd character
2018-12-15 23:20:13,908:INFO:The 't' was the 4th character
2018-12-15 23:20:13,908:INFO:The 'n' was the 6th character
2018-12-15 23:20:13,909:INFO:The 'g' was the 7th character
2018-12-15 23:20:13,909:INFO:

2018-12-15 23:20:13,909:INFO:The numbers in this password are: ['4']
2018-12-15 23:20:13,909:INFO:The '4' was the 2nd character
2018-12-15 23:20:13,910:INFO:

2018-12-15 23:20:13,910:INFO:The symbols in this password are: ['!']
2018-12-15 23:20:13,910:INFO:The '!' was the 5th character
2018-12-15 23:20:13,910:INFO:

2018-12-15 23:20:13,972:INFO:The length of 'T4st!ng' is 7
2018-12-15 23:20:13,972:INFO:As a list it looks like this ['T', '4', 's', 't', '!', 'n', 'g']
2018-12-15 23:20:13,975:INFO:The letters in this password are: ['T', 's', 't', 'n', 'g']
2018-12-15 23:20:13,975:INFO:The 'T' was the 1st character
2018-12-15 23:20:13,975:INFO:The 's' was the 3rd character
2018-12-15 23:20:13,975:INFO:The 't' was the 4th character
2018-12-15 23:20:13,975:INFO:The 'n' was the 6th character
2018-12-15 23:20:13,975:INFO:The 'g' was the 7th character
2018-12-15 23:20:13,976:INFO:

2018-12-15 23:20:13,976:INFO:The numbers in this password are: ['4']
2018-12-15 23:20:13,976:INFO:The '4' was the 2nd character
2018-12-15 23:20:13,976:INFO:

2018-12-15 23:20:13,976:INFO:The symbols in this password are: ['!']
2018-12-15 23:20:13,976:INFO:The '!' was the 5th character
2018-12-15 23:20:13,976:INFO:

2018-12-15 23:20:14,036:INFO:The length of 'T4st!ng' is 7
2018-12-15 23:20:14,037:INFO:As a list it looks like this ['T', '4', 's', 't', '!', 'n', 'g']
2018-12-15 23:20:14,037:INFO:The letters in this password are: ['T', 's', 't', 'n', 'g']
2018-12-15 23:20:14,037:INFO:The 'T' was the 1st character
2018-12-15 23:20:14,038:INFO:The 's' was the 3rd character
2018-12-15 23:20:14,038:INFO:The 't' was the 4th character
2018-12-15 23:20:14,038:INFO:The 'n' was the 6th character
2018-12-15 23:20:14,038:INFO:The 'g' was the 7th character
2018-12-15 23:20:14,038:INFO:

2018-12-15 23:20:14,038:INFO:The numbers in this password are: ['4']
2018-12-15 23:20:14,038:INFO:The '4' was the 2nd character
2018-12-15 23:20:14,038:INFO:

2018-12-15 23:20:14,039:INFO:The symbols in this password are: ['!']
2018-12-15 23:20:14,039:INFO:The '!' was the 5th character
2018-12-15 23:20:14,039:INFO:

2018-12-15 23:20:14,094:INFO:The length of 'T4st!ng' is 7
2018-12-15 23:20:14,094:INFO:As a list it looks like this ['T', '4', 's', 't', '!', 'n', 'g']
2018-12-15 23:20:14,094:INFO:The letters in this password are: ['T', 's', 't', 'n', 'g']
2018-12-15 23:20:14,095:INFO:The 'T' was the 1st character
2018-12-15 23:20:14,095:INFO:The 's' was the 3rd character
2018-12-15 23:20:14,095:INFO:The 't' was the 4th character
2018-12-15 23:20:14,095:INFO:The 'n' was the 6th character
2018-12-15 23:20:14,095:INFO:The 'g' was the 7th character
2018-12-15 23:20:14,095:INFO:

2018-12-15 23:20:14,096:INFO:The numbers in this password are: ['4']
2018-12-15 23:20:14,096:INFO:The '4' was the 2nd character
2018-12-15 23:20:14,096:INFO:

2018-12-15 23:20:14,096:INFO:The symbols in this password are: ['!']
2018-12-15 23:20:14,096:INFO:The '!' was the 5th character
2018-12-15 23:20:14,096:INFO:

2018-12-15 23:20:14,160:INFO:The length of 'T4st!ng' is 7
2018-12-15 23:20:14,161:INFO:As a list it looks like this ['T', '4', 's', 't', '!', 'n', 'g']
2018-12-15 23:20:14,161:INFO:The letters in this password are: ['T', 's', 't', 'n', 'g']
2018-12-15 23:20:14,161:INFO:The 'T' was the 1st character
2018-12-15 23:20:14,161:INFO:The 's' was the 3rd character
2018-12-15 23:20:14,162:INFO:The 't' was the 4th character
2018-12-15 23:20:14,162:INFO:The 'n' was the 6th character
2018-12-15 23:20:14,162:INFO:The 'g' was the 7th character
2018-12-15 23:20:14,162:INFO:

2018-12-15 23:20:14,162:INFO:The numbers in this password are: ['4']
2018-12-15 23:20:14,162:INFO:The '4' was the 2nd character
2018-12-15 23:20:14,162:INFO:

2018-12-15 23:20:14,163:INFO:The symbols in this password are: ['!']
2018-12-15 23:20:14,163:INFO:The '!' was the 5th character
2018-12-15 23:20:14,163:INFO:

2018-12-15 23:20:14,227:INFO:The length of 'T4st!ng' is 7
2018-12-15 23:20:14,227:INFO:As a list it looks like this ['T', '4', 's', 't', '!', 'n', 'g']
2018-12-15 23:20:14,228:INFO:The letters in this password are: ['T', 's', 't', 'n', 'g']
2018-12-15 23:20:14,228:INFO:The 'T' was the 1st character
2018-12-15 23:20:14,228:INFO:The 's' was the 3rd character
2018-12-15 23:20:14,228:INFO:The 't' was the 4th character
2018-12-15 23:20:14,228:INFO:The 'n' was the 6th character
2018-12-15 23:20:14,229:INFO:The 'g' was the 7th character
2018-12-15 23:20:14,229:INFO:

2018-12-15 23:20:14,229:INFO:The numbers in this password are: ['4']
2018-12-15 23:20:14,229:INFO:The '4' was the 2nd character
2018-12-15 23:20:14,229:INFO:

2018-12-15 23:20:14,230:INFO:The symbols in this password are: ['!']
2018-12-15 23:20:14,230:INFO:The '!' was the 5th character
2018-12-15 23:20:14,230:INFO:

2018-12-15 23:20:14,291:INFO:The length of 'T4st!ng' is 7
2018-12-15 23:20:14,292:INFO:As a list it looks like this ['T', '4', 's', 't', '!', 'n', 'g']
2018-12-15 23:20:14,292:INFO:The letters in this password are: ['T', 's', 't', 'n', 'g']
2018-12-15 23:20:14,292:INFO:The 'T' was the 1st character
2018-12-15 23:20:14,292:INFO:The 's' was the 3rd character
2018-12-15 23:20:14,292:INFO:The 't' was the 4th character
2018-12-15 23:20:14,293:INFO:The 'n' was the 6th character
2018-12-15 23:20:14,293:INFO:The 'g' was the 7th character
2018-12-15 23:20:14,293:INFO:

2018-12-15 23:20:14,293:INFO:The numbers in this password are: ['4']
2018-12-15 23:20:14,293:INFO:The '4' was the 2nd character
2018-12-15 23:20:14,293:INFO:

2018-12-15 23:20:14,294:INFO:The symbols in this password are: ['!']
2018-12-15 23:20:14,294:INFO:The '!' was the 5th character
2018-12-15 23:20:14,294:INFO:

2018-12-15 23:20:14,362:INFO:The length of 'T4st!ng' is 7
2018-12-15 23:20:14,363:INFO:As a list it looks like this ['T', '4', 's', 't', '!', 'n', 'g']
2018-12-15 23:20:14,363:INFO:The letters in this password are: ['T', 's', 't', 'n', 'g']
2018-12-15 23:20:14,364:INFO:The 'T' was the 1st character
2018-12-15 23:20:14,364:INFO:The 's' was the 3rd character
2018-12-15 23:20:14,364:INFO:The 't' was the 4th character
2018-12-15 23:20:14,364:INFO:The 'n' was the 6th character
2018-12-15 23:20:14,364:INFO:The 'g' was the 7th character
2018-12-15 23:20:14,365:INFO:

2018-12-15 23:20:14,365:INFO:The numbers in this password are: ['4']
2018-12-15 23:20:14,365:INFO:The '4' was the 2nd character
2018-12-15 23:20:14,365:INFO:

2018-12-15 23:20:14,365:INFO:The symbols in this password are: ['!']
2018-12-15 23:20:14,366:INFO:The '!' was the 5th character
2018-12-15 23:20:14,366:INFO:

2018-12-15 23:20:14,440:INFO:The length of 'T4st!ng' is 7
2018-12-15 23:20:14,442:INFO:As a list it looks like this ['T', '4', 's', 't', '!', 'n', 'g']
2018-12-15 23:20:14,442:INFO:The letters in this password are: ['T', 's', 't', 'n', 'g']
2018-12-15 23:20:14,443:INFO:The 'T' was the 1st character
2018-12-15 23:20:14,443:INFO:The 's' was the 3rd character
2018-12-15 23:20:14,443:INFO:The 't' was the 4th character
2018-12-15 23:20:14,443:INFO:The 'n' was the 6th character
2018-12-15 23:20:14,443:INFO:The 'g' was the 7th character
2018-12-15 23:20:14,443:INFO:

2018-12-15 23:20:14,444:INFO:The numbers in this password are: ['4']
2018-12-15 23:20:14,444:INFO:The '4' was the 2nd character
2018-12-15 23:20:14,444:INFO:

2018-12-15 23:20:14,444:INFO:The symbols in this password are: ['!']
2018-12-15 23:20:14,444:INFO:The '!' was the 5th character
2018-12-15 23:20:14,444:INFO:

2018-12-15 23:20:14,518:INFO:The length of 'T4st!ng' is 7
2018-12-15 23:20:14,518:INFO:As a list it looks like this ['T', '4', 's', 't', '!', 'n', 'g']
2018-12-15 23:20:14,519:INFO:The letters in this password are: ['T', 's', 't', 'n', 'g']
2018-12-15 23:20:14,519:INFO:The 'T' was the 1st character
2018-12-15 23:20:14,519:INFO:The 's' was the 3rd character
2018-12-15 23:20:14,519:INFO:The 't' was the 4th character
2018-12-15 23:20:14,519:INFO:The 'n' was the 6th character
2018-12-15 23:20:14,520:INFO:The 'g' was the 7th character
2018-12-15 23:20:14,520:INFO:

2018-12-15 23:20:14,520:INFO:The numbers in this password are: ['4']
2018-12-15 23:20:14,520:INFO:The '4' was the 2nd character
2018-12-15 23:20:14,520:INFO:

2018-12-15 23:20:14,521:INFO:The symbols in this password are: ['!']
2018-12-15 23:20:14,521:INFO:The '!' was the 5th character
2018-12-15 23:20:14,521:INFO:

2018-12-15 23:20:14,589:INFO:The length of 'T4st!ng' is 7
2018-12-15 23:20:14,590:INFO:As a list it looks like this ['T', '4', 's', 't', '!', 'n', 'g']
2018-12-15 23:20:14,590:INFO:The letters in this password are: ['T', 's', 't', 'n', 'g']
2018-12-15 23:20:14,591:INFO:The 'T' was the 1st character
2018-12-15 23:20:14,591:INFO:The 's' was the 3rd character
2018-12-15 23:20:14,591:INFO:The 't' was the 4th character
2018-12-15 23:20:14,591:INFO:The 'n' was the 6th character
2018-12-15 23:20:14,591:INFO:The 'g' was the 7th character
2018-12-15 23:20:14,591:INFO:

2018-12-15 23:20:14,592:INFO:The numbers in this password are: ['4']
2018-12-15 23:20:14,592:INFO:The '4' was the 2nd character
2018-12-15 23:20:14,592:INFO:

2018-12-15 23:20:14,592:INFO:The symbols in this password are: ['!']
2018-12-15 23:20:14,592:INFO:The '!' was the 5th character
2018-12-15 23:20:14,593:INFO:

2018-12-15 23:20:14,659:INFO:The length of 'T4st!ng' is 7
2018-12-15 23:20:14,659:INFO:As a list it looks like this ['T', '4', 's', 't', '!', 'n', 'g']
2018-12-15 23:20:14,660:INFO:The letters in this password are: ['T', 's', 't', 'n', 'g']
2018-12-15 23:20:14,660:INFO:The 'T' was the 1st character
2018-12-15 23:20:14,660:INFO:The 's' was the 3rd character
2018-12-15 23:20:14,660:INFO:The 't' was the 4th character
2018-12-15 23:20:14,661:INFO:The 'n' was the 6th character
2018-12-15 23:20:14,661:INFO:The 'g' was the 7th character
2018-12-15 23:20:14,661:INFO:

2018-12-15 23:20:14,661:INFO:The numbers in this password are: ['4']
2018-12-15 23:20:14,661:INFO:The '4' was the 2nd character
2018-12-15 23:20:14,662:INFO:

2018-12-15 23:20:14,662:INFO:The symbols in this password are: ['!']
2018-12-15 23:20:14,662:INFO:The '!' was the 5th character
2018-12-15 23:20:14,662:INFO:

2018-12-15 23:20:14,725:INFO:The length of 'T4st!ng' is 7
2018-12-15 23:20:14,726:INFO:As a list it looks like this ['T', '4', 's', 't', '!', 'n', 'g']
2018-12-15 23:20:14,726:INFO:The letters in this password are: ['T', 's', 't', 'n', 'g']
2018-12-15 23:20:14,726:INFO:The 'T' was the 1st character
2018-12-15 23:20:14,726:INFO:The 's' was the 3rd character
2018-12-15 23:20:14,727:INFO:The 't' was the 4th character
2018-12-15 23:20:14,727:INFO:The 'n' was the 6th character
2018-12-15 23:20:14,727:INFO:The 'g' was the 7th character
2018-12-15 23:20:14,727:INFO:

2018-12-15 23:20:14,727:INFO:The numbers in this password are: ['4']
2018-12-15 23:20:14,727:INFO:The '4' was the 2nd character
2018-12-15 23:20:14,727:INFO:

2018-12-15 23:20:14,728:INFO:The symbols in this password are: ['!']
2018-12-15 23:20:14,728:INFO:The '!' was the 5th character
2018-12-15 23:20:14,728:INFO:

2018-12-15 23:20:14,784:INFO:The length of 'T4st!ng' is 7
2018-12-15 23:20:14,785:INFO:As a list it looks like this ['T', '4', 's', 't', '!', 'n', 'g']
2018-12-15 23:20:14,785:INFO:The letters in this password are: ['T', 's', 't', 'n', 'g']
2018-12-15 23:20:14,785:INFO:The 'T' was the 1st character
2018-12-15 23:20:14,785:INFO:The 's' was the 3rd character
2018-12-15 23:20:14,786:INFO:The 't' was the 4th character
2018-12-15 23:20:14,786:INFO:The 'n' was the 6th character
2018-12-15 23:20:14,786:INFO:The 'g' was the 7th character
2018-12-15 23:20:14,786:INFO:

2018-12-15 23:20:14,786:INFO:The numbers in this password are: ['4']
2018-12-15 23:20:14,786:INFO:The '4' was the 2nd character
2018-12-15 23:20:14,787:INFO:

2018-12-15 23:20:14,787:INFO:The symbols in this password are: ['!']
2018-12-15 23:20:14,787:INFO:The '!' was the 5th character
2018-12-15 23:20:14,787:INFO:

2018-12-15 23:20:14,846:INFO:The length of 'T4st!ng' is 7
2018-12-15 23:20:14,846:INFO:As a list it looks like this ['T', '4', 's', 't', '!', 'n', 'g']
2018-12-15 23:20:14,846:INFO:The letters in this password are: ['T', 's', 't', 'n', 'g']
2018-12-15 23:20:14,847:INFO:The 'T' was the 1st character
2018-12-15 23:20:14,847:INFO:The 's' was the 3rd character
2018-12-15 23:20:14,847:INFO:The 't' was the 4th character
2018-12-15 23:20:14,847:INFO:The 'n' was the 6th character
2018-12-15 23:20:14,847:INFO:The 'g' was the 7th character
2018-12-15 23:20:14,847:INFO:

2018-12-15 23:20:14,847:INFO:The numbers in this password are: ['4']
2018-12-15 23:20:14,848:INFO:The '4' was the 2nd character
2018-12-15 23:20:14,848:INFO:

2018-12-15 23:20:14,848:INFO:The symbols in this password are: ['!']
2018-12-15 23:20:14,848:INFO:The '!' was the 5th character
2018-12-15 23:20:14,849:INFO:

2018-12-15 23:20:14,905:INFO:The length of 'T4st!ng' is 7
2018-12-15 23:20:14,906:INFO:As a list it looks like this ['T', '4', 's', 't', '!', 'n', 'g']
2018-12-15 23:20:14,907:INFO:The letters in this password are: ['T', 's', 't', 'n', 'g']
2018-12-15 23:20:14,907:INFO:The 'T' was the 1st character
2018-12-15 23:20:14,907:INFO:The 's' was the 3rd character
2018-12-15 23:20:14,907:INFO:The 't' was the 4th character
2018-12-15 23:20:14,907:INFO:The 'n' was the 6th character
2018-12-15 23:20:14,908:INFO:The 'g' was the 7th character
2018-12-15 23:20:14,908:INFO:

2018-12-15 23:20:14,908:INFO:The numbers in this password are: ['4']
2018-12-15 23:20:14,908:INFO:The '4' was the 2nd character
2018-12-15 23:20:14,908:INFO:

2018-12-15 23:20:14,909:INFO:The symbols in this password are: ['!']
2018-12-15 23:20:14,909:INFO:The '!' was the 5th character
2018-12-15 23:20:14,909:INFO:

2018-12-15 23:20:14,981:INFO:The length of 'T4st!ng' is 7
2018-12-15 23:20:14,982:INFO:As a list it looks like this ['T', '4', 's', 't', '!', 'n', 'g']
2018-12-15 23:20:14,982:INFO:The letters in this password are: ['T', 's', 't', 'n', 'g']
2018-12-15 23:20:14,982:INFO:The 'T' was the 1st character
2018-12-15 23:20:14,983:INFO:The 's' was the 3rd character
2018-12-15 23:20:14,983:INFO:The 't' was the 4th character
2018-12-15 23:20:14,983:INFO:The 'n' was the 6th character
2018-12-15 23:20:14,983:INFO:The 'g' was the 7th character
2018-12-15 23:20:14,983:INFO:

2018-12-15 23:20:14,983:INFO:The numbers in this password are: ['4']
2018-12-15 23:20:14,983:INFO:The '4' was the 2nd character
2018-12-15 23:20:14,983:INFO:

2018-12-15 23:20:14,984:INFO:The symbols in this password are: ['!']
2018-12-15 23:20:14,984:INFO:The '!' was the 5th character
2018-12-15 23:20:14,984:INFO:

2018-12-15 23:20:15,047:INFO:The length of 'T4st!ng' is 7
2018-12-15 23:20:15,048:INFO:As a list it looks like this ['T', '4', 's', 't', '!', 'n', 'g']
2018-12-15 23:20:15,048:INFO:The letters in this password are: ['T', 's', 't', 'n', 'g']
2018-12-15 23:20:15,048:INFO:The 'T' was the 1st character
2018-12-15 23:20:15,048:INFO:The 's' was the 3rd character
2018-12-15 23:20:15,049:INFO:The 't' was the 4th character
2018-12-15 23:20:15,049:INFO:The 'n' was the 6th character
2018-12-15 23:20:15,049:INFO:The 'g' was the 7th character
2018-12-15 23:20:15,049:INFO:

2018-12-15 23:20:15,050:INFO:The numbers in this password are: ['4']
2018-12-15 23:20:15,050:INFO:The '4' was the 2nd character
2018-12-15 23:20:15,050:INFO:

2018-12-15 23:20:15,050:INFO:The symbols in this password are: ['!']
2018-12-15 23:20:15,050:INFO:The '!' was the 5th character
2018-12-15 23:20:15,051:INFO:

2018-12-15 23:20:15,108:INFO:The length of 'T4st!ng' is 7
2018-12-15 23:20:15,109:INFO:As a list it looks like this ['T', '4', 's', 't', '!', 'n', 'g']
2018-12-15 23:20:15,109:INFO:The letters in this password are: ['T', 's', 't', 'n', 'g']
2018-12-15 23:20:15,109:INFO:The 'T' was the 1st character
2018-12-15 23:20:15,110:INFO:The 's' was the 3rd character
2018-12-15 23:20:15,110:INFO:The 't' was the 4th character
2018-12-15 23:20:15,110:INFO:The 'n' was the 6th character
2018-12-15 23:20:15,110:INFO:The 'g' was the 7th character
2018-12-15 23:20:15,110:INFO:

2018-12-15 23:20:15,110:INFO:The numbers in this password are: ['4']
2018-12-15 23:20:15,110:INFO:The '4' was the 2nd character
2018-12-15 23:20:15,111:INFO:

2018-12-15 23:20:15,111:INFO:The symbols in this password are: ['!']
2018-12-15 23:20:15,111:INFO:The '!' was the 5th character
2018-12-15 23:20:15,111:INFO:

2018-12-15 23:20:15,167:INFO:The length of 'T4st!ng' is 7
2018-12-15 23:20:15,168:INFO:As a list it looks like this ['T', '4', 's', 't', '!', 'n', 'g']
2018-12-15 23:20:15,168:INFO:The letters in this password are: ['T', 's', 't', 'n', 'g']
2018-12-15 23:20:15,169:INFO:The 'T' was the 1st character
2018-12-15 23:20:15,169:INFO:The 's' was the 3rd character
2018-12-15 23:20:15,169:INFO:The 't' was the 4th character
2018-12-15 23:20:15,169:INFO:The 'n' was the 6th character
2018-12-15 23:20:15,169:INFO:The 'g' was the 7th character
2018-12-15 23:20:15,169:INFO:

2018-12-15 23:20:15,170:INFO:The numbers in this password are: ['4']
2018-12-15 23:20:15,170:INFO:The '4' was the 2nd character
2018-12-15 23:20:15,170:INFO:

2018-12-15 23:20:15,170:INFO:The symbols in this password are: ['!']
2018-12-15 23:20:15,170:INFO:The '!' was the 5th character
2018-12-15 23:20:15,171:INFO:

2018-12-15 23:20:15,234:INFO:The length of 'T4st!ng' is 7
2018-12-15 23:20:15,235:INFO:As a list it looks like this ['T', '4', 's', 't', '!', 'n', 'g']
2018-12-15 23:20:15,235:INFO:The letters in this password are: ['T', 's', 't', 'n', 'g']
2018-12-15 23:20:15,236:INFO:The 'T' was the 1st character
2018-12-15 23:20:15,236:INFO:The 's' was the 3rd character
2018-12-15 23:20:15,236:INFO:The 't' was the 4th character
2018-12-15 23:20:15,236:INFO:The 'n' was the 6th character
2018-12-15 23:20:15,237:INFO:The 'g' was the 7th character
2018-12-15 23:20:15,237:INFO:

2018-12-15 23:20:15,237:INFO:The numbers in this password are: ['4']
2018-12-15 23:20:15,237:INFO:The '4' was the 2nd character
2018-12-15 23:20:15,237:INFO:

2018-12-15 23:20:15,238:INFO:The symbols in this password are: ['!']
2018-12-15 23:20:15,238:INFO:The '!' was the 5th character
2018-12-15 23:20:15,238:INFO:

2018-12-15 23:20:15,295:INFO:The length of 'T4st!ng' is 7
2018-12-15 23:20:15,295:INFO:As a list it looks like this ['T', '4', 's', 't', '!', 'n', 'g']
2018-12-15 23:20:15,296:INFO:The letters in this password are: ['T', 's', 't', 'n', 'g']
2018-12-15 23:20:15,296:INFO:The 'T' was the 1st character
2018-12-15 23:20:15,296:INFO:The 's' was the 3rd character
2018-12-15 23:20:15,296:INFO:The 't' was the 4th character
2018-12-15 23:20:15,296:INFO:The 'n' was the 6th character
2018-12-15 23:20:15,296:INFO:The 'g' was the 7th character
2018-12-15 23:20:15,296:INFO:

2018-12-15 23:20:15,296:INFO:The numbers in this password are: ['4']
2018-12-15 23:20:15,297:INFO:The '4' was the 2nd character
2018-12-15 23:20:15,297:INFO:

2018-12-15 23:20:15,297:INFO:The symbols in this password are: ['!']
2018-12-15 23:20:15,297:INFO:The '!' was the 5th character
2018-12-15 23:20:15,297:INFO:

2018-12-15 23:20:15,360:INFO:The length of 'T4st!ng' is 7
2018-12-15 23:20:15,360:INFO:As a list it looks like this ['T', '4', 's', 't', '!', 'n', 'g']
2018-12-15 23:20:15,361:INFO:The letters in this password are: ['T', 's', 't', 'n', 'g']
2018-12-15 23:20:15,361:INFO:The 'T' was the 1st character
2018-12-15 23:20:15,361:INFO:The 's' was the 3rd character
2018-12-15 23:20:15,361:INFO:The 't' was the 4th character
2018-12-15 23:20:15,361:INFO:The 'n' was the 6th character
2018-12-15 23:20:15,361:INFO:The 'g' was the 7th character
2018-12-15 23:20:15,361:INFO:

2018-12-15 23:20:15,362:INFO:The numbers in this password are: ['4']
2018-12-15 23:20:15,362:INFO:The '4' was the 2nd character
2018-12-15 23:20:15,362:INFO:

2018-12-15 23:20:15,362:INFO:The symbols in this password are: ['!']
2018-12-15 23:20:15,362:INFO:The '!' was the 5th character
2018-12-15 23:20:15,363:INFO:

2018-12-15 23:20:15,423:INFO:The length of 'T4st!ng' is 7
2018-12-15 23:20:15,424:INFO:As a list it looks like this ['T', '4', 's', 't', '!', 'n', 'g']
2018-12-15 23:20:15,424:INFO:The letters in this password are: ['T', 's', 't', 'n', 'g']
2018-12-15 23:20:15,425:INFO:The 'T' was the 1st character
2018-12-15 23:20:15,425:INFO:The 's' was the 3rd character
2018-12-15 23:20:15,425:INFO:The 't' was the 4th character
2018-12-15 23:20:15,425:INFO:The 'n' was the 6th character
2018-12-15 23:20:15,425:INFO:The 'g' was the 7th character
2018-12-15 23:20:15,426:INFO:

2018-12-15 23:20:15,426:INFO:The numbers in this password are: ['4']
2018-12-15 23:20:15,426:INFO:The '4' was the 2nd character
2018-12-15 23:20:15,426:INFO:

2018-12-15 23:20:15,426:INFO:The symbols in this password are: ['!']
2018-12-15 23:20:15,427:INFO:The '!' was the 5th character
2018-12-15 23:20:15,427:INFO:

2018-12-15 23:20:15,485:INFO:The length of 'T4st!ng' is 7
2018-12-15 23:20:15,486:INFO:As a list it looks like this ['T', '4', 's', 't', '!', 'n', 'g']
2018-12-15 23:20:15,486:INFO:The letters in this password are: ['T', 's', 't', 'n', 'g']
2018-12-15 23:20:15,486:INFO:The 'T' was the 1st character
2018-12-15 23:20:15,486:INFO:The 's' was the 3rd character
2018-12-15 23:20:15,486:INFO:The 't' was the 4th character
2018-12-15 23:20:15,486:INFO:The 'n' was the 6th character
2018-12-15 23:20:15,486:INFO:The 'g' was the 7th character
2018-12-15 23:20:15,487:INFO:

2018-12-15 23:20:15,487:INFO:The numbers in this password are: ['4']
2018-12-15 23:20:15,487:INFO:The '4' was the 2nd character
2018-12-15 23:20:15,487:INFO:

2018-12-15 23:20:15,487:INFO:The symbols in this password are: ['!']
2018-12-15 23:20:15,487:INFO:The '!' was the 5th character
2018-12-15 23:20:15,487:INFO:

2018-12-15 23:20:15,550:INFO:The length of 'T4st!ng' is 7
2018-12-15 23:20:15,550:INFO:As a list it looks like this ['T', '4', 's', 't', '!', 'n', 'g']
2018-12-15 23:20:15,551:INFO:The letters in this password are: ['T', 's', 't', 'n', 'g']
2018-12-15 23:20:15,552:INFO:The 'T' was the 1st character
2018-12-15 23:20:15,552:INFO:The 's' was the 3rd character
2018-12-15 23:20:15,552:INFO:The 't' was the 4th character
2018-12-15 23:20:15,552:INFO:The 'n' was the 6th character
2018-12-15 23:20:15,553:INFO:The 'g' was the 7th character
2018-12-15 23:20:15,553:INFO:

2018-12-15 23:20:15,553:INFO:The numbers in this password are: ['4']
2018-12-15 23:20:15,553:INFO:The '4' was the 2nd character
2018-12-15 23:20:15,553:INFO:

2018-12-15 23:20:15,554:INFO:The symbols in this password are: ['!']
2018-12-15 23:20:15,554:INFO:The '!' was the 5th character
2018-12-15 23:20:15,554:INFO:

2018-12-15 23:20:15,614:INFO:The length of 'T4st!ng' is 7
2018-12-15 23:20:15,614:INFO:As a list it looks like this ['T', '4', 's', 't', '!', 'n', 'g']
2018-12-15 23:20:15,614:INFO:The letters in this password are: ['T', 's', 't', 'n', 'g']
2018-12-15 23:20:15,615:INFO:The 'T' was the 1st character
2018-12-15 23:20:15,615:INFO:The 's' was the 3rd character
2018-12-15 23:20:15,615:INFO:The 't' was the 4th character
2018-12-15 23:20:15,615:INFO:The 'n' was the 6th character
2018-12-15 23:20:15,615:INFO:The 'g' was the 7th character
2018-12-15 23:20:15,616:INFO:

2018-12-15 23:20:15,616:INFO:The numbers in this password are: ['4']
2018-12-15 23:20:15,616:INFO:The '4' was the 2nd character
2018-12-15 23:20:15,616:INFO:

2018-12-15 23:20:15,616:INFO:The symbols in this password are: ['!']
2018-12-15 23:20:15,616:INFO:The '!' was the 5th character
2018-12-15 23:20:15,616:INFO:

2018-12-15 23:20:15,675:INFO:The length of 'T4st!ng' is 7
2018-12-15 23:20:15,676:INFO:As a list it looks like this ['T', '4', 's', 't', '!', 'n', 'g']
2018-12-15 23:20:15,676:INFO:The letters in this password are: ['T', 's', 't', 'n', 'g']
2018-12-15 23:20:15,676:INFO:The 'T' was the 1st character
2018-12-15 23:20:15,676:INFO:The 's' was the 3rd character
2018-12-15 23:20:15,676:INFO:The 't' was the 4th character
2018-12-15 23:20:15,677:INFO:The 'n' was the 6th character
2018-12-15 23:20:15,677:INFO:The 'g' was the 7th character
2018-12-15 23:20:15,677:INFO:

2018-12-15 23:20:15,677:INFO:The numbers in this password are: ['4']
2018-12-15 23:20:15,677:INFO:The '4' was the 2nd character
2018-12-15 23:20:15,677:INFO:

2018-12-15 23:20:15,677:INFO:The symbols in this password are: ['!']
2018-12-15 23:20:15,678:INFO:The '!' was the 5th character
2018-12-15 23:20:15,678:INFO:

2018-12-15 23:20:15,738:INFO:The length of 'T4st!ng' is 7
2018-12-15 23:20:15,739:INFO:As a list it looks like this ['T', '4', 's', 't', '!', 'n', 'g']
2018-12-15 23:20:15,739:INFO:The letters in this password are: ['T', 's', 't', 'n', 'g']
2018-12-15 23:20:15,739:INFO:The 'T' was the 1st character
2018-12-15 23:20:15,739:INFO:The 's' was the 3rd character
2018-12-15 23:20:15,739:INFO:The 't' was the 4th character
2018-12-15 23:20:15,740:INFO:The 'n' was the 6th character
2018-12-15 23:20:15,740:INFO:The 'g' was the 7th character
2018-12-15 23:20:15,740:INFO:

2018-12-15 23:20:15,740:INFO:The numbers in this password are: ['4']
2018-12-15 23:20:15,740:INFO:The '4' was the 2nd character
2018-12-15 23:20:15,740:INFO:

2018-12-15 23:20:15,741:INFO:The symbols in this password are: ['!']
2018-12-15 23:20:15,741:INFO:The '!' was the 5th character
2018-12-15 23:20:15,741:INFO:

2018-12-15 23:20:15,797:INFO:The length of 'T4st!ng' is 7
2018-12-15 23:20:15,798:INFO:As a list it looks like this ['T', '4', 's', 't', '!', 'n', 'g']
2018-12-15 23:20:15,798:INFO:The letters in this password are: ['T', 's', 't', 'n', 'g']
2018-12-15 23:20:15,798:INFO:The 'T' was the 1st character
2018-12-15 23:20:15,798:INFO:The 's' was the 3rd character
2018-12-15 23:20:15,798:INFO:The 't' was the 4th character
2018-12-15 23:20:15,799:INFO:The 'n' was the 6th character
2018-12-15 23:20:15,799:INFO:The 'g' was the 7th character
2018-12-15 23:20:15,799:INFO:

2018-12-15 23:20:15,799:INFO:The numbers in this password are: ['4']
2018-12-15 23:20:15,799:INFO:The '4' was the 2nd character
2018-12-15 23:20:15,799:INFO:

2018-12-15 23:20:15,800:INFO:The symbols in this password are: ['!']
2018-12-15 23:20:15,800:INFO:The '!' was the 5th character
2018-12-15 23:20:15,800:INFO:

2018-12-15 23:20:15,859:INFO:The length of 'T4st!ng' is 7
2018-12-15 23:20:15,860:INFO:As a list it looks like this ['T', '4', 's', 't', '!', 'n', 'g']
2018-12-15 23:20:15,860:INFO:The letters in this password are: ['T', 's', 't', 'n', 'g']
2018-12-15 23:20:15,860:INFO:The 'T' was the 1st character
2018-12-15 23:20:15,860:INFO:The 's' was the 3rd character
2018-12-15 23:20:15,861:INFO:The 't' was the 4th character
2018-12-15 23:20:15,861:INFO:The 'n' was the 6th character
2018-12-15 23:20:15,861:INFO:The 'g' was the 7th character
2018-12-15 23:20:15,861:INFO:

2018-12-15 23:20:15,861:INFO:The numbers in this password are: ['4']
2018-12-15 23:20:15,861:INFO:The '4' was the 2nd character
2018-12-15 23:20:15,861:INFO:

2018-12-15 23:20:15,862:INFO:The symbols in this password are: ['!']
2018-12-15 23:20:15,862:INFO:The '!' was the 5th character
2018-12-15 23:20:15,862:INFO:

2018-12-15 23:20:15,920:INFO:The length of 'T4st!ng' is 7
2018-12-15 23:20:15,921:INFO:As a list it looks like this ['T', '4', 's', 't', '!', 'n', 'g']
2018-12-15 23:20:15,921:INFO:The letters in this password are: ['T', 's', 't', 'n', 'g']
2018-12-15 23:20:15,921:INFO:The 'T' was the 1st character
2018-12-15 23:20:15,921:INFO:The 's' was the 3rd character
2018-12-15 23:20:15,921:INFO:The 't' was the 4th character
2018-12-15 23:20:15,922:INFO:The 'n' was the 6th character
2018-12-15 23:20:15,922:INFO:The 'g' was the 7th character
2018-12-15 23:20:15,922:INFO:

2018-12-15 23:20:15,922:INFO:The numbers in this password are: ['4']
2018-12-15 23:20:15,922:INFO:The '4' was the 2nd character
2018-12-15 23:20:15,922:INFO:

2018-12-15 23:20:15,923:INFO:The symbols in this password are: ['!']
2018-12-15 23:20:15,923:INFO:The '!' was the 5th character
2018-12-15 23:20:15,923:INFO:

2018-12-15 23:20:15,986:INFO:The length of 'T4st!ng' is 7
2018-12-15 23:20:15,987:INFO:As a list it looks like this ['T', '4', 's', 't', '!', 'n', 'g']
2018-12-15 23:20:15,987:INFO:The letters in this password are: ['T', 's', 't', 'n', 'g']
2018-12-15 23:20:15,987:INFO:The 'T' was the 1st character
2018-12-15 23:20:15,987:INFO:The 's' was the 3rd character
2018-12-15 23:20:15,987:INFO:The 't' was the 4th character
2018-12-15 23:20:15,988:INFO:The 'n' was the 6th character
2018-12-15 23:20:15,988:INFO:The 'g' was the 7th character
2018-12-15 23:20:15,988:INFO:

2018-12-15 23:20:15,988:INFO:The numbers in this password are: ['4']
2018-12-15 23:20:15,988:INFO:The '4' was the 2nd character
2018-12-15 23:20:15,988:INFO:

2018-12-15 23:20:15,989:INFO:The symbols in this password are: ['!']
2018-12-15 23:20:15,989:INFO:The '!' was the 5th character
2018-12-15 23:20:15,989:INFO:

2018-12-15 23:20:16,051:INFO:The length of 'T4st!ng' is 7
2018-12-15 23:20:16,052:INFO:As a list it looks like this ['T', '4', 's', 't', '!', 'n', 'g']
2018-12-15 23:20:16,052:INFO:The letters in this password are: ['T', 's', 't', 'n', 'g']
2018-12-15 23:20:16,052:INFO:The 'T' was the 1st character
2018-12-15 23:20:16,053:INFO:The 's' was the 3rd character
2018-12-15 23:20:16,053:INFO:The 't' was the 4th character
2018-12-15 23:20:16,053:INFO:The 'n' was the 6th character
2018-12-15 23:20:16,053:INFO:The 'g' was the 7th character
2018-12-15 23:20:16,053:INFO:

2018-12-15 23:20:16,053:INFO:The numbers in this password are: ['4']
2018-12-15 23:20:16,054:INFO:The '4' was the 2nd character
2018-12-15 23:20:16,054:INFO:

2018-12-15 23:20:16,054:INFO:The symbols in this password are: ['!']
2018-12-15 23:20:16,054:INFO:The '!' was the 5th character
2018-12-15 23:20:16,054:INFO:

2018-12-15 23:20:16,114:INFO:The length of 'T4st!ng' is 7
2018-12-15 23:20:16,114:INFO:As a list it looks like this ['T', '4', 's', 't', '!', 'n', 'g']
2018-12-15 23:20:16,114:INFO:The letters in this password are: ['T', 's', 't', 'n', 'g']
2018-12-15 23:20:16,115:INFO:The 'T' was the 1st character
2018-12-15 23:20:16,115:INFO:The 's' was the 3rd character
2018-12-15 23:20:16,115:INFO:The 't' was the 4th character
2018-12-15 23:20:16,115:INFO:The 'n' was the 6th character
2018-12-15 23:20:16,115:INFO:The 'g' was the 7th character
2018-12-15 23:20:16,116:INFO:

2018-12-15 23:20:16,116:INFO:The numbers in this password are: ['4']
2018-12-15 23:20:16,116:INFO:The '4' was the 2nd character
2018-12-15 23:20:16,116:INFO:

2018-12-15 23:20:16,117:INFO:The symbols in this password are: ['!']
2018-12-15 23:20:16,117:INFO:The '!' was the 5th character
2018-12-15 23:20:16,117:INFO:

2018-12-15 23:20:16,174:INFO:The length of 'T4st!ng' is 7
2018-12-15 23:20:16,174:INFO:As a list it looks like this ['T', '4', 's', 't', '!', 'n', 'g']
2018-12-15 23:20:16,175:INFO:The letters in this password are: ['T', 's', 't', 'n', 'g']
2018-12-15 23:20:16,175:INFO:The 'T' was the 1st character
2018-12-15 23:20:16,175:INFO:The 's' was the 3rd character
2018-12-15 23:20:16,175:INFO:The 't' was the 4th character
2018-12-15 23:20:16,175:INFO:The 'n' was the 6th character
2018-12-15 23:20:16,175:INFO:The 'g' was the 7th character
2018-12-15 23:20:16,176:INFO:

2018-12-15 23:20:16,176:INFO:The numbers in this password are: ['4']
2018-12-15 23:20:16,176:INFO:The '4' was the 2nd character
2018-12-15 23:20:16,176:INFO:

2018-12-15 23:20:16,176:INFO:The symbols in this password are: ['!']
2018-12-15 23:20:16,176:INFO:The '!' was the 5th character
2018-12-15 23:20:16,177:INFO:

2018-12-15 23:20:16,235:INFO:The length of 'T4st!ng' is 7
2018-12-15 23:20:16,235:INFO:As a list it looks like this ['T', '4', 's', 't', '!', 'n', 'g']
2018-12-15 23:20:16,236:INFO:The letters in this password are: ['T', 's', 't', 'n', 'g']
2018-12-15 23:20:16,236:INFO:The 'T' was the 1st character
2018-12-15 23:20:16,236:INFO:The 's' was the 3rd character
2018-12-15 23:20:16,237:INFO:The 't' was the 4th character
2018-12-15 23:20:16,237:INFO:The 'n' was the 6th character
2018-12-15 23:20:16,237:INFO:The 'g' was the 7th character
2018-12-15 23:20:16,237:INFO:

2018-12-15 23:20:16,237:INFO:The numbers in this password are: ['4']
2018-12-15 23:20:16,237:INFO:The '4' was the 2nd character
2018-12-15 23:20:16,237:INFO:

2018-12-15 23:20:16,238:INFO:The symbols in this password are: ['!']
2018-12-15 23:20:16,238:INFO:The '!' was the 5th character
2018-12-15 23:20:16,238:INFO:

2018-12-15 23:20:16,297:INFO:The length of 'T4st!ng' is 7
2018-12-15 23:20:16,298:INFO:As a list it looks like this ['T', '4', 's', 't', '!', 'n', 'g']
2018-12-15 23:20:16,298:INFO:The letters in this password are: ['T', 's', 't', 'n', 'g']
2018-12-15 23:20:16,298:INFO:The 'T' was the 1st character
2018-12-15 23:20:16,298:INFO:The 's' was the 3rd character
2018-12-15 23:20:16,299:INFO:The 't' was the 4th character
2018-12-15 23:20:16,299:INFO:The 'n' was the 6th character
2018-12-15 23:20:16,299:INFO:The 'g' was the 7th character
2018-12-15 23:20:16,299:INFO:

2018-12-15 23:20:16,299:INFO:The numbers in this password are: ['4']
2018-12-15 23:20:16,299:INFO:The '4' was the 2nd character
2018-12-15 23:20:16,300:INFO:

2018-12-15 23:20:16,300:INFO:The symbols in this password are: ['!']
2018-12-15 23:20:16,300:INFO:The '!' was the 5th character
2018-12-15 23:20:16,300:INFO:

2018-12-15 23:20:16,366:INFO:The length of 'T4st!ng' is 7
2018-12-15 23:20:16,367:INFO:As a list it looks like this ['T', '4', 's', 't', '!', 'n', 'g']
2018-12-15 23:20:16,368:INFO:The letters in this password are: ['T', 's', 't', 'n', 'g']
2018-12-15 23:20:16,368:INFO:The 'T' was the 1st character
2018-12-15 23:20:16,368:INFO:The 's' was the 3rd character
2018-12-15 23:20:16,368:INFO:The 't' was the 4th character
2018-12-15 23:20:16,368:INFO:The 'n' was the 6th character
2018-12-15 23:20:16,368:INFO:The 'g' was the 7th character
2018-12-15 23:20:16,368:INFO:

2018-12-15 23:20:16,369:INFO:The numbers in this password are: ['4']
2018-12-15 23:20:16,369:INFO:The '4' was the 2nd character
2018-12-15 23:20:16,369:INFO:

2018-12-15 23:20:16,369:INFO:The symbols in this password are: ['!']
2018-12-15 23:20:16,369:INFO:The '!' was the 5th character
2018-12-15 23:20:16,369:INFO:

2018-12-15 23:20:16,426:INFO:The length of 'T4st!ng' is 7
2018-12-15 23:20:16,427:INFO:As a list it looks like this ['T', '4', 's', 't', '!', 'n', 'g']
2018-12-15 23:20:16,427:INFO:The letters in this password are: ['T', 's', 't', 'n', 'g']
2018-12-15 23:20:16,428:INFO:The 'T' was the 1st character
2018-12-15 23:20:16,428:INFO:The 's' was the 3rd character
2018-12-15 23:20:16,428:INFO:The 't' was the 4th character
2018-12-15 23:20:16,428:INFO:The 'n' was the 6th character
2018-12-15 23:20:16,428:INFO:The 'g' was the 7th character
2018-12-15 23:20:16,428:INFO:

2018-12-15 23:20:16,428:INFO:The numbers in this password are: ['4']
2018-12-15 23:20:16,429:INFO:The '4' was the 2nd character
2018-12-15 23:20:16,429:INFO:

2018-12-15 23:20:16,429:INFO:The symbols in this password are: ['!']
2018-12-15 23:20:16,429:INFO:The '!' was the 5th character
2018-12-15 23:20:16,429:INFO:

2018-12-15 23:20:16,490:INFO:The length of 'T4st!ng' is 7
2018-12-15 23:20:16,491:INFO:As a list it looks like this ['T', '4', 's', 't', '!', 'n', 'g']
2018-12-15 23:20:16,491:INFO:The letters in this password are: ['T', 's', 't', 'n', 'g']
2018-12-15 23:20:16,491:INFO:The 'T' was the 1st character
2018-12-15 23:20:16,491:INFO:The 's' was the 3rd character
2018-12-15 23:20:16,492:INFO:The 't' was the 4th character
2018-12-15 23:20:16,492:INFO:The 'n' was the 6th character
2018-12-15 23:20:16,492:INFO:The 'g' was the 7th character
2018-12-15 23:20:16,492:INFO:

2018-12-15 23:20:16,492:INFO:The numbers in this password are: ['4']
2018-12-15 23:20:16,492:INFO:The '4' was the 2nd character
2018-12-15 23:20:16,492:INFO:

2018-12-15 23:20:16,493:INFO:The symbols in this password are: ['!']
2018-12-15 23:20:16,493:INFO:The '!' was the 5th character
2018-12-15 23:20:16,493:INFO:

2018-12-15 23:20:16,554:INFO:The length of 'T4st!ng' is 7
2018-12-15 23:20:16,554:INFO:As a list it looks like this ['T', '4', 's', 't', '!', 'n', 'g']
2018-12-15 23:20:16,555:INFO:The letters in this password are: ['T', 's', 't', 'n', 'g']
2018-12-15 23:20:16,555:INFO:The 'T' was the 1st character
2018-12-15 23:20:16,555:INFO:The 's' was the 3rd character
2018-12-15 23:20:16,555:INFO:The 't' was the 4th character
2018-12-15 23:20:16,555:INFO:The 'n' was the 6th character
2018-12-15 23:20:16,556:INFO:The 'g' was the 7th character
2018-12-15 23:20:16,556:INFO:

2018-12-15 23:20:16,556:INFO:The numbers in this password are: ['4']
2018-12-15 23:20:16,556:INFO:The '4' was the 2nd character
2018-12-15 23:20:16,556:INFO:

2018-12-15 23:20:16,556:INFO:The symbols in this password are: ['!']
2018-12-15 23:20:16,557:INFO:The '!' was the 5th character
2018-12-15 23:20:16,557:INFO:

2018-12-15 23:20:16,618:INFO:The length of 'T4st!ng' is 7
2018-12-15 23:20:16,618:INFO:As a list it looks like this ['T', '4', 's', 't', '!', 'n', 'g']
2018-12-15 23:20:16,619:INFO:The letters in this password are: ['T', 's', 't', 'n', 'g']
2018-12-15 23:20:16,619:INFO:The 'T' was the 1st character
2018-12-15 23:20:16,619:INFO:The 's' was the 3rd character
2018-12-15 23:20:16,619:INFO:The 't' was the 4th character
2018-12-15 23:20:16,619:INFO:The 'n' was the 6th character
2018-12-15 23:20:16,619:INFO:The 'g' was the 7th character
2018-12-15 23:20:16,619:INFO:

2018-12-15 23:20:16,620:INFO:The numbers in this password are: ['4']
2018-12-15 23:20:16,620:INFO:The '4' was the 2nd character
2018-12-15 23:20:16,620:INFO:

2018-12-15 23:20:16,620:INFO:The symbols in this password are: ['!']
2018-12-15 23:20:16,621:INFO:The '!' was the 5th character
2018-12-15 23:20:16,621:INFO:

2018-12-15 23:20:16,685:INFO:The length of 'T4st!ng' is 7
2018-12-15 23:20:16,686:INFO:As a list it looks like this ['T', '4', 's', 't', '!', 'n', 'g']
2018-12-15 23:20:16,686:INFO:The letters in this password are: ['T', 's', 't', 'n', 'g']
2018-12-15 23:20:16,686:INFO:The 'T' was the 1st character
2018-12-15 23:20:16,686:INFO:The 's' was the 3rd character
2018-12-15 23:20:16,686:INFO:The 't' was the 4th character
2018-12-15 23:20:16,686:INFO:The 'n' was the 6th character
2018-12-15 23:20:16,687:INFO:The 'g' was the 7th character
2018-12-15 23:20:16,687:INFO:

2018-12-15 23:20:16,687:INFO:The numbers in this password are: ['4']
2018-12-15 23:20:16,687:INFO:The '4' was the 2nd character
2018-12-15 23:20:16,687:INFO:

2018-12-15 23:20:16,687:INFO:The symbols in this password are: ['!']
2018-12-15 23:20:16,687:INFO:The '!' was the 5th character
2018-12-15 23:20:16,688:INFO:

2018-12-15 23:20:16,748:INFO:The length of 'T4st!ng' is 7
2018-12-15 23:20:16,749:INFO:As a list it looks like this ['T', '4', 's', 't', '!', 'n', 'g']
2018-12-15 23:20:16,749:INFO:The letters in this password are: ['T', 's', 't', 'n', 'g']
2018-12-15 23:20:16,749:INFO:The 'T' was the 1st character
2018-12-15 23:20:16,750:INFO:The 's' was the 3rd character
2018-12-15 23:20:16,750:INFO:The 't' was the 4th character
2018-12-15 23:20:16,750:INFO:The 'n' was the 6th character
2018-12-15 23:20:16,750:INFO:The 'g' was the 7th character
2018-12-15 23:20:16,750:INFO:

2018-12-15 23:20:16,750:INFO:The numbers in this password are: ['4']
2018-12-15 23:20:16,751:INFO:The '4' was the 2nd character
2018-12-15 23:20:16,751:INFO:

2018-12-15 23:20:16,751:INFO:The symbols in this password are: ['!']
2018-12-15 23:20:16,751:INFO:The '!' was the 5th character
2018-12-15 23:20:16,752:INFO:

2018-12-15 23:20:16,814:INFO:The length of 'T4st!ng' is 7
2018-12-15 23:20:16,815:INFO:As a list it looks like this ['T', '4', 's', 't', '!', 'n', 'g']
2018-12-15 23:20:16,815:INFO:The letters in this password are: ['T', 's', 't', 'n', 'g']
2018-12-15 23:20:16,815:INFO:The 'T' was the 1st character
2018-12-15 23:20:16,816:INFO:The 's' was the 3rd character
2018-12-15 23:20:16,816:INFO:The 't' was the 4th character
2018-12-15 23:20:16,816:INFO:The 'n' was the 6th character
2018-12-15 23:20:16,816:INFO:The 'g' was the 7th character
2018-12-15 23:20:16,816:INFO:

2018-12-15 23:20:16,816:INFO:The numbers in this password are: ['4']
2018-12-15 23:20:16,817:INFO:The '4' was the 2nd character
2018-12-15 23:20:16,817:INFO:

2018-12-15 23:20:16,817:INFO:The symbols in this password are: ['!']
2018-12-15 23:20:16,817:INFO:The '!' was the 5th character
2018-12-15 23:20:16,817:INFO:

2018-12-15 23:20:16,874:INFO:The length of 'T4st!ng' is 7
2018-12-15 23:20:16,875:INFO:As a list it looks like this ['T', '4', 's', 't', '!', 'n', 'g']
2018-12-15 23:20:16,875:INFO:The letters in this password are: ['T', 's', 't', 'n', 'g']
2018-12-15 23:20:16,875:INFO:The 'T' was the 1st character
2018-12-15 23:20:16,876:INFO:The 's' was the 3rd character
2018-12-15 23:20:16,876:INFO:The 't' was the 4th character
2018-12-15 23:20:16,876:INFO:The 'n' was the 6th character
2018-12-15 23:20:16,876:INFO:The 'g' was the 7th character
2018-12-15 23:20:16,876:INFO:

2018-12-15 23:20:16,876:INFO:The numbers in this password are: ['4']
2018-12-15 23:20:16,876:INFO:The '4' was the 2nd character
2018-12-15 23:20:16,877:INFO:

2018-12-15 23:20:16,877:INFO:The symbols in this password are: ['!']
2018-12-15 23:20:16,877:INFO:The '!' was the 5th character
2018-12-15 23:20:16,877:INFO:

2018-12-15 23:20:16,935:INFO:The length of 'T4st!ng' is 7
2018-12-15 23:20:16,936:INFO:As a list it looks like this ['T', '4', 's', 't', '!', 'n', 'g']
2018-12-15 23:20:16,936:INFO:The letters in this password are: ['T', 's', 't', 'n', 'g']
2018-12-15 23:20:16,936:INFO:The 'T' was the 1st character
2018-12-15 23:20:16,937:INFO:The 's' was the 3rd character
2018-12-15 23:20:16,937:INFO:The 't' was the 4th character
2018-12-15 23:20:16,937:INFO:The 'n' was the 6th character
2018-12-15 23:20:16,937:INFO:The 'g' was the 7th character
2018-12-15 23:20:16,937:INFO:

2018-12-15 23:20:16,937:INFO:The numbers in this password are: ['4']
2018-12-15 23:20:16,938:INFO:The '4' was the 2nd character
2018-12-15 23:20:16,938:INFO:

2018-12-15 23:20:16,938:INFO:The symbols in this password are: ['!']
2018-12-15 23:20:16,938:INFO:The '!' was the 5th character
2018-12-15 23:20:16,938:INFO:

2018-12-15 23:20:16,998:INFO:The length of 'T4st!ng' is 7
2018-12-15 23:20:16,999:INFO:As a list it looks like this ['T', '4', 's', 't', '!', 'n', 'g']
2018-12-15 23:20:16,999:INFO:The letters in this password are: ['T', 's', 't', 'n', 'g']
2018-12-15 23:20:16,999:INFO:The 'T' was the 1st character
2018-12-15 23:20:17,000:INFO:The 's' was the 3rd character
2018-12-15 23:20:17,000:INFO:The 't' was the 4th character
2018-12-15 23:20:17,000:INFO:The 'n' was the 6th character
2018-12-15 23:20:17,000:INFO:The 'g' was the 7th character
2018-12-15 23:20:17,000:INFO:

2018-12-15 23:20:17,001:INFO:The numbers in this password are: ['4']
2018-12-15 23:20:17,001:INFO:The '4' was the 2nd character
2018-12-15 23:20:17,001:INFO:

2018-12-15 23:20:17,002:INFO:The symbols in this password are: ['!']
2018-12-15 23:20:17,002:INFO:The '!' was the 5th character
2018-12-15 23:20:17,002:INFO:

2018-12-15 23:20:17,063:INFO:The length of 'T4st!ng' is 7
2018-12-15 23:20:17,064:INFO:As a list it looks like this ['T', '4', 's', 't', '!', 'n', 'g']
2018-12-15 23:20:17,064:INFO:The letters in this password are: ['T', 's', 't', 'n', 'g']
2018-12-15 23:20:17,064:INFO:The 'T' was the 1st character
2018-12-15 23:20:17,064:INFO:The 's' was the 3rd character
2018-12-15 23:20:17,065:INFO:The 't' was the 4th character
2018-12-15 23:20:17,065:INFO:The 'n' was the 6th character
2018-12-15 23:20:17,065:INFO:The 'g' was the 7th character
2018-12-15 23:20:17,065:INFO:

2018-12-15 23:20:17,065:INFO:The numbers in this password are: ['4']
2018-12-15 23:20:17,065:INFO:The '4' was the 2nd character
2018-12-15 23:20:17,065:INFO:

2018-12-15 23:20:17,066:INFO:The symbols in this password are: ['!']
2018-12-15 23:20:17,066:INFO:The '!' was the 5th character
2018-12-15 23:20:17,066:INFO:

2018-12-15 23:20:17,127:INFO:The length of 'T4st!ng' is 7
2018-12-15 23:20:17,127:INFO:As a list it looks like this ['T', '4', 's', 't', '!', 'n', 'g']
2018-12-15 23:20:17,128:INFO:The letters in this password are: ['T', 's', 't', 'n', 'g']
2018-12-15 23:20:17,128:INFO:The 'T' was the 1st character
2018-12-15 23:20:17,128:INFO:The 's' was the 3rd character
2018-12-15 23:20:17,128:INFO:The 't' was the 4th character
2018-12-15 23:20:17,128:INFO:The 'n' was the 6th character
2018-12-15 23:20:17,128:INFO:The 'g' was the 7th character
2018-12-15 23:20:17,129:INFO:

2018-12-15 23:20:17,129:INFO:The numbers in this password are: ['4']
2018-12-15 23:20:17,129:INFO:The '4' was the 2nd character
2018-12-15 23:20:17,129:INFO:

2018-12-15 23:20:17,129:INFO:The symbols in this password are: ['!']
2018-12-15 23:20:17,129:INFO:The '!' was the 5th character
2018-12-15 23:20:17,130:INFO:

2018-12-15 23:20:17,193:INFO:The length of 'T4st!ng' is 7
2018-12-15 23:20:17,194:INFO:As a list it looks like this ['T', '4', 's', 't', '!', 'n', 'g']
2018-12-15 23:20:17,194:INFO:The letters in this password are: ['T', 's', 't', 'n', 'g']
2018-12-15 23:20:17,194:INFO:The 'T' was the 1st character
2018-12-15 23:20:17,194:INFO:The 's' was the 3rd character
2018-12-15 23:20:17,194:INFO:The 't' was the 4th character
2018-12-15 23:20:17,195:INFO:The 'n' was the 6th character
2018-12-15 23:20:17,195:INFO:The 'g' was the 7th character
2018-12-15 23:20:17,195:INFO:

2018-12-15 23:20:17,195:INFO:The numbers in this password are: ['4']
2018-12-15 23:20:17,195:INFO:The '4' was the 2nd character
2018-12-15 23:20:17,195:INFO:

2018-12-15 23:20:17,196:INFO:The symbols in this password are: ['!']
2018-12-15 23:20:17,196:INFO:The '!' was the 5th character
2018-12-15 23:20:17,196:INFO:

2018-12-15 23:20:17,256:INFO:The length of 'T4st!ng' is 7
2018-12-15 23:20:17,257:INFO:As a list it looks like this ['T', '4', 's', 't', '!', 'n', 'g']
2018-12-15 23:20:17,257:INFO:The letters in this password are: ['T', 's', 't', 'n', 'g']
2018-12-15 23:20:17,257:INFO:The 'T' was the 1st character
2018-12-15 23:20:17,257:INFO:The 's' was the 3rd character
2018-12-15 23:20:17,258:INFO:The 't' was the 4th character
2018-12-15 23:20:17,258:INFO:The 'n' was the 6th character
2018-12-15 23:20:17,258:INFO:The 'g' was the 7th character
2018-12-15 23:20:17,258:INFO:

2018-12-15 23:20:17,258:INFO:The numbers in this password are: ['4']
2018-12-15 23:20:17,259:INFO:The '4' was the 2nd character
2018-12-15 23:20:17,259:INFO:

2018-12-15 23:20:17,259:INFO:The symbols in this password are: ['!']
2018-12-15 23:20:17,259:INFO:The '!' was the 5th character
2018-12-15 23:20:17,259:INFO:

2018-12-15 23:20:17,322:INFO:The length of 'T4st!ng' is 7
2018-12-15 23:20:17,322:INFO:As a list it looks like this ['T', '4', 's', 't', '!', 'n', 'g']
2018-12-15 23:20:17,323:INFO:The letters in this password are: ['T', 's', 't', 'n', 'g']
2018-12-15 23:20:17,323:INFO:The 'T' was the 1st character
2018-12-15 23:20:17,323:INFO:The 's' was the 3rd character
2018-12-15 23:20:17,323:INFO:The 't' was the 4th character
2018-12-15 23:20:17,323:INFO:The 'n' was the 6th character
2018-12-15 23:20:17,324:INFO:The 'g' was the 7th character
2018-12-15 23:20:17,324:INFO:

2018-12-15 23:20:17,324:INFO:The numbers in this password are: ['4']
2018-12-15 23:20:17,324:INFO:The '4' was the 2nd character
2018-12-15 23:20:17,324:INFO:

2018-12-15 23:20:17,324:INFO:The symbols in this password are: ['!']
2018-12-15 23:20:17,325:INFO:The '!' was the 5th character
2018-12-15 23:20:17,325:INFO:

2018-12-15 23:20:17,393:INFO:The length of 'T4st!ng' is 7
2018-12-15 23:20:17,394:INFO:As a list it looks like this ['T', '4', 's', 't', '!', 'n', 'g']
2018-12-15 23:20:17,394:INFO:The letters in this password are: ['T', 's', 't', 'n', 'g']
2018-12-15 23:20:17,394:INFO:The 'T' was the 1st character
2018-12-15 23:20:17,394:INFO:The 's' was the 3rd character
2018-12-15 23:20:17,395:INFO:The 't' was the 4th character
2018-12-15 23:20:17,395:INFO:The 'n' was the 6th character
2018-12-15 23:20:17,395:INFO:The 'g' was the 7th character
2018-12-15 23:20:17,395:INFO:

2018-12-15 23:20:17,395:INFO:The numbers in this password are: ['4']
2018-12-15 23:20:17,395:INFO:The '4' was the 2nd character
2018-12-15 23:20:17,395:INFO:

2018-12-15 23:20:17,396:INFO:The symbols in this password are: ['!']
2018-12-15 23:20:17,396:INFO:The '!' was the 5th character
2018-12-15 23:20:17,396:INFO:

2018-12-15 23:20:17,465:INFO:The length of 'T4st!ng' is 7
2018-12-15 23:20:17,465:INFO:As a list it looks like this ['T', '4', 's', 't', '!', 'n', 'g']
2018-12-15 23:20:17,466:INFO:The letters in this password are: ['T', 's', 't', 'n', 'g']
2018-12-15 23:20:17,466:INFO:The 'T' was the 1st character
2018-12-15 23:20:17,466:INFO:The 's' was the 3rd character
2018-12-15 23:20:17,467:INFO:The 't' was the 4th character
2018-12-15 23:20:17,467:INFO:The 'n' was the 6th character
2018-12-15 23:20:17,467:INFO:The 'g' was the 7th character
2018-12-15 23:20:17,467:INFO:

2018-12-15 23:20:17,468:INFO:The numbers in this password are: ['4']
2018-12-15 23:20:17,468:INFO:The '4' was the 2nd character
2018-12-15 23:20:17,468:INFO:

2018-12-15 23:20:17,469:INFO:The symbols in this password are: ['!']
2018-12-15 23:20:17,469:INFO:The '!' was the 5th character
2018-12-15 23:20:17,469:INFO:

2018-12-15 23:20:17,541:INFO:The length of 'T4st!ng' is 7
2018-12-15 23:20:17,542:INFO:As a list it looks like this ['T', '4', 's', 't', '!', 'n', 'g']
2018-12-15 23:20:17,542:INFO:The letters in this password are: ['T', 's', 't', 'n', 'g']
2018-12-15 23:20:17,542:INFO:The 'T' was the 1st character
2018-12-15 23:20:17,542:INFO:The 's' was the 3rd character
2018-12-15 23:20:17,543:INFO:The 't' was the 4th character
2018-12-15 23:20:17,543:INFO:The 'n' was the 6th character
2018-12-15 23:20:17,543:INFO:The 'g' was the 7th character
2018-12-15 23:20:17,543:INFO:

2018-12-15 23:20:17,543:INFO:The numbers in this password are: ['4']
2018-12-15 23:20:17,544:INFO:The '4' was the 2nd character
2018-12-15 23:20:17,544:INFO:

2018-12-15 23:20:17,544:INFO:The symbols in this password are: ['!']
2018-12-15 23:20:17,544:INFO:The '!' was the 5th character
2018-12-15 23:20:17,544:INFO:

2018-12-15 23:20:17,614:INFO:The length of 'T4st!ng' is 7
2018-12-15 23:20:17,615:INFO:As a list it looks like this ['T', '4', 's', 't', '!', 'n', 'g']
2018-12-15 23:20:17,615:INFO:The letters in this password are: ['T', 's', 't', 'n', 'g']
2018-12-15 23:20:17,616:INFO:The 'T' was the 1st character
2018-12-15 23:20:17,616:INFO:The 's' was the 3rd character
2018-12-15 23:20:17,616:INFO:The 't' was the 4th character
2018-12-15 23:20:17,616:INFO:The 'n' was the 6th character
2018-12-15 23:20:17,616:INFO:The 'g' was the 7th character
2018-12-15 23:20:17,616:INFO:

2018-12-15 23:20:17,617:INFO:The numbers in this password are: ['4']
2018-12-15 23:20:17,617:INFO:The '4' was the 2nd character
2018-12-15 23:20:17,617:INFO:

2018-12-15 23:20:17,617:INFO:The symbols in this password are: ['!']
2018-12-15 23:20:17,617:INFO:The '!' was the 5th character
2018-12-15 23:20:17,618:INFO:

2018-12-15 23:20:17,681:INFO:The length of 'T4st!ng' is 7
2018-12-15 23:20:17,682:INFO:As a list it looks like this ['T', '4', 's', 't', '!', 'n', 'g']
2018-12-15 23:20:17,682:INFO:The letters in this password are: ['T', 's', 't', 'n', 'g']
2018-12-15 23:20:17,683:INFO:The 'T' was the 1st character
2018-12-15 23:20:17,683:INFO:The 's' was the 3rd character
2018-12-15 23:20:17,683:INFO:The 't' was the 4th character
2018-12-15 23:20:17,683:INFO:The 'n' was the 6th character
2018-12-15 23:20:17,683:INFO:The 'g' was the 7th character
2018-12-15 23:20:17,683:INFO:

2018-12-15 23:20:17,683:INFO:The numbers in this password are: ['4']
2018-12-15 23:20:17,684:INFO:The '4' was the 2nd character
2018-12-15 23:20:17,684:INFO:

2018-12-15 23:20:17,684:INFO:The symbols in this password are: ['!']
2018-12-15 23:20:17,684:INFO:The '!' was the 5th character
2018-12-15 23:20:17,684:INFO:

2018-12-15 23:20:17,744:INFO:The length of 'T4st!ng' is 7
2018-12-15 23:20:17,744:INFO:As a list it looks like this ['T', '4', 's', 't', '!', 'n', 'g']
2018-12-15 23:20:17,745:INFO:The letters in this password are: ['T', 's', 't', 'n', 'g']
2018-12-15 23:20:17,745:INFO:The 'T' was the 1st character
2018-12-15 23:20:17,745:INFO:The 's' was the 3rd character
2018-12-15 23:20:17,745:INFO:The 't' was the 4th character
2018-12-15 23:20:17,745:INFO:The 'n' was the 6th character
2018-12-15 23:20:17,745:INFO:The 'g' was the 7th character
2018-12-15 23:20:17,746:INFO:

2018-12-15 23:20:17,746:INFO:The numbers in this password are: ['4']
2018-12-15 23:20:17,746:INFO:The '4' was the 2nd character
2018-12-15 23:20:17,746:INFO:

2018-12-15 23:20:17,746:INFO:The symbols in this password are: ['!']
2018-12-15 23:20:17,747:INFO:The '!' was the 5th character
2018-12-15 23:20:17,747:INFO:

2018-12-15 23:20:17,806:INFO:The length of 'T4st!ng' is 7
2018-12-15 23:20:17,807:INFO:As a list it looks like this ['T', '4', 's', 't', '!', 'n', 'g']
2018-12-15 23:20:17,807:INFO:The letters in this password are: ['T', 's', 't', 'n', 'g']
2018-12-15 23:20:17,808:INFO:The 'T' was the 1st character
2018-12-15 23:20:17,808:INFO:The 's' was the 3rd character
2018-12-15 23:20:17,808:INFO:The 't' was the 4th character
2018-12-15 23:20:17,808:INFO:The 'n' was the 6th character
2018-12-15 23:20:17,808:INFO:The 'g' was the 7th character
2018-12-15 23:20:17,808:INFO:

2018-12-15 23:20:17,809:INFO:The numbers in this password are: ['4']
2018-12-15 23:20:17,809:INFO:The '4' was the 2nd character
2018-12-15 23:20:17,809:INFO:

2018-12-15 23:20:17,809:INFO:The symbols in this password are: ['!']
2018-12-15 23:20:17,809:INFO:The '!' was the 5th character
2018-12-15 23:20:17,809:INFO:

2018-12-15 23:20:17,868:INFO:The length of 'T4st!ng' is 7
2018-12-15 23:20:17,869:INFO:As a list it looks like this ['T', '4', 's', 't', '!', 'n', 'g']
2018-12-15 23:20:17,869:INFO:The letters in this password are: ['T', 's', 't', 'n', 'g']
2018-12-15 23:20:17,869:INFO:The 'T' was the 1st character
2018-12-15 23:20:17,870:INFO:The 's' was the 3rd character
2018-12-15 23:20:17,870:INFO:The 't' was the 4th character
2018-12-15 23:20:17,870:INFO:The 'n' was the 6th character
2018-12-15 23:20:17,870:INFO:The 'g' was the 7th character
2018-12-15 23:20:17,870:INFO:

2018-12-15 23:20:17,871:INFO:The numbers in this password are: ['4']
2018-12-15 23:20:17,871:INFO:The '4' was the 2nd character
2018-12-15 23:20:17,871:INFO:

2018-12-15 23:20:17,871:INFO:The symbols in this password are: ['!']
2018-12-15 23:20:17,871:INFO:The '!' was the 5th character
2018-12-15 23:20:17,871:INFO:

2018-12-15 23:20:17,928:INFO:The length of 'T4st!ng' is 7
2018-12-15 23:20:17,928:INFO:As a list it looks like this ['T', '4', 's', 't', '!', 'n', 'g']
2018-12-15 23:20:17,929:INFO:The letters in this password are: ['T', 's', 't', 'n', 'g']
2018-12-15 23:20:17,929:INFO:The 'T' was the 1st character
2018-12-15 23:20:17,929:INFO:The 's' was the 3rd character
2018-12-15 23:20:17,929:INFO:The 't' was the 4th character
2018-12-15 23:20:17,929:INFO:The 'n' was the 6th character
2018-12-15 23:20:17,929:INFO:The 'g' was the 7th character
2018-12-15 23:20:17,930:INFO:

2018-12-15 23:20:17,930:INFO:The numbers in this password are: ['4']
2018-12-15 23:20:17,930:INFO:The '4' was the 2nd character
2018-12-15 23:20:17,930:INFO:

2018-12-15 23:20:17,930:INFO:The symbols in this password are: ['!']
2018-12-15 23:20:17,930:INFO:The '!' was the 5th character
2018-12-15 23:20:17,931:INFO:

2018-12-15 23:20:17,993:INFO:The length of 'T4st!ng' is 7
2018-12-15 23:20:17,994:INFO:As a list it looks like this ['T', '4', 's', 't', '!', 'n', 'g']
2018-12-15 23:20:17,994:INFO:The letters in this password are: ['T', 's', 't', 'n', 'g']
2018-12-15 23:20:17,994:INFO:The 'T' was the 1st character
2018-12-15 23:20:17,995:INFO:The 's' was the 3rd character
2018-12-15 23:20:17,995:INFO:The 't' was the 4th character
2018-12-15 23:20:17,995:INFO:The 'n' was the 6th character
2018-12-15 23:20:17,995:INFO:The 'g' was the 7th character
2018-12-15 23:20:17,995:INFO:

2018-12-15 23:20:17,995:INFO:The numbers in this password are: ['4']
2018-12-15 23:20:17,995:INFO:The '4' was the 2nd character
2018-12-15 23:20:17,996:INFO:

2018-12-15 23:20:17,996:INFO:The symbols in this password are: ['!']
2018-12-15 23:20:17,996:INFO:The '!' was the 5th character
2018-12-15 23:20:17,996:INFO:

2018-12-15 23:20:18,057:INFO:The length of 'T4st!ng' is 7
2018-12-15 23:20:18,058:INFO:As a list it looks like this ['T', '4', 's', 't', '!', 'n', 'g']
2018-12-15 23:20:18,058:INFO:The letters in this password are: ['T', 's', 't', 'n', 'g']
2018-12-15 23:20:18,058:INFO:The 'T' was the 1st character
2018-12-15 23:20:18,058:INFO:The 's' was the 3rd character
2018-12-15 23:20:18,059:INFO:The 't' was the 4th character
2018-12-15 23:20:18,059:INFO:The 'n' was the 6th character
2018-12-15 23:20:18,059:INFO:The 'g' was the 7th character
2018-12-15 23:20:18,059:INFO:

2018-12-15 23:20:18,059:INFO:The numbers in this password are: ['4']
2018-12-15 23:20:18,059:INFO:The '4' was the 2nd character
2018-12-15 23:20:18,059:INFO:

2018-12-15 23:20:18,060:INFO:The symbols in this password are: ['!']
2018-12-15 23:20:18,060:INFO:The '!' was the 5th character
2018-12-15 23:20:18,060:INFO:

2018-12-15 23:20:18,116:INFO:The length of 'T4st!ng' is 7
2018-12-15 23:20:18,117:INFO:As a list it looks like this ['T', '4', 's', 't', '!', 'n', 'g']
2018-12-15 23:20:18,117:INFO:The letters in this password are: ['T', 's', 't', 'n', 'g']
2018-12-15 23:20:18,117:INFO:The 'T' was the 1st character
2018-12-15 23:20:18,118:INFO:The 's' was the 3rd character
2018-12-15 23:20:18,118:INFO:The 't' was the 4th character
2018-12-15 23:20:18,118:INFO:The 'n' was the 6th character
2018-12-15 23:20:18,118:INFO:The 'g' was the 7th character
2018-12-15 23:20:18,118:INFO:

2018-12-15 23:20:18,118:INFO:The numbers in this password are: ['4']
2018-12-15 23:20:18,118:INFO:The '4' was the 2nd character
2018-12-15 23:20:18,119:INFO:

2018-12-15 23:20:18,119:INFO:The symbols in this password are: ['!']
2018-12-15 23:20:18,119:INFO:The '!' was the 5th character
2018-12-15 23:20:18,119:INFO:

2018-12-15 23:20:18,179:INFO:The length of 'T4st!ng' is 7
2018-12-15 23:20:18,179:INFO:As a list it looks like this ['T', '4', 's', 't', '!', 'n', 'g']
2018-12-15 23:20:18,180:INFO:The letters in this password are: ['T', 's', 't', 'n', 'g']
2018-12-15 23:20:18,180:INFO:The 'T' was the 1st character
2018-12-15 23:20:18,180:INFO:The 's' was the 3rd character
2018-12-15 23:20:18,180:INFO:The 't' was the 4th character
2018-12-15 23:20:18,180:INFO:The 'n' was the 6th character
2018-12-15 23:20:18,180:INFO:The 'g' was the 7th character
2018-12-15 23:20:18,180:INFO:

2018-12-15 23:20:18,181:INFO:The numbers in this password are: ['4']
2018-12-15 23:20:18,181:INFO:The '4' was the 2nd character
2018-12-15 23:20:18,181:INFO:

2018-12-15 23:20:18,181:INFO:The symbols in this password are: ['!']
2018-12-15 23:20:18,181:INFO:The '!' was the 5th character
2018-12-15 23:20:18,181:INFO:

2018-12-15 23:20:18,239:INFO:The length of 'T4st!ng' is 7
2018-12-15 23:20:18,240:INFO:As a list it looks like this ['T', '4', 's', 't', '!', 'n', 'g']
2018-12-15 23:20:18,240:INFO:The letters in this password are: ['T', 's', 't', 'n', 'g']
2018-12-15 23:20:18,241:INFO:The 'T' was the 1st character
2018-12-15 23:20:18,241:INFO:The 's' was the 3rd character
2018-12-15 23:20:18,241:INFO:The 't' was the 4th character
2018-12-15 23:20:18,241:INFO:The 'n' was the 6th character
2018-12-15 23:20:18,241:INFO:The 'g' was the 7th character
2018-12-15 23:20:18,241:INFO:

2018-12-15 23:20:18,241:INFO:The numbers in this password are: ['4']
2018-12-15 23:20:18,241:INFO:The '4' was the 2nd character
2018-12-15 23:20:18,242:INFO:

2018-12-15 23:20:18,242:INFO:The symbols in this password are: ['!']
2018-12-15 23:20:18,242:INFO:The '!' was the 5th character
2018-12-15 23:20:18,242:INFO:

2018-12-15 23:20:18,300:INFO:The length of 'T4st!ng' is 7
2018-12-15 23:20:18,300:INFO:As a list it looks like this ['T', '4', 's', 't', '!', 'n', 'g']
2018-12-15 23:20:18,301:INFO:The letters in this password are: ['T', 's', 't', 'n', 'g']
2018-12-15 23:20:18,301:INFO:The 'T' was the 1st character
2018-12-15 23:20:18,301:INFO:The 's' was the 3rd character
2018-12-15 23:20:18,301:INFO:The 't' was the 4th character
2018-12-15 23:20:18,301:INFO:The 'n' was the 6th character
2018-12-15 23:20:18,301:INFO:The 'g' was the 7th character
2018-12-15 23:20:18,301:INFO:

2018-12-15 23:20:18,302:INFO:The numbers in this password are: ['4']
2018-12-15 23:20:18,302:INFO:The '4' was the 2nd character
2018-12-15 23:20:18,302:INFO:

2018-12-15 23:20:18,303:INFO:The symbols in this password are: ['!']
2018-12-15 23:20:18,303:INFO:The '!' was the 5th character
2018-12-15 23:20:18,303:INFO:

2018-12-15 23:20:18,364:INFO:The length of 'T4st!ng' is 7
2018-12-15 23:20:18,364:INFO:As a list it looks like this ['T', '4', 's', 't', '!', 'n', 'g']
2018-12-15 23:20:18,365:INFO:The letters in this password are: ['T', 's', 't', 'n', 'g']
2018-12-15 23:20:18,365:INFO:The 'T' was the 1st character
2018-12-15 23:20:18,365:INFO:The 's' was the 3rd character
2018-12-15 23:20:18,365:INFO:The 't' was the 4th character
2018-12-15 23:20:18,365:INFO:The 'n' was the 6th character
2018-12-15 23:20:18,365:INFO:The 'g' was the 7th character
2018-12-15 23:20:18,365:INFO:

2018-12-15 23:20:18,366:INFO:The numbers in this password are: ['4']
2018-12-15 23:20:18,366:INFO:The '4' was the 2nd character
2018-12-15 23:20:18,366:INFO:

2018-12-15 23:20:18,366:INFO:The symbols in this password are: ['!']
2018-12-15 23:20:18,366:INFO:The '!' was the 5th character
2018-12-15 23:20:18,366:INFO:

2018-12-15 23:20:18,424:INFO:The length of 'T4st!ng' is 7
2018-12-15 23:20:18,425:INFO:As a list it looks like this ['T', '4', 's', 't', '!', 'n', 'g']
2018-12-15 23:20:18,425:INFO:The letters in this password are: ['T', 's', 't', 'n', 'g']
2018-12-15 23:20:18,425:INFO:The 'T' was the 1st character
2018-12-15 23:20:18,425:INFO:The 's' was the 3rd character
2018-12-15 23:20:18,426:INFO:The 't' was the 4th character
2018-12-15 23:20:18,426:INFO:The 'n' was the 6th character
2018-12-15 23:20:18,426:INFO:The 'g' was the 7th character
2018-12-15 23:20:18,426:INFO:

2018-12-15 23:20:18,426:INFO:The numbers in this password are: ['4']
2018-12-15 23:20:18,426:INFO:The '4' was the 2nd character
2018-12-15 23:20:18,426:INFO:

2018-12-15 23:20:18,427:INFO:The symbols in this password are: ['!']
2018-12-15 23:20:18,427:INFO:The '!' was the 5th character
2018-12-15 23:20:18,427:INFO:

2018-12-15 23:20:18,493:INFO:The length of 'T4st!ng' is 7
2018-12-15 23:20:18,494:INFO:As a list it looks like this ['T', '4', 's', 't', '!', 'n', 'g']
2018-12-15 23:20:18,494:INFO:The letters in this password are: ['T', 's', 't', 'n', 'g']
2018-12-15 23:20:18,494:INFO:The 'T' was the 1st character
2018-12-15 23:20:18,494:INFO:The 's' was the 3rd character
2018-12-15 23:20:18,494:INFO:The 't' was the 4th character
2018-12-15 23:20:18,495:INFO:The 'n' was the 6th character
2018-12-15 23:20:18,495:INFO:The 'g' was the 7th character
2018-12-15 23:20:18,495:INFO:

2018-12-15 23:20:18,495:INFO:The numbers in this password are: ['4']
2018-12-15 23:20:18,495:INFO:The '4' was the 2nd character
2018-12-15 23:20:18,495:INFO:

2018-12-15 23:20:18,496:INFO:The symbols in this password are: ['!']
2018-12-15 23:20:18,496:INFO:The '!' was the 5th character
2018-12-15 23:20:18,496:INFO:

2018-12-15 23:20:18,558:INFO:The length of 'T4st!ng' is 7
2018-12-15 23:20:18,558:INFO:As a list it looks like this ['T', '4', 's', 't', '!', 'n', 'g']
2018-12-15 23:20:18,559:INFO:The letters in this password are: ['T', 's', 't', 'n', 'g']
2018-12-15 23:20:18,559:INFO:The 'T' was the 1st character
2018-12-15 23:20:18,559:INFO:The 's' was the 3rd character
2018-12-15 23:20:18,559:INFO:The 't' was the 4th character
2018-12-15 23:20:18,559:INFO:The 'n' was the 6th character
2018-12-15 23:20:18,560:INFO:The 'g' was the 7th character
2018-12-15 23:20:18,560:INFO:

2018-12-15 23:20:18,560:INFO:The numbers in this password are: ['4']
2018-12-15 23:20:18,560:INFO:The '4' was the 2nd character
2018-12-15 23:20:18,560:INFO:

2018-12-15 23:20:18,560:INFO:The symbols in this password are: ['!']
2018-12-15 23:20:18,561:INFO:The '!' was the 5th character
2018-12-15 23:20:18,561:INFO:

2018-12-15 23:20:18,618:INFO:The length of 'T4st!ng' is 7
2018-12-15 23:20:18,619:INFO:As a list it looks like this ['T', '4', 's', 't', '!', 'n', 'g']
2018-12-15 23:20:18,619:INFO:The letters in this password are: ['T', 's', 't', 'n', 'g']
2018-12-15 23:20:18,619:INFO:The 'T' was the 1st character
2018-12-15 23:20:18,620:INFO:The 's' was the 3rd character
2018-12-15 23:20:18,620:INFO:The 't' was the 4th character
2018-12-15 23:20:18,620:INFO:The 'n' was the 6th character
2018-12-15 23:20:18,620:INFO:The 'g' was the 7th character
2018-12-15 23:20:18,620:INFO:

2018-12-15 23:20:18,621:INFO:The numbers in this password are: ['4']
2018-12-15 23:20:18,621:INFO:The '4' was the 2nd character
2018-12-15 23:20:18,621:INFO:

2018-12-15 23:20:18,621:INFO:The symbols in this password are: ['!']
2018-12-15 23:20:18,621:INFO:The '!' was the 5th character
2018-12-15 23:20:18,621:INFO:

2018-12-15 23:20:18,681:INFO:The length of 'T4st!ng' is 7
2018-12-15 23:20:18,682:INFO:As a list it looks like this ['T', '4', 's', 't', '!', 'n', 'g']
2018-12-15 23:20:18,682:INFO:The letters in this password are: ['T', 's', 't', 'n', 'g']
2018-12-15 23:20:18,682:INFO:The 'T' was the 1st character
2018-12-15 23:20:18,683:INFO:The 's' was the 3rd character
2018-12-15 23:20:18,683:INFO:The 't' was the 4th character
2018-12-15 23:20:18,683:INFO:The 'n' was the 6th character
2018-12-15 23:20:18,683:INFO:The 'g' was the 7th character
2018-12-15 23:20:18,683:INFO:

2018-12-15 23:20:18,683:INFO:The numbers in this password are: ['4']
2018-12-15 23:20:18,683:INFO:The '4' was the 2nd character
2018-12-15 23:20:18,684:INFO:

2018-12-15 23:20:18,684:INFO:The symbols in this password are: ['!']
2018-12-15 23:20:18,684:INFO:The '!' was the 5th character
2018-12-15 23:20:18,684:INFO:

2018-12-15 23:20:18,743:INFO:The length of 'T4st!ng' is 7
2018-12-15 23:20:18,744:INFO:As a list it looks like this ['T', '4', 's', 't', '!', 'n', 'g']
2018-12-15 23:20:18,744:INFO:The letters in this password are: ['T', 's', 't', 'n', 'g']
2018-12-15 23:20:18,744:INFO:The 'T' was the 1st character
2018-12-15 23:20:18,744:INFO:The 's' was the 3rd character
2018-12-15 23:20:18,745:INFO:The 't' was the 4th character
2018-12-15 23:20:18,745:INFO:The 'n' was the 6th character
2018-12-15 23:20:18,745:INFO:The 'g' was the 7th character
2018-12-15 23:20:18,745:INFO:

2018-12-15 23:20:18,745:INFO:The numbers in this password are: ['4']
2018-12-15 23:20:18,746:INFO:The '4' was the 2nd character
2018-12-15 23:20:18,746:INFO:

2018-12-15 23:20:18,746:INFO:The symbols in this password are: ['!']
2018-12-15 23:20:18,746:INFO:The '!' was the 5th character
2018-12-15 23:20:18,746:INFO:

2018-12-15 23:20:18,804:INFO:The length of 'T4st!ng' is 7
2018-12-15 23:20:18,805:INFO:As a list it looks like this ['T', '4', 's', 't', '!', 'n', 'g']
2018-12-15 23:20:18,805:INFO:The letters in this password are: ['T', 's', 't', 'n', 'g']
2018-12-15 23:20:18,805:INFO:The 'T' was the 1st character
2018-12-15 23:20:18,805:INFO:The 's' was the 3rd character
2018-12-15 23:20:18,806:INFO:The 't' was the 4th character
2018-12-15 23:20:18,806:INFO:The 'n' was the 6th character
2018-12-15 23:20:18,806:INFO:The 'g' was the 7th character
2018-12-15 23:20:18,806:INFO:

2018-12-15 23:20:18,806:INFO:The numbers in this password are: ['4']
2018-12-15 23:20:18,806:INFO:The '4' was the 2nd character
2018-12-15 23:20:18,807:INFO:

2018-12-15 23:20:18,807:INFO:The symbols in this password are: ['!']
2018-12-15 23:20:18,807:INFO:The '!' was the 5th character
2018-12-15 23:20:18,807:INFO:

2018-12-15 23:20:18,869:INFO:The length of 'T4st!ng' is 7
2018-12-15 23:20:18,870:INFO:As a list it looks like this ['T', '4', 's', 't', '!', 'n', 'g']
2018-12-15 23:20:18,870:INFO:The letters in this password are: ['T', 's', 't', 'n', 'g']
2018-12-15 23:20:18,870:INFO:The 'T' was the 1st character
2018-12-15 23:20:18,871:INFO:The 's' was the 3rd character
2018-12-15 23:20:18,871:INFO:The 't' was the 4th character
2018-12-15 23:20:18,871:INFO:The 'n' was the 6th character
2018-12-15 23:20:18,871:INFO:The 'g' was the 7th character
2018-12-15 23:20:18,871:INFO:

2018-12-15 23:20:18,872:INFO:The numbers in this password are: ['4']
2018-12-15 23:20:18,872:INFO:The '4' was the 2nd character
2018-12-15 23:20:18,872:INFO:

2018-12-15 23:20:18,872:INFO:The symbols in this password are: ['!']
2018-12-15 23:20:18,872:INFO:The '!' was the 5th character
2018-12-15 23:20:18,872:INFO:

2018-12-15 23:20:18,932:INFO:The length of 'T4st!ng' is 7
2018-12-15 23:20:18,933:INFO:As a list it looks like this ['T', '4', 's', 't', '!', 'n', 'g']
2018-12-15 23:20:18,933:INFO:The letters in this password are: ['T', 's', 't', 'n', 'g']
2018-12-15 23:20:18,933:INFO:The 'T' was the 1st character
2018-12-15 23:20:18,934:INFO:The 's' was the 3rd character
2018-12-15 23:20:18,934:INFO:The 't' was the 4th character
2018-12-15 23:20:18,934:INFO:The 'n' was the 6th character
2018-12-15 23:20:18,934:INFO:The 'g' was the 7th character
2018-12-15 23:20:18,934:INFO:

2018-12-15 23:20:18,935:INFO:The numbers in this password are: ['4']
2018-12-15 23:20:18,935:INFO:The '4' was the 2nd character
2018-12-15 23:20:18,935:INFO:

2018-12-15 23:20:18,935:INFO:The symbols in this password are: ['!']
2018-12-15 23:20:18,935:INFO:The '!' was the 5th character
2018-12-15 23:20:18,936:INFO:

2018-12-15 23:20:18,996:INFO:The length of 'T4st!ng' is 7
2018-12-15 23:20:18,997:INFO:As a list it looks like this ['T', '4', 's', 't', '!', 'n', 'g']
2018-12-15 23:20:18,997:INFO:The letters in this password are: ['T', 's', 't', 'n', 'g']
2018-12-15 23:20:18,997:INFO:The 'T' was the 1st character
2018-12-15 23:20:18,997:INFO:The 's' was the 3rd character
2018-12-15 23:20:18,997:INFO:The 't' was the 4th character
2018-12-15 23:20:18,998:INFO:The 'n' was the 6th character
2018-12-15 23:20:18,998:INFO:The 'g' was the 7th character
2018-12-15 23:20:18,998:INFO:

2018-12-15 23:20:18,998:INFO:The numbers in this password are: ['4']
2018-12-15 23:20:18,998:INFO:The '4' was the 2nd character
2018-12-15 23:20:18,998:INFO:

2018-12-15 23:20:18,999:INFO:The symbols in this password are: ['!']
2018-12-15 23:20:18,999:INFO:The '!' was the 5th character
2018-12-15 23:20:18,999:INFO:

2018-12-15 23:20:19,060:INFO:The length of 'T4st!ng' is 7
2018-12-15 23:20:19,060:INFO:As a list it looks like this ['T', '4', 's', 't', '!', 'n', 'g']
2018-12-15 23:20:19,061:INFO:The letters in this password are: ['T', 's', 't', 'n', 'g']
2018-12-15 23:20:19,061:INFO:The 'T' was the 1st character
2018-12-15 23:20:19,061:INFO:The 's' was the 3rd character
2018-12-15 23:20:19,061:INFO:The 't' was the 4th character
2018-12-15 23:20:19,061:INFO:The 'n' was the 6th character
2018-12-15 23:20:19,061:INFO:The 'g' was the 7th character
2018-12-15 23:20:19,062:INFO:

2018-12-15 23:20:19,062:INFO:The numbers in this password are: ['4']
2018-12-15 23:20:19,062:INFO:The '4' was the 2nd character
2018-12-15 23:20:19,062:INFO:

2018-12-15 23:20:19,062:INFO:The symbols in this password are: ['!']
2018-12-15 23:20:19,062:INFO:The '!' was the 5th character
2018-12-15 23:20:19,063:INFO:

2018-12-15 23:20:19,121:INFO:The length of 'T4st!ng' is 7
2018-12-15 23:20:19,122:INFO:As a list it looks like this ['T', '4', 's', 't', '!', 'n', 'g']
2018-12-15 23:20:19,122:INFO:The letters in this password are: ['T', 's', 't', 'n', 'g']
2018-12-15 23:20:19,122:INFO:The 'T' was the 1st character
2018-12-15 23:20:19,122:INFO:The 's' was the 3rd character
2018-12-15 23:20:19,122:INFO:The 't' was the 4th character
2018-12-15 23:20:19,123:INFO:The 'n' was the 6th character
2018-12-15 23:20:19,123:INFO:The 'g' was the 7th character
2018-12-15 23:20:19,123:INFO:

2018-12-15 23:20:19,123:INFO:The numbers in this password are: ['4']
2018-12-15 23:20:19,123:INFO:The '4' was the 2nd character
2018-12-15 23:20:19,123:INFO:

2018-12-15 23:20:19,123:INFO:The symbols in this password are: ['!']
2018-12-15 23:20:19,124:INFO:The '!' was the 5th character
2018-12-15 23:20:19,124:INFO:

2018-12-15 23:20:19,185:INFO:The length of 'T4st!ng' is 7
2018-12-15 23:20:19,186:INFO:As a list it looks like this ['T', '4', 's', 't', '!', 'n', 'g']
2018-12-15 23:20:19,186:INFO:The letters in this password are: ['T', 's', 't', 'n', 'g']
2018-12-15 23:20:19,186:INFO:The 'T' was the 1st character
2018-12-15 23:20:19,187:INFO:The 's' was the 3rd character
2018-12-15 23:20:19,187:INFO:The 't' was the 4th character
2018-12-15 23:20:19,187:INFO:The 'n' was the 6th character
2018-12-15 23:20:19,187:INFO:The 'g' was the 7th character
2018-12-15 23:20:19,187:INFO:

2018-12-15 23:20:19,187:INFO:The numbers in this password are: ['4']
2018-12-15 23:20:19,187:INFO:The '4' was the 2nd character
2018-12-15 23:20:19,187:INFO:

2018-12-15 23:20:19,188:INFO:The symbols in this password are: ['!']
2018-12-15 23:20:19,188:INFO:The '!' was the 5th character
2018-12-15 23:20:19,188:INFO:

2018-12-15 23:20:19,245:INFO:The length of 'T4st!ng' is 7
2018-12-15 23:20:19,246:INFO:As a list it looks like this ['T', '4', 's', 't', '!', 'n', 'g']
2018-12-15 23:20:19,246:INFO:The letters in this password are: ['T', 's', 't', 'n', 'g']
2018-12-15 23:20:19,246:INFO:The 'T' was the 1st character
2018-12-15 23:20:19,246:INFO:The 's' was the 3rd character
2018-12-15 23:20:19,246:INFO:The 't' was the 4th character
2018-12-15 23:20:19,246:INFO:The 'n' was the 6th character
2018-12-15 23:20:19,247:INFO:The 'g' was the 7th character
2018-12-15 23:20:19,247:INFO:

2018-12-15 23:20:19,247:INFO:The numbers in this password are: ['4']
2018-12-15 23:20:19,247:INFO:The '4' was the 2nd character
2018-12-15 23:20:19,247:INFO:

2018-12-15 23:20:19,248:INFO:The symbols in this password are: ['!']
2018-12-15 23:20:19,248:INFO:The '!' was the 5th character
2018-12-15 23:20:19,248:INFO:

2018-12-15 23:20:19,307:INFO:The length of 'T4st!ng' is 7
2018-12-15 23:20:19,308:INFO:As a list it looks like this ['T', '4', 's', 't', '!', 'n', 'g']
2018-12-15 23:20:19,308:INFO:The letters in this password are: ['T', 's', 't', 'n', 'g']
2018-12-15 23:20:19,309:INFO:The 'T' was the 1st character
2018-12-15 23:20:19,309:INFO:The 's' was the 3rd character
2018-12-15 23:20:19,309:INFO:The 't' was the 4th character
2018-12-15 23:20:19,310:INFO:The 'n' was the 6th character
2018-12-15 23:20:19,310:INFO:The 'g' was the 7th character
2018-12-15 23:20:19,310:INFO:

2018-12-15 23:20:19,310:INFO:The numbers in this password are: ['4']
2018-12-15 23:20:19,311:INFO:The '4' was the 2nd character
2018-12-15 23:20:19,311:INFO:

2018-12-15 23:20:19,311:INFO:The symbols in this password are: ['!']
2018-12-15 23:20:19,311:INFO:The '!' was the 5th character
2018-12-15 23:20:19,311:INFO:

2018-12-15 23:20:19,373:INFO:The length of 'T4st!ng' is 7
2018-12-15 23:20:19,373:INFO:As a list it looks like this ['T', '4', 's', 't', '!', 'n', 'g']
2018-12-15 23:20:19,374:INFO:The letters in this password are: ['T', 's', 't', 'n', 'g']
2018-12-15 23:20:19,374:INFO:The 'T' was the 1st character
2018-12-15 23:20:19,374:INFO:The 's' was the 3rd character
2018-12-15 23:20:19,374:INFO:The 't' was the 4th character
2018-12-15 23:20:19,374:INFO:The 'n' was the 6th character
2018-12-15 23:20:19,374:INFO:The 'g' was the 7th character
2018-12-15 23:20:19,375:INFO:

2018-12-15 23:20:19,375:INFO:The numbers in this password are: ['4']
2018-12-15 23:20:19,375:INFO:The '4' was the 2nd character
2018-12-15 23:20:19,375:INFO:

2018-12-15 23:20:19,375:INFO:The symbols in this password are: ['!']
2018-12-15 23:20:19,375:INFO:The '!' was the 5th character
2018-12-15 23:20:19,375:INFO:

2018-12-15 23:20:19,431:INFO:The length of 'T4st!ng' is 7
2018-12-15 23:20:19,431:INFO:As a list it looks like this ['T', '4', 's', 't', '!', 'n', 'g']
2018-12-15 23:20:19,432:INFO:The letters in this password are: ['T', 's', 't', 'n', 'g']
2018-12-15 23:20:19,432:INFO:The 'T' was the 1st character
2018-12-15 23:20:19,432:INFO:The 's' was the 3rd character
2018-12-15 23:20:19,432:INFO:The 't' was the 4th character
2018-12-15 23:20:19,433:INFO:The 'n' was the 6th character
2018-12-15 23:20:19,433:INFO:The 'g' was the 7th character
2018-12-15 23:20:19,433:INFO:

2018-12-15 23:20:19,433:INFO:The numbers in this password are: ['4']
2018-12-15 23:20:19,434:INFO:The '4' was the 2nd character
2018-12-15 23:20:19,434:INFO:

2018-12-15 23:20:19,434:INFO:The symbols in this password are: ['!']
2018-12-15 23:20:19,434:INFO:The '!' was the 5th character
2018-12-15 23:20:19,435:INFO:

2018-12-15 23:20:19,494:INFO:The length of 'T4st!ng' is 7
2018-12-15 23:20:19,494:INFO:As a list it looks like this ['T', '4', 's', 't', '!', 'n', 'g']
2018-12-15 23:20:19,495:INFO:The letters in this password are: ['T', 's', 't', 'n', 'g']
2018-12-15 23:20:19,495:INFO:The 'T' was the 1st character
2018-12-15 23:20:19,495:INFO:The 's' was the 3rd character
2018-12-15 23:20:19,495:INFO:The 't' was the 4th character
2018-12-15 23:20:19,495:INFO:The 'n' was the 6th character
2018-12-15 23:20:19,495:INFO:The 'g' was the 7th character
2018-12-15 23:20:19,495:INFO:

2018-12-15 23:20:19,496:INFO:The numbers in this password are: ['4']
2018-12-15 23:20:19,496:INFO:The '4' was the 2nd character
2018-12-15 23:20:19,496:INFO:

2018-12-15 23:20:19,496:INFO:The symbols in this password are: ['!']
2018-12-15 23:20:19,496:INFO:The '!' was the 5th character
2018-12-15 23:20:19,496:INFO:

2018-12-15 23:20:19,564:INFO:The length of 'T4st!ng' is 7
2018-12-15 23:20:19,565:INFO:As a list it looks like this ['T', '4', 's', 't', '!', 'n', 'g']
2018-12-15 23:20:19,565:INFO:The letters in this password are: ['T', 's', 't', 'n', 'g']
2018-12-15 23:20:19,565:INFO:The 'T' was the 1st character
2018-12-15 23:20:19,566:INFO:The 's' was the 3rd character
2018-12-15 23:20:19,566:INFO:The 't' was the 4th character
2018-12-15 23:20:19,566:INFO:The 'n' was the 6th character
2018-12-15 23:20:19,566:INFO:The 'g' was the 7th character
2018-12-15 23:20:19,566:INFO:

2018-12-15 23:20:19,567:INFO:The numbers in this password are: ['4']
2018-12-15 23:20:19,567:INFO:The '4' was the 2nd character
2018-12-15 23:20:19,567:INFO:

2018-12-15 23:20:19,567:INFO:The symbols in this password are: ['!']
2018-12-15 23:20:19,567:INFO:The '!' was the 5th character
2018-12-15 23:20:19,567:INFO:

2018-12-15 23:20:19,624:INFO:The length of 'T4st!ng' is 7
2018-12-15 23:20:19,624:INFO:As a list it looks like this ['T', '4', 's', 't', '!', 'n', 'g']
2018-12-15 23:20:19,625:INFO:The letters in this password are: ['T', 's', 't', 'n', 'g']
2018-12-15 23:20:19,625:INFO:The 'T' was the 1st character
2018-12-15 23:20:19,625:INFO:The 's' was the 3rd character
2018-12-15 23:20:19,625:INFO:The 't' was the 4th character
2018-12-15 23:20:19,625:INFO:The 'n' was the 6th character
2018-12-15 23:20:19,626:INFO:The 'g' was the 7th character
2018-12-15 23:20:19,626:INFO:

2018-12-15 23:20:19,626:INFO:The numbers in this password are: ['4']
2018-12-15 23:20:19,626:INFO:The '4' was the 2nd character
2018-12-15 23:20:19,626:INFO:

2018-12-15 23:20:19,626:INFO:The symbols in this password are: ['!']
2018-12-15 23:20:19,627:INFO:The '!' was the 5th character
2018-12-15 23:20:19,627:INFO:

2018-12-15 23:20:19,684:INFO:The length of 'T4st!ng' is 7
2018-12-15 23:20:19,685:INFO:As a list it looks like this ['T', '4', 's', 't', '!', 'n', 'g']
2018-12-15 23:20:19,685:INFO:The letters in this password are: ['T', 's', 't', 'n', 'g']
2018-12-15 23:20:19,685:INFO:The 'T' was the 1st character
2018-12-15 23:20:19,685:INFO:The 's' was the 3rd character
2018-12-15 23:20:19,685:INFO:The 't' was the 4th character
2018-12-15 23:20:19,686:INFO:The 'n' was the 6th character
2018-12-15 23:20:19,686:INFO:The 'g' was the 7th character
2018-12-15 23:20:19,686:INFO:

2018-12-15 23:20:19,686:INFO:The numbers in this password are: ['4']
2018-12-15 23:20:19,686:INFO:The '4' was the 2nd character
2018-12-15 23:20:19,686:INFO:

2018-12-15 23:20:19,687:INFO:The symbols in this password are: ['!']
2018-12-15 23:20:19,687:INFO:The '!' was the 5th character
2018-12-15 23:20:19,687:INFO:

2018-12-15 23:20:19,747:INFO:The length of 'T4st!ng' is 7
2018-12-15 23:20:19,747:INFO:As a list it looks like this ['T', '4', 's', 't', '!', 'n', 'g']
2018-12-15 23:20:19,747:INFO:The letters in this password are: ['T', 's', 't', 'n', 'g']
2018-12-15 23:20:19,748:INFO:The 'T' was the 1st character
2018-12-15 23:20:19,748:INFO:The 's' was the 3rd character
2018-12-15 23:20:19,748:INFO:The 't' was the 4th character
2018-12-15 23:20:19,748:INFO:The 'n' was the 6th character
2018-12-15 23:20:19,748:INFO:The 'g' was the 7th character
2018-12-15 23:20:19,748:INFO:

2018-12-15 23:20:19,748:INFO:The numbers in this password are: ['4']
2018-12-15 23:20:19,749:INFO:The '4' was the 2nd character
2018-12-15 23:20:19,749:INFO:

2018-12-15 23:20:19,749:INFO:The symbols in this password are: ['!']
2018-12-15 23:20:19,749:INFO:The '!' was the 5th character
2018-12-15 23:20:19,749:INFO:

2018-12-15 23:33:44,501:INFO:The length of 'T4st!ng' is 7
2018-12-15 23:33:44,502:INFO:As a list it looks like this ['T', '4', 's', 't', '!', 'n', 'g']
2018-12-15 23:33:44,502:INFO:The letters in this password are: ['T', 's', 't', 'n', 'g']
2018-12-15 23:33:44,503:INFO:The 'T' was the 1st character
2018-12-15 23:33:44,503:INFO:The 's' was the 3rd character
2018-12-15 23:33:44,503:INFO:The 't' was the 4th character
2018-12-15 23:33:44,503:INFO:The 'n' was the 6th character
2018-12-15 23:33:44,504:INFO:The 'g' was the 7th character
2018-12-15 23:33:44,504:INFO:

2018-12-15 23:33:44,504:INFO:The numbers in this password are: ['4']
2018-12-15 23:33:44,504:INFO:The '4' was the 2nd character
2018-12-15 23:33:44,505:INFO:

2018-12-15 23:33:44,505:INFO:The symbols in this password are: ['!']
2018-12-15 23:33:44,505:INFO:The '!' was the 5th character
2018-12-15 23:33:44,505:INFO:

2018-12-15 23:33:51,708:INFO:The length of 'T4st!ng' is 7
2018-12-15 23:33:51,709:INFO:As a list it looks like this ['T', '4', 's', 't', '!', 'n', 'g']
2018-12-15 23:33:51,709:INFO:The letters in this password are: ['T', 's', 't', 'n', 'g']
2018-12-15 23:33:51,709:INFO:The 'T' was the 1st character
2018-12-15 23:33:51,709:INFO:The 's' was the 3rd character
2018-12-15 23:33:51,709:INFO:The 't' was the 4th character
2018-12-15 23:33:51,709:INFO:The 'n' was the 6th character
2018-12-15 23:33:51,710:INFO:The 'g' was the 7th character
2018-12-15 23:33:51,710:INFO:

2018-12-15 23:33:51,711:INFO:The numbers in this password are: ['4']
2018-12-15 23:33:51,711:INFO:The '4' was the 2nd character
2018-12-15 23:33:51,711:INFO:

2018-12-15 23:33:51,712:INFO:The symbols in this password are: ['!']
2018-12-15 23:33:51,712:INFO:The '!' was the 5th character
2018-12-15 23:33:51,712:INFO:

2018-12-15 23:33:51,773:INFO:The length of 'T4st!ng' is 7
2018-12-15 23:33:51,774:INFO:As a list it looks like this ['T', '4', 's', 't', '!', 'n', 'g']
2018-12-15 23:33:51,774:INFO:The letters in this password are: ['T', 's', 't', 'n', 'g']
2018-12-15 23:33:51,775:INFO:The 'T' was the 1st character
2018-12-15 23:33:51,775:INFO:The 's' was the 3rd character
2018-12-15 23:33:51,775:INFO:The 't' was the 4th character
2018-12-15 23:33:51,775:INFO:The 'n' was the 6th character
2018-12-15 23:33:51,776:INFO:The 'g' was the 7th character
2018-12-15 23:33:51,777:INFO:

2018-12-15 23:33:51,779:INFO:The numbers in this password are: ['4']
2018-12-15 23:33:51,782:INFO:The '4' was the 2nd character
2018-12-15 23:33:51,782:INFO:

2018-12-15 23:33:51,782:INFO:The symbols in this password are: ['!']
2018-12-15 23:33:51,784:INFO:The '!' was the 5th character
2018-12-15 23:33:51,785:INFO:

2018-12-15 23:33:51,842:INFO:The length of 'T4st!ng' is 7
2018-12-15 23:33:51,842:INFO:As a list it looks like this ['T', '4', 's', 't', '!', 'n', 'g']
2018-12-15 23:33:51,843:INFO:The letters in this password are: ['T', 's', 't', 'n', 'g']
2018-12-15 23:33:51,843:INFO:The 'T' was the 1st character
2018-12-15 23:33:51,843:INFO:The 's' was the 3rd character
2018-12-15 23:33:51,844:INFO:The 't' was the 4th character
2018-12-15 23:33:51,844:INFO:The 'n' was the 6th character
2018-12-15 23:33:51,845:INFO:The 'g' was the 7th character
2018-12-15 23:33:51,845:INFO:

2018-12-15 23:33:51,845:INFO:The numbers in this password are: ['4']
2018-12-15 23:33:51,846:INFO:The '4' was the 2nd character
2018-12-15 23:33:51,846:INFO:

2018-12-15 23:33:51,846:INFO:The symbols in this password are: ['!']
2018-12-15 23:33:51,847:INFO:The '!' was the 5th character
2018-12-15 23:33:51,847:INFO:

2018-12-15 23:33:51,909:INFO:The length of 'T4st!ng' is 7
2018-12-15 23:33:51,910:INFO:As a list it looks like this ['T', '4', 's', 't', '!', 'n', 'g']
2018-12-15 23:33:51,910:INFO:The letters in this password are: ['T', 's', 't', 'n', 'g']
2018-12-15 23:33:51,910:INFO:The 'T' was the 1st character
2018-12-15 23:33:51,911:INFO:The 's' was the 3rd character
2018-12-15 23:33:51,911:INFO:The 't' was the 4th character
2018-12-15 23:33:51,911:INFO:The 'n' was the 6th character
2018-12-15 23:33:51,911:INFO:The 'g' was the 7th character
2018-12-15 23:33:51,912:INFO:

2018-12-15 23:33:51,912:INFO:The numbers in this password are: ['4']
2018-12-15 23:33:51,912:INFO:The '4' was the 2nd character
2018-12-15 23:33:51,913:INFO:

2018-12-15 23:33:51,913:INFO:The symbols in this password are: ['!']
2018-12-15 23:33:51,913:INFO:The '!' was the 5th character
2018-12-15 23:33:51,914:INFO:

2018-12-15 23:33:51,973:INFO:The length of 'T4st!ng' is 7
2018-12-15 23:33:51,973:INFO:As a list it looks like this ['T', '4', 's', 't', '!', 'n', 'g']
2018-12-15 23:33:51,974:INFO:The letters in this password are: ['T', 's', 't', 'n', 'g']
2018-12-15 23:33:51,974:INFO:The 'T' was the 1st character
2018-12-15 23:33:51,974:INFO:The 's' was the 3rd character
2018-12-15 23:33:51,975:INFO:The 't' was the 4th character
2018-12-15 23:33:51,975:INFO:The 'n' was the 6th character
2018-12-15 23:33:51,975:INFO:The 'g' was the 7th character
2018-12-15 23:33:51,975:INFO:

2018-12-15 23:33:51,976:INFO:The numbers in this password are: ['4']
2018-12-15 23:33:51,976:INFO:The '4' was the 2nd character
2018-12-15 23:33:51,977:INFO:

2018-12-15 23:33:51,978:INFO:The symbols in this password are: ['!']
2018-12-15 23:33:51,978:INFO:The '!' was the 5th character
2018-12-15 23:33:51,978:INFO:

2018-12-15 23:33:52,040:INFO:The length of 'T4st!ng' is 7
2018-12-15 23:33:52,040:INFO:As a list it looks like this ['T', '4', 's', 't', '!', 'n', 'g']
2018-12-15 23:33:52,041:INFO:The letters in this password are: ['T', 's', 't', 'n', 'g']
2018-12-15 23:33:52,041:INFO:The 'T' was the 1st character
2018-12-15 23:33:52,041:INFO:The 's' was the 3rd character
2018-12-15 23:33:52,042:INFO:The 't' was the 4th character
2018-12-15 23:33:52,042:INFO:The 'n' was the 6th character
2018-12-15 23:33:52,042:INFO:The 'g' was the 7th character
2018-12-15 23:33:52,043:INFO:

2018-12-15 23:33:52,043:INFO:The numbers in this password are: ['4']
2018-12-15 23:33:52,044:INFO:The '4' was the 2nd character
2018-12-15 23:33:52,044:INFO:

2018-12-15 23:33:52,045:INFO:The symbols in this password are: ['!']
2018-12-15 23:33:52,045:INFO:The '!' was the 5th character
2018-12-15 23:33:52,045:INFO:

2018-12-15 23:33:52,105:INFO:The length of 'T4st!ng' is 7
2018-12-15 23:33:52,105:INFO:As a list it looks like this ['T', '4', 's', 't', '!', 'n', 'g']
2018-12-15 23:33:52,106:INFO:The letters in this password are: ['T', 's', 't', 'n', 'g']
2018-12-15 23:33:52,106:INFO:The 'T' was the 1st character
2018-12-15 23:33:52,107:INFO:The 's' was the 3rd character
2018-12-15 23:33:52,107:INFO:The 't' was the 4th character
2018-12-15 23:33:52,108:INFO:The 'n' was the 6th character
2018-12-15 23:33:52,108:INFO:The 'g' was the 7th character
2018-12-15 23:33:52,109:INFO:

2018-12-15 23:33:52,109:INFO:The numbers in this password are: ['4']
2018-12-15 23:33:52,109:INFO:The '4' was the 2nd character
2018-12-15 23:33:52,110:INFO:

2018-12-15 23:33:52,110:INFO:The symbols in this password are: ['!']
2018-12-15 23:33:52,110:INFO:The '!' was the 5th character
2018-12-15 23:33:52,111:INFO:

2018-12-15 23:33:52,168:INFO:The length of 'T4st!ng' is 7
2018-12-15 23:33:52,168:INFO:As a list it looks like this ['T', '4', 's', 't', '!', 'n', 'g']
2018-12-15 23:33:52,169:INFO:The letters in this password are: ['T', 's', 't', 'n', 'g']
2018-12-15 23:33:52,169:INFO:The 'T' was the 1st character
2018-12-15 23:33:52,169:INFO:The 's' was the 3rd character
2018-12-15 23:33:52,170:INFO:The 't' was the 4th character
2018-12-15 23:33:52,170:INFO:The 'n' was the 6th character
2018-12-15 23:33:52,170:INFO:The 'g' was the 7th character
2018-12-15 23:33:52,170:INFO:

2018-12-15 23:33:52,171:INFO:The numbers in this password are: ['4']
2018-12-15 23:33:52,171:INFO:The '4' was the 2nd character
2018-12-15 23:33:52,171:INFO:

2018-12-15 23:33:52,172:INFO:The symbols in this password are: ['!']
2018-12-15 23:33:52,173:INFO:The '!' was the 5th character
2018-12-15 23:33:52,173:INFO:

2018-12-15 23:33:52,235:INFO:The length of 'T4st!ng' is 7
2018-12-15 23:33:52,236:INFO:As a list it looks like this ['T', '4', 's', 't', '!', 'n', 'g']
2018-12-15 23:33:52,236:INFO:The letters in this password are: ['T', 's', 't', 'n', 'g']
2018-12-15 23:33:52,237:INFO:The 'T' was the 1st character
2018-12-15 23:33:52,238:INFO:The 's' was the 3rd character
2018-12-15 23:33:52,238:INFO:The 't' was the 4th character
2018-12-15 23:33:52,238:INFO:The 'n' was the 6th character
2018-12-15 23:33:52,239:INFO:The 'g' was the 7th character
2018-12-15 23:33:52,239:INFO:

2018-12-15 23:33:52,239:INFO:The numbers in this password are: ['4']
2018-12-15 23:33:52,240:INFO:The '4' was the 2nd character
2018-12-15 23:33:52,240:INFO:

2018-12-15 23:33:52,241:INFO:The symbols in this password are: ['!']
2018-12-15 23:33:52,241:INFO:The '!' was the 5th character
2018-12-15 23:33:52,241:INFO:

2018-12-15 23:33:52,311:INFO:The length of 'T4st!ng' is 7
2018-12-15 23:33:52,312:INFO:As a list it looks like this ['T', '4', 's', 't', '!', 'n', 'g']
2018-12-15 23:33:52,312:INFO:The letters in this password are: ['T', 's', 't', 'n', 'g']
2018-12-15 23:33:52,312:INFO:The 'T' was the 1st character
2018-12-15 23:33:52,313:INFO:The 's' was the 3rd character
2018-12-15 23:33:52,313:INFO:The 't' was the 4th character
2018-12-15 23:33:52,313:INFO:The 'n' was the 6th character
2018-12-15 23:33:52,314:INFO:The 'g' was the 7th character
2018-12-15 23:33:52,314:INFO:

2018-12-15 23:33:52,314:INFO:The numbers in this password are: ['4']
2018-12-15 23:33:52,315:INFO:The '4' was the 2nd character
2018-12-15 23:33:52,315:INFO:

2018-12-15 23:33:52,315:INFO:The symbols in this password are: ['!']
2018-12-15 23:33:52,316:INFO:The '!' was the 5th character
2018-12-15 23:33:52,316:INFO:

2018-12-15 23:33:52,380:INFO:The length of 'T4st!ng' is 7
2018-12-15 23:33:52,381:INFO:As a list it looks like this ['T', '4', 's', 't', '!', 'n', 'g']
2018-12-15 23:33:52,382:INFO:The letters in this password are: ['T', 's', 't', 'n', 'g']
2018-12-15 23:33:52,382:INFO:The 'T' was the 1st character
2018-12-15 23:33:52,383:INFO:The 's' was the 3rd character
2018-12-15 23:33:52,383:INFO:The 't' was the 4th character
2018-12-15 23:33:52,383:INFO:The 'n' was the 6th character
2018-12-15 23:33:52,384:INFO:The 'g' was the 7th character
2018-12-15 23:33:52,384:INFO:

2018-12-15 23:33:52,384:INFO:The numbers in this password are: ['4']
2018-12-15 23:33:52,385:INFO:The '4' was the 2nd character
2018-12-15 23:33:52,385:INFO:

2018-12-15 23:33:52,386:INFO:The symbols in this password are: ['!']
2018-12-15 23:33:52,386:INFO:The '!' was the 5th character
2018-12-15 23:33:52,386:INFO:

2018-12-15 23:33:52,446:INFO:The length of 'T4st!ng' is 7
2018-12-15 23:33:52,447:INFO:As a list it looks like this ['T', '4', 's', 't', '!', 'n', 'g']
2018-12-15 23:33:52,447:INFO:The letters in this password are: ['T', 's', 't', 'n', 'g']
2018-12-15 23:33:52,447:INFO:The 'T' was the 1st character
2018-12-15 23:33:52,447:INFO:The 's' was the 3rd character
2018-12-15 23:33:52,448:INFO:The 't' was the 4th character
2018-12-15 23:33:52,448:INFO:The 'n' was the 6th character
2018-12-15 23:33:52,448:INFO:The 'g' was the 7th character
2018-12-15 23:33:52,449:INFO:

2018-12-15 23:33:52,450:INFO:The numbers in this password are: ['4']
2018-12-15 23:33:52,450:INFO:The '4' was the 2nd character
2018-12-15 23:33:52,450:INFO:

2018-12-15 23:33:52,451:INFO:The symbols in this password are: ['!']
2018-12-15 23:33:52,451:INFO:The '!' was the 5th character
2018-12-15 23:33:52,451:INFO:

2018-12-15 23:33:52,511:INFO:The length of 'T4st!ng' is 7
2018-12-15 23:33:52,511:INFO:As a list it looks like this ['T', '4', 's', 't', '!', 'n', 'g']
2018-12-15 23:33:52,512:INFO:The letters in this password are: ['T', 's', 't', 'n', 'g']
2018-12-15 23:33:52,512:INFO:The 'T' was the 1st character
2018-12-15 23:33:52,512:INFO:The 's' was the 3rd character
2018-12-15 23:33:52,513:INFO:The 't' was the 4th character
2018-12-15 23:33:52,513:INFO:The 'n' was the 6th character
2018-12-15 23:33:52,513:INFO:The 'g' was the 7th character
2018-12-15 23:33:52,514:INFO:

2018-12-15 23:33:52,514:INFO:The numbers in this password are: ['4']
2018-12-15 23:33:52,514:INFO:The '4' was the 2nd character
2018-12-15 23:33:52,515:INFO:

2018-12-15 23:33:52,515:INFO:The symbols in this password are: ['!']
2018-12-15 23:33:52,515:INFO:The '!' was the 5th character
2018-12-15 23:33:52,516:INFO:

2018-12-15 23:33:52,578:INFO:The length of 'T4st!ng' is 7
2018-12-15 23:33:52,579:INFO:As a list it looks like this ['T', '4', 's', 't', '!', 'n', 'g']
2018-12-15 23:33:52,579:INFO:The letters in this password are: ['T', 's', 't', 'n', 'g']
2018-12-15 23:33:52,579:INFO:The 'T' was the 1st character
2018-12-15 23:33:52,581:INFO:The 's' was the 3rd character
2018-12-15 23:33:52,582:INFO:The 't' was the 4th character
2018-12-15 23:33:52,582:INFO:The 'n' was the 6th character
2018-12-15 23:33:52,583:INFO:The 'g' was the 7th character
2018-12-15 23:33:52,583:INFO:

2018-12-15 23:33:52,584:INFO:The numbers in this password are: ['4']
2018-12-15 23:33:52,584:INFO:The '4' was the 2nd character
2018-12-15 23:33:52,584:INFO:

2018-12-15 23:33:52,585:INFO:The symbols in this password are: ['!']
2018-12-15 23:33:52,585:INFO:The '!' was the 5th character
2018-12-15 23:33:52,586:INFO:

2018-12-15 23:33:52,643:INFO:The length of 'T4st!ng' is 7
2018-12-15 23:33:52,644:INFO:As a list it looks like this ['T', '4', 's', 't', '!', 'n', 'g']
2018-12-15 23:33:52,644:INFO:The letters in this password are: ['T', 's', 't', 'n', 'g']
2018-12-15 23:33:52,644:INFO:The 'T' was the 1st character
2018-12-15 23:33:52,645:INFO:The 's' was the 3rd character
2018-12-15 23:33:52,645:INFO:The 't' was the 4th character
2018-12-15 23:33:52,645:INFO:The 'n' was the 6th character
2018-12-15 23:33:52,645:INFO:The 'g' was the 7th character
2018-12-15 23:33:52,646:INFO:

2018-12-15 23:33:52,646:INFO:The numbers in this password are: ['4']
2018-12-15 23:33:52,646:INFO:The '4' was the 2nd character
2018-12-15 23:33:52,647:INFO:

2018-12-15 23:33:52,647:INFO:The symbols in this password are: ['!']
2018-12-15 23:33:52,648:INFO:The '!' was the 5th character
2018-12-15 23:33:52,648:INFO:

2018-12-15 23:33:52,706:INFO:The length of 'T4st!ng' is 7
2018-12-15 23:33:52,707:INFO:As a list it looks like this ['T', '4', 's', 't', '!', 'n', 'g']
2018-12-15 23:33:52,707:INFO:The letters in this password are: ['T', 's', 't', 'n', 'g']
2018-12-15 23:33:52,707:INFO:The 'T' was the 1st character
2018-12-15 23:33:52,707:INFO:The 's' was the 3rd character
2018-12-15 23:33:52,708:INFO:The 't' was the 4th character
2018-12-15 23:33:52,708:INFO:The 'n' was the 6th character
2018-12-15 23:33:52,708:INFO:The 'g' was the 7th character
2018-12-15 23:33:52,709:INFO:

2018-12-15 23:33:52,709:INFO:The numbers in this password are: ['4']
2018-12-15 23:33:52,709:INFO:The '4' was the 2nd character
2018-12-15 23:33:52,710:INFO:

2018-12-15 23:33:52,710:INFO:The symbols in this password are: ['!']
2018-12-15 23:33:52,710:INFO:The '!' was the 5th character
2018-12-15 23:33:52,710:INFO:

2018-12-15 23:33:52,779:INFO:The length of 'T4st!ng' is 7
2018-12-15 23:33:52,779:INFO:As a list it looks like this ['T', '4', 's', 't', '!', 'n', 'g']
2018-12-15 23:33:52,780:INFO:The letters in this password are: ['T', 's', 't', 'n', 'g']
2018-12-15 23:33:52,780:INFO:The 'T' was the 1st character
2018-12-15 23:33:52,780:INFO:The 's' was the 3rd character
2018-12-15 23:33:52,781:INFO:The 't' was the 4th character
2018-12-15 23:33:52,781:INFO:The 'n' was the 6th character
2018-12-15 23:33:52,782:INFO:The 'g' was the 7th character
2018-12-15 23:33:52,783:INFO:

2018-12-15 23:33:52,784:INFO:The numbers in this password are: ['4']
2018-12-15 23:33:52,784:INFO:The '4' was the 2nd character
2018-12-15 23:33:52,785:INFO:

2018-12-15 23:33:52,786:INFO:The symbols in this password are: ['!']
2018-12-15 23:33:52,786:INFO:The '!' was the 5th character
2018-12-15 23:33:52,786:INFO:

2018-12-15 23:33:52,851:INFO:The length of 'T4st!ng' is 7
2018-12-15 23:33:52,852:INFO:As a list it looks like this ['T', '4', 's', 't', '!', 'n', 'g']
2018-12-15 23:33:52,852:INFO:The letters in this password are: ['T', 's', 't', 'n', 'g']
2018-12-15 23:33:52,852:INFO:The 'T' was the 1st character
2018-12-15 23:33:52,853:INFO:The 's' was the 3rd character
2018-12-15 23:33:52,853:INFO:The 't' was the 4th character
2018-12-15 23:33:52,853:INFO:The 'n' was the 6th character
2018-12-15 23:33:52,854:INFO:The 'g' was the 7th character
2018-12-15 23:33:52,854:INFO:

2018-12-15 23:33:52,854:INFO:The numbers in this password are: ['4']
2018-12-15 23:33:52,855:INFO:The '4' was the 2nd character
2018-12-15 23:33:52,855:INFO:

2018-12-15 23:33:52,856:INFO:The symbols in this password are: ['!']
2018-12-15 23:33:52,856:INFO:The '!' was the 5th character
2018-12-15 23:33:52,857:INFO:

2018-12-15 23:33:52,920:INFO:The length of 'T4st!ng' is 7
2018-12-15 23:33:52,921:INFO:As a list it looks like this ['T', '4', 's', 't', '!', 'n', 'g']
2018-12-15 23:33:52,921:INFO:The letters in this password are: ['T', 's', 't', 'n', 'g']
2018-12-15 23:33:52,922:INFO:The 'T' was the 1st character
2018-12-15 23:33:52,922:INFO:The 's' was the 3rd character
2018-12-15 23:33:52,922:INFO:The 't' was the 4th character
2018-12-15 23:33:52,922:INFO:The 'n' was the 6th character
2018-12-15 23:33:52,923:INFO:The 'g' was the 7th character
2018-12-15 23:33:52,923:INFO:

2018-12-15 23:33:52,923:INFO:The numbers in this password are: ['4']
2018-12-15 23:33:52,924:INFO:The '4' was the 2nd character
2018-12-15 23:33:52,924:INFO:

2018-12-15 23:33:52,924:INFO:The symbols in this password are: ['!']
2018-12-15 23:33:52,925:INFO:The '!' was the 5th character
2018-12-15 23:33:52,925:INFO:

2018-12-15 23:33:52,989:INFO:The length of 'T4st!ng' is 7
2018-12-15 23:33:52,990:INFO:As a list it looks like this ['T', '4', 's', 't', '!', 'n', 'g']
2018-12-15 23:33:52,990:INFO:The letters in this password are: ['T', 's', 't', 'n', 'g']
2018-12-15 23:33:52,990:INFO:The 'T' was the 1st character
2018-12-15 23:33:52,991:INFO:The 's' was the 3rd character
2018-12-15 23:33:52,991:INFO:The 't' was the 4th character
2018-12-15 23:33:52,991:INFO:The 'n' was the 6th character
2018-12-15 23:33:52,992:INFO:The 'g' was the 7th character
2018-12-15 23:33:52,992:INFO:

2018-12-15 23:33:52,992:INFO:The numbers in this password are: ['4']
2018-12-15 23:33:52,993:INFO:The '4' was the 2nd character
2018-12-15 23:33:52,993:INFO:

2018-12-15 23:33:52,993:INFO:The symbols in this password are: ['!']
2018-12-15 23:33:52,994:INFO:The '!' was the 5th character
2018-12-15 23:33:52,994:INFO:

2018-12-15 23:33:53,053:INFO:The length of 'T4st!ng' is 7
2018-12-15 23:33:53,054:INFO:As a list it looks like this ['T', '4', 's', 't', '!', 'n', 'g']
2018-12-15 23:33:53,054:INFO:The letters in this password are: ['T', 's', 't', 'n', 'g']
2018-12-15 23:33:53,054:INFO:The 'T' was the 1st character
2018-12-15 23:33:53,055:INFO:The 's' was the 3rd character
2018-12-15 23:33:53,055:INFO:The 't' was the 4th character
2018-12-15 23:33:53,055:INFO:The 'n' was the 6th character
2018-12-15 23:33:53,056:INFO:The 'g' was the 7th character
2018-12-15 23:33:53,056:INFO:

2018-12-15 23:33:53,056:INFO:The numbers in this password are: ['4']
2018-12-15 23:33:53,057:INFO:The '4' was the 2nd character
2018-12-15 23:33:53,057:INFO:

2018-12-15 23:33:53,058:INFO:The symbols in this password are: ['!']
2018-12-15 23:33:53,058:INFO:The '!' was the 5th character
2018-12-15 23:33:53,058:INFO:

2018-12-15 23:33:53,119:INFO:The length of 'T4st!ng' is 7
2018-12-15 23:33:53,119:INFO:As a list it looks like this ['T', '4', 's', 't', '!', 'n', 'g']
2018-12-15 23:33:53,119:INFO:The letters in this password are: ['T', 's', 't', 'n', 'g']
2018-12-15 23:33:53,120:INFO:The 'T' was the 1st character
2018-12-15 23:33:53,120:INFO:The 's' was the 3rd character
2018-12-15 23:33:53,120:INFO:The 't' was the 4th character
2018-12-15 23:33:53,121:INFO:The 'n' was the 6th character
2018-12-15 23:33:53,121:INFO:The 'g' was the 7th character
2018-12-15 23:33:53,121:INFO:

2018-12-15 23:33:53,122:INFO:The numbers in this password are: ['4']
2018-12-15 23:33:53,122:INFO:The '4' was the 2nd character
2018-12-15 23:33:53,122:INFO:

2018-12-15 23:33:53,123:INFO:The symbols in this password are: ['!']
2018-12-15 23:33:53,123:INFO:The '!' was the 5th character
2018-12-15 23:33:53,123:INFO:

2018-12-15 23:33:53,183:INFO:The length of 'T4st!ng' is 7
2018-12-15 23:33:53,184:INFO:As a list it looks like this ['T', '4', 's', 't', '!', 'n', 'g']
2018-12-15 23:33:53,184:INFO:The letters in this password are: ['T', 's', 't', 'n', 'g']
2018-12-15 23:33:53,185:INFO:The 'T' was the 1st character
2018-12-15 23:33:53,185:INFO:The 's' was the 3rd character
2018-12-15 23:33:53,185:INFO:The 't' was the 4th character
2018-12-15 23:33:53,186:INFO:The 'n' was the 6th character
2018-12-15 23:33:53,186:INFO:The 'g' was the 7th character
2018-12-15 23:33:53,186:INFO:

2018-12-15 23:33:53,187:INFO:The numbers in this password are: ['4']
2018-12-15 23:33:53,187:INFO:The '4' was the 2nd character
2018-12-15 23:33:53,187:INFO:

2018-12-15 23:33:53,188:INFO:The symbols in this password are: ['!']
2018-12-15 23:33:53,188:INFO:The '!' was the 5th character
2018-12-15 23:33:53,188:INFO:

2018-12-15 23:33:53,245:INFO:The length of 'T4st!ng' is 7
2018-12-15 23:33:53,245:INFO:As a list it looks like this ['T', '4', 's', 't', '!', 'n', 'g']
2018-12-15 23:33:53,246:INFO:The letters in this password are: ['T', 's', 't', 'n', 'g']
2018-12-15 23:33:53,246:INFO:The 'T' was the 1st character
2018-12-15 23:33:53,246:INFO:The 's' was the 3rd character
2018-12-15 23:33:53,247:INFO:The 't' was the 4th character
2018-12-15 23:33:53,247:INFO:The 'n' was the 6th character
2018-12-15 23:33:53,248:INFO:The 'g' was the 7th character
2018-12-15 23:33:53,248:INFO:

2018-12-15 23:33:53,249:INFO:The numbers in this password are: ['4']
2018-12-15 23:33:53,249:INFO:The '4' was the 2nd character
2018-12-15 23:33:53,249:INFO:

2018-12-15 23:33:53,250:INFO:The symbols in this password are: ['!']
2018-12-15 23:33:53,250:INFO:The '!' was the 5th character
2018-12-15 23:33:53,250:INFO:

2018-12-15 23:33:53,309:INFO:The length of 'T4st!ng' is 7
2018-12-15 23:33:53,309:INFO:As a list it looks like this ['T', '4', 's', 't', '!', 'n', 'g']
2018-12-15 23:33:53,310:INFO:The letters in this password are: ['T', 's', 't', 'n', 'g']
2018-12-15 23:33:53,310:INFO:The 'T' was the 1st character
2018-12-15 23:33:53,310:INFO:The 's' was the 3rd character
2018-12-15 23:33:53,311:INFO:The 't' was the 4th character
2018-12-15 23:33:53,311:INFO:The 'n' was the 6th character
2018-12-15 23:33:53,311:INFO:The 'g' was the 7th character
2018-12-15 23:33:53,312:INFO:

2018-12-15 23:33:53,312:INFO:The numbers in this password are: ['4']
2018-12-15 23:33:53,313:INFO:The '4' was the 2nd character
2018-12-15 23:33:53,313:INFO:

2018-12-15 23:33:53,313:INFO:The symbols in this password are: ['!']
2018-12-15 23:33:53,314:INFO:The '!' was the 5th character
2018-12-15 23:33:53,314:INFO:

2018-12-15 23:33:53,385:INFO:The length of 'T4st!ng' is 7
2018-12-15 23:33:53,386:INFO:As a list it looks like this ['T', '4', 's', 't', '!', 'n', 'g']
2018-12-15 23:33:53,386:INFO:The letters in this password are: ['T', 's', 't', 'n', 'g']
2018-12-15 23:33:53,386:INFO:The 'T' was the 1st character
2018-12-15 23:33:53,387:INFO:The 's' was the 3rd character
2018-12-15 23:33:53,387:INFO:The 't' was the 4th character
2018-12-15 23:33:53,388:INFO:The 'n' was the 6th character
2018-12-15 23:33:53,389:INFO:The 'g' was the 7th character
2018-12-15 23:33:53,389:INFO:

2018-12-15 23:33:53,389:INFO:The numbers in this password are: ['4']
2018-12-15 23:33:53,390:INFO:The '4' was the 2nd character
2018-12-15 23:33:53,390:INFO:

2018-12-15 23:33:53,391:INFO:The symbols in this password are: ['!']
2018-12-15 23:33:53,392:INFO:The '!' was the 5th character
2018-12-15 23:33:53,393:INFO:

2018-12-15 23:33:53,464:INFO:The length of 'T4st!ng' is 7
2018-12-15 23:33:53,465:INFO:As a list it looks like this ['T', '4', 's', 't', '!', 'n', 'g']
2018-12-15 23:33:53,466:INFO:The letters in this password are: ['T', 's', 't', 'n', 'g']
2018-12-15 23:33:53,467:INFO:The 'T' was the 1st character
2018-12-15 23:33:53,468:INFO:The 's' was the 3rd character
2018-12-15 23:33:53,472:INFO:The 't' was the 4th character
2018-12-15 23:33:53,475:INFO:The 'n' was the 6th character
2018-12-15 23:33:53,476:INFO:The 'g' was the 7th character
2018-12-15 23:33:53,477:INFO:

2018-12-15 23:33:53,480:INFO:The numbers in this password are: ['4']
2018-12-15 23:33:53,481:INFO:The '4' was the 2nd character
2018-12-15 23:33:53,481:INFO:

2018-12-15 23:33:53,482:INFO:The symbols in this password are: ['!']
2018-12-15 23:33:53,483:INFO:The '!' was the 5th character
2018-12-15 23:33:53,484:INFO:

2018-12-15 23:33:53,555:INFO:The length of 'T4st!ng' is 7
2018-12-15 23:33:53,556:INFO:As a list it looks like this ['T', '4', 's', 't', '!', 'n', 'g']
2018-12-15 23:33:53,556:INFO:The letters in this password are: ['T', 's', 't', 'n', 'g']
2018-12-15 23:33:53,556:INFO:The 'T' was the 1st character
2018-12-15 23:33:53,557:INFO:The 's' was the 3rd character
2018-12-15 23:33:53,557:INFO:The 't' was the 4th character
2018-12-15 23:33:53,557:INFO:The 'n' was the 6th character
2018-12-15 23:33:53,558:INFO:The 'g' was the 7th character
2018-12-15 23:33:53,558:INFO:

2018-12-15 23:33:53,559:INFO:The numbers in this password are: ['4']
2018-12-15 23:33:53,559:INFO:The '4' was the 2nd character
2018-12-15 23:33:53,559:INFO:

2018-12-15 23:33:53,560:INFO:The symbols in this password are: ['!']
2018-12-15 23:33:53,560:INFO:The '!' was the 5th character
2018-12-15 23:33:53,560:INFO:

2018-12-15 23:33:53,625:INFO:The length of 'T4st!ng' is 7
2018-12-15 23:33:53,626:INFO:As a list it looks like this ['T', '4', 's', 't', '!', 'n', 'g']
2018-12-15 23:33:53,627:INFO:The letters in this password are: ['T', 's', 't', 'n', 'g']
2018-12-15 23:33:53,627:INFO:The 'T' was the 1st character
2018-12-15 23:33:53,627:INFO:The 's' was the 3rd character
2018-12-15 23:33:53,628:INFO:The 't' was the 4th character
2018-12-15 23:33:53,628:INFO:The 'n' was the 6th character
2018-12-15 23:33:53,628:INFO:The 'g' was the 7th character
2018-12-15 23:33:53,629:INFO:

2018-12-15 23:33:53,630:INFO:The numbers in this password are: ['4']
2018-12-15 23:33:53,630:INFO:The '4' was the 2nd character
2018-12-15 23:33:53,630:INFO:

2018-12-15 23:33:53,631:INFO:The symbols in this password are: ['!']
2018-12-15 23:33:53,632:INFO:The '!' was the 5th character
2018-12-15 23:33:53,632:INFO:

2018-12-15 23:33:53,701:INFO:The length of 'T4st!ng' is 7
2018-12-15 23:33:53,702:INFO:As a list it looks like this ['T', '4', 's', 't', '!', 'n', 'g']
2018-12-15 23:33:53,702:INFO:The letters in this password are: ['T', 's', 't', 'n', 'g']
2018-12-15 23:33:53,702:INFO:The 'T' was the 1st character
2018-12-15 23:33:53,703:INFO:The 's' was the 3rd character
2018-12-15 23:33:53,703:INFO:The 't' was the 4th character
2018-12-15 23:33:53,703:INFO:The 'n' was the 6th character
2018-12-15 23:33:53,704:INFO:The 'g' was the 7th character
2018-12-15 23:33:53,704:INFO:

2018-12-15 23:33:53,704:INFO:The numbers in this password are: ['4']
2018-12-15 23:33:53,705:INFO:The '4' was the 2nd character
2018-12-15 23:33:53,705:INFO:

2018-12-15 23:33:53,705:INFO:The symbols in this password are: ['!']
2018-12-15 23:33:53,706:INFO:The '!' was the 5th character
2018-12-15 23:33:53,706:INFO:

2018-12-15 23:33:53,763:INFO:The length of 'T4st!ng' is 7
2018-12-15 23:33:53,764:INFO:As a list it looks like this ['T', '4', 's', 't', '!', 'n', 'g']
2018-12-15 23:33:53,764:INFO:The letters in this password are: ['T', 's', 't', 'n', 'g']
2018-12-15 23:33:53,765:INFO:The 'T' was the 1st character
2018-12-15 23:33:53,765:INFO:The 's' was the 3rd character
2018-12-15 23:33:53,766:INFO:The 't' was the 4th character
2018-12-15 23:33:53,766:INFO:The 'n' was the 6th character
2018-12-15 23:33:53,766:INFO:The 'g' was the 7th character
2018-12-15 23:33:53,767:INFO:

2018-12-15 23:33:53,768:INFO:The numbers in this password are: ['4']
2018-12-15 23:33:53,768:INFO:The '4' was the 2nd character
2018-12-15 23:33:53,768:INFO:

2018-12-15 23:33:53,769:INFO:The symbols in this password are: ['!']
2018-12-15 23:33:53,769:INFO:The '!' was the 5th character
2018-12-15 23:33:53,770:INFO:

2018-12-15 23:33:53,827:INFO:The length of 'T4st!ng' is 7
2018-12-15 23:33:53,827:INFO:As a list it looks like this ['T', '4', 's', 't', '!', 'n', 'g']
2018-12-15 23:33:53,828:INFO:The letters in this password are: ['T', 's', 't', 'n', 'g']
2018-12-15 23:33:53,828:INFO:The 'T' was the 1st character
2018-12-15 23:33:53,828:INFO:The 's' was the 3rd character
2018-12-15 23:33:53,829:INFO:The 't' was the 4th character
2018-12-15 23:33:53,829:INFO:The 'n' was the 6th character
2018-12-15 23:33:53,829:INFO:The 'g' was the 7th character
2018-12-15 23:33:53,829:INFO:

2018-12-15 23:33:53,830:INFO:The numbers in this password are: ['4']
2018-12-15 23:33:53,830:INFO:The '4' was the 2nd character
2018-12-15 23:33:53,831:INFO:

2018-12-15 23:33:53,831:INFO:The symbols in this password are: ['!']
2018-12-15 23:33:53,832:INFO:The '!' was the 5th character
2018-12-15 23:33:53,832:INFO:

2018-12-15 23:33:53,894:INFO:The length of 'T4st!ng' is 7
2018-12-15 23:33:53,895:INFO:As a list it looks like this ['T', '4', 's', 't', '!', 'n', 'g']
2018-12-15 23:33:53,895:INFO:The letters in this password are: ['T', 's', 't', 'n', 'g']
2018-12-15 23:33:53,895:INFO:The 'T' was the 1st character
2018-12-15 23:33:53,896:INFO:The 's' was the 3rd character
2018-12-15 23:33:53,896:INFO:The 't' was the 4th character
2018-12-15 23:33:53,897:INFO:The 'n' was the 6th character
2018-12-15 23:33:53,897:INFO:The 'g' was the 7th character
2018-12-15 23:33:53,897:INFO:

2018-12-15 23:33:53,898:INFO:The numbers in this password are: ['4']
2018-12-15 23:33:53,898:INFO:The '4' was the 2nd character
2018-12-15 23:33:53,899:INFO:

2018-12-15 23:33:53,899:INFO:The symbols in this password are: ['!']
2018-12-15 23:33:53,899:INFO:The '!' was the 5th character
2018-12-15 23:33:53,900:INFO:

2018-12-15 23:33:53,956:INFO:The length of 'T4st!ng' is 7
2018-12-15 23:33:53,957:INFO:As a list it looks like this ['T', '4', 's', 't', '!', 'n', 'g']
2018-12-15 23:33:53,957:INFO:The letters in this password are: ['T', 's', 't', 'n', 'g']
2018-12-15 23:33:53,958:INFO:The 'T' was the 1st character
2018-12-15 23:33:53,958:INFO:The 's' was the 3rd character
2018-12-15 23:33:53,958:INFO:The 't' was the 4th character
2018-12-15 23:33:53,959:INFO:The 'n' was the 6th character
2018-12-15 23:33:53,959:INFO:The 'g' was the 7th character
2018-12-15 23:33:53,959:INFO:

2018-12-15 23:33:53,960:INFO:The numbers in this password are: ['4']
2018-12-15 23:33:53,960:INFO:The '4' was the 2nd character
2018-12-15 23:33:53,960:INFO:

2018-12-15 23:33:53,961:INFO:The symbols in this password are: ['!']
2018-12-15 23:33:53,961:INFO:The '!' was the 5th character
2018-12-15 23:33:53,962:INFO:

2018-12-15 23:33:54,026:INFO:The length of 'T4st!ng' is 7
2018-12-15 23:33:54,027:INFO:As a list it looks like this ['T', '4', 's', 't', '!', 'n', 'g']
2018-12-15 23:33:54,027:INFO:The letters in this password are: ['T', 's', 't', 'n', 'g']
2018-12-15 23:33:54,028:INFO:The 'T' was the 1st character
2018-12-15 23:33:54,028:INFO:The 's' was the 3rd character
2018-12-15 23:33:54,029:INFO:The 't' was the 4th character
2018-12-15 23:33:54,029:INFO:The 'n' was the 6th character
2018-12-15 23:33:54,029:INFO:The 'g' was the 7th character
2018-12-15 23:33:54,030:INFO:

2018-12-15 23:33:54,030:INFO:The numbers in this password are: ['4']
2018-12-15 23:33:54,031:INFO:The '4' was the 2nd character
2018-12-15 23:33:54,031:INFO:

2018-12-15 23:33:54,032:INFO:The symbols in this password are: ['!']
2018-12-15 23:33:54,032:INFO:The '!' was the 5th character
2018-12-15 23:33:54,032:INFO:

2018-12-15 23:33:54,092:INFO:The length of 'T4st!ng' is 7
2018-12-15 23:33:54,093:INFO:As a list it looks like this ['T', '4', 's', 't', '!', 'n', 'g']
2018-12-15 23:33:54,093:INFO:The letters in this password are: ['T', 's', 't', 'n', 'g']
2018-12-15 23:33:54,094:INFO:The 'T' was the 1st character
2018-12-15 23:33:54,094:INFO:The 's' was the 3rd character
2018-12-15 23:33:54,095:INFO:The 't' was the 4th character
2018-12-15 23:33:54,095:INFO:The 'n' was the 6th character
2018-12-15 23:33:54,095:INFO:The 'g' was the 7th character
2018-12-15 23:33:54,096:INFO:

2018-12-15 23:33:54,096:INFO:The numbers in this password are: ['4']
2018-12-15 23:33:54,096:INFO:The '4' was the 2nd character
2018-12-15 23:33:54,097:INFO:

2018-12-15 23:33:54,097:INFO:The symbols in this password are: ['!']
2018-12-15 23:33:54,097:INFO:The '!' was the 5th character
2018-12-15 23:33:54,098:INFO:

2018-12-15 23:33:54,155:INFO:The length of 'T4st!ng' is 7
2018-12-15 23:33:54,155:INFO:As a list it looks like this ['T', '4', 's', 't', '!', 'n', 'g']
2018-12-15 23:33:54,156:INFO:The letters in this password are: ['T', 's', 't', 'n', 'g']
2018-12-15 23:33:54,156:INFO:The 'T' was the 1st character
2018-12-15 23:33:54,156:INFO:The 's' was the 3rd character
2018-12-15 23:33:54,157:INFO:The 't' was the 4th character
2018-12-15 23:33:54,157:INFO:The 'n' was the 6th character
2018-12-15 23:33:54,157:INFO:The 'g' was the 7th character
2018-12-15 23:33:54,158:INFO:

2018-12-15 23:33:54,158:INFO:The numbers in this password are: ['4']
2018-12-15 23:33:54,159:INFO:The '4' was the 2nd character
2018-12-15 23:33:54,159:INFO:

2018-12-15 23:33:54,160:INFO:The symbols in this password are: ['!']
2018-12-15 23:33:54,160:INFO:The '!' was the 5th character
2018-12-15 23:33:54,161:INFO:

2018-12-15 23:33:54,231:INFO:The length of 'T4st!ng' is 7
2018-12-15 23:33:54,232:INFO:As a list it looks like this ['T', '4', 's', 't', '!', 'n', 'g']
2018-12-15 23:33:54,232:INFO:The letters in this password are: ['T', 's', 't', 'n', 'g']
2018-12-15 23:33:54,232:INFO:The 'T' was the 1st character
2018-12-15 23:33:54,233:INFO:The 's' was the 3rd character
2018-12-15 23:33:54,233:INFO:The 't' was the 4th character
2018-12-15 23:33:54,233:INFO:The 'n' was the 6th character
2018-12-15 23:33:54,233:INFO:The 'g' was the 7th character
2018-12-15 23:33:54,234:INFO:

2018-12-15 23:33:54,234:INFO:The numbers in this password are: ['4']
2018-12-15 23:33:54,235:INFO:The '4' was the 2nd character
2018-12-15 23:33:54,235:INFO:

2018-12-15 23:33:54,235:INFO:The symbols in this password are: ['!']
2018-12-15 23:33:54,236:INFO:The '!' was the 5th character
2018-12-15 23:33:54,236:INFO:

2018-12-15 23:33:54,295:INFO:The length of 'T4st!ng' is 7
2018-12-15 23:33:54,296:INFO:As a list it looks like this ['T', '4', 's', 't', '!', 'n', 'g']
2018-12-15 23:33:54,296:INFO:The letters in this password are: ['T', 's', 't', 'n', 'g']
2018-12-15 23:33:54,297:INFO:The 'T' was the 1st character
2018-12-15 23:33:54,297:INFO:The 's' was the 3rd character
2018-12-15 23:33:54,297:INFO:The 't' was the 4th character
2018-12-15 23:33:54,297:INFO:The 'n' was the 6th character
2018-12-15 23:33:54,298:INFO:The 'g' was the 7th character
2018-12-15 23:33:54,298:INFO:

2018-12-15 23:33:54,298:INFO:The numbers in this password are: ['4']
2018-12-15 23:33:54,299:INFO:The '4' was the 2nd character
2018-12-15 23:33:54,299:INFO:

2018-12-15 23:33:54,299:INFO:The symbols in this password are: ['!']
2018-12-15 23:33:54,300:INFO:The '!' was the 5th character
2018-12-15 23:33:54,300:INFO:

2018-12-15 23:33:54,370:INFO:The length of 'T4st!ng' is 7
2018-12-15 23:33:54,371:INFO:As a list it looks like this ['T', '4', 's', 't', '!', 'n', 'g']
2018-12-15 23:33:54,371:INFO:The letters in this password are: ['T', 's', 't', 'n', 'g']
2018-12-15 23:33:54,371:INFO:The 'T' was the 1st character
2018-12-15 23:33:54,372:INFO:The 's' was the 3rd character
2018-12-15 23:33:54,372:INFO:The 't' was the 4th character
2018-12-15 23:33:54,372:INFO:The 'n' was the 6th character
2018-12-15 23:33:54,372:INFO:The 'g' was the 7th character
2018-12-15 23:33:54,373:INFO:

2018-12-15 23:33:54,373:INFO:The numbers in this password are: ['4']
2018-12-15 23:33:54,373:INFO:The '4' was the 2nd character
2018-12-15 23:33:54,374:INFO:

2018-12-15 23:33:54,374:INFO:The symbols in this password are: ['!']
2018-12-15 23:33:54,374:INFO:The '!' was the 5th character
2018-12-15 23:33:54,375:INFO:

2018-12-15 23:33:54,437:INFO:The length of 'T4st!ng' is 7
2018-12-15 23:33:54,438:INFO:As a list it looks like this ['T', '4', 's', 't', '!', 'n', 'g']
2018-12-15 23:33:54,438:INFO:The letters in this password are: ['T', 's', 't', 'n', 'g']
2018-12-15 23:33:54,439:INFO:The 'T' was the 1st character
2018-12-15 23:33:54,439:INFO:The 's' was the 3rd character
2018-12-15 23:33:54,440:INFO:The 't' was the 4th character
2018-12-15 23:33:54,440:INFO:The 'n' was the 6th character
2018-12-15 23:33:54,440:INFO:The 'g' was the 7th character
2018-12-15 23:33:54,440:INFO:

2018-12-15 23:33:54,441:INFO:The numbers in this password are: ['4']
2018-12-15 23:33:54,441:INFO:The '4' was the 2nd character
2018-12-15 23:33:54,442:INFO:

2018-12-15 23:33:54,442:INFO:The symbols in this password are: ['!']
2018-12-15 23:33:54,442:INFO:The '!' was the 5th character
2018-12-15 23:33:54,443:INFO:

2018-12-15 23:33:54,506:INFO:The length of 'T4st!ng' is 7
2018-12-15 23:33:54,506:INFO:As a list it looks like this ['T', '4', 's', 't', '!', 'n', 'g']
2018-12-15 23:33:54,507:INFO:The letters in this password are: ['T', 's', 't', 'n', 'g']
2018-12-15 23:33:54,507:INFO:The 'T' was the 1st character
2018-12-15 23:33:54,507:INFO:The 's' was the 3rd character
2018-12-15 23:33:54,507:INFO:The 't' was the 4th character
2018-12-15 23:33:54,508:INFO:The 'n' was the 6th character
2018-12-15 23:33:54,508:INFO:The 'g' was the 7th character
2018-12-15 23:33:54,508:INFO:

2018-12-15 23:33:54,509:INFO:The numbers in this password are: ['4']
2018-12-15 23:33:54,509:INFO:The '4' was the 2nd character
2018-12-15 23:33:54,509:INFO:

2018-12-15 23:33:54,510:INFO:The symbols in this password are: ['!']
2018-12-15 23:33:54,510:INFO:The '!' was the 5th character
2018-12-15 23:33:54,510:INFO:

2018-12-15 23:33:54,575:INFO:The length of 'T4st!ng' is 7
2018-12-15 23:33:54,576:INFO:As a list it looks like this ['T', '4', 's', 't', '!', 'n', 'g']
2018-12-15 23:33:54,576:INFO:The letters in this password are: ['T', 's', 't', 'n', 'g']
2018-12-15 23:33:54,577:INFO:The 'T' was the 1st character
2018-12-15 23:33:54,577:INFO:The 's' was the 3rd character
2018-12-15 23:33:54,577:INFO:The 't' was the 4th character
2018-12-15 23:33:54,578:INFO:The 'n' was the 6th character
2018-12-15 23:33:54,578:INFO:The 'g' was the 7th character
2018-12-15 23:33:54,578:INFO:

2018-12-15 23:33:54,579:INFO:The numbers in this password are: ['4']
2018-12-15 23:33:54,579:INFO:The '4' was the 2nd character
2018-12-15 23:33:54,579:INFO:

2018-12-15 23:33:54,580:INFO:The symbols in this password are: ['!']
2018-12-15 23:33:54,580:INFO:The '!' was the 5th character
2018-12-15 23:33:54,580:INFO:

2018-12-15 23:33:54,638:INFO:The length of 'T4st!ng' is 7
2018-12-15 23:33:54,639:INFO:As a list it looks like this ['T', '4', 's', 't', '!', 'n', 'g']
2018-12-15 23:33:54,639:INFO:The letters in this password are: ['T', 's', 't', 'n', 'g']
2018-12-15 23:33:54,640:INFO:The 'T' was the 1st character
2018-12-15 23:33:54,641:INFO:The 's' was the 3rd character
2018-12-15 23:33:54,641:INFO:The 't' was the 4th character
2018-12-15 23:33:54,642:INFO:The 'n' was the 6th character
2018-12-15 23:33:54,642:INFO:The 'g' was the 7th character
2018-12-15 23:33:54,642:INFO:

2018-12-15 23:33:54,643:INFO:The numbers in this password are: ['4']
2018-12-15 23:33:54,643:INFO:The '4' was the 2nd character
2018-12-15 23:33:54,644:INFO:

2018-12-15 23:33:54,644:INFO:The symbols in this password are: ['!']
2018-12-15 23:33:54,645:INFO:The '!' was the 5th character
2018-12-15 23:33:54,645:INFO:

2018-12-15 23:33:54,704:INFO:The length of 'T4st!ng' is 7
2018-12-15 23:33:54,705:INFO:As a list it looks like this ['T', '4', 's', 't', '!', 'n', 'g']
2018-12-15 23:33:54,705:INFO:The letters in this password are: ['T', 's', 't', 'n', 'g']
2018-12-15 23:33:54,705:INFO:The 'T' was the 1st character
2018-12-15 23:33:54,706:INFO:The 's' was the 3rd character
2018-12-15 23:33:54,706:INFO:The 't' was the 4th character
2018-12-15 23:33:54,706:INFO:The 'n' was the 6th character
2018-12-15 23:33:54,706:INFO:The 'g' was the 7th character
2018-12-15 23:33:54,707:INFO:

2018-12-15 23:33:54,707:INFO:The numbers in this password are: ['4']
2018-12-15 23:33:54,707:INFO:The '4' was the 2nd character
2018-12-15 23:33:54,708:INFO:

2018-12-15 23:33:54,708:INFO:The symbols in this password are: ['!']
2018-12-15 23:33:54,708:INFO:The '!' was the 5th character
2018-12-15 23:33:54,709:INFO:

2018-12-15 23:33:54,767:INFO:The length of 'T4st!ng' is 7
2018-12-15 23:33:54,768:INFO:As a list it looks like this ['T', '4', 's', 't', '!', 'n', 'g']
2018-12-15 23:33:54,768:INFO:The letters in this password are: ['T', 's', 't', 'n', 'g']
2018-12-15 23:33:54,768:INFO:The 'T' was the 1st character
2018-12-15 23:33:54,769:INFO:The 's' was the 3rd character
2018-12-15 23:33:54,769:INFO:The 't' was the 4th character
2018-12-15 23:33:54,769:INFO:The 'n' was the 6th character
2018-12-15 23:33:54,770:INFO:The 'g' was the 7th character
2018-12-15 23:33:54,770:INFO:

2018-12-15 23:33:54,771:INFO:The numbers in this password are: ['4']
2018-12-15 23:33:54,771:INFO:The '4' was the 2nd character
2018-12-15 23:33:54,771:INFO:

2018-12-15 23:33:54,772:INFO:The symbols in this password are: ['!']
2018-12-15 23:33:54,772:INFO:The '!' was the 5th character
2018-12-15 23:33:54,773:INFO:

2018-12-15 23:33:54,830:INFO:The length of 'T4st!ng' is 7
2018-12-15 23:33:54,830:INFO:As a list it looks like this ['T', '4', 's', 't', '!', 'n', 'g']
2018-12-15 23:33:54,831:INFO:The letters in this password are: ['T', 's', 't', 'n', 'g']
2018-12-15 23:33:54,831:INFO:The 'T' was the 1st character
2018-12-15 23:33:54,831:INFO:The 's' was the 3rd character
2018-12-15 23:33:54,832:INFO:The 't' was the 4th character
2018-12-15 23:33:54,832:INFO:The 'n' was the 6th character
2018-12-15 23:33:54,833:INFO:The 'g' was the 7th character
2018-12-15 23:33:54,833:INFO:

2018-12-15 23:33:54,833:INFO:The numbers in this password are: ['4']
2018-12-15 23:33:54,834:INFO:The '4' was the 2nd character
2018-12-15 23:33:54,834:INFO:

2018-12-15 23:33:54,834:INFO:The symbols in this password are: ['!']
2018-12-15 23:33:54,835:INFO:The '!' was the 5th character
2018-12-15 23:33:54,835:INFO:

2018-12-15 23:33:54,905:INFO:The length of 'T4st!ng' is 7
2018-12-15 23:33:54,906:INFO:As a list it looks like this ['T', '4', 's', 't', '!', 'n', 'g']
2018-12-15 23:33:54,906:INFO:The letters in this password are: ['T', 's', 't', 'n', 'g']
2018-12-15 23:33:54,907:INFO:The 'T' was the 1st character
2018-12-15 23:33:54,907:INFO:The 's' was the 3rd character
2018-12-15 23:33:54,907:INFO:The 't' was the 4th character
2018-12-15 23:33:54,908:INFO:The 'n' was the 6th character
2018-12-15 23:33:54,908:INFO:The 'g' was the 7th character
2018-12-15 23:33:54,908:INFO:

2018-12-15 23:33:54,909:INFO:The numbers in this password are: ['4']
2018-12-15 23:33:54,909:INFO:The '4' was the 2nd character
2018-12-15 23:33:54,909:INFO:

2018-12-15 23:33:54,910:INFO:The symbols in this password are: ['!']
2018-12-15 23:33:54,910:INFO:The '!' was the 5th character
2018-12-15 23:33:54,910:INFO:

2018-12-15 23:33:54,973:INFO:The length of 'T4st!ng' is 7
2018-12-15 23:33:54,974:INFO:As a list it looks like this ['T', '4', 's', 't', '!', 'n', 'g']
2018-12-15 23:33:54,974:INFO:The letters in this password are: ['T', 's', 't', 'n', 'g']
2018-12-15 23:33:54,974:INFO:The 'T' was the 1st character
2018-12-15 23:33:54,975:INFO:The 's' was the 3rd character
2018-12-15 23:33:54,975:INFO:The 't' was the 4th character
2018-12-15 23:33:54,975:INFO:The 'n' was the 6th character
2018-12-15 23:33:54,976:INFO:The 'g' was the 7th character
2018-12-15 23:33:54,976:INFO:

2018-12-15 23:33:54,977:INFO:The numbers in this password are: ['4']
2018-12-15 23:33:54,977:INFO:The '4' was the 2nd character
2018-12-15 23:33:54,978:INFO:

2018-12-15 23:33:54,978:INFO:The symbols in this password are: ['!']
2018-12-15 23:33:54,978:INFO:The '!' was the 5th character
2018-12-15 23:33:54,979:INFO:

2018-12-15 23:33:55,038:INFO:The length of 'T4st!ng' is 7
2018-12-15 23:33:55,038:INFO:As a list it looks like this ['T', '4', 's', 't', '!', 'n', 'g']
2018-12-15 23:33:55,038:INFO:The letters in this password are: ['T', 's', 't', 'n', 'g']
2018-12-15 23:33:55,039:INFO:The 'T' was the 1st character
2018-12-15 23:33:55,039:INFO:The 's' was the 3rd character
2018-12-15 23:33:55,040:INFO:The 't' was the 4th character
2018-12-15 23:33:55,040:INFO:The 'n' was the 6th character
2018-12-15 23:33:55,040:INFO:The 'g' was the 7th character
2018-12-15 23:33:55,041:INFO:

2018-12-15 23:33:55,041:INFO:The numbers in this password are: ['4']
2018-12-15 23:33:55,042:INFO:The '4' was the 2nd character
2018-12-15 23:33:55,042:INFO:

2018-12-15 23:33:55,043:INFO:The symbols in this password are: ['!']
2018-12-15 23:33:55,043:INFO:The '!' was the 5th character
2018-12-15 23:33:55,043:INFO:

2018-12-15 23:33:55,108:INFO:The length of 'T4st!ng' is 7
2018-12-15 23:33:55,109:INFO:As a list it looks like this ['T', '4', 's', 't', '!', 'n', 'g']
2018-12-15 23:33:55,109:INFO:The letters in this password are: ['T', 's', 't', 'n', 'g']
2018-12-15 23:33:55,110:INFO:The 'T' was the 1st character
2018-12-15 23:33:55,110:INFO:The 's' was the 3rd character
2018-12-15 23:33:55,110:INFO:The 't' was the 4th character
2018-12-15 23:33:55,110:INFO:The 'n' was the 6th character
2018-12-15 23:33:55,111:INFO:The 'g' was the 7th character
2018-12-15 23:33:55,111:INFO:

2018-12-15 23:33:55,112:INFO:The numbers in this password are: ['4']
2018-12-15 23:33:55,112:INFO:The '4' was the 2nd character
2018-12-15 23:33:55,112:INFO:

2018-12-15 23:33:55,113:INFO:The symbols in this password are: ['!']
2018-12-15 23:33:55,113:INFO:The '!' was the 5th character
2018-12-15 23:33:55,113:INFO:

2018-12-15 23:33:55,172:INFO:The length of 'T4st!ng' is 7
2018-12-15 23:33:55,173:INFO:As a list it looks like this ['T', '4', 's', 't', '!', 'n', 'g']
2018-12-15 23:33:55,173:INFO:The letters in this password are: ['T', 's', 't', 'n', 'g']
2018-12-15 23:33:55,173:INFO:The 'T' was the 1st character
2018-12-15 23:33:55,174:INFO:The 's' was the 3rd character
2018-12-15 23:33:55,174:INFO:The 't' was the 4th character
2018-12-15 23:33:55,174:INFO:The 'n' was the 6th character
2018-12-15 23:33:55,174:INFO:The 'g' was the 7th character
2018-12-15 23:33:55,175:INFO:

2018-12-15 23:33:55,175:INFO:The numbers in this password are: ['4']
2018-12-15 23:33:55,175:INFO:The '4' was the 2nd character
2018-12-15 23:33:55,176:INFO:

2018-12-15 23:33:55,176:INFO:The symbols in this password are: ['!']
2018-12-15 23:33:55,176:INFO:The '!' was the 5th character
2018-12-15 23:33:55,177:INFO:

2018-12-15 23:33:55,234:INFO:The length of 'T4st!ng' is 7
2018-12-15 23:33:55,235:INFO:As a list it looks like this ['T', '4', 's', 't', '!', 'n', 'g']
2018-12-15 23:33:55,235:INFO:The letters in this password are: ['T', 's', 't', 'n', 'g']
2018-12-15 23:33:55,235:INFO:The 'T' was the 1st character
2018-12-15 23:33:55,236:INFO:The 's' was the 3rd character
2018-12-15 23:33:55,236:INFO:The 't' was the 4th character
2018-12-15 23:33:55,236:INFO:The 'n' was the 6th character
2018-12-15 23:33:55,237:INFO:The 'g' was the 7th character
2018-12-15 23:33:55,237:INFO:

2018-12-15 23:33:55,238:INFO:The numbers in this password are: ['4']
2018-12-15 23:33:55,238:INFO:The '4' was the 2nd character
2018-12-15 23:33:55,238:INFO:

2018-12-15 23:33:55,239:INFO:The symbols in this password are: ['!']
2018-12-15 23:33:55,239:INFO:The '!' was the 5th character
2018-12-15 23:33:55,239:INFO:

2018-12-15 23:33:55,302:INFO:The length of 'T4st!ng' is 7
2018-12-15 23:33:55,303:INFO:As a list it looks like this ['T', '4', 's', 't', '!', 'n', 'g']
2018-12-15 23:33:55,303:INFO:The letters in this password are: ['T', 's', 't', 'n', 'g']
2018-12-15 23:33:55,304:INFO:The 'T' was the 1st character
2018-12-15 23:33:55,304:INFO:The 's' was the 3rd character
2018-12-15 23:33:55,304:INFO:The 't' was the 4th character
2018-12-15 23:33:55,305:INFO:The 'n' was the 6th character
2018-12-15 23:33:55,305:INFO:The 'g' was the 7th character
2018-12-15 23:33:55,305:INFO:

2018-12-15 23:33:55,306:INFO:The numbers in this password are: ['4']
2018-12-15 23:33:55,306:INFO:The '4' was the 2nd character
2018-12-15 23:33:55,306:INFO:

2018-12-15 23:33:55,307:INFO:The symbols in this password are: ['!']
2018-12-15 23:33:55,307:INFO:The '!' was the 5th character
2018-12-15 23:33:55,307:INFO:

2018-12-15 23:33:55,368:INFO:The length of 'T4st!ng' is 7
2018-12-15 23:33:55,369:INFO:As a list it looks like this ['T', '4', 's', 't', '!', 'n', 'g']
2018-12-15 23:33:55,369:INFO:The letters in this password are: ['T', 's', 't', 'n', 'g']
2018-12-15 23:33:55,369:INFO:The 'T' was the 1st character
2018-12-15 23:33:55,370:INFO:The 's' was the 3rd character
2018-12-15 23:33:55,370:INFO:The 't' was the 4th character
2018-12-15 23:33:55,370:INFO:The 'n' was the 6th character
2018-12-15 23:33:55,371:INFO:The 'g' was the 7th character
2018-12-15 23:33:55,371:INFO:

2018-12-15 23:33:55,371:INFO:The numbers in this password are: ['4']
2018-12-15 23:33:55,372:INFO:The '4' was the 2nd character
2018-12-15 23:33:55,372:INFO:

2018-12-15 23:33:55,372:INFO:The symbols in this password are: ['!']
2018-12-15 23:33:55,373:INFO:The '!' was the 5th character
2018-12-15 23:33:55,373:INFO:

2018-12-15 23:33:55,430:INFO:The length of 'T4st!ng' is 7
2018-12-15 23:33:55,431:INFO:As a list it looks like this ['T', '4', 's', 't', '!', 'n', 'g']
2018-12-15 23:33:55,431:INFO:The letters in this password are: ['T', 's', 't', 'n', 'g']
2018-12-15 23:33:55,432:INFO:The 'T' was the 1st character
2018-12-15 23:33:55,432:INFO:The 's' was the 3rd character
2018-12-15 23:33:55,432:INFO:The 't' was the 4th character
2018-12-15 23:33:55,433:INFO:The 'n' was the 6th character
2018-12-15 23:33:55,433:INFO:The 'g' was the 7th character
2018-12-15 23:33:55,433:INFO:

2018-12-15 23:33:55,434:INFO:The numbers in this password are: ['4']
2018-12-15 23:33:55,434:INFO:The '4' was the 2nd character
2018-12-15 23:33:55,434:INFO:

2018-12-15 23:33:55,434:INFO:The symbols in this password are: ['!']
2018-12-15 23:33:55,435:INFO:The '!' was the 5th character
2018-12-15 23:33:55,443:INFO:

2018-12-15 23:33:55,503:INFO:The length of 'T4st!ng' is 7
2018-12-15 23:33:55,504:INFO:As a list it looks like this ['T', '4', 's', 't', '!', 'n', 'g']
2018-12-15 23:33:55,504:INFO:The letters in this password are: ['T', 's', 't', 'n', 'g']
2018-12-15 23:33:55,504:INFO:The 'T' was the 1st character
2018-12-15 23:33:55,505:INFO:The 's' was the 3rd character
2018-12-15 23:33:55,505:INFO:The 't' was the 4th character
2018-12-15 23:33:55,506:INFO:The 'n' was the 6th character
2018-12-15 23:33:55,506:INFO:The 'g' was the 7th character
2018-12-15 23:33:55,506:INFO:

2018-12-15 23:33:55,507:INFO:The numbers in this password are: ['4']
2018-12-15 23:33:55,507:INFO:The '4' was the 2nd character
2018-12-15 23:33:55,508:INFO:

2018-12-15 23:33:55,508:INFO:The symbols in this password are: ['!']
2018-12-15 23:33:55,509:INFO:The '!' was the 5th character
2018-12-15 23:33:55,509:INFO:

2018-12-15 23:33:55,568:INFO:The length of 'T4st!ng' is 7
2018-12-15 23:33:55,569:INFO:As a list it looks like this ['T', '4', 's', 't', '!', 'n', 'g']
2018-12-15 23:33:55,569:INFO:The letters in this password are: ['T', 's', 't', 'n', 'g']
2018-12-15 23:33:55,569:INFO:The 'T' was the 1st character
2018-12-15 23:33:55,570:INFO:The 's' was the 3rd character
2018-12-15 23:33:55,570:INFO:The 't' was the 4th character
2018-12-15 23:33:55,570:INFO:The 'n' was the 6th character
2018-12-15 23:33:55,570:INFO:The 'g' was the 7th character
2018-12-15 23:33:55,571:INFO:

2018-12-15 23:33:55,571:INFO:The numbers in this password are: ['4']
2018-12-15 23:33:55,572:INFO:The '4' was the 2nd character
2018-12-15 23:33:55,572:INFO:

2018-12-15 23:33:55,572:INFO:The symbols in this password are: ['!']
2018-12-15 23:33:55,573:INFO:The '!' was the 5th character
2018-12-15 23:33:55,573:INFO:

2018-12-15 23:33:55,632:INFO:The length of 'T4st!ng' is 7
2018-12-15 23:33:55,632:INFO:As a list it looks like this ['T', '4', 's', 't', '!', 'n', 'g']
2018-12-15 23:33:55,632:INFO:The letters in this password are: ['T', 's', 't', 'n', 'g']
2018-12-15 23:33:55,633:INFO:The 'T' was the 1st character
2018-12-15 23:33:55,634:INFO:The 's' was the 3rd character
2018-12-15 23:33:55,634:INFO:The 't' was the 4th character
2018-12-15 23:33:55,634:INFO:The 'n' was the 6th character
2018-12-15 23:33:55,634:INFO:The 'g' was the 7th character
2018-12-15 23:33:55,635:INFO:

2018-12-15 23:33:55,635:INFO:The numbers in this password are: ['4']
2018-12-15 23:33:55,635:INFO:The '4' was the 2nd character
2018-12-15 23:33:55,636:INFO:

2018-12-15 23:33:55,636:INFO:The symbols in this password are: ['!']
2018-12-15 23:33:55,636:INFO:The '!' was the 5th character
2018-12-15 23:33:55,637:INFO:

2018-12-15 23:33:55,701:INFO:The length of 'T4st!ng' is 7
2018-12-15 23:33:55,701:INFO:As a list it looks like this ['T', '4', 's', 't', '!', 'n', 'g']
2018-12-15 23:33:55,701:INFO:The letters in this password are: ['T', 's', 't', 'n', 'g']
2018-12-15 23:33:55,702:INFO:The 'T' was the 1st character
2018-12-15 23:33:55,702:INFO:The 's' was the 3rd character
2018-12-15 23:33:55,702:INFO:The 't' was the 4th character
2018-12-15 23:33:55,702:INFO:The 'n' was the 6th character
2018-12-15 23:33:55,703:INFO:The 'g' was the 7th character
2018-12-15 23:33:55,703:INFO:

2018-12-15 23:33:55,703:INFO:The numbers in this password are: ['4']
2018-12-15 23:33:55,704:INFO:The '4' was the 2nd character
2018-12-15 23:33:55,704:INFO:

2018-12-15 23:33:55,704:INFO:The symbols in this password are: ['!']
2018-12-15 23:33:55,705:INFO:The '!' was the 5th character
2018-12-15 23:33:55,705:INFO:

2018-12-15 23:33:55,762:INFO:The length of 'T4st!ng' is 7
2018-12-15 23:33:55,763:INFO:As a list it looks like this ['T', '4', 's', 't', '!', 'n', 'g']
2018-12-15 23:33:55,763:INFO:The letters in this password are: ['T', 's', 't', 'n', 'g']
2018-12-15 23:33:55,763:INFO:The 'T' was the 1st character
2018-12-15 23:33:55,764:INFO:The 's' was the 3rd character
2018-12-15 23:33:55,764:INFO:The 't' was the 4th character
2018-12-15 23:33:55,764:INFO:The 'n' was the 6th character
2018-12-15 23:33:55,765:INFO:The 'g' was the 7th character
2018-12-15 23:33:55,765:INFO:

2018-12-15 23:33:55,766:INFO:The numbers in this password are: ['4']
2018-12-15 23:33:55,766:INFO:The '4' was the 2nd character
2018-12-15 23:33:55,766:INFO:

2018-12-15 23:33:55,767:INFO:The symbols in this password are: ['!']
2018-12-15 23:33:55,767:INFO:The '!' was the 5th character
2018-12-15 23:33:55,767:INFO:

2018-12-15 23:33:55,825:INFO:The length of 'T4st!ng' is 7
2018-12-15 23:33:55,826:INFO:As a list it looks like this ['T', '4', 's', 't', '!', 'n', 'g']
2018-12-15 23:33:55,826:INFO:The letters in this password are: ['T', 's', 't', 'n', 'g']
2018-12-15 23:33:55,826:INFO:The 'T' was the 1st character
2018-12-15 23:33:55,827:INFO:The 's' was the 3rd character
2018-12-15 23:33:55,827:INFO:The 't' was the 4th character
2018-12-15 23:33:55,827:INFO:The 'n' was the 6th character
2018-12-15 23:33:55,828:INFO:The 'g' was the 7th character
2018-12-15 23:33:55,828:INFO:

2018-12-15 23:33:55,828:INFO:The numbers in this password are: ['4']
2018-12-15 23:33:55,829:INFO:The '4' was the 2nd character
2018-12-15 23:33:55,829:INFO:

2018-12-15 23:33:55,830:INFO:The symbols in this password are: ['!']
2018-12-15 23:33:55,830:INFO:The '!' was the 5th character
2018-12-15 23:33:55,831:INFO:

2018-12-15 23:33:55,896:INFO:The length of 'T4st!ng' is 7
2018-12-15 23:33:55,897:INFO:As a list it looks like this ['T', '4', 's', 't', '!', 'n', 'g']
2018-12-15 23:33:55,897:INFO:The letters in this password are: ['T', 's', 't', 'n', 'g']
2018-12-15 23:33:55,898:INFO:The 'T' was the 1st character
2018-12-15 23:33:55,898:INFO:The 's' was the 3rd character
2018-12-15 23:33:55,898:INFO:The 't' was the 4th character
2018-12-15 23:33:55,898:INFO:The 'n' was the 6th character
2018-12-15 23:33:55,899:INFO:The 'g' was the 7th character
2018-12-15 23:33:55,899:INFO:

2018-12-15 23:33:55,899:INFO:The numbers in this password are: ['4']
2018-12-15 23:33:55,900:INFO:The '4' was the 2nd character
2018-12-15 23:33:55,900:INFO:

2018-12-15 23:33:55,900:INFO:The symbols in this password are: ['!']
2018-12-15 23:33:55,901:INFO:The '!' was the 5th character
2018-12-15 23:33:55,901:INFO:

2018-12-15 23:33:55,958:INFO:The length of 'T4st!ng' is 7
2018-12-15 23:33:55,959:INFO:As a list it looks like this ['T', '4', 's', 't', '!', 'n', 'g']
2018-12-15 23:33:55,959:INFO:The letters in this password are: ['T', 's', 't', 'n', 'g']
2018-12-15 23:33:55,960:INFO:The 'T' was the 1st character
2018-12-15 23:33:55,960:INFO:The 's' was the 3rd character
2018-12-15 23:33:55,960:INFO:The 't' was the 4th character
2018-12-15 23:33:55,961:INFO:The 'n' was the 6th character
2018-12-15 23:33:55,961:INFO:The 'g' was the 7th character
2018-12-15 23:33:55,961:INFO:

2018-12-15 23:33:55,962:INFO:The numbers in this password are: ['4']
2018-12-15 23:33:55,962:INFO:The '4' was the 2nd character
2018-12-15 23:33:55,963:INFO:

2018-12-15 23:33:55,964:INFO:The symbols in this password are: ['!']
2018-12-15 23:33:55,964:INFO:The '!' was the 5th character
2018-12-15 23:33:55,965:INFO:

2018-12-15 23:33:56,030:INFO:The length of 'T4st!ng' is 7
2018-12-15 23:33:56,031:INFO:As a list it looks like this ['T', '4', 's', 't', '!', 'n', 'g']
2018-12-15 23:33:56,031:INFO:The letters in this password are: ['T', 's', 't', 'n', 'g']
2018-12-15 23:33:56,032:INFO:The 'T' was the 1st character
2018-12-15 23:33:56,032:INFO:The 's' was the 3rd character
2018-12-15 23:33:56,032:INFO:The 't' was the 4th character
2018-12-15 23:33:56,032:INFO:The 'n' was the 6th character
2018-12-15 23:33:56,033:INFO:The 'g' was the 7th character
2018-12-15 23:33:56,033:INFO:

2018-12-15 23:33:56,033:INFO:The numbers in this password are: ['4']
2018-12-15 23:33:56,034:INFO:The '4' was the 2nd character
2018-12-15 23:33:56,034:INFO:

2018-12-15 23:33:56,034:INFO:The symbols in this password are: ['!']
2018-12-15 23:33:56,035:INFO:The '!' was the 5th character
2018-12-15 23:33:56,035:INFO:

2018-12-15 23:33:56,100:INFO:The length of 'T4st!ng' is 7
2018-12-15 23:33:56,101:INFO:As a list it looks like this ['T', '4', 's', 't', '!', 'n', 'g']
2018-12-15 23:33:56,101:INFO:The letters in this password are: ['T', 's', 't', 'n', 'g']
2018-12-15 23:33:56,101:INFO:The 'T' was the 1st character
2018-12-15 23:33:56,101:INFO:The 's' was the 3rd character
2018-12-15 23:33:56,102:INFO:The 't' was the 4th character
2018-12-15 23:33:56,102:INFO:The 'n' was the 6th character
2018-12-15 23:33:56,102:INFO:The 'g' was the 7th character
2018-12-15 23:33:56,102:INFO:

2018-12-15 23:33:56,103:INFO:The numbers in this password are: ['4']
2018-12-15 23:33:56,103:INFO:The '4' was the 2nd character
2018-12-15 23:33:56,104:INFO:

2018-12-15 23:33:56,104:INFO:The symbols in this password are: ['!']
2018-12-15 23:33:56,104:INFO:The '!' was the 5th character
2018-12-15 23:33:56,104:INFO:

2018-12-15 23:33:56,167:INFO:The length of 'T4st!ng' is 7
2018-12-15 23:33:56,168:INFO:As a list it looks like this ['T', '4', 's', 't', '!', 'n', 'g']
2018-12-15 23:33:56,168:INFO:The letters in this password are: ['T', 's', 't', 'n', 'g']
2018-12-15 23:33:56,168:INFO:The 'T' was the 1st character
2018-12-15 23:33:56,169:INFO:The 's' was the 3rd character
2018-12-15 23:33:56,169:INFO:The 't' was the 4th character
2018-12-15 23:33:56,169:INFO:The 'n' was the 6th character
2018-12-15 23:33:56,170:INFO:The 'g' was the 7th character
2018-12-15 23:33:56,170:INFO:

2018-12-15 23:33:56,171:INFO:The numbers in this password are: ['4']
2018-12-15 23:33:56,171:INFO:The '4' was the 2nd character
2018-12-15 23:33:56,172:INFO:

2018-12-15 23:33:56,173:INFO:The symbols in this password are: ['!']
2018-12-15 23:33:56,174:INFO:The '!' was the 5th character
2018-12-15 23:33:56,174:INFO:

2018-12-15 23:33:56,231:INFO:The length of 'T4st!ng' is 7
2018-12-15 23:33:56,232:INFO:As a list it looks like this ['T', '4', 's', 't', '!', 'n', 'g']
2018-12-15 23:33:56,232:INFO:The letters in this password are: ['T', 's', 't', 'n', 'g']
2018-12-15 23:33:56,233:INFO:The 'T' was the 1st character
2018-12-15 23:33:56,233:INFO:The 's' was the 3rd character
2018-12-15 23:33:56,233:INFO:The 't' was the 4th character
2018-12-15 23:33:56,233:INFO:The 'n' was the 6th character
2018-12-15 23:33:56,234:INFO:The 'g' was the 7th character
2018-12-15 23:33:56,234:INFO:

2018-12-15 23:33:56,235:INFO:The numbers in this password are: ['4']
2018-12-15 23:33:56,235:INFO:The '4' was the 2nd character
2018-12-15 23:33:56,235:INFO:

2018-12-15 23:33:56,236:INFO:The symbols in this password are: ['!']
2018-12-15 23:33:56,236:INFO:The '!' was the 5th character
2018-12-15 23:33:56,237:INFO:

2018-12-15 23:33:56,296:INFO:The length of 'T4st!ng' is 7
2018-12-15 23:33:56,297:INFO:As a list it looks like this ['T', '4', 's', 't', '!', 'n', 'g']
2018-12-15 23:33:56,298:INFO:The letters in this password are: ['T', 's', 't', 'n', 'g']
2018-12-15 23:33:56,298:INFO:The 'T' was the 1st character
2018-12-15 23:33:56,298:INFO:The 's' was the 3rd character
2018-12-15 23:33:56,299:INFO:The 't' was the 4th character
2018-12-15 23:33:56,299:INFO:The 'n' was the 6th character
2018-12-15 23:33:56,299:INFO:The 'g' was the 7th character
2018-12-15 23:33:56,300:INFO:

2018-12-15 23:33:56,300:INFO:The numbers in this password are: ['4']
2018-12-15 23:33:56,300:INFO:The '4' was the 2nd character
2018-12-15 23:33:56,301:INFO:

2018-12-15 23:33:56,301:INFO:The symbols in this password are: ['!']
2018-12-15 23:33:56,302:INFO:The '!' was the 5th character
2018-12-15 23:33:56,302:INFO:

2018-12-15 23:33:56,362:INFO:The length of 'T4st!ng' is 7
2018-12-15 23:33:56,363:INFO:As a list it looks like this ['T', '4', 's', 't', '!', 'n', 'g']
2018-12-15 23:33:56,364:INFO:The letters in this password are: ['T', 's', 't', 'n', 'g']
2018-12-15 23:33:56,364:INFO:The 'T' was the 1st character
2018-12-15 23:33:56,365:INFO:The 's' was the 3rd character
2018-12-15 23:33:56,365:INFO:The 't' was the 4th character
2018-12-15 23:33:56,366:INFO:The 'n' was the 6th character
2018-12-15 23:33:56,366:INFO:The 'g' was the 7th character
2018-12-15 23:33:56,366:INFO:

2018-12-15 23:33:56,367:INFO:The numbers in this password are: ['4']
2018-12-15 23:33:56,368:INFO:The '4' was the 2nd character
2018-12-15 23:33:56,368:INFO:

2018-12-15 23:33:56,368:INFO:The symbols in this password are: ['!']
2018-12-15 23:33:56,369:INFO:The '!' was the 5th character
2018-12-15 23:33:56,369:INFO:

2018-12-15 23:33:56,428:INFO:The length of 'T4st!ng' is 7
2018-12-15 23:33:56,428:INFO:As a list it looks like this ['T', '4', 's', 't', '!', 'n', 'g']
2018-12-15 23:33:56,429:INFO:The letters in this password are: ['T', 's', 't', 'n', 'g']
2018-12-15 23:33:56,430:INFO:The 'T' was the 1st character
2018-12-15 23:33:56,430:INFO:The 's' was the 3rd character
2018-12-15 23:33:56,430:INFO:The 't' was the 4th character
2018-12-15 23:33:56,431:INFO:The 'n' was the 6th character
2018-12-15 23:33:56,431:INFO:The 'g' was the 7th character
2018-12-15 23:33:56,431:INFO:

2018-12-15 23:33:56,432:INFO:The numbers in this password are: ['4']
2018-12-15 23:33:56,432:INFO:The '4' was the 2nd character
2018-12-15 23:33:56,433:INFO:

2018-12-15 23:33:56,433:INFO:The symbols in this password are: ['!']
2018-12-15 23:33:56,434:INFO:The '!' was the 5th character
2018-12-15 23:33:56,434:INFO:

2018-12-15 23:33:56,504:INFO:The length of 'T4st!ng' is 7
2018-12-15 23:33:56,505:INFO:As a list it looks like this ['T', '4', 's', 't', '!', 'n', 'g']
2018-12-15 23:33:56,505:INFO:The letters in this password are: ['T', 's', 't', 'n', 'g']
2018-12-15 23:33:56,506:INFO:The 'T' was the 1st character
2018-12-15 23:33:56,506:INFO:The 's' was the 3rd character
2018-12-15 23:33:56,507:INFO:The 't' was the 4th character
2018-12-15 23:33:56,507:INFO:The 'n' was the 6th character
2018-12-15 23:33:56,508:INFO:The 'g' was the 7th character
2018-12-15 23:33:56,508:INFO:

2018-12-15 23:33:56,509:INFO:The numbers in this password are: ['4']
2018-12-15 23:33:56,509:INFO:The '4' was the 2nd character
2018-12-15 23:33:56,510:INFO:

2018-12-15 23:33:56,511:INFO:The symbols in this password are: ['!']
2018-12-15 23:33:56,511:INFO:The '!' was the 5th character
2018-12-15 23:33:56,512:INFO:

2018-12-15 23:33:56,575:INFO:The length of 'T4st!ng' is 7
2018-12-15 23:33:56,576:INFO:As a list it looks like this ['T', '4', 's', 't', '!', 'n', 'g']
2018-12-15 23:33:56,576:INFO:The letters in this password are: ['T', 's', 't', 'n', 'g']
2018-12-15 23:33:56,577:INFO:The 'T' was the 1st character
2018-12-15 23:33:56,577:INFO:The 's' was the 3rd character
2018-12-15 23:33:56,577:INFO:The 't' was the 4th character
2018-12-15 23:33:56,578:INFO:The 'n' was the 6th character
2018-12-15 23:33:56,578:INFO:The 'g' was the 7th character
2018-12-15 23:33:56,578:INFO:

2018-12-15 23:33:56,579:INFO:The numbers in this password are: ['4']
2018-12-15 23:33:56,579:INFO:The '4' was the 2nd character
2018-12-15 23:33:56,580:INFO:

2018-12-15 23:33:56,580:INFO:The symbols in this password are: ['!']
2018-12-15 23:33:56,581:INFO:The '!' was the 5th character
2018-12-15 23:33:56,581:INFO:

2018-12-15 23:33:56,656:INFO:The length of 'T4st!ng' is 7
2018-12-15 23:33:56,656:INFO:As a list it looks like this ['T', '4', 's', 't', '!', 'n', 'g']
2018-12-15 23:33:56,657:INFO:The letters in this password are: ['T', 's', 't', 'n', 'g']
2018-12-15 23:33:56,657:INFO:The 'T' was the 1st character
2018-12-15 23:33:56,657:INFO:The 's' was the 3rd character
2018-12-15 23:33:56,658:INFO:The 't' was the 4th character
2018-12-15 23:33:56,658:INFO:The 'n' was the 6th character
2018-12-15 23:33:56,658:INFO:The 'g' was the 7th character
2018-12-15 23:33:56,659:INFO:

2018-12-15 23:33:56,659:INFO:The numbers in this password are: ['4']
2018-12-15 23:33:56,659:INFO:The '4' was the 2nd character
2018-12-15 23:33:56,660:INFO:

2018-12-15 23:33:56,660:INFO:The symbols in this password are: ['!']
2018-12-15 23:33:56,661:INFO:The '!' was the 5th character
2018-12-15 23:33:56,661:INFO:

2018-12-15 23:33:56,720:INFO:The length of 'T4st!ng' is 7
2018-12-15 23:33:56,721:INFO:As a list it looks like this ['T', '4', 's', 't', '!', 'n', 'g']
2018-12-15 23:33:56,721:INFO:The letters in this password are: ['T', 's', 't', 'n', 'g']
2018-12-15 23:33:56,721:INFO:The 'T' was the 1st character
2018-12-15 23:33:56,722:INFO:The 's' was the 3rd character
2018-12-15 23:33:56,722:INFO:The 't' was the 4th character
2018-12-15 23:33:56,722:INFO:The 'n' was the 6th character
2018-12-15 23:33:56,722:INFO:The 'g' was the 7th character
2018-12-15 23:33:56,723:INFO:

2018-12-15 23:33:56,723:INFO:The numbers in this password are: ['4']
2018-12-15 23:33:56,723:INFO:The '4' was the 2nd character
2018-12-15 23:33:56,724:INFO:

2018-12-15 23:33:56,724:INFO:The symbols in this password are: ['!']
2018-12-15 23:33:56,724:INFO:The '!' was the 5th character
2018-12-15 23:33:56,725:INFO:

2018-12-15 23:33:56,783:INFO:The length of 'T4st!ng' is 7
2018-12-15 23:33:56,783:INFO:As a list it looks like this ['T', '4', 's', 't', '!', 'n', 'g']
2018-12-15 23:33:56,784:INFO:The letters in this password are: ['T', 's', 't', 'n', 'g']
2018-12-15 23:33:56,785:INFO:The 'T' was the 1st character
2018-12-15 23:33:56,785:INFO:The 's' was the 3rd character
2018-12-15 23:33:56,786:INFO:The 't' was the 4th character
2018-12-15 23:33:56,786:INFO:The 'n' was the 6th character
2018-12-15 23:33:56,786:INFO:The 'g' was the 7th character
2018-12-15 23:33:56,786:INFO:

2018-12-15 23:33:56,788:INFO:The numbers in this password are: ['4']
2018-12-15 23:33:56,789:INFO:The '4' was the 2nd character
2018-12-15 23:33:56,790:INFO:

2018-12-15 23:33:56,790:INFO:The symbols in this password are: ['!']
2018-12-15 23:33:56,790:INFO:The '!' was the 5th character
2018-12-15 23:33:56,791:INFO:

2018-12-15 23:33:56,850:INFO:The length of 'T4st!ng' is 7
2018-12-15 23:33:56,851:INFO:As a list it looks like this ['T', '4', 's', 't', '!', 'n', 'g']
2018-12-15 23:33:56,851:INFO:The letters in this password are: ['T', 's', 't', 'n', 'g']
2018-12-15 23:33:56,851:INFO:The 'T' was the 1st character
2018-12-15 23:33:56,852:INFO:The 's' was the 3rd character
2018-12-15 23:33:56,852:INFO:The 't' was the 4th character
2018-12-15 23:33:56,852:INFO:The 'n' was the 6th character
2018-12-15 23:33:56,853:INFO:The 'g' was the 7th character
2018-12-15 23:33:56,853:INFO:

2018-12-15 23:33:56,854:INFO:The numbers in this password are: ['4']
2018-12-15 23:33:56,854:INFO:The '4' was the 2nd character
2018-12-15 23:33:56,854:INFO:

2018-12-15 23:33:56,855:INFO:The symbols in this password are: ['!']
2018-12-15 23:33:56,855:INFO:The '!' was the 5th character
2018-12-15 23:33:56,856:INFO:

2018-12-15 23:33:56,921:INFO:The length of 'T4st!ng' is 7
2018-12-15 23:33:56,921:INFO:As a list it looks like this ['T', '4', 's', 't', '!', 'n', 'g']
2018-12-15 23:33:56,922:INFO:The letters in this password are: ['T', 's', 't', 'n', 'g']
2018-12-15 23:33:56,922:INFO:The 'T' was the 1st character
2018-12-15 23:33:56,922:INFO:The 's' was the 3rd character
2018-12-15 23:33:56,923:INFO:The 't' was the 4th character
2018-12-15 23:33:56,923:INFO:The 'n' was the 6th character
2018-12-15 23:33:56,923:INFO:The 'g' was the 7th character
2018-12-15 23:33:56,923:INFO:

2018-12-15 23:33:56,924:INFO:The numbers in this password are: ['4']
2018-12-15 23:33:56,924:INFO:The '4' was the 2nd character
2018-12-15 23:33:56,924:INFO:

2018-12-15 23:33:56,925:INFO:The symbols in this password are: ['!']
2018-12-15 23:33:56,925:INFO:The '!' was the 5th character
2018-12-15 23:33:56,925:INFO:

2018-12-15 23:33:56,991:INFO:The length of 'T4st!ng' is 7
2018-12-15 23:33:56,991:INFO:As a list it looks like this ['T', '4', 's', 't', '!', 'n', 'g']
2018-12-15 23:33:56,991:INFO:The letters in this password are: ['T', 's', 't', 'n', 'g']
2018-12-15 23:33:56,992:INFO:The 'T' was the 1st character
2018-12-15 23:33:56,992:INFO:The 's' was the 3rd character
2018-12-15 23:33:56,993:INFO:The 't' was the 4th character
2018-12-15 23:33:56,994:INFO:The 'n' was the 6th character
2018-12-15 23:33:56,994:INFO:The 'g' was the 7th character
2018-12-15 23:33:56,995:INFO:

2018-12-15 23:33:56,996:INFO:The numbers in this password are: ['4']
2018-12-15 23:33:56,996:INFO:The '4' was the 2nd character
2018-12-15 23:33:56,996:INFO:

2018-12-15 23:33:56,997:INFO:The symbols in this password are: ['!']
2018-12-15 23:33:56,997:INFO:The '!' was the 5th character
2018-12-15 23:33:56,998:INFO:

2018-12-15 23:33:57,055:INFO:The length of 'T4st!ng' is 7
2018-12-15 23:33:57,055:INFO:As a list it looks like this ['T', '4', 's', 't', '!', 'n', 'g']
2018-12-15 23:33:57,055:INFO:The letters in this password are: ['T', 's', 't', 'n', 'g']
2018-12-15 23:33:57,056:INFO:The 'T' was the 1st character
2018-12-15 23:33:57,056:INFO:The 's' was the 3rd character
2018-12-15 23:33:57,056:INFO:The 't' was the 4th character
2018-12-15 23:33:57,057:INFO:The 'n' was the 6th character
2018-12-15 23:33:57,057:INFO:The 'g' was the 7th character
2018-12-15 23:33:57,057:INFO:

2018-12-15 23:33:57,058:INFO:The numbers in this password are: ['4']
2018-12-15 23:33:57,058:INFO:The '4' was the 2nd character
2018-12-15 23:33:57,058:INFO:

2018-12-15 23:33:57,059:INFO:The symbols in this password are: ['!']
2018-12-15 23:33:57,059:INFO:The '!' was the 5th character
2018-12-15 23:33:57,059:INFO:

2018-12-15 23:33:57,118:INFO:The length of 'T4st!ng' is 7
2018-12-15 23:33:57,119:INFO:As a list it looks like this ['T', '4', 's', 't', '!', 'n', 'g']
2018-12-15 23:33:57,119:INFO:The letters in this password are: ['T', 's', 't', 'n', 'g']
2018-12-15 23:33:57,119:INFO:The 'T' was the 1st character
2018-12-15 23:33:57,120:INFO:The 's' was the 3rd character
2018-12-15 23:33:57,120:INFO:The 't' was the 4th character
2018-12-15 23:33:57,120:INFO:The 'n' was the 6th character
2018-12-15 23:33:57,121:INFO:The 'g' was the 7th character
2018-12-15 23:33:57,121:INFO:

2018-12-15 23:33:57,121:INFO:The numbers in this password are: ['4']
2018-12-15 23:33:57,122:INFO:The '4' was the 2nd character
2018-12-15 23:33:57,122:INFO:

2018-12-15 23:33:57,122:INFO:The symbols in this password are: ['!']
2018-12-15 23:33:57,123:INFO:The '!' was the 5th character
2018-12-15 23:33:57,123:INFO:

2018-12-15 23:33:57,182:INFO:The length of 'T4st!ng' is 7
2018-12-15 23:33:57,183:INFO:As a list it looks like this ['T', '4', 's', 't', '!', 'n', 'g']
2018-12-15 23:33:57,183:INFO:The letters in this password are: ['T', 's', 't', 'n', 'g']
2018-12-15 23:33:57,183:INFO:The 'T' was the 1st character
2018-12-15 23:33:57,183:INFO:The 's' was the 3rd character
2018-12-15 23:33:57,184:INFO:The 't' was the 4th character
2018-12-15 23:33:57,184:INFO:The 'n' was the 6th character
2018-12-15 23:33:57,184:INFO:The 'g' was the 7th character
2018-12-15 23:33:57,184:INFO:

2018-12-15 23:33:57,185:INFO:The numbers in this password are: ['4']
2018-12-15 23:33:57,186:INFO:The '4' was the 2nd character
2018-12-15 23:33:57,187:INFO:

2018-12-15 23:33:57,187:INFO:The symbols in this password are: ['!']
2018-12-15 23:33:57,187:INFO:The '!' was the 5th character
2018-12-15 23:33:57,188:INFO:

2018-12-15 23:33:57,247:INFO:The length of 'T4st!ng' is 7
2018-12-15 23:33:57,247:INFO:As a list it looks like this ['T', '4', 's', 't', '!', 'n', 'g']
2018-12-15 23:33:57,248:INFO:The letters in this password are: ['T', 's', 't', 'n', 'g']
2018-12-15 23:33:57,248:INFO:The 'T' was the 1st character
2018-12-15 23:33:57,249:INFO:The 's' was the 3rd character
2018-12-15 23:33:57,249:INFO:The 't' was the 4th character
2018-12-15 23:33:57,250:INFO:The 'n' was the 6th character
2018-12-15 23:33:57,250:INFO:The 'g' was the 7th character
2018-12-15 23:33:57,250:INFO:

2018-12-15 23:33:57,251:INFO:The numbers in this password are: ['4']
2018-12-15 23:33:57,251:INFO:The '4' was the 2nd character
2018-12-15 23:33:57,252:INFO:

2018-12-15 23:33:57,252:INFO:The symbols in this password are: ['!']
2018-12-15 23:33:57,253:INFO:The '!' was the 5th character
2018-12-15 23:33:57,253:INFO:

2018-12-15 23:33:57,312:INFO:The length of 'T4st!ng' is 7
2018-12-15 23:33:57,312:INFO:As a list it looks like this ['T', '4', 's', 't', '!', 'n', 'g']
2018-12-15 23:33:57,313:INFO:The letters in this password are: ['T', 's', 't', 'n', 'g']
2018-12-15 23:33:57,313:INFO:The 'T' was the 1st character
2018-12-15 23:33:57,313:INFO:The 's' was the 3rd character
2018-12-15 23:33:57,314:INFO:The 't' was the 4th character
2018-12-15 23:33:57,314:INFO:The 'n' was the 6th character
2018-12-15 23:33:57,314:INFO:The 'g' was the 7th character
2018-12-15 23:33:57,314:INFO:

2018-12-15 23:33:57,315:INFO:The numbers in this password are: ['4']
2018-12-15 23:33:57,315:INFO:The '4' was the 2nd character
2018-12-15 23:33:57,315:INFO:

2018-12-15 23:33:57,316:INFO:The symbols in this password are: ['!']
2018-12-15 23:33:57,316:INFO:The '!' was the 5th character
2018-12-15 23:33:57,317:INFO:

2018-12-15 23:33:57,377:INFO:The length of 'T4st!ng' is 7
2018-12-15 23:33:57,378:INFO:As a list it looks like this ['T', '4', 's', 't', '!', 'n', 'g']
2018-12-15 23:33:57,378:INFO:The letters in this password are: ['T', 's', 't', 'n', 'g']
2018-12-15 23:33:57,378:INFO:The 'T' was the 1st character
2018-12-15 23:33:57,379:INFO:The 's' was the 3rd character
2018-12-15 23:33:57,379:INFO:The 't' was the 4th character
2018-12-15 23:33:57,379:INFO:The 'n' was the 6th character
2018-12-15 23:33:57,380:INFO:The 'g' was the 7th character
2018-12-15 23:33:57,380:INFO:

2018-12-15 23:33:57,381:INFO:The numbers in this password are: ['4']
2018-12-15 23:33:57,381:INFO:The '4' was the 2nd character
2018-12-15 23:33:57,381:INFO:

2018-12-15 23:33:57,382:INFO:The symbols in this password are: ['!']
2018-12-15 23:33:57,382:INFO:The '!' was the 5th character
2018-12-15 23:33:57,382:INFO:

2018-12-15 23:33:57,441:INFO:The length of 'T4st!ng' is 7
2018-12-15 23:33:57,441:INFO:As a list it looks like this ['T', '4', 's', 't', '!', 'n', 'g']
2018-12-15 23:33:57,442:INFO:The letters in this password are: ['T', 's', 't', 'n', 'g']
2018-12-15 23:33:57,442:INFO:The 'T' was the 1st character
2018-12-15 23:33:57,442:INFO:The 's' was the 3rd character
2018-12-15 23:33:57,443:INFO:The 't' was the 4th character
2018-12-15 23:33:57,443:INFO:The 'n' was the 6th character
2018-12-15 23:33:57,444:INFO:The 'g' was the 7th character
2018-12-15 23:33:57,444:INFO:

2018-12-15 23:33:57,444:INFO:The numbers in this password are: ['4']
2018-12-15 23:33:57,445:INFO:The '4' was the 2nd character
2018-12-15 23:33:57,445:INFO:

2018-12-15 23:33:57,446:INFO:The symbols in this password are: ['!']
2018-12-15 23:33:57,446:INFO:The '!' was the 5th character
2018-12-15 23:33:57,446:INFO:

2018-12-15 23:33:57,512:INFO:The length of 'T4st!ng' is 7
2018-12-15 23:33:57,512:INFO:As a list it looks like this ['T', '4', 's', 't', '!', 'n', 'g']
2018-12-15 23:33:57,513:INFO:The letters in this password are: ['T', 's', 't', 'n', 'g']
2018-12-15 23:33:57,513:INFO:The 'T' was the 1st character
2018-12-15 23:33:57,514:INFO:The 's' was the 3rd character
2018-12-15 23:33:57,514:INFO:The 't' was the 4th character
2018-12-15 23:33:57,514:INFO:The 'n' was the 6th character
2018-12-15 23:33:57,515:INFO:The 'g' was the 7th character
2018-12-15 23:33:57,516:INFO:

2018-12-15 23:33:57,517:INFO:The numbers in this password are: ['4']
2018-12-15 23:33:57,517:INFO:The '4' was the 2nd character
2018-12-15 23:33:57,517:INFO:

2018-12-15 23:33:57,518:INFO:The symbols in this password are: ['!']
2018-12-15 23:33:57,518:INFO:The '!' was the 5th character
2018-12-15 23:33:57,519:INFO:

2018-12-15 23:33:57,581:INFO:The length of 'T4st!ng' is 7
2018-12-15 23:33:57,582:INFO:As a list it looks like this ['T', '4', 's', 't', '!', 'n', 'g']
2018-12-15 23:33:57,582:INFO:The letters in this password are: ['T', 's', 't', 'n', 'g']
2018-12-15 23:33:57,582:INFO:The 'T' was the 1st character
2018-12-15 23:33:57,583:INFO:The 's' was the 3rd character
2018-12-15 23:33:57,583:INFO:The 't' was the 4th character
2018-12-15 23:33:57,583:INFO:The 'n' was the 6th character
2018-12-15 23:33:57,583:INFO:The 'g' was the 7th character
2018-12-15 23:33:57,584:INFO:

2018-12-15 23:33:57,584:INFO:The numbers in this password are: ['4']
2018-12-15 23:33:57,584:INFO:The '4' was the 2nd character
2018-12-15 23:33:57,585:INFO:

2018-12-15 23:33:57,585:INFO:The symbols in this password are: ['!']
2018-12-15 23:33:57,585:INFO:The '!' was the 5th character
2018-12-15 23:33:57,586:INFO:

2018-12-15 23:33:57,645:INFO:The length of 'T4st!ng' is 7
2018-12-15 23:33:57,646:INFO:As a list it looks like this ['T', '4', 's', 't', '!', 'n', 'g']
2018-12-15 23:33:57,646:INFO:The letters in this password are: ['T', 's', 't', 'n', 'g']
2018-12-15 23:33:57,646:INFO:The 'T' was the 1st character
2018-12-15 23:33:57,647:INFO:The 's' was the 3rd character
2018-12-15 23:33:57,647:INFO:The 't' was the 4th character
2018-12-15 23:33:57,647:INFO:The 'n' was the 6th character
2018-12-15 23:33:57,648:INFO:The 'g' was the 7th character
2018-12-15 23:33:57,648:INFO:

2018-12-15 23:33:57,649:INFO:The numbers in this password are: ['4']
2018-12-15 23:33:57,649:INFO:The '4' was the 2nd character
2018-12-15 23:33:57,650:INFO:

2018-12-15 23:33:57,650:INFO:The symbols in this password are: ['!']
2018-12-15 23:33:57,650:INFO:The '!' was the 5th character
2018-12-15 23:33:57,651:INFO:

2018-12-15 23:33:57,714:INFO:The length of 'T4st!ng' is 7
2018-12-15 23:33:57,715:INFO:As a list it looks like this ['T', '4', 's', 't', '!', 'n', 'g']
2018-12-15 23:33:57,715:INFO:The letters in this password are: ['T', 's', 't', 'n', 'g']
2018-12-15 23:33:57,716:INFO:The 'T' was the 1st character
2018-12-15 23:33:57,716:INFO:The 's' was the 3rd character
2018-12-15 23:33:57,716:INFO:The 't' was the 4th character
2018-12-15 23:33:57,717:INFO:The 'n' was the 6th character
2018-12-15 23:33:57,717:INFO:The 'g' was the 7th character
2018-12-15 23:33:57,717:INFO:

2018-12-15 23:33:57,718:INFO:The numbers in this password are: ['4']
2018-12-15 23:33:57,718:INFO:The '4' was the 2nd character
2018-12-15 23:33:57,718:INFO:

2018-12-15 23:33:57,719:INFO:The symbols in this password are: ['!']
2018-12-15 23:33:57,719:INFO:The '!' was the 5th character
2018-12-15 23:33:57,719:INFO:

2018-12-15 23:33:57,778:INFO:The length of 'T4st!ng' is 7
2018-12-15 23:33:57,779:INFO:As a list it looks like this ['T', '4', 's', 't', '!', 'n', 'g']
2018-12-15 23:33:57,779:INFO:The letters in this password are: ['T', 's', 't', 'n', 'g']
2018-12-15 23:33:57,780:INFO:The 'T' was the 1st character
2018-12-15 23:33:57,780:INFO:The 's' was the 3rd character
2018-12-15 23:33:57,780:INFO:The 't' was the 4th character
2018-12-15 23:33:57,780:INFO:The 'n' was the 6th character
2018-12-15 23:33:57,781:INFO:The 'g' was the 7th character
2018-12-15 23:33:57,781:INFO:

2018-12-15 23:33:57,782:INFO:The numbers in this password are: ['4']
2018-12-15 23:33:57,782:INFO:The '4' was the 2nd character
2018-12-15 23:33:57,782:INFO:

2018-12-15 23:33:57,783:INFO:The symbols in this password are: ['!']
2018-12-15 23:33:57,784:INFO:The '!' was the 5th character
2018-12-15 23:33:57,784:INFO:

2018-12-15 23:33:57,843:INFO:The length of 'T4st!ng' is 7
2018-12-15 23:33:57,844:INFO:As a list it looks like this ['T', '4', 's', 't', '!', 'n', 'g']
2018-12-15 23:33:57,844:INFO:The letters in this password are: ['T', 's', 't', 'n', 'g']
2018-12-15 23:33:57,845:INFO:The 'T' was the 1st character
2018-12-15 23:33:57,845:INFO:The 's' was the 3rd character
2018-12-15 23:33:57,845:INFO:The 't' was the 4th character
2018-12-15 23:33:57,845:INFO:The 'n' was the 6th character
2018-12-15 23:33:57,846:INFO:The 'g' was the 7th character
2018-12-15 23:33:57,846:INFO:

2018-12-15 23:33:57,847:INFO:The numbers in this password are: ['4']
2018-12-15 23:33:57,847:INFO:The '4' was the 2nd character
2018-12-15 23:33:57,847:INFO:

2018-12-15 23:33:57,848:INFO:The symbols in this password are: ['!']
2018-12-15 23:33:57,848:INFO:The '!' was the 5th character
2018-12-15 23:33:57,849:INFO:

2018-12-15 23:33:57,917:INFO:The length of 'T4st!ng' is 7
2018-12-15 23:33:57,918:INFO:As a list it looks like this ['T', '4', 's', 't', '!', 'n', 'g']
2018-12-15 23:33:57,918:INFO:The letters in this password are: ['T', 's', 't', 'n', 'g']
2018-12-15 23:33:57,918:INFO:The 'T' was the 1st character
2018-12-15 23:33:57,919:INFO:The 's' was the 3rd character
2018-12-15 23:33:57,919:INFO:The 't' was the 4th character
2018-12-15 23:33:57,919:INFO:The 'n' was the 6th character
2018-12-15 23:33:57,919:INFO:The 'g' was the 7th character
2018-12-15 23:33:57,920:INFO:

2018-12-15 23:33:57,920:INFO:The numbers in this password are: ['4']
2018-12-15 23:33:57,921:INFO:The '4' was the 2nd character
2018-12-15 23:33:57,921:INFO:

2018-12-15 23:33:57,922:INFO:The symbols in this password are: ['!']
2018-12-15 23:33:57,922:INFO:The '!' was the 5th character
2018-12-15 23:33:57,922:INFO:

2018-12-15 23:33:57,983:INFO:The length of 'T4st!ng' is 7
2018-12-15 23:33:57,984:INFO:As a list it looks like this ['T', '4', 's', 't', '!', 'n', 'g']
2018-12-15 23:33:57,984:INFO:The letters in this password are: ['T', 's', 't', 'n', 'g']
2018-12-15 23:33:57,985:INFO:The 'T' was the 1st character
2018-12-15 23:33:57,985:INFO:The 's' was the 3rd character
2018-12-15 23:33:57,985:INFO:The 't' was the 4th character
2018-12-15 23:33:57,985:INFO:The 'n' was the 6th character
2018-12-15 23:33:57,986:INFO:The 'g' was the 7th character
2018-12-15 23:33:57,986:INFO:

2018-12-15 23:33:57,987:INFO:The numbers in this password are: ['4']
2018-12-15 23:33:57,987:INFO:The '4' was the 2nd character
2018-12-15 23:33:57,987:INFO:

2018-12-15 23:33:57,988:INFO:The symbols in this password are: ['!']
2018-12-15 23:33:57,988:INFO:The '!' was the 5th character
2018-12-15 23:33:57,989:INFO:

2018-12-15 23:33:58,054:INFO:The length of 'T4st!ng' is 7
2018-12-15 23:33:58,055:INFO:As a list it looks like this ['T', '4', 's', 't', '!', 'n', 'g']
2018-12-15 23:33:58,055:INFO:The letters in this password are: ['T', 's', 't', 'n', 'g']
2018-12-15 23:33:58,056:INFO:The 'T' was the 1st character
2018-12-15 23:33:58,056:INFO:The 's' was the 3rd character
2018-12-15 23:33:58,056:INFO:The 't' was the 4th character
2018-12-15 23:33:58,056:INFO:The 'n' was the 6th character
2018-12-15 23:33:58,057:INFO:The 'g' was the 7th character
2018-12-15 23:33:58,057:INFO:

2018-12-15 23:33:58,058:INFO:The numbers in this password are: ['4']
2018-12-15 23:33:58,058:INFO:The '4' was the 2nd character
2018-12-15 23:33:58,059:INFO:

2018-12-15 23:33:58,060:INFO:The symbols in this password are: ['!']
2018-12-15 23:33:58,061:INFO:The '!' was the 5th character
2018-12-15 23:33:58,062:INFO:

2018-12-15 23:33:58,127:INFO:The length of 'T4st!ng' is 7
2018-12-15 23:33:58,127:INFO:As a list it looks like this ['T', '4', 's', 't', '!', 'n', 'g']
2018-12-15 23:33:58,128:INFO:The letters in this password are: ['T', 's', 't', 'n', 'g']
2018-12-15 23:33:58,128:INFO:The 'T' was the 1st character
2018-12-15 23:33:58,128:INFO:The 's' was the 3rd character
2018-12-15 23:33:58,129:INFO:The 't' was the 4th character
2018-12-15 23:33:58,129:INFO:The 'n' was the 6th character
2018-12-15 23:33:58,129:INFO:The 'g' was the 7th character
2018-12-15 23:33:58,129:INFO:

2018-12-15 23:33:58,130:INFO:The numbers in this password are: ['4']
2018-12-15 23:33:58,130:INFO:The '4' was the 2nd character
2018-12-15 23:33:58,131:INFO:

2018-12-15 23:33:58,131:INFO:The symbols in this password are: ['!']
2018-12-15 23:33:58,132:INFO:The '!' was the 5th character
2018-12-15 23:33:58,132:INFO:

2018-12-15 23:33:58,196:INFO:The length of 'T4st!ng' is 7
2018-12-15 23:33:58,197:INFO:As a list it looks like this ['T', '4', 's', 't', '!', 'n', 'g']
2018-12-15 23:33:58,197:INFO:The letters in this password are: ['T', 's', 't', 'n', 'g']
2018-12-15 23:33:58,198:INFO:The 'T' was the 1st character
2018-12-15 23:33:58,198:INFO:The 's' was the 3rd character
2018-12-15 23:33:58,199:INFO:The 't' was the 4th character
2018-12-15 23:33:58,199:INFO:The 'n' was the 6th character
2018-12-15 23:33:58,199:INFO:The 'g' was the 7th character
2018-12-15 23:33:58,200:INFO:

2018-12-15 23:33:58,200:INFO:The numbers in this password are: ['4']
2018-12-15 23:33:58,201:INFO:The '4' was the 2nd character
2018-12-15 23:33:58,202:INFO:

2018-12-15 23:33:58,202:INFO:The symbols in this password are: ['!']
2018-12-15 23:33:58,203:INFO:The '!' was the 5th character
2018-12-15 23:33:58,203:INFO:

2018-12-15 23:33:58,259:INFO:The length of 'T4st!ng' is 7
2018-12-15 23:33:58,259:INFO:As a list it looks like this ['T', '4', 's', 't', '!', 'n', 'g']
2018-12-15 23:33:58,260:INFO:The letters in this password are: ['T', 's', 't', 'n', 'g']
2018-12-15 23:33:58,260:INFO:The 'T' was the 1st character
2018-12-15 23:33:58,260:INFO:The 's' was the 3rd character
2018-12-15 23:33:58,261:INFO:The 't' was the 4th character
2018-12-15 23:33:58,261:INFO:The 'n' was the 6th character
2018-12-15 23:33:58,261:INFO:The 'g' was the 7th character
2018-12-15 23:33:58,262:INFO:

2018-12-15 23:33:58,263:INFO:The numbers in this password are: ['4']
2018-12-15 23:33:58,264:INFO:The '4' was the 2nd character
2018-12-15 23:33:58,264:INFO:

2018-12-15 23:33:58,265:INFO:The symbols in this password are: ['!']
2018-12-15 23:33:58,265:INFO:The '!' was the 5th character
2018-12-15 23:33:58,266:INFO:

2018-12-15 23:33:58,323:INFO:The length of 'T4st!ng' is 7
2018-12-15 23:33:58,324:INFO:As a list it looks like this ['T', '4', 's', 't', '!', 'n', 'g']
2018-12-15 23:33:58,324:INFO:The letters in this password are: ['T', 's', 't', 'n', 'g']
2018-12-15 23:33:58,325:INFO:The 'T' was the 1st character
2018-12-15 23:33:58,325:INFO:The 's' was the 3rd character
2018-12-15 23:33:58,325:INFO:The 't' was the 4th character
2018-12-15 23:33:58,326:INFO:The 'n' was the 6th character
2018-12-15 23:33:58,326:INFO:The 'g' was the 7th character
2018-12-15 23:33:58,326:INFO:

2018-12-15 23:33:58,327:INFO:The numbers in this password are: ['4']
2018-12-15 23:33:58,327:INFO:The '4' was the 2nd character
2018-12-15 23:33:58,328:INFO:

2018-12-15 23:33:58,328:INFO:The symbols in this password are: ['!']
2018-12-15 23:33:58,328:INFO:The '!' was the 5th character
2018-12-15 23:33:58,329:INFO:

2018-12-15 23:33:58,388:INFO:The length of 'T4st!ng' is 7
2018-12-15 23:33:58,389:INFO:As a list it looks like this ['T', '4', 's', 't', '!', 'n', 'g']
2018-12-15 23:33:58,389:INFO:The letters in this password are: ['T', 's', 't', 'n', 'g']
2018-12-15 23:33:58,390:INFO:The 'T' was the 1st character
2018-12-15 23:33:58,391:INFO:The 's' was the 3rd character
2018-12-15 23:33:58,392:INFO:The 't' was the 4th character
2018-12-15 23:33:58,393:INFO:The 'n' was the 6th character
2018-12-15 23:33:58,394:INFO:The 'g' was the 7th character
2018-12-15 23:33:58,395:INFO:

2018-12-15 23:33:58,397:INFO:The numbers in this password are: ['4']
2018-12-15 23:33:58,398:INFO:The '4' was the 2nd character
2018-12-15 23:33:58,399:INFO:

2018-12-15 23:33:58,399:INFO:The symbols in this password are: ['!']
2018-12-15 23:33:58,400:INFO:The '!' was the 5th character
2018-12-15 23:33:58,400:INFO:

2018-12-15 23:33:58,458:INFO:The length of 'T4st!ng' is 7
2018-12-15 23:33:58,459:INFO:As a list it looks like this ['T', '4', 's', 't', '!', 'n', 'g']
2018-12-15 23:33:58,459:INFO:The letters in this password are: ['T', 's', 't', 'n', 'g']
2018-12-15 23:33:58,460:INFO:The 'T' was the 1st character
2018-12-15 23:33:58,460:INFO:The 's' was the 3rd character
2018-12-15 23:33:58,461:INFO:The 't' was the 4th character
2018-12-15 23:33:58,462:INFO:The 'n' was the 6th character
2018-12-15 23:33:58,462:INFO:The 'g' was the 7th character
2018-12-15 23:33:58,462:INFO:

2018-12-15 23:33:58,463:INFO:The numbers in this password are: ['4']
2018-12-15 23:33:58,463:INFO:The '4' was the 2nd character
2018-12-15 23:33:58,464:INFO:

2018-12-15 23:33:58,464:INFO:The symbols in this password are: ['!']
2018-12-15 23:33:58,465:INFO:The '!' was the 5th character
2018-12-15 23:33:58,465:INFO:

2018-12-15 23:33:58,525:INFO:The length of 'T4st!ng' is 7
2018-12-15 23:33:58,525:INFO:As a list it looks like this ['T', '4', 's', 't', '!', 'n', 'g']
2018-12-15 23:33:58,526:INFO:The letters in this password are: ['T', 's', 't', 'n', 'g']
2018-12-15 23:33:58,528:INFO:The 'T' was the 1st character
2018-12-15 23:33:58,528:INFO:The 's' was the 3rd character
2018-12-15 23:33:58,529:INFO:The 't' was the 4th character
2018-12-15 23:33:58,529:INFO:The 'n' was the 6th character
2018-12-15 23:33:58,529:INFO:The 'g' was the 7th character
2018-12-15 23:33:58,530:INFO:

2018-12-15 23:33:58,531:INFO:The numbers in this password are: ['4']
2018-12-15 23:33:58,532:INFO:The '4' was the 2nd character
2018-12-15 23:33:58,532:INFO:

2018-12-15 23:33:58,532:INFO:The symbols in this password are: ['!']
2018-12-15 23:33:58,533:INFO:The '!' was the 5th character
2018-12-15 23:33:58,533:INFO:

2018-12-15 23:33:58,593:INFO:The length of 'T4st!ng' is 7
2018-12-15 23:33:58,593:INFO:As a list it looks like this ['T', '4', 's', 't', '!', 'n', 'g']
2018-12-15 23:33:58,594:INFO:The letters in this password are: ['T', 's', 't', 'n', 'g']
2018-12-15 23:33:58,595:INFO:The 'T' was the 1st character
2018-12-15 23:33:58,596:INFO:The 's' was the 3rd character
2018-12-15 23:33:58,596:INFO:The 't' was the 4th character
2018-12-15 23:33:58,596:INFO:The 'n' was the 6th character
2018-12-15 23:33:58,597:INFO:The 'g' was the 7th character
2018-12-15 23:33:58,598:INFO:

2018-12-15 23:33:58,599:INFO:The numbers in this password are: ['4']
2018-12-15 23:33:58,600:INFO:The '4' was the 2nd character
2018-12-15 23:33:58,600:INFO:

2018-12-15 23:33:58,601:INFO:The symbols in this password are: ['!']
2018-12-15 23:33:58,602:INFO:The '!' was the 5th character
2018-12-15 23:33:58,604:INFO:

2018-12-15 23:33:58,659:INFO:The length of 'T4st!ng' is 7
2018-12-15 23:33:58,660:INFO:As a list it looks like this ['T', '4', 's', 't', '!', 'n', 'g']
2018-12-15 23:33:58,660:INFO:The letters in this password are: ['T', 's', 't', 'n', 'g']
2018-12-15 23:33:58,661:INFO:The 'T' was the 1st character
2018-12-15 23:33:58,661:INFO:The 's' was the 3rd character
2018-12-15 23:33:58,661:INFO:The 't' was the 4th character
2018-12-15 23:33:58,662:INFO:The 'n' was the 6th character
2018-12-15 23:33:58,662:INFO:The 'g' was the 7th character
2018-12-15 23:33:58,662:INFO:

2018-12-15 23:33:58,663:INFO:The numbers in this password are: ['4']
2018-12-15 23:33:58,663:INFO:The '4' was the 2nd character
2018-12-15 23:33:58,664:INFO:

2018-12-15 23:33:58,665:INFO:The symbols in this password are: ['!']
2018-12-15 23:33:58,665:INFO:The '!' was the 5th character
2018-12-15 23:33:58,665:INFO:

2018-12-15 23:33:58,723:INFO:The length of 'T4st!ng' is 7
2018-12-15 23:33:58,723:INFO:As a list it looks like this ['T', '4', 's', 't', '!', 'n', 'g']
2018-12-15 23:33:58,724:INFO:The letters in this password are: ['T', 's', 't', 'n', 'g']
2018-12-15 23:33:58,724:INFO:The 'T' was the 1st character
2018-12-15 23:33:58,724:INFO:The 's' was the 3rd character
2018-12-15 23:33:58,725:INFO:The 't' was the 4th character
2018-12-15 23:33:58,725:INFO:The 'n' was the 6th character
2018-12-15 23:33:58,725:INFO:The 'g' was the 7th character
2018-12-15 23:33:58,726:INFO:

2018-12-15 23:33:58,727:INFO:The numbers in this password are: ['4']
2018-12-15 23:33:58,727:INFO:The '4' was the 2nd character
2018-12-15 23:33:58,727:INFO:

2018-12-15 23:33:58,729:INFO:The symbols in this password are: ['!']
2018-12-15 23:33:58,729:INFO:The '!' was the 5th character
2018-12-15 23:33:58,729:INFO:

2018-12-15 23:33:58,788:INFO:The length of 'T4st!ng' is 7
2018-12-15 23:33:58,789:INFO:As a list it looks like this ['T', '4', 's', 't', '!', 'n', 'g']
2018-12-15 23:33:58,789:INFO:The letters in this password are: ['T', 's', 't', 'n', 'g']
2018-12-15 23:33:58,790:INFO:The 'T' was the 1st character
2018-12-15 23:33:58,790:INFO:The 's' was the 3rd character
2018-12-15 23:33:58,790:INFO:The 't' was the 4th character
2018-12-15 23:33:58,791:INFO:The 'n' was the 6th character
2018-12-15 23:33:58,791:INFO:The 'g' was the 7th character
2018-12-15 23:33:58,791:INFO:

2018-12-15 23:33:58,792:INFO:The numbers in this password are: ['4']
2018-12-15 23:33:58,792:INFO:The '4' was the 2nd character
2018-12-15 23:33:58,792:INFO:

2018-12-15 23:33:58,793:INFO:The symbols in this password are: ['!']
2018-12-15 23:33:58,794:INFO:The '!' was the 5th character
2018-12-15 23:33:58,794:INFO:

2018-12-15 23:33:58,862:INFO:The length of 'T4st!ng' is 7
2018-12-15 23:33:58,862:INFO:As a list it looks like this ['T', '4', 's', 't', '!', 'n', 'g']
2018-12-15 23:33:58,863:INFO:The letters in this password are: ['T', 's', 't', 'n', 'g']
2018-12-15 23:33:58,863:INFO:The 'T' was the 1st character
2018-12-15 23:33:58,863:INFO:The 's' was the 3rd character
2018-12-15 23:33:58,864:INFO:The 't' was the 4th character
2018-12-15 23:33:58,864:INFO:The 'n' was the 6th character
2018-12-15 23:33:58,865:INFO:The 'g' was the 7th character
2018-12-15 23:33:58,865:INFO:

2018-12-15 23:33:58,865:INFO:The numbers in this password are: ['4']
2018-12-15 23:33:58,866:INFO:The '4' was the 2nd character
2018-12-15 23:33:58,866:INFO:

2018-12-15 23:33:58,868:INFO:The symbols in this password are: ['!']
2018-12-15 23:33:58,868:INFO:The '!' was the 5th character
2018-12-15 23:33:58,869:INFO:

2018-12-15 23:33:58,943:INFO:The length of 'T4st!ng' is 7
2018-12-15 23:33:58,943:INFO:As a list it looks like this ['T', '4', 's', 't', '!', 'n', 'g']
2018-12-15 23:33:58,944:INFO:The letters in this password are: ['T', 's', 't', 'n', 'g']
2018-12-15 23:33:58,944:INFO:The 'T' was the 1st character
2018-12-15 23:33:58,944:INFO:The 's' was the 3rd character
2018-12-15 23:33:58,944:INFO:The 't' was the 4th character
2018-12-15 23:33:58,945:INFO:The 'n' was the 6th character
2018-12-15 23:33:58,945:INFO:The 'g' was the 7th character
2018-12-15 23:33:58,945:INFO:

2018-12-15 23:33:58,946:INFO:The numbers in this password are: ['4']
2018-12-15 23:33:58,946:INFO:The '4' was the 2nd character
2018-12-15 23:33:58,946:INFO:

2018-12-15 23:33:58,947:INFO:The symbols in this password are: ['!']
2018-12-15 23:33:58,947:INFO:The '!' was the 5th character
2018-12-15 23:33:58,947:INFO:

2018-12-15 23:33:59,015:INFO:The length of 'T4st!ng' is 7
2018-12-15 23:33:59,016:INFO:As a list it looks like this ['T', '4', 's', 't', '!', 'n', 'g']
2018-12-15 23:33:59,016:INFO:The letters in this password are: ['T', 's', 't', 'n', 'g']
2018-12-15 23:33:59,016:INFO:The 'T' was the 1st character
2018-12-15 23:33:59,017:INFO:The 's' was the 3rd character
2018-12-15 23:33:59,017:INFO:The 't' was the 4th character
2018-12-15 23:33:59,018:INFO:The 'n' was the 6th character
2018-12-15 23:33:59,018:INFO:The 'g' was the 7th character
2018-12-15 23:33:59,019:INFO:

2018-12-15 23:33:59,019:INFO:The numbers in this password are: ['4']
2018-12-15 23:33:59,020:INFO:The '4' was the 2nd character
2018-12-15 23:33:59,020:INFO:

2018-12-15 23:33:59,020:INFO:The symbols in this password are: ['!']
2018-12-15 23:33:59,021:INFO:The '!' was the 5th character
2018-12-15 23:33:59,021:INFO:

2018-12-15 23:33:59,089:INFO:The length of 'T4st!ng' is 7
2018-12-15 23:33:59,089:INFO:As a list it looks like this ['T', '4', 's', 't', '!', 'n', 'g']
2018-12-15 23:33:59,090:INFO:The letters in this password are: ['T', 's', 't', 'n', 'g']
2018-12-15 23:33:59,090:INFO:The 'T' was the 1st character
2018-12-15 23:33:59,091:INFO:The 's' was the 3rd character
2018-12-15 23:33:59,091:INFO:The 't' was the 4th character
2018-12-15 23:33:59,091:INFO:The 'n' was the 6th character
2018-12-15 23:33:59,092:INFO:The 'g' was the 7th character
2018-12-15 23:33:59,092:INFO:

2018-12-15 23:33:59,092:INFO:The numbers in this password are: ['4']
2018-12-15 23:33:59,093:INFO:The '4' was the 2nd character
2018-12-15 23:33:59,093:INFO:

2018-12-15 23:33:59,094:INFO:The symbols in this password are: ['!']
2018-12-15 23:33:59,094:INFO:The '!' was the 5th character
2018-12-15 23:33:59,095:INFO:

2018-12-15 23:33:59,156:INFO:The length of 'T4st!ng' is 7
2018-12-15 23:33:59,156:INFO:As a list it looks like this ['T', '4', 's', 't', '!', 'n', 'g']
2018-12-15 23:33:59,157:INFO:The letters in this password are: ['T', 's', 't', 'n', 'g']
2018-12-15 23:33:59,157:INFO:The 'T' was the 1st character
2018-12-15 23:33:59,157:INFO:The 's' was the 3rd character
2018-12-15 23:33:59,158:INFO:The 't' was the 4th character
2018-12-15 23:33:59,158:INFO:The 'n' was the 6th character
2018-12-15 23:33:59,158:INFO:The 'g' was the 7th character
2018-12-15 23:33:59,159:INFO:

2018-12-15 23:33:59,159:INFO:The numbers in this password are: ['4']
2018-12-15 23:33:59,159:INFO:The '4' was the 2nd character
2018-12-15 23:33:59,159:INFO:

2018-12-15 23:33:59,160:INFO:The symbols in this password are: ['!']
2018-12-15 23:33:59,160:INFO:The '!' was the 5th character
2018-12-15 23:33:59,160:INFO:

2018-12-15 23:33:59,222:INFO:The length of 'T4st!ng' is 7
2018-12-15 23:33:59,222:INFO:As a list it looks like this ['T', '4', 's', 't', '!', 'n', 'g']
2018-12-15 23:33:59,223:INFO:The letters in this password are: ['T', 's', 't', 'n', 'g']
2018-12-15 23:33:59,223:INFO:The 'T' was the 1st character
2018-12-15 23:33:59,223:INFO:The 's' was the 3rd character
2018-12-15 23:33:59,224:INFO:The 't' was the 4th character
2018-12-15 23:33:59,224:INFO:The 'n' was the 6th character
2018-12-15 23:33:59,224:INFO:The 'g' was the 7th character
2018-12-15 23:33:59,224:INFO:

2018-12-15 23:33:59,225:INFO:The numbers in this password are: ['4']
2018-12-15 23:33:59,225:INFO:The '4' was the 2nd character
2018-12-15 23:33:59,225:INFO:

2018-12-15 23:33:59,226:INFO:The symbols in this password are: ['!']
2018-12-15 23:33:59,226:INFO:The '!' was the 5th character
2018-12-15 23:33:59,226:INFO:

2018-12-15 23:33:59,285:INFO:The length of 'T4st!ng' is 7
2018-12-15 23:33:59,286:INFO:As a list it looks like this ['T', '4', 's', 't', '!', 'n', 'g']
2018-12-15 23:33:59,286:INFO:The letters in this password are: ['T', 's', 't', 'n', 'g']
2018-12-15 23:33:59,286:INFO:The 'T' was the 1st character
2018-12-15 23:33:59,287:INFO:The 's' was the 3rd character
2018-12-15 23:33:59,287:INFO:The 't' was the 4th character
2018-12-15 23:33:59,287:INFO:The 'n' was the 6th character
2018-12-15 23:33:59,287:INFO:The 'g' was the 7th character
2018-12-15 23:33:59,288:INFO:

2018-12-15 23:33:59,288:INFO:The numbers in this password are: ['4']
2018-12-15 23:33:59,289:INFO:The '4' was the 2nd character
2018-12-15 23:33:59,289:INFO:

2018-12-15 23:33:59,289:INFO:The symbols in this password are: ['!']
2018-12-15 23:33:59,290:INFO:The '!' was the 5th character
2018-12-15 23:33:59,290:INFO:

2018-12-15 23:33:59,352:INFO:The length of 'T4st!ng' is 7
2018-12-15 23:33:59,353:INFO:As a list it looks like this ['T', '4', 's', 't', '!', 'n', 'g']
2018-12-15 23:33:59,354:INFO:The letters in this password are: ['T', 's', 't', 'n', 'g']
2018-12-15 23:33:59,354:INFO:The 'T' was the 1st character
2018-12-15 23:33:59,354:INFO:The 's' was the 3rd character
2018-12-15 23:33:59,355:INFO:The 't' was the 4th character
2018-12-15 23:33:59,355:INFO:The 'n' was the 6th character
2018-12-15 23:33:59,355:INFO:The 'g' was the 7th character
2018-12-15 23:33:59,356:INFO:

2018-12-15 23:33:59,356:INFO:The numbers in this password are: ['4']
2018-12-15 23:33:59,357:INFO:The '4' was the 2nd character
2018-12-15 23:33:59,357:INFO:

2018-12-15 23:33:59,358:INFO:The symbols in this password are: ['!']
2018-12-15 23:33:59,358:INFO:The '!' was the 5th character
2018-12-15 23:33:59,358:INFO:

2018-12-15 23:33:59,428:INFO:The length of 'T4st!ng' is 7
2018-12-15 23:33:59,429:INFO:As a list it looks like this ['T', '4', 's', 't', '!', 'n', 'g']
2018-12-15 23:33:59,429:INFO:The letters in this password are: ['T', 's', 't', 'n', 'g']
2018-12-15 23:33:59,430:INFO:The 'T' was the 1st character
2018-12-15 23:33:59,430:INFO:The 's' was the 3rd character
2018-12-15 23:33:59,430:INFO:The 't' was the 4th character
2018-12-15 23:33:59,431:INFO:The 'n' was the 6th character
2018-12-15 23:33:59,431:INFO:The 'g' was the 7th character
2018-12-15 23:33:59,431:INFO:

2018-12-15 23:33:59,432:INFO:The numbers in this password are: ['4']
2018-12-15 23:33:59,432:INFO:The '4' was the 2nd character
2018-12-15 23:33:59,433:INFO:

2018-12-15 23:33:59,433:INFO:The symbols in this password are: ['!']
2018-12-15 23:33:59,434:INFO:The '!' was the 5th character
2018-12-15 23:33:59,434:INFO:

2018-12-15 23:33:59,501:INFO:The length of 'T4st!ng' is 7
2018-12-15 23:33:59,502:INFO:As a list it looks like this ['T', '4', 's', 't', '!', 'n', 'g']
2018-12-15 23:33:59,502:INFO:The letters in this password are: ['T', 's', 't', 'n', 'g']
2018-12-15 23:33:59,503:INFO:The 'T' was the 1st character
2018-12-15 23:33:59,504:INFO:The 's' was the 3rd character
2018-12-15 23:33:59,504:INFO:The 't' was the 4th character
2018-12-15 23:33:59,506:INFO:The 'n' was the 6th character
2018-12-15 23:33:59,507:INFO:The 'g' was the 7th character
2018-12-15 23:33:59,507:INFO:

2018-12-15 23:33:59,508:INFO:The numbers in this password are: ['4']
2018-12-15 23:33:59,508:INFO:The '4' was the 2nd character
2018-12-15 23:33:59,509:INFO:

2018-12-15 23:33:59,509:INFO:The symbols in this password are: ['!']
2018-12-15 23:33:59,511:INFO:The '!' was the 5th character
2018-12-15 23:33:59,511:INFO:

2018-12-15 23:33:59,581:INFO:The length of 'T4st!ng' is 7
2018-12-15 23:33:59,582:INFO:As a list it looks like this ['T', '4', 's', 't', '!', 'n', 'g']
2018-12-15 23:33:59,583:INFO:The letters in this password are: ['T', 's', 't', 'n', 'g']
2018-12-15 23:33:59,583:INFO:The 'T' was the 1st character
2018-12-15 23:33:59,584:INFO:The 's' was the 3rd character
2018-12-15 23:33:59,584:INFO:The 't' was the 4th character
2018-12-15 23:33:59,585:INFO:The 'n' was the 6th character
2018-12-15 23:33:59,585:INFO:The 'g' was the 7th character
2018-12-15 23:33:59,586:INFO:

2018-12-15 23:33:59,586:INFO:The numbers in this password are: ['4']
2018-12-15 23:33:59,587:INFO:The '4' was the 2nd character
2018-12-15 23:33:59,587:INFO:

2018-12-15 23:33:59,588:INFO:The symbols in this password are: ['!']
2018-12-15 23:33:59,588:INFO:The '!' was the 5th character
2018-12-15 23:33:59,589:INFO:

2018-12-15 23:33:59,653:INFO:The length of 'T4st!ng' is 7
2018-12-15 23:33:59,654:INFO:As a list it looks like this ['T', '4', 's', 't', '!', 'n', 'g']
2018-12-15 23:33:59,654:INFO:The letters in this password are: ['T', 's', 't', 'n', 'g']
2018-12-15 23:33:59,655:INFO:The 'T' was the 1st character
2018-12-15 23:33:59,655:INFO:The 's' was the 3rd character
2018-12-15 23:33:59,655:INFO:The 't' was the 4th character
2018-12-15 23:33:59,656:INFO:The 'n' was the 6th character
2018-12-15 23:33:59,656:INFO:The 'g' was the 7th character
2018-12-15 23:33:59,656:INFO:

2018-12-15 23:33:59,657:INFO:The numbers in this password are: ['4']
2018-12-15 23:33:59,657:INFO:The '4' was the 2nd character
2018-12-15 23:33:59,658:INFO:

2018-12-15 23:33:59,658:INFO:The symbols in this password are: ['!']
2018-12-15 23:33:59,658:INFO:The '!' was the 5th character
2018-12-15 23:33:59,659:INFO:

2018-12-15 23:33:59,723:INFO:The length of 'T4st!ng' is 7
2018-12-15 23:33:59,724:INFO:As a list it looks like this ['T', '4', 's', 't', '!', 'n', 'g']
2018-12-15 23:33:59,724:INFO:The letters in this password are: ['T', 's', 't', 'n', 'g']
2018-12-15 23:33:59,724:INFO:The 'T' was the 1st character
2018-12-15 23:33:59,725:INFO:The 's' was the 3rd character
2018-12-15 23:33:59,725:INFO:The 't' was the 4th character
2018-12-15 23:33:59,725:INFO:The 'n' was the 6th character
2018-12-15 23:33:59,725:INFO:The 'g' was the 7th character
2018-12-15 23:33:59,726:INFO:

2018-12-15 23:33:59,726:INFO:The numbers in this password are: ['4']
2018-12-15 23:33:59,726:INFO:The '4' was the 2nd character
2018-12-15 23:33:59,727:INFO:

2018-12-15 23:33:59,727:INFO:The symbols in this password are: ['!']
2018-12-15 23:33:59,727:INFO:The '!' was the 5th character
2018-12-15 23:33:59,728:INFO:

2018-12-15 23:33:59,788:INFO:The length of 'T4st!ng' is 7
2018-12-15 23:33:59,789:INFO:As a list it looks like this ['T', '4', 's', 't', '!', 'n', 'g']
2018-12-15 23:33:59,789:INFO:The letters in this password are: ['T', 's', 't', 'n', 'g']
2018-12-15 23:33:59,790:INFO:The 'T' was the 1st character
2018-12-15 23:33:59,790:INFO:The 's' was the 3rd character
2018-12-15 23:33:59,790:INFO:The 't' was the 4th character
2018-12-15 23:33:59,791:INFO:The 'n' was the 6th character
2018-12-15 23:33:59,791:INFO:The 'g' was the 7th character
2018-12-15 23:33:59,791:INFO:

2018-12-15 23:33:59,792:INFO:The numbers in this password are: ['4']
2018-12-15 23:33:59,792:INFO:The '4' was the 2nd character
2018-12-15 23:33:59,792:INFO:

2018-12-15 23:33:59,793:INFO:The symbols in this password are: ['!']
2018-12-15 23:33:59,793:INFO:The '!' was the 5th character
2018-12-15 23:33:59,793:INFO:

2018-12-15 23:33:59,853:INFO:The length of 'T4st!ng' is 7
2018-12-15 23:33:59,853:INFO:As a list it looks like this ['T', '4', 's', 't', '!', 'n', 'g']
2018-12-15 23:33:59,854:INFO:The letters in this password are: ['T', 's', 't', 'n', 'g']
2018-12-15 23:33:59,854:INFO:The 'T' was the 1st character
2018-12-15 23:33:59,855:INFO:The 's' was the 3rd character
2018-12-15 23:33:59,855:INFO:The 't' was the 4th character
2018-12-15 23:33:59,856:INFO:The 'n' was the 6th character
2018-12-15 23:33:59,856:INFO:The 'g' was the 7th character
2018-12-15 23:33:59,856:INFO:

2018-12-15 23:33:59,857:INFO:The numbers in this password are: ['4']
2018-12-15 23:33:59,857:INFO:The '4' was the 2nd character
2018-12-15 23:33:59,857:INFO:

2018-12-15 23:33:59,858:INFO:The symbols in this password are: ['!']
2018-12-15 23:33:59,858:INFO:The '!' was the 5th character
2018-12-15 23:33:59,858:INFO:

2018-12-15 23:33:59,924:INFO:The length of 'T4st!ng' is 7
2018-12-15 23:33:59,924:INFO:As a list it looks like this ['T', '4', 's', 't', '!', 'n', 'g']
2018-12-15 23:33:59,925:INFO:The letters in this password are: ['T', 's', 't', 'n', 'g']
2018-12-15 23:33:59,925:INFO:The 'T' was the 1st character
2018-12-15 23:33:59,925:INFO:The 's' was the 3rd character
2018-12-15 23:33:59,925:INFO:The 't' was the 4th character
2018-12-15 23:33:59,926:INFO:The 'n' was the 6th character
2018-12-15 23:33:59,926:INFO:The 'g' was the 7th character
2018-12-15 23:33:59,926:INFO:

2018-12-15 23:33:59,927:INFO:The numbers in this password are: ['4']
2018-12-15 23:33:59,927:INFO:The '4' was the 2nd character
2018-12-15 23:33:59,927:INFO:

2018-12-15 23:33:59,928:INFO:The symbols in this password are: ['!']
2018-12-15 23:33:59,928:INFO:The '!' was the 5th character
2018-12-15 23:33:59,928:INFO:

2018-12-15 23:33:59,990:INFO:The length of 'T4st!ng' is 7
2018-12-15 23:33:59,991:INFO:As a list it looks like this ['T', '4', 's', 't', '!', 'n', 'g']
2018-12-15 23:33:59,991:INFO:The letters in this password are: ['T', 's', 't', 'n', 'g']
2018-12-15 23:33:59,991:INFO:The 'T' was the 1st character
2018-12-15 23:33:59,992:INFO:The 's' was the 3rd character
2018-12-15 23:33:59,992:INFO:The 't' was the 4th character
2018-12-15 23:33:59,992:INFO:The 'n' was the 6th character
2018-12-15 23:33:59,993:INFO:The 'g' was the 7th character
2018-12-15 23:33:59,993:INFO:

2018-12-15 23:33:59,993:INFO:The numbers in this password are: ['4']
2018-12-15 23:33:59,994:INFO:The '4' was the 2nd character
2018-12-15 23:33:59,994:INFO:

2018-12-15 23:33:59,994:INFO:The symbols in this password are: ['!']
2018-12-15 23:33:59,995:INFO:The '!' was the 5th character
2018-12-15 23:33:59,995:INFO:

2018-12-15 23:34:00,060:INFO:The length of 'T4st!ng' is 7
2018-12-15 23:34:00,061:INFO:As a list it looks like this ['T', '4', 's', 't', '!', 'n', 'g']
2018-12-15 23:34:00,061:INFO:The letters in this password are: ['T', 's', 't', 'n', 'g']
2018-12-15 23:34:00,061:INFO:The 'T' was the 1st character
2018-12-15 23:34:00,062:INFO:The 's' was the 3rd character
2018-12-15 23:34:00,062:INFO:The 't' was the 4th character
2018-12-15 23:34:00,062:INFO:The 'n' was the 6th character
2018-12-15 23:34:00,062:INFO:The 'g' was the 7th character
2018-12-15 23:34:00,063:INFO:

2018-12-15 23:34:00,064:INFO:The numbers in this password are: ['4']
2018-12-15 23:34:00,064:INFO:The '4' was the 2nd character
2018-12-15 23:34:00,065:INFO:

2018-12-15 23:34:00,065:INFO:The symbols in this password are: ['!']
2018-12-15 23:34:00,065:INFO:The '!' was the 5th character
2018-12-15 23:34:00,066:INFO:

2018-12-15 23:34:00,128:INFO:The length of 'T4st!ng' is 7
2018-12-15 23:34:00,129:INFO:As a list it looks like this ['T', '4', 's', 't', '!', 'n', 'g']
2018-12-15 23:34:00,129:INFO:The letters in this password are: ['T', 's', 't', 'n', 'g']
2018-12-15 23:34:00,129:INFO:The 'T' was the 1st character
2018-12-15 23:34:00,130:INFO:The 's' was the 3rd character
2018-12-15 23:34:00,130:INFO:The 't' was the 4th character
2018-12-15 23:34:00,130:INFO:The 'n' was the 6th character
2018-12-15 23:34:00,130:INFO:The 'g' was the 7th character
2018-12-15 23:34:00,131:INFO:

2018-12-15 23:34:00,131:INFO:The numbers in this password are: ['4']
2018-12-15 23:34:00,132:INFO:The '4' was the 2nd character
2018-12-15 23:34:00,132:INFO:

2018-12-15 23:34:00,133:INFO:The symbols in this password are: ['!']
2018-12-15 23:34:00,133:INFO:The '!' was the 5th character
2018-12-15 23:34:00,133:INFO:

2018-12-15 23:34:00,193:INFO:The length of 'T4st!ng' is 7
2018-12-15 23:34:00,193:INFO:As a list it looks like this ['T', '4', 's', 't', '!', 'n', 'g']
2018-12-15 23:34:00,194:INFO:The letters in this password are: ['T', 's', 't', 'n', 'g']
2018-12-15 23:34:00,194:INFO:The 'T' was the 1st character
2018-12-15 23:34:00,194:INFO:The 's' was the 3rd character
2018-12-15 23:34:00,195:INFO:The 't' was the 4th character
2018-12-15 23:34:00,195:INFO:The 'n' was the 6th character
2018-12-15 23:34:00,196:INFO:The 'g' was the 7th character
2018-12-15 23:34:00,196:INFO:

2018-12-15 23:34:00,196:INFO:The numbers in this password are: ['4']
2018-12-15 23:34:00,197:INFO:The '4' was the 2nd character
2018-12-15 23:34:00,198:INFO:

2018-12-15 23:34:00,200:INFO:The symbols in this password are: ['!']
2018-12-15 23:34:00,200:INFO:The '!' was the 5th character
2018-12-15 23:34:00,201:INFO:

2018-12-15 23:34:00,261:INFO:The length of 'T4st!ng' is 7
2018-12-15 23:34:00,261:INFO:As a list it looks like this ['T', '4', 's', 't', '!', 'n', 'g']
2018-12-15 23:34:00,262:INFO:The letters in this password are: ['T', 's', 't', 'n', 'g']
2018-12-15 23:34:00,262:INFO:The 'T' was the 1st character
2018-12-15 23:34:00,262:INFO:The 's' was the 3rd character
2018-12-15 23:34:00,263:INFO:The 't' was the 4th character
2018-12-15 23:34:00,263:INFO:The 'n' was the 6th character
2018-12-15 23:34:00,264:INFO:The 'g' was the 7th character
2018-12-15 23:34:00,264:INFO:

2018-12-15 23:34:00,265:INFO:The numbers in this password are: ['4']
2018-12-15 23:34:00,265:INFO:The '4' was the 2nd character
2018-12-15 23:34:00,265:INFO:

2018-12-15 23:34:00,266:INFO:The symbols in this password are: ['!']
2018-12-15 23:34:00,266:INFO:The '!' was the 5th character
2018-12-15 23:34:00,267:INFO:

2018-12-15 23:34:00,326:INFO:The length of 'T4st!ng' is 7
2018-12-15 23:34:00,326:INFO:As a list it looks like this ['T', '4', 's', 't', '!', 'n', 'g']
2018-12-15 23:34:00,326:INFO:The letters in this password are: ['T', 's', 't', 'n', 'g']
2018-12-15 23:34:00,327:INFO:The 'T' was the 1st character
2018-12-15 23:34:00,327:INFO:The 's' was the 3rd character
2018-12-15 23:34:00,327:INFO:The 't' was the 4th character
2018-12-15 23:34:00,328:INFO:The 'n' was the 6th character
2018-12-15 23:34:00,328:INFO:The 'g' was the 7th character
2018-12-15 23:34:00,328:INFO:

2018-12-15 23:34:00,329:INFO:The numbers in this password are: ['4']
2018-12-15 23:34:00,329:INFO:The '4' was the 2nd character
2018-12-15 23:34:00,329:INFO:

2018-12-15 23:34:00,330:INFO:The symbols in this password are: ['!']
2018-12-15 23:34:00,330:INFO:The '!' was the 5th character
2018-12-15 23:34:00,330:INFO:

2018-12-15 23:34:00,390:INFO:The length of 'T4st!ng' is 7
2018-12-15 23:34:00,391:INFO:As a list it looks like this ['T', '4', 's', 't', '!', 'n', 'g']
2018-12-15 23:34:00,391:INFO:The letters in this password are: ['T', 's', 't', 'n', 'g']
2018-12-15 23:34:00,391:INFO:The 'T' was the 1st character
2018-12-15 23:34:00,391:INFO:The 's' was the 3rd character
2018-12-15 23:34:00,392:INFO:The 't' was the 4th character
2018-12-15 23:34:00,392:INFO:The 'n' was the 6th character
2018-12-15 23:34:00,392:INFO:The 'g' was the 7th character
2018-12-15 23:34:00,392:INFO:

2018-12-15 23:34:00,393:INFO:The numbers in this password are: ['4']
2018-12-15 23:34:00,394:INFO:The '4' was the 2nd character
2018-12-15 23:34:00,394:INFO:

2018-12-15 23:34:00,394:INFO:The symbols in this password are: ['!']
2018-12-15 23:34:00,396:INFO:The '!' was the 5th character
2018-12-15 23:34:00,396:INFO:

2018-12-15 23:34:00,457:INFO:The length of 'T4st!ng' is 7
2018-12-15 23:34:00,457:INFO:As a list it looks like this ['T', '4', 's', 't', '!', 'n', 'g']
2018-12-15 23:34:00,458:INFO:The letters in this password are: ['T', 's', 't', 'n', 'g']
2018-12-15 23:34:00,458:INFO:The 'T' was the 1st character
2018-12-15 23:34:00,458:INFO:The 's' was the 3rd character
2018-12-15 23:34:00,459:INFO:The 't' was the 4th character
2018-12-15 23:34:00,459:INFO:The 'n' was the 6th character
2018-12-15 23:34:00,459:INFO:The 'g' was the 7th character
2018-12-15 23:34:00,459:INFO:

2018-12-15 23:34:00,460:INFO:The numbers in this password are: ['4']
2018-12-15 23:34:00,460:INFO:The '4' was the 2nd character
2018-12-15 23:34:00,460:INFO:

2018-12-15 23:34:00,461:INFO:The symbols in this password are: ['!']
2018-12-15 23:34:00,461:INFO:The '!' was the 5th character
2018-12-15 23:34:00,461:INFO:

2018-12-15 23:34:00,524:INFO:The length of 'T4st!ng' is 7
2018-12-15 23:34:00,525:INFO:As a list it looks like this ['T', '4', 's', 't', '!', 'n', 'g']
2018-12-15 23:34:00,525:INFO:The letters in this password are: ['T', 's', 't', 'n', 'g']
2018-12-15 23:34:00,525:INFO:The 'T' was the 1st character
2018-12-15 23:34:00,526:INFO:The 's' was the 3rd character
2018-12-15 23:34:00,526:INFO:The 't' was the 4th character
2018-12-15 23:34:00,526:INFO:The 'n' was the 6th character
2018-12-15 23:34:00,527:INFO:The 'g' was the 7th character
2018-12-15 23:34:00,527:INFO:

2018-12-15 23:34:00,528:INFO:The numbers in this password are: ['4']
2018-12-15 23:34:00,528:INFO:The '4' was the 2nd character
2018-12-15 23:34:00,528:INFO:

2018-12-15 23:34:00,529:INFO:The symbols in this password are: ['!']
2018-12-15 23:34:00,529:INFO:The '!' was the 5th character
2018-12-15 23:34:00,530:INFO:

2018-12-15 23:34:00,591:INFO:The length of 'T4st!ng' is 7
2018-12-15 23:34:00,592:INFO:As a list it looks like this ['T', '4', 's', 't', '!', 'n', 'g']
2018-12-15 23:34:00,592:INFO:The letters in this password are: ['T', 's', 't', 'n', 'g']
2018-12-15 23:34:00,592:INFO:The 'T' was the 1st character
2018-12-15 23:34:00,593:INFO:The 's' was the 3rd character
2018-12-15 23:34:00,593:INFO:The 't' was the 4th character
2018-12-15 23:34:00,593:INFO:The 'n' was the 6th character
2018-12-15 23:34:00,593:INFO:The 'g' was the 7th character
2018-12-15 23:34:00,594:INFO:

2018-12-15 23:34:00,595:INFO:The numbers in this password are: ['4']
2018-12-15 23:34:00,596:INFO:The '4' was the 2nd character
2018-12-15 23:34:00,596:INFO:

2018-12-15 23:34:00,596:INFO:The symbols in this password are: ['!']
2018-12-15 23:34:00,597:INFO:The '!' was the 5th character
2018-12-15 23:34:00,597:INFO:

2018-12-15 23:34:00,662:INFO:The length of 'T4st!ng' is 7
2018-12-15 23:34:00,663:INFO:As a list it looks like this ['T', '4', 's', 't', '!', 'n', 'g']
2018-12-15 23:34:00,663:INFO:The letters in this password are: ['T', 's', 't', 'n', 'g']
2018-12-15 23:34:00,663:INFO:The 'T' was the 1st character
2018-12-15 23:34:00,664:INFO:The 's' was the 3rd character
2018-12-15 23:34:00,664:INFO:The 't' was the 4th character
2018-12-15 23:34:00,664:INFO:The 'n' was the 6th character
2018-12-15 23:34:00,665:INFO:The 'g' was the 7th character
2018-12-15 23:34:00,665:INFO:

2018-12-15 23:34:00,666:INFO:The numbers in this password are: ['4']
2018-12-15 23:34:00,667:INFO:The '4' was the 2nd character
2018-12-15 23:34:00,667:INFO:

2018-12-15 23:34:00,668:INFO:The symbols in this password are: ['!']
2018-12-15 23:34:00,668:INFO:The '!' was the 5th character
2018-12-15 23:34:00,668:INFO:

2018-12-15 23:34:00,726:INFO:The length of 'T4st!ng' is 7
2018-12-15 23:34:00,726:INFO:As a list it looks like this ['T', '4', 's', 't', '!', 'n', 'g']
2018-12-15 23:34:00,727:INFO:The letters in this password are: ['T', 's', 't', 'n', 'g']
2018-12-15 23:34:00,727:INFO:The 'T' was the 1st character
2018-12-15 23:34:00,727:INFO:The 's' was the 3rd character
2018-12-15 23:34:00,728:INFO:The 't' was the 4th character
2018-12-15 23:34:00,728:INFO:The 'n' was the 6th character
2018-12-15 23:34:00,728:INFO:The 'g' was the 7th character
2018-12-15 23:34:00,728:INFO:

2018-12-15 23:34:00,729:INFO:The numbers in this password are: ['4']
2018-12-15 23:34:00,729:INFO:The '4' was the 2nd character
2018-12-15 23:34:00,730:INFO:

2018-12-15 23:34:00,730:INFO:The symbols in this password are: ['!']
2018-12-15 23:34:00,731:INFO:The '!' was the 5th character
2018-12-15 23:34:00,731:INFO:

2018-12-15 23:34:00,793:INFO:The length of 'T4st!ng' is 7
2018-12-15 23:34:00,794:INFO:As a list it looks like this ['T', '4', 's', 't', '!', 'n', 'g']
2018-12-15 23:34:00,794:INFO:The letters in this password are: ['T', 's', 't', 'n', 'g']
2018-12-15 23:34:00,794:INFO:The 'T' was the 1st character
2018-12-15 23:34:00,795:INFO:The 's' was the 3rd character
2018-12-15 23:34:00,795:INFO:The 't' was the 4th character
2018-12-15 23:34:00,796:INFO:The 'n' was the 6th character
2018-12-15 23:34:00,797:INFO:The 'g' was the 7th character
2018-12-15 23:34:00,797:INFO:

2018-12-15 23:34:00,798:INFO:The numbers in this password are: ['4']
2018-12-15 23:34:00,798:INFO:The '4' was the 2nd character
2018-12-15 23:34:00,799:INFO:

2018-12-15 23:34:00,802:INFO:The symbols in this password are: ['!']
2018-12-15 23:34:00,803:INFO:The '!' was the 5th character
2018-12-15 23:34:00,803:INFO:

2018-12-15 23:34:00,873:INFO:The length of 'T4st!ng' is 7
2018-12-15 23:34:00,874:INFO:As a list it looks like this ['T', '4', 's', 't', '!', 'n', 'g']
2018-12-15 23:34:00,874:INFO:The letters in this password are: ['T', 's', 't', 'n', 'g']
2018-12-15 23:34:00,874:INFO:The 'T' was the 1st character
2018-12-15 23:34:00,875:INFO:The 's' was the 3rd character
2018-12-15 23:34:00,875:INFO:The 't' was the 4th character
2018-12-15 23:34:00,875:INFO:The 'n' was the 6th character
2018-12-15 23:34:00,876:INFO:The 'g' was the 7th character
2018-12-15 23:34:00,876:INFO:

2018-12-15 23:34:00,877:INFO:The numbers in this password are: ['4']
2018-12-15 23:34:00,877:INFO:The '4' was the 2nd character
2018-12-15 23:34:00,877:INFO:

2018-12-15 23:34:00,878:INFO:The symbols in this password are: ['!']
2018-12-15 23:34:00,878:INFO:The '!' was the 5th character
2018-12-15 23:34:00,878:INFO:

2018-12-15 23:34:00,939:INFO:The length of 'T4st!ng' is 7
2018-12-15 23:34:00,939:INFO:As a list it looks like this ['T', '4', 's', 't', '!', 'n', 'g']
2018-12-15 23:34:00,940:INFO:The letters in this password are: ['T', 's', 't', 'n', 'g']
2018-12-15 23:34:00,940:INFO:The 'T' was the 1st character
2018-12-15 23:34:00,940:INFO:The 's' was the 3rd character
2018-12-15 23:34:00,941:INFO:The 't' was the 4th character
2018-12-15 23:34:00,941:INFO:The 'n' was the 6th character
2018-12-15 23:34:00,941:INFO:The 'g' was the 7th character
2018-12-15 23:34:00,942:INFO:

2018-12-15 23:34:00,944:INFO:The numbers in this password are: ['4']
2018-12-15 23:34:00,944:INFO:The '4' was the 2nd character
2018-12-15 23:34:00,945:INFO:

2018-12-15 23:34:00,945:INFO:The symbols in this password are: ['!']
2018-12-15 23:34:00,946:INFO:The '!' was the 5th character
2018-12-15 23:34:00,946:INFO:

2018-12-15 23:34:01,004:INFO:The length of 'T4st!ng' is 7
2018-12-15 23:34:01,004:INFO:As a list it looks like this ['T', '4', 's', 't', '!', 'n', 'g']
2018-12-15 23:34:01,005:INFO:The letters in this password are: ['T', 's', 't', 'n', 'g']
2018-12-15 23:34:01,005:INFO:The 'T' was the 1st character
2018-12-15 23:34:01,006:INFO:The 's' was the 3rd character
2018-12-15 23:34:01,006:INFO:The 't' was the 4th character
2018-12-15 23:34:01,006:INFO:The 'n' was the 6th character
2018-12-15 23:34:01,007:INFO:The 'g' was the 7th character
2018-12-15 23:34:01,007:INFO:

2018-12-15 23:34:01,007:INFO:The numbers in this password are: ['4']
2018-12-15 23:34:01,008:INFO:The '4' was the 2nd character
2018-12-15 23:34:01,008:INFO:

2018-12-15 23:34:01,008:INFO:The symbols in this password are: ['!']
2018-12-15 23:34:01,009:INFO:The '!' was the 5th character
2018-12-15 23:34:01,009:INFO:

2018-12-15 23:34:01,070:INFO:The length of 'T4st!ng' is 7
2018-12-15 23:34:01,070:INFO:As a list it looks like this ['T', '4', 's', 't', '!', 'n', 'g']
2018-12-15 23:34:01,071:INFO:The letters in this password are: ['T', 's', 't', 'n', 'g']
2018-12-15 23:34:01,071:INFO:The 'T' was the 1st character
2018-12-15 23:34:01,071:INFO:The 's' was the 3rd character
2018-12-15 23:34:01,071:INFO:The 't' was the 4th character
2018-12-15 23:34:01,072:INFO:The 'n' was the 6th character
2018-12-15 23:34:01,072:INFO:The 'g' was the 7th character
2018-12-15 23:34:01,072:INFO:

2018-12-15 23:34:01,073:INFO:The numbers in this password are: ['4']
2018-12-15 23:34:01,073:INFO:The '4' was the 2nd character
2018-12-15 23:34:01,074:INFO:

2018-12-15 23:34:01,074:INFO:The symbols in this password are: ['!']
2018-12-15 23:34:01,074:INFO:The '!' was the 5th character
2018-12-15 23:34:01,075:INFO:

2018-12-15 23:34:01,141:INFO:The length of 'T4st!ng' is 7
2018-12-15 23:34:01,141:INFO:As a list it looks like this ['T', '4', 's', 't', '!', 'n', 'g']
2018-12-15 23:34:01,141:INFO:The letters in this password are: ['T', 's', 't', 'n', 'g']
2018-12-15 23:34:01,142:INFO:The 'T' was the 1st character
2018-12-15 23:34:01,142:INFO:The 's' was the 3rd character
2018-12-15 23:34:01,142:INFO:The 't' was the 4th character
2018-12-15 23:34:01,142:INFO:The 'n' was the 6th character
2018-12-15 23:34:01,143:INFO:The 'g' was the 7th character
2018-12-15 23:34:01,143:INFO:

2018-12-15 23:34:01,143:INFO:The numbers in this password are: ['4']
2018-12-15 23:34:01,144:INFO:The '4' was the 2nd character
2018-12-15 23:34:01,144:INFO:

2018-12-15 23:34:01,144:INFO:The symbols in this password are: ['!']
2018-12-15 23:34:01,145:INFO:The '!' was the 5th character
2018-12-15 23:34:01,145:INFO:

2018-12-15 23:34:01,212:INFO:The length of 'T4st!ng' is 7
2018-12-15 23:34:01,213:INFO:As a list it looks like this ['T', '4', 's', 't', '!', 'n', 'g']
2018-12-15 23:34:01,213:INFO:The letters in this password are: ['T', 's', 't', 'n', 'g']
2018-12-15 23:34:01,213:INFO:The 'T' was the 1st character
2018-12-15 23:34:01,214:INFO:The 's' was the 3rd character
2018-12-15 23:34:01,214:INFO:The 't' was the 4th character
2018-12-15 23:34:01,214:INFO:The 'n' was the 6th character
2018-12-15 23:34:01,215:INFO:The 'g' was the 7th character
2018-12-15 23:34:01,215:INFO:

2018-12-15 23:34:01,215:INFO:The numbers in this password are: ['4']
2018-12-15 23:34:01,216:INFO:The '4' was the 2nd character
2018-12-15 23:34:01,216:INFO:

2018-12-15 23:34:01,216:INFO:The symbols in this password are: ['!']
2018-12-15 23:34:01,216:INFO:The '!' was the 5th character
2018-12-15 23:34:01,217:INFO:

2018-12-15 23:34:01,278:INFO:The length of 'T4st!ng' is 7
2018-12-15 23:34:01,278:INFO:As a list it looks like this ['T', '4', 's', 't', '!', 'n', 'g']
2018-12-15 23:34:01,278:INFO:The letters in this password are: ['T', 's', 't', 'n', 'g']
2018-12-15 23:34:01,279:INFO:The 'T' was the 1st character
2018-12-15 23:34:01,279:INFO:The 's' was the 3rd character
2018-12-15 23:34:01,279:INFO:The 't' was the 4th character
2018-12-15 23:34:01,280:INFO:The 'n' was the 6th character
2018-12-15 23:34:01,280:INFO:The 'g' was the 7th character
2018-12-15 23:34:01,280:INFO:

2018-12-15 23:34:01,281:INFO:The numbers in this password are: ['4']
2018-12-15 23:34:01,281:INFO:The '4' was the 2nd character
2018-12-15 23:34:01,281:INFO:

2018-12-15 23:34:01,282:INFO:The symbols in this password are: ['!']
2018-12-15 23:34:01,282:INFO:The '!' was the 5th character
2018-12-15 23:34:01,282:INFO:

2018-12-15 23:34:01,340:INFO:The length of 'T4st!ng' is 7
2018-12-15 23:34:01,340:INFO:As a list it looks like this ['T', '4', 's', 't', '!', 'n', 'g']
2018-12-15 23:34:01,341:INFO:The letters in this password are: ['T', 's', 't', 'n', 'g']
2018-12-15 23:34:01,341:INFO:The 'T' was the 1st character
2018-12-15 23:34:01,341:INFO:The 's' was the 3rd character
2018-12-15 23:34:01,342:INFO:The 't' was the 4th character
2018-12-15 23:34:01,342:INFO:The 'n' was the 6th character
2018-12-15 23:34:01,342:INFO:The 'g' was the 7th character
2018-12-15 23:34:01,343:INFO:

2018-12-15 23:34:01,343:INFO:The numbers in this password are: ['4']
2018-12-15 23:34:01,344:INFO:The '4' was the 2nd character
2018-12-15 23:34:01,344:INFO:

2018-12-15 23:34:01,346:INFO:The symbols in this password are: ['!']
2018-12-15 23:34:01,347:INFO:The '!' was the 5th character
2018-12-15 23:34:01,348:INFO:

2018-12-15 23:34:01,409:INFO:The length of 'T4st!ng' is 7
2018-12-15 23:34:01,410:INFO:As a list it looks like this ['T', '4', 's', 't', '!', 'n', 'g']
2018-12-15 23:34:01,410:INFO:The letters in this password are: ['T', 's', 't', 'n', 'g']
2018-12-15 23:34:01,410:INFO:The 'T' was the 1st character
2018-12-15 23:34:01,411:INFO:The 's' was the 3rd character
2018-12-15 23:34:01,411:INFO:The 't' was the 4th character
2018-12-15 23:34:01,411:INFO:The 'n' was the 6th character
2018-12-15 23:34:01,412:INFO:The 'g' was the 7th character
2018-12-15 23:34:01,412:INFO:

2018-12-15 23:34:01,412:INFO:The numbers in this password are: ['4']
2018-12-15 23:34:01,412:INFO:The '4' was the 2nd character
2018-12-15 23:34:01,413:INFO:

2018-12-15 23:34:01,413:INFO:The symbols in this password are: ['!']
2018-12-15 23:34:01,414:INFO:The '!' was the 5th character
2018-12-15 23:34:01,414:INFO:

2018-12-15 23:34:01,475:INFO:The length of 'T4st!ng' is 7
2018-12-15 23:34:01,475:INFO:As a list it looks like this ['T', '4', 's', 't', '!', 'n', 'g']
2018-12-15 23:34:01,475:INFO:The letters in this password are: ['T', 's', 't', 'n', 'g']
2018-12-15 23:34:01,476:INFO:The 'T' was the 1st character
2018-12-15 23:34:01,477:INFO:The 's' was the 3rd character
2018-12-15 23:34:01,477:INFO:The 't' was the 4th character
2018-12-15 23:34:01,478:INFO:The 'n' was the 6th character
2018-12-15 23:34:01,479:INFO:The 'g' was the 7th character
2018-12-15 23:34:01,479:INFO:

2018-12-15 23:34:01,480:INFO:The numbers in this password are: ['4']
2018-12-15 23:34:01,480:INFO:The '4' was the 2nd character
2018-12-15 23:34:01,481:INFO:

2018-12-15 23:34:01,481:INFO:The symbols in this password are: ['!']
2018-12-15 23:34:01,481:INFO:The '!' was the 5th character
2018-12-15 23:34:01,482:INFO:

2018-12-15 23:34:01,541:INFO:The length of 'T4st!ng' is 7
2018-12-15 23:34:01,542:INFO:As a list it looks like this ['T', '4', 's', 't', '!', 'n', 'g']
2018-12-15 23:34:01,542:INFO:The letters in this password are: ['T', 's', 't', 'n', 'g']
2018-12-15 23:34:01,542:INFO:The 'T' was the 1st character
2018-12-15 23:34:01,543:INFO:The 's' was the 3rd character
2018-12-15 23:34:01,543:INFO:The 't' was the 4th character
2018-12-15 23:34:01,543:INFO:The 'n' was the 6th character
2018-12-15 23:34:01,543:INFO:The 'g' was the 7th character
2018-12-15 23:34:01,544:INFO:

2018-12-15 23:34:01,544:INFO:The numbers in this password are: ['4']
2018-12-15 23:34:01,544:INFO:The '4' was the 2nd character
2018-12-15 23:34:01,545:INFO:

2018-12-15 23:34:01,546:INFO:The symbols in this password are: ['!']
2018-12-15 23:34:01,546:INFO:The '!' was the 5th character
2018-12-15 23:34:01,546:INFO:

2018-12-15 23:34:01,620:INFO:The length of 'T4st!ng' is 7
2018-12-15 23:34:01,621:INFO:As a list it looks like this ['T', '4', 's', 't', '!', 'n', 'g']
2018-12-15 23:34:01,621:INFO:The letters in this password are: ['T', 's', 't', 'n', 'g']
2018-12-15 23:34:01,621:INFO:The 'T' was the 1st character
2018-12-15 23:34:01,622:INFO:The 's' was the 3rd character
2018-12-15 23:34:01,622:INFO:The 't' was the 4th character
2018-12-15 23:34:01,622:INFO:The 'n' was the 6th character
2018-12-15 23:34:01,623:INFO:The 'g' was the 7th character
2018-12-15 23:34:01,623:INFO:

2018-12-15 23:34:01,623:INFO:The numbers in this password are: ['4']
2018-12-15 23:34:01,624:INFO:The '4' was the 2nd character
2018-12-15 23:34:01,624:INFO:

2018-12-15 23:34:01,624:INFO:The symbols in this password are: ['!']
2018-12-15 23:34:01,625:INFO:The '!' was the 5th character
2018-12-15 23:34:01,625:INFO:

2018-12-15 23:34:01,685:INFO:The length of 'T4st!ng' is 7
2018-12-15 23:34:01,685:INFO:As a list it looks like this ['T', '4', 's', 't', '!', 'n', 'g']
2018-12-15 23:34:01,686:INFO:The letters in this password are: ['T', 's', 't', 'n', 'g']
2018-12-15 23:34:01,686:INFO:The 'T' was the 1st character
2018-12-15 23:34:01,686:INFO:The 's' was the 3rd character
2018-12-15 23:34:01,687:INFO:The 't' was the 4th character
2018-12-15 23:34:01,687:INFO:The 'n' was the 6th character
2018-12-15 23:34:01,687:INFO:The 'g' was the 7th character
2018-12-15 23:34:01,687:INFO:

2018-12-15 23:34:01,688:INFO:The numbers in this password are: ['4']
2018-12-15 23:34:01,688:INFO:The '4' was the 2nd character
2018-12-15 23:34:01,689:INFO:

2018-12-15 23:34:01,690:INFO:The symbols in this password are: ['!']
2018-12-15 23:34:01,690:INFO:The '!' was the 5th character
2018-12-15 23:34:01,690:INFO:

2018-12-15 23:34:01,749:INFO:The length of 'T4st!ng' is 7
2018-12-15 23:34:01,749:INFO:As a list it looks like this ['T', '4', 's', 't', '!', 'n', 'g']
2018-12-15 23:34:01,750:INFO:The letters in this password are: ['T', 's', 't', 'n', 'g']
2018-12-15 23:34:01,750:INFO:The 'T' was the 1st character
2018-12-15 23:34:01,751:INFO:The 's' was the 3rd character
2018-12-15 23:34:01,751:INFO:The 't' was the 4th character
2018-12-15 23:34:01,751:INFO:The 'n' was the 6th character
2018-12-15 23:34:01,752:INFO:The 'g' was the 7th character
2018-12-15 23:34:01,752:INFO:

2018-12-15 23:34:01,753:INFO:The numbers in this password are: ['4']
2018-12-15 23:34:01,753:INFO:The '4' was the 2nd character
2018-12-15 23:34:01,753:INFO:

2018-12-15 23:34:01,754:INFO:The symbols in this password are: ['!']
2018-12-15 23:34:01,754:INFO:The '!' was the 5th character
2018-12-15 23:34:01,755:INFO:

2018-12-15 23:34:01,815:INFO:The length of 'T4st!ng' is 7
2018-12-15 23:34:01,816:INFO:As a list it looks like this ['T', '4', 's', 't', '!', 'n', 'g']
2018-12-15 23:34:01,816:INFO:The letters in this password are: ['T', 's', 't', 'n', 'g']
2018-12-15 23:34:01,816:INFO:The 'T' was the 1st character
2018-12-15 23:34:01,817:INFO:The 's' was the 3rd character
2018-12-15 23:34:01,817:INFO:The 't' was the 4th character
2018-12-15 23:34:01,817:INFO:The 'n' was the 6th character
2018-12-15 23:34:01,818:INFO:The 'g' was the 7th character
2018-12-15 23:34:01,818:INFO:

2018-12-15 23:34:01,818:INFO:The numbers in this password are: ['4']
2018-12-15 23:34:01,819:INFO:The '4' was the 2nd character
2018-12-15 23:34:01,819:INFO:

2018-12-15 23:34:01,819:INFO:The symbols in this password are: ['!']
2018-12-15 23:34:01,820:INFO:The '!' was the 5th character
2018-12-15 23:34:01,820:INFO:

2018-12-15 23:34:01,878:INFO:The length of 'T4st!ng' is 7
2018-12-15 23:34:01,879:INFO:As a list it looks like this ['T', '4', 's', 't', '!', 'n', 'g']
2018-12-15 23:34:01,879:INFO:The letters in this password are: ['T', 's', 't', 'n', 'g']
2018-12-15 23:34:01,880:INFO:The 'T' was the 1st character
2018-12-15 23:34:01,880:INFO:The 's' was the 3rd character
2018-12-15 23:34:01,880:INFO:The 't' was the 4th character
2018-12-15 23:34:01,881:INFO:The 'n' was the 6th character
2018-12-15 23:34:01,881:INFO:The 'g' was the 7th character
2018-12-15 23:34:01,881:INFO:

2018-12-15 23:34:01,882:INFO:The numbers in this password are: ['4']
2018-12-15 23:34:01,882:INFO:The '4' was the 2nd character
2018-12-15 23:34:01,883:INFO:

2018-12-15 23:34:01,883:INFO:The symbols in this password are: ['!']
2018-12-15 23:34:01,884:INFO:The '!' was the 5th character
2018-12-15 23:34:01,884:INFO:

2018-12-15 23:34:01,941:INFO:The length of 'T4st!ng' is 7
2018-12-15 23:34:01,941:INFO:As a list it looks like this ['T', '4', 's', 't', '!', 'n', 'g']
2018-12-15 23:34:01,942:INFO:The letters in this password are: ['T', 's', 't', 'n', 'g']
2018-12-15 23:34:01,942:INFO:The 'T' was the 1st character
2018-12-15 23:34:01,942:INFO:The 's' was the 3rd character
2018-12-15 23:34:01,943:INFO:The 't' was the 4th character
2018-12-15 23:34:01,944:INFO:The 'n' was the 6th character
2018-12-15 23:34:01,944:INFO:The 'g' was the 7th character
2018-12-15 23:34:01,944:INFO:

2018-12-15 23:34:01,945:INFO:The numbers in this password are: ['4']
2018-12-15 23:34:01,945:INFO:The '4' was the 2nd character
2018-12-15 23:34:01,945:INFO:

2018-12-15 23:34:01,946:INFO:The symbols in this password are: ['!']
2018-12-15 23:34:01,946:INFO:The '!' was the 5th character
2018-12-15 23:34:01,946:INFO:

2018-12-15 23:34:02,016:INFO:The length of 'T4st!ng' is 7
2018-12-15 23:34:02,016:INFO:As a list it looks like this ['T', '4', 's', 't', '!', 'n', 'g']
2018-12-15 23:34:02,017:INFO:The letters in this password are: ['T', 's', 't', 'n', 'g']
2018-12-15 23:34:02,017:INFO:The 'T' was the 1st character
2018-12-15 23:34:02,017:INFO:The 's' was the 3rd character
2018-12-15 23:34:02,018:INFO:The 't' was the 4th character
2018-12-15 23:34:02,018:INFO:The 'n' was the 6th character
2018-12-15 23:34:02,018:INFO:The 'g' was the 7th character
2018-12-15 23:34:02,018:INFO:

2018-12-15 23:34:02,019:INFO:The numbers in this password are: ['4']
2018-12-15 23:34:02,019:INFO:The '4' was the 2nd character
2018-12-15 23:34:02,019:INFO:

2018-12-15 23:34:02,020:INFO:The symbols in this password are: ['!']
2018-12-15 23:34:02,020:INFO:The '!' was the 5th character
2018-12-15 23:34:02,020:INFO:

2018-12-15 23:34:02,080:INFO:The length of 'T4st!ng' is 7
2018-12-15 23:34:02,080:INFO:As a list it looks like this ['T', '4', 's', 't', '!', 'n', 'g']
2018-12-15 23:34:02,081:INFO:The letters in this password are: ['T', 's', 't', 'n', 'g']
2018-12-15 23:34:02,081:INFO:The 'T' was the 1st character
2018-12-15 23:34:02,082:INFO:The 's' was the 3rd character
2018-12-15 23:34:02,082:INFO:The 't' was the 4th character
2018-12-15 23:34:02,083:INFO:The 'n' was the 6th character
2018-12-15 23:34:02,083:INFO:The 'g' was the 7th character
2018-12-15 23:34:02,083:INFO:

2018-12-15 23:34:02,084:INFO:The numbers in this password are: ['4']
2018-12-15 23:34:02,085:INFO:The '4' was the 2nd character
2018-12-15 23:34:02,085:INFO:

2018-12-15 23:34:02,086:INFO:The symbols in this password are: ['!']
2018-12-15 23:34:02,086:INFO:The '!' was the 5th character
2018-12-15 23:34:02,086:INFO:

2018-12-15 23:34:02,148:INFO:The length of 'T4st!ng' is 7
2018-12-15 23:34:02,149:INFO:As a list it looks like this ['T', '4', 's', 't', '!', 'n', 'g']
2018-12-15 23:34:02,149:INFO:The letters in this password are: ['T', 's', 't', 'n', 'g']
2018-12-15 23:34:02,149:INFO:The 'T' was the 1st character
2018-12-15 23:34:02,150:INFO:The 's' was the 3rd character
2018-12-15 23:34:02,150:INFO:The 't' was the 4th character
2018-12-15 23:34:02,150:INFO:The 'n' was the 6th character
2018-12-15 23:34:02,151:INFO:The 'g' was the 7th character
2018-12-15 23:34:02,151:INFO:

2018-12-15 23:34:02,151:INFO:The numbers in this password are: ['4']
2018-12-15 23:34:02,152:INFO:The '4' was the 2nd character
2018-12-15 23:34:02,152:INFO:

2018-12-15 23:34:02,153:INFO:The symbols in this password are: ['!']
2018-12-15 23:34:02,153:INFO:The '!' was the 5th character
2018-12-15 23:34:02,154:INFO:

2018-12-15 23:34:02,214:INFO:The length of 'T4st!ng' is 7
2018-12-15 23:34:02,215:INFO:As a list it looks like this ['T', '4', 's', 't', '!', 'n', 'g']
2018-12-15 23:34:02,215:INFO:The letters in this password are: ['T', 's', 't', 'n', 'g']
2018-12-15 23:34:02,215:INFO:The 'T' was the 1st character
2018-12-15 23:34:02,216:INFO:The 's' was the 3rd character
2018-12-15 23:34:02,216:INFO:The 't' was the 4th character
2018-12-15 23:34:02,216:INFO:The 'n' was the 6th character
2018-12-15 23:34:02,217:INFO:The 'g' was the 7th character
2018-12-15 23:34:02,217:INFO:

2018-12-15 23:34:02,217:INFO:The numbers in this password are: ['4']
2018-12-15 23:34:02,218:INFO:The '4' was the 2nd character
2018-12-15 23:34:02,218:INFO:

2018-12-15 23:34:02,219:INFO:The symbols in this password are: ['!']
2018-12-15 23:34:02,219:INFO:The '!' was the 5th character
2018-12-15 23:34:02,219:INFO:

2018-12-15 23:34:02,280:INFO:The length of 'T4st!ng' is 7
2018-12-15 23:34:02,280:INFO:As a list it looks like this ['T', '4', 's', 't', '!', 'n', 'g']
2018-12-15 23:34:02,281:INFO:The letters in this password are: ['T', 's', 't', 'n', 'g']
2018-12-15 23:34:02,281:INFO:The 'T' was the 1st character
2018-12-15 23:34:02,281:INFO:The 's' was the 3rd character
2018-12-15 23:34:02,281:INFO:The 't' was the 4th character
2018-12-15 23:34:02,282:INFO:The 'n' was the 6th character
2018-12-15 23:34:02,282:INFO:The 'g' was the 7th character
2018-12-15 23:34:02,282:INFO:

2018-12-15 23:34:02,283:INFO:The numbers in this password are: ['4']
2018-12-15 23:34:02,283:INFO:The '4' was the 2nd character
2018-12-15 23:34:02,284:INFO:

2018-12-15 23:34:02,284:INFO:The symbols in this password are: ['!']
2018-12-15 23:34:02,284:INFO:The '!' was the 5th character
2018-12-15 23:34:02,285:INFO:

2018-12-15 23:34:02,345:INFO:The length of 'T4st!ng' is 7
2018-12-15 23:34:02,346:INFO:As a list it looks like this ['T', '4', 's', 't', '!', 'n', 'g']
2018-12-15 23:34:02,346:INFO:The letters in this password are: ['T', 's', 't', 'n', 'g']
2018-12-15 23:34:02,347:INFO:The 'T' was the 1st character
2018-12-15 23:34:02,347:INFO:The 's' was the 3rd character
2018-12-15 23:34:02,347:INFO:The 't' was the 4th character
2018-12-15 23:34:02,347:INFO:The 'n' was the 6th character
2018-12-15 23:34:02,348:INFO:The 'g' was the 7th character
2018-12-15 23:34:02,348:INFO:

2018-12-15 23:34:02,348:INFO:The numbers in this password are: ['4']
2018-12-15 23:34:02,349:INFO:The '4' was the 2nd character
2018-12-15 23:34:02,349:INFO:

2018-12-15 23:34:02,349:INFO:The symbols in this password are: ['!']
2018-12-15 23:34:02,350:INFO:The '!' was the 5th character
2018-12-15 23:34:02,350:INFO:

2018-12-15 23:34:02,417:INFO:The length of 'T4st!ng' is 7
2018-12-15 23:34:02,418:INFO:As a list it looks like this ['T', '4', 's', 't', '!', 'n', 'g']
2018-12-15 23:34:02,418:INFO:The letters in this password are: ['T', 's', 't', 'n', 'g']
2018-12-15 23:34:02,419:INFO:The 'T' was the 1st character
2018-12-15 23:34:02,419:INFO:The 's' was the 3rd character
2018-12-15 23:34:02,419:INFO:The 't' was the 4th character
2018-12-15 23:34:02,419:INFO:The 'n' was the 6th character
2018-12-15 23:34:02,420:INFO:The 'g' was the 7th character
2018-12-15 23:34:02,420:INFO:

2018-12-15 23:34:02,421:INFO:The numbers in this password are: ['4']
2018-12-15 23:34:02,421:INFO:The '4' was the 2nd character
2018-12-15 23:34:02,421:INFO:

2018-12-15 23:34:02,422:INFO:The symbols in this password are: ['!']
2018-12-15 23:34:02,423:INFO:The '!' was the 5th character
2018-12-15 23:34:02,423:INFO:

2018-12-15 23:34:02,490:INFO:The length of 'T4st!ng' is 7
2018-12-15 23:34:02,490:INFO:As a list it looks like this ['T', '4', 's', 't', '!', 'n', 'g']
2018-12-15 23:34:02,491:INFO:The letters in this password are: ['T', 's', 't', 'n', 'g']
2018-12-15 23:34:02,491:INFO:The 'T' was the 1st character
2018-12-15 23:34:02,492:INFO:The 's' was the 3rd character
2018-12-15 23:34:02,492:INFO:The 't' was the 4th character
2018-12-15 23:34:02,492:INFO:The 'n' was the 6th character
2018-12-15 23:34:02,493:INFO:The 'g' was the 7th character
2018-12-15 23:34:02,493:INFO:

2018-12-15 23:34:02,494:INFO:The numbers in this password are: ['4']
2018-12-15 23:34:02,494:INFO:The '4' was the 2nd character
2018-12-15 23:34:02,494:INFO:

2018-12-15 23:34:02,495:INFO:The symbols in this password are: ['!']
2018-12-15 23:34:02,495:INFO:The '!' was the 5th character
2018-12-15 23:34:02,495:INFO:

2018-12-15 23:34:02,562:INFO:The length of 'T4st!ng' is 7
2018-12-15 23:34:02,563:INFO:As a list it looks like this ['T', '4', 's', 't', '!', 'n', 'g']
2018-12-15 23:34:02,564:INFO:The letters in this password are: ['T', 's', 't', 'n', 'g']
2018-12-15 23:34:02,564:INFO:The 'T' was the 1st character
2018-12-15 23:34:02,565:INFO:The 's' was the 3rd character
2018-12-15 23:34:02,565:INFO:The 't' was the 4th character
2018-12-15 23:34:02,566:INFO:The 'n' was the 6th character
2018-12-15 23:34:02,566:INFO:The 'g' was the 7th character
2018-12-15 23:34:02,567:INFO:

2018-12-15 23:34:02,568:INFO:The numbers in this password are: ['4']
2018-12-15 23:34:02,568:INFO:The '4' was the 2nd character
2018-12-15 23:34:02,569:INFO:

2018-12-15 23:34:02,570:INFO:The symbols in this password are: ['!']
2018-12-15 23:34:02,570:INFO:The '!' was the 5th character
2018-12-15 23:34:02,571:INFO:

2018-12-15 23:34:02,641:INFO:The length of 'T4st!ng' is 7
2018-12-15 23:34:02,642:INFO:As a list it looks like this ['T', '4', 's', 't', '!', 'n', 'g']
2018-12-15 23:34:02,642:INFO:The letters in this password are: ['T', 's', 't', 'n', 'g']
2018-12-15 23:34:02,643:INFO:The 'T' was the 1st character
2018-12-15 23:34:02,643:INFO:The 's' was the 3rd character
2018-12-15 23:34:02,643:INFO:The 't' was the 4th character
2018-12-15 23:34:02,644:INFO:The 'n' was the 6th character
2018-12-15 23:34:02,644:INFO:The 'g' was the 7th character
2018-12-15 23:34:02,644:INFO:

2018-12-15 23:34:02,645:INFO:The numbers in this password are: ['4']
2018-12-15 23:34:02,645:INFO:The '4' was the 2nd character
2018-12-15 23:34:02,646:INFO:

2018-12-15 23:34:02,646:INFO:The symbols in this password are: ['!']
2018-12-15 23:34:02,647:INFO:The '!' was the 5th character
2018-12-15 23:34:02,647:INFO:

2018-12-15 23:34:02,711:INFO:The length of 'T4st!ng' is 7
2018-12-15 23:34:02,711:INFO:As a list it looks like this ['T', '4', 's', 't', '!', 'n', 'g']
2018-12-15 23:34:02,712:INFO:The letters in this password are: ['T', 's', 't', 'n', 'g']
2018-12-15 23:34:02,712:INFO:The 'T' was the 1st character
2018-12-15 23:34:02,712:INFO:The 's' was the 3rd character
2018-12-15 23:34:02,712:INFO:The 't' was the 4th character
2018-12-15 23:34:02,713:INFO:The 'n' was the 6th character
2018-12-15 23:34:02,713:INFO:The 'g' was the 7th character
2018-12-15 23:34:02,713:INFO:

2018-12-15 23:34:02,714:INFO:The numbers in this password are: ['4']
2018-12-15 23:34:02,714:INFO:The '4' was the 2nd character
2018-12-15 23:34:02,714:INFO:

2018-12-15 23:34:02,715:INFO:The symbols in this password are: ['!']
2018-12-15 23:34:02,715:INFO:The '!' was the 5th character
2018-12-15 23:34:02,715:INFO:

2018-12-15 23:34:02,774:INFO:The length of 'T4st!ng' is 7
2018-12-15 23:34:02,775:INFO:As a list it looks like this ['T', '4', 's', 't', '!', 'n', 'g']
2018-12-15 23:34:02,775:INFO:The letters in this password are: ['T', 's', 't', 'n', 'g']
2018-12-15 23:34:02,775:INFO:The 'T' was the 1st character
2018-12-15 23:34:02,776:INFO:The 's' was the 3rd character
2018-12-15 23:34:02,776:INFO:The 't' was the 4th character
2018-12-15 23:34:02,776:INFO:The 'n' was the 6th character
2018-12-15 23:34:02,777:INFO:The 'g' was the 7th character
2018-12-15 23:34:02,777:INFO:

2018-12-15 23:34:02,778:INFO:The numbers in this password are: ['4']
2018-12-15 23:34:02,778:INFO:The '4' was the 2nd character
2018-12-15 23:34:02,778:INFO:

2018-12-15 23:34:02,779:INFO:The symbols in this password are: ['!']
2018-12-15 23:34:02,779:INFO:The '!' was the 5th character
2018-12-15 23:34:02,780:INFO:

2018-12-15 23:34:02,836:INFO:The length of 'T4st!ng' is 7
2018-12-15 23:34:02,837:INFO:As a list it looks like this ['T', '4', 's', 't', '!', 'n', 'g']
2018-12-15 23:34:02,837:INFO:The letters in this password are: ['T', 's', 't', 'n', 'g']
2018-12-15 23:34:02,837:INFO:The 'T' was the 1st character
2018-12-15 23:34:02,838:INFO:The 's' was the 3rd character
2018-12-15 23:34:02,838:INFO:The 't' was the 4th character
2018-12-15 23:34:02,838:INFO:The 'n' was the 6th character
2018-12-15 23:34:02,838:INFO:The 'g' was the 7th character
2018-12-15 23:34:02,839:INFO:

2018-12-15 23:34:02,839:INFO:The numbers in this password are: ['4']
2018-12-15 23:34:02,840:INFO:The '4' was the 2nd character
2018-12-15 23:34:02,840:INFO:

2018-12-15 23:34:02,840:INFO:The symbols in this password are: ['!']
2018-12-15 23:34:02,840:INFO:The '!' was the 5th character
2018-12-15 23:34:02,841:INFO:

2018-12-15 23:34:02,905:INFO:The length of 'T4st!ng' is 7
2018-12-15 23:34:02,906:INFO:As a list it looks like this ['T', '4', 's', 't', '!', 'n', 'g']
2018-12-15 23:34:02,906:INFO:The letters in this password are: ['T', 's', 't', 'n', 'g']
2018-12-15 23:34:02,906:INFO:The 'T' was the 1st character
2018-12-15 23:34:02,907:INFO:The 's' was the 3rd character
2018-12-15 23:34:02,907:INFO:The 't' was the 4th character
2018-12-15 23:34:02,908:INFO:The 'n' was the 6th character
2018-12-15 23:34:02,910:INFO:The 'g' was the 7th character
2018-12-15 23:34:02,910:INFO:

2018-12-15 23:34:02,911:INFO:The numbers in this password are: ['4']
2018-12-15 23:34:02,911:INFO:The '4' was the 2nd character
2018-12-15 23:34:02,911:INFO:

2018-12-15 23:34:02,912:INFO:The symbols in this password are: ['!']
2018-12-15 23:34:02,912:INFO:The '!' was the 5th character
2018-12-15 23:34:02,912:INFO:

2018-12-15 23:34:02,975:INFO:The length of 'T4st!ng' is 7
2018-12-15 23:34:02,975:INFO:As a list it looks like this ['T', '4', 's', 't', '!', 'n', 'g']
2018-12-15 23:34:02,976:INFO:The letters in this password are: ['T', 's', 't', 'n', 'g']
2018-12-15 23:34:02,976:INFO:The 'T' was the 1st character
2018-12-15 23:34:02,976:INFO:The 's' was the 3rd character
2018-12-15 23:34:02,976:INFO:The 't' was the 4th character
2018-12-15 23:34:02,977:INFO:The 'n' was the 6th character
2018-12-15 23:34:02,977:INFO:The 'g' was the 7th character
2018-12-15 23:34:02,977:INFO:

2018-12-15 23:34:02,978:INFO:The numbers in this password are: ['4']
2018-12-15 23:34:02,978:INFO:The '4' was the 2nd character
2018-12-15 23:34:02,978:INFO:

2018-12-15 23:34:02,979:INFO:The symbols in this password are: ['!']
2018-12-15 23:34:02,979:INFO:The '!' was the 5th character
2018-12-15 23:34:02,979:INFO:

2018-12-15 23:34:03,039:INFO:The length of 'T4st!ng' is 7
2018-12-15 23:34:03,040:INFO:As a list it looks like this ['T', '4', 's', 't', '!', 'n', 'g']
2018-12-15 23:34:03,040:INFO:The letters in this password are: ['T', 's', 't', 'n', 'g']
2018-12-15 23:34:03,040:INFO:The 'T' was the 1st character
2018-12-15 23:34:03,041:INFO:The 's' was the 3rd character
2018-12-15 23:34:03,041:INFO:The 't' was the 4th character
2018-12-15 23:34:03,041:INFO:The 'n' was the 6th character
2018-12-15 23:34:03,041:INFO:The 'g' was the 7th character
2018-12-15 23:34:03,042:INFO:

2018-12-15 23:34:03,042:INFO:The numbers in this password are: ['4']
2018-12-15 23:34:03,043:INFO:The '4' was the 2nd character
2018-12-15 23:34:03,043:INFO:

2018-12-15 23:34:03,043:INFO:The symbols in this password are: ['!']
2018-12-15 23:34:03,044:INFO:The '!' was the 5th character
2018-12-15 23:34:03,044:INFO:

2018-12-15 23:34:03,102:INFO:The length of 'T4st!ng' is 7
2018-12-15 23:34:03,103:INFO:As a list it looks like this ['T', '4', 's', 't', '!', 'n', 'g']
2018-12-15 23:34:03,104:INFO:The letters in this password are: ['T', 's', 't', 'n', 'g']
2018-12-15 23:34:03,105:INFO:The 'T' was the 1st character
2018-12-15 23:34:03,105:INFO:The 's' was the 3rd character
2018-12-15 23:34:03,106:INFO:The 't' was the 4th character
2018-12-15 23:34:03,107:INFO:The 'n' was the 6th character
2018-12-15 23:34:03,109:INFO:The 'g' was the 7th character
2018-12-15 23:34:03,109:INFO:

2018-12-15 23:34:03,110:INFO:The numbers in this password are: ['4']
2018-12-15 23:34:03,110:INFO:The '4' was the 2nd character
2018-12-15 23:34:03,110:INFO:

2018-12-15 23:34:03,111:INFO:The symbols in this password are: ['!']
2018-12-15 23:34:03,111:INFO:The '!' was the 5th character
2018-12-15 23:34:03,113:INFO:

2018-12-15 23:34:03,172:INFO:The length of 'T4st!ng' is 7
2018-12-15 23:34:03,173:INFO:As a list it looks like this ['T', '4', 's', 't', '!', 'n', 'g']
2018-12-15 23:34:03,174:INFO:The letters in this password are: ['T', 's', 't', 'n', 'g']
2018-12-15 23:34:03,174:INFO:The 'T' was the 1st character
2018-12-15 23:34:03,174:INFO:The 's' was the 3rd character
2018-12-15 23:34:03,175:INFO:The 't' was the 4th character
2018-12-15 23:34:03,175:INFO:The 'n' was the 6th character
2018-12-15 23:34:03,175:INFO:The 'g' was the 7th character
2018-12-15 23:34:03,176:INFO:

2018-12-15 23:34:03,176:INFO:The numbers in this password are: ['4']
2018-12-15 23:34:03,176:INFO:The '4' was the 2nd character
2018-12-15 23:34:03,177:INFO:

2018-12-15 23:34:03,177:INFO:The symbols in this password are: ['!']
2018-12-15 23:34:03,178:INFO:The '!' was the 5th character
2018-12-15 23:34:03,178:INFO:

2018-12-15 23:34:03,236:INFO:The length of 'T4st!ng' is 7
2018-12-15 23:34:03,237:INFO:As a list it looks like this ['T', '4', 's', 't', '!', 'n', 'g']
2018-12-15 23:34:03,237:INFO:The letters in this password are: ['T', 's', 't', 'n', 'g']
2018-12-15 23:34:03,237:INFO:The 'T' was the 1st character
2018-12-15 23:34:03,238:INFO:The 's' was the 3rd character
2018-12-15 23:34:03,238:INFO:The 't' was the 4th character
2018-12-15 23:34:03,238:INFO:The 'n' was the 6th character
2018-12-15 23:34:03,238:INFO:The 'g' was the 7th character
2018-12-15 23:34:03,239:INFO:

2018-12-15 23:34:03,239:INFO:The numbers in this password are: ['4']
2018-12-15 23:34:03,239:INFO:The '4' was the 2nd character
2018-12-15 23:34:03,240:INFO:

2018-12-15 23:34:03,240:INFO:The symbols in this password are: ['!']
2018-12-15 23:34:03,240:INFO:The '!' was the 5th character
2018-12-15 23:34:03,241:INFO:

2018-12-15 23:34:03,299:INFO:The length of 'T4st!ng' is 7
2018-12-15 23:34:03,300:INFO:As a list it looks like this ['T', '4', 's', 't', '!', 'n', 'g']
2018-12-15 23:34:03,300:INFO:The letters in this password are: ['T', 's', 't', 'n', 'g']
2018-12-15 23:34:03,301:INFO:The 'T' was the 1st character
2018-12-15 23:34:03,301:INFO:The 's' was the 3rd character
2018-12-15 23:34:03,301:INFO:The 't' was the 4th character
2018-12-15 23:34:03,302:INFO:The 'n' was the 6th character
2018-12-15 23:34:03,302:INFO:The 'g' was the 7th character
2018-12-15 23:34:03,302:INFO:

2018-12-15 23:34:03,304:INFO:The numbers in this password are: ['4']
2018-12-15 23:34:03,304:INFO:The '4' was the 2nd character
2018-12-15 23:34:03,304:INFO:

2018-12-15 23:34:03,305:INFO:The symbols in this password are: ['!']
2018-12-15 23:34:03,305:INFO:The '!' was the 5th character
2018-12-15 23:34:03,306:INFO:

2018-12-15 23:34:03,366:INFO:The length of 'T4st!ng' is 7
2018-12-15 23:34:03,366:INFO:As a list it looks like this ['T', '4', 's', 't', '!', 'n', 'g']
2018-12-15 23:34:03,368:INFO:The letters in this password are: ['T', 's', 't', 'n', 'g']
2018-12-15 23:34:03,369:INFO:The 'T' was the 1st character
2018-12-15 23:34:03,369:INFO:The 's' was the 3rd character
2018-12-15 23:34:03,369:INFO:The 't' was the 4th character
2018-12-15 23:34:03,370:INFO:The 'n' was the 6th character
2018-12-15 23:34:03,370:INFO:The 'g' was the 7th character
2018-12-15 23:34:03,370:INFO:

2018-12-15 23:34:03,371:INFO:The numbers in this password are: ['4']
2018-12-15 23:34:03,371:INFO:The '4' was the 2nd character
2018-12-15 23:34:03,372:INFO:

2018-12-15 23:34:03,372:INFO:The symbols in this password are: ['!']
2018-12-15 23:34:03,372:INFO:The '!' was the 5th character
2018-12-15 23:34:03,373:INFO:

2018-12-15 23:34:03,433:INFO:The length of 'T4st!ng' is 7
2018-12-15 23:34:03,433:INFO:As a list it looks like this ['T', '4', 's', 't', '!', 'n', 'g']
2018-12-15 23:34:03,434:INFO:The letters in this password are: ['T', 's', 't', 'n', 'g']
2018-12-15 23:34:03,434:INFO:The 'T' was the 1st character
2018-12-15 23:34:03,434:INFO:The 's' was the 3rd character
2018-12-15 23:34:03,434:INFO:The 't' was the 4th character
2018-12-15 23:34:03,435:INFO:The 'n' was the 6th character
2018-12-15 23:34:03,435:INFO:The 'g' was the 7th character
2018-12-15 23:34:03,435:INFO:

2018-12-15 23:34:03,436:INFO:The numbers in this password are: ['4']
2018-12-15 23:34:03,436:INFO:The '4' was the 2nd character
2018-12-15 23:34:03,437:INFO:

2018-12-15 23:34:03,437:INFO:The symbols in this password are: ['!']
2018-12-15 23:34:03,438:INFO:The '!' was the 5th character
2018-12-15 23:34:03,438:INFO:

2018-12-15 23:34:03,497:INFO:The length of 'T4st!ng' is 7
2018-12-15 23:34:03,497:INFO:As a list it looks like this ['T', '4', 's', 't', '!', 'n', 'g']
2018-12-15 23:34:03,498:INFO:The letters in this password are: ['T', 's', 't', 'n', 'g']
2018-12-15 23:34:03,499:INFO:The 'T' was the 1st character
2018-12-15 23:34:03,500:INFO:The 's' was the 3rd character
2018-12-15 23:34:03,500:INFO:The 't' was the 4th character
2018-12-15 23:34:03,501:INFO:The 'n' was the 6th character
2018-12-15 23:34:03,501:INFO:The 'g' was the 7th character
2018-12-15 23:34:03,502:INFO:

2018-12-15 23:34:03,503:INFO:The numbers in this password are: ['4']
2018-12-15 23:34:03,503:INFO:The '4' was the 2nd character
2018-12-15 23:34:03,503:INFO:

2018-12-15 23:34:03,505:INFO:The symbols in this password are: ['!']
2018-12-15 23:34:03,507:INFO:The '!' was the 5th character
2018-12-15 23:34:03,508:INFO:

2018-12-15 23:34:03,579:INFO:The length of 'T4st!ng' is 7
2018-12-15 23:34:03,579:INFO:As a list it looks like this ['T', '4', 's', 't', '!', 'n', 'g']
2018-12-15 23:34:03,580:INFO:The letters in this password are: ['T', 's', 't', 'n', 'g']
2018-12-15 23:34:03,580:INFO:The 'T' was the 1st character
2018-12-15 23:34:03,580:INFO:The 's' was the 3rd character
2018-12-15 23:34:03,580:INFO:The 't' was the 4th character
2018-12-15 23:34:03,581:INFO:The 'n' was the 6th character
2018-12-15 23:34:03,581:INFO:The 'g' was the 7th character
2018-12-15 23:34:03,581:INFO:

2018-12-15 23:34:03,582:INFO:The numbers in this password are: ['4']
2018-12-15 23:34:03,582:INFO:The '4' was the 2nd character
2018-12-15 23:34:03,583:INFO:

2018-12-15 23:34:03,583:INFO:The symbols in this password are: ['!']
2018-12-15 23:34:03,583:INFO:The '!' was the 5th character
2018-12-15 23:34:03,584:INFO:

2018-12-15 23:34:03,644:INFO:The length of 'T4st!ng' is 7
2018-12-15 23:34:03,644:INFO:As a list it looks like this ['T', '4', 's', 't', '!', 'n', 'g']
2018-12-15 23:34:03,645:INFO:The letters in this password are: ['T', 's', 't', 'n', 'g']
2018-12-15 23:34:03,645:INFO:The 'T' was the 1st character
2018-12-15 23:34:03,645:INFO:The 's' was the 3rd character
2018-12-15 23:34:03,646:INFO:The 't' was the 4th character
2018-12-15 23:34:03,646:INFO:The 'n' was the 6th character
2018-12-15 23:34:03,646:INFO:The 'g' was the 7th character
2018-12-15 23:34:03,646:INFO:

2018-12-15 23:34:03,647:INFO:The numbers in this password are: ['4']
2018-12-15 23:34:03,647:INFO:The '4' was the 2nd character
2018-12-15 23:34:03,648:INFO:

2018-12-15 23:34:03,648:INFO:The symbols in this password are: ['!']
2018-12-15 23:34:03,648:INFO:The '!' was the 5th character
2018-12-15 23:34:03,649:INFO:

2018-12-15 23:34:03,707:INFO:The length of 'T4st!ng' is 7
2018-12-15 23:34:03,708:INFO:As a list it looks like this ['T', '4', 's', 't', '!', 'n', 'g']
2018-12-15 23:34:03,708:INFO:The letters in this password are: ['T', 's', 't', 'n', 'g']
2018-12-15 23:34:03,709:INFO:The 'T' was the 1st character
2018-12-15 23:34:03,709:INFO:The 's' was the 3rd character
2018-12-15 23:34:03,710:INFO:The 't' was the 4th character
2018-12-15 23:34:03,710:INFO:The 'n' was the 6th character
2018-12-15 23:34:03,710:INFO:The 'g' was the 7th character
2018-12-15 23:34:03,711:INFO:

2018-12-15 23:34:03,711:INFO:The numbers in this password are: ['4']
2018-12-15 23:34:03,711:INFO:The '4' was the 2nd character
2018-12-15 23:34:03,712:INFO:

2018-12-15 23:34:03,712:INFO:The symbols in this password are: ['!']
2018-12-15 23:34:03,712:INFO:The '!' was the 5th character
2018-12-15 23:34:03,713:INFO:

2018-12-15 23:34:03,772:INFO:The length of 'T4st!ng' is 7
2018-12-15 23:34:03,773:INFO:As a list it looks like this ['T', '4', 's', 't', '!', 'n', 'g']
2018-12-15 23:34:03,773:INFO:The letters in this password are: ['T', 's', 't', 'n', 'g']
2018-12-15 23:34:03,774:INFO:The 'T' was the 1st character
2018-12-15 23:34:03,774:INFO:The 's' was the 3rd character
2018-12-15 23:34:03,774:INFO:The 't' was the 4th character
2018-12-15 23:34:03,775:INFO:The 'n' was the 6th character
2018-12-15 23:34:03,775:INFO:The 'g' was the 7th character
2018-12-15 23:34:03,776:INFO:

2018-12-15 23:34:03,776:INFO:The numbers in this password are: ['4']
2018-12-15 23:34:03,776:INFO:The '4' was the 2nd character
2018-12-15 23:34:03,777:INFO:

2018-12-15 23:34:03,777:INFO:The symbols in this password are: ['!']
2018-12-15 23:34:03,778:INFO:The '!' was the 5th character
2018-12-15 23:34:03,778:INFO:

2018-12-15 23:34:03,839:INFO:The length of 'T4st!ng' is 7
2018-12-15 23:34:03,840:INFO:As a list it looks like this ['T', '4', 's', 't', '!', 'n', 'g']
2018-12-15 23:34:03,840:INFO:The letters in this password are: ['T', 's', 't', 'n', 'g']
2018-12-15 23:34:03,841:INFO:The 'T' was the 1st character
2018-12-15 23:34:03,841:INFO:The 's' was the 3rd character
2018-12-15 23:34:03,841:INFO:The 't' was the 4th character
2018-12-15 23:34:03,841:INFO:The 'n' was the 6th character
2018-12-15 23:34:03,842:INFO:The 'g' was the 7th character
2018-12-15 23:34:03,842:INFO:

2018-12-15 23:34:03,842:INFO:The numbers in this password are: ['4']
2018-12-15 23:34:03,843:INFO:The '4' was the 2nd character
2018-12-15 23:34:03,843:INFO:

2018-12-15 23:34:03,843:INFO:The symbols in this password are: ['!']
2018-12-15 23:34:03,844:INFO:The '!' was the 5th character
2018-12-15 23:34:03,845:INFO:

2018-12-15 23:34:03,907:INFO:The length of 'T4st!ng' is 7
2018-12-15 23:34:03,907:INFO:As a list it looks like this ['T', '4', 's', 't', '!', 'n', 'g']
2018-12-15 23:34:03,908:INFO:The letters in this password are: ['T', 's', 't', 'n', 'g']
2018-12-15 23:34:03,908:INFO:The 'T' was the 1st character
2018-12-15 23:34:03,908:INFO:The 's' was the 3rd character
2018-12-15 23:34:03,909:INFO:The 't' was the 4th character
2018-12-15 23:34:03,909:INFO:The 'n' was the 6th character
2018-12-15 23:34:03,909:INFO:The 'g' was the 7th character
2018-12-15 23:34:03,910:INFO:

2018-12-15 23:34:03,910:INFO:The numbers in this password are: ['4']
2018-12-15 23:34:03,910:INFO:The '4' was the 2nd character
2018-12-15 23:34:03,911:INFO:

2018-12-15 23:34:03,911:INFO:The symbols in this password are: ['!']
2018-12-15 23:34:03,912:INFO:The '!' was the 5th character
2018-12-15 23:34:03,912:INFO:

2018-12-15 23:34:03,969:INFO:The length of 'T4st!ng' is 7
2018-12-15 23:34:03,970:INFO:As a list it looks like this ['T', '4', 's', 't', '!', 'n', 'g']
2018-12-15 23:34:03,970:INFO:The letters in this password are: ['T', 's', 't', 'n', 'g']
2018-12-15 23:34:03,970:INFO:The 'T' was the 1st character
2018-12-15 23:34:03,971:INFO:The 's' was the 3rd character
2018-12-15 23:34:03,971:INFO:The 't' was the 4th character
2018-12-15 23:34:03,971:INFO:The 'n' was the 6th character
2018-12-15 23:34:03,972:INFO:The 'g' was the 7th character
2018-12-15 23:34:03,972:INFO:

2018-12-15 23:34:03,973:INFO:The numbers in this password are: ['4']
2018-12-15 23:34:03,973:INFO:The '4' was the 2nd character
2018-12-15 23:34:03,973:INFO:

2018-12-15 23:34:03,974:INFO:The symbols in this password are: ['!']
2018-12-15 23:34:03,974:INFO:The '!' was the 5th character
2018-12-15 23:34:03,974:INFO:

2018-12-15 23:34:04,039:INFO:The length of 'T4st!ng' is 7
2018-12-15 23:34:04,039:INFO:As a list it looks like this ['T', '4', 's', 't', '!', 'n', 'g']
2018-12-15 23:34:04,040:INFO:The letters in this password are: ['T', 's', 't', 'n', 'g']
2018-12-15 23:34:04,040:INFO:The 'T' was the 1st character
2018-12-15 23:34:04,040:INFO:The 's' was the 3rd character
2018-12-15 23:34:04,040:INFO:The 't' was the 4th character
2018-12-15 23:34:04,041:INFO:The 'n' was the 6th character
2018-12-15 23:34:04,041:INFO:The 'g' was the 7th character
2018-12-15 23:34:04,041:INFO:

2018-12-15 23:34:04,042:INFO:The numbers in this password are: ['4']
2018-12-15 23:34:04,042:INFO:The '4' was the 2nd character
2018-12-15 23:34:04,043:INFO:

2018-12-15 23:34:04,043:INFO:The symbols in this password are: ['!']
2018-12-15 23:34:04,043:INFO:The '!' was the 5th character
2018-12-15 23:34:04,044:INFO:

2018-12-15 23:34:04,107:INFO:The length of 'T4st!ng' is 7
2018-12-15 23:34:04,108:INFO:As a list it looks like this ['T', '4', 's', 't', '!', 'n', 'g']
2018-12-15 23:34:04,109:INFO:The letters in this password are: ['T', 's', 't', 'n', 'g']
2018-12-15 23:34:04,109:INFO:The 'T' was the 1st character
2018-12-15 23:34:04,110:INFO:The 's' was the 3rd character
2018-12-15 23:34:04,110:INFO:The 't' was the 4th character
2018-12-15 23:34:04,110:INFO:The 'n' was the 6th character
2018-12-15 23:34:04,111:INFO:The 'g' was the 7th character
2018-12-15 23:34:04,111:INFO:

2018-12-15 23:34:04,112:INFO:The numbers in this password are: ['4']
2018-12-15 23:34:04,112:INFO:The '4' was the 2nd character
2018-12-15 23:34:04,112:INFO:

2018-12-15 23:34:04,112:INFO:The symbols in this password are: ['!']
2018-12-15 23:34:04,113:INFO:The '!' was the 5th character
2018-12-15 23:34:04,113:INFO:

2018-12-15 23:34:04,174:INFO:The length of 'T4st!ng' is 7
2018-12-15 23:34:04,175:INFO:As a list it looks like this ['T', '4', 's', 't', '!', 'n', 'g']
2018-12-15 23:34:04,175:INFO:The letters in this password are: ['T', 's', 't', 'n', 'g']
2018-12-15 23:34:04,175:INFO:The 'T' was the 1st character
2018-12-15 23:34:04,176:INFO:The 's' was the 3rd character
2018-12-15 23:34:04,176:INFO:The 't' was the 4th character
2018-12-15 23:34:04,177:INFO:The 'n' was the 6th character
2018-12-15 23:34:04,177:INFO:The 'g' was the 7th character
2018-12-15 23:34:04,177:INFO:

2018-12-15 23:34:04,178:INFO:The numbers in this password are: ['4']
2018-12-15 23:34:04,178:INFO:The '4' was the 2nd character
2018-12-15 23:34:04,179:INFO:

2018-12-15 23:34:04,179:INFO:The symbols in this password are: ['!']
2018-12-15 23:34:04,179:INFO:The '!' was the 5th character
2018-12-15 23:34:04,180:INFO:

2018-12-15 23:34:04,239:INFO:The length of 'T4st!ng' is 7
2018-12-15 23:34:04,239:INFO:As a list it looks like this ['T', '4', 's', 't', '!', 'n', 'g']
2018-12-15 23:34:04,240:INFO:The letters in this password are: ['T', 's', 't', 'n', 'g']
2018-12-15 23:34:04,240:INFO:The 'T' was the 1st character
2018-12-15 23:34:04,240:INFO:The 's' was the 3rd character
2018-12-15 23:34:04,241:INFO:The 't' was the 4th character
2018-12-15 23:34:04,241:INFO:The 'n' was the 6th character
2018-12-15 23:34:04,241:INFO:The 'g' was the 7th character
2018-12-15 23:34:04,241:INFO:

2018-12-15 23:34:04,242:INFO:The numbers in this password are: ['4']
2018-12-15 23:34:04,242:INFO:The '4' was the 2nd character
2018-12-15 23:34:04,242:INFO:

2018-12-15 23:34:04,243:INFO:The symbols in this password are: ['!']
2018-12-15 23:34:04,243:INFO:The '!' was the 5th character
2018-12-15 23:34:04,243:INFO:

2018-12-15 23:34:04,303:INFO:The length of 'T4st!ng' is 7
2018-12-15 23:34:04,304:INFO:As a list it looks like this ['T', '4', 's', 't', '!', 'n', 'g']
2018-12-15 23:34:04,304:INFO:The letters in this password are: ['T', 's', 't', 'n', 'g']
2018-12-15 23:34:04,305:INFO:The 'T' was the 1st character
2018-12-15 23:34:04,306:INFO:The 's' was the 3rd character
2018-12-15 23:34:04,306:INFO:The 't' was the 4th character
2018-12-15 23:34:04,306:INFO:The 'n' was the 6th character
2018-12-15 23:34:04,307:INFO:The 'g' was the 7th character
2018-12-15 23:34:04,307:INFO:

2018-12-15 23:34:04,309:INFO:The numbers in this password are: ['4']
2018-12-15 23:34:04,310:INFO:The '4' was the 2nd character
2018-12-15 23:34:04,310:INFO:

2018-12-15 23:34:04,311:INFO:The symbols in this password are: ['!']
2018-12-15 23:34:04,311:INFO:The '!' was the 5th character
2018-12-15 23:34:04,312:INFO:

2018-12-15 23:34:04,368:INFO:The length of 'T4st!ng' is 7
2018-12-15 23:34:04,369:INFO:As a list it looks like this ['T', '4', 's', 't', '!', 'n', 'g']
2018-12-15 23:34:04,369:INFO:The letters in this password are: ['T', 's', 't', 'n', 'g']
2018-12-15 23:34:04,369:INFO:The 'T' was the 1st character
2018-12-15 23:34:04,370:INFO:The 's' was the 3rd character
2018-12-15 23:34:04,370:INFO:The 't' was the 4th character
2018-12-15 23:34:04,370:INFO:The 'n' was the 6th character
2018-12-15 23:34:04,371:INFO:The 'g' was the 7th character
2018-12-15 23:34:04,371:INFO:

2018-12-15 23:34:04,371:INFO:The numbers in this password are: ['4']
2018-12-15 23:34:04,372:INFO:The '4' was the 2nd character
2018-12-15 23:34:04,372:INFO:

2018-12-15 23:34:04,372:INFO:The symbols in this password are: ['!']
2018-12-15 23:34:04,373:INFO:The '!' was the 5th character
2018-12-15 23:34:04,373:INFO:

2018-12-15 23:34:04,435:INFO:The length of 'T4st!ng' is 7
2018-12-15 23:34:04,436:INFO:As a list it looks like this ['T', '4', 's', 't', '!', 'n', 'g']
2018-12-15 23:34:04,436:INFO:The letters in this password are: ['T', 's', 't', 'n', 'g']
2018-12-15 23:34:04,436:INFO:The 'T' was the 1st character
2018-12-15 23:34:04,437:INFO:The 's' was the 3rd character
2018-12-15 23:34:04,437:INFO:The 't' was the 4th character
2018-12-15 23:34:04,438:INFO:The 'n' was the 6th character
2018-12-15 23:34:04,438:INFO:The 'g' was the 7th character
2018-12-15 23:34:04,438:INFO:

2018-12-15 23:34:04,439:INFO:The numbers in this password are: ['4']
2018-12-15 23:34:04,439:INFO:The '4' was the 2nd character
2018-12-15 23:34:04,440:INFO:

2018-12-15 23:34:04,440:INFO:The symbols in this password are: ['!']
2018-12-15 23:34:04,441:INFO:The '!' was the 5th character
2018-12-15 23:34:04,441:INFO:

2018-12-15 23:34:04,513:INFO:The length of 'T4st!ng' is 7
2018-12-15 23:34:04,514:INFO:As a list it looks like this ['T', '4', 's', 't', '!', 'n', 'g']
2018-12-15 23:34:04,514:INFO:The letters in this password are: ['T', 's', 't', 'n', 'g']
2018-12-15 23:34:04,515:INFO:The 'T' was the 1st character
2018-12-15 23:34:04,515:INFO:The 's' was the 3rd character
2018-12-15 23:34:04,517:INFO:The 't' was the 4th character
2018-12-15 23:34:04,518:INFO:The 'n' was the 6th character
2018-12-15 23:34:04,519:INFO:The 'g' was the 7th character
2018-12-15 23:34:04,519:INFO:

2018-12-15 23:34:04,520:INFO:The numbers in this password are: ['4']
2018-12-15 23:34:04,521:INFO:The '4' was the 2nd character
2018-12-15 23:34:04,521:INFO:

2018-12-15 23:34:04,522:INFO:The symbols in this password are: ['!']
2018-12-15 23:34:04,522:INFO:The '!' was the 5th character
2018-12-15 23:34:04,523:INFO:

2018-12-15 23:34:04,588:INFO:The length of 'T4st!ng' is 7
2018-12-15 23:34:04,588:INFO:As a list it looks like this ['T', '4', 's', 't', '!', 'n', 'g']
2018-12-15 23:34:04,589:INFO:The letters in this password are: ['T', 's', 't', 'n', 'g']
2018-12-15 23:34:04,590:INFO:The 'T' was the 1st character
2018-12-15 23:34:04,590:INFO:The 's' was the 3rd character
2018-12-15 23:34:04,590:INFO:The 't' was the 4th character
2018-12-15 23:34:04,591:INFO:The 'n' was the 6th character
2018-12-15 23:34:04,591:INFO:The 'g' was the 7th character
2018-12-15 23:34:04,591:INFO:

2018-12-15 23:34:04,592:INFO:The numbers in this password are: ['4']
2018-12-15 23:34:04,592:INFO:The '4' was the 2nd character
2018-12-15 23:34:04,592:INFO:

2018-12-15 23:34:04,593:INFO:The symbols in this password are: ['!']
2018-12-15 23:34:04,593:INFO:The '!' was the 5th character
2018-12-15 23:34:04,593:INFO:

2018-12-15 23:34:04,658:INFO:The length of 'T4st!ng' is 7
2018-12-15 23:34:04,658:INFO:As a list it looks like this ['T', '4', 's', 't', '!', 'n', 'g']
2018-12-15 23:34:04,658:INFO:The letters in this password are: ['T', 's', 't', 'n', 'g']
2018-12-15 23:34:04,659:INFO:The 'T' was the 1st character
2018-12-15 23:34:04,659:INFO:The 's' was the 3rd character
2018-12-15 23:34:04,660:INFO:The 't' was the 4th character
2018-12-15 23:34:04,660:INFO:The 'n' was the 6th character
2018-12-15 23:34:04,660:INFO:The 'g' was the 7th character
2018-12-15 23:34:04,660:INFO:

2018-12-15 23:34:04,661:INFO:The numbers in this password are: ['4']
2018-12-15 23:34:04,661:INFO:The '4' was the 2nd character
2018-12-15 23:34:04,662:INFO:

2018-12-15 23:34:04,662:INFO:The symbols in this password are: ['!']
2018-12-15 23:34:04,662:INFO:The '!' was the 5th character
2018-12-15 23:34:04,663:INFO:

2018-12-15 23:34:04,726:INFO:The length of 'T4st!ng' is 7
2018-12-15 23:34:04,726:INFO:As a list it looks like this ['T', '4', 's', 't', '!', 'n', 'g']
2018-12-15 23:34:04,727:INFO:The letters in this password are: ['T', 's', 't', 'n', 'g']
2018-12-15 23:34:04,727:INFO:The 'T' was the 1st character
2018-12-15 23:34:04,727:INFO:The 's' was the 3rd character
2018-12-15 23:34:04,727:INFO:The 't' was the 4th character
2018-12-15 23:34:04,728:INFO:The 'n' was the 6th character
2018-12-15 23:34:04,728:INFO:The 'g' was the 7th character
2018-12-15 23:34:04,728:INFO:

2018-12-15 23:34:04,729:INFO:The numbers in this password are: ['4']
2018-12-15 23:34:04,729:INFO:The '4' was the 2nd character
2018-12-15 23:34:04,729:INFO:

2018-12-15 23:34:04,730:INFO:The symbols in this password are: ['!']
2018-12-15 23:34:04,730:INFO:The '!' was the 5th character
2018-12-15 23:34:04,731:INFO:

2018-12-15 23:34:04,794:INFO:The length of 'T4st!ng' is 7
2018-12-15 23:34:04,794:INFO:As a list it looks like this ['T', '4', 's', 't', '!', 'n', 'g']
2018-12-15 23:34:04,795:INFO:The letters in this password are: ['T', 's', 't', 'n', 'g']
2018-12-15 23:34:04,795:INFO:The 'T' was the 1st character
2018-12-15 23:34:04,795:INFO:The 's' was the 3rd character
2018-12-15 23:34:04,796:INFO:The 't' was the 4th character
2018-12-15 23:34:04,796:INFO:The 'n' was the 6th character
2018-12-15 23:34:04,796:INFO:The 'g' was the 7th character
2018-12-15 23:34:04,797:INFO:

2018-12-15 23:34:04,797:INFO:The numbers in this password are: ['4']
2018-12-15 23:34:04,798:INFO:The '4' was the 2nd character
2018-12-15 23:34:04,798:INFO:

2018-12-15 23:34:04,799:INFO:The symbols in this password are: ['!']
2018-12-15 23:34:04,799:INFO:The '!' was the 5th character
2018-12-15 23:34:04,799:INFO:

2018-12-15 23:34:04,857:INFO:The length of 'T4st!ng' is 7
2018-12-15 23:34:04,858:INFO:As a list it looks like this ['T', '4', 's', 't', '!', 'n', 'g']
2018-12-15 23:34:04,858:INFO:The letters in this password are: ['T', 's', 't', 'n', 'g']
2018-12-15 23:34:04,858:INFO:The 'T' was the 1st character
2018-12-15 23:34:04,859:INFO:The 's' was the 3rd character
2018-12-15 23:34:04,859:INFO:The 't' was the 4th character
2018-12-15 23:34:04,859:INFO:The 'n' was the 6th character
2018-12-15 23:34:04,860:INFO:The 'g' was the 7th character
2018-12-15 23:34:04,860:INFO:

2018-12-15 23:34:04,861:INFO:The numbers in this password are: ['4']
2018-12-15 23:34:04,861:INFO:The '4' was the 2nd character
2018-12-15 23:34:04,861:INFO:

2018-12-15 23:34:04,862:INFO:The symbols in this password are: ['!']
2018-12-15 23:34:04,862:INFO:The '!' was the 5th character
2018-12-15 23:34:04,862:INFO:

2018-12-15 23:34:04,926:INFO:The length of 'T4st!ng' is 7
2018-12-15 23:34:04,926:INFO:As a list it looks like this ['T', '4', 's', 't', '!', 'n', 'g']
2018-12-15 23:34:04,927:INFO:The letters in this password are: ['T', 's', 't', 'n', 'g']
2018-12-15 23:34:04,927:INFO:The 'T' was the 1st character
2018-12-15 23:34:04,927:INFO:The 's' was the 3rd character
2018-12-15 23:34:04,928:INFO:The 't' was the 4th character
2018-12-15 23:34:04,928:INFO:The 'n' was the 6th character
2018-12-15 23:34:04,928:INFO:The 'g' was the 7th character
2018-12-15 23:34:04,928:INFO:

2018-12-15 23:34:04,929:INFO:The numbers in this password are: ['4']
2018-12-15 23:34:04,929:INFO:The '4' was the 2nd character
2018-12-15 23:34:04,929:INFO:

2018-12-15 23:34:04,930:INFO:The symbols in this password are: ['!']
2018-12-15 23:34:04,930:INFO:The '!' was the 5th character
2018-12-15 23:34:04,931:INFO:

2018-12-15 23:34:04,994:INFO:The length of 'T4st!ng' is 7
2018-12-15 23:34:04,994:INFO:As a list it looks like this ['T', '4', 's', 't', '!', 'n', 'g']
2018-12-15 23:34:04,995:INFO:The letters in this password are: ['T', 's', 't', 'n', 'g']
2018-12-15 23:34:04,995:INFO:The 'T' was the 1st character
2018-12-15 23:34:04,995:INFO:The 's' was the 3rd character
2018-12-15 23:34:04,996:INFO:The 't' was the 4th character
2018-12-15 23:34:04,996:INFO:The 'n' was the 6th character
2018-12-15 23:34:04,996:INFO:The 'g' was the 7th character
2018-12-15 23:34:04,996:INFO:

2018-12-15 23:34:04,997:INFO:The numbers in this password are: ['4']
2018-12-15 23:34:04,997:INFO:The '4' was the 2nd character
2018-12-15 23:34:04,998:INFO:

2018-12-15 23:34:04,998:INFO:The symbols in this password are: ['!']
2018-12-15 23:34:04,999:INFO:The '!' was the 5th character
2018-12-15 23:34:04,999:INFO:

2018-12-15 23:34:05,058:INFO:The length of 'T4st!ng' is 7
2018-12-15 23:34:05,058:INFO:As a list it looks like this ['T', '4', 's', 't', '!', 'n', 'g']
2018-12-15 23:34:05,059:INFO:The letters in this password are: ['T', 's', 't', 'n', 'g']
2018-12-15 23:34:05,059:INFO:The 'T' was the 1st character
2018-12-15 23:34:05,059:INFO:The 's' was the 3rd character
2018-12-15 23:34:05,059:INFO:The 't' was the 4th character
2018-12-15 23:34:05,060:INFO:The 'n' was the 6th character
2018-12-15 23:34:05,060:INFO:The 'g' was the 7th character
2018-12-15 23:34:05,061:INFO:

2018-12-15 23:34:05,061:INFO:The numbers in this password are: ['4']
2018-12-15 23:34:05,062:INFO:The '4' was the 2nd character
2018-12-15 23:34:05,062:INFO:

2018-12-15 23:34:05,062:INFO:The symbols in this password are: ['!']
2018-12-15 23:34:05,063:INFO:The '!' was the 5th character
2018-12-15 23:34:05,063:INFO:

2018-12-15 23:34:05,127:INFO:The length of 'T4st!ng' is 7
2018-12-15 23:34:05,127:INFO:As a list it looks like this ['T', '4', 's', 't', '!', 'n', 'g']
2018-12-15 23:34:05,128:INFO:The letters in this password are: ['T', 's', 't', 'n', 'g']
2018-12-15 23:34:05,128:INFO:The 'T' was the 1st character
2018-12-15 23:34:05,128:INFO:The 's' was the 3rd character
2018-12-15 23:34:05,129:INFO:The 't' was the 4th character
2018-12-15 23:34:05,129:INFO:The 'n' was the 6th character
2018-12-15 23:34:05,129:INFO:The 'g' was the 7th character
2018-12-15 23:34:05,129:INFO:

2018-12-15 23:34:05,130:INFO:The numbers in this password are: ['4']
2018-12-15 23:34:05,130:INFO:The '4' was the 2nd character
2018-12-15 23:34:05,130:INFO:

2018-12-15 23:34:05,131:INFO:The symbols in this password are: ['!']
2018-12-15 23:34:05,131:INFO:The '!' was the 5th character
2018-12-15 23:34:05,131:INFO:

2018-12-15 23:34:05,194:INFO:The length of 'T4st!ng' is 7
2018-12-15 23:34:05,194:INFO:As a list it looks like this ['T', '4', 's', 't', '!', 'n', 'g']
2018-12-15 23:34:05,194:INFO:The letters in this password are: ['T', 's', 't', 'n', 'g']
2018-12-15 23:34:05,195:INFO:The 'T' was the 1st character
2018-12-15 23:34:05,195:INFO:The 's' was the 3rd character
2018-12-15 23:34:05,196:INFO:The 't' was the 4th character
2018-12-15 23:34:05,196:INFO:The 'n' was the 6th character
2018-12-15 23:34:05,196:INFO:The 'g' was the 7th character
2018-12-15 23:34:05,196:INFO:

2018-12-15 23:34:05,197:INFO:The numbers in this password are: ['4']
2018-12-15 23:34:05,197:INFO:The '4' was the 2nd character
2018-12-15 23:34:05,198:INFO:

2018-12-15 23:34:05,198:INFO:The symbols in this password are: ['!']
2018-12-15 23:34:05,199:INFO:The '!' was the 5th character
2018-12-15 23:34:05,200:INFO:

2018-12-15 23:34:05,260:INFO:The length of 'T4st!ng' is 7
2018-12-15 23:34:05,260:INFO:As a list it looks like this ['T', '4', 's', 't', '!', 'n', 'g']
2018-12-15 23:34:05,261:INFO:The letters in this password are: ['T', 's', 't', 'n', 'g']
2018-12-15 23:34:05,261:INFO:The 'T' was the 1st character
2018-12-15 23:34:05,261:INFO:The 's' was the 3rd character
2018-12-15 23:34:05,262:INFO:The 't' was the 4th character
2018-12-15 23:34:05,262:INFO:The 'n' was the 6th character
2018-12-15 23:34:05,262:INFO:The 'g' was the 7th character
2018-12-15 23:34:05,263:INFO:

2018-12-15 23:34:05,264:INFO:The numbers in this password are: ['4']
2018-12-15 23:34:05,264:INFO:The '4' was the 2nd character
2018-12-15 23:34:05,264:INFO:

2018-12-15 23:34:05,264:INFO:The symbols in this password are: ['!']
2018-12-15 23:34:05,265:INFO:The '!' was the 5th character
2018-12-15 23:34:05,265:INFO:

2018-12-15 23:34:05,328:INFO:The length of 'T4st!ng' is 7
2018-12-15 23:34:05,329:INFO:As a list it looks like this ['T', '4', 's', 't', '!', 'n', 'g']
2018-12-15 23:34:05,329:INFO:The letters in this password are: ['T', 's', 't', 'n', 'g']
2018-12-15 23:34:05,329:INFO:The 'T' was the 1st character
2018-12-15 23:34:05,329:INFO:The 's' was the 3rd character
2018-12-15 23:34:05,330:INFO:The 't' was the 4th character
2018-12-15 23:34:05,330:INFO:The 'n' was the 6th character
2018-12-15 23:34:05,330:INFO:The 'g' was the 7th character
2018-12-15 23:34:05,330:INFO:

2018-12-15 23:34:05,331:INFO:The numbers in this password are: ['4']
2018-12-15 23:34:05,331:INFO:The '4' was the 2nd character
2018-12-15 23:34:05,331:INFO:

2018-12-15 23:34:05,332:INFO:The symbols in this password are: ['!']
2018-12-15 23:34:05,332:INFO:The '!' was the 5th character
2018-12-15 23:34:05,332:INFO:

2018-12-15 23:34:05,398:INFO:The length of 'T4st!ng' is 7
2018-12-15 23:34:05,399:INFO:As a list it looks like this ['T', '4', 's', 't', '!', 'n', 'g']
2018-12-15 23:34:05,400:INFO:The letters in this password are: ['T', 's', 't', 'n', 'g']
2018-12-15 23:34:05,400:INFO:The 'T' was the 1st character
2018-12-15 23:34:05,401:INFO:The 's' was the 3rd character
2018-12-15 23:34:05,402:INFO:The 't' was the 4th character
2018-12-15 23:34:05,402:INFO:The 'n' was the 6th character
2018-12-15 23:34:05,403:INFO:The 'g' was the 7th character
2018-12-15 23:34:05,403:INFO:

2018-12-15 23:34:05,404:INFO:The numbers in this password are: ['4']
2018-12-15 23:34:05,404:INFO:The '4' was the 2nd character
2018-12-15 23:34:05,404:INFO:

2018-12-15 23:34:05,405:INFO:The symbols in this password are: ['!']
2018-12-15 23:34:05,406:INFO:The '!' was the 5th character
2018-12-15 23:34:05,406:INFO:

2018-12-15 23:34:05,476:INFO:The length of 'T4st!ng' is 7
2018-12-15 23:34:05,476:INFO:As a list it looks like this ['T', '4', 's', 't', '!', 'n', 'g']
2018-12-15 23:34:05,477:INFO:The letters in this password are: ['T', 's', 't', 'n', 'g']
2018-12-15 23:34:05,477:INFO:The 'T' was the 1st character
2018-12-15 23:34:05,478:INFO:The 's' was the 3rd character
2018-12-15 23:34:05,478:INFO:The 't' was the 4th character
2018-12-15 23:34:05,479:INFO:The 'n' was the 6th character
2018-12-15 23:34:05,479:INFO:The 'g' was the 7th character
2018-12-15 23:34:05,479:INFO:

2018-12-15 23:34:05,480:INFO:The numbers in this password are: ['4']
2018-12-15 23:34:05,481:INFO:The '4' was the 2nd character
2018-12-15 23:34:05,481:INFO:

2018-12-15 23:34:05,482:INFO:The symbols in this password are: ['!']
2018-12-15 23:34:05,482:INFO:The '!' was the 5th character
2018-12-15 23:34:05,483:INFO:

2018-12-15 23:34:05,550:INFO:The length of 'T4st!ng' is 7
2018-12-15 23:34:05,551:INFO:As a list it looks like this ['T', '4', 's', 't', '!', 'n', 'g']
2018-12-15 23:34:05,551:INFO:The letters in this password are: ['T', 's', 't', 'n', 'g']
2018-12-15 23:34:05,552:INFO:The 'T' was the 1st character
2018-12-15 23:34:05,552:INFO:The 's' was the 3rd character
2018-12-15 23:34:05,553:INFO:The 't' was the 4th character
2018-12-15 23:34:05,553:INFO:The 'n' was the 6th character
2018-12-15 23:34:05,553:INFO:The 'g' was the 7th character
2018-12-15 23:34:05,554:INFO:

2018-12-15 23:34:05,555:INFO:The numbers in this password are: ['4']
2018-12-15 23:34:05,556:INFO:The '4' was the 2nd character
2018-12-15 23:34:05,556:INFO:

2018-12-15 23:34:05,557:INFO:The symbols in this password are: ['!']
2018-12-15 23:34:05,557:INFO:The '!' was the 5th character
2018-12-15 23:34:05,558:INFO:

2018-12-15 23:34:05,626:INFO:The length of 'T4st!ng' is 7
2018-12-15 23:34:05,626:INFO:As a list it looks like this ['T', '4', 's', 't', '!', 'n', 'g']
2018-12-15 23:34:05,627:INFO:The letters in this password are: ['T', 's', 't', 'n', 'g']
2018-12-15 23:34:05,627:INFO:The 'T' was the 1st character
2018-12-15 23:34:05,627:INFO:The 's' was the 3rd character
2018-12-15 23:34:05,628:INFO:The 't' was the 4th character
2018-12-15 23:34:05,628:INFO:The 'n' was the 6th character
2018-12-15 23:34:05,628:INFO:The 'g' was the 7th character
2018-12-15 23:34:05,629:INFO:

2018-12-15 23:34:05,629:INFO:The numbers in this password are: ['4']
2018-12-15 23:34:05,630:INFO:The '4' was the 2nd character
2018-12-15 23:34:05,630:INFO:

2018-12-15 23:34:05,631:INFO:The symbols in this password are: ['!']
2018-12-15 23:34:05,631:INFO:The '!' was the 5th character
2018-12-15 23:34:05,631:INFO:

2018-12-15 23:34:05,699:INFO:The length of 'T4st!ng' is 7
2018-12-15 23:34:05,700:INFO:As a list it looks like this ['T', '4', 's', 't', '!', 'n', 'g']
2018-12-15 23:34:05,700:INFO:The letters in this password are: ['T', 's', 't', 'n', 'g']
2018-12-15 23:34:05,701:INFO:The 'T' was the 1st character
2018-12-15 23:34:05,701:INFO:The 's' was the 3rd character
2018-12-15 23:34:05,701:INFO:The 't' was the 4th character
2018-12-15 23:34:05,702:INFO:The 'n' was the 6th character
2018-12-15 23:34:05,702:INFO:The 'g' was the 7th character
2018-12-15 23:34:05,703:INFO:

2018-12-15 23:34:05,704:INFO:The numbers in this password are: ['4']
2018-12-15 23:34:05,704:INFO:The '4' was the 2nd character
2018-12-15 23:34:05,704:INFO:

2018-12-15 23:34:05,705:INFO:The symbols in this password are: ['!']
2018-12-15 23:34:05,705:INFO:The '!' was the 5th character
2018-12-15 23:34:05,706:INFO:

2018-12-15 23:34:05,762:INFO:The length of 'T4st!ng' is 7
2018-12-15 23:34:05,763:INFO:As a list it looks like this ['T', '4', 's', 't', '!', 'n', 'g']
2018-12-15 23:34:05,763:INFO:The letters in this password are: ['T', 's', 't', 'n', 'g']
2018-12-15 23:34:05,763:INFO:The 'T' was the 1st character
2018-12-15 23:34:05,764:INFO:The 's' was the 3rd character
2018-12-15 23:34:05,764:INFO:The 't' was the 4th character
2018-12-15 23:34:05,764:INFO:The 'n' was the 6th character
2018-12-15 23:34:05,765:INFO:The 'g' was the 7th character
2018-12-15 23:34:05,765:INFO:

2018-12-15 23:34:05,765:INFO:The numbers in this password are: ['4']
2018-12-15 23:34:05,766:INFO:The '4' was the 2nd character
2018-12-15 23:34:05,766:INFO:

2018-12-15 23:34:05,767:INFO:The symbols in this password are: ['!']
2018-12-15 23:34:05,767:INFO:The '!' was the 5th character
2018-12-15 23:34:05,768:INFO:

2018-12-15 23:34:05,827:INFO:The length of 'T4st!ng' is 7
2018-12-15 23:34:05,828:INFO:As a list it looks like this ['T', '4', 's', 't', '!', 'n', 'g']
2018-12-15 23:34:05,828:INFO:The letters in this password are: ['T', 's', 't', 'n', 'g']
2018-12-15 23:34:05,828:INFO:The 'T' was the 1st character
2018-12-15 23:34:05,828:INFO:The 's' was the 3rd character
2018-12-15 23:34:05,829:INFO:The 't' was the 4th character
2018-12-15 23:34:05,829:INFO:The 'n' was the 6th character
2018-12-15 23:34:05,829:INFO:The 'g' was the 7th character
2018-12-15 23:34:05,829:INFO:

2018-12-15 23:34:05,830:INFO:The numbers in this password are: ['4']
2018-12-15 23:34:05,830:INFO:The '4' was the 2nd character
2018-12-15 23:34:05,830:INFO:

2018-12-15 23:34:05,831:INFO:The symbols in this password are: ['!']
2018-12-15 23:34:05,831:INFO:The '!' was the 5th character
2018-12-15 23:34:05,831:INFO:

2018-12-15 23:34:05,890:INFO:The length of 'T4st!ng' is 7
2018-12-15 23:34:05,891:INFO:As a list it looks like this ['T', '4', 's', 't', '!', 'n', 'g']
2018-12-15 23:34:05,891:INFO:The letters in this password are: ['T', 's', 't', 'n', 'g']
2018-12-15 23:34:05,892:INFO:The 'T' was the 1st character
2018-12-15 23:34:05,892:INFO:The 's' was the 3rd character
2018-12-15 23:34:05,892:INFO:The 't' was the 4th character
2018-12-15 23:34:05,892:INFO:The 'n' was the 6th character
2018-12-15 23:34:05,893:INFO:The 'g' was the 7th character
2018-12-15 23:34:05,893:INFO:

2018-12-15 23:34:05,894:INFO:The numbers in this password are: ['4']
2018-12-15 23:34:05,894:INFO:The '4' was the 2nd character
2018-12-15 23:34:05,895:INFO:

2018-12-15 23:34:05,895:INFO:The symbols in this password are: ['!']
2018-12-15 23:34:05,896:INFO:The '!' was the 5th character
2018-12-15 23:34:05,896:INFO:

2018-12-15 23:34:05,956:INFO:The length of 'T4st!ng' is 7
2018-12-15 23:34:05,956:INFO:As a list it looks like this ['T', '4', 's', 't', '!', 'n', 'g']
2018-12-15 23:34:05,957:INFO:The letters in this password are: ['T', 's', 't', 'n', 'g']
2018-12-15 23:34:05,957:INFO:The 'T' was the 1st character
2018-12-15 23:34:05,957:INFO:The 's' was the 3rd character
2018-12-15 23:34:05,958:INFO:The 't' was the 4th character
2018-12-15 23:34:05,958:INFO:The 'n' was the 6th character
2018-12-15 23:34:05,958:INFO:The 'g' was the 7th character
2018-12-15 23:34:05,958:INFO:

2018-12-15 23:34:05,959:INFO:The numbers in this password are: ['4']
2018-12-15 23:34:05,959:INFO:The '4' was the 2nd character
2018-12-15 23:34:05,960:INFO:

2018-12-15 23:34:05,960:INFO:The symbols in this password are: ['!']
2018-12-15 23:34:05,960:INFO:The '!' was the 5th character
2018-12-15 23:34:05,960:INFO:

2018-12-15 23:34:06,025:INFO:The length of 'T4st!ng' is 7
2018-12-15 23:34:06,026:INFO:As a list it looks like this ['T', '4', 's', 't', '!', 'n', 'g']
2018-12-15 23:34:06,026:INFO:The letters in this password are: ['T', 's', 't', 'n', 'g']
2018-12-15 23:34:06,027:INFO:The 'T' was the 1st character
2018-12-15 23:34:06,027:INFO:The 's' was the 3rd character
2018-12-15 23:34:06,028:INFO:The 't' was the 4th character
2018-12-15 23:34:06,028:INFO:The 'n' was the 6th character
2018-12-15 23:34:06,028:INFO:The 'g' was the 7th character
2018-12-15 23:34:06,028:INFO:

2018-12-15 23:34:06,029:INFO:The numbers in this password are: ['4']
2018-12-15 23:34:06,029:INFO:The '4' was the 2nd character
2018-12-15 23:34:06,029:INFO:

2018-12-15 23:34:06,030:INFO:The symbols in this password are: ['!']
2018-12-15 23:34:06,030:INFO:The '!' was the 5th character
2018-12-15 23:34:06,030:INFO:

2018-12-15 23:34:06,093:INFO:The length of 'T4st!ng' is 7
2018-12-15 23:34:06,093:INFO:As a list it looks like this ['T', '4', 's', 't', '!', 'n', 'g']
2018-12-15 23:34:06,094:INFO:The letters in this password are: ['T', 's', 't', 'n', 'g']
2018-12-15 23:34:06,094:INFO:The 'T' was the 1st character
2018-12-15 23:34:06,094:INFO:The 's' was the 3rd character
2018-12-15 23:34:06,095:INFO:The 't' was the 4th character
2018-12-15 23:34:06,095:INFO:The 'n' was the 6th character
2018-12-15 23:34:06,095:INFO:The 'g' was the 7th character
2018-12-15 23:34:06,095:INFO:

2018-12-15 23:34:06,096:INFO:The numbers in this password are: ['4']
2018-12-15 23:34:06,096:INFO:The '4' was the 2nd character
2018-12-15 23:34:06,097:INFO:

2018-12-15 23:34:06,097:INFO:The symbols in this password are: ['!']
2018-12-15 23:34:06,098:INFO:The '!' was the 5th character
2018-12-15 23:34:06,098:INFO:

2018-12-15 23:34:06,161:INFO:The length of 'T4st!ng' is 7
2018-12-15 23:34:06,161:INFO:As a list it looks like this ['T', '4', 's', 't', '!', 'n', 'g']
2018-12-15 23:34:06,161:INFO:The letters in this password are: ['T', 's', 't', 'n', 'g']
2018-12-15 23:34:06,162:INFO:The 'T' was the 1st character
2018-12-15 23:34:06,162:INFO:The 's' was the 3rd character
2018-12-15 23:34:06,162:INFO:The 't' was the 4th character
2018-12-15 23:34:06,163:INFO:The 'n' was the 6th character
2018-12-15 23:34:06,163:INFO:The 'g' was the 7th character
2018-12-15 23:34:06,163:INFO:

2018-12-15 23:34:06,164:INFO:The numbers in this password are: ['4']
2018-12-15 23:34:06,164:INFO:The '4' was the 2nd character
2018-12-15 23:34:06,164:INFO:

2018-12-15 23:34:06,165:INFO:The symbols in this password are: ['!']
2018-12-15 23:34:06,165:INFO:The '!' was the 5th character
2018-12-15 23:34:06,166:INFO:

2018-12-15 23:34:06,228:INFO:The length of 'T4st!ng' is 7
2018-12-15 23:34:06,228:INFO:As a list it looks like this ['T', '4', 's', 't', '!', 'n', 'g']
2018-12-15 23:34:06,229:INFO:The letters in this password are: ['T', 's', 't', 'n', 'g']
2018-12-15 23:34:06,229:INFO:The 'T' was the 1st character
2018-12-15 23:34:06,229:INFO:The 's' was the 3rd character
2018-12-15 23:34:06,230:INFO:The 't' was the 4th character
2018-12-15 23:34:06,230:INFO:The 'n' was the 6th character
2018-12-15 23:34:06,230:INFO:The 'g' was the 7th character
2018-12-15 23:34:06,230:INFO:

2018-12-15 23:34:06,231:INFO:The numbers in this password are: ['4']
2018-12-15 23:34:06,231:INFO:The '4' was the 2nd character
2018-12-15 23:34:06,231:INFO:

2018-12-15 23:34:06,232:INFO:The symbols in this password are: ['!']
2018-12-15 23:34:06,232:INFO:The '!' was the 5th character
2018-12-15 23:34:06,232:INFO:

2018-12-15 23:34:06,293:INFO:The length of 'T4st!ng' is 7
2018-12-15 23:34:06,293:INFO:As a list it looks like this ['T', '4', 's', 't', '!', 'n', 'g']
2018-12-15 23:34:06,293:INFO:The letters in this password are: ['T', 's', 't', 'n', 'g']
2018-12-15 23:34:06,294:INFO:The 'T' was the 1st character
2018-12-15 23:34:06,294:INFO:The 's' was the 3rd character
2018-12-15 23:34:06,294:INFO:The 't' was the 4th character
2018-12-15 23:34:06,295:INFO:The 'n' was the 6th character
2018-12-15 23:34:06,295:INFO:The 'g' was the 7th character
2018-12-15 23:34:06,295:INFO:

2018-12-15 23:34:06,296:INFO:The numbers in this password are: ['4']
2018-12-15 23:34:06,296:INFO:The '4' was the 2nd character
2018-12-15 23:34:06,296:INFO:

2018-12-15 23:34:06,297:INFO:The symbols in this password are: ['!']
2018-12-15 23:34:06,298:INFO:The '!' was the 5th character
2018-12-15 23:34:06,298:INFO:

2018-12-15 23:34:06,363:INFO:The length of 'T4st!ng' is 7
2018-12-15 23:34:06,363:INFO:As a list it looks like this ['T', '4', 's', 't', '!', 'n', 'g']
2018-12-15 23:34:06,364:INFO:The letters in this password are: ['T', 's', 't', 'n', 'g']
2018-12-15 23:34:06,364:INFO:The 'T' was the 1st character
2018-12-15 23:34:06,365:INFO:The 's' was the 3rd character
2018-12-15 23:34:06,365:INFO:The 't' was the 4th character
2018-12-15 23:34:06,365:INFO:The 'n' was the 6th character
2018-12-15 23:34:06,365:INFO:The 'g' was the 7th character
2018-12-15 23:34:06,366:INFO:

2018-12-15 23:34:06,367:INFO:The numbers in this password are: ['4']
2018-12-15 23:34:06,367:INFO:The '4' was the 2nd character
2018-12-15 23:34:06,367:INFO:

2018-12-15 23:34:06,368:INFO:The symbols in this password are: ['!']
2018-12-15 23:34:06,368:INFO:The '!' was the 5th character
2018-12-15 23:34:06,369:INFO:

2018-12-15 23:34:06,432:INFO:The length of 'T4st!ng' is 7
2018-12-15 23:34:06,433:INFO:As a list it looks like this ['T', '4', 's', 't', '!', 'n', 'g']
2018-12-15 23:34:06,433:INFO:The letters in this password are: ['T', 's', 't', 'n', 'g']
2018-12-15 23:34:06,434:INFO:The 'T' was the 1st character
2018-12-15 23:34:06,434:INFO:The 's' was the 3rd character
2018-12-15 23:34:06,435:INFO:The 't' was the 4th character
2018-12-15 23:34:06,435:INFO:The 'n' was the 6th character
2018-12-15 23:34:06,435:INFO:The 'g' was the 7th character
2018-12-15 23:34:06,436:INFO:

2018-12-15 23:34:06,436:INFO:The numbers in this password are: ['4']
2018-12-15 23:34:06,436:INFO:The '4' was the 2nd character
2018-12-15 23:34:06,437:INFO:

2018-12-15 23:34:06,437:INFO:The symbols in this password are: ['!']
2018-12-15 23:34:06,438:INFO:The '!' was the 5th character
2018-12-15 23:34:06,438:INFO:

2018-12-15 23:34:06,501:INFO:The length of 'T4st!ng' is 7
2018-12-15 23:34:06,502:INFO:As a list it looks like this ['T', '4', 's', 't', '!', 'n', 'g']
2018-12-15 23:34:06,503:INFO:The letters in this password are: ['T', 's', 't', 'n', 'g']
2018-12-15 23:34:06,504:INFO:The 'T' was the 1st character
2018-12-15 23:34:06,504:INFO:The 's' was the 3rd character
2018-12-15 23:34:06,505:INFO:The 't' was the 4th character
2018-12-15 23:34:06,507:INFO:The 'n' was the 6th character
2018-12-15 23:34:06,507:INFO:The 'g' was the 7th character
2018-12-15 23:34:06,507:INFO:

2018-12-15 23:34:06,508:INFO:The numbers in this password are: ['4']
2018-12-15 23:34:06,508:INFO:The '4' was the 2nd character
2018-12-15 23:34:06,509:INFO:

2018-12-15 23:34:06,510:INFO:The symbols in this password are: ['!']
2018-12-15 23:34:06,510:INFO:The '!' was the 5th character
2018-12-15 23:34:06,512:INFO:

2018-12-15 23:34:06,580:INFO:The length of 'T4st!ng' is 7
2018-12-15 23:34:06,580:INFO:As a list it looks like this ['T', '4', 's', 't', '!', 'n', 'g']
2018-12-15 23:34:06,581:INFO:The letters in this password are: ['T', 's', 't', 'n', 'g']
2018-12-15 23:34:06,581:INFO:The 'T' was the 1st character
2018-12-15 23:34:06,581:INFO:The 's' was the 3rd character
2018-12-15 23:34:06,582:INFO:The 't' was the 4th character
2018-12-15 23:34:06,582:INFO:The 'n' was the 6th character
2018-12-15 23:34:06,582:INFO:The 'g' was the 7th character
2018-12-15 23:34:06,583:INFO:

2018-12-15 23:34:06,583:INFO:The numbers in this password are: ['4']
2018-12-15 23:34:06,583:INFO:The '4' was the 2nd character
2018-12-15 23:34:06,584:INFO:

2018-12-15 23:34:06,584:INFO:The symbols in this password are: ['!']
2018-12-15 23:34:06,585:INFO:The '!' was the 5th character
2018-12-15 23:34:06,585:INFO:

2018-12-15 23:34:06,645:INFO:The length of 'T4st!ng' is 7
2018-12-15 23:34:06,646:INFO:As a list it looks like this ['T', '4', 's', 't', '!', 'n', 'g']
2018-12-15 23:34:06,646:INFO:The letters in this password are: ['T', 's', 't', 'n', 'g']
2018-12-15 23:34:06,647:INFO:The 'T' was the 1st character
2018-12-15 23:34:06,647:INFO:The 's' was the 3rd character
2018-12-15 23:34:06,647:INFO:The 't' was the 4th character
2018-12-15 23:34:06,647:INFO:The 'n' was the 6th character
2018-12-15 23:34:06,648:INFO:The 'g' was the 7th character
2018-12-15 23:34:06,648:INFO:

2018-12-15 23:34:06,648:INFO:The numbers in this password are: ['4']
2018-12-15 23:34:06,649:INFO:The '4' was the 2nd character
2018-12-15 23:34:06,649:INFO:

2018-12-15 23:34:06,650:INFO:The symbols in this password are: ['!']
2018-12-15 23:34:06,650:INFO:The '!' was the 5th character
2018-12-15 23:34:06,650:INFO:

2018-12-15 23:34:06,709:INFO:The length of 'T4st!ng' is 7
2018-12-15 23:34:06,710:INFO:As a list it looks like this ['T', '4', 's', 't', '!', 'n', 'g']
2018-12-15 23:34:06,710:INFO:The letters in this password are: ['T', 's', 't', 'n', 'g']
2018-12-15 23:34:06,711:INFO:The 'T' was the 1st character
2018-12-15 23:34:06,711:INFO:The 's' was the 3rd character
2018-12-15 23:34:06,711:INFO:The 't' was the 4th character
2018-12-15 23:34:06,712:INFO:The 'n' was the 6th character
2018-12-15 23:34:06,713:INFO:The 'g' was the 7th character
2018-12-15 23:34:06,714:INFO:

2018-12-15 23:34:06,715:INFO:The numbers in this password are: ['4']
2018-12-15 23:34:06,715:INFO:The '4' was the 2nd character
2018-12-15 23:34:06,716:INFO:

2018-12-15 23:34:06,716:INFO:The symbols in this password are: ['!']
2018-12-15 23:34:06,717:INFO:The '!' was the 5th character
2018-12-15 23:34:06,717:INFO:

2018-12-15 23:34:06,777:INFO:The length of 'T4st!ng' is 7
2018-12-15 23:34:06,777:INFO:As a list it looks like this ['T', '4', 's', 't', '!', 'n', 'g']
2018-12-15 23:34:06,778:INFO:The letters in this password are: ['T', 's', 't', 'n', 'g']
2018-12-15 23:34:06,778:INFO:The 'T' was the 1st character
2018-12-15 23:34:06,778:INFO:The 's' was the 3rd character
2018-12-15 23:34:06,778:INFO:The 't' was the 4th character
2018-12-15 23:34:06,779:INFO:The 'n' was the 6th character
2018-12-15 23:34:06,779:INFO:The 'g' was the 7th character
2018-12-15 23:34:06,779:INFO:

2018-12-15 23:34:06,780:INFO:The numbers in this password are: ['4']
2018-12-15 23:34:06,780:INFO:The '4' was the 2nd character
2018-12-15 23:34:06,781:INFO:

2018-12-15 23:34:06,781:INFO:The symbols in this password are: ['!']
2018-12-15 23:34:06,782:INFO:The '!' was the 5th character
2018-12-15 23:34:06,782:INFO:

2018-12-15 23:34:06,839:INFO:The length of 'T4st!ng' is 7
2018-12-15 23:34:06,840:INFO:As a list it looks like this ['T', '4', 's', 't', '!', 'n', 'g']
2018-12-15 23:34:06,840:INFO:The letters in this password are: ['T', 's', 't', 'n', 'g']
2018-12-15 23:34:06,840:INFO:The 'T' was the 1st character
2018-12-15 23:34:06,841:INFO:The 's' was the 3rd character
2018-12-15 23:34:06,841:INFO:The 't' was the 4th character
2018-12-15 23:34:06,842:INFO:The 'n' was the 6th character
2018-12-15 23:34:06,842:INFO:The 'g' was the 7th character
2018-12-15 23:34:06,842:INFO:

2018-12-15 23:34:06,843:INFO:The numbers in this password are: ['4']
2018-12-15 23:34:06,843:INFO:The '4' was the 2nd character
2018-12-15 23:34:06,843:INFO:

2018-12-15 23:34:06,844:INFO:The symbols in this password are: ['!']
2018-12-15 23:34:06,845:INFO:The '!' was the 5th character
2018-12-15 23:34:06,845:INFO:

2018-12-15 23:34:06,904:INFO:The length of 'T4st!ng' is 7
2018-12-15 23:34:06,905:INFO:As a list it looks like this ['T', '4', 's', 't', '!', 'n', 'g']
2018-12-15 23:34:06,905:INFO:The letters in this password are: ['T', 's', 't', 'n', 'g']
2018-12-15 23:34:06,905:INFO:The 'T' was the 1st character
2018-12-15 23:34:06,906:INFO:The 's' was the 3rd character
2018-12-15 23:34:06,906:INFO:The 't' was the 4th character
2018-12-15 23:34:06,906:INFO:The 'n' was the 6th character
2018-12-15 23:34:06,906:INFO:The 'g' was the 7th character
2018-12-15 23:34:06,907:INFO:

2018-12-15 23:34:06,907:INFO:The numbers in this password are: ['4']
2018-12-15 23:34:06,907:INFO:The '4' was the 2nd character
2018-12-15 23:34:06,908:INFO:

2018-12-15 23:34:06,908:INFO:The symbols in this password are: ['!']
2018-12-15 23:34:06,908:INFO:The '!' was the 5th character
2018-12-15 23:34:06,909:INFO:

2018-12-15 23:34:06,969:INFO:The length of 'T4st!ng' is 7
2018-12-15 23:34:06,970:INFO:As a list it looks like this ['T', '4', 's', 't', '!', 'n', 'g']
2018-12-15 23:34:06,971:INFO:The letters in this password are: ['T', 's', 't', 'n', 'g']
2018-12-15 23:34:06,971:INFO:The 'T' was the 1st character
2018-12-15 23:34:06,972:INFO:The 's' was the 3rd character
2018-12-15 23:34:06,972:INFO:The 't' was the 4th character
2018-12-15 23:34:06,973:INFO:The 'n' was the 6th character
2018-12-15 23:34:06,973:INFO:The 'g' was the 7th character
2018-12-15 23:34:06,973:INFO:

2018-12-15 23:34:06,974:INFO:The numbers in this password are: ['4']
2018-12-15 23:34:06,974:INFO:The '4' was the 2nd character
2018-12-15 23:34:06,974:INFO:

2018-12-15 23:34:06,975:INFO:The symbols in this password are: ['!']
2018-12-15 23:34:06,975:INFO:The '!' was the 5th character
2018-12-15 23:34:06,976:INFO:

2018-12-15 23:34:07,034:INFO:The length of 'T4st!ng' is 7
2018-12-15 23:34:07,035:INFO:As a list it looks like this ['T', '4', 's', 't', '!', 'n', 'g']
2018-12-15 23:34:07,035:INFO:The letters in this password are: ['T', 's', 't', 'n', 'g']
2018-12-15 23:34:07,036:INFO:The 'T' was the 1st character
2018-12-15 23:34:07,036:INFO:The 's' was the 3rd character
2018-12-15 23:34:07,036:INFO:The 't' was the 4th character
2018-12-15 23:34:07,037:INFO:The 'n' was the 6th character
2018-12-15 23:34:07,037:INFO:The 'g' was the 7th character
2018-12-15 23:34:07,037:INFO:

2018-12-15 23:34:07,038:INFO:The numbers in this password are: ['4']
2018-12-15 23:34:07,038:INFO:The '4' was the 2nd character
2018-12-15 23:34:07,039:INFO:

2018-12-15 23:34:07,039:INFO:The symbols in this password are: ['!']
2018-12-15 23:34:07,043:INFO:The '!' was the 5th character
2018-12-15 23:34:07,044:INFO:

2018-12-15 23:34:07,103:INFO:The length of 'T4st!ng' is 7
2018-12-15 23:34:07,104:INFO:As a list it looks like this ['T', '4', 's', 't', '!', 'n', 'g']
2018-12-15 23:34:07,105:INFO:The letters in this password are: ['T', 's', 't', 'n', 'g']
2018-12-15 23:34:07,106:INFO:The 'T' was the 1st character
2018-12-15 23:34:07,106:INFO:The 's' was the 3rd character
2018-12-15 23:34:07,106:INFO:The 't' was the 4th character
2018-12-15 23:34:07,107:INFO:The 'n' was the 6th character
2018-12-15 23:34:07,107:INFO:The 'g' was the 7th character
2018-12-15 23:34:07,107:INFO:

2018-12-15 23:34:07,108:INFO:The numbers in this password are: ['4']
2018-12-15 23:34:07,108:INFO:The '4' was the 2nd character
2018-12-15 23:34:07,108:INFO:

2018-12-15 23:34:07,109:INFO:The symbols in this password are: ['!']
2018-12-15 23:34:07,109:INFO:The '!' was the 5th character
2018-12-15 23:34:07,111:INFO:

2018-12-15 23:34:07,170:INFO:The length of 'T4st!ng' is 7
2018-12-15 23:34:07,171:INFO:As a list it looks like this ['T', '4', 's', 't', '!', 'n', 'g']
2018-12-15 23:34:07,171:INFO:The letters in this password are: ['T', 's', 't', 'n', 'g']
2018-12-15 23:34:07,171:INFO:The 'T' was the 1st character
2018-12-15 23:34:07,172:INFO:The 's' was the 3rd character
2018-12-15 23:34:07,172:INFO:The 't' was the 4th character
2018-12-15 23:34:07,172:INFO:The 'n' was the 6th character
2018-12-15 23:34:07,173:INFO:The 'g' was the 7th character
2018-12-15 23:34:07,173:INFO:

2018-12-15 23:34:07,174:INFO:The numbers in this password are: ['4']
2018-12-15 23:34:07,174:INFO:The '4' was the 2nd character
2018-12-15 23:34:07,174:INFO:

2018-12-15 23:34:07,175:INFO:The symbols in this password are: ['!']
2018-12-15 23:34:07,175:INFO:The '!' was the 5th character
2018-12-15 23:34:07,175:INFO:

2018-12-15 23:34:07,235:INFO:The length of 'T4st!ng' is 7
2018-12-15 23:34:07,235:INFO:As a list it looks like this ['T', '4', 's', 't', '!', 'n', 'g']
2018-12-15 23:34:07,236:INFO:The letters in this password are: ['T', 's', 't', 'n', 'g']
2018-12-15 23:34:07,236:INFO:The 'T' was the 1st character
2018-12-15 23:34:07,236:INFO:The 's' was the 3rd character
2018-12-15 23:34:07,237:INFO:The 't' was the 4th character
2018-12-15 23:34:07,237:INFO:The 'n' was the 6th character
2018-12-15 23:34:07,237:INFO:The 'g' was the 7th character
2018-12-15 23:34:07,237:INFO:

2018-12-15 23:34:07,238:INFO:The numbers in this password are: ['4']
2018-12-15 23:34:07,238:INFO:The '4' was the 2nd character
2018-12-15 23:34:07,239:INFO:

2018-12-15 23:34:07,239:INFO:The symbols in this password are: ['!']
2018-12-15 23:34:07,239:INFO:The '!' was the 5th character
2018-12-15 23:34:07,240:INFO:

2018-12-15 23:34:07,305:INFO:The length of 'T4st!ng' is 7
2018-12-15 23:34:07,305:INFO:As a list it looks like this ['T', '4', 's', 't', '!', 'n', 'g']
2018-12-15 23:34:07,306:INFO:The letters in this password are: ['T', 's', 't', 'n', 'g']
2018-12-15 23:34:07,306:INFO:The 'T' was the 1st character
2018-12-15 23:34:07,306:INFO:The 's' was the 3rd character
2018-12-15 23:34:07,307:INFO:The 't' was the 4th character
2018-12-15 23:34:07,307:INFO:The 'n' was the 6th character
2018-12-15 23:34:07,307:INFO:The 'g' was the 7th character
2018-12-15 23:34:07,308:INFO:

2018-12-15 23:34:07,308:INFO:The numbers in this password are: ['4']
2018-12-15 23:34:07,309:INFO:The '4' was the 2nd character
2018-12-15 23:34:07,309:INFO:

2018-12-15 23:34:07,309:INFO:The symbols in this password are: ['!']
2018-12-15 23:34:07,310:INFO:The '!' was the 5th character
2018-12-15 23:34:07,310:INFO:

2018-12-15 23:34:07,368:INFO:The length of 'T4st!ng' is 7
2018-12-15 23:34:07,369:INFO:As a list it looks like this ['T', '4', 's', 't', '!', 'n', 'g']
2018-12-15 23:34:07,369:INFO:The letters in this password are: ['T', 's', 't', 'n', 'g']
2018-12-15 23:34:07,370:INFO:The 'T' was the 1st character
2018-12-15 23:34:07,371:INFO:The 's' was the 3rd character
2018-12-15 23:34:07,371:INFO:The 't' was the 4th character
2018-12-15 23:34:07,371:INFO:The 'n' was the 6th character
2018-12-15 23:34:07,372:INFO:The 'g' was the 7th character
2018-12-15 23:34:07,372:INFO:

2018-12-15 23:34:07,373:INFO:The numbers in this password are: ['4']
2018-12-15 23:34:07,373:INFO:The '4' was the 2nd character
2018-12-15 23:34:07,373:INFO:

2018-12-15 23:34:07,374:INFO:The symbols in this password are: ['!']
2018-12-15 23:34:07,374:INFO:The '!' was the 5th character
2018-12-15 23:34:07,375:INFO:

2018-12-15 23:34:07,433:INFO:The length of 'T4st!ng' is 7
2018-12-15 23:34:07,434:INFO:As a list it looks like this ['T', '4', 's', 't', '!', 'n', 'g']
2018-12-15 23:34:07,435:INFO:The letters in this password are: ['T', 's', 't', 'n', 'g']
2018-12-15 23:34:07,435:INFO:The 'T' was the 1st character
2018-12-15 23:34:07,436:INFO:The 's' was the 3rd character
2018-12-15 23:34:07,436:INFO:The 't' was the 4th character
2018-12-15 23:34:07,436:INFO:The 'n' was the 6th character
2018-12-15 23:34:07,437:INFO:The 'g' was the 7th character
2018-12-15 23:34:07,437:INFO:

2018-12-15 23:34:07,437:INFO:The numbers in this password are: ['4']
2018-12-15 23:34:07,438:INFO:The '4' was the 2nd character
2018-12-15 23:34:07,438:INFO:

2018-12-15 23:34:07,438:INFO:The symbols in this password are: ['!']
2018-12-15 23:34:07,439:INFO:The '!' was the 5th character
2018-12-15 23:34:07,439:INFO:

2018-12-15 23:34:07,503:INFO:The length of 'T4st!ng' is 7
2018-12-15 23:34:07,503:INFO:As a list it looks like this ['T', '4', 's', 't', '!', 'n', 'g']
2018-12-15 23:34:07,505:INFO:The letters in this password are: ['T', 's', 't', 'n', 'g']
2018-12-15 23:34:07,505:INFO:The 'T' was the 1st character
2018-12-15 23:34:07,506:INFO:The 's' was the 3rd character
2018-12-15 23:34:07,507:INFO:The 't' was the 4th character
2018-12-15 23:34:07,507:INFO:The 'n' was the 6th character
2018-12-15 23:34:07,508:INFO:The 'g' was the 7th character
2018-12-15 23:34:07,508:INFO:

2018-12-15 23:34:07,509:INFO:The numbers in this password are: ['4']
2018-12-15 23:34:07,509:INFO:The '4' was the 2nd character
2018-12-15 23:34:07,509:INFO:

2018-12-15 23:34:07,510:INFO:The symbols in this password are: ['!']
2018-12-15 23:34:07,510:INFO:The '!' was the 5th character
2018-12-15 23:34:07,511:INFO:

2018-12-15 23:34:07,573:INFO:The length of 'T4st!ng' is 7
2018-12-15 23:34:07,573:INFO:As a list it looks like this ['T', '4', 's', 't', '!', 'n', 'g']
2018-12-15 23:34:07,573:INFO:The letters in this password are: ['T', 's', 't', 'n', 'g']
2018-12-15 23:34:07,574:INFO:The 'T' was the 1st character
2018-12-15 23:34:07,575:INFO:The 's' was the 3rd character
2018-12-15 23:34:07,575:INFO:The 't' was the 4th character
2018-12-15 23:34:07,575:INFO:The 'n' was the 6th character
2018-12-15 23:34:07,576:INFO:The 'g' was the 7th character
2018-12-15 23:34:07,576:INFO:

2018-12-15 23:34:07,576:INFO:The numbers in this password are: ['4']
2018-12-15 23:34:07,577:INFO:The '4' was the 2nd character
2018-12-15 23:34:07,577:INFO:

2018-12-15 23:34:07,577:INFO:The symbols in this password are: ['!']
2018-12-15 23:34:07,578:INFO:The '!' was the 5th character
2018-12-15 23:34:07,578:INFO:

2018-12-15 23:34:07,636:INFO:The length of 'T4st!ng' is 7
2018-12-15 23:34:07,637:INFO:As a list it looks like this ['T', '4', 's', 't', '!', 'n', 'g']
2018-12-15 23:34:07,637:INFO:The letters in this password are: ['T', 's', 't', 'n', 'g']
2018-12-15 23:34:07,638:INFO:The 'T' was the 1st character
2018-12-15 23:34:07,638:INFO:The 's' was the 3rd character
2018-12-15 23:34:07,638:INFO:The 't' was the 4th character
2018-12-15 23:34:07,639:INFO:The 'n' was the 6th character
2018-12-15 23:34:07,639:INFO:The 'g' was the 7th character
2018-12-15 23:34:07,640:INFO:

2018-12-15 23:34:07,640:INFO:The numbers in this password are: ['4']
2018-12-15 23:34:07,640:INFO:The '4' was the 2nd character
2018-12-15 23:34:07,641:INFO:

2018-12-15 23:34:07,641:INFO:The symbols in this password are: ['!']
2018-12-15 23:34:07,642:INFO:The '!' was the 5th character
2018-12-15 23:34:07,642:INFO:

2018-12-15 23:34:07,699:INFO:The length of 'T4st!ng' is 7
2018-12-15 23:34:07,700:INFO:As a list it looks like this ['T', '4', 's', 't', '!', 'n', 'g']
2018-12-15 23:34:07,700:INFO:The letters in this password are: ['T', 's', 't', 'n', 'g']
2018-12-15 23:34:07,701:INFO:The 'T' was the 1st character
2018-12-15 23:34:07,701:INFO:The 's' was the 3rd character
2018-12-15 23:34:07,701:INFO:The 't' was the 4th character
2018-12-15 23:34:07,701:INFO:The 'n' was the 6th character
2018-12-15 23:34:07,702:INFO:The 'g' was the 7th character
2018-12-15 23:34:07,702:INFO:

2018-12-15 23:34:07,703:INFO:The numbers in this password are: ['4']
2018-12-15 23:34:07,703:INFO:The '4' was the 2nd character
2018-12-15 23:34:07,703:INFO:

2018-12-15 23:34:07,704:INFO:The symbols in this password are: ['!']
2018-12-15 23:34:07,704:INFO:The '!' was the 5th character
2018-12-15 23:34:07,704:INFO:

2018-12-15 23:34:07,760:INFO:The length of 'T4st!ng' is 7
2018-12-15 23:34:07,761:INFO:As a list it looks like this ['T', '4', 's', 't', '!', 'n', 'g']
2018-12-15 23:34:07,761:INFO:The letters in this password are: ['T', 's', 't', 'n', 'g']
2018-12-15 23:34:07,761:INFO:The 'T' was the 1st character
2018-12-15 23:34:07,762:INFO:The 's' was the 3rd character
2018-12-15 23:34:07,762:INFO:The 't' was the 4th character
2018-12-15 23:34:07,762:INFO:The 'n' was the 6th character
2018-12-15 23:34:07,762:INFO:The 'g' was the 7th character
2018-12-15 23:34:07,763:INFO:

2018-12-15 23:34:07,763:INFO:The numbers in this password are: ['4']
2018-12-15 23:34:07,763:INFO:The '4' was the 2nd character
2018-12-15 23:34:07,764:INFO:

2018-12-15 23:34:07,764:INFO:The symbols in this password are: ['!']
2018-12-15 23:34:07,765:INFO:The '!' was the 5th character
2018-12-15 23:34:07,765:INFO:

2018-12-15 23:34:07,827:INFO:The length of 'T4st!ng' is 7
2018-12-15 23:34:07,827:INFO:As a list it looks like this ['T', '4', 's', 't', '!', 'n', 'g']
2018-12-15 23:34:07,828:INFO:The letters in this password are: ['T', 's', 't', 'n', 'g']
2018-12-15 23:34:07,828:INFO:The 'T' was the 1st character
2018-12-15 23:34:07,828:INFO:The 's' was the 3rd character
2018-12-15 23:34:07,829:INFO:The 't' was the 4th character
2018-12-15 23:34:07,829:INFO:The 'n' was the 6th character
2018-12-15 23:34:07,829:INFO:The 'g' was the 7th character
2018-12-15 23:34:07,829:INFO:

2018-12-15 23:34:07,830:INFO:The numbers in this password are: ['4']
2018-12-15 23:34:07,830:INFO:The '4' was the 2nd character
2018-12-15 23:34:07,831:INFO:

2018-12-15 23:34:07,831:INFO:The symbols in this password are: ['!']
2018-12-15 23:34:07,832:INFO:The '!' was the 5th character
2018-12-15 23:34:07,832:INFO:

2018-12-15 23:34:07,892:INFO:The length of 'T4st!ng' is 7
2018-12-15 23:34:07,892:INFO:As a list it looks like this ['T', '4', 's', 't', '!', 'n', 'g']
2018-12-15 23:34:07,893:INFO:The letters in this password are: ['T', 's', 't', 'n', 'g']
2018-12-15 23:34:07,893:INFO:The 'T' was the 1st character
2018-12-15 23:34:07,893:INFO:The 's' was the 3rd character
2018-12-15 23:34:07,894:INFO:The 't' was the 4th character
2018-12-15 23:34:07,894:INFO:The 'n' was the 6th character
2018-12-15 23:34:07,895:INFO:The 'g' was the 7th character
2018-12-15 23:34:07,895:INFO:

2018-12-15 23:34:07,895:INFO:The numbers in this password are: ['4']
2018-12-15 23:34:07,896:INFO:The '4' was the 2nd character
2018-12-15 23:34:07,896:INFO:

2018-12-15 23:34:07,896:INFO:The symbols in this password are: ['!']
2018-12-15 23:34:07,897:INFO:The '!' was the 5th character
2018-12-15 23:34:07,897:INFO:

2018-12-15 23:34:07,958:INFO:The length of 'T4st!ng' is 7
2018-12-15 23:34:07,958:INFO:As a list it looks like this ['T', '4', 's', 't', '!', 'n', 'g']
2018-12-15 23:34:07,959:INFO:The letters in this password are: ['T', 's', 't', 'n', 'g']
2018-12-15 23:34:07,959:INFO:The 'T' was the 1st character
2018-12-15 23:34:07,959:INFO:The 's' was the 3rd character
2018-12-15 23:34:07,959:INFO:The 't' was the 4th character
2018-12-15 23:34:07,960:INFO:The 'n' was the 6th character
2018-12-15 23:34:07,960:INFO:The 'g' was the 7th character
2018-12-15 23:34:07,960:INFO:

2018-12-15 23:34:07,961:INFO:The numbers in this password are: ['4']
2018-12-15 23:34:07,961:INFO:The '4' was the 2nd character
2018-12-15 23:34:07,961:INFO:

2018-12-15 23:34:07,962:INFO:The symbols in this password are: ['!']
2018-12-15 23:34:07,962:INFO:The '!' was the 5th character
2018-12-15 23:34:07,962:INFO:

2018-12-15 23:34:08,028:INFO:The length of 'T4st!ng' is 7
2018-12-15 23:34:08,028:INFO:As a list it looks like this ['T', '4', 's', 't', '!', 'n', 'g']
2018-12-15 23:34:08,028:INFO:The letters in this password are: ['T', 's', 't', 'n', 'g']
2018-12-15 23:34:08,029:INFO:The 'T' was the 1st character
2018-12-15 23:34:08,029:INFO:The 's' was the 3rd character
2018-12-15 23:34:08,029:INFO:The 't' was the 4th character
2018-12-15 23:34:08,030:INFO:The 'n' was the 6th character
2018-12-15 23:34:08,030:INFO:The 'g' was the 7th character
2018-12-15 23:34:08,030:INFO:

2018-12-15 23:34:08,031:INFO:The numbers in this password are: ['4']
2018-12-15 23:34:08,031:INFO:The '4' was the 2nd character
2018-12-15 23:34:08,031:INFO:

2018-12-15 23:34:08,032:INFO:The symbols in this password are: ['!']
2018-12-15 23:34:08,032:INFO:The '!' was the 5th character
2018-12-15 23:34:08,032:INFO:

2018-12-15 23:34:08,093:INFO:The length of 'T4st!ng' is 7
2018-12-15 23:34:08,093:INFO:As a list it looks like this ['T', '4', 's', 't', '!', 'n', 'g']
2018-12-15 23:34:08,094:INFO:The letters in this password are: ['T', 's', 't', 'n', 'g']
2018-12-15 23:34:08,094:INFO:The 'T' was the 1st character
2018-12-15 23:34:08,094:INFO:The 's' was the 3rd character
2018-12-15 23:34:08,095:INFO:The 't' was the 4th character
2018-12-15 23:34:08,095:INFO:The 'n' was the 6th character
2018-12-15 23:34:08,096:INFO:The 'g' was the 7th character
2018-12-15 23:34:08,096:INFO:

2018-12-15 23:34:08,097:INFO:The numbers in this password are: ['4']
2018-12-15 23:34:08,097:INFO:The '4' was the 2nd character
2018-12-15 23:34:08,097:INFO:

2018-12-15 23:34:08,098:INFO:The symbols in this password are: ['!']
2018-12-15 23:34:08,098:INFO:The '!' was the 5th character
2018-12-15 23:34:08,098:INFO:

2018-12-15 23:34:08,159:INFO:The length of 'T4st!ng' is 7
2018-12-15 23:34:08,160:INFO:As a list it looks like this ['T', '4', 's', 't', '!', 'n', 'g']
2018-12-15 23:34:08,160:INFO:The letters in this password are: ['T', 's', 't', 'n', 'g']
2018-12-15 23:34:08,161:INFO:The 'T' was the 1st character
2018-12-15 23:34:08,161:INFO:The 's' was the 3rd character
2018-12-15 23:34:08,161:INFO:The 't' was the 4th character
2018-12-15 23:34:08,161:INFO:The 'n' was the 6th character
2018-12-15 23:34:08,162:INFO:The 'g' was the 7th character
2018-12-15 23:34:08,162:INFO:

2018-12-15 23:34:08,162:INFO:The numbers in this password are: ['4']
2018-12-15 23:34:08,163:INFO:The '4' was the 2nd character
2018-12-15 23:34:08,163:INFO:

2018-12-15 23:34:08,163:INFO:The symbols in this password are: ['!']
2018-12-15 23:34:08,164:INFO:The '!' was the 5th character
2018-12-15 23:34:08,164:INFO:

2018-12-15 23:34:08,228:INFO:The length of 'T4st!ng' is 7
2018-12-15 23:34:08,228:INFO:As a list it looks like this ['T', '4', 's', 't', '!', 'n', 'g']
2018-12-15 23:34:08,229:INFO:The letters in this password are: ['T', 's', 't', 'n', 'g']
2018-12-15 23:34:08,229:INFO:The 'T' was the 1st character
2018-12-15 23:34:08,229:INFO:The 's' was the 3rd character
2018-12-15 23:34:08,230:INFO:The 't' was the 4th character
2018-12-15 23:34:08,231:INFO:The 'n' was the 6th character
2018-12-15 23:34:08,231:INFO:The 'g' was the 7th character
2018-12-15 23:34:08,233:INFO:

2018-12-15 23:34:08,235:INFO:The numbers in this password are: ['4']
2018-12-15 23:34:08,235:INFO:The '4' was the 2nd character
2018-12-15 23:34:08,236:INFO:

2018-12-15 23:34:08,237:INFO:The symbols in this password are: ['!']
2018-12-15 23:34:08,240:INFO:The '!' was the 5th character
2018-12-15 23:34:08,241:INFO:

2018-12-15 23:34:08,307:INFO:The length of 'T4st!ng' is 7
2018-12-15 23:34:08,308:INFO:As a list it looks like this ['T', '4', 's', 't', '!', 'n', 'g']
2018-12-15 23:34:08,308:INFO:The letters in this password are: ['T', 's', 't', 'n', 'g']
2018-12-15 23:34:08,309:INFO:The 'T' was the 1st character
2018-12-15 23:34:08,309:INFO:The 's' was the 3rd character
2018-12-15 23:34:08,309:INFO:The 't' was the 4th character
2018-12-15 23:34:08,310:INFO:The 'n' was the 6th character
2018-12-15 23:34:08,310:INFO:The 'g' was the 7th character
2018-12-15 23:34:08,310:INFO:

2018-12-15 23:34:08,311:INFO:The numbers in this password are: ['4']
2018-12-15 23:34:08,312:INFO:The '4' was the 2nd character
2018-12-15 23:34:08,312:INFO:

2018-12-15 23:34:08,313:INFO:The symbols in this password are: ['!']
2018-12-15 23:34:08,313:INFO:The '!' was the 5th character
2018-12-15 23:34:08,313:INFO:

2018-12-15 23:34:08,380:INFO:The length of 'T4st!ng' is 7
2018-12-15 23:34:08,381:INFO:As a list it looks like this ['T', '4', 's', 't', '!', 'n', 'g']
2018-12-15 23:34:08,381:INFO:The letters in this password are: ['T', 's', 't', 'n', 'g']
2018-12-15 23:34:08,382:INFO:The 'T' was the 1st character
2018-12-15 23:34:08,382:INFO:The 's' was the 3rd character
2018-12-15 23:34:08,382:INFO:The 't' was the 4th character
2018-12-15 23:34:08,383:INFO:The 'n' was the 6th character
2018-12-15 23:34:08,383:INFO:The 'g' was the 7th character
2018-12-15 23:34:08,383:INFO:

2018-12-15 23:34:08,384:INFO:The numbers in this password are: ['4']
2018-12-15 23:34:08,384:INFO:The '4' was the 2nd character
2018-12-15 23:34:08,384:INFO:

2018-12-15 23:34:08,385:INFO:The symbols in this password are: ['!']
2018-12-15 23:34:08,385:INFO:The '!' was the 5th character
2018-12-15 23:34:08,385:INFO:

2018-12-15 23:34:08,452:INFO:The length of 'T4st!ng' is 7
2018-12-15 23:34:08,452:INFO:As a list it looks like this ['T', '4', 's', 't', '!', 'n', 'g']
2018-12-15 23:34:08,453:INFO:The letters in this password are: ['T', 's', 't', 'n', 'g']
2018-12-15 23:34:08,453:INFO:The 'T' was the 1st character
2018-12-15 23:34:08,453:INFO:The 's' was the 3rd character
2018-12-15 23:34:08,454:INFO:The 't' was the 4th character
2018-12-15 23:34:08,454:INFO:The 'n' was the 6th character
2018-12-15 23:34:08,454:INFO:The 'g' was the 7th character
2018-12-15 23:34:08,455:INFO:

2018-12-15 23:34:08,455:INFO:The numbers in this password are: ['4']
2018-12-15 23:34:08,455:INFO:The '4' was the 2nd character
2018-12-15 23:34:08,456:INFO:

2018-12-15 23:34:08,456:INFO:The symbols in this password are: ['!']
2018-12-15 23:34:08,457:INFO:The '!' was the 5th character
2018-12-15 23:34:08,457:INFO:

2018-12-15 23:34:08,523:INFO:The length of 'T4st!ng' is 7
2018-12-15 23:34:08,524:INFO:As a list it looks like this ['T', '4', 's', 't', '!', 'n', 'g']
2018-12-15 23:34:08,525:INFO:The letters in this password are: ['T', 's', 't', 'n', 'g']
2018-12-15 23:34:08,526:INFO:The 'T' was the 1st character
2018-12-15 23:34:08,526:INFO:The 's' was the 3rd character
2018-12-15 23:34:08,527:INFO:The 't' was the 4th character
2018-12-15 23:34:08,527:INFO:The 'n' was the 6th character
2018-12-15 23:34:08,528:INFO:The 'g' was the 7th character
2018-12-15 23:34:08,528:INFO:

2018-12-15 23:34:08,529:INFO:The numbers in this password are: ['4']
2018-12-15 23:34:08,529:INFO:The '4' was the 2nd character
2018-12-15 23:34:08,529:INFO:

2018-12-15 23:34:08,530:INFO:The symbols in this password are: ['!']
2018-12-15 23:34:08,531:INFO:The '!' was the 5th character
2018-12-15 23:34:08,531:INFO:

2018-12-15 23:34:08,607:INFO:The length of 'T4st!ng' is 7
2018-12-15 23:34:08,608:INFO:As a list it looks like this ['T', '4', 's', 't', '!', 'n', 'g']
2018-12-15 23:34:08,608:INFO:The letters in this password are: ['T', 's', 't', 'n', 'g']
2018-12-15 23:34:08,609:INFO:The 'T' was the 1st character
2018-12-15 23:34:08,609:INFO:The 's' was the 3rd character
2018-12-15 23:34:08,609:INFO:The 't' was the 4th character
2018-12-15 23:34:08,610:INFO:The 'n' was the 6th character
2018-12-15 23:34:08,610:INFO:The 'g' was the 7th character
2018-12-15 23:34:08,611:INFO:

2018-12-15 23:34:08,611:INFO:The numbers in this password are: ['4']
2018-12-15 23:34:08,611:INFO:The '4' was the 2nd character
2018-12-15 23:34:08,612:INFO:

2018-12-15 23:34:08,612:INFO:The symbols in this password are: ['!']
2018-12-15 23:34:08,613:INFO:The '!' was the 5th character
2018-12-15 23:34:08,613:INFO:

2018-12-15 23:34:08,677:INFO:The length of 'T4st!ng' is 7
2018-12-15 23:34:08,677:INFO:As a list it looks like this ['T', '4', 's', 't', '!', 'n', 'g']
2018-12-15 23:34:08,678:INFO:The letters in this password are: ['T', 's', 't', 'n', 'g']
2018-12-15 23:34:08,678:INFO:The 'T' was the 1st character
2018-12-15 23:34:08,678:INFO:The 's' was the 3rd character
2018-12-15 23:34:08,679:INFO:The 't' was the 4th character
2018-12-15 23:34:08,679:INFO:The 'n' was the 6th character
2018-12-15 23:34:08,679:INFO:The 'g' was the 7th character
2018-12-15 23:34:08,680:INFO:

2018-12-15 23:34:08,680:INFO:The numbers in this password are: ['4']
2018-12-15 23:34:08,681:INFO:The '4' was the 2nd character
2018-12-15 23:34:08,681:INFO:

2018-12-15 23:34:08,681:INFO:The symbols in this password are: ['!']
2018-12-15 23:34:08,682:INFO:The '!' was the 5th character
2018-12-15 23:34:08,682:INFO:

2018-12-15 23:34:08,740:INFO:The length of 'T4st!ng' is 7
2018-12-15 23:34:08,741:INFO:As a list it looks like this ['T', '4', 's', 't', '!', 'n', 'g']
2018-12-15 23:34:08,741:INFO:The letters in this password are: ['T', 's', 't', 'n', 'g']
2018-12-15 23:34:08,741:INFO:The 'T' was the 1st character
2018-12-15 23:34:08,742:INFO:The 's' was the 3rd character
2018-12-15 23:34:08,742:INFO:The 't' was the 4th character
2018-12-15 23:34:08,742:INFO:The 'n' was the 6th character
2018-12-15 23:34:08,743:INFO:The 'g' was the 7th character
2018-12-15 23:34:08,743:INFO:

2018-12-15 23:34:08,743:INFO:The numbers in this password are: ['4']
2018-12-15 23:34:08,744:INFO:The '4' was the 2nd character
2018-12-15 23:34:08,744:INFO:

2018-12-15 23:34:08,744:INFO:The symbols in this password are: ['!']
2018-12-15 23:34:08,745:INFO:The '!' was the 5th character
2018-12-15 23:34:08,745:INFO:

2018-12-15 23:34:08,803:INFO:The length of 'T4st!ng' is 7
2018-12-15 23:34:08,804:INFO:As a list it looks like this ['T', '4', 's', 't', '!', 'n', 'g']
2018-12-15 23:34:08,804:INFO:The letters in this password are: ['T', 's', 't', 'n', 'g']
2018-12-15 23:34:08,805:INFO:The 'T' was the 1st character
2018-12-15 23:34:08,805:INFO:The 's' was the 3rd character
2018-12-15 23:34:08,806:INFO:The 't' was the 4th character
2018-12-15 23:34:08,806:INFO:The 'n' was the 6th character
2018-12-15 23:34:08,807:INFO:The 'g' was the 7th character
2018-12-15 23:34:08,808:INFO:

2018-12-15 23:34:08,808:INFO:The numbers in this password are: ['4']
2018-12-15 23:34:08,808:INFO:The '4' was the 2nd character
2018-12-15 23:34:08,809:INFO:

2018-12-15 23:34:08,809:INFO:The symbols in this password are: ['!']
2018-12-15 23:34:08,810:INFO:The '!' was the 5th character
2018-12-15 23:34:08,810:INFO:

2018-12-15 23:34:08,867:INFO:The length of 'T4st!ng' is 7
2018-12-15 23:34:08,867:INFO:As a list it looks like this ['T', '4', 's', 't', '!', 'n', 'g']
2018-12-15 23:34:08,868:INFO:The letters in this password are: ['T', 's', 't', 'n', 'g']
2018-12-15 23:34:08,868:INFO:The 'T' was the 1st character
2018-12-15 23:34:08,869:INFO:The 's' was the 3rd character
2018-12-15 23:34:08,869:INFO:The 't' was the 4th character
2018-12-15 23:34:08,870:INFO:The 'n' was the 6th character
2018-12-15 23:34:08,870:INFO:The 'g' was the 7th character
2018-12-15 23:34:08,871:INFO:

2018-12-15 23:34:08,871:INFO:The numbers in this password are: ['4']
2018-12-15 23:34:08,872:INFO:The '4' was the 2nd character
2018-12-15 23:34:08,872:INFO:

2018-12-15 23:34:08,872:INFO:The symbols in this password are: ['!']
2018-12-15 23:34:08,873:INFO:The '!' was the 5th character
2018-12-15 23:34:08,873:INFO:

2018-12-15 23:34:08,932:INFO:The length of 'T4st!ng' is 7
2018-12-15 23:34:08,932:INFO:As a list it looks like this ['T', '4', 's', 't', '!', 'n', 'g']
2018-12-15 23:34:08,933:INFO:The letters in this password are: ['T', 's', 't', 'n', 'g']
2018-12-15 23:34:08,933:INFO:The 'T' was the 1st character
2018-12-15 23:34:08,933:INFO:The 's' was the 3rd character
2018-12-15 23:34:08,934:INFO:The 't' was the 4th character
2018-12-15 23:34:08,934:INFO:The 'n' was the 6th character
2018-12-15 23:34:08,934:INFO:The 'g' was the 7th character
2018-12-15 23:34:08,935:INFO:

2018-12-15 23:34:08,935:INFO:The numbers in this password are: ['4']
2018-12-15 23:34:08,936:INFO:The '4' was the 2nd character
2018-12-15 23:34:08,936:INFO:

2018-12-15 23:34:08,937:INFO:The symbols in this password are: ['!']
2018-12-15 23:34:08,937:INFO:The '!' was the 5th character
2018-12-15 23:34:08,937:INFO:

2018-12-15 23:34:09,007:INFO:The length of 'T4st!ng' is 7
2018-12-15 23:34:09,007:INFO:As a list it looks like this ['T', '4', 's', 't', '!', 'n', 'g']
2018-12-15 23:34:09,008:INFO:The letters in this password are: ['T', 's', 't', 'n', 'g']
2018-12-15 23:34:09,008:INFO:The 'T' was the 1st character
2018-12-15 23:34:09,009:INFO:The 's' was the 3rd character
2018-12-15 23:34:09,009:INFO:The 't' was the 4th character
2018-12-15 23:34:09,009:INFO:The 'n' was the 6th character
2018-12-15 23:34:09,009:INFO:The 'g' was the 7th character
2018-12-15 23:34:09,010:INFO:

2018-12-15 23:34:09,010:INFO:The numbers in this password are: ['4']
2018-12-15 23:34:09,010:INFO:The '4' was the 2nd character
2018-12-15 23:34:09,011:INFO:

2018-12-15 23:34:09,011:INFO:The symbols in this password are: ['!']
2018-12-15 23:34:09,012:INFO:The '!' was the 5th character
2018-12-15 23:34:09,012:INFO:

2018-12-15 23:34:09,068:INFO:The length of 'T4st!ng' is 7
2018-12-15 23:34:09,069:INFO:As a list it looks like this ['T', '4', 's', 't', '!', 'n', 'g']
2018-12-15 23:34:09,069:INFO:The letters in this password are: ['T', 's', 't', 'n', 'g']
2018-12-15 23:34:09,070:INFO:The 'T' was the 1st character
2018-12-15 23:34:09,070:INFO:The 's' was the 3rd character
2018-12-15 23:34:09,070:INFO:The 't' was the 4th character
2018-12-15 23:34:09,071:INFO:The 'n' was the 6th character
2018-12-15 23:34:09,071:INFO:The 'g' was the 7th character
2018-12-15 23:34:09,072:INFO:

2018-12-15 23:34:09,072:INFO:The numbers in this password are: ['4']
2018-12-15 23:34:09,073:INFO:The '4' was the 2nd character
2018-12-15 23:34:09,073:INFO:

2018-12-15 23:34:09,074:INFO:The symbols in this password are: ['!']
2018-12-15 23:34:09,074:INFO:The '!' was the 5th character
2018-12-15 23:34:09,075:INFO:

2018-12-15 23:34:09,136:INFO:The length of 'T4st!ng' is 7
2018-12-15 23:34:09,136:INFO:As a list it looks like this ['T', '4', 's', 't', '!', 'n', 'g']
2018-12-15 23:34:09,137:INFO:The letters in this password are: ['T', 's', 't', 'n', 'g']
2018-12-15 23:34:09,137:INFO:The 'T' was the 1st character
2018-12-15 23:34:09,138:INFO:The 's' was the 3rd character
2018-12-15 23:34:09,138:INFO:The 't' was the 4th character
2018-12-15 23:34:09,138:INFO:The 'n' was the 6th character
2018-12-15 23:34:09,138:INFO:The 'g' was the 7th character
2018-12-15 23:34:09,139:INFO:

2018-12-15 23:34:09,139:INFO:The numbers in this password are: ['4']
2018-12-15 23:34:09,139:INFO:The '4' was the 2nd character
2018-12-15 23:34:09,140:INFO:

2018-12-15 23:34:09,140:INFO:The symbols in this password are: ['!']
2018-12-15 23:34:09,141:INFO:The '!' was the 5th character
2018-12-15 23:34:09,141:INFO:

2018-12-15 23:34:09,198:INFO:The length of 'T4st!ng' is 7
2018-12-15 23:34:09,199:INFO:As a list it looks like this ['T', '4', 's', 't', '!', 'n', 'g']
2018-12-15 23:34:09,200:INFO:The letters in this password are: ['T', 's', 't', 'n', 'g']
2018-12-15 23:34:09,200:INFO:The 'T' was the 1st character
2018-12-15 23:34:09,201:INFO:The 's' was the 3rd character
2018-12-15 23:34:09,201:INFO:The 't' was the 4th character
2018-12-15 23:34:09,201:INFO:The 'n' was the 6th character
2018-12-15 23:34:09,202:INFO:The 'g' was the 7th character
2018-12-15 23:34:09,202:INFO:

2018-12-15 23:34:09,202:INFO:The numbers in this password are: ['4']
2018-12-15 23:34:09,203:INFO:The '4' was the 2nd character
2018-12-15 23:34:09,203:INFO:

2018-12-15 23:34:09,204:INFO:The symbols in this password are: ['!']
2018-12-15 23:34:09,204:INFO:The '!' was the 5th character
2018-12-15 23:34:09,204:INFO:

2018-12-15 23:34:09,260:INFO:The length of 'T4st!ng' is 7
2018-12-15 23:34:09,261:INFO:As a list it looks like this ['T', '4', 's', 't', '!', 'n', 'g']
2018-12-15 23:34:09,261:INFO:The letters in this password are: ['T', 's', 't', 'n', 'g']
2018-12-15 23:34:09,262:INFO:The 'T' was the 1st character
2018-12-15 23:34:09,262:INFO:The 's' was the 3rd character
2018-12-15 23:34:09,262:INFO:The 't' was the 4th character
2018-12-15 23:34:09,263:INFO:The 'n' was the 6th character
2018-12-15 23:34:09,263:INFO:The 'g' was the 7th character
2018-12-15 23:34:09,263:INFO:

2018-12-15 23:34:09,264:INFO:The numbers in this password are: ['4']
2018-12-15 23:34:09,264:INFO:The '4' was the 2nd character
2018-12-15 23:34:09,264:INFO:

2018-12-15 23:34:09,265:INFO:The symbols in this password are: ['!']
2018-12-15 23:34:09,265:INFO:The '!' was the 5th character
2018-12-15 23:34:09,266:INFO:

2018-12-15 23:34:09,327:INFO:The length of 'T4st!ng' is 7
2018-12-15 23:34:09,328:INFO:As a list it looks like this ['T', '4', 's', 't', '!', 'n', 'g']
2018-12-15 23:34:09,328:INFO:The letters in this password are: ['T', 's', 't', 'n', 'g']
2018-12-15 23:34:09,328:INFO:The 'T' was the 1st character
2018-12-15 23:34:09,329:INFO:The 's' was the 3rd character
2018-12-15 23:34:09,329:INFO:The 't' was the 4th character
2018-12-15 23:34:09,329:INFO:The 'n' was the 6th character
2018-12-15 23:34:09,330:INFO:The 'g' was the 7th character
2018-12-15 23:34:09,330:INFO:

2018-12-15 23:34:09,331:INFO:The numbers in this password are: ['4']
2018-12-15 23:34:09,331:INFO:The '4' was the 2nd character
2018-12-15 23:34:09,332:INFO:

2018-12-15 23:34:09,333:INFO:The symbols in this password are: ['!']
2018-12-15 23:34:09,333:INFO:The '!' was the 5th character
2018-12-15 23:34:09,333:INFO:

2018-12-15 23:34:09,394:INFO:The length of 'T4st!ng' is 7
2018-12-15 23:34:09,395:INFO:As a list it looks like this ['T', '4', 's', 't', '!', 'n', 'g']
2018-12-15 23:34:09,395:INFO:The letters in this password are: ['T', 's', 't', 'n', 'g']
2018-12-15 23:34:09,395:INFO:The 'T' was the 1st character
2018-12-15 23:34:09,396:INFO:The 's' was the 3rd character
2018-12-15 23:34:09,396:INFO:The 't' was the 4th character
2018-12-15 23:34:09,396:INFO:The 'n' was the 6th character
2018-12-15 23:34:09,396:INFO:The 'g' was the 7th character
2018-12-15 23:34:09,397:INFO:

2018-12-15 23:34:09,397:INFO:The numbers in this password are: ['4']
2018-12-15 23:34:09,398:INFO:The '4' was the 2nd character
2018-12-15 23:34:09,398:INFO:

2018-12-15 23:34:09,399:INFO:The symbols in this password are: ['!']
2018-12-15 23:34:09,399:INFO:The '!' was the 5th character
2018-12-15 23:34:09,400:INFO:

2018-12-15 23:34:09,464:INFO:The length of 'T4st!ng' is 7
2018-12-15 23:34:09,465:INFO:As a list it looks like this ['T', '4', 's', 't', '!', 'n', 'g']
2018-12-15 23:34:09,465:INFO:The letters in this password are: ['T', 's', 't', 'n', 'g']
2018-12-15 23:34:09,466:INFO:The 'T' was the 1st character
2018-12-15 23:34:09,466:INFO:The 's' was the 3rd character
2018-12-15 23:34:09,466:INFO:The 't' was the 4th character
2018-12-15 23:34:09,467:INFO:The 'n' was the 6th character
2018-12-15 23:34:09,467:INFO:The 'g' was the 7th character
2018-12-15 23:34:09,467:INFO:

2018-12-15 23:34:09,468:INFO:The numbers in this password are: ['4']
2018-12-15 23:34:09,468:INFO:The '4' was the 2nd character
2018-12-15 23:34:09,469:INFO:

2018-12-15 23:34:09,470:INFO:The symbols in this password are: ['!']
2018-12-15 23:34:09,470:INFO:The '!' was the 5th character
2018-12-15 23:34:09,471:INFO:

2018-12-15 23:34:09,539:INFO:The length of 'T4st!ng' is 7
2018-12-15 23:34:09,539:INFO:As a list it looks like this ['T', '4', 's', 't', '!', 'n', 'g']
2018-12-15 23:34:09,539:INFO:The letters in this password are: ['T', 's', 't', 'n', 'g']
2018-12-15 23:34:09,540:INFO:The 'T' was the 1st character
2018-12-15 23:34:09,540:INFO:The 's' was the 3rd character
2018-12-15 23:34:09,540:INFO:The 't' was the 4th character
2018-12-15 23:34:09,541:INFO:The 'n' was the 6th character
2018-12-15 23:34:09,541:INFO:The 'g' was the 7th character
2018-12-15 23:34:09,541:INFO:

2018-12-15 23:34:09,542:INFO:The numbers in this password are: ['4']
2018-12-15 23:34:09,542:INFO:The '4' was the 2nd character
2018-12-15 23:34:09,542:INFO:

2018-12-15 23:34:09,543:INFO:The symbols in this password are: ['!']
2018-12-15 23:34:09,543:INFO:The '!' was the 5th character
2018-12-15 23:34:09,543:INFO:

2018-12-15 23:34:09,600:INFO:The length of 'T4st!ng' is 7
2018-12-15 23:34:09,601:INFO:As a list it looks like this ['T', '4', 's', 't', '!', 'n', 'g']
2018-12-15 23:34:09,601:INFO:The letters in this password are: ['T', 's', 't', 'n', 'g']
2018-12-15 23:34:09,601:INFO:The 'T' was the 1st character
2018-12-15 23:34:09,602:INFO:The 's' was the 3rd character
2018-12-15 23:34:09,603:INFO:The 't' was the 4th character
2018-12-15 23:34:09,603:INFO:The 'n' was the 6th character
2018-12-15 23:34:09,603:INFO:The 'g' was the 7th character
2018-12-15 23:34:09,603:INFO:

2018-12-15 23:34:09,604:INFO:The numbers in this password are: ['4']
2018-12-15 23:34:09,604:INFO:The '4' was the 2nd character
2018-12-15 23:34:09,605:INFO:

2018-12-15 23:34:09,606:INFO:The symbols in this password are: ['!']
2018-12-15 23:34:09,606:INFO:The '!' was the 5th character
2018-12-15 23:34:09,606:INFO:

2018-12-15 23:34:09,665:INFO:The length of 'T4st!ng' is 7
2018-12-15 23:34:09,666:INFO:As a list it looks like this ['T', '4', 's', 't', '!', 'n', 'g']
2018-12-15 23:34:09,666:INFO:The letters in this password are: ['T', 's', 't', 'n', 'g']
2018-12-15 23:34:09,667:INFO:The 'T' was the 1st character
2018-12-15 23:34:09,667:INFO:The 's' was the 3rd character
2018-12-15 23:34:09,667:INFO:The 't' was the 4th character
2018-12-15 23:34:09,668:INFO:The 'n' was the 6th character
2018-12-15 23:34:09,668:INFO:The 'g' was the 7th character
2018-12-15 23:34:09,668:INFO:

2018-12-15 23:34:09,669:INFO:The numbers in this password are: ['4']
2018-12-15 23:34:09,669:INFO:The '4' was the 2nd character
2018-12-15 23:34:09,669:INFO:

2018-12-15 23:34:09,670:INFO:The symbols in this password are: ['!']
2018-12-15 23:34:09,670:INFO:The '!' was the 5th character
2018-12-15 23:34:09,670:INFO:

2018-12-15 23:34:09,732:INFO:The length of 'T4st!ng' is 7
2018-12-15 23:34:09,733:INFO:As a list it looks like this ['T', '4', 's', 't', '!', 'n', 'g']
2018-12-15 23:34:09,733:INFO:The letters in this password are: ['T', 's', 't', 'n', 'g']
2018-12-15 23:34:09,734:INFO:The 'T' was the 1st character
2018-12-15 23:34:09,734:INFO:The 's' was the 3rd character
2018-12-15 23:34:09,734:INFO:The 't' was the 4th character
2018-12-15 23:34:09,735:INFO:The 'n' was the 6th character
2018-12-15 23:34:09,735:INFO:The 'g' was the 7th character
2018-12-15 23:34:09,736:INFO:

2018-12-15 23:34:09,737:INFO:The numbers in this password are: ['4']
2018-12-15 23:34:09,737:INFO:The '4' was the 2nd character
2018-12-15 23:34:09,737:INFO:

2018-12-15 23:34:09,737:INFO:The symbols in this password are: ['!']
2018-12-15 23:34:09,738:INFO:The '!' was the 5th character
2018-12-15 23:34:09,738:INFO:

2018-12-15 23:34:09,799:INFO:The length of 'T4st!ng' is 7
2018-12-15 23:34:09,799:INFO:As a list it looks like this ['T', '4', 's', 't', '!', 'n', 'g']
2018-12-15 23:34:09,800:INFO:The letters in this password are: ['T', 's', 't', 'n', 'g']
2018-12-15 23:34:09,800:INFO:The 'T' was the 1st character
2018-12-15 23:34:09,800:INFO:The 's' was the 3rd character
2018-12-15 23:34:09,801:INFO:The 't' was the 4th character
2018-12-15 23:34:09,801:INFO:The 'n' was the 6th character
2018-12-15 23:34:09,801:INFO:The 'g' was the 7th character
2018-12-15 23:34:09,802:INFO:

2018-12-15 23:34:09,802:INFO:The numbers in this password are: ['4']
2018-12-15 23:34:09,803:INFO:The '4' was the 2nd character
2018-12-15 23:34:09,803:INFO:

2018-12-15 23:34:09,804:INFO:The symbols in this password are: ['!']
2018-12-15 23:34:09,804:INFO:The '!' was the 5th character
2018-12-15 23:34:09,805:INFO:

2018-12-15 23:34:09,862:INFO:The length of 'T4st!ng' is 7
2018-12-15 23:34:09,862:INFO:As a list it looks like this ['T', '4', 's', 't', '!', 'n', 'g']
2018-12-15 23:34:09,863:INFO:The letters in this password are: ['T', 's', 't', 'n', 'g']
2018-12-15 23:34:09,863:INFO:The 'T' was the 1st character
2018-12-15 23:34:09,863:INFO:The 's' was the 3rd character
2018-12-15 23:34:09,864:INFO:The 't' was the 4th character
2018-12-15 23:34:09,864:INFO:The 'n' was the 6th character
2018-12-15 23:34:09,864:INFO:The 'g' was the 7th character
2018-12-15 23:34:09,864:INFO:

2018-12-15 23:34:09,865:INFO:The numbers in this password are: ['4']
2018-12-15 23:34:09,865:INFO:The '4' was the 2nd character
2018-12-15 23:34:09,865:INFO:

2018-12-15 23:34:09,866:INFO:The symbols in this password are: ['!']
2018-12-15 23:34:09,866:INFO:The '!' was the 5th character
2018-12-15 23:34:09,866:INFO:

2018-12-15 23:34:09,931:INFO:The length of 'T4st!ng' is 7
2018-12-15 23:34:09,931:INFO:As a list it looks like this ['T', '4', 's', 't', '!', 'n', 'g']
2018-12-15 23:34:09,932:INFO:The letters in this password are: ['T', 's', 't', 'n', 'g']
2018-12-15 23:34:09,932:INFO:The 'T' was the 1st character
2018-12-15 23:34:09,932:INFO:The 's' was the 3rd character
2018-12-15 23:34:09,933:INFO:The 't' was the 4th character
2018-12-15 23:34:09,933:INFO:The 'n' was the 6th character
2018-12-15 23:34:09,933:INFO:The 'g' was the 7th character
2018-12-15 23:34:09,933:INFO:

2018-12-15 23:34:09,934:INFO:The numbers in this password are: ['4']
2018-12-15 23:34:09,935:INFO:The '4' was the 2nd character
2018-12-15 23:34:09,935:INFO:

2018-12-15 23:34:09,936:INFO:The symbols in this password are: ['!']
2018-12-15 23:34:09,936:INFO:The '!' was the 5th character
2018-12-15 23:34:09,937:INFO:

2018-12-15 23:34:09,997:INFO:The length of 'T4st!ng' is 7
2018-12-15 23:34:09,997:INFO:As a list it looks like this ['T', '4', 's', 't', '!', 'n', 'g']
2018-12-15 23:34:09,998:INFO:The letters in this password are: ['T', 's', 't', 'n', 'g']
2018-12-15 23:34:09,998:INFO:The 'T' was the 1st character
2018-12-15 23:34:09,998:INFO:The 's' was the 3rd character
2018-12-15 23:34:09,999:INFO:The 't' was the 4th character
2018-12-15 23:34:09,999:INFO:The 'n' was the 6th character
2018-12-15 23:34:10,000:INFO:The 'g' was the 7th character
2018-12-15 23:34:10,000:INFO:

2018-12-15 23:34:10,000:INFO:The numbers in this password are: ['4']
2018-12-15 23:34:10,001:INFO:The '4' was the 2nd character
2018-12-15 23:34:10,001:INFO:

2018-12-15 23:34:10,002:INFO:The symbols in this password are: ['!']
2018-12-15 23:34:10,003:INFO:The '!' was the 5th character
2018-12-15 23:34:10,003:INFO:

2018-12-15 23:34:10,063:INFO:The length of 'T4st!ng' is 7
2018-12-15 23:34:10,063:INFO:As a list it looks like this ['T', '4', 's', 't', '!', 'n', 'g']
2018-12-15 23:34:10,064:INFO:The letters in this password are: ['T', 's', 't', 'n', 'g']
2018-12-15 23:34:10,064:INFO:The 'T' was the 1st character
2018-12-15 23:34:10,065:INFO:The 's' was the 3rd character
2018-12-15 23:34:10,065:INFO:The 't' was the 4th character
2018-12-15 23:34:10,065:INFO:The 'n' was the 6th character
2018-12-15 23:34:10,066:INFO:The 'g' was the 7th character
2018-12-15 23:34:10,066:INFO:

2018-12-15 23:34:10,066:INFO:The numbers in this password are: ['4']
2018-12-15 23:34:10,067:INFO:The '4' was the 2nd character
2018-12-15 23:34:10,067:INFO:

2018-12-15 23:34:10,067:INFO:The symbols in this password are: ['!']
2018-12-15 23:34:10,068:INFO:The '!' was the 5th character
2018-12-15 23:34:10,068:INFO:

2018-12-15 23:34:10,128:INFO:The length of 'T4st!ng' is 7
2018-12-15 23:34:10,129:INFO:As a list it looks like this ['T', '4', 's', 't', '!', 'n', 'g']
2018-12-15 23:34:10,129:INFO:The letters in this password are: ['T', 's', 't', 'n', 'g']
2018-12-15 23:34:10,130:INFO:The 'T' was the 1st character
2018-12-15 23:34:10,130:INFO:The 's' was the 3rd character
2018-12-15 23:34:10,130:INFO:The 't' was the 4th character
2018-12-15 23:34:10,131:INFO:The 'n' was the 6th character
2018-12-15 23:34:10,131:INFO:The 'g' was the 7th character
2018-12-15 23:34:10,131:INFO:

2018-12-15 23:34:10,132:INFO:The numbers in this password are: ['4']
2018-12-15 23:34:10,132:INFO:The '4' was the 2nd character
2018-12-15 23:34:10,132:INFO:

2018-12-15 23:34:10,133:INFO:The symbols in this password are: ['!']
2018-12-15 23:34:10,133:INFO:The '!' was the 5th character
2018-12-15 23:34:10,133:INFO:

2018-12-15 23:34:10,193:INFO:The length of 'T4st!ng' is 7
2018-12-15 23:34:10,194:INFO:As a list it looks like this ['T', '4', 's', 't', '!', 'n', 'g']
2018-12-15 23:34:10,194:INFO:The letters in this password are: ['T', 's', 't', 'n', 'g']
2018-12-15 23:34:10,195:INFO:The 'T' was the 1st character
2018-12-15 23:34:10,195:INFO:The 's' was the 3rd character
2018-12-15 23:34:10,195:INFO:The 't' was the 4th character
2018-12-15 23:34:10,196:INFO:The 'n' was the 6th character
2018-12-15 23:34:10,196:INFO:The 'g' was the 7th character
2018-12-15 23:34:10,196:INFO:

2018-12-15 23:34:10,197:INFO:The numbers in this password are: ['4']
2018-12-15 23:34:10,197:INFO:The '4' was the 2nd character
2018-12-15 23:34:10,197:INFO:

2018-12-15 23:34:10,198:INFO:The symbols in this password are: ['!']
2018-12-15 23:34:10,198:INFO:The '!' was the 5th character
2018-12-15 23:34:10,199:INFO:

2018-12-15 23:34:10,258:INFO:The length of 'T4st!ng' is 7
2018-12-15 23:34:10,259:INFO:As a list it looks like this ['T', '4', 's', 't', '!', 'n', 'g']
2018-12-15 23:34:10,259:INFO:The letters in this password are: ['T', 's', 't', 'n', 'g']
2018-12-15 23:34:10,259:INFO:The 'T' was the 1st character
2018-12-15 23:34:10,260:INFO:The 's' was the 3rd character
2018-12-15 23:34:10,260:INFO:The 't' was the 4th character
2018-12-15 23:34:10,260:INFO:The 'n' was the 6th character
2018-12-15 23:34:10,260:INFO:The 'g' was the 7th character
2018-12-15 23:34:10,261:INFO:

2018-12-15 23:34:10,262:INFO:The numbers in this password are: ['4']
2018-12-15 23:34:10,263:INFO:The '4' was the 2nd character
2018-12-15 23:34:10,263:INFO:

2018-12-15 23:34:10,263:INFO:The symbols in this password are: ['!']
2018-12-15 23:34:10,264:INFO:The '!' was the 5th character
2018-12-15 23:34:10,264:INFO:

2018-12-15 23:34:10,325:INFO:The length of 'T4st!ng' is 7
2018-12-15 23:34:10,325:INFO:As a list it looks like this ['T', '4', 's', 't', '!', 'n', 'g']
2018-12-15 23:34:10,325:INFO:The letters in this password are: ['T', 's', 't', 'n', 'g']
2018-12-15 23:34:10,326:INFO:The 'T' was the 1st character
2018-12-15 23:34:10,326:INFO:The 's' was the 3rd character
2018-12-15 23:34:10,326:INFO:The 't' was the 4th character
2018-12-15 23:34:10,326:INFO:The 'n' was the 6th character
2018-12-15 23:34:10,327:INFO:The 'g' was the 7th character
2018-12-15 23:34:10,327:INFO:

2018-12-15 23:34:10,327:INFO:The numbers in this password are: ['4']
2018-12-15 23:34:10,328:INFO:The '4' was the 2nd character
2018-12-15 23:34:10,328:INFO:

2018-12-15 23:34:10,328:INFO:The symbols in this password are: ['!']
2018-12-15 23:34:10,329:INFO:The '!' was the 5th character
2018-12-15 23:34:10,329:INFO:

2018-12-15 23:34:10,391:INFO:The length of 'T4st!ng' is 7
2018-12-15 23:34:10,392:INFO:As a list it looks like this ['T', '4', 's', 't', '!', 'n', 'g']
2018-12-15 23:34:10,392:INFO:The letters in this password are: ['T', 's', 't', 'n', 'g']
2018-12-15 23:34:10,392:INFO:The 'T' was the 1st character
2018-12-15 23:34:10,393:INFO:The 's' was the 3rd character
2018-12-15 23:34:10,393:INFO:The 't' was the 4th character
2018-12-15 23:34:10,393:INFO:The 'n' was the 6th character
2018-12-15 23:34:10,394:INFO:The 'g' was the 7th character
2018-12-15 23:34:10,394:INFO:

2018-12-15 23:34:10,395:INFO:The numbers in this password are: ['4']
2018-12-15 23:34:10,396:INFO:The '4' was the 2nd character
2018-12-15 23:34:10,396:INFO:

2018-12-15 23:34:10,396:INFO:The symbols in this password are: ['!']
2018-12-15 23:34:10,397:INFO:The '!' was the 5th character
2018-12-15 23:34:10,397:INFO:

2018-12-15 23:34:10,457:INFO:The length of 'T4st!ng' is 7
2018-12-15 23:34:10,458:INFO:As a list it looks like this ['T', '4', 's', 't', '!', 'n', 'g']
2018-12-15 23:34:10,458:INFO:The letters in this password are: ['T', 's', 't', 'n', 'g']
2018-12-15 23:34:10,458:INFO:The 'T' was the 1st character
2018-12-15 23:34:10,459:INFO:The 's' was the 3rd character
2018-12-15 23:34:10,459:INFO:The 't' was the 4th character
2018-12-15 23:34:10,459:INFO:The 'n' was the 6th character
2018-12-15 23:34:10,460:INFO:The 'g' was the 7th character
2018-12-15 23:34:10,460:INFO:

2018-12-15 23:34:10,460:INFO:The numbers in this password are: ['4']
2018-12-15 23:34:10,461:INFO:The '4' was the 2nd character
2018-12-15 23:34:10,461:INFO:

2018-12-15 23:34:10,461:INFO:The symbols in this password are: ['!']
2018-12-15 23:34:10,462:INFO:The '!' was the 5th character
2018-12-15 23:34:10,462:INFO:

2018-12-15 23:34:10,523:INFO:The length of 'T4st!ng' is 7
2018-12-15 23:34:10,524:INFO:As a list it looks like this ['T', '4', 's', 't', '!', 'n', 'g']
2018-12-15 23:34:10,525:INFO:The letters in this password are: ['T', 's', 't', 'n', 'g']
2018-12-15 23:34:10,525:INFO:The 'T' was the 1st character
2018-12-15 23:34:10,525:INFO:The 's' was the 3rd character
2018-12-15 23:34:10,525:INFO:The 't' was the 4th character
2018-12-15 23:34:10,526:INFO:The 'n' was the 6th character
2018-12-15 23:34:10,526:INFO:The 'g' was the 7th character
2018-12-15 23:34:10,527:INFO:

2018-12-15 23:34:10,528:INFO:The numbers in this password are: ['4']
2018-12-15 23:34:10,528:INFO:The '4' was the 2nd character
2018-12-15 23:34:10,528:INFO:

2018-12-15 23:34:10,529:INFO:The symbols in this password are: ['!']
2018-12-15 23:34:10,529:INFO:The '!' was the 5th character
2018-12-15 23:34:10,529:INFO:

2018-12-15 23:34:10,589:INFO:The length of 'T4st!ng' is 7
2018-12-15 23:34:10,590:INFO:As a list it looks like this ['T', '4', 's', 't', '!', 'n', 'g']
2018-12-15 23:34:10,590:INFO:The letters in this password are: ['T', 's', 't', 'n', 'g']
2018-12-15 23:34:10,591:INFO:The 'T' was the 1st character
2018-12-15 23:34:10,591:INFO:The 's' was the 3rd character
2018-12-15 23:34:10,591:INFO:The 't' was the 4th character
2018-12-15 23:34:10,591:INFO:The 'n' was the 6th character
2018-12-15 23:34:10,592:INFO:The 'g' was the 7th character
2018-12-15 23:34:10,592:INFO:

2018-12-15 23:34:10,593:INFO:The numbers in this password are: ['4']
2018-12-15 23:34:10,593:INFO:The '4' was the 2nd character
2018-12-15 23:34:10,593:INFO:

2018-12-15 23:34:10,594:INFO:The symbols in this password are: ['!']
2018-12-15 23:34:10,594:INFO:The '!' was the 5th character
2018-12-15 23:34:10,595:INFO:

2018-12-15 23:34:10,652:INFO:The length of 'T4st!ng' is 7
2018-12-15 23:34:10,653:INFO:As a list it looks like this ['T', '4', 's', 't', '!', 'n', 'g']
2018-12-15 23:34:10,653:INFO:The letters in this password are: ['T', 's', 't', 'n', 'g']
2018-12-15 23:34:10,654:INFO:The 'T' was the 1st character
2018-12-15 23:34:10,654:INFO:The 's' was the 3rd character
2018-12-15 23:34:10,654:INFO:The 't' was the 4th character
2018-12-15 23:34:10,654:INFO:The 'n' was the 6th character
2018-12-15 23:34:10,655:INFO:The 'g' was the 7th character
2018-12-15 23:34:10,655:INFO:

2018-12-15 23:34:10,655:INFO:The numbers in this password are: ['4']
2018-12-15 23:34:10,656:INFO:The '4' was the 2nd character
2018-12-15 23:34:10,656:INFO:

2018-12-15 23:34:10,656:INFO:The symbols in this password are: ['!']
2018-12-15 23:34:10,657:INFO:The '!' was the 5th character
2018-12-15 23:34:10,657:INFO:

2018-12-15 23:34:10,716:INFO:The length of 'T4st!ng' is 7
2018-12-15 23:34:10,717:INFO:As a list it looks like this ['T', '4', 's', 't', '!', 'n', 'g']
2018-12-15 23:34:10,718:INFO:The letters in this password are: ['T', 's', 't', 'n', 'g']
2018-12-15 23:34:10,718:INFO:The 'T' was the 1st character
2018-12-15 23:34:10,719:INFO:The 's' was the 3rd character
2018-12-15 23:34:10,719:INFO:The 't' was the 4th character
2018-12-15 23:34:10,719:INFO:The 'n' was the 6th character
2018-12-15 23:34:10,719:INFO:The 'g' was the 7th character
2018-12-15 23:34:10,720:INFO:

2018-12-15 23:34:10,722:INFO:The numbers in this password are: ['4']
2018-12-15 23:34:10,722:INFO:The '4' was the 2nd character
2018-12-15 23:34:10,723:INFO:

2018-12-15 23:34:10,723:INFO:The symbols in this password are: ['!']
2018-12-15 23:34:10,724:INFO:The '!' was the 5th character
2018-12-15 23:34:10,724:INFO:

2018-12-15 23:34:10,782:INFO:The length of 'T4st!ng' is 7
2018-12-15 23:34:10,782:INFO:As a list it looks like this ['T', '4', 's', 't', '!', 'n', 'g']
2018-12-15 23:34:10,783:INFO:The letters in this password are: ['T', 's', 't', 'n', 'g']
2018-12-15 23:34:10,783:INFO:The 'T' was the 1st character
2018-12-15 23:34:10,783:INFO:The 's' was the 3rd character
2018-12-15 23:34:10,783:INFO:The 't' was the 4th character
2018-12-15 23:34:10,784:INFO:The 'n' was the 6th character
2018-12-15 23:34:10,784:INFO:The 'g' was the 7th character
2018-12-15 23:34:10,784:INFO:

2018-12-15 23:34:10,785:INFO:The numbers in this password are: ['4']
2018-12-15 23:34:10,785:INFO:The '4' was the 2nd character
2018-12-15 23:34:10,785:INFO:

2018-12-15 23:34:10,786:INFO:The symbols in this password are: ['!']
2018-12-15 23:34:10,786:INFO:The '!' was the 5th character
2018-12-15 23:34:10,787:INFO:

2018-12-15 23:34:10,846:INFO:The length of 'T4st!ng' is 7
2018-12-15 23:34:10,847:INFO:As a list it looks like this ['T', '4', 's', 't', '!', 'n', 'g']
2018-12-15 23:34:10,847:INFO:The letters in this password are: ['T', 's', 't', 'n', 'g']
2018-12-15 23:34:10,848:INFO:The 'T' was the 1st character
2018-12-15 23:34:10,848:INFO:The 's' was the 3rd character
2018-12-15 23:34:10,848:INFO:The 't' was the 4th character
2018-12-15 23:34:10,849:INFO:The 'n' was the 6th character
2018-12-15 23:34:10,849:INFO:The 'g' was the 7th character
2018-12-15 23:34:10,849:INFO:

2018-12-15 23:34:10,850:INFO:The numbers in this password are: ['4']
2018-12-15 23:34:10,850:INFO:The '4' was the 2nd character
2018-12-15 23:34:10,850:INFO:

2018-12-15 23:34:10,851:INFO:The symbols in this password are: ['!']
2018-12-15 23:34:10,851:INFO:The '!' was the 5th character
2018-12-15 23:34:10,851:INFO:

2018-12-15 23:34:10,911:INFO:The length of 'T4st!ng' is 7
2018-12-15 23:34:10,911:INFO:As a list it looks like this ['T', '4', 's', 't', '!', 'n', 'g']
2018-12-15 23:34:10,912:INFO:The letters in this password are: ['T', 's', 't', 'n', 'g']
2018-12-15 23:34:10,912:INFO:The 'T' was the 1st character
2018-12-15 23:34:10,912:INFO:The 's' was the 3rd character
2018-12-15 23:34:10,913:INFO:The 't' was the 4th character
2018-12-15 23:34:10,913:INFO:The 'n' was the 6th character
2018-12-15 23:34:10,913:INFO:The 'g' was the 7th character
2018-12-15 23:34:10,914:INFO:

2018-12-15 23:34:10,915:INFO:The numbers in this password are: ['4']
2018-12-15 23:34:10,915:INFO:The '4' was the 2nd character
2018-12-15 23:34:10,915:INFO:

2018-12-15 23:34:10,917:INFO:The symbols in this password are: ['!']
2018-12-15 23:34:10,919:INFO:The '!' was the 5th character
2018-12-15 23:34:10,919:INFO:

2018-12-15 23:34:10,982:INFO:The length of 'T4st!ng' is 7
2018-12-15 23:34:10,983:INFO:As a list it looks like this ['T', '4', 's', 't', '!', 'n', 'g']
2018-12-15 23:34:10,983:INFO:The letters in this password are: ['T', 's', 't', 'n', 'g']
2018-12-15 23:34:10,983:INFO:The 'T' was the 1st character
2018-12-15 23:34:10,984:INFO:The 's' was the 3rd character
2018-12-15 23:34:10,984:INFO:The 't' was the 4th character
2018-12-15 23:34:10,984:INFO:The 'n' was the 6th character
2018-12-15 23:34:10,985:INFO:The 'g' was the 7th character
2018-12-15 23:34:10,985:INFO:

2018-12-15 23:34:10,985:INFO:The numbers in this password are: ['4']
2018-12-15 23:34:10,986:INFO:The '4' was the 2nd character
2018-12-15 23:34:10,986:INFO:

2018-12-15 23:34:10,986:INFO:The symbols in this password are: ['!']
2018-12-15 23:34:10,987:INFO:The '!' was the 5th character
2018-12-15 23:34:10,987:INFO:

2018-12-15 23:34:11,046:INFO:The length of 'T4st!ng' is 7
2018-12-15 23:34:11,047:INFO:As a list it looks like this ['T', '4', 's', 't', '!', 'n', 'g']
2018-12-15 23:34:11,047:INFO:The letters in this password are: ['T', 's', 't', 'n', 'g']
2018-12-15 23:34:11,047:INFO:The 'T' was the 1st character
2018-12-15 23:34:11,048:INFO:The 's' was the 3rd character
2018-12-15 23:34:11,048:INFO:The 't' was the 4th character
2018-12-15 23:34:11,048:INFO:The 'n' was the 6th character
2018-12-15 23:34:11,048:INFO:The 'g' was the 7th character
2018-12-15 23:34:11,049:INFO:

2018-12-15 23:34:11,049:INFO:The numbers in this password are: ['4']
2018-12-15 23:34:11,049:INFO:The '4' was the 2nd character
2018-12-15 23:34:11,050:INFO:

2018-12-15 23:34:11,050:INFO:The symbols in this password are: ['!']
2018-12-15 23:34:11,050:INFO:The '!' was the 5th character
2018-12-15 23:34:11,051:INFO:

2018-12-15 23:34:11,111:INFO:The length of 'T4st!ng' is 7
2018-12-15 23:34:11,112:INFO:As a list it looks like this ['T', '4', 's', 't', '!', 'n', 'g']
2018-12-15 23:34:11,112:INFO:The letters in this password are: ['T', 's', 't', 'n', 'g']
2018-12-15 23:34:11,112:INFO:The 'T' was the 1st character
2018-12-15 23:34:11,113:INFO:The 's' was the 3rd character
2018-12-15 23:34:11,113:INFO:The 't' was the 4th character
2018-12-15 23:34:11,113:INFO:The 'n' was the 6th character
2018-12-15 23:34:11,113:INFO:The 'g' was the 7th character
2018-12-15 23:34:11,114:INFO:

2018-12-15 23:34:11,114:INFO:The numbers in this password are: ['4']
2018-12-15 23:34:11,115:INFO:The '4' was the 2nd character
2018-12-15 23:34:11,115:INFO:

2018-12-15 23:34:11,115:INFO:The symbols in this password are: ['!']
2018-12-15 23:34:11,116:INFO:The '!' was the 5th character
2018-12-15 23:34:11,116:INFO:

2018-12-15 23:34:11,174:INFO:The length of 'T4st!ng' is 7
2018-12-15 23:34:11,174:INFO:As a list it looks like this ['T', '4', 's', 't', '!', 'n', 'g']
2018-12-15 23:34:11,175:INFO:The letters in this password are: ['T', 's', 't', 'n', 'g']
2018-12-15 23:34:11,176:INFO:The 'T' was the 1st character
2018-12-15 23:34:11,176:INFO:The 's' was the 3rd character
2018-12-15 23:34:11,176:INFO:The 't' was the 4th character
2018-12-15 23:34:11,177:INFO:The 'n' was the 6th character
2018-12-15 23:34:11,177:INFO:The 'g' was the 7th character
2018-12-15 23:34:11,177:INFO:

2018-12-15 23:34:11,178:INFO:The numbers in this password are: ['4']
2018-12-15 23:34:11,178:INFO:The '4' was the 2nd character
2018-12-15 23:34:11,179:INFO:

2018-12-15 23:34:11,179:INFO:The symbols in this password are: ['!']
2018-12-15 23:34:11,179:INFO:The '!' was the 5th character
2018-12-15 23:34:11,180:INFO:

2018-12-15 23:34:11,247:INFO:The length of 'T4st!ng' is 7
2018-12-15 23:34:11,248:INFO:As a list it looks like this ['T', '4', 's', 't', '!', 'n', 'g']
2018-12-15 23:34:11,249:INFO:The letters in this password are: ['T', 's', 't', 'n', 'g']
2018-12-15 23:34:11,249:INFO:The 'T' was the 1st character
2018-12-15 23:34:11,249:INFO:The 's' was the 3rd character
2018-12-15 23:34:11,250:INFO:The 't' was the 4th character
2018-12-15 23:34:11,250:INFO:The 'n' was the 6th character
2018-12-15 23:34:11,250:INFO:The 'g' was the 7th character
2018-12-15 23:34:11,251:INFO:

2018-12-15 23:34:11,251:INFO:The numbers in this password are: ['4']
2018-12-15 23:34:11,251:INFO:The '4' was the 2nd character
2018-12-15 23:34:11,252:INFO:

2018-12-15 23:34:11,252:INFO:The symbols in this password are: ['!']
2018-12-15 23:34:11,252:INFO:The '!' was the 5th character
2018-12-15 23:34:11,253:INFO:

2018-12-15 23:34:11,320:INFO:The length of 'T4st!ng' is 7
2018-12-15 23:34:11,321:INFO:As a list it looks like this ['T', '4', 's', 't', '!', 'n', 'g']
2018-12-15 23:34:11,321:INFO:The letters in this password are: ['T', 's', 't', 'n', 'g']
2018-12-15 23:34:11,321:INFO:The 'T' was the 1st character
2018-12-15 23:34:11,322:INFO:The 's' was the 3rd character
2018-12-15 23:34:11,322:INFO:The 't' was the 4th character
2018-12-15 23:34:11,322:INFO:The 'n' was the 6th character
2018-12-15 23:34:11,323:INFO:The 'g' was the 7th character
2018-12-15 23:34:11,323:INFO:

2018-12-15 23:34:11,325:INFO:The numbers in this password are: ['4']
2018-12-15 23:34:11,325:INFO:The '4' was the 2nd character
2018-12-15 23:34:11,326:INFO:

2018-12-15 23:34:11,326:INFO:The symbols in this password are: ['!']
2018-12-15 23:34:11,327:INFO:The '!' was the 5th character
2018-12-15 23:34:11,327:INFO:

2018-12-15 23:34:11,401:INFO:The length of 'T4st!ng' is 7
2018-12-15 23:34:11,402:INFO:As a list it looks like this ['T', '4', 's', 't', '!', 'n', 'g']
2018-12-15 23:34:11,402:INFO:The letters in this password are: ['T', 's', 't', 'n', 'g']
2018-12-15 23:34:11,403:INFO:The 'T' was the 1st character
2018-12-15 23:34:11,403:INFO:The 's' was the 3rd character
2018-12-15 23:34:11,403:INFO:The 't' was the 4th character
2018-12-15 23:34:11,404:INFO:The 'n' was the 6th character
2018-12-15 23:34:11,404:INFO:The 'g' was the 7th character
2018-12-15 23:34:11,404:INFO:

2018-12-15 23:34:11,405:INFO:The numbers in this password are: ['4']
2018-12-15 23:34:11,405:INFO:The '4' was the 2nd character
2018-12-15 23:34:11,405:INFO:

2018-12-15 23:34:11,406:INFO:The symbols in this password are: ['!']
2018-12-15 23:34:11,406:INFO:The '!' was the 5th character
2018-12-15 23:34:11,407:INFO:

2018-12-15 23:34:11,482:INFO:The length of 'T4st!ng' is 7
2018-12-15 23:34:11,483:INFO:As a list it looks like this ['T', '4', 's', 't', '!', 'n', 'g']
2018-12-15 23:34:11,483:INFO:The letters in this password are: ['T', 's', 't', 'n', 'g']
2018-12-15 23:34:11,484:INFO:The 'T' was the 1st character
2018-12-15 23:34:11,485:INFO:The 's' was the 3rd character
2018-12-15 23:34:11,486:INFO:The 't' was the 4th character
2018-12-15 23:34:11,486:INFO:The 'n' was the 6th character
2018-12-15 23:34:11,486:INFO:The 'g' was the 7th character
2018-12-15 23:34:11,487:INFO:

2018-12-15 23:34:11,487:INFO:The numbers in this password are: ['4']
2018-12-15 23:34:11,488:INFO:The '4' was the 2nd character
2018-12-15 23:34:11,488:INFO:

2018-12-15 23:34:11,489:INFO:The symbols in this password are: ['!']
2018-12-15 23:34:11,489:INFO:The '!' was the 5th character
2018-12-15 23:34:11,490:INFO:

2018-12-15 23:34:11,562:INFO:The length of 'T4st!ng' is 7
2018-12-15 23:34:11,562:INFO:As a list it looks like this ['T', '4', 's', 't', '!', 'n', 'g']
2018-12-15 23:34:11,563:INFO:The letters in this password are: ['T', 's', 't', 'n', 'g']
2018-12-15 23:34:11,563:INFO:The 'T' was the 1st character
2018-12-15 23:34:11,564:INFO:The 's' was the 3rd character
2018-12-15 23:34:11,564:INFO:The 't' was the 4th character
2018-12-15 23:34:11,565:INFO:The 'n' was the 6th character
2018-12-15 23:34:11,566:INFO:The 'g' was the 7th character
2018-12-15 23:34:11,566:INFO:

2018-12-15 23:34:11,567:INFO:The numbers in this password are: ['4']
2018-12-15 23:34:11,568:INFO:The '4' was the 2nd character
2018-12-15 23:34:11,568:INFO:

2018-12-15 23:34:11,569:INFO:The symbols in this password are: ['!']
2018-12-15 23:34:11,570:INFO:The '!' was the 5th character
2018-12-15 23:34:11,570:INFO:

2018-12-15 23:34:11,647:INFO:The length of 'T4st!ng' is 7
2018-12-15 23:34:11,647:INFO:As a list it looks like this ['T', '4', 's', 't', '!', 'n', 'g']
2018-12-15 23:34:11,648:INFO:The letters in this password are: ['T', 's', 't', 'n', 'g']
2018-12-15 23:34:11,648:INFO:The 'T' was the 1st character
2018-12-15 23:34:11,648:INFO:The 's' was the 3rd character
2018-12-15 23:34:11,648:INFO:The 't' was the 4th character
2018-12-15 23:34:11,649:INFO:The 'n' was the 6th character
2018-12-15 23:34:11,649:INFO:The 'g' was the 7th character
2018-12-15 23:34:11,649:INFO:

2018-12-15 23:34:11,650:INFO:The numbers in this password are: ['4']
2018-12-15 23:34:11,650:INFO:The '4' was the 2nd character
2018-12-15 23:34:11,651:INFO:

2018-12-15 23:34:11,651:INFO:The symbols in this password are: ['!']
2018-12-15 23:34:11,652:INFO:The '!' was the 5th character
2018-12-15 23:34:11,652:INFO:

2018-12-15 23:34:11,720:INFO:The length of 'T4st!ng' is 7
2018-12-15 23:34:11,720:INFO:As a list it looks like this ['T', '4', 's', 't', '!', 'n', 'g']
2018-12-15 23:34:11,721:INFO:The letters in this password are: ['T', 's', 't', 'n', 'g']
2018-12-15 23:34:11,721:INFO:The 'T' was the 1st character
2018-12-15 23:34:11,722:INFO:The 's' was the 3rd character
2018-12-15 23:34:11,723:INFO:The 't' was the 4th character
2018-12-15 23:34:11,724:INFO:The 'n' was the 6th character
2018-12-15 23:34:11,724:INFO:The 'g' was the 7th character
2018-12-15 23:34:11,725:INFO:

2018-12-15 23:34:11,725:INFO:The numbers in this password are: ['4']
2018-12-15 23:34:11,726:INFO:The '4' was the 2nd character
2018-12-15 23:34:11,726:INFO:

2018-12-15 23:34:11,726:INFO:The symbols in this password are: ['!']
2018-12-15 23:34:11,727:INFO:The '!' was the 5th character
2018-12-15 23:34:11,727:INFO:

2018-12-15 23:34:11,786:INFO:The length of 'T4st!ng' is 7
2018-12-15 23:34:11,786:INFO:As a list it looks like this ['T', '4', 's', 't', '!', 'n', 'g']
2018-12-15 23:34:11,787:INFO:The letters in this password are: ['T', 's', 't', 'n', 'g']
2018-12-15 23:34:11,787:INFO:The 'T' was the 1st character
2018-12-15 23:34:11,787:INFO:The 's' was the 3rd character
2018-12-15 23:34:11,788:INFO:The 't' was the 4th character
2018-12-15 23:34:11,788:INFO:The 'n' was the 6th character
2018-12-15 23:34:11,789:INFO:The 'g' was the 7th character
2018-12-15 23:34:11,789:INFO:

2018-12-15 23:34:11,789:INFO:The numbers in this password are: ['4']
2018-12-15 23:34:11,790:INFO:The '4' was the 2nd character
2018-12-15 23:34:11,790:INFO:

2018-12-15 23:34:11,791:INFO:The symbols in this password are: ['!']
2018-12-15 23:34:11,791:INFO:The '!' was the 5th character
2018-12-15 23:34:11,791:INFO:

2018-12-15 23:34:11,854:INFO:The length of 'T4st!ng' is 7
2018-12-15 23:34:11,855:INFO:As a list it looks like this ['T', '4', 's', 't', '!', 'n', 'g']
2018-12-15 23:34:11,855:INFO:The letters in this password are: ['T', 's', 't', 'n', 'g']
2018-12-15 23:34:11,855:INFO:The 'T' was the 1st character
2018-12-15 23:34:11,856:INFO:The 's' was the 3rd character
2018-12-15 23:34:11,856:INFO:The 't' was the 4th character
2018-12-15 23:34:11,857:INFO:The 'n' was the 6th character
2018-12-15 23:34:11,857:INFO:The 'g' was the 7th character
2018-12-15 23:34:11,857:INFO:

2018-12-15 23:34:11,858:INFO:The numbers in this password are: ['4']
2018-12-15 23:34:11,858:INFO:The '4' was the 2nd character
2018-12-15 23:34:11,858:INFO:

2018-12-15 23:34:11,859:INFO:The symbols in this password are: ['!']
2018-12-15 23:34:11,859:INFO:The '!' was the 5th character
2018-12-15 23:34:11,859:INFO:

2018-12-15 23:34:11,919:INFO:The length of 'T4st!ng' is 7
2018-12-15 23:34:11,920:INFO:As a list it looks like this ['T', '4', 's', 't', '!', 'n', 'g']
2018-12-15 23:34:11,921:INFO:The letters in this password are: ['T', 's', 't', 'n', 'g']
2018-12-15 23:34:11,922:INFO:The 'T' was the 1st character
2018-12-15 23:34:11,922:INFO:The 's' was the 3rd character
2018-12-15 23:34:11,923:INFO:The 't' was the 4th character
2018-12-15 23:34:11,923:INFO:The 'n' was the 6th character
2018-12-15 23:34:11,924:INFO:The 'g' was the 7th character
2018-12-15 23:34:11,924:INFO:

2018-12-15 23:34:11,925:INFO:The numbers in this password are: ['4']
2018-12-15 23:34:11,925:INFO:The '4' was the 2nd character
2018-12-15 23:34:11,925:INFO:

2018-12-15 23:34:11,926:INFO:The symbols in this password are: ['!']
2018-12-15 23:34:11,926:INFO:The '!' was the 5th character
2018-12-15 23:34:11,926:INFO:

2018-12-15 23:34:11,989:INFO:The length of 'T4st!ng' is 7
2018-12-15 23:34:11,989:INFO:As a list it looks like this ['T', '4', 's', 't', '!', 'n', 'g']
2018-12-15 23:34:11,990:INFO:The letters in this password are: ['T', 's', 't', 'n', 'g']
2018-12-15 23:34:11,990:INFO:The 'T' was the 1st character
2018-12-15 23:34:11,990:INFO:The 's' was the 3rd character
2018-12-15 23:34:11,991:INFO:The 't' was the 4th character
2018-12-15 23:34:11,991:INFO:The 'n' was the 6th character
2018-12-15 23:34:11,991:INFO:The 'g' was the 7th character
2018-12-15 23:34:11,992:INFO:

2018-12-15 23:34:11,992:INFO:The numbers in this password are: ['4']
2018-12-15 23:34:11,992:INFO:The '4' was the 2nd character
2018-12-15 23:34:11,993:INFO:

2018-12-15 23:34:11,993:INFO:The symbols in this password are: ['!']
2018-12-15 23:34:11,994:INFO:The '!' was the 5th character
2018-12-15 23:34:11,994:INFO:

2018-12-15 23:34:12,055:INFO:The length of 'T4st!ng' is 7
2018-12-15 23:34:12,055:INFO:As a list it looks like this ['T', '4', 's', 't', '!', 'n', 'g']
2018-12-15 23:34:12,056:INFO:The letters in this password are: ['T', 's', 't', 'n', 'g']
2018-12-15 23:34:12,056:INFO:The 'T' was the 1st character
2018-12-15 23:34:12,056:INFO:The 's' was the 3rd character
2018-12-15 23:34:12,057:INFO:The 't' was the 4th character
2018-12-15 23:34:12,057:INFO:The 'n' was the 6th character
2018-12-15 23:34:12,057:INFO:The 'g' was the 7th character
2018-12-15 23:34:12,057:INFO:

2018-12-15 23:34:12,058:INFO:The numbers in this password are: ['4']
2018-12-15 23:34:12,058:INFO:The '4' was the 2nd character
2018-12-15 23:34:12,059:INFO:

2018-12-15 23:34:12,059:INFO:The symbols in this password are: ['!']
2018-12-15 23:34:12,059:INFO:The '!' was the 5th character
2018-12-15 23:34:12,060:INFO:

2018-12-15 23:34:12,118:INFO:The length of 'T4st!ng' is 7
2018-12-15 23:34:12,119:INFO:As a list it looks like this ['T', '4', 's', 't', '!', 'n', 'g']
2018-12-15 23:34:12,119:INFO:The letters in this password are: ['T', 's', 't', 'n', 'g']
2018-12-15 23:34:12,119:INFO:The 'T' was the 1st character
2018-12-15 23:34:12,120:INFO:The 's' was the 3rd character
2018-12-15 23:34:12,120:INFO:The 't' was the 4th character
2018-12-15 23:34:12,120:INFO:The 'n' was the 6th character
2018-12-15 23:34:12,121:INFO:The 'g' was the 7th character
2018-12-15 23:34:12,122:INFO:

2018-12-15 23:34:12,123:INFO:The numbers in this password are: ['4']
2018-12-15 23:34:12,124:INFO:The '4' was the 2nd character
2018-12-15 23:34:12,124:INFO:

2018-12-15 23:34:12,125:INFO:The symbols in this password are: ['!']
2018-12-15 23:34:12,125:INFO:The '!' was the 5th character
2018-12-15 23:34:12,125:INFO:

2018-12-15 23:34:12,182:INFO:The length of 'T4st!ng' is 7
2018-12-15 23:34:12,182:INFO:As a list it looks like this ['T', '4', 's', 't', '!', 'n', 'g']
2018-12-15 23:34:12,183:INFO:The letters in this password are: ['T', 's', 't', 'n', 'g']
2018-12-15 23:34:12,183:INFO:The 'T' was the 1st character
2018-12-15 23:34:12,183:INFO:The 's' was the 3rd character
2018-12-15 23:34:12,184:INFO:The 't' was the 4th character
2018-12-15 23:34:12,184:INFO:The 'n' was the 6th character
2018-12-15 23:34:12,184:INFO:The 'g' was the 7th character
2018-12-15 23:34:12,184:INFO:

2018-12-15 23:34:12,185:INFO:The numbers in this password are: ['4']
2018-12-15 23:34:12,185:INFO:The '4' was the 2nd character
2018-12-15 23:34:12,186:INFO:

2018-12-15 23:34:12,186:INFO:The symbols in this password are: ['!']
2018-12-15 23:34:12,187:INFO:The '!' was the 5th character
2018-12-15 23:34:12,187:INFO:

2018-12-15 23:34:12,248:INFO:The length of 'T4st!ng' is 7
2018-12-15 23:34:12,249:INFO:As a list it looks like this ['T', '4', 's', 't', '!', 'n', 'g']
2018-12-15 23:34:12,249:INFO:The letters in this password are: ['T', 's', 't', 'n', 'g']
2018-12-15 23:34:12,249:INFO:The 'T' was the 1st character
2018-12-15 23:34:12,250:INFO:The 's' was the 3rd character
2018-12-15 23:34:12,250:INFO:The 't' was the 4th character
2018-12-15 23:34:12,250:INFO:The 'n' was the 6th character
2018-12-15 23:34:12,250:INFO:The 'g' was the 7th character
2018-12-15 23:34:12,251:INFO:

2018-12-15 23:34:12,251:INFO:The numbers in this password are: ['4']
2018-12-15 23:34:12,251:INFO:The '4' was the 2nd character
2018-12-15 23:34:12,252:INFO:

2018-12-15 23:34:12,252:INFO:The symbols in this password are: ['!']
2018-12-15 23:34:12,253:INFO:The '!' was the 5th character
2018-12-15 23:34:12,253:INFO:

2018-12-15 23:34:12,315:INFO:The length of 'T4st!ng' is 7
2018-12-15 23:34:12,315:INFO:As a list it looks like this ['T', '4', 's', 't', '!', 'n', 'g']
2018-12-15 23:34:12,316:INFO:The letters in this password are: ['T', 's', 't', 'n', 'g']
2018-12-15 23:34:12,316:INFO:The 'T' was the 1st character
2018-12-15 23:34:12,316:INFO:The 's' was the 3rd character
2018-12-15 23:34:12,317:INFO:The 't' was the 4th character
2018-12-15 23:34:12,317:INFO:The 'n' was the 6th character
2018-12-15 23:34:12,317:INFO:The 'g' was the 7th character
2018-12-15 23:34:12,318:INFO:

2018-12-15 23:34:12,318:INFO:The numbers in this password are: ['4']
2018-12-15 23:34:12,318:INFO:The '4' was the 2nd character
2018-12-15 23:34:12,319:INFO:

2018-12-15 23:34:12,320:INFO:The symbols in this password are: ['!']
2018-12-15 23:34:12,320:INFO:The '!' was the 5th character
2018-12-15 23:34:12,321:INFO:

2018-12-15 23:34:12,380:INFO:The length of 'T4st!ng' is 7
2018-12-15 23:34:12,380:INFO:As a list it looks like this ['T', '4', 's', 't', '!', 'n', 'g']
2018-12-15 23:34:12,381:INFO:The letters in this password are: ['T', 's', 't', 'n', 'g']
2018-12-15 23:34:12,381:INFO:The 'T' was the 1st character
2018-12-15 23:34:12,381:INFO:The 's' was the 3rd character
2018-12-15 23:34:12,382:INFO:The 't' was the 4th character
2018-12-15 23:34:12,382:INFO:The 'n' was the 6th character
2018-12-15 23:34:12,382:INFO:The 'g' was the 7th character
2018-12-15 23:34:12,383:INFO:

2018-12-15 23:34:12,383:INFO:The numbers in this password are: ['4']
2018-12-15 23:34:12,384:INFO:The '4' was the 2nd character
2018-12-15 23:34:12,384:INFO:

2018-12-15 23:34:12,385:INFO:The symbols in this password are: ['!']
2018-12-15 23:34:12,385:INFO:The '!' was the 5th character
2018-12-15 23:34:12,385:INFO:

2018-12-15 23:34:12,447:INFO:The length of 'T4st!ng' is 7
2018-12-15 23:34:12,448:INFO:As a list it looks like this ['T', '4', 's', 't', '!', 'n', 'g']
2018-12-15 23:34:12,448:INFO:The letters in this password are: ['T', 's', 't', 'n', 'g']
2018-12-15 23:34:12,449:INFO:The 'T' was the 1st character
2018-12-15 23:34:12,449:INFO:The 's' was the 3rd character
2018-12-15 23:34:12,450:INFO:The 't' was the 4th character
2018-12-15 23:34:12,450:INFO:The 'n' was the 6th character
2018-12-15 23:34:12,450:INFO:The 'g' was the 7th character
2018-12-15 23:34:12,451:INFO:

2018-12-15 23:34:12,451:INFO:The numbers in this password are: ['4']
2018-12-15 23:34:12,451:INFO:The '4' was the 2nd character
2018-12-15 23:34:12,452:INFO:

2018-12-15 23:34:12,452:INFO:The symbols in this password are: ['!']
2018-12-15 23:34:12,452:INFO:The '!' was the 5th character
2018-12-15 23:34:12,453:INFO:

2018-12-15 23:34:12,512:INFO:The length of 'T4st!ng' is 7
2018-12-15 23:34:12,513:INFO:As a list it looks like this ['T', '4', 's', 't', '!', 'n', 'g']
2018-12-15 23:34:12,513:INFO:The letters in this password are: ['T', 's', 't', 'n', 'g']
2018-12-15 23:34:12,514:INFO:The 'T' was the 1st character
2018-12-15 23:34:12,514:INFO:The 's' was the 3rd character
2018-12-15 23:34:12,515:INFO:The 't' was the 4th character
2018-12-15 23:34:12,515:INFO:The 'n' was the 6th character
2018-12-15 23:34:12,515:INFO:The 'g' was the 7th character
2018-12-15 23:34:12,516:INFO:

2018-12-15 23:34:12,516:INFO:The numbers in this password are: ['4']
2018-12-15 23:34:12,517:INFO:The '4' was the 2nd character
2018-12-15 23:34:12,517:INFO:

2018-12-15 23:34:12,518:INFO:The symbols in this password are: ['!']
2018-12-15 23:34:12,518:INFO:The '!' was the 5th character
2018-12-15 23:34:12,520:INFO:

2018-12-15 23:34:12,584:INFO:The length of 'T4st!ng' is 7
2018-12-15 23:34:12,585:INFO:As a list it looks like this ['T', '4', 's', 't', '!', 'n', 'g']
2018-12-15 23:34:12,585:INFO:The letters in this password are: ['T', 's', 't', 'n', 'g']
2018-12-15 23:34:12,585:INFO:The 'T' was the 1st character
2018-12-15 23:34:12,586:INFO:The 's' was the 3rd character
2018-12-15 23:34:12,586:INFO:The 't' was the 4th character
2018-12-15 23:34:12,586:INFO:The 'n' was the 6th character
2018-12-15 23:34:12,587:INFO:The 'g' was the 7th character
2018-12-15 23:34:12,587:INFO:

2018-12-15 23:34:12,588:INFO:The numbers in this password are: ['4']
2018-12-15 23:34:12,588:INFO:The '4' was the 2nd character
2018-12-15 23:34:12,588:INFO:

2018-12-15 23:34:12,589:INFO:The symbols in this password are: ['!']
2018-12-15 23:34:12,589:INFO:The '!' was the 5th character
2018-12-15 23:34:12,590:INFO:

2018-12-15 23:34:12,650:INFO:The length of 'T4st!ng' is 7
2018-12-15 23:34:12,650:INFO:As a list it looks like this ['T', '4', 's', 't', '!', 'n', 'g']
2018-12-15 23:34:12,651:INFO:The letters in this password are: ['T', 's', 't', 'n', 'g']
2018-12-15 23:34:12,651:INFO:The 'T' was the 1st character
2018-12-15 23:34:12,652:INFO:The 's' was the 3rd character
2018-12-15 23:34:12,652:INFO:The 't' was the 4th character
2018-12-15 23:34:12,652:INFO:The 'n' was the 6th character
2018-12-15 23:34:12,652:INFO:The 'g' was the 7th character
2018-12-15 23:34:12,653:INFO:

2018-12-15 23:34:12,653:INFO:The numbers in this password are: ['4']
2018-12-15 23:34:12,654:INFO:The '4' was the 2nd character
2018-12-15 23:34:12,654:INFO:

2018-12-15 23:34:12,654:INFO:The symbols in this password are: ['!']
2018-12-15 23:34:12,655:INFO:The '!' was the 5th character
2018-12-15 23:34:12,655:INFO:

2018-12-15 23:34:12,715:INFO:The length of 'T4st!ng' is 7
2018-12-15 23:34:12,716:INFO:As a list it looks like this ['T', '4', 's', 't', '!', 'n', 'g']
2018-12-15 23:34:12,716:INFO:The letters in this password are: ['T', 's', 't', 'n', 'g']
2018-12-15 23:34:12,716:INFO:The 'T' was the 1st character
2018-12-15 23:34:12,716:INFO:The 's' was the 3rd character
2018-12-15 23:34:12,717:INFO:The 't' was the 4th character
2018-12-15 23:34:12,717:INFO:The 'n' was the 6th character
2018-12-15 23:34:12,718:INFO:The 'g' was the 7th character
2018-12-15 23:34:12,718:INFO:

2018-12-15 23:34:12,719:INFO:The numbers in this password are: ['4']
2018-12-15 23:34:12,719:INFO:The '4' was the 2nd character
2018-12-15 23:34:12,719:INFO:

2018-12-15 23:34:12,720:INFO:The symbols in this password are: ['!']
2018-12-15 23:34:12,721:INFO:The '!' was the 5th character
2018-12-15 23:34:12,721:INFO:

2018-12-15 23:34:12,778:INFO:The length of 'T4st!ng' is 7
2018-12-15 23:34:12,778:INFO:As a list it looks like this ['T', '4', 's', 't', '!', 'n', 'g']
2018-12-15 23:34:12,779:INFO:The letters in this password are: ['T', 's', 't', 'n', 'g']
2018-12-15 23:34:12,779:INFO:The 'T' was the 1st character
2018-12-15 23:34:12,779:INFO:The 's' was the 3rd character
2018-12-15 23:34:12,780:INFO:The 't' was the 4th character
2018-12-15 23:34:12,780:INFO:The 'n' was the 6th character
2018-12-15 23:34:12,780:INFO:The 'g' was the 7th character
2018-12-15 23:34:12,781:INFO:

2018-12-15 23:34:12,781:INFO:The numbers in this password are: ['4']
2018-12-15 23:34:12,781:INFO:The '4' was the 2nd character
2018-12-15 23:34:12,782:INFO:

2018-12-15 23:34:12,782:INFO:The symbols in this password are: ['!']
2018-12-15 23:34:12,783:INFO:The '!' was the 5th character
2018-12-15 23:34:12,783:INFO:

2018-12-15 23:34:12,841:INFO:The length of 'T4st!ng' is 7
2018-12-15 23:34:12,842:INFO:As a list it looks like this ['T', '4', 's', 't', '!', 'n', 'g']
2018-12-15 23:34:12,842:INFO:The letters in this password are: ['T', 's', 't', 'n', 'g']
2018-12-15 23:34:12,843:INFO:The 'T' was the 1st character
2018-12-15 23:34:12,843:INFO:The 's' was the 3rd character
2018-12-15 23:34:12,843:INFO:The 't' was the 4th character
2018-12-15 23:34:12,843:INFO:The 'n' was the 6th character
2018-12-15 23:34:12,844:INFO:The 'g' was the 7th character
2018-12-15 23:34:12,844:INFO:

2018-12-15 23:34:12,845:INFO:The numbers in this password are: ['4']
2018-12-15 23:34:12,845:INFO:The '4' was the 2nd character
2018-12-15 23:34:12,845:INFO:

2018-12-15 23:34:12,846:INFO:The symbols in this password are: ['!']
2018-12-15 23:34:12,846:INFO:The '!' was the 5th character
2018-12-15 23:34:12,847:INFO:

2018-12-15 23:34:12,903:INFO:The length of 'T4st!ng' is 7
2018-12-15 23:34:12,904:INFO:As a list it looks like this ['T', '4', 's', 't', '!', 'n', 'g']
2018-12-15 23:34:12,904:INFO:The letters in this password are: ['T', 's', 't', 'n', 'g']
2018-12-15 23:34:12,904:INFO:The 'T' was the 1st character
2018-12-15 23:34:12,905:INFO:The 's' was the 3rd character
2018-12-15 23:34:12,905:INFO:The 't' was the 4th character
2018-12-15 23:34:12,905:INFO:The 'n' was the 6th character
2018-12-15 23:34:12,906:INFO:The 'g' was the 7th character
2018-12-15 23:34:12,906:INFO:

2018-12-15 23:34:12,906:INFO:The numbers in this password are: ['4']
2018-12-15 23:34:12,907:INFO:The '4' was the 2nd character
2018-12-15 23:34:12,907:INFO:

2018-12-15 23:34:12,907:INFO:The symbols in this password are: ['!']
2018-12-15 23:34:12,908:INFO:The '!' was the 5th character
2018-12-15 23:34:12,908:INFO:

2018-12-15 23:34:12,969:INFO:The length of 'T4st!ng' is 7
2018-12-15 23:34:12,970:INFO:As a list it looks like this ['T', '4', 's', 't', '!', 'n', 'g']
2018-12-15 23:34:12,970:INFO:The letters in this password are: ['T', 's', 't', 'n', 'g']
2018-12-15 23:34:12,970:INFO:The 'T' was the 1st character
2018-12-15 23:34:12,971:INFO:The 's' was the 3rd character
2018-12-15 23:34:12,971:INFO:The 't' was the 4th character
2018-12-15 23:34:12,971:INFO:The 'n' was the 6th character
2018-12-15 23:34:12,971:INFO:The 'g' was the 7th character
2018-12-15 23:34:12,972:INFO:

2018-12-15 23:34:12,972:INFO:The numbers in this password are: ['4']
2018-12-15 23:34:12,973:INFO:The '4' was the 2nd character
2018-12-15 23:34:12,973:INFO:

2018-12-15 23:34:12,973:INFO:The symbols in this password are: ['!']
2018-12-15 23:34:12,974:INFO:The '!' was the 5th character
2018-12-15 23:34:12,974:INFO:

2018-12-15 23:34:13,036:INFO:The length of 'T4st!ng' is 7
2018-12-15 23:34:13,036:INFO:As a list it looks like this ['T', '4', 's', 't', '!', 'n', 'g']
2018-12-15 23:34:13,037:INFO:The letters in this password are: ['T', 's', 't', 'n', 'g']
2018-12-15 23:34:13,037:INFO:The 'T' was the 1st character
2018-12-15 23:34:13,037:INFO:The 's' was the 3rd character
2018-12-15 23:34:13,037:INFO:The 't' was the 4th character
2018-12-15 23:34:13,038:INFO:The 'n' was the 6th character
2018-12-15 23:34:13,038:INFO:The 'g' was the 7th character
2018-12-15 23:34:13,038:INFO:

2018-12-15 23:34:13,039:INFO:The numbers in this password are: ['4']
2018-12-15 23:34:13,039:INFO:The '4' was the 2nd character
2018-12-15 23:34:13,039:INFO:

2018-12-15 23:34:13,040:INFO:The symbols in this password are: ['!']
2018-12-15 23:34:13,040:INFO:The '!' was the 5th character
2018-12-15 23:34:13,040:INFO:

2018-12-15 23:34:13,099:INFO:The length of 'T4st!ng' is 7
2018-12-15 23:34:13,099:INFO:As a list it looks like this ['T', '4', 's', 't', '!', 'n', 'g']
2018-12-15 23:34:13,100:INFO:The letters in this password are: ['T', 's', 't', 'n', 'g']
2018-12-15 23:34:13,101:INFO:The 'T' was the 1st character
2018-12-15 23:34:13,101:INFO:The 's' was the 3rd character
2018-12-15 23:34:13,102:INFO:The 't' was the 4th character
2018-12-15 23:34:13,102:INFO:The 'n' was the 6th character
2018-12-15 23:34:13,102:INFO:The 'g' was the 7th character
2018-12-15 23:34:13,103:INFO:

2018-12-15 23:34:13,103:INFO:The numbers in this password are: ['4']
2018-12-15 23:34:13,104:INFO:The '4' was the 2nd character
2018-12-15 23:34:13,104:INFO:

2018-12-15 23:34:13,105:INFO:The symbols in this password are: ['!']
2018-12-15 23:34:13,106:INFO:The '!' was the 5th character
2018-12-15 23:34:13,106:INFO:

2018-12-15 23:34:13,168:INFO:The length of 'T4st!ng' is 7
2018-12-15 23:34:13,169:INFO:As a list it looks like this ['T', '4', 's', 't', '!', 'n', 'g']
2018-12-15 23:34:13,169:INFO:The letters in this password are: ['T', 's', 't', 'n', 'g']
2018-12-15 23:34:13,169:INFO:The 'T' was the 1st character
2018-12-15 23:34:13,170:INFO:The 's' was the 3rd character
2018-12-15 23:34:13,170:INFO:The 't' was the 4th character
2018-12-15 23:34:13,170:INFO:The 'n' was the 6th character
2018-12-15 23:34:13,170:INFO:The 'g' was the 7th character
2018-12-15 23:34:13,171:INFO:

2018-12-15 23:34:13,171:INFO:The numbers in this password are: ['4']
2018-12-15 23:34:13,171:INFO:The '4' was the 2nd character
2018-12-15 23:34:13,172:INFO:

2018-12-15 23:34:13,172:INFO:The symbols in this password are: ['!']
2018-12-15 23:34:13,173:INFO:The '!' was the 5th character
2018-12-15 23:34:13,173:INFO:

2018-12-15 23:34:13,233:INFO:The length of 'T4st!ng' is 7
2018-12-15 23:34:13,233:INFO:As a list it looks like this ['T', '4', 's', 't', '!', 'n', 'g']
2018-12-15 23:34:13,234:INFO:The letters in this password are: ['T', 's', 't', 'n', 'g']
2018-12-15 23:34:13,234:INFO:The 'T' was the 1st character
2018-12-15 23:34:13,235:INFO:The 's' was the 3rd character
2018-12-15 23:34:13,235:INFO:The 't' was the 4th character
2018-12-15 23:34:13,236:INFO:The 'n' was the 6th character
2018-12-15 23:34:13,236:INFO:The 'g' was the 7th character
2018-12-15 23:34:13,236:INFO:

2018-12-15 23:34:13,237:INFO:The numbers in this password are: ['4']
2018-12-15 23:34:13,237:INFO:The '4' was the 2nd character
2018-12-15 23:34:13,237:INFO:

2018-12-15 23:34:13,238:INFO:The symbols in this password are: ['!']
2018-12-15 23:34:13,238:INFO:The '!' was the 5th character
2018-12-15 23:34:13,238:INFO:

2018-12-15 23:34:13,297:INFO:The length of 'T4st!ng' is 7
2018-12-15 23:34:13,298:INFO:As a list it looks like this ['T', '4', 's', 't', '!', 'n', 'g']
2018-12-15 23:34:13,298:INFO:The letters in this password are: ['T', 's', 't', 'n', 'g']
2018-12-15 23:34:13,299:INFO:The 'T' was the 1st character
2018-12-15 23:34:13,299:INFO:The 's' was the 3rd character
2018-12-15 23:34:13,299:INFO:The 't' was the 4th character
2018-12-15 23:34:13,300:INFO:The 'n' was the 6th character
2018-12-15 23:34:13,300:INFO:The 'g' was the 7th character
2018-12-15 23:34:13,300:INFO:

2018-12-15 23:34:13,301:INFO:The numbers in this password are: ['4']
2018-12-15 23:34:13,301:INFO:The '4' was the 2nd character
2018-12-15 23:34:13,302:INFO:

2018-12-15 23:34:13,302:INFO:The symbols in this password are: ['!']
2018-12-15 23:34:13,303:INFO:The '!' was the 5th character
2018-12-15 23:34:13,303:INFO:

2018-12-15 23:34:13,363:INFO:The length of 'T4st!ng' is 7
2018-12-15 23:34:13,363:INFO:As a list it looks like this ['T', '4', 's', 't', '!', 'n', 'g']
2018-12-15 23:34:13,364:INFO:The letters in this password are: ['T', 's', 't', 'n', 'g']
2018-12-15 23:34:13,364:INFO:The 'T' was the 1st character
2018-12-15 23:34:13,365:INFO:The 's' was the 3rd character
2018-12-15 23:34:13,365:INFO:The 't' was the 4th character
2018-12-15 23:34:13,365:INFO:The 'n' was the 6th character
2018-12-15 23:34:13,366:INFO:The 'g' was the 7th character
2018-12-15 23:34:13,366:INFO:

2018-12-15 23:34:13,366:INFO:The numbers in this password are: ['4']
2018-12-15 23:34:13,367:INFO:The '4' was the 2nd character
2018-12-15 23:34:13,367:INFO:

2018-12-15 23:34:13,368:INFO:The symbols in this password are: ['!']
2018-12-15 23:34:13,368:INFO:The '!' was the 5th character
2018-12-15 23:34:13,369:INFO:

2018-12-15 23:34:13,428:INFO:The length of 'T4st!ng' is 7
2018-12-15 23:34:13,428:INFO:As a list it looks like this ['T', '4', 's', 't', '!', 'n', 'g']
2018-12-15 23:34:13,429:INFO:The letters in this password are: ['T', 's', 't', 'n', 'g']
2018-12-15 23:34:13,429:INFO:The 'T' was the 1st character
2018-12-15 23:34:13,430:INFO:The 's' was the 3rd character
2018-12-15 23:34:13,430:INFO:The 't' was the 4th character
2018-12-15 23:34:13,430:INFO:The 'n' was the 6th character
2018-12-15 23:34:13,430:INFO:The 'g' was the 7th character
2018-12-15 23:34:13,431:INFO:

2018-12-15 23:34:13,431:INFO:The numbers in this password are: ['4']
2018-12-15 23:34:13,432:INFO:The '4' was the 2nd character
2018-12-15 23:34:13,432:INFO:

2018-12-15 23:34:13,432:INFO:The symbols in this password are: ['!']
2018-12-15 23:34:13,433:INFO:The '!' was the 5th character
2018-12-15 23:34:13,433:INFO:

2018-12-15 23:34:13,494:INFO:The length of 'T4st!ng' is 7
2018-12-15 23:34:13,495:INFO:As a list it looks like this ['T', '4', 's', 't', '!', 'n', 'g']
2018-12-15 23:34:13,495:INFO:The letters in this password are: ['T', 's', 't', 'n', 'g']
2018-12-15 23:34:13,495:INFO:The 'T' was the 1st character
2018-12-15 23:34:13,496:INFO:The 's' was the 3rd character
2018-12-15 23:34:13,496:INFO:The 't' was the 4th character
2018-12-15 23:34:13,496:INFO:The 'n' was the 6th character
2018-12-15 23:34:13,497:INFO:The 'g' was the 7th character
2018-12-15 23:34:13,498:INFO:

2018-12-15 23:34:13,499:INFO:The numbers in this password are: ['4']
2018-12-15 23:34:13,500:INFO:The '4' was the 2nd character
2018-12-15 23:34:13,501:INFO:

2018-12-15 23:34:13,501:INFO:The symbols in this password are: ['!']
2018-12-15 23:34:13,502:INFO:The '!' was the 5th character
2018-12-15 23:34:13,503:INFO:

2018-12-15 23:34:13,564:INFO:The length of 'T4st!ng' is 7
2018-12-15 23:34:13,564:INFO:As a list it looks like this ['T', '4', 's', 't', '!', 'n', 'g']
2018-12-15 23:34:13,565:INFO:The letters in this password are: ['T', 's', 't', 'n', 'g']
2018-12-15 23:34:13,565:INFO:The 'T' was the 1st character
2018-12-15 23:34:13,565:INFO:The 's' was the 3rd character
2018-12-15 23:34:13,566:INFO:The 't' was the 4th character
2018-12-15 23:34:13,566:INFO:The 'n' was the 6th character
2018-12-15 23:34:13,566:INFO:The 'g' was the 7th character
2018-12-15 23:34:13,566:INFO:

2018-12-15 23:34:13,567:INFO:The numbers in this password are: ['4']
2018-12-15 23:34:13,568:INFO:The '4' was the 2nd character
2018-12-15 23:34:13,568:INFO:

2018-12-15 23:34:13,569:INFO:The symbols in this password are: ['!']
2018-12-15 23:34:13,569:INFO:The '!' was the 5th character
2018-12-15 23:34:13,569:INFO:

2018-12-15 23:34:13,630:INFO:The length of 'T4st!ng' is 7
2018-12-15 23:34:13,630:INFO:As a list it looks like this ['T', '4', 's', 't', '!', 'n', 'g']
2018-12-15 23:34:13,631:INFO:The letters in this password are: ['T', 's', 't', 'n', 'g']
2018-12-15 23:34:13,631:INFO:The 'T' was the 1st character
2018-12-15 23:34:13,631:INFO:The 's' was the 3rd character
2018-12-15 23:34:13,632:INFO:The 't' was the 4th character
2018-12-15 23:34:13,632:INFO:The 'n' was the 6th character
2018-12-15 23:34:13,632:INFO:The 'g' was the 7th character
2018-12-15 23:34:13,633:INFO:

2018-12-15 23:34:13,633:INFO:The numbers in this password are: ['4']
2018-12-15 23:34:13,633:INFO:The '4' was the 2nd character
2018-12-15 23:34:13,634:INFO:

2018-12-15 23:34:13,634:INFO:The symbols in this password are: ['!']
2018-12-15 23:34:13,635:INFO:The '!' was the 5th character
2018-12-15 23:34:13,635:INFO:

2018-12-15 23:34:13,695:INFO:The length of 'T4st!ng' is 7
2018-12-15 23:34:13,695:INFO:As a list it looks like this ['T', '4', 's', 't', '!', 'n', 'g']
2018-12-15 23:34:13,696:INFO:The letters in this password are: ['T', 's', 't', 'n', 'g']
2018-12-15 23:34:13,696:INFO:The 'T' was the 1st character
2018-12-15 23:34:13,697:INFO:The 's' was the 3rd character
2018-12-15 23:34:13,697:INFO:The 't' was the 4th character
2018-12-15 23:34:13,697:INFO:The 'n' was the 6th character
2018-12-15 23:34:13,698:INFO:The 'g' was the 7th character
2018-12-15 23:34:13,698:INFO:

2018-12-15 23:34:13,699:INFO:The numbers in this password are: ['4']
2018-12-15 23:34:13,700:INFO:The '4' was the 2nd character
2018-12-15 23:34:13,700:INFO:

2018-12-15 23:34:13,700:INFO:The symbols in this password are: ['!']
2018-12-15 23:34:13,701:INFO:The '!' was the 5th character
2018-12-15 23:34:13,701:INFO:

2018-12-15 23:34:13,761:INFO:The length of 'T4st!ng' is 7
2018-12-15 23:34:13,761:INFO:As a list it looks like this ['T', '4', 's', 't', '!', 'n', 'g']
2018-12-15 23:34:13,761:INFO:The letters in this password are: ['T', 's', 't', 'n', 'g']
2018-12-15 23:34:13,762:INFO:The 'T' was the 1st character
2018-12-15 23:34:13,762:INFO:The 's' was the 3rd character
2018-12-15 23:34:13,762:INFO:The 't' was the 4th character
2018-12-15 23:34:13,763:INFO:The 'n' was the 6th character
2018-12-15 23:34:13,763:INFO:The 'g' was the 7th character
2018-12-15 23:34:13,763:INFO:

2018-12-15 23:34:13,764:INFO:The numbers in this password are: ['4']
2018-12-15 23:34:13,764:INFO:The '4' was the 2nd character
2018-12-15 23:34:13,764:INFO:

2018-12-15 23:34:13,765:INFO:The symbols in this password are: ['!']
2018-12-15 23:34:13,765:INFO:The '!' was the 5th character
2018-12-15 23:34:13,765:INFO:

2018-12-15 23:34:13,825:INFO:The length of 'T4st!ng' is 7
2018-12-15 23:34:13,826:INFO:As a list it looks like this ['T', '4', 's', 't', '!', 'n', 'g']
2018-12-15 23:34:13,826:INFO:The letters in this password are: ['T', 's', 't', 'n', 'g']
2018-12-15 23:34:13,827:INFO:The 'T' was the 1st character
2018-12-15 23:34:13,827:INFO:The 's' was the 3rd character
2018-12-15 23:34:13,827:INFO:The 't' was the 4th character
2018-12-15 23:34:13,827:INFO:The 'n' was the 6th character
2018-12-15 23:34:13,828:INFO:The 'g' was the 7th character
2018-12-15 23:34:13,828:INFO:

2018-12-15 23:34:13,829:INFO:The numbers in this password are: ['4']
2018-12-15 23:34:13,829:INFO:The '4' was the 2nd character
2018-12-15 23:34:13,829:INFO:

2018-12-15 23:34:13,829:INFO:The symbols in this password are: ['!']
2018-12-15 23:34:13,830:INFO:The '!' was the 5th character
2018-12-15 23:34:13,830:INFO:

2018-12-15 23:34:13,887:INFO:The length of 'T4st!ng' is 7
2018-12-15 23:34:13,887:INFO:As a list it looks like this ['T', '4', 's', 't', '!', 'n', 'g']
2018-12-15 23:34:13,888:INFO:The letters in this password are: ['T', 's', 't', 'n', 'g']
2018-12-15 23:34:13,888:INFO:The 'T' was the 1st character
2018-12-15 23:34:13,888:INFO:The 's' was the 3rd character
2018-12-15 23:34:13,888:INFO:The 't' was the 4th character
2018-12-15 23:34:13,889:INFO:The 'n' was the 6th character
2018-12-15 23:34:13,889:INFO:The 'g' was the 7th character
2018-12-15 23:34:13,889:INFO:

2018-12-15 23:34:13,890:INFO:The numbers in this password are: ['4']
2018-12-15 23:34:13,891:INFO:The '4' was the 2nd character
2018-12-15 23:34:13,891:INFO:

2018-12-15 23:34:13,891:INFO:The symbols in this password are: ['!']
2018-12-15 23:34:13,892:INFO:The '!' was the 5th character
2018-12-15 23:34:13,892:INFO:

2018-12-15 23:34:13,953:INFO:The length of 'T4st!ng' is 7
2018-12-15 23:34:13,953:INFO:As a list it looks like this ['T', '4', 's', 't', '!', 'n', 'g']
2018-12-15 23:34:13,954:INFO:The letters in this password are: ['T', 's', 't', 'n', 'g']
2018-12-15 23:34:13,954:INFO:The 'T' was the 1st character
2018-12-15 23:34:13,954:INFO:The 's' was the 3rd character
2018-12-15 23:34:13,954:INFO:The 't' was the 4th character
2018-12-15 23:34:13,955:INFO:The 'n' was the 6th character
2018-12-15 23:34:13,955:INFO:The 'g' was the 7th character
2018-12-15 23:34:13,955:INFO:

2018-12-15 23:34:13,956:INFO:The numbers in this password are: ['4']
2018-12-15 23:34:13,956:INFO:The '4' was the 2nd character
2018-12-15 23:34:13,956:INFO:

2018-12-15 23:34:13,957:INFO:The symbols in this password are: ['!']
2018-12-15 23:34:13,957:INFO:The '!' was the 5th character
2018-12-15 23:34:13,957:INFO:

2018-12-15 23:34:14,019:INFO:The length of 'T4st!ng' is 7
2018-12-15 23:34:14,020:INFO:As a list it looks like this ['T', '4', 's', 't', '!', 'n', 'g']
2018-12-15 23:34:14,020:INFO:The letters in this password are: ['T', 's', 't', 'n', 'g']
2018-12-15 23:34:14,021:INFO:The 'T' was the 1st character
2018-12-15 23:34:14,021:INFO:The 's' was the 3rd character
2018-12-15 23:34:14,021:INFO:The 't' was the 4th character
2018-12-15 23:34:14,021:INFO:The 'n' was the 6th character
2018-12-15 23:34:14,022:INFO:The 'g' was the 7th character
2018-12-15 23:34:14,022:INFO:

2018-12-15 23:34:14,022:INFO:The numbers in this password are: ['4']
2018-12-15 23:34:14,023:INFO:The '4' was the 2nd character
2018-12-15 23:34:14,023:INFO:

2018-12-15 23:34:14,024:INFO:The symbols in this password are: ['!']
2018-12-15 23:34:14,025:INFO:The '!' was the 5th character
2018-12-15 23:34:14,025:INFO:

2018-12-15 23:34:14,083:INFO:The length of 'T4st!ng' is 7
2018-12-15 23:34:14,083:INFO:As a list it looks like this ['T', '4', 's', 't', '!', 'n', 'g']
2018-12-15 23:34:14,083:INFO:The letters in this password are: ['T', 's', 't', 'n', 'g']
2018-12-15 23:34:14,084:INFO:The 'T' was the 1st character
2018-12-15 23:34:14,084:INFO:The 's' was the 3rd character
2018-12-15 23:34:14,084:INFO:The 't' was the 4th character
2018-12-15 23:34:14,085:INFO:The 'n' was the 6th character
2018-12-15 23:34:14,085:INFO:The 'g' was the 7th character
2018-12-15 23:34:14,085:INFO:

2018-12-15 23:34:14,086:INFO:The numbers in this password are: ['4']
2018-12-15 23:34:14,086:INFO:The '4' was the 2nd character
2018-12-15 23:34:14,086:INFO:

2018-12-15 23:34:14,087:INFO:The symbols in this password are: ['!']
2018-12-15 23:34:14,087:INFO:The '!' was the 5th character
2018-12-15 23:34:14,087:INFO:

2018-12-15 23:34:14,148:INFO:The length of 'T4st!ng' is 7
2018-12-15 23:34:14,149:INFO:As a list it looks like this ['T', '4', 's', 't', '!', 'n', 'g']
2018-12-15 23:34:14,149:INFO:The letters in this password are: ['T', 's', 't', 'n', 'g']
2018-12-15 23:34:14,149:INFO:The 'T' was the 1st character
2018-12-15 23:34:14,149:INFO:The 's' was the 3rd character
2018-12-15 23:34:14,150:INFO:The 't' was the 4th character
2018-12-15 23:34:14,150:INFO:The 'n' was the 6th character
2018-12-15 23:34:14,151:INFO:The 'g' was the 7th character
2018-12-15 23:34:14,151:INFO:

2018-12-15 23:34:14,151:INFO:The numbers in this password are: ['4']
2018-12-15 23:34:14,152:INFO:The '4' was the 2nd character
2018-12-15 23:34:14,152:INFO:

2018-12-15 23:34:14,153:INFO:The symbols in this password are: ['!']
2018-12-15 23:34:14,153:INFO:The '!' was the 5th character
2018-12-15 23:34:14,153:INFO:

2018-12-15 23:34:14,210:INFO:The length of 'T4st!ng' is 7
2018-12-15 23:34:14,211:INFO:As a list it looks like this ['T', '4', 's', 't', '!', 'n', 'g']
2018-12-15 23:34:14,211:INFO:The letters in this password are: ['T', 's', 't', 'n', 'g']
2018-12-15 23:34:14,212:INFO:The 'T' was the 1st character
2018-12-15 23:34:14,212:INFO:The 's' was the 3rd character
2018-12-15 23:34:14,212:INFO:The 't' was the 4th character
2018-12-15 23:34:14,212:INFO:The 'n' was the 6th character
2018-12-15 23:34:14,213:INFO:The 'g' was the 7th character
2018-12-15 23:34:14,213:INFO:

2018-12-15 23:34:14,214:INFO:The numbers in this password are: ['4']
2018-12-15 23:34:14,214:INFO:The '4' was the 2nd character
2018-12-15 23:34:14,214:INFO:

2018-12-15 23:34:14,215:INFO:The symbols in this password are: ['!']
2018-12-15 23:34:14,215:INFO:The '!' was the 5th character
2018-12-15 23:34:14,216:INFO:

2018-12-15 23:34:14,272:INFO:The length of 'T4st!ng' is 7
2018-12-15 23:34:14,273:INFO:As a list it looks like this ['T', '4', 's', 't', '!', 'n', 'g']
2018-12-15 23:34:14,273:INFO:The letters in this password are: ['T', 's', 't', 'n', 'g']
2018-12-15 23:34:14,273:INFO:The 'T' was the 1st character
2018-12-15 23:34:14,274:INFO:The 's' was the 3rd character
2018-12-15 23:34:14,274:INFO:The 't' was the 4th character
2018-12-15 23:34:14,274:INFO:The 'n' was the 6th character
2018-12-15 23:34:14,274:INFO:The 'g' was the 7th character
2018-12-15 23:34:14,275:INFO:

2018-12-15 23:34:14,275:INFO:The numbers in this password are: ['4']
2018-12-15 23:34:14,275:INFO:The '4' was the 2nd character
2018-12-15 23:34:14,276:INFO:

2018-12-15 23:34:14,276:INFO:The symbols in this password are: ['!']
2018-12-15 23:34:14,276:INFO:The '!' was the 5th character
2018-12-15 23:34:14,277:INFO:

2018-12-15 23:34:14,341:INFO:The length of 'T4st!ng' is 7
2018-12-15 23:34:14,342:INFO:As a list it looks like this ['T', '4', 's', 't', '!', 'n', 'g']
2018-12-15 23:34:14,342:INFO:The letters in this password are: ['T', 's', 't', 'n', 'g']
2018-12-15 23:34:14,342:INFO:The 'T' was the 1st character
2018-12-15 23:34:14,342:INFO:The 's' was the 3rd character
2018-12-15 23:34:14,343:INFO:The 't' was the 4th character
2018-12-15 23:34:14,343:INFO:The 'n' was the 6th character
2018-12-15 23:34:14,343:INFO:The 'g' was the 7th character
2018-12-15 23:34:14,344:INFO:

2018-12-15 23:34:14,345:INFO:The numbers in this password are: ['4']
2018-12-15 23:34:14,345:INFO:The '4' was the 2nd character
2018-12-15 23:34:14,345:INFO:

2018-12-15 23:34:14,346:INFO:The symbols in this password are: ['!']
2018-12-15 23:34:14,346:INFO:The '!' was the 5th character
2018-12-15 23:34:14,346:INFO:

2018-12-15 23:34:14,413:INFO:The length of 'T4st!ng' is 7
2018-12-15 23:34:14,414:INFO:As a list it looks like this ['T', '4', 's', 't', '!', 'n', 'g']
2018-12-15 23:34:14,414:INFO:The letters in this password are: ['T', 's', 't', 'n', 'g']
2018-12-15 23:34:14,414:INFO:The 'T' was the 1st character
2018-12-15 23:34:14,415:INFO:The 's' was the 3rd character
2018-12-15 23:34:14,415:INFO:The 't' was the 4th character
2018-12-15 23:34:14,415:INFO:The 'n' was the 6th character
2018-12-15 23:34:14,416:INFO:The 'g' was the 7th character
2018-12-15 23:34:14,416:INFO:

2018-12-15 23:34:14,417:INFO:The numbers in this password are: ['4']
2018-12-15 23:34:14,417:INFO:The '4' was the 2nd character
2018-12-15 23:34:14,417:INFO:

2018-12-15 23:34:14,418:INFO:The symbols in this password are: ['!']
2018-12-15 23:34:14,418:INFO:The '!' was the 5th character
2018-12-15 23:34:14,418:INFO:

2018-12-15 23:34:14,492:INFO:The length of 'T4st!ng' is 7
2018-12-15 23:34:14,493:INFO:As a list it looks like this ['T', '4', 's', 't', '!', 'n', 'g']
2018-12-15 23:34:14,493:INFO:The letters in this password are: ['T', 's', 't', 'n', 'g']
2018-12-15 23:34:14,494:INFO:The 'T' was the 1st character
2018-12-15 23:34:14,495:INFO:The 's' was the 3rd character
2018-12-15 23:34:14,495:INFO:The 't' was the 4th character
2018-12-15 23:34:14,495:INFO:The 'n' was the 6th character
2018-12-15 23:34:14,496:INFO:The 'g' was the 7th character
2018-12-15 23:34:14,496:INFO:

2018-12-15 23:34:14,498:INFO:The numbers in this password are: ['4']
2018-12-15 23:34:14,499:INFO:The '4' was the 2nd character
2018-12-15 23:34:14,499:INFO:

2018-12-15 23:34:14,500:INFO:The symbols in this password are: ['!']
2018-12-15 23:34:14,504:INFO:The '!' was the 5th character
2018-12-15 23:34:14,504:INFO:

2018-12-15 23:34:14,576:INFO:The length of 'T4st!ng' is 7
2018-12-15 23:34:14,576:INFO:As a list it looks like this ['T', '4', 's', 't', '!', 'n', 'g']
2018-12-15 23:34:14,577:INFO:The letters in this password are: ['T', 's', 't', 'n', 'g']
2018-12-15 23:34:14,577:INFO:The 'T' was the 1st character
2018-12-15 23:34:14,578:INFO:The 's' was the 3rd character
2018-12-15 23:34:14,578:INFO:The 't' was the 4th character
2018-12-15 23:34:14,578:INFO:The 'n' was the 6th character
2018-12-15 23:34:14,579:INFO:The 'g' was the 7th character
2018-12-15 23:34:14,579:INFO:

2018-12-15 23:34:14,580:INFO:The numbers in this password are: ['4']
2018-12-15 23:34:14,580:INFO:The '4' was the 2nd character
2018-12-15 23:34:14,580:INFO:

2018-12-15 23:34:14,581:INFO:The symbols in this password are: ['!']
2018-12-15 23:34:14,581:INFO:The '!' was the 5th character
2018-12-15 23:34:14,582:INFO:

2018-12-15 23:34:14,649:INFO:The length of 'T4st!ng' is 7
2018-12-15 23:34:14,650:INFO:As a list it looks like this ['T', '4', 's', 't', '!', 'n', 'g']
2018-12-15 23:34:14,650:INFO:The letters in this password are: ['T', 's', 't', 'n', 'g']
2018-12-15 23:34:14,651:INFO:The 'T' was the 1st character
2018-12-15 23:34:14,651:INFO:The 's' was the 3rd character
2018-12-15 23:34:14,651:INFO:The 't' was the 4th character
2018-12-15 23:34:14,652:INFO:The 'n' was the 6th character
2018-12-15 23:34:14,652:INFO:The 'g' was the 7th character
2018-12-15 23:34:14,653:INFO:

2018-12-15 23:34:14,653:INFO:The numbers in this password are: ['4']
2018-12-15 23:34:14,654:INFO:The '4' was the 2nd character
2018-12-15 23:34:14,654:INFO:

2018-12-15 23:34:14,655:INFO:The symbols in this password are: ['!']
2018-12-15 23:34:14,655:INFO:The '!' was the 5th character
2018-12-15 23:34:14,655:INFO:

2018-12-15 23:34:14,717:INFO:The length of 'T4st!ng' is 7
2018-12-15 23:34:14,717:INFO:As a list it looks like this ['T', '4', 's', 't', '!', 'n', 'g']
2018-12-15 23:34:14,718:INFO:The letters in this password are: ['T', 's', 't', 'n', 'g']
2018-12-15 23:34:14,718:INFO:The 'T' was the 1st character
2018-12-15 23:34:14,718:INFO:The 's' was the 3rd character
2018-12-15 23:34:14,719:INFO:The 't' was the 4th character
2018-12-15 23:34:14,719:INFO:The 'n' was the 6th character
2018-12-15 23:34:14,719:INFO:The 'g' was the 7th character
2018-12-15 23:34:14,720:INFO:

2018-12-15 23:34:14,720:INFO:The numbers in this password are: ['4']
2018-12-15 23:34:14,720:INFO:The '4' was the 2nd character
2018-12-15 23:34:14,721:INFO:

2018-12-15 23:34:14,722:INFO:The symbols in this password are: ['!']
2018-12-15 23:34:14,722:INFO:The '!' was the 5th character
2018-12-15 23:34:14,723:INFO:

2018-12-15 23:34:14,779:INFO:The length of 'T4st!ng' is 7
2018-12-15 23:34:14,780:INFO:As a list it looks like this ['T', '4', 's', 't', '!', 'n', 'g']
2018-12-15 23:34:14,780:INFO:The letters in this password are: ['T', 's', 't', 'n', 'g']
2018-12-15 23:34:14,781:INFO:The 'T' was the 1st character
2018-12-15 23:34:14,781:INFO:The 's' was the 3rd character
2018-12-15 23:34:14,781:INFO:The 't' was the 4th character
2018-12-15 23:34:14,782:INFO:The 'n' was the 6th character
2018-12-15 23:34:14,782:INFO:The 'g' was the 7th character
2018-12-15 23:34:14,782:INFO:

2018-12-15 23:34:14,783:INFO:The numbers in this password are: ['4']
2018-12-15 23:34:14,783:INFO:The '4' was the 2nd character
2018-12-15 23:34:14,784:INFO:

2018-12-15 23:34:14,784:INFO:The symbols in this password are: ['!']
2018-12-15 23:34:14,784:INFO:The '!' was the 5th character
2018-12-15 23:34:14,785:INFO:

2018-12-15 23:34:14,848:INFO:The length of 'T4st!ng' is 7
2018-12-15 23:34:14,849:INFO:As a list it looks like this ['T', '4', 's', 't', '!', 'n', 'g']
2018-12-15 23:34:14,849:INFO:The letters in this password are: ['T', 's', 't', 'n', 'g']
2018-12-15 23:34:14,849:INFO:The 'T' was the 1st character
2018-12-15 23:34:14,850:INFO:The 's' was the 3rd character
2018-12-15 23:34:14,850:INFO:The 't' was the 4th character
2018-12-15 23:34:14,850:INFO:The 'n' was the 6th character
2018-12-15 23:34:14,850:INFO:The 'g' was the 7th character
2018-12-15 23:34:14,851:INFO:

2018-12-15 23:34:14,851:INFO:The numbers in this password are: ['4']
2018-12-15 23:34:14,852:INFO:The '4' was the 2nd character
2018-12-15 23:34:14,852:INFO:

2018-12-15 23:34:14,852:INFO:The symbols in this password are: ['!']
2018-12-15 23:34:14,853:INFO:The '!' was the 5th character
2018-12-15 23:34:14,853:INFO:

2018-12-15 23:34:14,912:INFO:The length of 'T4st!ng' is 7
2018-12-15 23:34:14,913:INFO:As a list it looks like this ['T', '4', 's', 't', '!', 'n', 'g']
2018-12-15 23:34:14,913:INFO:The letters in this password are: ['T', 's', 't', 'n', 'g']
2018-12-15 23:34:14,913:INFO:The 'T' was the 1st character
2018-12-15 23:34:14,914:INFO:The 's' was the 3rd character
2018-12-15 23:34:14,914:INFO:The 't' was the 4th character
2018-12-15 23:34:14,914:INFO:The 'n' was the 6th character
2018-12-15 23:34:14,915:INFO:The 'g' was the 7th character
2018-12-15 23:34:14,915:INFO:

2018-12-15 23:34:14,915:INFO:The numbers in this password are: ['4']
2018-12-15 23:34:14,916:INFO:The '4' was the 2nd character
2018-12-15 23:34:14,916:INFO:

2018-12-15 23:34:14,917:INFO:The symbols in this password are: ['!']
2018-12-15 23:34:14,917:INFO:The '!' was the 5th character
2018-12-15 23:34:14,917:INFO:

2018-12-15 23:34:14,978:INFO:The length of 'T4st!ng' is 7
2018-12-15 23:34:14,979:INFO:As a list it looks like this ['T', '4', 's', 't', '!', 'n', 'g']
2018-12-15 23:34:14,979:INFO:The letters in this password are: ['T', 's', 't', 'n', 'g']
2018-12-15 23:34:14,980:INFO:The 'T' was the 1st character
2018-12-15 23:34:14,980:INFO:The 's' was the 3rd character
2018-12-15 23:34:14,980:INFO:The 't' was the 4th character
2018-12-15 23:34:14,981:INFO:The 'n' was the 6th character
2018-12-15 23:34:14,981:INFO:The 'g' was the 7th character
2018-12-15 23:34:14,982:INFO:

2018-12-15 23:34:14,982:INFO:The numbers in this password are: ['4']
2018-12-15 23:34:14,982:INFO:The '4' was the 2nd character
2018-12-15 23:34:14,983:INFO:

2018-12-15 23:34:14,983:INFO:The symbols in this password are: ['!']
2018-12-15 23:34:14,984:INFO:The '!' was the 5th character
2018-12-15 23:34:14,986:INFO:

2018-12-15 23:34:15,047:INFO:The length of 'T4st!ng' is 7
2018-12-15 23:34:15,048:INFO:As a list it looks like this ['T', '4', 's', 't', '!', 'n', 'g']
2018-12-15 23:34:15,048:INFO:The letters in this password are: ['T', 's', 't', 'n', 'g']
2018-12-15 23:34:15,048:INFO:The 'T' was the 1st character
2018-12-15 23:34:15,049:INFO:The 's' was the 3rd character
2018-12-15 23:34:15,049:INFO:The 't' was the 4th character
2018-12-15 23:34:15,049:INFO:The 'n' was the 6th character
2018-12-15 23:34:15,049:INFO:The 'g' was the 7th character
2018-12-15 23:34:15,050:INFO:

2018-12-15 23:34:15,050:INFO:The numbers in this password are: ['4']
2018-12-15 23:34:15,050:INFO:The '4' was the 2nd character
2018-12-15 23:34:15,051:INFO:

2018-12-15 23:34:15,051:INFO:The symbols in this password are: ['!']
2018-12-15 23:34:15,051:INFO:The '!' was the 5th character
2018-12-15 23:34:15,052:INFO:

2018-12-15 23:34:15,110:INFO:The length of 'T4st!ng' is 7
2018-12-15 23:34:15,111:INFO:As a list it looks like this ['T', '4', 's', 't', '!', 'n', 'g']
2018-12-15 23:34:15,111:INFO:The letters in this password are: ['T', 's', 't', 'n', 'g']
2018-12-15 23:34:15,111:INFO:The 'T' was the 1st character
2018-12-15 23:34:15,112:INFO:The 's' was the 3rd character
2018-12-15 23:34:15,112:INFO:The 't' was the 4th character
2018-12-15 23:34:15,112:INFO:The 'n' was the 6th character
2018-12-15 23:34:15,113:INFO:The 'g' was the 7th character
2018-12-15 23:34:15,113:INFO:

2018-12-15 23:34:15,113:INFO:The numbers in this password are: ['4']
2018-12-15 23:34:15,114:INFO:The '4' was the 2nd character
2018-12-15 23:34:15,114:INFO:

2018-12-15 23:34:15,114:INFO:The symbols in this password are: ['!']
2018-12-15 23:34:15,115:INFO:The '!' was the 5th character
2018-12-15 23:34:15,115:INFO:

2018-12-15 23:34:15,175:INFO:The length of 'T4st!ng' is 7
2018-12-15 23:34:15,175:INFO:As a list it looks like this ['T', '4', 's', 't', '!', 'n', 'g']
2018-12-15 23:34:15,175:INFO:The letters in this password are: ['T', 's', 't', 'n', 'g']
2018-12-15 23:34:15,176:INFO:The 'T' was the 1st character
2018-12-15 23:34:15,176:INFO:The 's' was the 3rd character
2018-12-15 23:34:15,176:INFO:The 't' was the 4th character
2018-12-15 23:34:15,177:INFO:The 'n' was the 6th character
2018-12-15 23:34:15,177:INFO:The 'g' was the 7th character
2018-12-15 23:34:15,177:INFO:

2018-12-15 23:34:15,178:INFO:The numbers in this password are: ['4']
2018-12-15 23:34:15,178:INFO:The '4' was the 2nd character
2018-12-15 23:34:15,178:INFO:

2018-12-15 23:34:15,179:INFO:The symbols in this password are: ['!']
2018-12-15 23:34:15,179:INFO:The '!' was the 5th character
2018-12-15 23:34:15,180:INFO:

2018-12-15 23:34:15,240:INFO:The length of 'T4st!ng' is 7
2018-12-15 23:34:15,241:INFO:As a list it looks like this ['T', '4', 's', 't', '!', 'n', 'g']
2018-12-15 23:34:15,241:INFO:The letters in this password are: ['T', 's', 't', 'n', 'g']
2018-12-15 23:34:15,241:INFO:The 'T' was the 1st character
2018-12-15 23:34:15,242:INFO:The 's' was the 3rd character
2018-12-15 23:34:15,242:INFO:The 't' was the 4th character
2018-12-15 23:34:15,242:INFO:The 'n' was the 6th character
2018-12-15 23:34:15,242:INFO:The 'g' was the 7th character
2018-12-15 23:34:15,243:INFO:

2018-12-15 23:34:15,243:INFO:The numbers in this password are: ['4']
2018-12-15 23:34:15,243:INFO:The '4' was the 2nd character
2018-12-15 23:34:15,244:INFO:

2018-12-15 23:34:15,244:INFO:The symbols in this password are: ['!']
2018-12-15 23:34:15,244:INFO:The '!' was the 5th character
2018-12-15 23:34:15,245:INFO:

2018-12-15 23:34:15,303:INFO:The length of 'T4st!ng' is 7
2018-12-15 23:34:15,304:INFO:As a list it looks like this ['T', '4', 's', 't', '!', 'n', 'g']
2018-12-15 23:34:15,304:INFO:The letters in this password are: ['T', 's', 't', 'n', 'g']
2018-12-15 23:34:15,305:INFO:The 'T' was the 1st character
2018-12-15 23:34:15,305:INFO:The 's' was the 3rd character
2018-12-15 23:34:15,305:INFO:The 't' was the 4th character
2018-12-15 23:34:15,306:INFO:The 'n' was the 6th character
2018-12-15 23:34:15,306:INFO:The 'g' was the 7th character
2018-12-15 23:34:15,306:INFO:

2018-12-15 23:34:15,307:INFO:The numbers in this password are: ['4']
2018-12-15 23:34:15,307:INFO:The '4' was the 2nd character
2018-12-15 23:34:15,307:INFO:

2018-12-15 23:34:15,308:INFO:The symbols in this password are: ['!']
2018-12-15 23:34:15,308:INFO:The '!' was the 5th character
2018-12-15 23:34:15,308:INFO:

2018-12-15 23:34:15,368:INFO:The length of 'T4st!ng' is 7
2018-12-15 23:34:15,368:INFO:As a list it looks like this ['T', '4', 's', 't', '!', 'n', 'g']
2018-12-15 23:34:15,369:INFO:The letters in this password are: ['T', 's', 't', 'n', 'g']
2018-12-15 23:34:15,369:INFO:The 'T' was the 1st character
2018-12-15 23:34:15,369:INFO:The 's' was the 3rd character
2018-12-15 23:34:15,370:INFO:The 't' was the 4th character
2018-12-15 23:34:15,370:INFO:The 'n' was the 6th character
2018-12-15 23:34:15,370:INFO:The 'g' was the 7th character
2018-12-15 23:34:15,370:INFO:

2018-12-15 23:34:15,371:INFO:The numbers in this password are: ['4']
2018-12-15 23:34:15,371:INFO:The '4' was the 2nd character
2018-12-15 23:34:15,372:INFO:

2018-12-15 23:34:15,372:INFO:The symbols in this password are: ['!']
2018-12-15 23:34:15,372:INFO:The '!' was the 5th character
2018-12-15 23:34:15,373:INFO:

2018-12-15 23:34:15,433:INFO:The length of 'T4st!ng' is 7
2018-12-15 23:34:15,434:INFO:As a list it looks like this ['T', '4', 's', 't', '!', 'n', 'g']
2018-12-15 23:34:15,434:INFO:The letters in this password are: ['T', 's', 't', 'n', 'g']
2018-12-15 23:34:15,435:INFO:The 'T' was the 1st character
2018-12-15 23:34:15,435:INFO:The 's' was the 3rd character
2018-12-15 23:34:15,435:INFO:The 't' was the 4th character
2018-12-15 23:34:15,436:INFO:The 'n' was the 6th character
2018-12-15 23:34:15,436:INFO:The 'g' was the 7th character
2018-12-15 23:34:15,436:INFO:

2018-12-15 23:34:15,437:INFO:The numbers in this password are: ['4']
2018-12-15 23:34:15,437:INFO:The '4' was the 2nd character
2018-12-15 23:34:15,437:INFO:

2018-12-15 23:34:15,438:INFO:The symbols in this password are: ['!']
2018-12-15 23:34:15,438:INFO:The '!' was the 5th character
2018-12-15 23:34:15,438:INFO:

2018-12-15 23:34:15,497:INFO:The length of 'T4st!ng' is 7
2018-12-15 23:34:15,498:INFO:As a list it looks like this ['T', '4', 's', 't', '!', 'n', 'g']
2018-12-15 23:34:15,498:INFO:The letters in this password are: ['T', 's', 't', 'n', 'g']
2018-12-15 23:34:15,500:INFO:The 'T' was the 1st character
2018-12-15 23:34:15,501:INFO:The 's' was the 3rd character
2018-12-15 23:34:15,502:INFO:The 't' was the 4th character
2018-12-15 23:34:15,502:INFO:The 'n' was the 6th character
2018-12-15 23:34:15,503:INFO:The 'g' was the 7th character
2018-12-15 23:34:15,503:INFO:

2018-12-15 23:34:15,504:INFO:The numbers in this password are: ['4']
2018-12-15 23:34:15,505:INFO:The '4' was the 2nd character
2018-12-15 23:34:15,506:INFO:

2018-12-15 23:34:15,508:INFO:The symbols in this password are: ['!']
2018-12-15 23:34:15,508:INFO:The '!' was the 5th character
2018-12-15 23:34:15,509:INFO:

2018-12-15 23:34:15,570:INFO:The length of 'T4st!ng' is 7
2018-12-15 23:34:15,571:INFO:As a list it looks like this ['T', '4', 's', 't', '!', 'n', 'g']
2018-12-15 23:34:15,571:INFO:The letters in this password are: ['T', 's', 't', 'n', 'g']
2018-12-15 23:34:15,571:INFO:The 'T' was the 1st character
2018-12-15 23:34:15,572:INFO:The 's' was the 3rd character
2018-12-15 23:34:15,572:INFO:The 't' was the 4th character
2018-12-15 23:34:15,572:INFO:The 'n' was the 6th character
2018-12-15 23:34:15,573:INFO:The 'g' was the 7th character
2018-12-15 23:34:15,573:INFO:

2018-12-15 23:34:15,573:INFO:The numbers in this password are: ['4']
2018-12-15 23:34:15,574:INFO:The '4' was the 2nd character
2018-12-15 23:34:15,574:INFO:

2018-12-15 23:34:15,575:INFO:The symbols in this password are: ['!']
2018-12-15 23:34:15,575:INFO:The '!' was the 5th character
2018-12-15 23:34:15,575:INFO:

2018-12-15 23:34:15,638:INFO:The length of 'T4st!ng' is 7
2018-12-15 23:34:15,639:INFO:As a list it looks like this ['T', '4', 's', 't', '!', 'n', 'g']
2018-12-15 23:34:15,640:INFO:The letters in this password are: ['T', 's', 't', 'n', 'g']
2018-12-15 23:34:15,640:INFO:The 'T' was the 1st character
2018-12-15 23:34:15,640:INFO:The 's' was the 3rd character
2018-12-15 23:34:15,641:INFO:The 't' was the 4th character
2018-12-15 23:34:15,641:INFO:The 'n' was the 6th character
2018-12-15 23:34:15,641:INFO:The 'g' was the 7th character
2018-12-15 23:34:15,641:INFO:

2018-12-15 23:34:15,642:INFO:The numbers in this password are: ['4']
2018-12-15 23:34:15,642:INFO:The '4' was the 2nd character
2018-12-15 23:34:15,643:INFO:

2018-12-15 23:34:15,643:INFO:The symbols in this password are: ['!']
2018-12-15 23:34:15,644:INFO:The '!' was the 5th character
2018-12-15 23:34:15,644:INFO:

2018-12-15 23:34:15,703:INFO:The length of 'T4st!ng' is 7
2018-12-15 23:34:15,703:INFO:As a list it looks like this ['T', '4', 's', 't', '!', 'n', 'g']
2018-12-15 23:34:15,704:INFO:The letters in this password are: ['T', 's', 't', 'n', 'g']
2018-12-15 23:34:15,704:INFO:The 'T' was the 1st character
2018-12-15 23:34:15,705:INFO:The 's' was the 3rd character
2018-12-15 23:34:15,705:INFO:The 't' was the 4th character
2018-12-15 23:34:15,705:INFO:The 'n' was the 6th character
2018-12-15 23:34:15,706:INFO:The 'g' was the 7th character
2018-12-15 23:34:15,706:INFO:

2018-12-15 23:34:15,706:INFO:The numbers in this password are: ['4']
2018-12-15 23:34:15,707:INFO:The '4' was the 2nd character
2018-12-15 23:34:15,707:INFO:

2018-12-15 23:34:15,707:INFO:The symbols in this password are: ['!']
2018-12-15 23:34:15,708:INFO:The '!' was the 5th character
2018-12-15 23:34:15,708:INFO:

2018-12-15 23:34:15,764:INFO:The length of 'T4st!ng' is 7
2018-12-15 23:34:15,765:INFO:As a list it looks like this ['T', '4', 's', 't', '!', 'n', 'g']
2018-12-15 23:34:15,765:INFO:The letters in this password are: ['T', 's', 't', 'n', 'g']
2018-12-15 23:34:15,765:INFO:The 'T' was the 1st character
2018-12-15 23:34:15,766:INFO:The 's' was the 3rd character
2018-12-15 23:34:15,766:INFO:The 't' was the 4th character
2018-12-15 23:34:15,766:INFO:The 'n' was the 6th character
2018-12-15 23:34:15,766:INFO:The 'g' was the 7th character
2018-12-15 23:34:15,767:INFO:

2018-12-15 23:34:15,767:INFO:The numbers in this password are: ['4']
2018-12-15 23:34:15,767:INFO:The '4' was the 2nd character
2018-12-15 23:34:15,768:INFO:

2018-12-15 23:34:15,769:INFO:The symbols in this password are: ['!']
2018-12-15 23:34:15,769:INFO:The '!' was the 5th character
2018-12-15 23:34:15,770:INFO:

2018-12-15 23:34:15,830:INFO:The length of 'T4st!ng' is 7
2018-12-15 23:34:15,831:INFO:As a list it looks like this ['T', '4', 's', 't', '!', 'n', 'g']
2018-12-15 23:34:15,831:INFO:The letters in this password are: ['T', 's', 't', 'n', 'g']
2018-12-15 23:34:15,832:INFO:The 'T' was the 1st character
2018-12-15 23:34:15,832:INFO:The 's' was the 3rd character
2018-12-15 23:34:15,833:INFO:The 't' was the 4th character
2018-12-15 23:34:15,833:INFO:The 'n' was the 6th character
2018-12-15 23:34:15,833:INFO:The 'g' was the 7th character
2018-12-15 23:34:15,834:INFO:

2018-12-15 23:34:15,834:INFO:The numbers in this password are: ['4']
2018-12-15 23:34:15,835:INFO:The '4' was the 2nd character
2018-12-15 23:34:15,835:INFO:

2018-12-15 23:34:15,835:INFO:The symbols in this password are: ['!']
2018-12-15 23:34:15,836:INFO:The '!' was the 5th character
2018-12-15 23:34:15,836:INFO:

2018-12-15 23:34:15,897:INFO:The length of 'T4st!ng' is 7
2018-12-15 23:34:15,898:INFO:As a list it looks like this ['T', '4', 's', 't', '!', 'n', 'g']
2018-12-15 23:34:15,898:INFO:The letters in this password are: ['T', 's', 't', 'n', 'g']
2018-12-15 23:34:15,899:INFO:The 'T' was the 1st character
2018-12-15 23:34:15,899:INFO:The 's' was the 3rd character
2018-12-15 23:34:15,899:INFO:The 't' was the 4th character
2018-12-15 23:34:15,900:INFO:The 'n' was the 6th character
2018-12-15 23:34:15,900:INFO:The 'g' was the 7th character
2018-12-15 23:34:15,900:INFO:

2018-12-15 23:34:15,901:INFO:The numbers in this password are: ['4']
2018-12-15 23:34:15,902:INFO:The '4' was the 2nd character
2018-12-15 23:34:15,902:INFO:

2018-12-15 23:34:15,903:INFO:The symbols in this password are: ['!']
2018-12-15 23:34:15,903:INFO:The '!' was the 5th character
2018-12-15 23:34:15,903:INFO:

2018-12-15 23:34:15,963:INFO:The length of 'T4st!ng' is 7
2018-12-15 23:34:15,964:INFO:As a list it looks like this ['T', '4', 's', 't', '!', 'n', 'g']
2018-12-15 23:34:15,964:INFO:The letters in this password are: ['T', 's', 't', 'n', 'g']
2018-12-15 23:34:15,964:INFO:The 'T' was the 1st character
2018-12-15 23:34:15,964:INFO:The 's' was the 3rd character
2018-12-15 23:34:15,965:INFO:The 't' was the 4th character
2018-12-15 23:34:15,965:INFO:The 'n' was the 6th character
2018-12-15 23:34:15,965:INFO:The 'g' was the 7th character
2018-12-15 23:34:15,965:INFO:

2018-12-15 23:34:15,966:INFO:The numbers in this password are: ['4']
2018-12-15 23:34:15,966:INFO:The '4' was the 2nd character
2018-12-15 23:34:15,967:INFO:

2018-12-15 23:34:15,967:INFO:The symbols in this password are: ['!']
2018-12-15 23:34:15,968:INFO:The '!' was the 5th character
2018-12-15 23:34:15,968:INFO:

2018-12-15 23:34:16,038:INFO:The length of 'T4st!ng' is 7
2018-12-15 23:34:16,039:INFO:As a list it looks like this ['T', '4', 's', 't', '!', 'n', 'g']
2018-12-15 23:34:16,039:INFO:The letters in this password are: ['T', 's', 't', 'n', 'g']
2018-12-15 23:34:16,039:INFO:The 'T' was the 1st character
2018-12-15 23:34:16,040:INFO:The 's' was the 3rd character
2018-12-15 23:34:16,040:INFO:The 't' was the 4th character
2018-12-15 23:34:16,040:INFO:The 'n' was the 6th character
2018-12-15 23:34:16,040:INFO:The 'g' was the 7th character
2018-12-15 23:34:16,041:INFO:

2018-12-15 23:34:16,041:INFO:The numbers in this password are: ['4']
2018-12-15 23:34:16,042:INFO:The '4' was the 2nd character
2018-12-15 23:34:16,042:INFO:

2018-12-15 23:34:16,042:INFO:The symbols in this password are: ['!']
2018-12-15 23:34:16,043:INFO:The '!' was the 5th character
2018-12-15 23:34:16,043:INFO:

2018-12-15 23:34:16,103:INFO:The length of 'T4st!ng' is 7
2018-12-15 23:34:16,103:INFO:As a list it looks like this ['T', '4', 's', 't', '!', 'n', 'g']
2018-12-15 23:34:16,104:INFO:The letters in this password are: ['T', 's', 't', 'n', 'g']
2018-12-15 23:34:16,104:INFO:The 'T' was the 1st character
2018-12-15 23:34:16,105:INFO:The 's' was the 3rd character
2018-12-15 23:34:16,105:INFO:The 't' was the 4th character
2018-12-15 23:34:16,106:INFO:The 'n' was the 6th character
2018-12-15 23:34:16,107:INFO:The 'g' was the 7th character
2018-12-15 23:34:16,113:INFO:

2018-12-15 23:34:16,115:INFO:The numbers in this password are: ['4']
2018-12-15 23:34:16,116:INFO:The '4' was the 2nd character
2018-12-15 23:34:16,117:INFO:

2018-12-15 23:34:16,117:INFO:The symbols in this password are: ['!']
2018-12-15 23:34:16,118:INFO:The '!' was the 5th character
2018-12-15 23:34:16,119:INFO:

2018-12-15 23:34:16,177:INFO:The length of 'T4st!ng' is 7
2018-12-15 23:34:16,177:INFO:As a list it looks like this ['T', '4', 's', 't', '!', 'n', 'g']
2018-12-15 23:34:16,178:INFO:The letters in this password are: ['T', 's', 't', 'n', 'g']
2018-12-15 23:34:16,178:INFO:The 'T' was the 1st character
2018-12-15 23:34:16,178:INFO:The 's' was the 3rd character
2018-12-15 23:34:16,179:INFO:The 't' was the 4th character
2018-12-15 23:34:16,179:INFO:The 'n' was the 6th character
2018-12-15 23:34:16,179:INFO:The 'g' was the 7th character
2018-12-15 23:34:16,180:INFO:

2018-12-15 23:34:16,180:INFO:The numbers in this password are: ['4']
2018-12-15 23:34:16,181:INFO:The '4' was the 2nd character
2018-12-15 23:34:16,181:INFO:

2018-12-15 23:34:16,182:INFO:The symbols in this password are: ['!']
2018-12-15 23:34:16,182:INFO:The '!' was the 5th character
2018-12-15 23:34:16,182:INFO:

2018-12-15 23:34:16,241:INFO:The length of 'T4st!ng' is 7
2018-12-15 23:34:16,241:INFO:As a list it looks like this ['T', '4', 's', 't', '!', 'n', 'g']
2018-12-15 23:34:16,241:INFO:The letters in this password are: ['T', 's', 't', 'n', 'g']
2018-12-15 23:34:16,242:INFO:The 'T' was the 1st character
2018-12-15 23:34:16,242:INFO:The 's' was the 3rd character
2018-12-15 23:34:16,242:INFO:The 't' was the 4th character
2018-12-15 23:34:16,243:INFO:The 'n' was the 6th character
2018-12-15 23:34:16,243:INFO:The 'g' was the 7th character
2018-12-15 23:34:16,243:INFO:

2018-12-15 23:34:16,244:INFO:The numbers in this password are: ['4']
2018-12-15 23:34:16,244:INFO:The '4' was the 2nd character
2018-12-15 23:34:16,244:INFO:

2018-12-15 23:34:16,245:INFO:The symbols in this password are: ['!']
2018-12-15 23:34:16,245:INFO:The '!' was the 5th character
2018-12-15 23:34:16,245:INFO:

2018-12-15 23:34:16,304:INFO:The length of 'T4st!ng' is 7
2018-12-15 23:34:16,304:INFO:As a list it looks like this ['T', '4', 's', 't', '!', 'n', 'g']
2018-12-15 23:34:16,305:INFO:The letters in this password are: ['T', 's', 't', 'n', 'g']
2018-12-15 23:34:16,305:INFO:The 'T' was the 1st character
2018-12-15 23:34:16,306:INFO:The 's' was the 3rd character
2018-12-15 23:34:16,306:INFO:The 't' was the 4th character
2018-12-15 23:34:16,306:INFO:The 'n' was the 6th character
2018-12-15 23:34:16,307:INFO:The 'g' was the 7th character
2018-12-15 23:34:16,307:INFO:

2018-12-15 23:34:16,308:INFO:The numbers in this password are: ['4']
2018-12-15 23:34:16,308:INFO:The '4' was the 2nd character
2018-12-15 23:34:16,308:INFO:

2018-12-15 23:34:16,309:INFO:The symbols in this password are: ['!']
2018-12-15 23:34:16,309:INFO:The '!' was the 5th character
2018-12-15 23:34:16,310:INFO:

2018-12-15 23:34:16,369:INFO:The length of 'T4st!ng' is 7
2018-12-15 23:34:16,370:INFO:As a list it looks like this ['T', '4', 's', 't', '!', 'n', 'g']
2018-12-15 23:34:16,371:INFO:The letters in this password are: ['T', 's', 't', 'n', 'g']
2018-12-15 23:34:16,371:INFO:The 'T' was the 1st character
2018-12-15 23:34:16,371:INFO:The 's' was the 3rd character
2018-12-15 23:34:16,372:INFO:The 't' was the 4th character
2018-12-15 23:34:16,372:INFO:The 'n' was the 6th character
2018-12-15 23:34:16,372:INFO:The 'g' was the 7th character
2018-12-15 23:34:16,373:INFO:

2018-12-15 23:34:16,373:INFO:The numbers in this password are: ['4']
2018-12-15 23:34:16,374:INFO:The '4' was the 2nd character
2018-12-15 23:34:16,374:INFO:

2018-12-15 23:34:16,374:INFO:The symbols in this password are: ['!']
2018-12-15 23:34:16,375:INFO:The '!' was the 5th character
2018-12-15 23:34:16,375:INFO:

2018-12-15 23:34:16,440:INFO:The length of 'T4st!ng' is 7
2018-12-15 23:34:16,441:INFO:As a list it looks like this ['T', '4', 's', 't', '!', 'n', 'g']
2018-12-15 23:34:16,441:INFO:The letters in this password are: ['T', 's', 't', 'n', 'g']
2018-12-15 23:34:16,441:INFO:The 'T' was the 1st character
2018-12-15 23:34:16,442:INFO:The 's' was the 3rd character
2018-12-15 23:34:16,442:INFO:The 't' was the 4th character
2018-12-15 23:34:16,443:INFO:The 'n' was the 6th character
2018-12-15 23:34:16,443:INFO:The 'g' was the 7th character
2018-12-15 23:34:16,443:INFO:

2018-12-15 23:34:16,444:INFO:The numbers in this password are: ['4']
2018-12-15 23:34:16,444:INFO:The '4' was the 2nd character
2018-12-15 23:34:16,445:INFO:

2018-12-15 23:34:16,445:INFO:The symbols in this password are: ['!']
2018-12-15 23:34:16,445:INFO:The '!' was the 5th character
2018-12-15 23:34:16,446:INFO:

2018-12-15 23:34:16,505:INFO:The length of 'T4st!ng' is 7
2018-12-15 23:34:16,506:INFO:As a list it looks like this ['T', '4', 's', 't', '!', 'n', 'g']
2018-12-15 23:34:16,506:INFO:The letters in this password are: ['T', 's', 't', 'n', 'g']
2018-12-15 23:34:16,507:INFO:The 'T' was the 1st character
2018-12-15 23:34:16,507:INFO:The 's' was the 3rd character
2018-12-15 23:34:16,508:INFO:The 't' was the 4th character
2018-12-15 23:34:16,509:INFO:The 'n' was the 6th character
2018-12-15 23:34:16,510:INFO:The 'g' was the 7th character
2018-12-15 23:34:16,510:INFO:

2018-12-15 23:34:16,511:INFO:The numbers in this password are: ['4']
2018-12-15 23:34:16,511:INFO:The '4' was the 2nd character
2018-12-15 23:34:16,512:INFO:

2018-12-15 23:34:16,513:INFO:The symbols in this password are: ['!']
2018-12-15 23:34:16,513:INFO:The '!' was the 5th character
2018-12-15 23:34:16,514:INFO:

2018-12-15 23:34:16,572:INFO:The length of 'T4st!ng' is 7
2018-12-15 23:34:16,573:INFO:As a list it looks like this ['T', '4', 's', 't', '!', 'n', 'g']
2018-12-15 23:34:16,573:INFO:The letters in this password are: ['T', 's', 't', 'n', 'g']
2018-12-15 23:34:16,573:INFO:The 'T' was the 1st character
2018-12-15 23:34:16,574:INFO:The 's' was the 3rd character
2018-12-15 23:34:16,574:INFO:The 't' was the 4th character
2018-12-15 23:34:16,575:INFO:The 'n' was the 6th character
2018-12-15 23:34:16,575:INFO:The 'g' was the 7th character
2018-12-15 23:34:16,575:INFO:

2018-12-15 23:34:16,576:INFO:The numbers in this password are: ['4']
2018-12-15 23:34:16,576:INFO:The '4' was the 2nd character
2018-12-15 23:34:16,577:INFO:

2018-12-15 23:34:16,577:INFO:The symbols in this password are: ['!']
2018-12-15 23:34:16,577:INFO:The '!' was the 5th character
2018-12-15 23:34:16,578:INFO:

2018-12-15 23:34:16,642:INFO:The length of 'T4st!ng' is 7
2018-12-15 23:34:16,643:INFO:As a list it looks like this ['T', '4', 's', 't', '!', 'n', 'g']
2018-12-15 23:34:16,643:INFO:The letters in this password are: ['T', 's', 't', 'n', 'g']
2018-12-15 23:34:16,644:INFO:The 'T' was the 1st character
2018-12-15 23:34:16,644:INFO:The 's' was the 3rd character
2018-12-15 23:34:16,644:INFO:The 't' was the 4th character
2018-12-15 23:34:16,644:INFO:The 'n' was the 6th character
2018-12-15 23:34:16,645:INFO:The 'g' was the 7th character
2018-12-15 23:34:16,645:INFO:

2018-12-15 23:34:16,645:INFO:The numbers in this password are: ['4']
2018-12-15 23:34:16,646:INFO:The '4' was the 2nd character
2018-12-15 23:34:16,646:INFO:

2018-12-15 23:34:16,646:INFO:The symbols in this password are: ['!']
2018-12-15 23:34:16,647:INFO:The '!' was the 5th character
2018-12-15 23:34:16,647:INFO:

2018-12-15 23:34:16,709:INFO:The length of 'T4st!ng' is 7
2018-12-15 23:34:16,710:INFO:As a list it looks like this ['T', '4', 's', 't', '!', 'n', 'g']
2018-12-15 23:34:16,710:INFO:The letters in this password are: ['T', 's', 't', 'n', 'g']
2018-12-15 23:34:16,711:INFO:The 'T' was the 1st character
2018-12-15 23:34:16,711:INFO:The 's' was the 3rd character
2018-12-15 23:34:16,711:INFO:The 't' was the 4th character
2018-12-15 23:34:16,711:INFO:The 'n' was the 6th character
2018-12-15 23:34:16,712:INFO:The 'g' was the 7th character
2018-12-15 23:34:16,712:INFO:

2018-12-15 23:34:16,713:INFO:The numbers in this password are: ['4']
2018-12-15 23:34:16,713:INFO:The '4' was the 2nd character
2018-12-15 23:34:16,713:INFO:

2018-12-15 23:34:16,714:INFO:The symbols in this password are: ['!']
2018-12-15 23:34:16,714:INFO:The '!' was the 5th character
2018-12-15 23:34:16,714:INFO:

2018-12-15 23:34:16,773:INFO:The length of 'T4st!ng' is 7
2018-12-15 23:34:16,774:INFO:As a list it looks like this ['T', '4', 's', 't', '!', 'n', 'g']
2018-12-15 23:34:16,774:INFO:The letters in this password are: ['T', 's', 't', 'n', 'g']
2018-12-15 23:34:16,775:INFO:The 'T' was the 1st character
2018-12-15 23:34:16,776:INFO:The 's' was the 3rd character
2018-12-15 23:34:16,776:INFO:The 't' was the 4th character
2018-12-15 23:34:16,777:INFO:The 'n' was the 6th character
2018-12-15 23:34:16,778:INFO:The 'g' was the 7th character
2018-12-15 23:34:16,778:INFO:

2018-12-15 23:34:16,778:INFO:The numbers in this password are: ['4']
2018-12-15 23:34:16,779:INFO:The '4' was the 2nd character
2018-12-15 23:34:16,779:INFO:

2018-12-15 23:34:16,780:INFO:The symbols in this password are: ['!']
2018-12-15 23:34:16,780:INFO:The '!' was the 5th character
2018-12-15 23:34:16,780:INFO:

2018-12-15 23:34:16,851:INFO:The length of 'T4st!ng' is 7
2018-12-15 23:34:16,852:INFO:As a list it looks like this ['T', '4', 's', 't', '!', 'n', 'g']
2018-12-15 23:34:16,852:INFO:The letters in this password are: ['T', 's', 't', 'n', 'g']
2018-12-15 23:34:16,852:INFO:The 'T' was the 1st character
2018-12-15 23:34:16,853:INFO:The 's' was the 3rd character
2018-12-15 23:34:16,853:INFO:The 't' was the 4th character
2018-12-15 23:34:16,853:INFO:The 'n' was the 6th character
2018-12-15 23:34:16,853:INFO:The 'g' was the 7th character
2018-12-15 23:34:16,854:INFO:

2018-12-15 23:34:16,854:INFO:The numbers in this password are: ['4']
2018-12-15 23:34:16,854:INFO:The '4' was the 2nd character
2018-12-15 23:34:16,855:INFO:

2018-12-15 23:34:16,855:INFO:The symbols in this password are: ['!']
2018-12-15 23:34:16,856:INFO:The '!' was the 5th character
2018-12-15 23:34:16,856:INFO:

2018-12-15 23:34:16,919:INFO:The length of 'T4st!ng' is 7
2018-12-15 23:34:16,920:INFO:As a list it looks like this ['T', '4', 's', 't', '!', 'n', 'g']
2018-12-15 23:34:16,921:INFO:The letters in this password are: ['T', 's', 't', 'n', 'g']
2018-12-15 23:34:16,921:INFO:The 'T' was the 1st character
2018-12-15 23:34:16,921:INFO:The 's' was the 3rd character
2018-12-15 23:34:16,922:INFO:The 't' was the 4th character
2018-12-15 23:34:16,922:INFO:The 'n' was the 6th character
2018-12-15 23:34:16,922:INFO:The 'g' was the 7th character
2018-12-15 23:34:16,923:INFO:

2018-12-15 23:34:16,923:INFO:The numbers in this password are: ['4']
2018-12-15 23:34:16,923:INFO:The '4' was the 2nd character
2018-12-15 23:34:16,924:INFO:

2018-12-15 23:34:16,924:INFO:The symbols in this password are: ['!']
2018-12-15 23:34:16,924:INFO:The '!' was the 5th character
2018-12-15 23:34:16,925:INFO:

2018-12-15 23:34:16,988:INFO:The length of 'T4st!ng' is 7
2018-12-15 23:34:16,989:INFO:As a list it looks like this ['T', '4', 's', 't', '!', 'n', 'g']
2018-12-15 23:34:16,989:INFO:The letters in this password are: ['T', 's', 't', 'n', 'g']
2018-12-15 23:34:16,989:INFO:The 'T' was the 1st character
2018-12-15 23:34:16,990:INFO:The 's' was the 3rd character
2018-12-15 23:34:16,990:INFO:The 't' was the 4th character
2018-12-15 23:34:16,990:INFO:The 'n' was the 6th character
2018-12-15 23:34:16,991:INFO:The 'g' was the 7th character
2018-12-15 23:34:16,991:INFO:

2018-12-15 23:34:16,991:INFO:The numbers in this password are: ['4']
2018-12-15 23:34:16,992:INFO:The '4' was the 2nd character
2018-12-15 23:34:16,992:INFO:

2018-12-15 23:34:16,992:INFO:The symbols in this password are: ['!']
2018-12-15 23:34:16,993:INFO:The '!' was the 5th character
2018-12-15 23:34:16,993:INFO:

2018-12-15 23:34:17,054:INFO:The length of 'T4st!ng' is 7
2018-12-15 23:34:17,055:INFO:As a list it looks like this ['T', '4', 's', 't', '!', 'n', 'g']
2018-12-15 23:34:17,055:INFO:The letters in this password are: ['T', 's', 't', 'n', 'g']
2018-12-15 23:34:17,055:INFO:The 'T' was the 1st character
2018-12-15 23:34:17,056:INFO:The 's' was the 3rd character
2018-12-15 23:34:17,056:INFO:The 't' was the 4th character
2018-12-15 23:34:17,056:INFO:The 'n' was the 6th character
2018-12-15 23:34:17,057:INFO:The 'g' was the 7th character
2018-12-15 23:34:17,057:INFO:

2018-12-15 23:34:17,058:INFO:The numbers in this password are: ['4']
2018-12-15 23:34:17,058:INFO:The '4' was the 2nd character
2018-12-15 23:34:17,058:INFO:

2018-12-15 23:34:17,059:INFO:The symbols in this password are: ['!']
2018-12-15 23:34:17,059:INFO:The '!' was the 5th character
2018-12-15 23:34:17,059:INFO:

2018-12-15 23:34:17,118:INFO:The length of 'T4st!ng' is 7
2018-12-15 23:34:17,119:INFO:As a list it looks like this ['T', '4', 's', 't', '!', 'n', 'g']
2018-12-15 23:34:17,119:INFO:The letters in this password are: ['T', 's', 't', 'n', 'g']
2018-12-15 23:34:17,120:INFO:The 'T' was the 1st character
2018-12-15 23:34:17,120:INFO:The 's' was the 3rd character
2018-12-15 23:34:17,120:INFO:The 't' was the 4th character
2018-12-15 23:34:17,120:INFO:The 'n' was the 6th character
2018-12-15 23:34:17,121:INFO:The 'g' was the 7th character
2018-12-15 23:34:17,121:INFO:

2018-12-15 23:34:17,122:INFO:The numbers in this password are: ['4']
2018-12-15 23:34:17,122:INFO:The '4' was the 2nd character
2018-12-15 23:34:17,122:INFO:

2018-12-15 23:34:17,123:INFO:The symbols in this password are: ['!']
2018-12-15 23:34:17,123:INFO:The '!' was the 5th character
2018-12-15 23:34:17,123:INFO:

2018-12-15 23:34:17,182:INFO:The length of 'T4st!ng' is 7
2018-12-15 23:34:17,182:INFO:As a list it looks like this ['T', '4', 's', 't', '!', 'n', 'g']
2018-12-15 23:34:17,183:INFO:The letters in this password are: ['T', 's', 't', 'n', 'g']
2018-12-15 23:34:17,183:INFO:The 'T' was the 1st character
2018-12-15 23:34:17,184:INFO:The 's' was the 3rd character
2018-12-15 23:34:17,184:INFO:The 't' was the 4th character
2018-12-15 23:34:17,184:INFO:The 'n' was the 6th character
2018-12-15 23:34:17,184:INFO:The 'g' was the 7th character
2018-12-15 23:34:17,185:INFO:

2018-12-15 23:34:17,185:INFO:The numbers in this password are: ['4']
2018-12-15 23:34:17,186:INFO:The '4' was the 2nd character
2018-12-15 23:34:17,186:INFO:

2018-12-15 23:34:17,187:INFO:The symbols in this password are: ['!']
2018-12-15 23:34:17,187:INFO:The '!' was the 5th character
2018-12-15 23:34:17,187:INFO:

2018-12-15 23:34:17,243:INFO:The length of 'T4st!ng' is 7
2018-12-15 23:34:17,244:INFO:As a list it looks like this ['T', '4', 's', 't', '!', 'n', 'g']
2018-12-15 23:34:17,244:INFO:The letters in this password are: ['T', 's', 't', 'n', 'g']
2018-12-15 23:34:17,244:INFO:The 'T' was the 1st character
2018-12-15 23:34:17,245:INFO:The 's' was the 3rd character
2018-12-15 23:34:17,245:INFO:The 't' was the 4th character
2018-12-15 23:34:17,245:INFO:The 'n' was the 6th character
2018-12-15 23:34:17,246:INFO:The 'g' was the 7th character
2018-12-15 23:34:17,246:INFO:

2018-12-15 23:34:17,246:INFO:The numbers in this password are: ['4']
2018-12-15 23:34:17,247:INFO:The '4' was the 2nd character
2018-12-15 23:34:17,247:INFO:

2018-12-15 23:34:17,247:INFO:The symbols in this password are: ['!']
2018-12-15 23:34:17,248:INFO:The '!' was the 5th character
2018-12-15 23:34:17,248:INFO:

2018-12-15 23:34:17,304:INFO:The length of 'T4st!ng' is 7
2018-12-15 23:34:17,304:INFO:As a list it looks like this ['T', '4', 's', 't', '!', 'n', 'g']
2018-12-15 23:34:17,305:INFO:The letters in this password are: ['T', 's', 't', 'n', 'g']
2018-12-15 23:34:17,305:INFO:The 'T' was the 1st character
2018-12-15 23:34:17,306:INFO:The 's' was the 3rd character
2018-12-15 23:34:17,306:INFO:The 't' was the 4th character
2018-12-15 23:34:17,306:INFO:The 'n' was the 6th character
2018-12-15 23:34:17,307:INFO:The 'g' was the 7th character
2018-12-15 23:34:17,307:INFO:

2018-12-15 23:34:17,308:INFO:The numbers in this password are: ['4']
2018-12-15 23:34:17,308:INFO:The '4' was the 2nd character
2018-12-15 23:34:17,309:INFO:

2018-12-15 23:34:17,309:INFO:The symbols in this password are: ['!']
2018-12-15 23:34:17,309:INFO:The '!' was the 5th character
2018-12-15 23:34:17,310:INFO:

2018-12-15 23:34:17,370:INFO:The length of 'T4st!ng' is 7
2018-12-15 23:34:17,371:INFO:As a list it looks like this ['T', '4', 's', 't', '!', 'n', 'g']
2018-12-15 23:34:17,373:INFO:The letters in this password are: ['T', 's', 't', 'n', 'g']
2018-12-15 23:34:17,373:INFO:The 'T' was the 1st character
2018-12-15 23:34:17,373:INFO:The 's' was the 3rd character
2018-12-15 23:34:17,373:INFO:The 't' was the 4th character
2018-12-15 23:34:17,374:INFO:The 'n' was the 6th character
2018-12-15 23:34:17,374:INFO:The 'g' was the 7th character
2018-12-15 23:34:17,374:INFO:

2018-12-15 23:34:17,375:INFO:The numbers in this password are: ['4']
2018-12-15 23:34:17,375:INFO:The '4' was the 2nd character
2018-12-15 23:34:17,375:INFO:

2018-12-15 23:34:17,376:INFO:The symbols in this password are: ['!']
2018-12-15 23:34:17,376:INFO:The '!' was the 5th character
2018-12-15 23:34:17,376:INFO:

2018-12-15 23:34:17,443:INFO:The length of 'T4st!ng' is 7
2018-12-15 23:34:17,444:INFO:As a list it looks like this ['T', '4', 's', 't', '!', 'n', 'g']
2018-12-15 23:34:17,444:INFO:The letters in this password are: ['T', 's', 't', 'n', 'g']
2018-12-15 23:34:17,445:INFO:The 'T' was the 1st character
2018-12-15 23:34:17,445:INFO:The 's' was the 3rd character
2018-12-15 23:34:17,446:INFO:The 't' was the 4th character
2018-12-15 23:34:17,446:INFO:The 'n' was the 6th character
2018-12-15 23:34:17,446:INFO:The 'g' was the 7th character
2018-12-15 23:34:17,447:INFO:

2018-12-15 23:34:17,447:INFO:The numbers in this password are: ['4']
2018-12-15 23:34:17,448:INFO:The '4' was the 2nd character
2018-12-15 23:34:17,448:INFO:

2018-12-15 23:34:17,449:INFO:The symbols in this password are: ['!']
2018-12-15 23:34:17,449:INFO:The '!' was the 5th character
2018-12-15 23:34:17,450:INFO:

2018-12-15 23:34:17,513:INFO:The length of 'T4st!ng' is 7
2018-12-15 23:34:17,514:INFO:As a list it looks like this ['T', '4', 's', 't', '!', 'n', 'g']
2018-12-15 23:34:17,515:INFO:The letters in this password are: ['T', 's', 't', 'n', 'g']
2018-12-15 23:34:17,515:INFO:The 'T' was the 1st character
2018-12-15 23:34:17,516:INFO:The 's' was the 3rd character
2018-12-15 23:34:17,516:INFO:The 't' was the 4th character
2018-12-15 23:34:17,517:INFO:The 'n' was the 6th character
2018-12-15 23:34:17,518:INFO:The 'g' was the 7th character
2018-12-15 23:34:17,518:INFO:

2018-12-15 23:34:17,519:INFO:The numbers in this password are: ['4']
2018-12-15 23:34:17,520:INFO:The '4' was the 2nd character
2018-12-15 23:34:17,520:INFO:

2018-12-15 23:34:17,521:INFO:The symbols in this password are: ['!']
2018-12-15 23:34:17,521:INFO:The '!' was the 5th character
2018-12-15 23:34:17,522:INFO:

2018-12-15 23:34:17,598:INFO:The length of 'T4st!ng' is 7
2018-12-15 23:34:17,599:INFO:As a list it looks like this ['T', '4', 's', 't', '!', 'n', 'g']
2018-12-15 23:34:17,599:INFO:The letters in this password are: ['T', 's', 't', 'n', 'g']
2018-12-15 23:34:17,600:INFO:The 'T' was the 1st character
2018-12-15 23:34:17,600:INFO:The 's' was the 3rd character
2018-12-15 23:34:17,600:INFO:The 't' was the 4th character
2018-12-15 23:34:17,600:INFO:The 'n' was the 6th character
2018-12-15 23:34:17,601:INFO:The 'g' was the 7th character
2018-12-15 23:34:17,601:INFO:

2018-12-15 23:34:17,602:INFO:The numbers in this password are: ['4']
2018-12-15 23:34:17,602:INFO:The '4' was the 2nd character
2018-12-15 23:34:17,603:INFO:

2018-12-15 23:34:17,603:INFO:The symbols in this password are: ['!']
2018-12-15 23:34:17,604:INFO:The '!' was the 5th character
2018-12-15 23:34:17,604:INFO:

2018-12-15 23:34:17,678:INFO:The length of 'T4st!ng' is 7
2018-12-15 23:34:17,679:INFO:As a list it looks like this ['T', '4', 's', 't', '!', 'n', 'g']
2018-12-15 23:34:17,679:INFO:The letters in this password are: ['T', 's', 't', 'n', 'g']
2018-12-15 23:34:17,679:INFO:The 'T' was the 1st character
2018-12-15 23:34:17,680:INFO:The 's' was the 3rd character
2018-12-15 23:34:17,680:INFO:The 't' was the 4th character
2018-12-15 23:34:17,680:INFO:The 'n' was the 6th character
2018-12-15 23:34:17,681:INFO:The 'g' was the 7th character
2018-12-15 23:34:17,681:INFO:

2018-12-15 23:34:17,681:INFO:The numbers in this password are: ['4']
2018-12-15 23:34:17,682:INFO:The '4' was the 2nd character
2018-12-15 23:34:17,682:INFO:

2018-12-15 23:34:17,682:INFO:The symbols in this password are: ['!']
2018-12-15 23:34:17,683:INFO:The '!' was the 5th character
2018-12-15 23:34:17,683:INFO:

2018-12-15 23:34:17,753:INFO:The length of 'T4st!ng' is 7
2018-12-15 23:34:17,754:INFO:As a list it looks like this ['T', '4', 's', 't', '!', 'n', 'g']
2018-12-15 23:34:17,754:INFO:The letters in this password are: ['T', 's', 't', 'n', 'g']
2018-12-15 23:34:17,754:INFO:The 'T' was the 1st character
2018-12-15 23:34:17,755:INFO:The 's' was the 3rd character
2018-12-15 23:34:17,755:INFO:The 't' was the 4th character
2018-12-15 23:34:17,755:INFO:The 'n' was the 6th character
2018-12-15 23:34:17,755:INFO:The 'g' was the 7th character
2018-12-15 23:34:17,756:INFO:

2018-12-15 23:34:17,756:INFO:The numbers in this password are: ['4']
2018-12-15 23:34:17,757:INFO:The '4' was the 2nd character
2018-12-15 23:34:17,757:INFO:

2018-12-15 23:34:17,757:INFO:The symbols in this password are: ['!']
2018-12-15 23:34:17,758:INFO:The '!' was the 5th character
2018-12-15 23:34:17,758:INFO:

2018-12-15 23:34:17,820:INFO:The length of 'T4st!ng' is 7
2018-12-15 23:34:17,820:INFO:As a list it looks like this ['T', '4', 's', 't', '!', 'n', 'g']
2018-12-15 23:34:17,821:INFO:The letters in this password are: ['T', 's', 't', 'n', 'g']
2018-12-15 23:34:17,821:INFO:The 'T' was the 1st character
2018-12-15 23:34:17,821:INFO:The 's' was the 3rd character
2018-12-15 23:34:17,821:INFO:The 't' was the 4th character
2018-12-15 23:34:17,822:INFO:The 'n' was the 6th character
2018-12-15 23:34:17,822:INFO:The 'g' was the 7th character
2018-12-15 23:34:17,822:INFO:

2018-12-15 23:34:17,823:INFO:The numbers in this password are: ['4']
2018-12-15 23:34:17,823:INFO:The '4' was the 2nd character
2018-12-15 23:34:17,824:INFO:

2018-12-15 23:34:17,824:INFO:The symbols in this password are: ['!']
2018-12-15 23:34:17,825:INFO:The '!' was the 5th character
2018-12-15 23:34:17,825:INFO:

2018-12-15 23:34:17,886:INFO:The length of 'T4st!ng' is 7
2018-12-15 23:34:17,887:INFO:As a list it looks like this ['T', '4', 's', 't', '!', 'n', 'g']
2018-12-15 23:34:17,887:INFO:The letters in this password are: ['T', 's', 't', 'n', 'g']
2018-12-15 23:34:17,887:INFO:The 'T' was the 1st character
2018-12-15 23:34:17,888:INFO:The 's' was the 3rd character
2018-12-15 23:34:17,888:INFO:The 't' was the 4th character
2018-12-15 23:34:17,888:INFO:The 'n' was the 6th character
2018-12-15 23:34:17,889:INFO:The 'g' was the 7th character
2018-12-15 23:34:17,889:INFO:

2018-12-15 23:34:17,890:INFO:The numbers in this password are: ['4']
2018-12-15 23:34:17,890:INFO:The '4' was the 2nd character
2018-12-15 23:34:17,890:INFO:

2018-12-15 23:34:17,891:INFO:The symbols in this password are: ['!']
2018-12-15 23:34:17,891:INFO:The '!' was the 5th character
2018-12-15 23:34:17,891:INFO:

2018-12-15 23:34:17,952:INFO:The length of 'T4st!ng' is 7
2018-12-15 23:34:17,952:INFO:As a list it looks like this ['T', '4', 's', 't', '!', 'n', 'g']
2018-12-15 23:34:17,953:INFO:The letters in this password are: ['T', 's', 't', 'n', 'g']
2018-12-15 23:34:17,953:INFO:The 'T' was the 1st character
2018-12-15 23:34:17,953:INFO:The 's' was the 3rd character
2018-12-15 23:34:17,954:INFO:The 't' was the 4th character
2018-12-15 23:34:17,954:INFO:The 'n' was the 6th character
2018-12-15 23:34:17,954:INFO:The 'g' was the 7th character
2018-12-15 23:34:17,954:INFO:

2018-12-15 23:34:17,955:INFO:The numbers in this password are: ['4']
2018-12-15 23:34:17,955:INFO:The '4' was the 2nd character
2018-12-15 23:34:17,955:INFO:

2018-12-15 23:34:17,956:INFO:The symbols in this password are: ['!']
2018-12-15 23:34:17,956:INFO:The '!' was the 5th character
2018-12-15 23:34:17,956:INFO:

2018-12-15 23:34:18,027:INFO:The length of 'T4st!ng' is 7
2018-12-15 23:34:18,027:INFO:As a list it looks like this ['T', '4', 's', 't', '!', 'n', 'g']
2018-12-15 23:34:18,027:INFO:The letters in this password are: ['T', 's', 't', 'n', 'g']
2018-12-15 23:34:18,028:INFO:The 'T' was the 1st character
2018-12-15 23:34:18,028:INFO:The 's' was the 3rd character
2018-12-15 23:34:18,028:INFO:The 't' was the 4th character
2018-12-15 23:34:18,029:INFO:The 'n' was the 6th character
2018-12-15 23:34:18,029:INFO:The 'g' was the 7th character
2018-12-15 23:34:18,029:INFO:

2018-12-15 23:34:18,030:INFO:The numbers in this password are: ['4']
2018-12-15 23:34:18,030:INFO:The '4' was the 2nd character
2018-12-15 23:34:18,030:INFO:

2018-12-15 23:34:18,031:INFO:The symbols in this password are: ['!']
2018-12-15 23:34:18,031:INFO:The '!' was the 5th character
2018-12-15 23:34:18,031:INFO:

2018-12-15 23:34:18,090:INFO:The length of 'T4st!ng' is 7
2018-12-15 23:34:18,090:INFO:As a list it looks like this ['T', '4', 's', 't', '!', 'n', 'g']
2018-12-15 23:34:18,091:INFO:The letters in this password are: ['T', 's', 't', 'n', 'g']
2018-12-15 23:34:18,091:INFO:The 'T' was the 1st character
2018-12-15 23:34:18,091:INFO:The 's' was the 3rd character
2018-12-15 23:34:18,092:INFO:The 't' was the 4th character
2018-12-15 23:34:18,092:INFO:The 'n' was the 6th character
2018-12-15 23:34:18,092:INFO:The 'g' was the 7th character
2018-12-15 23:34:18,093:INFO:

2018-12-15 23:34:18,093:INFO:The numbers in this password are: ['4']
2018-12-15 23:34:18,094:INFO:The '4' was the 2nd character
2018-12-15 23:34:18,094:INFO:

2018-12-15 23:34:18,095:INFO:The symbols in this password are: ['!']
2018-12-15 23:34:18,095:INFO:The '!' was the 5th character
2018-12-15 23:34:18,095:INFO:

2018-12-15 23:34:18,156:INFO:The length of 'T4st!ng' is 7
2018-12-15 23:34:18,156:INFO:As a list it looks like this ['T', '4', 's', 't', '!', 'n', 'g']
2018-12-15 23:34:18,157:INFO:The letters in this password are: ['T', 's', 't', 'n', 'g']
2018-12-15 23:34:18,157:INFO:The 'T' was the 1st character
2018-12-15 23:34:18,157:INFO:The 's' was the 3rd character
2018-12-15 23:34:18,158:INFO:The 't' was the 4th character
2018-12-15 23:34:18,158:INFO:The 'n' was the 6th character
2018-12-15 23:34:18,158:INFO:The 'g' was the 7th character
2018-12-15 23:34:18,158:INFO:

2018-12-15 23:34:18,159:INFO:The numbers in this password are: ['4']
2018-12-15 23:34:18,159:INFO:The '4' was the 2nd character
2018-12-15 23:34:18,160:INFO:

2018-12-15 23:34:18,160:INFO:The symbols in this password are: ['!']
2018-12-15 23:34:18,160:INFO:The '!' was the 5th character
2018-12-15 23:34:18,161:INFO:

2018-12-15 23:34:18,218:INFO:The length of 'T4st!ng' is 7
2018-12-15 23:34:18,218:INFO:As a list it looks like this ['T', '4', 's', 't', '!', 'n', 'g']
2018-12-15 23:34:18,219:INFO:The letters in this password are: ['T', 's', 't', 'n', 'g']
2018-12-15 23:34:18,219:INFO:The 'T' was the 1st character
2018-12-15 23:34:18,219:INFO:The 's' was the 3rd character
2018-12-15 23:34:18,220:INFO:The 't' was the 4th character
2018-12-15 23:34:18,220:INFO:The 'n' was the 6th character
2018-12-15 23:34:18,221:INFO:The 'g' was the 7th character
2018-12-15 23:34:18,221:INFO:

2018-12-15 23:34:18,221:INFO:The numbers in this password are: ['4']
2018-12-15 23:34:18,222:INFO:The '4' was the 2nd character
2018-12-15 23:34:18,222:INFO:

2018-12-15 23:34:18,223:INFO:The symbols in this password are: ['!']
2018-12-15 23:34:18,223:INFO:The '!' was the 5th character
2018-12-15 23:34:18,223:INFO:

2018-12-15 23:34:18,280:INFO:The length of 'T4st!ng' is 7
2018-12-15 23:34:18,281:INFO:As a list it looks like this ['T', '4', 's', 't', '!', 'n', 'g']
2018-12-15 23:34:18,281:INFO:The letters in this password are: ['T', 's', 't', 'n', 'g']
2018-12-15 23:34:18,282:INFO:The 'T' was the 1st character
2018-12-15 23:34:18,282:INFO:The 's' was the 3rd character
2018-12-15 23:34:18,282:INFO:The 't' was the 4th character
2018-12-15 23:34:18,282:INFO:The 'n' was the 6th character
2018-12-15 23:34:18,283:INFO:The 'g' was the 7th character
2018-12-15 23:34:18,283:INFO:

2018-12-15 23:34:18,284:INFO:The numbers in this password are: ['4']
2018-12-15 23:34:18,284:INFO:The '4' was the 2nd character
2018-12-15 23:34:18,284:INFO:

2018-12-15 23:34:18,285:INFO:The symbols in this password are: ['!']
2018-12-15 23:34:18,285:INFO:The '!' was the 5th character
2018-12-15 23:34:18,285:INFO:

2018-12-15 23:34:18,347:INFO:The length of 'T4st!ng' is 7
2018-12-15 23:34:18,348:INFO:As a list it looks like this ['T', '4', 's', 't', '!', 'n', 'g']
2018-12-15 23:34:18,348:INFO:The letters in this password are: ['T', 's', 't', 'n', 'g']
2018-12-15 23:34:18,348:INFO:The 'T' was the 1st character
2018-12-15 23:34:18,348:INFO:The 's' was the 3rd character
2018-12-15 23:34:18,349:INFO:The 't' was the 4th character
2018-12-15 23:34:18,349:INFO:The 'n' was the 6th character
2018-12-15 23:34:18,349:INFO:The 'g' was the 7th character
2018-12-15 23:34:18,349:INFO:

2018-12-15 23:34:18,350:INFO:The numbers in this password are: ['4']
2018-12-15 23:34:18,350:INFO:The '4' was the 2nd character
2018-12-15 23:34:18,350:INFO:

2018-12-15 23:34:18,351:INFO:The symbols in this password are: ['!']
2018-12-15 23:34:18,351:INFO:The '!' was the 5th character
2018-12-15 23:34:18,352:INFO:

2018-12-15 23:34:18,419:INFO:The length of 'T4st!ng' is 7
2018-12-15 23:34:18,420:INFO:As a list it looks like this ['T', '4', 's', 't', '!', 'n', 'g']
2018-12-15 23:34:18,420:INFO:The letters in this password are: ['T', 's', 't', 'n', 'g']
2018-12-15 23:34:18,420:INFO:The 'T' was the 1st character
2018-12-15 23:34:18,420:INFO:The 's' was the 3rd character
2018-12-15 23:34:18,421:INFO:The 't' was the 4th character
2018-12-15 23:34:18,421:INFO:The 'n' was the 6th character
2018-12-15 23:34:18,421:INFO:The 'g' was the 7th character
2018-12-15 23:34:18,422:INFO:

2018-12-15 23:34:18,422:INFO:The numbers in this password are: ['4']
2018-12-15 23:34:18,422:INFO:The '4' was the 2nd character
2018-12-15 23:34:18,423:INFO:

2018-12-15 23:34:18,423:INFO:The symbols in this password are: ['!']
2018-12-15 23:34:18,423:INFO:The '!' was the 5th character
2018-12-15 23:34:18,424:INFO:

2018-12-15 23:34:18,480:INFO:The length of 'T4st!ng' is 7
2018-12-15 23:34:18,480:INFO:As a list it looks like this ['T', '4', 's', 't', '!', 'n', 'g']
2018-12-15 23:34:18,481:INFO:The letters in this password are: ['T', 's', 't', 'n', 'g']
2018-12-15 23:34:18,481:INFO:The 'T' was the 1st character
2018-12-15 23:34:18,481:INFO:The 's' was the 3rd character
2018-12-15 23:34:18,482:INFO:The 't' was the 4th character
2018-12-15 23:34:18,482:INFO:The 'n' was the 6th character
2018-12-15 23:34:18,482:INFO:The 'g' was the 7th character
2018-12-15 23:34:18,482:INFO:

2018-12-15 23:34:18,483:INFO:The numbers in this password are: ['4']
2018-12-15 23:34:18,483:INFO:The '4' was the 2nd character
2018-12-15 23:34:18,484:INFO:

2018-12-15 23:34:18,484:INFO:The symbols in this password are: ['!']
2018-12-15 23:34:18,484:INFO:The '!' was the 5th character
2018-12-15 23:34:18,485:INFO:

2018-12-15 23:34:18,546:INFO:The length of 'T4st!ng' is 7
2018-12-15 23:34:18,547:INFO:As a list it looks like this ['T', '4', 's', 't', '!', 'n', 'g']
2018-12-15 23:34:18,547:INFO:The letters in this password are: ['T', 's', 't', 'n', 'g']
2018-12-15 23:34:18,547:INFO:The 'T' was the 1st character
2018-12-15 23:34:18,548:INFO:The 's' was the 3rd character
2018-12-15 23:34:18,548:INFO:The 't' was the 4th character
2018-12-15 23:34:18,548:INFO:The 'n' was the 6th character
2018-12-15 23:34:18,549:INFO:The 'g' was the 7th character
2018-12-15 23:34:18,549:INFO:

2018-12-15 23:34:18,549:INFO:The numbers in this password are: ['4']
2018-12-15 23:34:18,550:INFO:The '4' was the 2nd character
2018-12-15 23:34:18,550:INFO:

2018-12-15 23:34:18,550:INFO:The symbols in this password are: ['!']
2018-12-15 23:34:18,551:INFO:The '!' was the 5th character
2018-12-15 23:34:18,551:INFO:

2018-12-15 23:34:18,618:INFO:The length of 'T4st!ng' is 7
2018-12-15 23:34:18,619:INFO:As a list it looks like this ['T', '4', 's', 't', '!', 'n', 'g']
2018-12-15 23:34:18,619:INFO:The letters in this password are: ['T', 's', 't', 'n', 'g']
2018-12-15 23:34:18,619:INFO:The 'T' was the 1st character
2018-12-15 23:34:18,620:INFO:The 's' was the 3rd character
2018-12-15 23:34:18,620:INFO:The 't' was the 4th character
2018-12-15 23:34:18,621:INFO:The 'n' was the 6th character
2018-12-15 23:34:18,621:INFO:The 'g' was the 7th character
2018-12-15 23:34:18,621:INFO:

2018-12-15 23:34:18,622:INFO:The numbers in this password are: ['4']
2018-12-15 23:34:18,622:INFO:The '4' was the 2nd character
2018-12-15 23:34:18,622:INFO:

2018-12-15 23:34:18,623:INFO:The symbols in this password are: ['!']
2018-12-15 23:34:18,623:INFO:The '!' was the 5th character
2018-12-15 23:34:18,624:INFO:

2018-12-15 23:34:18,681:INFO:The length of 'T4st!ng' is 7
2018-12-15 23:34:18,681:INFO:As a list it looks like this ['T', '4', 's', 't', '!', 'n', 'g']
2018-12-15 23:34:18,682:INFO:The letters in this password are: ['T', 's', 't', 'n', 'g']
2018-12-15 23:34:18,682:INFO:The 'T' was the 1st character
2018-12-15 23:34:18,682:INFO:The 's' was the 3rd character
2018-12-15 23:34:18,683:INFO:The 't' was the 4th character
2018-12-15 23:34:18,683:INFO:The 'n' was the 6th character
2018-12-15 23:34:18,683:INFO:The 'g' was the 7th character
2018-12-15 23:34:18,683:INFO:

2018-12-15 23:34:18,684:INFO:The numbers in this password are: ['4']
2018-12-15 23:34:18,684:INFO:The '4' was the 2nd character
2018-12-15 23:34:18,684:INFO:

2018-12-15 23:34:18,685:INFO:The symbols in this password are: ['!']
2018-12-15 23:34:18,685:INFO:The '!' was the 5th character
2018-12-15 23:34:18,686:INFO:

2018-12-15 23:34:18,748:INFO:The length of 'T4st!ng' is 7
2018-12-15 23:34:18,749:INFO:As a list it looks like this ['T', '4', 's', 't', '!', 'n', 'g']
2018-12-15 23:34:18,749:INFO:The letters in this password are: ['T', 's', 't', 'n', 'g']
2018-12-15 23:34:18,750:INFO:The 'T' was the 1st character
2018-12-15 23:34:18,750:INFO:The 's' was the 3rd character
2018-12-15 23:34:18,750:INFO:The 't' was the 4th character
2018-12-15 23:34:18,751:INFO:The 'n' was the 6th character
2018-12-15 23:34:18,751:INFO:The 'g' was the 7th character
2018-12-15 23:34:18,751:INFO:

2018-12-15 23:34:18,752:INFO:The numbers in this password are: ['4']
2018-12-15 23:34:18,752:INFO:The '4' was the 2nd character
2018-12-15 23:34:18,752:INFO:

2018-12-15 23:34:18,753:INFO:The symbols in this password are: ['!']
2018-12-15 23:34:18,753:INFO:The '!' was the 5th character
2018-12-15 23:34:18,753:INFO:

2018-12-15 23:34:18,814:INFO:The length of 'T4st!ng' is 7
2018-12-15 23:34:18,815:INFO:As a list it looks like this ['T', '4', 's', 't', '!', 'n', 'g']
2018-12-15 23:34:18,815:INFO:The letters in this password are: ['T', 's', 't', 'n', 'g']
2018-12-15 23:34:18,816:INFO:The 'T' was the 1st character
2018-12-15 23:34:18,816:INFO:The 's' was the 3rd character
2018-12-15 23:34:18,816:INFO:The 't' was the 4th character
2018-12-15 23:34:18,817:INFO:The 'n' was the 6th character
2018-12-15 23:34:18,817:INFO:The 'g' was the 7th character
2018-12-15 23:34:18,817:INFO:

2018-12-15 23:34:18,818:INFO:The numbers in this password are: ['4']
2018-12-15 23:34:18,818:INFO:The '4' was the 2nd character
2018-12-15 23:34:18,818:INFO:

2018-12-15 23:34:18,819:INFO:The symbols in this password are: ['!']
2018-12-15 23:34:18,819:INFO:The '!' was the 5th character
2018-12-15 23:34:18,819:INFO:

2018-12-15 23:34:18,875:INFO:The length of 'T4st!ng' is 7
2018-12-15 23:34:18,876:INFO:As a list it looks like this ['T', '4', 's', 't', '!', 'n', 'g']
2018-12-15 23:34:18,876:INFO:The letters in this password are: ['T', 's', 't', 'n', 'g']
2018-12-15 23:34:18,876:INFO:The 'T' was the 1st character
2018-12-15 23:34:18,876:INFO:The 's' was the 3rd character
2018-12-15 23:34:18,877:INFO:The 't' was the 4th character
2018-12-15 23:34:18,877:INFO:The 'n' was the 6th character
2018-12-15 23:34:18,877:INFO:The 'g' was the 7th character
2018-12-15 23:34:18,878:INFO:

2018-12-15 23:34:18,878:INFO:The numbers in this password are: ['4']
2018-12-15 23:34:18,878:INFO:The '4' was the 2nd character
2018-12-15 23:34:18,879:INFO:

2018-12-15 23:34:18,879:INFO:The symbols in this password are: ['!']
2018-12-15 23:34:18,880:INFO:The '!' was the 5th character
2018-12-15 23:34:18,880:INFO:

2018-12-15 23:34:18,937:INFO:The length of 'T4st!ng' is 7
2018-12-15 23:34:18,938:INFO:As a list it looks like this ['T', '4', 's', 't', '!', 'n', 'g']
2018-12-15 23:34:18,938:INFO:The letters in this password are: ['T', 's', 't', 'n', 'g']
2018-12-15 23:34:18,938:INFO:The 'T' was the 1st character
2018-12-15 23:34:18,938:INFO:The 's' was the 3rd character
2018-12-15 23:34:18,939:INFO:The 't' was the 4th character
2018-12-15 23:34:18,939:INFO:The 'n' was the 6th character
2018-12-15 23:34:18,939:INFO:The 'g' was the 7th character
2018-12-15 23:34:18,940:INFO:

2018-12-15 23:34:18,940:INFO:The numbers in this password are: ['4']
2018-12-15 23:34:18,940:INFO:The '4' was the 2nd character
2018-12-15 23:34:18,941:INFO:

2018-12-15 23:34:18,942:INFO:The symbols in this password are: ['!']
2018-12-15 23:34:18,942:INFO:The '!' was the 5th character
2018-12-15 23:34:18,942:INFO:

2018-12-15 23:34:19,003:INFO:The length of 'T4st!ng' is 7
2018-12-15 23:34:19,004:INFO:As a list it looks like this ['T', '4', 's', 't', '!', 'n', 'g']
2018-12-15 23:34:19,004:INFO:The letters in this password are: ['T', 's', 't', 'n', 'g']
2018-12-15 23:34:19,005:INFO:The 'T' was the 1st character
2018-12-15 23:34:19,005:INFO:The 's' was the 3rd character
2018-12-15 23:34:19,005:INFO:The 't' was the 4th character
2018-12-15 23:34:19,005:INFO:The 'n' was the 6th character
2018-12-15 23:34:19,006:INFO:The 'g' was the 7th character
2018-12-15 23:34:19,006:INFO:

2018-12-15 23:34:19,006:INFO:The numbers in this password are: ['4']
2018-12-15 23:34:19,007:INFO:The '4' was the 2nd character
2018-12-15 23:34:19,007:INFO:

2018-12-15 23:34:19,008:INFO:The symbols in this password are: ['!']
2018-12-15 23:34:19,008:INFO:The '!' was the 5th character
2018-12-15 23:34:19,009:INFO:

2018-12-15 23:34:19,070:INFO:The length of 'T4st!ng' is 7
2018-12-15 23:34:19,070:INFO:As a list it looks like this ['T', '4', 's', 't', '!', 'n', 'g']
2018-12-15 23:34:19,071:INFO:The letters in this password are: ['T', 's', 't', 'n', 'g']
2018-12-15 23:34:19,071:INFO:The 'T' was the 1st character
2018-12-15 23:34:19,071:INFO:The 's' was the 3rd character
2018-12-15 23:34:19,071:INFO:The 't' was the 4th character
2018-12-15 23:34:19,072:INFO:The 'n' was the 6th character
2018-12-15 23:34:19,072:INFO:The 'g' was the 7th character
2018-12-15 23:34:19,072:INFO:

2018-12-15 23:34:19,073:INFO:The numbers in this password are: ['4']
2018-12-15 23:34:19,073:INFO:The '4' was the 2nd character
2018-12-15 23:34:19,073:INFO:

2018-12-15 23:34:19,074:INFO:The symbols in this password are: ['!']
2018-12-15 23:34:19,074:INFO:The '!' was the 5th character
2018-12-15 23:34:19,075:INFO:

2018-12-15 23:34:19,135:INFO:The length of 'T4st!ng' is 7
2018-12-15 23:34:19,136:INFO:As a list it looks like this ['T', '4', 's', 't', '!', 'n', 'g']
2018-12-15 23:34:19,136:INFO:The letters in this password are: ['T', 's', 't', 'n', 'g']
2018-12-15 23:34:19,137:INFO:The 'T' was the 1st character
2018-12-15 23:34:19,137:INFO:The 's' was the 3rd character
2018-12-15 23:34:19,137:INFO:The 't' was the 4th character
2018-12-15 23:34:19,138:INFO:The 'n' was the 6th character
2018-12-15 23:34:19,138:INFO:The 'g' was the 7th character
2018-12-15 23:34:19,138:INFO:

2018-12-15 23:34:19,139:INFO:The numbers in this password are: ['4']
2018-12-15 23:34:19,139:INFO:The '4' was the 2nd character
2018-12-15 23:34:19,139:INFO:

2018-12-15 23:34:19,140:INFO:The symbols in this password are: ['!']
2018-12-15 23:34:19,140:INFO:The '!' was the 5th character
2018-12-15 23:34:19,140:INFO:

2018-12-15 23:34:19,197:INFO:The length of 'T4st!ng' is 7
2018-12-15 23:34:19,198:INFO:As a list it looks like this ['T', '4', 's', 't', '!', 'n', 'g']
2018-12-15 23:34:19,198:INFO:The letters in this password are: ['T', 's', 't', 'n', 'g']
2018-12-15 23:34:19,199:INFO:The 'T' was the 1st character
2018-12-15 23:34:19,199:INFO:The 's' was the 3rd character
2018-12-15 23:34:19,200:INFO:The 't' was the 4th character
2018-12-15 23:34:19,201:INFO:The 'n' was the 6th character
2018-12-15 23:34:19,201:INFO:The 'g' was the 7th character
2018-12-15 23:34:19,201:INFO:

2018-12-15 23:34:19,202:INFO:The numbers in this password are: ['4']
2018-12-15 23:34:19,202:INFO:The '4' was the 2nd character
2018-12-15 23:34:19,203:INFO:

2018-12-15 23:34:19,203:INFO:The symbols in this password are: ['!']
2018-12-15 23:34:19,203:INFO:The '!' was the 5th character
2018-12-15 23:34:19,203:INFO:

2018-12-15 23:34:19,264:INFO:The length of 'T4st!ng' is 7
2018-12-15 23:34:19,264:INFO:As a list it looks like this ['T', '4', 's', 't', '!', 'n', 'g']
2018-12-15 23:34:19,264:INFO:The letters in this password are: ['T', 's', 't', 'n', 'g']
2018-12-15 23:34:19,265:INFO:The 'T' was the 1st character
2018-12-15 23:34:19,265:INFO:The 's' was the 3rd character
2018-12-15 23:34:19,265:INFO:The 't' was the 4th character
2018-12-15 23:34:19,266:INFO:The 'n' was the 6th character
2018-12-15 23:34:19,266:INFO:The 'g' was the 7th character
2018-12-15 23:34:19,266:INFO:

2018-12-15 23:34:19,267:INFO:The numbers in this password are: ['4']
2018-12-15 23:34:19,267:INFO:The '4' was the 2nd character
2018-12-15 23:34:19,267:INFO:

2018-12-15 23:34:19,268:INFO:The symbols in this password are: ['!']
2018-12-15 23:34:19,268:INFO:The '!' was the 5th character
2018-12-15 23:34:19,268:INFO:

2018-12-15 23:34:19,327:INFO:The length of 'T4st!ng' is 7
2018-12-15 23:34:19,327:INFO:As a list it looks like this ['T', '4', 's', 't', '!', 'n', 'g']
2018-12-15 23:34:19,328:INFO:The letters in this password are: ['T', 's', 't', 'n', 'g']
2018-12-15 23:34:19,328:INFO:The 'T' was the 1st character
2018-12-15 23:34:19,328:INFO:The 's' was the 3rd character
2018-12-15 23:34:19,328:INFO:The 't' was the 4th character
2018-12-15 23:34:19,329:INFO:The 'n' was the 6th character
2018-12-15 23:34:19,329:INFO:The 'g' was the 7th character
2018-12-15 23:34:19,329:INFO:

2018-12-15 23:34:19,330:INFO:The numbers in this password are: ['4']
2018-12-15 23:34:19,330:INFO:The '4' was the 2nd character
2018-12-15 23:34:19,332:INFO:

2018-12-15 23:34:19,332:INFO:The symbols in this password are: ['!']
2018-12-15 23:34:19,332:INFO:The '!' was the 5th character
2018-12-15 23:34:19,333:INFO:

2018-12-15 23:34:19,389:INFO:The length of 'T4st!ng' is 7
2018-12-15 23:34:19,390:INFO:As a list it looks like this ['T', '4', 's', 't', '!', 'n', 'g']
2018-12-15 23:34:19,390:INFO:The letters in this password are: ['T', 's', 't', 'n', 'g']
2018-12-15 23:34:19,391:INFO:The 'T' was the 1st character
2018-12-15 23:34:19,391:INFO:The 's' was the 3rd character
2018-12-15 23:34:19,392:INFO:The 't' was the 4th character
2018-12-15 23:34:19,392:INFO:The 'n' was the 6th character
2018-12-15 23:34:19,392:INFO:The 'g' was the 7th character
2018-12-15 23:34:19,393:INFO:

2018-12-15 23:34:19,393:INFO:The numbers in this password are: ['4']
2018-12-15 23:34:19,393:INFO:The '4' was the 2nd character
2018-12-15 23:34:19,394:INFO:

2018-12-15 23:34:19,394:INFO:The symbols in this password are: ['!']
2018-12-15 23:34:19,395:INFO:The '!' was the 5th character
2018-12-15 23:34:19,395:INFO:

2018-12-15 23:34:19,453:INFO:The length of 'T4st!ng' is 7
2018-12-15 23:34:19,454:INFO:As a list it looks like this ['T', '4', 's', 't', '!', 'n', 'g']
2018-12-15 23:34:19,454:INFO:The letters in this password are: ['T', 's', 't', 'n', 'g']
2018-12-15 23:34:19,455:INFO:The 'T' was the 1st character
2018-12-15 23:34:19,455:INFO:The 's' was the 3rd character
2018-12-15 23:34:19,455:INFO:The 't' was the 4th character
2018-12-15 23:34:19,455:INFO:The 'n' was the 6th character
2018-12-15 23:34:19,456:INFO:The 'g' was the 7th character
2018-12-15 23:34:19,456:INFO:

2018-12-15 23:34:19,457:INFO:The numbers in this password are: ['4']
2018-12-15 23:34:19,457:INFO:The '4' was the 2nd character
2018-12-15 23:34:19,457:INFO:

2018-12-15 23:34:19,458:INFO:The symbols in this password are: ['!']
2018-12-15 23:34:19,458:INFO:The '!' was the 5th character
2018-12-15 23:34:19,458:INFO:

2018-12-15 23:34:19,522:INFO:The length of 'T4st!ng' is 7
2018-12-15 23:34:19,522:INFO:As a list it looks like this ['T', '4', 's', 't', '!', 'n', 'g']
2018-12-15 23:34:19,523:INFO:The letters in this password are: ['T', 's', 't', 'n', 'g']
2018-12-15 23:34:19,523:INFO:The 'T' was the 1st character
2018-12-15 23:34:19,524:INFO:The 's' was the 3rd character
2018-12-15 23:34:19,524:INFO:The 't' was the 4th character
2018-12-15 23:34:19,525:INFO:The 'n' was the 6th character
2018-12-15 23:34:19,525:INFO:The 'g' was the 7th character
2018-12-15 23:34:19,526:INFO:

2018-12-15 23:34:19,526:INFO:The numbers in this password are: ['4']
2018-12-15 23:34:19,527:INFO:The '4' was the 2nd character
2018-12-15 23:34:19,527:INFO:

2018-12-15 23:34:19,528:INFO:The symbols in this password are: ['!']
2018-12-15 23:34:19,529:INFO:The '!' was the 5th character
2018-12-15 23:34:19,529:INFO:

2018-12-15 23:34:19,592:INFO:The length of 'T4st!ng' is 7
2018-12-15 23:34:19,593:INFO:As a list it looks like this ['T', '4', 's', 't', '!', 'n', 'g']
2018-12-15 23:34:19,593:INFO:The letters in this password are: ['T', 's', 't', 'n', 'g']
2018-12-15 23:34:19,594:INFO:The 'T' was the 1st character
2018-12-15 23:34:19,594:INFO:The 's' was the 3rd character
2018-12-15 23:34:19,595:INFO:The 't' was the 4th character
2018-12-15 23:34:19,595:INFO:The 'n' was the 6th character
2018-12-15 23:34:19,595:INFO:The 'g' was the 7th character
2018-12-15 23:34:19,596:INFO:

2018-12-15 23:34:19,596:INFO:The numbers in this password are: ['4']
2018-12-15 23:34:19,597:INFO:The '4' was the 2nd character
2018-12-15 23:34:19,597:INFO:

2018-12-15 23:34:19,597:INFO:The symbols in this password are: ['!']
2018-12-15 23:34:19,598:INFO:The '!' was the 5th character
2018-12-15 23:34:19,598:INFO:

2018-12-15 23:34:19,657:INFO:The length of 'T4st!ng' is 7
2018-12-15 23:34:19,658:INFO:As a list it looks like this ['T', '4', 's', 't', '!', 'n', 'g']
2018-12-15 23:34:19,658:INFO:The letters in this password are: ['T', 's', 't', 'n', 'g']
2018-12-15 23:34:19,658:INFO:The 'T' was the 1st character
2018-12-15 23:34:19,659:INFO:The 's' was the 3rd character
2018-12-15 23:34:19,659:INFO:The 't' was the 4th character
2018-12-15 23:34:19,659:INFO:The 'n' was the 6th character
2018-12-15 23:34:19,660:INFO:The 'g' was the 7th character
2018-12-15 23:34:19,660:INFO:

2018-12-15 23:34:19,661:INFO:The numbers in this password are: ['4']
2018-12-15 23:34:19,661:INFO:The '4' was the 2nd character
2018-12-15 23:34:19,661:INFO:

2018-12-15 23:34:19,662:INFO:The symbols in this password are: ['!']
2018-12-15 23:34:19,662:INFO:The '!' was the 5th character
2018-12-15 23:34:19,662:INFO:

2018-12-15 23:34:19,725:INFO:The length of 'T4st!ng' is 7
2018-12-15 23:34:19,726:INFO:As a list it looks like this ['T', '4', 's', 't', '!', 'n', 'g']
2018-12-15 23:34:19,726:INFO:The letters in this password are: ['T', 's', 't', 'n', 'g']
2018-12-15 23:34:19,726:INFO:The 'T' was the 1st character
2018-12-15 23:34:19,727:INFO:The 's' was the 3rd character
2018-12-15 23:34:19,727:INFO:The 't' was the 4th character
2018-12-15 23:34:19,727:INFO:The 'n' was the 6th character
2018-12-15 23:34:19,728:INFO:The 'g' was the 7th character
2018-12-15 23:34:19,728:INFO:

2018-12-15 23:34:19,729:INFO:The numbers in this password are: ['4']
2018-12-15 23:34:19,729:INFO:The '4' was the 2nd character
2018-12-15 23:34:19,729:INFO:

2018-12-15 23:34:19,729:INFO:The symbols in this password are: ['!']
2018-12-15 23:34:19,730:INFO:The '!' was the 5th character
2018-12-15 23:34:19,730:INFO:

2018-12-15 23:34:19,791:INFO:The length of 'T4st!ng' is 7
2018-12-15 23:34:19,792:INFO:As a list it looks like this ['T', '4', 's', 't', '!', 'n', 'g']
2018-12-15 23:34:19,792:INFO:The letters in this password are: ['T', 's', 't', 'n', 'g']
2018-12-15 23:34:19,792:INFO:The 'T' was the 1st character
2018-12-15 23:34:19,793:INFO:The 's' was the 3rd character
2018-12-15 23:34:19,793:INFO:The 't' was the 4th character
2018-12-15 23:34:19,793:INFO:The 'n' was the 6th character
2018-12-15 23:34:19,794:INFO:The 'g' was the 7th character
2018-12-15 23:34:19,794:INFO:

2018-12-15 23:34:19,794:INFO:The numbers in this password are: ['4']
2018-12-15 23:34:19,795:INFO:The '4' was the 2nd character
2018-12-15 23:34:19,795:INFO:

2018-12-15 23:34:19,795:INFO:The symbols in this password are: ['!']
2018-12-15 23:34:19,796:INFO:The '!' was the 5th character
2018-12-15 23:34:19,796:INFO:

2018-12-15 23:34:19,856:INFO:The length of 'T4st!ng' is 7
2018-12-15 23:34:19,857:INFO:As a list it looks like this ['T', '4', 's', 't', '!', 'n', 'g']
2018-12-15 23:34:19,857:INFO:The letters in this password are: ['T', 's', 't', 'n', 'g']
2018-12-15 23:34:19,857:INFO:The 'T' was the 1st character
2018-12-15 23:34:19,858:INFO:The 's' was the 3rd character
2018-12-15 23:34:19,858:INFO:The 't' was the 4th character
2018-12-15 23:34:19,858:INFO:The 'n' was the 6th character
2018-12-15 23:34:19,858:INFO:The 'g' was the 7th character
2018-12-15 23:34:19,859:INFO:

2018-12-15 23:34:19,859:INFO:The numbers in this password are: ['4']
2018-12-15 23:34:19,860:INFO:The '4' was the 2nd character
2018-12-15 23:34:19,860:INFO:

2018-12-15 23:34:19,860:INFO:The symbols in this password are: ['!']
2018-12-15 23:34:19,861:INFO:The '!' was the 5th character
2018-12-15 23:34:19,861:INFO:

2018-12-15 23:34:19,918:INFO:The length of 'T4st!ng' is 7
2018-12-15 23:34:19,918:INFO:As a list it looks like this ['T', '4', 's', 't', '!', 'n', 'g']
2018-12-15 23:34:19,919:INFO:The letters in this password are: ['T', 's', 't', 'n', 'g']
2018-12-15 23:34:19,919:INFO:The 'T' was the 1st character
2018-12-15 23:34:19,920:INFO:The 's' was the 3rd character
2018-12-15 23:34:19,920:INFO:The 't' was the 4th character
2018-12-15 23:34:19,920:INFO:The 'n' was the 6th character
2018-12-15 23:34:19,921:INFO:The 'g' was the 7th character
2018-12-15 23:34:19,921:INFO:

2018-12-15 23:34:19,922:INFO:The numbers in this password are: ['4']
2018-12-15 23:34:19,922:INFO:The '4' was the 2nd character
2018-12-15 23:34:19,923:INFO:

2018-12-15 23:34:19,923:INFO:The symbols in this password are: ['!']
2018-12-15 23:34:19,924:INFO:The '!' was the 5th character
2018-12-15 23:34:19,924:INFO:

2018-12-15 23:34:19,983:INFO:The length of 'T4st!ng' is 7
2018-12-15 23:34:19,984:INFO:As a list it looks like this ['T', '4', 's', 't', '!', 'n', 'g']
2018-12-15 23:34:19,986:INFO:The letters in this password are: ['T', 's', 't', 'n', 'g']
2018-12-15 23:34:19,987:INFO:The 'T' was the 1st character
2018-12-15 23:34:19,987:INFO:The 's' was the 3rd character
2018-12-15 23:34:19,987:INFO:The 't' was the 4th character
2018-12-15 23:34:19,988:INFO:The 'n' was the 6th character
2018-12-15 23:34:19,988:INFO:The 'g' was the 7th character
2018-12-15 23:34:19,988:INFO:

2018-12-15 23:34:19,989:INFO:The numbers in this password are: ['4']
2018-12-15 23:34:19,989:INFO:The '4' was the 2nd character
2018-12-15 23:34:19,989:INFO:

2018-12-15 23:34:19,990:INFO:The symbols in this password are: ['!']
2018-12-15 23:34:19,990:INFO:The '!' was the 5th character
2018-12-15 23:34:19,990:INFO:

2018-12-15 23:34:20,049:INFO:The length of 'T4st!ng' is 7
2018-12-15 23:34:20,050:INFO:As a list it looks like this ['T', '4', 's', 't', '!', 'n', 'g']
2018-12-15 23:34:20,050:INFO:The letters in this password are: ['T', 's', 't', 'n', 'g']
2018-12-15 23:34:20,051:INFO:The 'T' was the 1st character
2018-12-15 23:34:20,052:INFO:The 's' was the 3rd character
2018-12-15 23:34:20,052:INFO:The 't' was the 4th character
2018-12-15 23:34:20,052:INFO:The 'n' was the 6th character
2018-12-15 23:34:20,053:INFO:The 'g' was the 7th character
2018-12-15 23:34:20,053:INFO:

2018-12-15 23:34:20,053:INFO:The numbers in this password are: ['4']
2018-12-15 23:34:20,054:INFO:The '4' was the 2nd character
2018-12-15 23:34:20,054:INFO:

2018-12-15 23:34:20,054:INFO:The symbols in this password are: ['!']
2018-12-15 23:34:20,055:INFO:The '!' was the 5th character
2018-12-15 23:34:20,055:INFO:

2018-12-15 23:34:20,112:INFO:The length of 'T4st!ng' is 7
2018-12-15 23:34:20,112:INFO:As a list it looks like this ['T', '4', 's', 't', '!', 'n', 'g']
2018-12-15 23:34:20,112:INFO:The letters in this password are: ['T', 's', 't', 'n', 'g']
2018-12-15 23:34:20,113:INFO:The 'T' was the 1st character
2018-12-15 23:34:20,113:INFO:The 's' was the 3rd character
2018-12-15 23:34:20,113:INFO:The 't' was the 4th character
2018-12-15 23:34:20,114:INFO:The 'n' was the 6th character
2018-12-15 23:34:20,114:INFO:The 'g' was the 7th character
2018-12-15 23:34:20,114:INFO:

2018-12-15 23:34:20,115:INFO:The numbers in this password are: ['4']
2018-12-15 23:34:20,115:INFO:The '4' was the 2nd character
2018-12-15 23:34:20,116:INFO:

2018-12-15 23:34:20,116:INFO:The symbols in this password are: ['!']
2018-12-15 23:34:20,117:INFO:The '!' was the 5th character
2018-12-15 23:34:20,117:INFO:

2018-12-15 23:34:20,177:INFO:The length of 'T4st!ng' is 7
2018-12-15 23:34:20,178:INFO:As a list it looks like this ['T', '4', 's', 't', '!', 'n', 'g']
2018-12-15 23:34:20,178:INFO:The letters in this password are: ['T', 's', 't', 'n', 'g']
2018-12-15 23:34:20,179:INFO:The 'T' was the 1st character
2018-12-15 23:34:20,179:INFO:The 's' was the 3rd character
2018-12-15 23:34:20,179:INFO:The 't' was the 4th character
2018-12-15 23:34:20,179:INFO:The 'n' was the 6th character
2018-12-15 23:34:20,180:INFO:The 'g' was the 7th character
2018-12-15 23:34:20,180:INFO:

2018-12-15 23:34:20,180:INFO:The numbers in this password are: ['4']
2018-12-15 23:34:20,181:INFO:The '4' was the 2nd character
2018-12-15 23:34:20,181:INFO:

2018-12-15 23:34:20,181:INFO:The symbols in this password are: ['!']
2018-12-15 23:34:20,182:INFO:The '!' was the 5th character
2018-12-15 23:34:20,182:INFO:

2018-12-15 23:34:20,254:INFO:The length of 'T4st!ng' is 7
2018-12-15 23:34:20,255:INFO:As a list it looks like this ['T', '4', 's', 't', '!', 'n', 'g']
2018-12-15 23:34:20,255:INFO:The letters in this password are: ['T', 's', 't', 'n', 'g']
2018-12-15 23:34:20,255:INFO:The 'T' was the 1st character
2018-12-15 23:34:20,256:INFO:The 's' was the 3rd character
2018-12-15 23:34:20,256:INFO:The 't' was the 4th character
2018-12-15 23:34:20,256:INFO:The 'n' was the 6th character
2018-12-15 23:34:20,256:INFO:The 'g' was the 7th character
2018-12-15 23:34:20,257:INFO:

2018-12-15 23:34:20,257:INFO:The numbers in this password are: ['4']
2018-12-15 23:34:20,257:INFO:The '4' was the 2nd character
2018-12-15 23:34:20,257:INFO:

2018-12-15 23:34:20,258:INFO:The symbols in this password are: ['!']
2018-12-15 23:34:20,258:INFO:The '!' was the 5th character
2018-12-15 23:34:20,258:INFO:

2018-12-15 23:34:20,315:INFO:The length of 'T4st!ng' is 7
2018-12-15 23:34:20,315:INFO:As a list it looks like this ['T', '4', 's', 't', '!', 'n', 'g']
2018-12-15 23:34:20,316:INFO:The letters in this password are: ['T', 's', 't', 'n', 'g']
2018-12-15 23:34:20,316:INFO:The 'T' was the 1st character
2018-12-15 23:34:20,316:INFO:The 's' was the 3rd character
2018-12-15 23:34:20,317:INFO:The 't' was the 4th character
2018-12-15 23:34:20,317:INFO:The 'n' was the 6th character
2018-12-15 23:34:20,318:INFO:The 'g' was the 7th character
2018-12-15 23:34:20,318:INFO:

2018-12-15 23:34:20,319:INFO:The numbers in this password are: ['4']
2018-12-15 23:34:20,319:INFO:The '4' was the 2nd character
2018-12-15 23:34:20,319:INFO:

2018-12-15 23:34:20,320:INFO:The symbols in this password are: ['!']
2018-12-15 23:34:20,320:INFO:The '!' was the 5th character
2018-12-15 23:34:20,321:INFO:

2018-12-15 23:34:20,382:INFO:The length of 'T4st!ng' is 7
2018-12-15 23:34:20,383:INFO:As a list it looks like this ['T', '4', 's', 't', '!', 'n', 'g']
2018-12-15 23:34:20,384:INFO:The letters in this password are: ['T', 's', 't', 'n', 'g']
2018-12-15 23:34:20,384:INFO:The 'T' was the 1st character
2018-12-15 23:34:20,384:INFO:The 's' was the 3rd character
2018-12-15 23:34:20,385:INFO:The 't' was the 4th character
2018-12-15 23:34:20,385:INFO:The 'n' was the 6th character
2018-12-15 23:34:20,385:INFO:The 'g' was the 7th character
2018-12-15 23:34:20,385:INFO:

2018-12-15 23:34:20,386:INFO:The numbers in this password are: ['4']
2018-12-15 23:34:20,386:INFO:The '4' was the 2nd character
2018-12-15 23:34:20,386:INFO:

2018-12-15 23:34:20,387:INFO:The symbols in this password are: ['!']
2018-12-15 23:34:20,388:INFO:The '!' was the 5th character
2018-12-15 23:34:20,388:INFO:

2018-12-15 23:34:20,452:INFO:The length of 'T4st!ng' is 7
2018-12-15 23:34:20,452:INFO:As a list it looks like this ['T', '4', 's', 't', '!', 'n', 'g']
2018-12-15 23:34:20,453:INFO:The letters in this password are: ['T', 's', 't', 'n', 'g']
2018-12-15 23:34:20,453:INFO:The 'T' was the 1st character
2018-12-15 23:34:20,453:INFO:The 's' was the 3rd character
2018-12-15 23:34:20,454:INFO:The 't' was the 4th character
2018-12-15 23:34:20,454:INFO:The 'n' was the 6th character
2018-12-15 23:34:20,454:INFO:The 'g' was the 7th character
2018-12-15 23:34:20,455:INFO:

2018-12-15 23:34:20,455:INFO:The numbers in this password are: ['4']
2018-12-15 23:34:20,455:INFO:The '4' was the 2nd character
2018-12-15 23:34:20,456:INFO:

2018-12-15 23:34:20,456:INFO:The symbols in this password are: ['!']
2018-12-15 23:34:20,457:INFO:The '!' was the 5th character
2018-12-15 23:34:20,457:INFO:

2018-12-15 23:34:20,522:INFO:The length of 'T4st!ng' is 7
2018-12-15 23:34:20,522:INFO:As a list it looks like this ['T', '4', 's', 't', '!', 'n', 'g']
2018-12-15 23:34:20,523:INFO:The letters in this password are: ['T', 's', 't', 'n', 'g']
2018-12-15 23:34:20,524:INFO:The 'T' was the 1st character
2018-12-15 23:34:20,524:INFO:The 's' was the 3rd character
2018-12-15 23:34:20,525:INFO:The 't' was the 4th character
2018-12-15 23:34:20,525:INFO:The 'n' was the 6th character
2018-12-15 23:34:20,525:INFO:The 'g' was the 7th character
2018-12-15 23:34:20,526:INFO:

2018-12-15 23:34:20,526:INFO:The numbers in this password are: ['4']
2018-12-15 23:34:20,528:INFO:The '4' was the 2nd character
2018-12-15 23:34:20,528:INFO:

2018-12-15 23:34:20,529:INFO:The symbols in this password are: ['!']
2018-12-15 23:34:20,529:INFO:The '!' was the 5th character
2018-12-15 23:34:20,529:INFO:

2018-12-15 23:34:20,594:INFO:The length of 'T4st!ng' is 7
2018-12-15 23:34:20,595:INFO:As a list it looks like this ['T', '4', 's', 't', '!', 'n', 'g']
2018-12-15 23:34:20,595:INFO:The letters in this password are: ['T', 's', 't', 'n', 'g']
2018-12-15 23:34:20,596:INFO:The 'T' was the 1st character
2018-12-15 23:34:20,596:INFO:The 's' was the 3rd character
2018-12-15 23:34:20,596:INFO:The 't' was the 4th character
2018-12-15 23:34:20,596:INFO:The 'n' was the 6th character
2018-12-15 23:34:20,597:INFO:The 'g' was the 7th character
2018-12-15 23:34:20,597:INFO:

2018-12-15 23:34:20,598:INFO:The numbers in this password are: ['4']
2018-12-15 23:34:20,598:INFO:The '4' was the 2nd character
2018-12-15 23:34:20,598:INFO:

2018-12-15 23:34:20,599:INFO:The symbols in this password are: ['!']
2018-12-15 23:34:20,599:INFO:The '!' was the 5th character
2018-12-15 23:34:20,599:INFO:

2018-12-15 23:34:20,670:INFO:The length of 'T4st!ng' is 7
2018-12-15 23:34:20,670:INFO:As a list it looks like this ['T', '4', 's', 't', '!', 'n', 'g']
2018-12-15 23:34:20,671:INFO:The letters in this password are: ['T', 's', 't', 'n', 'g']
2018-12-15 23:34:20,671:INFO:The 'T' was the 1st character
2018-12-15 23:34:20,671:INFO:The 's' was the 3rd character
2018-12-15 23:34:20,672:INFO:The 't' was the 4th character
2018-12-15 23:34:20,672:INFO:The 'n' was the 6th character
2018-12-15 23:34:20,672:INFO:The 'g' was the 7th character
2018-12-15 23:34:20,673:INFO:

2018-12-15 23:34:20,673:INFO:The numbers in this password are: ['4']
2018-12-15 23:34:20,673:INFO:The '4' was the 2nd character
2018-12-15 23:34:20,674:INFO:

2018-12-15 23:34:20,674:INFO:The symbols in this password are: ['!']
2018-12-15 23:34:20,674:INFO:The '!' was the 5th character
2018-12-15 23:34:20,674:INFO:

2018-12-15 23:34:20,736:INFO:The length of 'T4st!ng' is 7
2018-12-15 23:34:20,736:INFO:As a list it looks like this ['T', '4', 's', 't', '!', 'n', 'g']
2018-12-15 23:34:20,736:INFO:The letters in this password are: ['T', 's', 't', 'n', 'g']
2018-12-15 23:34:20,737:INFO:The 'T' was the 1st character
2018-12-15 23:34:20,737:INFO:The 's' was the 3rd character
2018-12-15 23:34:20,737:INFO:The 't' was the 4th character
2018-12-15 23:34:20,737:INFO:The 'n' was the 6th character
2018-12-15 23:34:20,738:INFO:The 'g' was the 7th character
2018-12-15 23:34:20,739:INFO:

2018-12-15 23:34:20,741:INFO:The numbers in this password are: ['4']
2018-12-15 23:34:20,741:INFO:The '4' was the 2nd character
2018-12-15 23:34:20,741:INFO:

2018-12-15 23:34:20,742:INFO:The symbols in this password are: ['!']
2018-12-15 23:34:20,742:INFO:The '!' was the 5th character
2018-12-15 23:34:20,742:INFO:

2018-12-15 23:34:20,801:INFO:The length of 'T4st!ng' is 7
2018-12-15 23:34:20,801:INFO:As a list it looks like this ['T', '4', 's', 't', '!', 'n', 'g']
2018-12-15 23:34:20,802:INFO:The letters in this password are: ['T', 's', 't', 'n', 'g']
2018-12-15 23:34:20,802:INFO:The 'T' was the 1st character
2018-12-15 23:34:20,802:INFO:The 's' was the 3rd character
2018-12-15 23:34:20,803:INFO:The 't' was the 4th character
2018-12-15 23:34:20,803:INFO:The 'n' was the 6th character
2018-12-15 23:34:20,803:INFO:The 'g' was the 7th character
2018-12-15 23:34:20,804:INFO:

2018-12-15 23:34:20,804:INFO:The numbers in this password are: ['4']
2018-12-15 23:34:20,805:INFO:The '4' was the 2nd character
2018-12-15 23:34:20,805:INFO:

2018-12-15 23:34:20,806:INFO:The symbols in this password are: ['!']
2018-12-15 23:34:20,806:INFO:The '!' was the 5th character
2018-12-15 23:34:20,806:INFO:

2018-12-15 23:34:20,864:INFO:The length of 'T4st!ng' is 7
2018-12-15 23:34:20,865:INFO:As a list it looks like this ['T', '4', 's', 't', '!', 'n', 'g']
2018-12-15 23:34:20,865:INFO:The letters in this password are: ['T', 's', 't', 'n', 'g']
2018-12-15 23:34:20,866:INFO:The 'T' was the 1st character
2018-12-15 23:34:20,866:INFO:The 's' was the 3rd character
2018-12-15 23:34:20,866:INFO:The 't' was the 4th character
2018-12-15 23:34:20,867:INFO:The 'n' was the 6th character
2018-12-15 23:34:20,867:INFO:The 'g' was the 7th character
2018-12-15 23:34:20,867:INFO:

2018-12-15 23:34:20,868:INFO:The numbers in this password are: ['4']
2018-12-15 23:34:20,868:INFO:The '4' was the 2nd character
2018-12-15 23:34:20,868:INFO:

2018-12-15 23:34:20,869:INFO:The symbols in this password are: ['!']
2018-12-15 23:34:20,869:INFO:The '!' was the 5th character
2018-12-15 23:34:20,870:INFO:

2018-12-15 23:34:20,929:INFO:The length of 'T4st!ng' is 7
2018-12-15 23:34:20,930:INFO:As a list it looks like this ['T', '4', 's', 't', '!', 'n', 'g']
2018-12-15 23:34:20,930:INFO:The letters in this password are: ['T', 's', 't', 'n', 'g']
2018-12-15 23:34:20,930:INFO:The 'T' was the 1st character
2018-12-15 23:34:20,931:INFO:The 's' was the 3rd character
2018-12-15 23:34:20,931:INFO:The 't' was the 4th character
2018-12-15 23:34:20,931:INFO:The 'n' was the 6th character
2018-12-15 23:34:20,932:INFO:The 'g' was the 7th character
2018-12-15 23:34:20,932:INFO:

2018-12-15 23:34:20,932:INFO:The numbers in this password are: ['4']
2018-12-15 23:34:20,933:INFO:The '4' was the 2nd character
2018-12-15 23:34:20,933:INFO:

2018-12-15 23:34:20,933:INFO:The symbols in this password are: ['!']
2018-12-15 23:34:20,934:INFO:The '!' was the 5th character
2018-12-15 23:34:20,934:INFO:

2018-12-15 23:34:20,998:INFO:The length of 'T4st!ng' is 7
2018-12-15 23:34:20,999:INFO:As a list it looks like this ['T', '4', 's', 't', '!', 'n', 'g']
2018-12-15 23:34:20,999:INFO:The letters in this password are: ['T', 's', 't', 'n', 'g']
2018-12-15 23:34:20,999:INFO:The 'T' was the 1st character
2018-12-15 23:34:21,000:INFO:The 's' was the 3rd character
2018-12-15 23:34:21,000:INFO:The 't' was the 4th character
2018-12-15 23:34:21,000:INFO:The 'n' was the 6th character
2018-12-15 23:34:21,000:INFO:The 'g' was the 7th character
2018-12-15 23:34:21,001:INFO:

2018-12-15 23:34:21,002:INFO:The numbers in this password are: ['4']
2018-12-15 23:34:21,002:INFO:The '4' was the 2nd character
2018-12-15 23:34:21,002:INFO:

2018-12-15 23:34:21,003:INFO:The symbols in this password are: ['!']
2018-12-15 23:34:21,003:INFO:The '!' was the 5th character
2018-12-15 23:34:21,004:INFO:

2018-12-15 23:34:21,061:INFO:The length of 'T4st!ng' is 7
2018-12-15 23:34:21,062:INFO:As a list it looks like this ['T', '4', 's', 't', '!', 'n', 'g']
2018-12-15 23:34:21,062:INFO:The letters in this password are: ['T', 's', 't', 'n', 'g']
2018-12-15 23:34:21,062:INFO:The 'T' was the 1st character
2018-12-15 23:34:21,063:INFO:The 's' was the 3rd character
2018-12-15 23:34:21,063:INFO:The 't' was the 4th character
2018-12-15 23:34:21,063:INFO:The 'n' was the 6th character
2018-12-15 23:34:21,063:INFO:The 'g' was the 7th character
2018-12-15 23:34:21,064:INFO:

2018-12-15 23:34:21,064:INFO:The numbers in this password are: ['4']
2018-12-15 23:34:21,064:INFO:The '4' was the 2nd character
2018-12-15 23:34:21,065:INFO:

2018-12-15 23:34:21,065:INFO:The symbols in this password are: ['!']
2018-12-15 23:34:21,065:INFO:The '!' was the 5th character
2018-12-15 23:34:21,066:INFO:

2018-12-15 23:34:21,125:INFO:The length of 'T4st!ng' is 7
2018-12-15 23:34:21,125:INFO:As a list it looks like this ['T', '4', 's', 't', '!', 'n', 'g']
2018-12-15 23:34:21,126:INFO:The letters in this password are: ['T', 's', 't', 'n', 'g']
2018-12-15 23:34:21,126:INFO:The 'T' was the 1st character
2018-12-15 23:34:21,127:INFO:The 's' was the 3rd character
2018-12-15 23:34:21,127:INFO:The 't' was the 4th character
2018-12-15 23:34:21,127:INFO:The 'n' was the 6th character
2018-12-15 23:34:21,128:INFO:The 'g' was the 7th character
2018-12-15 23:34:21,128:INFO:

2018-12-15 23:34:21,129:INFO:The numbers in this password are: ['4']
2018-12-15 23:34:21,129:INFO:The '4' was the 2nd character
2018-12-15 23:34:21,129:INFO:

2018-12-15 23:34:21,130:INFO:The symbols in this password are: ['!']
2018-12-15 23:34:21,130:INFO:The '!' was the 5th character
2018-12-15 23:34:21,130:INFO:

2018-12-15 23:34:21,192:INFO:The length of 'T4st!ng' is 7
2018-12-15 23:34:21,192:INFO:As a list it looks like this ['T', '4', 's', 't', '!', 'n', 'g']
2018-12-15 23:34:21,192:INFO:The letters in this password are: ['T', 's', 't', 'n', 'g']
2018-12-15 23:34:21,193:INFO:The 'T' was the 1st character
2018-12-15 23:34:21,193:INFO:The 's' was the 3rd character
2018-12-15 23:34:21,194:INFO:The 't' was the 4th character
2018-12-15 23:34:21,194:INFO:The 'n' was the 6th character
2018-12-15 23:34:21,194:INFO:The 'g' was the 7th character
2018-12-15 23:34:21,195:INFO:

2018-12-15 23:34:21,195:INFO:The numbers in this password are: ['4']
2018-12-15 23:34:21,196:INFO:The '4' was the 2nd character
2018-12-15 23:34:21,196:INFO:

2018-12-15 23:34:21,197:INFO:The symbols in this password are: ['!']
2018-12-15 23:34:21,197:INFO:The '!' was the 5th character
2018-12-15 23:34:21,197:INFO:

2018-12-15 23:34:21,257:INFO:The length of 'T4st!ng' is 7
2018-12-15 23:34:21,258:INFO:As a list it looks like this ['T', '4', 's', 't', '!', 'n', 'g']
2018-12-15 23:34:21,258:INFO:The letters in this password are: ['T', 's', 't', 'n', 'g']
2018-12-15 23:34:21,258:INFO:The 'T' was the 1st character
2018-12-15 23:34:21,259:INFO:The 's' was the 3rd character
2018-12-15 23:34:21,259:INFO:The 't' was the 4th character
2018-12-15 23:34:21,259:INFO:The 'n' was the 6th character
2018-12-15 23:34:21,260:INFO:The 'g' was the 7th character
2018-12-15 23:34:21,260:INFO:

2018-12-15 23:34:21,261:INFO:The numbers in this password are: ['4']
2018-12-15 23:34:21,261:INFO:The '4' was the 2nd character
2018-12-15 23:34:21,261:INFO:

2018-12-15 23:34:21,262:INFO:The symbols in this password are: ['!']
2018-12-15 23:34:21,262:INFO:The '!' was the 5th character
2018-12-15 23:34:21,262:INFO:

2018-12-15 23:34:21,325:INFO:The length of 'T4st!ng' is 7
2018-12-15 23:34:21,325:INFO:As a list it looks like this ['T', '4', 's', 't', '!', 'n', 'g']
2018-12-15 23:34:21,326:INFO:The letters in this password are: ['T', 's', 't', 'n', 'g']
2018-12-15 23:34:21,326:INFO:The 'T' was the 1st character
2018-12-15 23:34:21,327:INFO:The 's' was the 3rd character
2018-12-15 23:34:21,327:INFO:The 't' was the 4th character
2018-12-15 23:34:21,327:INFO:The 'n' was the 6th character
2018-12-15 23:34:21,328:INFO:The 'g' was the 7th character
2018-12-15 23:34:21,328:INFO:

2018-12-15 23:34:21,328:INFO:The numbers in this password are: ['4']
2018-12-15 23:34:21,329:INFO:The '4' was the 2nd character
2018-12-15 23:34:21,329:INFO:

2018-12-15 23:34:21,329:INFO:The symbols in this password are: ['!']
2018-12-15 23:34:21,330:INFO:The '!' was the 5th character
2018-12-15 23:34:21,330:INFO:

2018-12-15 23:34:21,387:INFO:The length of 'T4st!ng' is 7
2018-12-15 23:34:21,387:INFO:As a list it looks like this ['T', '4', 's', 't', '!', 'n', 'g']
2018-12-15 23:34:21,388:INFO:The letters in this password are: ['T', 's', 't', 'n', 'g']
2018-12-15 23:34:21,388:INFO:The 'T' was the 1st character
2018-12-15 23:34:21,389:INFO:The 's' was the 3rd character
2018-12-15 23:34:21,389:INFO:The 't' was the 4th character
2018-12-15 23:34:21,389:INFO:The 'n' was the 6th character
2018-12-15 23:34:21,389:INFO:The 'g' was the 7th character
2018-12-15 23:34:21,390:INFO:

2018-12-15 23:34:21,390:INFO:The numbers in this password are: ['4']
2018-12-15 23:34:21,390:INFO:The '4' was the 2nd character
2018-12-15 23:34:21,391:INFO:

2018-12-15 23:34:21,391:INFO:The symbols in this password are: ['!']
2018-12-15 23:34:21,392:INFO:The '!' was the 5th character
2018-12-15 23:34:21,392:INFO:

2018-12-15 23:34:21,453:INFO:The length of 'T4st!ng' is 7
2018-12-15 23:34:21,453:INFO:As a list it looks like this ['T', '4', 's', 't', '!', 'n', 'g']
2018-12-15 23:34:21,454:INFO:The letters in this password are: ['T', 's', 't', 'n', 'g']
2018-12-15 23:34:21,454:INFO:The 'T' was the 1st character
2018-12-15 23:34:21,455:INFO:The 's' was the 3rd character
2018-12-15 23:34:21,455:INFO:The 't' was the 4th character
2018-12-15 23:34:21,455:INFO:The 'n' was the 6th character
2018-12-15 23:34:21,456:INFO:The 'g' was the 7th character
2018-12-15 23:34:21,456:INFO:

2018-12-15 23:34:21,457:INFO:The numbers in this password are: ['4']
2018-12-15 23:34:21,457:INFO:The '4' was the 2nd character
2018-12-15 23:34:21,457:INFO:

2018-12-15 23:34:21,458:INFO:The symbols in this password are: ['!']
2018-12-15 23:34:21,458:INFO:The '!' was the 5th character
2018-12-15 23:34:21,458:INFO:

2018-12-15 23:34:21,521:INFO:The length of 'T4st!ng' is 7
2018-12-15 23:34:21,522:INFO:As a list it looks like this ['T', '4', 's', 't', '!', 'n', 'g']
2018-12-15 23:34:21,522:INFO:The letters in this password are: ['T', 's', 't', 'n', 'g']
2018-12-15 23:34:21,523:INFO:The 'T' was the 1st character
2018-12-15 23:34:21,523:INFO:The 's' was the 3rd character
2018-12-15 23:34:21,524:INFO:The 't' was the 4th character
2018-12-15 23:34:21,524:INFO:The 'n' was the 6th character
2018-12-15 23:34:21,524:INFO:The 'g' was the 7th character
2018-12-15 23:34:21,525:INFO:

2018-12-15 23:34:21,525:INFO:The numbers in this password are: ['4']
2018-12-15 23:34:21,526:INFO:The '4' was the 2nd character
2018-12-15 23:34:21,526:INFO:

2018-12-15 23:34:21,527:INFO:The symbols in this password are: ['!']
2018-12-15 23:34:21,528:INFO:The '!' was the 5th character
2018-12-15 23:34:21,528:INFO:

2018-12-15 23:34:21,587:INFO:The length of 'T4st!ng' is 7
2018-12-15 23:34:21,588:INFO:As a list it looks like this ['T', '4', 's', 't', '!', 'n', 'g']
2018-12-15 23:34:21,588:INFO:The letters in this password are: ['T', 's', 't', 'n', 'g']
2018-12-15 23:34:21,588:INFO:The 'T' was the 1st character
2018-12-15 23:34:21,588:INFO:The 's' was the 3rd character
2018-12-15 23:34:21,589:INFO:The 't' was the 4th character
2018-12-15 23:34:21,589:INFO:The 'n' was the 6th character
2018-12-15 23:34:21,589:INFO:The 'g' was the 7th character
2018-12-15 23:34:21,590:INFO:

2018-12-15 23:34:21,590:INFO:The numbers in this password are: ['4']
2018-12-15 23:34:21,590:INFO:The '4' was the 2nd character
2018-12-15 23:34:21,591:INFO:

2018-12-15 23:34:21,591:INFO:The symbols in this password are: ['!']
2018-12-15 23:34:21,592:INFO:The '!' was the 5th character
2018-12-15 23:34:21,592:INFO:

2018-12-15 23:34:21,653:INFO:The length of 'T4st!ng' is 7
2018-12-15 23:34:21,654:INFO:As a list it looks like this ['T', '4', 's', 't', '!', 'n', 'g']
2018-12-15 23:34:21,654:INFO:The letters in this password are: ['T', 's', 't', 'n', 'g']
2018-12-15 23:34:21,655:INFO:The 'T' was the 1st character
2018-12-15 23:34:21,655:INFO:The 's' was the 3rd character
2018-12-15 23:34:21,656:INFO:The 't' was the 4th character
2018-12-15 23:34:21,656:INFO:The 'n' was the 6th character
2018-12-15 23:34:21,656:INFO:The 'g' was the 7th character
2018-12-15 23:34:21,656:INFO:

2018-12-15 23:34:21,657:INFO:The numbers in this password are: ['4']
2018-12-15 23:34:21,657:INFO:The '4' was the 2nd character
2018-12-15 23:34:21,657:INFO:

2018-12-15 23:34:21,658:INFO:The symbols in this password are: ['!']
2018-12-15 23:34:21,658:INFO:The '!' was the 5th character
2018-12-15 23:34:21,658:INFO:

2018-12-15 23:34:21,718:INFO:The length of 'T4st!ng' is 7
2018-12-15 23:34:21,718:INFO:As a list it looks like this ['T', '4', 's', 't', '!', 'n', 'g']
2018-12-15 23:34:21,719:INFO:The letters in this password are: ['T', 's', 't', 'n', 'g']
2018-12-15 23:34:21,719:INFO:The 'T' was the 1st character
2018-12-15 23:34:21,720:INFO:The 's' was the 3rd character
2018-12-15 23:34:21,720:INFO:The 't' was the 4th character
2018-12-15 23:34:21,721:INFO:The 'n' was the 6th character
2018-12-15 23:34:21,721:INFO:The 'g' was the 7th character
2018-12-15 23:34:21,721:INFO:

2018-12-15 23:34:21,722:INFO:The numbers in this password are: ['4']
2018-12-15 23:34:21,722:INFO:The '4' was the 2nd character
2018-12-15 23:34:21,723:INFO:

2018-12-15 23:34:21,723:INFO:The symbols in this password are: ['!']
2018-12-15 23:34:21,724:INFO:The '!' was the 5th character
2018-12-15 23:34:21,724:INFO:

2018-12-15 23:34:21,794:INFO:The length of 'T4st!ng' is 7
2018-12-15 23:34:21,794:INFO:As a list it looks like this ['T', '4', 's', 't', '!', 'n', 'g']
2018-12-15 23:34:21,795:INFO:The letters in this password are: ['T', 's', 't', 'n', 'g']
2018-12-15 23:34:21,796:INFO:The 'T' was the 1st character
2018-12-15 23:34:21,796:INFO:The 's' was the 3rd character
2018-12-15 23:34:21,796:INFO:The 't' was the 4th character
2018-12-15 23:34:21,797:INFO:The 'n' was the 6th character
2018-12-15 23:34:21,797:INFO:The 'g' was the 7th character
2018-12-15 23:34:21,797:INFO:

2018-12-15 23:34:21,798:INFO:The numbers in this password are: ['4']
2018-12-15 23:34:21,798:INFO:The '4' was the 2nd character
2018-12-15 23:34:21,798:INFO:

2018-12-15 23:34:21,799:INFO:The symbols in this password are: ['!']
2018-12-15 23:34:21,799:INFO:The '!' was the 5th character
2018-12-15 23:34:21,799:INFO:

2018-12-15 23:34:21,861:INFO:The length of 'T4st!ng' is 7
2018-12-15 23:34:21,861:INFO:As a list it looks like this ['T', '4', 's', 't', '!', 'n', 'g']
2018-12-15 23:34:21,862:INFO:The letters in this password are: ['T', 's', 't', 'n', 'g']
2018-12-15 23:34:21,862:INFO:The 'T' was the 1st character
2018-12-15 23:34:21,862:INFO:The 's' was the 3rd character
2018-12-15 23:34:21,863:INFO:The 't' was the 4th character
2018-12-15 23:34:21,863:INFO:The 'n' was the 6th character
2018-12-15 23:34:21,863:INFO:The 'g' was the 7th character
2018-12-15 23:34:21,863:INFO:

2018-12-15 23:34:21,864:INFO:The numbers in this password are: ['4']
2018-12-15 23:34:21,864:INFO:The '4' was the 2nd character
2018-12-15 23:34:21,865:INFO:

2018-12-15 23:34:21,865:INFO:The symbols in this password are: ['!']
2018-12-15 23:34:21,865:INFO:The '!' was the 5th character
2018-12-15 23:34:21,866:INFO:

2018-12-15 23:34:21,923:INFO:The length of 'T4st!ng' is 7
2018-12-15 23:34:21,923:INFO:As a list it looks like this ['T', '4', 's', 't', '!', 'n', 'g']
2018-12-15 23:34:21,924:INFO:The letters in this password are: ['T', 's', 't', 'n', 'g']
2018-12-15 23:34:21,924:INFO:The 'T' was the 1st character
2018-12-15 23:34:21,924:INFO:The 's' was the 3rd character
2018-12-15 23:34:21,925:INFO:The 't' was the 4th character
2018-12-15 23:34:21,925:INFO:The 'n' was the 6th character
2018-12-15 23:34:21,925:INFO:The 'g' was the 7th character
2018-12-15 23:34:21,926:INFO:

2018-12-15 23:34:21,926:INFO:The numbers in this password are: ['4']
2018-12-15 23:34:21,926:INFO:The '4' was the 2nd character
2018-12-15 23:34:21,927:INFO:

2018-12-15 23:34:21,927:INFO:The symbols in this password are: ['!']
2018-12-15 23:34:21,927:INFO:The '!' was the 5th character
2018-12-15 23:34:21,928:INFO:

2018-12-15 23:34:21,988:INFO:The length of 'T4st!ng' is 7
2018-12-15 23:34:21,989:INFO:As a list it looks like this ['T', '4', 's', 't', '!', 'n', 'g']
2018-12-15 23:34:21,990:INFO:The letters in this password are: ['T', 's', 't', 'n', 'g']
2018-12-15 23:34:21,990:INFO:The 'T' was the 1st character
2018-12-15 23:34:21,990:INFO:The 's' was the 3rd character
2018-12-15 23:34:21,990:INFO:The 't' was the 4th character
2018-12-15 23:34:21,991:INFO:The 'n' was the 6th character
2018-12-15 23:34:21,991:INFO:The 'g' was the 7th character
2018-12-15 23:34:21,991:INFO:

2018-12-15 23:34:21,992:INFO:The numbers in this password are: ['4']
2018-12-15 23:34:21,992:INFO:The '4' was the 2nd character
2018-12-15 23:34:21,992:INFO:

2018-12-15 23:34:21,993:INFO:The symbols in this password are: ['!']
2018-12-15 23:34:21,994:INFO:The '!' was the 5th character
2018-12-15 23:34:21,994:INFO:

2018-12-15 23:34:22,056:INFO:The length of 'T4st!ng' is 7
2018-12-15 23:34:22,057:INFO:As a list it looks like this ['T', '4', 's', 't', '!', 'n', 'g']
2018-12-15 23:34:22,057:INFO:The letters in this password are: ['T', 's', 't', 'n', 'g']
2018-12-15 23:34:22,057:INFO:The 'T' was the 1st character
2018-12-15 23:34:22,058:INFO:The 's' was the 3rd character
2018-12-15 23:34:22,058:INFO:The 't' was the 4th character
2018-12-15 23:34:22,058:INFO:The 'n' was the 6th character
2018-12-15 23:34:22,058:INFO:The 'g' was the 7th character
2018-12-15 23:34:22,059:INFO:

2018-12-15 23:34:22,059:INFO:The numbers in this password are: ['4']
2018-12-15 23:34:22,059:INFO:The '4' was the 2nd character
2018-12-15 23:34:22,060:INFO:

2018-12-15 23:34:22,060:INFO:The symbols in this password are: ['!']
2018-12-15 23:34:22,061:INFO:The '!' was the 5th character
2018-12-15 23:34:22,061:INFO:

2018-12-15 23:34:22,118:INFO:The length of 'T4st!ng' is 7
2018-12-15 23:34:22,119:INFO:As a list it looks like this ['T', '4', 's', 't', '!', 'n', 'g']
2018-12-15 23:34:22,119:INFO:The letters in this password are: ['T', 's', 't', 'n', 'g']
2018-12-15 23:34:22,120:INFO:The 'T' was the 1st character
2018-12-15 23:34:22,120:INFO:The 's' was the 3rd character
2018-12-15 23:34:22,121:INFO:The 't' was the 4th character
2018-12-15 23:34:22,121:INFO:The 'n' was the 6th character
2018-12-15 23:34:22,121:INFO:The 'g' was the 7th character
2018-12-15 23:34:22,122:INFO:

2018-12-15 23:34:22,123:INFO:The numbers in this password are: ['4']
2018-12-15 23:34:22,124:INFO:The '4' was the 2nd character
2018-12-15 23:34:22,124:INFO:

2018-12-15 23:34:22,124:INFO:The symbols in this password are: ['!']
2018-12-15 23:34:22,125:INFO:The '!' was the 5th character
2018-12-15 23:34:22,125:INFO:

2018-12-15 23:34:22,189:INFO:The length of 'T4st!ng' is 7
2018-12-15 23:34:22,189:INFO:As a list it looks like this ['T', '4', 's', 't', '!', 'n', 'g']
2018-12-15 23:34:22,190:INFO:The letters in this password are: ['T', 's', 't', 'n', 'g']
2018-12-15 23:34:22,190:INFO:The 'T' was the 1st character
2018-12-15 23:34:22,190:INFO:The 's' was the 3rd character
2018-12-15 23:34:22,190:INFO:The 't' was the 4th character
2018-12-15 23:34:22,191:INFO:The 'n' was the 6th character
2018-12-15 23:34:22,191:INFO:The 'g' was the 7th character
2018-12-15 23:34:22,192:INFO:

2018-12-15 23:34:22,192:INFO:The numbers in this password are: ['4']
2018-12-15 23:34:22,193:INFO:The '4' was the 2nd character
2018-12-15 23:34:22,193:INFO:

2018-12-15 23:34:22,194:INFO:The symbols in this password are: ['!']
2018-12-15 23:34:22,194:INFO:The '!' was the 5th character
2018-12-15 23:34:22,194:INFO:

2018-12-15 23:34:22,258:INFO:The length of 'T4st!ng' is 7
2018-12-15 23:34:22,258:INFO:As a list it looks like this ['T', '4', 's', 't', '!', 'n', 'g']
2018-12-15 23:34:22,259:INFO:The letters in this password are: ['T', 's', 't', 'n', 'g']
2018-12-15 23:34:22,259:INFO:The 'T' was the 1st character
2018-12-15 23:34:22,259:INFO:The 's' was the 3rd character
2018-12-15 23:34:22,260:INFO:The 't' was the 4th character
2018-12-15 23:34:22,260:INFO:The 'n' was the 6th character
2018-12-15 23:34:22,260:INFO:The 'g' was the 7th character
2018-12-15 23:34:22,260:INFO:

2018-12-15 23:34:22,261:INFO:The numbers in this password are: ['4']
2018-12-15 23:34:22,261:INFO:The '4' was the 2nd character
2018-12-15 23:34:22,261:INFO:

2018-12-15 23:34:22,262:INFO:The symbols in this password are: ['!']
2018-12-15 23:34:22,262:INFO:The '!' was the 5th character
2018-12-15 23:34:22,262:INFO:

2018-12-15 23:34:22,323:INFO:The length of 'T4st!ng' is 7
2018-12-15 23:34:22,324:INFO:As a list it looks like this ['T', '4', 's', 't', '!', 'n', 'g']
2018-12-15 23:34:22,324:INFO:The letters in this password are: ['T', 's', 't', 'n', 'g']
2018-12-15 23:34:22,325:INFO:The 'T' was the 1st character
2018-12-15 23:34:22,325:INFO:The 's' was the 3rd character
2018-12-15 23:34:22,326:INFO:The 't' was the 4th character
2018-12-15 23:34:22,326:INFO:The 'n' was the 6th character
2018-12-15 23:34:22,326:INFO:The 'g' was the 7th character
2018-12-15 23:34:22,326:INFO:

2018-12-15 23:34:22,327:INFO:The numbers in this password are: ['4']
2018-12-15 23:34:22,327:INFO:The '4' was the 2nd character
2018-12-15 23:34:22,328:INFO:

2018-12-15 23:34:22,328:INFO:The symbols in this password are: ['!']
2018-12-15 23:34:22,328:INFO:The '!' was the 5th character
2018-12-15 23:34:22,329:INFO:

2018-12-15 23:34:22,390:INFO:The length of 'T4st!ng' is 7
2018-12-15 23:34:22,391:INFO:As a list it looks like this ['T', '4', 's', 't', '!', 'n', 'g']
2018-12-15 23:34:22,391:INFO:The letters in this password are: ['T', 's', 't', 'n', 'g']
2018-12-15 23:34:22,391:INFO:The 'T' was the 1st character
2018-12-15 23:34:22,392:INFO:The 's' was the 3rd character
2018-12-15 23:34:22,392:INFO:The 't' was the 4th character
2018-12-15 23:34:22,392:INFO:The 'n' was the 6th character
2018-12-15 23:34:22,393:INFO:The 'g' was the 7th character
2018-12-15 23:34:22,393:INFO:

2018-12-15 23:34:22,394:INFO:The numbers in this password are: ['4']
2018-12-15 23:34:22,394:INFO:The '4' was the 2nd character
2018-12-15 23:34:22,394:INFO:

2018-12-15 23:34:22,395:INFO:The symbols in this password are: ['!']
2018-12-15 23:34:22,395:INFO:The '!' was the 5th character
2018-12-15 23:34:22,396:INFO:

2018-12-15 23:34:22,455:INFO:The length of 'T4st!ng' is 7
2018-12-15 23:34:22,455:INFO:As a list it looks like this ['T', '4', 's', 't', '!', 'n', 'g']
2018-12-15 23:34:22,456:INFO:The letters in this password are: ['T', 's', 't', 'n', 'g']
2018-12-15 23:34:22,456:INFO:The 'T' was the 1st character
2018-12-15 23:34:22,456:INFO:The 's' was the 3rd character
2018-12-15 23:34:22,457:INFO:The 't' was the 4th character
2018-12-15 23:34:22,457:INFO:The 'n' was the 6th character
2018-12-15 23:34:22,457:INFO:The 'g' was the 7th character
2018-12-15 23:34:22,458:INFO:

2018-12-15 23:34:22,458:INFO:The numbers in this password are: ['4']
2018-12-15 23:34:22,458:INFO:The '4' was the 2nd character
2018-12-15 23:34:22,459:INFO:

2018-12-15 23:34:22,459:INFO:The symbols in this password are: ['!']
2018-12-15 23:34:22,460:INFO:The '!' was the 5th character
2018-12-15 23:34:22,460:INFO:

2018-12-15 23:34:22,517:INFO:The length of 'T4st!ng' is 7
2018-12-15 23:34:22,518:INFO:As a list it looks like this ['T', '4', 's', 't', '!', 'n', 'g']
2018-12-15 23:34:22,519:INFO:The letters in this password are: ['T', 's', 't', 'n', 'g']
2018-12-15 23:34:22,519:INFO:The 'T' was the 1st character
2018-12-15 23:34:22,519:INFO:The 's' was the 3rd character
2018-12-15 23:34:22,520:INFO:The 't' was the 4th character
2018-12-15 23:34:22,521:INFO:The 'n' was the 6th character
2018-12-15 23:34:22,522:INFO:The 'g' was the 7th character
2018-12-15 23:34:22,522:INFO:

2018-12-15 23:34:22,523:INFO:The numbers in this password are: ['4']
2018-12-15 23:34:22,524:INFO:The '4' was the 2nd character
2018-12-15 23:34:22,524:INFO:

2018-12-15 23:34:22,525:INFO:The symbols in this password are: ['!']
2018-12-15 23:34:22,525:INFO:The '!' was the 5th character
2018-12-15 23:34:22,525:INFO:

2018-12-15 23:34:22,586:INFO:The length of 'T4st!ng' is 7
2018-12-15 23:34:22,587:INFO:As a list it looks like this ['T', '4', 's', 't', '!', 'n', 'g']
2018-12-15 23:34:22,587:INFO:The letters in this password are: ['T', 's', 't', 'n', 'g']
2018-12-15 23:34:22,587:INFO:The 'T' was the 1st character
2018-12-15 23:34:22,588:INFO:The 's' was the 3rd character
2018-12-15 23:34:22,588:INFO:The 't' was the 4th character
2018-12-15 23:34:22,589:INFO:The 'n' was the 6th character
2018-12-15 23:34:22,589:INFO:The 'g' was the 7th character
2018-12-15 23:34:22,589:INFO:

2018-12-15 23:34:22,590:INFO:The numbers in this password are: ['4']
2018-12-15 23:34:22,590:INFO:The '4' was the 2nd character
2018-12-15 23:34:22,591:INFO:

2018-12-15 23:34:22,591:INFO:The symbols in this password are: ['!']
2018-12-15 23:34:22,591:INFO:The '!' was the 5th character
2018-12-15 23:34:22,592:INFO:

2018-12-15 23:34:22,653:INFO:The length of 'T4st!ng' is 7
2018-12-15 23:34:22,654:INFO:As a list it looks like this ['T', '4', 's', 't', '!', 'n', 'g']
2018-12-15 23:34:22,654:INFO:The letters in this password are: ['T', 's', 't', 'n', 'g']
2018-12-15 23:34:22,654:INFO:The 'T' was the 1st character
2018-12-15 23:34:22,654:INFO:The 's' was the 3rd character
2018-12-15 23:34:22,655:INFO:The 't' was the 4th character
2018-12-15 23:34:22,655:INFO:The 'n' was the 6th character
2018-12-15 23:34:22,656:INFO:The 'g' was the 7th character
2018-12-15 23:34:22,656:INFO:

2018-12-15 23:34:22,657:INFO:The numbers in this password are: ['4']
2018-12-15 23:34:22,657:INFO:The '4' was the 2nd character
2018-12-15 23:34:22,657:INFO:

2018-12-15 23:34:22,658:INFO:The symbols in this password are: ['!']
2018-12-15 23:34:22,658:INFO:The '!' was the 5th character
2018-12-15 23:34:22,658:INFO:

2018-12-15 23:34:22,718:INFO:The length of 'T4st!ng' is 7
2018-12-15 23:34:22,719:INFO:As a list it looks like this ['T', '4', 's', 't', '!', 'n', 'g']
2018-12-15 23:34:22,719:INFO:The letters in this password are: ['T', 's', 't', 'n', 'g']
2018-12-15 23:34:22,720:INFO:The 'T' was the 1st character
2018-12-15 23:34:22,720:INFO:The 's' was the 3rd character
2018-12-15 23:34:22,721:INFO:The 't' was the 4th character
2018-12-15 23:34:22,721:INFO:The 'n' was the 6th character
2018-12-15 23:34:22,721:INFO:The 'g' was the 7th character
2018-12-15 23:34:22,722:INFO:

2018-12-15 23:34:22,722:INFO:The numbers in this password are: ['4']
2018-12-15 23:34:22,722:INFO:The '4' was the 2nd character
2018-12-15 23:34:22,723:INFO:

2018-12-15 23:34:22,723:INFO:The symbols in this password are: ['!']
2018-12-15 23:34:22,724:INFO:The '!' was the 5th character
2018-12-15 23:34:22,724:INFO:

2018-12-15 23:34:22,781:INFO:The length of 'T4st!ng' is 7
2018-12-15 23:34:22,782:INFO:As a list it looks like this ['T', '4', 's', 't', '!', 'n', 'g']
2018-12-15 23:34:22,782:INFO:The letters in this password are: ['T', 's', 't', 'n', 'g']
2018-12-15 23:34:22,782:INFO:The 'T' was the 1st character
2018-12-15 23:34:22,783:INFO:The 's' was the 3rd character
2018-12-15 23:34:22,783:INFO:The 't' was the 4th character
2018-12-15 23:34:22,783:INFO:The 'n' was the 6th character
2018-12-15 23:34:22,784:INFO:The 'g' was the 7th character
2018-12-15 23:34:22,784:INFO:

2018-12-15 23:34:22,784:INFO:The numbers in this password are: ['4']
2018-12-15 23:34:22,785:INFO:The '4' was the 2nd character
2018-12-15 23:34:22,785:INFO:

2018-12-15 23:34:22,785:INFO:The symbols in this password are: ['!']
2018-12-15 23:34:22,786:INFO:The '!' was the 5th character
2018-12-15 23:34:22,786:INFO:

2018-12-15 23:34:22,848:INFO:The length of 'T4st!ng' is 7
2018-12-15 23:34:22,848:INFO:As a list it looks like this ['T', '4', 's', 't', '!', 'n', 'g']
2018-12-15 23:34:22,848:INFO:The letters in this password are: ['T', 's', 't', 'n', 'g']
2018-12-15 23:34:22,849:INFO:The 'T' was the 1st character
2018-12-15 23:34:22,849:INFO:The 's' was the 3rd character
2018-12-15 23:34:22,849:INFO:The 't' was the 4th character
2018-12-15 23:34:22,850:INFO:The 'n' was the 6th character
2018-12-15 23:34:22,850:INFO:The 'g' was the 7th character
2018-12-15 23:34:22,850:INFO:

2018-12-15 23:34:22,851:INFO:The numbers in this password are: ['4']
2018-12-15 23:34:22,851:INFO:The '4' was the 2nd character
2018-12-15 23:34:22,851:INFO:

2018-12-15 23:34:22,852:INFO:The symbols in this password are: ['!']
2018-12-15 23:34:22,852:INFO:The '!' was the 5th character
2018-12-15 23:34:22,853:INFO:

2018-12-15 23:34:22,911:INFO:The length of 'T4st!ng' is 7
2018-12-15 23:34:22,912:INFO:As a list it looks like this ['T', '4', 's', 't', '!', 'n', 'g']
2018-12-15 23:34:22,912:INFO:The letters in this password are: ['T', 's', 't', 'n', 'g']
2018-12-15 23:34:22,913:INFO:The 'T' was the 1st character
2018-12-15 23:34:22,913:INFO:The 's' was the 3rd character
2018-12-15 23:34:22,913:INFO:The 't' was the 4th character
2018-12-15 23:34:22,913:INFO:The 'n' was the 6th character
2018-12-15 23:34:22,914:INFO:The 'g' was the 7th character
2018-12-15 23:34:22,914:INFO:

2018-12-15 23:34:22,914:INFO:The numbers in this password are: ['4']
2018-12-15 23:34:22,915:INFO:The '4' was the 2nd character
2018-12-15 23:34:22,915:INFO:

2018-12-15 23:34:22,916:INFO:The symbols in this password are: ['!']
2018-12-15 23:34:22,916:INFO:The '!' was the 5th character
2018-12-15 23:34:22,916:INFO:

2018-12-15 23:34:22,979:INFO:The length of 'T4st!ng' is 7
2018-12-15 23:34:22,979:INFO:As a list it looks like this ['T', '4', 's', 't', '!', 'n', 'g']
2018-12-15 23:34:22,980:INFO:The letters in this password are: ['T', 's', 't', 'n', 'g']
2018-12-15 23:34:22,980:INFO:The 'T' was the 1st character
2018-12-15 23:34:22,980:INFO:The 's' was the 3rd character
2018-12-15 23:34:22,981:INFO:The 't' was the 4th character
2018-12-15 23:34:22,981:INFO:The 'n' was the 6th character
2018-12-15 23:34:22,981:INFO:The 'g' was the 7th character
2018-12-15 23:34:22,981:INFO:

2018-12-15 23:34:22,982:INFO:The numbers in this password are: ['4']
2018-12-15 23:34:22,982:INFO:The '4' was the 2nd character
2018-12-15 23:34:22,983:INFO:

2018-12-15 23:34:22,983:INFO:The symbols in this password are: ['!']
2018-12-15 23:34:22,983:INFO:The '!' was the 5th character
2018-12-15 23:34:22,984:INFO:

2018-12-15 23:34:23,048:INFO:The length of 'T4st!ng' is 7
2018-12-15 23:34:23,048:INFO:As a list it looks like this ['T', '4', 's', 't', '!', 'n', 'g']
2018-12-15 23:34:23,049:INFO:The letters in this password are: ['T', 's', 't', 'n', 'g']
2018-12-15 23:34:23,049:INFO:The 'T' was the 1st character
2018-12-15 23:34:23,049:INFO:The 's' was the 3rd character
2018-12-15 23:34:23,049:INFO:The 't' was the 4th character
2018-12-15 23:34:23,050:INFO:The 'n' was the 6th character
2018-12-15 23:34:23,050:INFO:The 'g' was the 7th character
2018-12-15 23:34:23,050:INFO:

2018-12-15 23:34:23,051:INFO:The numbers in this password are: ['4']
2018-12-15 23:34:23,051:INFO:The '4' was the 2nd character
2018-12-15 23:34:23,051:INFO:

2018-12-15 23:34:23,052:INFO:The symbols in this password are: ['!']
2018-12-15 23:34:23,052:INFO:The '!' was the 5th character
2018-12-15 23:34:23,052:INFO:

2018-12-15 23:34:23,111:INFO:The length of 'T4st!ng' is 7
2018-12-15 23:34:23,112:INFO:As a list it looks like this ['T', '4', 's', 't', '!', 'n', 'g']
2018-12-15 23:34:23,112:INFO:The letters in this password are: ['T', 's', 't', 'n', 'g']
2018-12-15 23:34:23,112:INFO:The 'T' was the 1st character
2018-12-15 23:34:23,113:INFO:The 's' was the 3rd character
2018-12-15 23:34:23,113:INFO:The 't' was the 4th character
2018-12-15 23:34:23,113:INFO:The 'n' was the 6th character
2018-12-15 23:34:23,113:INFO:The 'g' was the 7th character
2018-12-15 23:34:23,114:INFO:

2018-12-15 23:34:23,114:INFO:The numbers in this password are: ['4']
2018-12-15 23:34:23,114:INFO:The '4' was the 2nd character
2018-12-15 23:34:23,115:INFO:

2018-12-15 23:34:23,115:INFO:The symbols in this password are: ['!']
2018-12-15 23:34:23,115:INFO:The '!' was the 5th character
2018-12-15 23:34:23,116:INFO:

2018-12-15 23:34:23,177:INFO:The length of 'T4st!ng' is 7
2018-12-15 23:34:23,178:INFO:As a list it looks like this ['T', '4', 's', 't', '!', 'n', 'g']
2018-12-15 23:34:23,178:INFO:The letters in this password are: ['T', 's', 't', 'n', 'g']
2018-12-15 23:34:23,178:INFO:The 'T' was the 1st character
2018-12-15 23:34:23,179:INFO:The 's' was the 3rd character
2018-12-15 23:34:23,179:INFO:The 't' was the 4th character
2018-12-15 23:34:23,179:INFO:The 'n' was the 6th character
2018-12-15 23:34:23,179:INFO:The 'g' was the 7th character
2018-12-15 23:34:23,180:INFO:

2018-12-15 23:34:23,180:INFO:The numbers in this password are: ['4']
2018-12-15 23:34:23,180:INFO:The '4' was the 2nd character
2018-12-15 23:34:23,181:INFO:

2018-12-15 23:34:23,181:INFO:The symbols in this password are: ['!']
2018-12-15 23:34:23,181:INFO:The '!' was the 5th character
2018-12-15 23:34:23,182:INFO:

2018-12-15 23:34:23,244:INFO:The length of 'T4st!ng' is 7
2018-12-15 23:34:23,245:INFO:As a list it looks like this ['T', '4', 's', 't', '!', 'n', 'g']
2018-12-15 23:34:23,245:INFO:The letters in this password are: ['T', 's', 't', 'n', 'g']
2018-12-15 23:34:23,246:INFO:The 'T' was the 1st character
2018-12-15 23:34:23,246:INFO:The 's' was the 3rd character
2018-12-15 23:34:23,247:INFO:The 't' was the 4th character
2018-12-15 23:34:23,247:INFO:The 'n' was the 6th character
2018-12-15 23:34:23,248:INFO:The 'g' was the 7th character
2018-12-15 23:34:23,248:INFO:

2018-12-15 23:34:23,249:INFO:The numbers in this password are: ['4']
2018-12-15 23:34:23,249:INFO:The '4' was the 2nd character
2018-12-15 23:34:23,249:INFO:

2018-12-15 23:34:23,250:INFO:The symbols in this password are: ['!']
2018-12-15 23:34:23,250:INFO:The '!' was the 5th character
2018-12-15 23:34:23,250:INFO:

2018-12-15 23:34:23,309:INFO:The length of 'T4st!ng' is 7
2018-12-15 23:34:23,309:INFO:As a list it looks like this ['T', '4', 's', 't', '!', 'n', 'g']
2018-12-15 23:34:23,310:INFO:The letters in this password are: ['T', 's', 't', 'n', 'g']
2018-12-15 23:34:23,310:INFO:The 'T' was the 1st character
2018-12-15 23:34:23,310:INFO:The 's' was the 3rd character
2018-12-15 23:34:23,311:INFO:The 't' was the 4th character
2018-12-15 23:34:23,311:INFO:The 'n' was the 6th character
2018-12-15 23:34:23,312:INFO:The 'g' was the 7th character
2018-12-15 23:34:23,312:INFO:

2018-12-15 23:34:23,313:INFO:The numbers in this password are: ['4']
2018-12-15 23:34:23,313:INFO:The '4' was the 2nd character
2018-12-15 23:34:23,313:INFO:

2018-12-15 23:34:23,314:INFO:The symbols in this password are: ['!']
2018-12-15 23:34:23,314:INFO:The '!' was the 5th character
2018-12-15 23:34:23,314:INFO:

2018-12-15 23:34:23,378:INFO:The length of 'T4st!ng' is 7
2018-12-15 23:34:23,379:INFO:As a list it looks like this ['T', '4', 's', 't', '!', 'n', 'g']
2018-12-15 23:34:23,379:INFO:The letters in this password are: ['T', 's', 't', 'n', 'g']
2018-12-15 23:34:23,380:INFO:The 'T' was the 1st character
2018-12-15 23:34:23,380:INFO:The 's' was the 3rd character
2018-12-15 23:34:23,380:INFO:The 't' was the 4th character
2018-12-15 23:34:23,381:INFO:The 'n' was the 6th character
2018-12-15 23:34:23,381:INFO:The 'g' was the 7th character
2018-12-15 23:34:23,381:INFO:

2018-12-15 23:34:23,382:INFO:The numbers in this password are: ['4']
2018-12-15 23:34:23,382:INFO:The '4' was the 2nd character
2018-12-15 23:34:23,382:INFO:

2018-12-15 23:34:23,383:INFO:The symbols in this password are: ['!']
2018-12-15 23:34:23,383:INFO:The '!' was the 5th character
2018-12-15 23:34:23,383:INFO:

2018-12-15 23:34:23,447:INFO:The length of 'T4st!ng' is 7
2018-12-15 23:34:23,448:INFO:As a list it looks like this ['T', '4', 's', 't', '!', 'n', 'g']
2018-12-15 23:34:23,449:INFO:The letters in this password are: ['T', 's', 't', 'n', 'g']
2018-12-15 23:34:23,450:INFO:The 'T' was the 1st character
2018-12-15 23:34:23,450:INFO:The 's' was the 3rd character
2018-12-15 23:34:23,450:INFO:The 't' was the 4th character
2018-12-15 23:34:23,451:INFO:The 'n' was the 6th character
2018-12-15 23:34:23,451:INFO:The 'g' was the 7th character
2018-12-15 23:34:23,451:INFO:

2018-12-15 23:34:23,452:INFO:The numbers in this password are: ['4']
2018-12-15 23:34:23,452:INFO:The '4' was the 2nd character
2018-12-15 23:34:23,453:INFO:

2018-12-15 23:34:23,453:INFO:The symbols in this password are: ['!']
2018-12-15 23:34:23,454:INFO:The '!' was the 5th character
2018-12-15 23:34:23,454:INFO:

2018-12-15 23:34:23,518:INFO:The length of 'T4st!ng' is 7
2018-12-15 23:34:23,519:INFO:As a list it looks like this ['T', '4', 's', 't', '!', 'n', 'g']
2018-12-15 23:34:23,519:INFO:The letters in this password are: ['T', 's', 't', 'n', 'g']
2018-12-15 23:34:23,520:INFO:The 'T' was the 1st character
2018-12-15 23:34:23,521:INFO:The 's' was the 3rd character
2018-12-15 23:34:23,521:INFO:The 't' was the 4th character
2018-12-15 23:34:23,522:INFO:The 'n' was the 6th character
2018-12-15 23:34:23,522:INFO:The 'g' was the 7th character
2018-12-15 23:34:23,523:INFO:

2018-12-15 23:34:23,524:INFO:The numbers in this password are: ['4']
2018-12-15 23:34:23,524:INFO:The '4' was the 2nd character
2018-12-15 23:34:23,525:INFO:

2018-12-15 23:34:23,527:INFO:The symbols in this password are: ['!']
2018-12-15 23:34:23,529:INFO:The '!' was the 5th character
2018-12-15 23:34:23,529:INFO:

2018-12-15 23:34:23,594:INFO:The length of 'T4st!ng' is 7
2018-12-15 23:34:23,595:INFO:As a list it looks like this ['T', '4', 's', 't', '!', 'n', 'g']
2018-12-15 23:34:23,595:INFO:The letters in this password are: ['T', 's', 't', 'n', 'g']
2018-12-15 23:34:23,596:INFO:The 'T' was the 1st character
2018-12-15 23:34:23,596:INFO:The 's' was the 3rd character
2018-12-15 23:34:23,597:INFO:The 't' was the 4th character
2018-12-15 23:34:23,597:INFO:The 'n' was the 6th character
2018-12-15 23:34:23,597:INFO:The 'g' was the 7th character
2018-12-15 23:34:23,598:INFO:

2018-12-15 23:34:23,599:INFO:The numbers in this password are: ['4']
2018-12-15 23:34:23,599:INFO:The '4' was the 2nd character
2018-12-15 23:34:23,599:INFO:

2018-12-15 23:34:23,600:INFO:The symbols in this password are: ['!']
2018-12-15 23:34:23,601:INFO:The '!' was the 5th character
2018-12-15 23:34:23,601:INFO:

2018-12-15 23:34:23,671:INFO:The length of 'T4st!ng' is 7
2018-12-15 23:34:23,672:INFO:As a list it looks like this ['T', '4', 's', 't', '!', 'n', 'g']
2018-12-15 23:34:23,673:INFO:The letters in this password are: ['T', 's', 't', 'n', 'g']
2018-12-15 23:34:23,673:INFO:The 'T' was the 1st character
2018-12-15 23:34:23,673:INFO:The 's' was the 3rd character
2018-12-15 23:34:23,673:INFO:The 't' was the 4th character
2018-12-15 23:34:23,674:INFO:The 'n' was the 6th character
2018-12-15 23:34:23,674:INFO:The 'g' was the 7th character
2018-12-15 23:34:23,674:INFO:

2018-12-15 23:34:23,675:INFO:The numbers in this password are: ['4']
2018-12-15 23:34:23,675:INFO:The '4' was the 2nd character
2018-12-15 23:34:23,675:INFO:

2018-12-15 23:34:23,676:INFO:The symbols in this password are: ['!']
2018-12-15 23:34:23,676:INFO:The '!' was the 5th character
2018-12-15 23:34:23,677:INFO:

2018-12-15 23:34:23,737:INFO:The length of 'T4st!ng' is 7
2018-12-15 23:34:23,738:INFO:As a list it looks like this ['T', '4', 's', 't', '!', 'n', 'g']
2018-12-15 23:34:23,738:INFO:The letters in this password are: ['T', 's', 't', 'n', 'g']
2018-12-15 23:34:23,739:INFO:The 'T' was the 1st character
2018-12-15 23:34:23,739:INFO:The 's' was the 3rd character
2018-12-15 23:34:23,739:INFO:The 't' was the 4th character
2018-12-15 23:34:23,740:INFO:The 'n' was the 6th character
2018-12-15 23:34:23,740:INFO:The 'g' was the 7th character
2018-12-15 23:34:23,741:INFO:

2018-12-15 23:34:23,742:INFO:The numbers in this password are: ['4']
2018-12-15 23:34:23,742:INFO:The '4' was the 2nd character
2018-12-15 23:34:23,742:INFO:

2018-12-15 23:34:23,743:INFO:The symbols in this password are: ['!']
2018-12-15 23:34:23,743:INFO:The '!' was the 5th character
2018-12-15 23:34:23,744:INFO:

2018-12-15 23:34:23,802:INFO:The length of 'T4st!ng' is 7
2018-12-15 23:34:23,803:INFO:As a list it looks like this ['T', '4', 's', 't', '!', 'n', 'g']
2018-12-15 23:34:23,803:INFO:The letters in this password are: ['T', 's', 't', 'n', 'g']
2018-12-15 23:34:23,803:INFO:The 'T' was the 1st character
2018-12-15 23:34:23,804:INFO:The 's' was the 3rd character
2018-12-15 23:34:23,804:INFO:The 't' was the 4th character
2018-12-15 23:34:23,804:INFO:The 'n' was the 6th character
2018-12-15 23:34:23,805:INFO:The 'g' was the 7th character
2018-12-15 23:34:23,805:INFO:

2018-12-15 23:34:23,806:INFO:The numbers in this password are: ['4']
2018-12-15 23:34:23,806:INFO:The '4' was the 2nd character
2018-12-15 23:34:23,806:INFO:

2018-12-15 23:34:23,807:INFO:The symbols in this password are: ['!']
2018-12-15 23:34:23,807:INFO:The '!' was the 5th character
2018-12-15 23:34:23,807:INFO:

2018-12-15 23:34:23,867:INFO:The length of 'T4st!ng' is 7
2018-12-15 23:34:23,868:INFO:As a list it looks like this ['T', '4', 's', 't', '!', 'n', 'g']
2018-12-15 23:34:23,868:INFO:The letters in this password are: ['T', 's', 't', 'n', 'g']
2018-12-15 23:34:23,868:INFO:The 'T' was the 1st character
2018-12-15 23:34:23,869:INFO:The 's' was the 3rd character
2018-12-15 23:34:23,869:INFO:The 't' was the 4th character
2018-12-15 23:34:23,869:INFO:The 'n' was the 6th character
2018-12-15 23:34:23,870:INFO:The 'g' was the 7th character
2018-12-15 23:34:23,870:INFO:

2018-12-15 23:34:23,870:INFO:The numbers in this password are: ['4']
2018-12-15 23:34:23,871:INFO:The '4' was the 2nd character
2018-12-15 23:34:23,871:INFO:

2018-12-15 23:34:23,871:INFO:The symbols in this password are: ['!']
2018-12-15 23:34:23,872:INFO:The '!' was the 5th character
2018-12-15 23:34:23,872:INFO:

2018-12-15 23:34:23,932:INFO:The length of 'T4st!ng' is 7
2018-12-15 23:34:23,933:INFO:As a list it looks like this ['T', '4', 's', 't', '!', 'n', 'g']
2018-12-15 23:34:23,933:INFO:The letters in this password are: ['T', 's', 't', 'n', 'g']
2018-12-15 23:34:23,933:INFO:The 'T' was the 1st character
2018-12-15 23:34:23,933:INFO:The 's' was the 3rd character
2018-12-15 23:34:23,934:INFO:The 't' was the 4th character
2018-12-15 23:34:23,934:INFO:The 'n' was the 6th character
2018-12-15 23:34:23,934:INFO:The 'g' was the 7th character
2018-12-15 23:34:23,935:INFO:

2018-12-15 23:34:23,935:INFO:The numbers in this password are: ['4']
2018-12-15 23:34:23,935:INFO:The '4' was the 2nd character
2018-12-15 23:34:23,936:INFO:

2018-12-15 23:34:23,936:INFO:The symbols in this password are: ['!']
2018-12-15 23:34:23,936:INFO:The '!' was the 5th character
2018-12-15 23:34:23,937:INFO:

2018-12-15 23:34:24,000:INFO:The length of 'T4st!ng' is 7
2018-12-15 23:34:24,000:INFO:As a list it looks like this ['T', '4', 's', 't', '!', 'n', 'g']
2018-12-15 23:34:24,001:INFO:The letters in this password are: ['T', 's', 't', 'n', 'g']
2018-12-15 23:34:24,001:INFO:The 'T' was the 1st character
2018-12-15 23:34:24,002:INFO:The 's' was the 3rd character
2018-12-15 23:34:24,002:INFO:The 't' was the 4th character
2018-12-15 23:34:24,002:INFO:The 'n' was the 6th character
2018-12-15 23:34:24,002:INFO:The 'g' was the 7th character
2018-12-15 23:34:24,003:INFO:

2018-12-15 23:34:24,003:INFO:The numbers in this password are: ['4']
2018-12-15 23:34:24,004:INFO:The '4' was the 2nd character
2018-12-15 23:34:24,004:INFO:

2018-12-15 23:34:24,005:INFO:The symbols in this password are: ['!']
2018-12-15 23:34:24,005:INFO:The '!' was the 5th character
2018-12-15 23:34:24,005:INFO:

2018-12-15 23:34:24,062:INFO:The length of 'T4st!ng' is 7
2018-12-15 23:34:24,063:INFO:As a list it looks like this ['T', '4', 's', 't', '!', 'n', 'g']
2018-12-15 23:34:24,063:INFO:The letters in this password are: ['T', 's', 't', 'n', 'g']
2018-12-15 23:34:24,064:INFO:The 'T' was the 1st character
2018-12-15 23:34:24,064:INFO:The 's' was the 3rd character
2018-12-15 23:34:24,064:INFO:The 't' was the 4th character
2018-12-15 23:34:24,065:INFO:The 'n' was the 6th character
2018-12-15 23:34:24,065:INFO:The 'g' was the 7th character
2018-12-15 23:34:24,065:INFO:

2018-12-15 23:34:24,066:INFO:The numbers in this password are: ['4']
2018-12-15 23:34:24,066:INFO:The '4' was the 2nd character
2018-12-15 23:34:24,066:INFO:

2018-12-15 23:34:24,067:INFO:The symbols in this password are: ['!']
2018-12-15 23:34:24,067:INFO:The '!' was the 5th character
2018-12-15 23:34:24,067:INFO:

2018-12-15 23:34:24,127:INFO:The length of 'T4st!ng' is 7
2018-12-15 23:34:24,127:INFO:As a list it looks like this ['T', '4', 's', 't', '!', 'n', 'g']
2018-12-15 23:34:24,127:INFO:The letters in this password are: ['T', 's', 't', 'n', 'g']
2018-12-15 23:34:24,128:INFO:The 'T' was the 1st character
2018-12-15 23:34:24,128:INFO:The 's' was the 3rd character
2018-12-15 23:34:24,128:INFO:The 't' was the 4th character
2018-12-15 23:34:24,129:INFO:The 'n' was the 6th character
2018-12-15 23:34:24,129:INFO:The 'g' was the 7th character
2018-12-15 23:34:24,129:INFO:

2018-12-15 23:34:24,130:INFO:The numbers in this password are: ['4']
2018-12-15 23:34:24,130:INFO:The '4' was the 2nd character
2018-12-15 23:34:24,130:INFO:

2018-12-15 23:34:24,131:INFO:The symbols in this password are: ['!']
2018-12-15 23:34:24,131:INFO:The '!' was the 5th character
2018-12-15 23:34:24,131:INFO:

2018-12-15 23:34:24,186:INFO:The length of 'T4st!ng' is 7
2018-12-15 23:34:24,187:INFO:As a list it looks like this ['T', '4', 's', 't', '!', 'n', 'g']
2018-12-15 23:34:24,188:INFO:The letters in this password are: ['T', 's', 't', 'n', 'g']
2018-12-15 23:34:24,188:INFO:The 'T' was the 1st character
2018-12-15 23:34:24,188:INFO:The 's' was the 3rd character
2018-12-15 23:34:24,188:INFO:The 't' was the 4th character
2018-12-15 23:34:24,189:INFO:The 'n' was the 6th character
2018-12-15 23:34:24,189:INFO:The 'g' was the 7th character
2018-12-15 23:34:24,189:INFO:

2018-12-15 23:34:24,190:INFO:The numbers in this password are: ['4']
2018-12-15 23:34:24,190:INFO:The '4' was the 2nd character
2018-12-15 23:34:24,191:INFO:

2018-12-15 23:34:24,191:INFO:The symbols in this password are: ['!']
2018-12-15 23:34:24,192:INFO:The '!' was the 5th character
2018-12-15 23:34:24,192:INFO:

2018-12-15 23:34:24,252:INFO:The length of 'T4st!ng' is 7
2018-12-15 23:34:24,253:INFO:As a list it looks like this ['T', '4', 's', 't', '!', 'n', 'g']
2018-12-15 23:34:24,254:INFO:The letters in this password are: ['T', 's', 't', 'n', 'g']
2018-12-15 23:34:24,254:INFO:The 'T' was the 1st character
2018-12-15 23:34:24,255:INFO:The 's' was the 3rd character
2018-12-15 23:34:24,255:INFO:The 't' was the 4th character
2018-12-15 23:34:24,255:INFO:The 'n' was the 6th character
2018-12-15 23:34:24,256:INFO:The 'g' was the 7th character
2018-12-15 23:34:24,256:INFO:

2018-12-15 23:34:24,257:INFO:The numbers in this password are: ['4']
2018-12-15 23:34:24,257:INFO:The '4' was the 2nd character
2018-12-15 23:34:24,258:INFO:

2018-12-15 23:34:24,259:INFO:The symbols in this password are: ['!']
2018-12-15 23:34:24,259:INFO:The '!' was the 5th character
2018-12-15 23:34:24,259:INFO:

2018-12-15 23:34:24,323:INFO:The length of 'T4st!ng' is 7
2018-12-15 23:34:24,323:INFO:As a list it looks like this ['T', '4', 's', 't', '!', 'n', 'g']
2018-12-15 23:34:24,324:INFO:The letters in this password are: ['T', 's', 't', 'n', 'g']
2018-12-15 23:34:24,324:INFO:The 'T' was the 1st character
2018-12-15 23:34:24,325:INFO:The 's' was the 3rd character
2018-12-15 23:34:24,325:INFO:The 't' was the 4th character
2018-12-15 23:34:24,326:INFO:The 'n' was the 6th character
2018-12-15 23:34:24,326:INFO:The 'g' was the 7th character
2018-12-15 23:34:24,326:INFO:

2018-12-15 23:34:24,327:INFO:The numbers in this password are: ['4']
2018-12-15 23:34:24,327:INFO:The '4' was the 2nd character
2018-12-15 23:34:24,328:INFO:

2018-12-15 23:34:24,328:INFO:The symbols in this password are: ['!']
2018-12-15 23:34:24,329:INFO:The '!' was the 5th character
2018-12-15 23:34:24,329:INFO:

2018-12-15 23:34:24,389:INFO:The length of 'T4st!ng' is 7
2018-12-15 23:34:24,390:INFO:As a list it looks like this ['T', '4', 's', 't', '!', 'n', 'g']
2018-12-15 23:34:24,390:INFO:The letters in this password are: ['T', 's', 't', 'n', 'g']
2018-12-15 23:34:24,391:INFO:The 'T' was the 1st character
2018-12-15 23:34:24,391:INFO:The 's' was the 3rd character
2018-12-15 23:34:24,391:INFO:The 't' was the 4th character
2018-12-15 23:34:24,391:INFO:The 'n' was the 6th character
2018-12-15 23:34:24,392:INFO:The 'g' was the 7th character
2018-12-15 23:34:24,392:INFO:

2018-12-15 23:34:24,392:INFO:The numbers in this password are: ['4']
2018-12-15 23:34:24,393:INFO:The '4' was the 2nd character
2018-12-15 23:34:24,393:INFO:

2018-12-15 23:34:24,393:INFO:The symbols in this password are: ['!']
2018-12-15 23:34:24,394:INFO:The '!' was the 5th character
2018-12-15 23:34:24,394:INFO:

2018-12-15 23:34:24,452:INFO:The length of 'T4st!ng' is 7
2018-12-15 23:34:24,453:INFO:As a list it looks like this ['T', '4', 's', 't', '!', 'n', 'g']
2018-12-15 23:34:24,453:INFO:The letters in this password are: ['T', 's', 't', 'n', 'g']
2018-12-15 23:34:24,454:INFO:The 'T' was the 1st character
2018-12-15 23:34:24,454:INFO:The 's' was the 3rd character
2018-12-15 23:34:24,455:INFO:The 't' was the 4th character
2018-12-15 23:34:24,455:INFO:The 'n' was the 6th character
2018-12-15 23:34:24,456:INFO:The 'g' was the 7th character
2018-12-15 23:34:24,456:INFO:

2018-12-15 23:34:24,457:INFO:The numbers in this password are: ['4']
2018-12-15 23:34:24,457:INFO:The '4' was the 2nd character
2018-12-15 23:34:24,457:INFO:

2018-12-15 23:34:24,458:INFO:The symbols in this password are: ['!']
2018-12-15 23:34:24,458:INFO:The '!' was the 5th character
2018-12-15 23:34:24,459:INFO:

2018-12-15 23:34:24,518:INFO:The length of 'T4st!ng' is 7
2018-12-15 23:34:24,518:INFO:As a list it looks like this ['T', '4', 's', 't', '!', 'n', 'g']
2018-12-15 23:34:24,520:INFO:The letters in this password are: ['T', 's', 't', 'n', 'g']
2018-12-15 23:34:24,520:INFO:The 'T' was the 1st character
2018-12-15 23:34:24,521:INFO:The 's' was the 3rd character
2018-12-15 23:34:24,521:INFO:The 't' was the 4th character
2018-12-15 23:34:24,522:INFO:The 'n' was the 6th character
2018-12-15 23:34:24,523:INFO:The 'g' was the 7th character
2018-12-15 23:34:24,524:INFO:

2018-12-15 23:34:24,525:INFO:The numbers in this password are: ['4']
2018-12-15 23:34:24,526:INFO:The '4' was the 2nd character
2018-12-15 23:34:24,526:INFO:

2018-12-15 23:34:24,527:INFO:The symbols in this password are: ['!']
2018-12-15 23:34:24,529:INFO:The '!' was the 5th character
2018-12-15 23:34:24,529:INFO:

2018-12-15 23:34:24,589:INFO:The length of 'T4st!ng' is 7
2018-12-15 23:34:24,589:INFO:As a list it looks like this ['T', '4', 's', 't', '!', 'n', 'g']
2018-12-15 23:34:24,590:INFO:The letters in this password are: ['T', 's', 't', 'n', 'g']
2018-12-15 23:34:24,590:INFO:The 'T' was the 1st character
2018-12-15 23:34:24,590:INFO:The 's' was the 3rd character
2018-12-15 23:34:24,591:INFO:The 't' was the 4th character
2018-12-15 23:34:24,591:INFO:The 'n' was the 6th character
2018-12-15 23:34:24,592:INFO:The 'g' was the 7th character
2018-12-15 23:34:24,592:INFO:

2018-12-15 23:34:24,592:INFO:The numbers in this password are: ['4']
2018-12-15 23:34:24,593:INFO:The '4' was the 2nd character
2018-12-15 23:34:24,593:INFO:

2018-12-15 23:34:24,593:INFO:The symbols in this password are: ['!']
2018-12-15 23:34:24,594:INFO:The '!' was the 5th character
2018-12-15 23:34:24,594:INFO:

2018-12-15 23:34:24,658:INFO:The length of 'T4st!ng' is 7
2018-12-15 23:34:24,659:INFO:As a list it looks like this ['T', '4', 's', 't', '!', 'n', 'g']
2018-12-15 23:34:24,659:INFO:The letters in this password are: ['T', 's', 't', 'n', 'g']
2018-12-15 23:34:24,660:INFO:The 'T' was the 1st character
2018-12-15 23:34:24,660:INFO:The 's' was the 3rd character
2018-12-15 23:34:24,660:INFO:The 't' was the 4th character
2018-12-15 23:34:24,660:INFO:The 'n' was the 6th character
2018-12-15 23:34:24,661:INFO:The 'g' was the 7th character
2018-12-15 23:34:24,661:INFO:

2018-12-15 23:34:24,661:INFO:The numbers in this password are: ['4']
2018-12-15 23:34:24,662:INFO:The '4' was the 2nd character
2018-12-15 23:34:24,662:INFO:

2018-12-15 23:34:24,662:INFO:The symbols in this password are: ['!']
2018-12-15 23:34:24,663:INFO:The '!' was the 5th character
2018-12-15 23:34:24,663:INFO:

2018-12-15 23:34:24,720:INFO:The length of 'T4st!ng' is 7
2018-12-15 23:34:24,721:INFO:As a list it looks like this ['T', '4', 's', 't', '!', 'n', 'g']
2018-12-15 23:34:24,721:INFO:The letters in this password are: ['T', 's', 't', 'n', 'g']
2018-12-15 23:34:24,722:INFO:The 'T' was the 1st character
2018-12-15 23:34:24,722:INFO:The 's' was the 3rd character
2018-12-15 23:34:24,722:INFO:The 't' was the 4th character
2018-12-15 23:34:24,723:INFO:The 'n' was the 6th character
2018-12-15 23:34:24,723:INFO:The 'g' was the 7th character
2018-12-15 23:34:24,723:INFO:

2018-12-15 23:34:24,724:INFO:The numbers in this password are: ['4']
2018-12-15 23:34:24,724:INFO:The '4' was the 2nd character
2018-12-15 23:34:24,725:INFO:

2018-12-15 23:34:24,725:INFO:The symbols in this password are: ['!']
2018-12-15 23:34:24,725:INFO:The '!' was the 5th character
2018-12-15 23:34:24,726:INFO:

2018-12-15 23:34:24,783:INFO:The length of 'T4st!ng' is 7
2018-12-15 23:34:24,784:INFO:As a list it looks like this ['T', '4', 's', 't', '!', 'n', 'g']
2018-12-15 23:34:24,784:INFO:The letters in this password are: ['T', 's', 't', 'n', 'g']
2018-12-15 23:34:24,785:INFO:The 'T' was the 1st character
2018-12-15 23:34:24,785:INFO:The 's' was the 3rd character
2018-12-15 23:34:24,786:INFO:The 't' was the 4th character
2018-12-15 23:34:24,786:INFO:The 'n' was the 6th character
2018-12-15 23:34:24,787:INFO:The 'g' was the 7th character
2018-12-15 23:34:24,787:INFO:

2018-12-15 23:34:24,788:INFO:The numbers in this password are: ['4']
2018-12-15 23:34:24,788:INFO:The '4' was the 2nd character
2018-12-15 23:34:24,788:INFO:

2018-12-15 23:34:24,789:INFO:The symbols in this password are: ['!']
2018-12-15 23:34:24,789:INFO:The '!' was the 5th character
2018-12-15 23:34:24,789:INFO:

2018-12-15 23:34:24,848:INFO:The length of 'T4st!ng' is 7
2018-12-15 23:34:24,849:INFO:As a list it looks like this ['T', '4', 's', 't', '!', 'n', 'g']
2018-12-15 23:34:24,849:INFO:The letters in this password are: ['T', 's', 't', 'n', 'g']
2018-12-15 23:34:24,850:INFO:The 'T' was the 1st character
2018-12-15 23:34:24,850:INFO:The 's' was the 3rd character
2018-12-15 23:34:24,850:INFO:The 't' was the 4th character
2018-12-15 23:34:24,851:INFO:The 'n' was the 6th character
2018-12-15 23:34:24,851:INFO:The 'g' was the 7th character
2018-12-15 23:34:24,851:INFO:

2018-12-15 23:34:24,852:INFO:The numbers in this password are: ['4']
2018-12-15 23:34:24,853:INFO:The '4' was the 2nd character
2018-12-15 23:34:24,853:INFO:

2018-12-15 23:34:24,853:INFO:The symbols in this password are: ['!']
2018-12-15 23:34:24,854:INFO:The '!' was the 5th character
2018-12-15 23:34:24,854:INFO:

2018-12-15 23:34:24,911:INFO:The length of 'T4st!ng' is 7
2018-12-15 23:34:24,912:INFO:As a list it looks like this ['T', '4', 's', 't', '!', 'n', 'g']
2018-12-15 23:34:24,912:INFO:The letters in this password are: ['T', 's', 't', 'n', 'g']
2018-12-15 23:34:24,912:INFO:The 'T' was the 1st character
2018-12-15 23:34:24,913:INFO:The 's' was the 3rd character
2018-12-15 23:34:24,913:INFO:The 't' was the 4th character
2018-12-15 23:34:24,913:INFO:The 'n' was the 6th character
2018-12-15 23:34:24,914:INFO:The 'g' was the 7th character
2018-12-15 23:34:24,914:INFO:

2018-12-15 23:34:24,915:INFO:The numbers in this password are: ['4']
2018-12-15 23:34:24,915:INFO:The '4' was the 2nd character
2018-12-15 23:34:24,915:INFO:

2018-12-15 23:34:24,916:INFO:The symbols in this password are: ['!']
2018-12-15 23:34:24,916:INFO:The '!' was the 5th character
2018-12-15 23:34:24,916:INFO:

2018-12-15 23:34:24,982:INFO:The length of 'T4st!ng' is 7
2018-12-15 23:34:24,982:INFO:As a list it looks like this ['T', '4', 's', 't', '!', 'n', 'g']
2018-12-15 23:34:24,982:INFO:The letters in this password are: ['T', 's', 't', 'n', 'g']
2018-12-15 23:34:24,983:INFO:The 'T' was the 1st character
2018-12-15 23:34:24,983:INFO:The 's' was the 3rd character
2018-12-15 23:34:24,983:INFO:The 't' was the 4th character
2018-12-15 23:34:24,984:INFO:The 'n' was the 6th character
2018-12-15 23:34:24,984:INFO:The 'g' was the 7th character
2018-12-15 23:34:24,984:INFO:

2018-12-15 23:34:24,985:INFO:The numbers in this password are: ['4']
2018-12-15 23:34:24,985:INFO:The '4' was the 2nd character
2018-12-15 23:34:24,985:INFO:

2018-12-15 23:34:24,986:INFO:The symbols in this password are: ['!']
2018-12-15 23:34:24,986:INFO:The '!' was the 5th character
2018-12-15 23:34:24,986:INFO:

2018-12-15 23:34:25,047:INFO:The length of 'T4st!ng' is 7
2018-12-15 23:34:25,047:INFO:As a list it looks like this ['T', '4', 's', 't', '!', 'n', 'g']
2018-12-15 23:34:25,048:INFO:The letters in this password are: ['T', 's', 't', 'n', 'g']
2018-12-15 23:34:25,049:INFO:The 'T' was the 1st character
2018-12-15 23:34:25,049:INFO:The 's' was the 3rd character
2018-12-15 23:34:25,049:INFO:The 't' was the 4th character
2018-12-15 23:34:25,050:INFO:The 'n' was the 6th character
2018-12-15 23:34:25,050:INFO:The 'g' was the 7th character
2018-12-15 23:34:25,050:INFO:

2018-12-15 23:34:25,051:INFO:The numbers in this password are: ['4']
2018-12-15 23:34:25,051:INFO:The '4' was the 2nd character
2018-12-15 23:34:25,051:INFO:

2018-12-15 23:34:25,052:INFO:The symbols in this password are: ['!']
2018-12-15 23:34:25,053:INFO:The '!' was the 5th character
2018-12-15 23:34:25,053:INFO:

2018-12-15 23:34:25,123:INFO:The length of 'T4st!ng' is 7
2018-12-15 23:34:25,124:INFO:As a list it looks like this ['T', '4', 's', 't', '!', 'n', 'g']
2018-12-15 23:34:25,124:INFO:The letters in this password are: ['T', 's', 't', 'n', 'g']
2018-12-15 23:34:25,124:INFO:The 'T' was the 1st character
2018-12-15 23:34:25,125:INFO:The 's' was the 3rd character
2018-12-15 23:34:25,125:INFO:The 't' was the 4th character
2018-12-15 23:34:25,125:INFO:The 'n' was the 6th character
2018-12-15 23:34:25,126:INFO:The 'g' was the 7th character
2018-12-15 23:34:25,126:INFO:

2018-12-15 23:34:25,127:INFO:The numbers in this password are: ['4']
2018-12-15 23:34:25,127:INFO:The '4' was the 2nd character
2018-12-15 23:34:25,128:INFO:

2018-12-15 23:34:25,128:INFO:The symbols in this password are: ['!']
2018-12-15 23:34:25,128:INFO:The '!' was the 5th character
2018-12-15 23:34:25,129:INFO:

2018-12-15 23:34:25,184:INFO:The length of 'T4st!ng' is 7
2018-12-15 23:34:25,185:INFO:As a list it looks like this ['T', '4', 's', 't', '!', 'n', 'g']
2018-12-15 23:34:25,186:INFO:The letters in this password are: ['T', 's', 't', 'n', 'g']
2018-12-15 23:34:25,186:INFO:The 'T' was the 1st character
2018-12-15 23:34:25,186:INFO:The 's' was the 3rd character
2018-12-15 23:34:25,186:INFO:The 't' was the 4th character
2018-12-15 23:34:25,186:INFO:The 'n' was the 6th character
2018-12-15 23:34:25,186:INFO:The 'g' was the 7th character
2018-12-15 23:34:25,187:INFO:

2018-12-15 23:34:25,187:INFO:The numbers in this password are: ['4']
2018-12-15 23:34:25,187:INFO:The '4' was the 2nd character
2018-12-15 23:34:25,187:INFO:

2018-12-15 23:34:25,187:INFO:The symbols in this password are: ['!']
2018-12-15 23:34:25,187:INFO:The '!' was the 5th character
2018-12-15 23:34:25,187:INFO:

2018-12-15 23:34:25,245:INFO:The length of 'T4st!ng' is 7
2018-12-15 23:34:25,246:INFO:As a list it looks like this ['T', '4', 's', 't', '!', 'n', 'g']
2018-12-15 23:34:25,246:INFO:The letters in this password are: ['T', 's', 't', 'n', 'g']
2018-12-15 23:34:25,247:INFO:The 'T' was the 1st character
2018-12-15 23:34:25,247:INFO:The 's' was the 3rd character
2018-12-15 23:34:25,247:INFO:The 't' was the 4th character
2018-12-15 23:34:25,247:INFO:The 'n' was the 6th character
2018-12-15 23:34:25,248:INFO:The 'g' was the 7th character
2018-12-15 23:34:25,248:INFO:

2018-12-15 23:34:25,248:INFO:The numbers in this password are: ['4']
2018-12-15 23:34:25,248:INFO:The '4' was the 2nd character
2018-12-15 23:34:25,248:INFO:

2018-12-15 23:34:25,248:INFO:The symbols in this password are: ['!']
2018-12-15 23:34:25,249:INFO:The '!' was the 5th character
2018-12-15 23:34:25,249:INFO:

2018-12-15 23:34:25,308:INFO:The length of 'T4st!ng' is 7
2018-12-15 23:34:25,309:INFO:As a list it looks like this ['T', '4', 's', 't', '!', 'n', 'g']
2018-12-15 23:34:25,309:INFO:The letters in this password are: ['T', 's', 't', 'n', 'g']
2018-12-15 23:34:25,309:INFO:The 'T' was the 1st character
2018-12-15 23:34:25,309:INFO:The 's' was the 3rd character
2018-12-15 23:34:25,309:INFO:The 't' was the 4th character
2018-12-15 23:34:25,309:INFO:The 'n' was the 6th character
2018-12-15 23:34:25,309:INFO:The 'g' was the 7th character
2018-12-15 23:34:25,310:INFO:

2018-12-15 23:34:25,310:INFO:The numbers in this password are: ['4']
2018-12-15 23:34:25,310:INFO:The '4' was the 2nd character
2018-12-15 23:34:25,310:INFO:

2018-12-15 23:34:25,310:INFO:The symbols in this password are: ['!']
2018-12-15 23:34:25,310:INFO:The '!' was the 5th character
2018-12-15 23:34:25,310:INFO:

2018-12-15 23:34:25,370:INFO:The length of 'T4st!ng' is 7
2018-12-15 23:34:25,370:INFO:As a list it looks like this ['T', '4', 's', 't', '!', 'n', 'g']
2018-12-15 23:34:25,370:INFO:The letters in this password are: ['T', 's', 't', 'n', 'g']
2018-12-15 23:34:25,371:INFO:The 'T' was the 1st character
2018-12-15 23:34:25,371:INFO:The 's' was the 3rd character
2018-12-15 23:34:25,371:INFO:The 't' was the 4th character
2018-12-15 23:34:25,371:INFO:The 'n' was the 6th character
2018-12-15 23:34:25,371:INFO:The 'g' was the 7th character
2018-12-15 23:34:25,371:INFO:

2018-12-15 23:34:25,371:INFO:The numbers in this password are: ['4']
2018-12-15 23:34:25,371:INFO:The '4' was the 2nd character
2018-12-15 23:34:25,372:INFO:

2018-12-15 23:34:25,372:INFO:The symbols in this password are: ['!']
2018-12-15 23:34:25,372:INFO:The '!' was the 5th character
2018-12-15 23:34:25,372:INFO:

2018-12-15 23:34:25,433:INFO:The length of 'T4st!ng' is 7
2018-12-15 23:34:25,433:INFO:As a list it looks like this ['T', '4', 's', 't', '!', 'n', 'g']
2018-12-15 23:34:25,434:INFO:The letters in this password are: ['T', 's', 't', 'n', 'g']
2018-12-15 23:34:25,434:INFO:The 'T' was the 1st character
2018-12-15 23:34:25,434:INFO:The 's' was the 3rd character
2018-12-15 23:34:25,434:INFO:The 't' was the 4th character
2018-12-15 23:34:25,435:INFO:The 'n' was the 6th character
2018-12-15 23:34:25,435:INFO:The 'g' was the 7th character
2018-12-15 23:34:25,435:INFO:

2018-12-15 23:34:25,435:INFO:The numbers in this password are: ['4']
2018-12-15 23:34:25,435:INFO:The '4' was the 2nd character
2018-12-15 23:34:25,435:INFO:

2018-12-15 23:34:25,435:INFO:The symbols in this password are: ['!']
2018-12-15 23:34:25,436:INFO:The '!' was the 5th character
2018-12-15 23:34:25,436:INFO:

2018-12-15 23:34:25,493:INFO:The length of 'T4st!ng' is 7
2018-12-15 23:34:25,493:INFO:As a list it looks like this ['T', '4', 's', 't', '!', 'n', 'g']
2018-12-15 23:34:25,493:INFO:The letters in this password are: ['T', 's', 't', 'n', 'g']
2018-12-15 23:34:25,494:INFO:The 'T' was the 1st character
2018-12-15 23:34:25,494:INFO:The 's' was the 3rd character
2018-12-15 23:34:25,494:INFO:The 't' was the 4th character
2018-12-15 23:34:25,494:INFO:The 'n' was the 6th character
2018-12-15 23:34:25,494:INFO:The 'g' was the 7th character
2018-12-15 23:34:25,494:INFO:

2018-12-15 23:34:25,494:INFO:The numbers in this password are: ['4']
2018-12-15 23:34:25,495:INFO:The '4' was the 2nd character
2018-12-15 23:34:25,495:INFO:

2018-12-15 23:34:25,495:INFO:The symbols in this password are: ['!']
2018-12-15 23:34:25,495:INFO:The '!' was the 5th character
2018-12-15 23:34:25,495:INFO:

2018-12-15 23:34:25,555:INFO:The length of 'T4st!ng' is 7
2018-12-15 23:34:25,556:INFO:As a list it looks like this ['T', '4', 's', 't', '!', 'n', 'g']
2018-12-15 23:34:25,556:INFO:The letters in this password are: ['T', 's', 't', 'n', 'g']
2018-12-15 23:34:25,556:INFO:The 'T' was the 1st character
2018-12-15 23:34:25,556:INFO:The 's' was the 3rd character
2018-12-15 23:34:25,557:INFO:The 't' was the 4th character
2018-12-15 23:34:25,557:INFO:The 'n' was the 6th character
2018-12-15 23:34:25,557:INFO:The 'g' was the 7th character
2018-12-15 23:34:25,557:INFO:

2018-12-15 23:34:25,557:INFO:The numbers in this password are: ['4']
2018-12-15 23:34:25,557:INFO:The '4' was the 2nd character
2018-12-15 23:34:25,557:INFO:

2018-12-15 23:34:25,558:INFO:The symbols in this password are: ['!']
2018-12-15 23:34:25,558:INFO:The '!' was the 5th character
2018-12-15 23:34:25,558:INFO:

2018-12-15 23:34:25,616:INFO:The length of 'T4st!ng' is 7
2018-12-15 23:34:25,617:INFO:As a list it looks like this ['T', '4', 's', 't', '!', 'n', 'g']
2018-12-15 23:34:25,617:INFO:The letters in this password are: ['T', 's', 't', 'n', 'g']
2018-12-15 23:34:25,617:INFO:The 'T' was the 1st character
2018-12-15 23:34:25,617:INFO:The 's' was the 3rd character
2018-12-15 23:34:25,617:INFO:The 't' was the 4th character
2018-12-15 23:34:25,617:INFO:The 'n' was the 6th character
2018-12-15 23:34:25,617:INFO:The 'g' was the 7th character
2018-12-15 23:34:25,618:INFO:

2018-12-15 23:34:25,618:INFO:The numbers in this password are: ['4']
2018-12-15 23:34:25,618:INFO:The '4' was the 2nd character
2018-12-15 23:34:25,618:INFO:

2018-12-15 23:34:25,618:INFO:The symbols in this password are: ['!']
2018-12-15 23:34:25,618:INFO:The '!' was the 5th character
2018-12-15 23:34:25,619:INFO:

2018-12-15 23:34:25,676:INFO:The length of 'T4st!ng' is 7
2018-12-15 23:34:25,676:INFO:As a list it looks like this ['T', '4', 's', 't', '!', 'n', 'g']
2018-12-15 23:34:25,677:INFO:The letters in this password are: ['T', 's', 't', 'n', 'g']
2018-12-15 23:34:25,677:INFO:The 'T' was the 1st character
2018-12-15 23:34:25,677:INFO:The 's' was the 3rd character
2018-12-15 23:34:25,677:INFO:The 't' was the 4th character
2018-12-15 23:34:25,677:INFO:The 'n' was the 6th character
2018-12-15 23:34:25,677:INFO:The 'g' was the 7th character
2018-12-15 23:34:25,677:INFO:

2018-12-15 23:34:25,677:INFO:The numbers in this password are: ['4']
2018-12-15 23:34:25,677:INFO:The '4' was the 2nd character
2018-12-15 23:34:25,678:INFO:

2018-12-15 23:34:25,678:INFO:The symbols in this password are: ['!']
2018-12-15 23:34:25,678:INFO:The '!' was the 5th character
2018-12-15 23:34:25,678:INFO:

2018-12-15 23:34:25,735:INFO:The length of 'T4st!ng' is 7
2018-12-15 23:34:25,735:INFO:As a list it looks like this ['T', '4', 's', 't', '!', 'n', 'g']
2018-12-15 23:34:25,736:INFO:The letters in this password are: ['T', 's', 't', 'n', 'g']
2018-12-15 23:34:25,736:INFO:The 'T' was the 1st character
2018-12-15 23:34:25,736:INFO:The 's' was the 3rd character
2018-12-15 23:34:25,736:INFO:The 't' was the 4th character
2018-12-15 23:34:25,736:INFO:The 'n' was the 6th character
2018-12-15 23:34:25,736:INFO:The 'g' was the 7th character
2018-12-15 23:34:25,736:INFO:

2018-12-15 23:34:25,737:INFO:The numbers in this password are: ['4']
2018-12-15 23:34:25,737:INFO:The '4' was the 2nd character
2018-12-15 23:34:25,737:INFO:

2018-12-15 23:34:25,737:INFO:The symbols in this password are: ['!']
2018-12-15 23:34:25,737:INFO:The '!' was the 5th character
2018-12-15 23:34:25,737:INFO:

2018-12-15 23:34:25,799:INFO:The length of 'T4st!ng' is 7
2018-12-15 23:34:25,799:INFO:As a list it looks like this ['T', '4', 's', 't', '!', 'n', 'g']
2018-12-15 23:34:25,799:INFO:The letters in this password are: ['T', 's', 't', 'n', 'g']
2018-12-15 23:34:25,800:INFO:The 'T' was the 1st character
2018-12-15 23:34:25,800:INFO:The 's' was the 3rd character
2018-12-15 23:34:25,800:INFO:The 't' was the 4th character
2018-12-15 23:34:25,801:INFO:The 'n' was the 6th character
2018-12-15 23:34:25,801:INFO:The 'g' was the 7th character
2018-12-15 23:34:25,801:INFO:

2018-12-15 23:34:25,801:INFO:The numbers in this password are: ['4']
2018-12-15 23:34:25,801:INFO:The '4' was the 2nd character
2018-12-15 23:34:25,801:INFO:

2018-12-15 23:34:25,801:INFO:The symbols in this password are: ['!']
2018-12-15 23:34:25,802:INFO:The '!' was the 5th character
2018-12-15 23:34:25,802:INFO:

2018-12-15 23:34:25,869:INFO:The length of 'T4st!ng' is 7
2018-12-15 23:34:25,869:INFO:As a list it looks like this ['T', '4', 's', 't', '!', 'n', 'g']
2018-12-15 23:34:25,869:INFO:The letters in this password are: ['T', 's', 't', 'n', 'g']
2018-12-15 23:34:25,870:INFO:The 'T' was the 1st character
2018-12-15 23:34:25,870:INFO:The 's' was the 3rd character
2018-12-15 23:34:25,870:INFO:The 't' was the 4th character
2018-12-15 23:34:25,870:INFO:The 'n' was the 6th character
2018-12-15 23:34:25,870:INFO:The 'g' was the 7th character
2018-12-15 23:34:25,870:INFO:

2018-12-15 23:34:25,870:INFO:The numbers in this password are: ['4']
2018-12-15 23:34:25,871:INFO:The '4' was the 2nd character
2018-12-15 23:34:25,871:INFO:

2018-12-15 23:34:25,871:INFO:The symbols in this password are: ['!']
2018-12-15 23:34:25,871:INFO:The '!' was the 5th character
2018-12-15 23:34:25,871:INFO:

2018-12-15 23:34:25,932:INFO:The length of 'T4st!ng' is 7
2018-12-15 23:34:25,933:INFO:As a list it looks like this ['T', '4', 's', 't', '!', 'n', 'g']
2018-12-15 23:34:25,933:INFO:The letters in this password are: ['T', 's', 't', 'n', 'g']
2018-12-15 23:34:25,933:INFO:The 'T' was the 1st character
2018-12-15 23:34:25,933:INFO:The 's' was the 3rd character
2018-12-15 23:34:25,933:INFO:The 't' was the 4th character
2018-12-15 23:34:25,934:INFO:The 'n' was the 6th character
2018-12-15 23:34:25,934:INFO:The 'g' was the 7th character
2018-12-15 23:34:25,934:INFO:

2018-12-15 23:34:25,934:INFO:The numbers in this password are: ['4']
2018-12-15 23:34:25,934:INFO:The '4' was the 2nd character
2018-12-15 23:34:25,934:INFO:

2018-12-15 23:34:25,935:INFO:The symbols in this password are: ['!']
2018-12-15 23:34:25,935:INFO:The '!' was the 5th character
2018-12-15 23:34:25,935:INFO:

2018-12-15 23:34:26,000:INFO:The length of 'T4st!ng' is 7
2018-12-15 23:34:26,001:INFO:As a list it looks like this ['T', '4', 's', 't', '!', 'n', 'g']
2018-12-15 23:34:26,001:INFO:The letters in this password are: ['T', 's', 't', 'n', 'g']
2018-12-15 23:34:26,001:INFO:The 'T' was the 1st character
2018-12-15 23:34:26,001:INFO:The 's' was the 3rd character
2018-12-15 23:34:26,002:INFO:The 't' was the 4th character
2018-12-15 23:34:26,002:INFO:The 'n' was the 6th character
2018-12-15 23:34:26,002:INFO:The 'g' was the 7th character
2018-12-15 23:34:26,002:INFO:

2018-12-15 23:34:26,002:INFO:The numbers in this password are: ['4']
2018-12-15 23:34:26,002:INFO:The '4' was the 2nd character
2018-12-15 23:34:26,002:INFO:

2018-12-15 23:34:26,003:INFO:The symbols in this password are: ['!']
2018-12-15 23:34:26,003:INFO:The '!' was the 5th character
2018-12-15 23:34:26,003:INFO:

2018-12-15 23:34:26,063:INFO:The length of 'T4st!ng' is 7
2018-12-15 23:34:26,063:INFO:As a list it looks like this ['T', '4', 's', 't', '!', 'n', 'g']
2018-12-15 23:34:26,063:INFO:The letters in this password are: ['T', 's', 't', 'n', 'g']
2018-12-15 23:34:26,063:INFO:The 'T' was the 1st character
2018-12-15 23:34:26,064:INFO:The 's' was the 3rd character
2018-12-15 23:34:26,064:INFO:The 't' was the 4th character
2018-12-15 23:34:26,064:INFO:The 'n' was the 6th character
2018-12-15 23:34:26,064:INFO:The 'g' was the 7th character
2018-12-15 23:34:26,064:INFO:

2018-12-15 23:34:26,064:INFO:The numbers in this password are: ['4']
2018-12-15 23:34:26,064:INFO:The '4' was the 2nd character
2018-12-15 23:34:26,065:INFO:

2018-12-15 23:34:26,065:INFO:The symbols in this password are: ['!']
2018-12-15 23:34:26,065:INFO:The '!' was the 5th character
2018-12-15 23:34:26,065:INFO:

2018-12-15 23:34:26,123:INFO:The length of 'T4st!ng' is 7
2018-12-15 23:34:26,123:INFO:As a list it looks like this ['T', '4', 's', 't', '!', 'n', 'g']
2018-12-15 23:34:26,124:INFO:The letters in this password are: ['T', 's', 't', 'n', 'g']
2018-12-15 23:34:26,124:INFO:The 'T' was the 1st character
2018-12-15 23:34:26,124:INFO:The 's' was the 3rd character
2018-12-15 23:34:26,124:INFO:The 't' was the 4th character
2018-12-15 23:34:26,125:INFO:The 'n' was the 6th character
2018-12-15 23:34:26,125:INFO:The 'g' was the 7th character
2018-12-15 23:34:26,125:INFO:

2018-12-15 23:34:26,125:INFO:The numbers in this password are: ['4']
2018-12-15 23:34:26,125:INFO:The '4' was the 2nd character
2018-12-15 23:34:26,126:INFO:

2018-12-15 23:34:26,126:INFO:The symbols in this password are: ['!']
2018-12-15 23:34:26,126:INFO:The '!' was the 5th character
2018-12-15 23:34:26,126:INFO:

2018-12-15 23:34:26,181:INFO:The length of 'T4st!ng' is 7
2018-12-15 23:34:26,181:INFO:As a list it looks like this ['T', '4', 's', 't', '!', 'n', 'g']
2018-12-15 23:34:26,182:INFO:The letters in this password are: ['T', 's', 't', 'n', 'g']
2018-12-15 23:34:26,182:INFO:The 'T' was the 1st character
2018-12-15 23:34:26,182:INFO:The 's' was the 3rd character
2018-12-15 23:34:26,182:INFO:The 't' was the 4th character
2018-12-15 23:34:26,182:INFO:The 'n' was the 6th character
2018-12-15 23:34:26,182:INFO:The 'g' was the 7th character
2018-12-15 23:34:26,182:INFO:

2018-12-15 23:34:26,182:INFO:The numbers in this password are: ['4']
2018-12-15 23:34:26,183:INFO:The '4' was the 2nd character
2018-12-15 23:34:26,183:INFO:

2018-12-15 23:34:26,183:INFO:The symbols in this password are: ['!']
2018-12-15 23:34:26,183:INFO:The '!' was the 5th character
2018-12-15 23:34:26,183:INFO:

2018-12-15 23:34:26,240:INFO:The length of 'T4st!ng' is 7
2018-12-15 23:34:26,241:INFO:As a list it looks like this ['T', '4', 's', 't', '!', 'n', 'g']
2018-12-15 23:34:26,241:INFO:The letters in this password are: ['T', 's', 't', 'n', 'g']
2018-12-15 23:34:26,241:INFO:The 'T' was the 1st character
2018-12-15 23:34:26,241:INFO:The 's' was the 3rd character
2018-12-15 23:34:26,241:INFO:The 't' was the 4th character
2018-12-15 23:34:26,241:INFO:The 'n' was the 6th character
2018-12-15 23:34:26,241:INFO:The 'g' was the 7th character
2018-12-15 23:34:26,242:INFO:

2018-12-15 23:34:26,242:INFO:The numbers in this password are: ['4']
2018-12-15 23:34:26,242:INFO:The '4' was the 2nd character
2018-12-15 23:34:26,242:INFO:

2018-12-15 23:34:26,242:INFO:The symbols in this password are: ['!']
2018-12-15 23:34:26,242:INFO:The '!' was the 5th character
2018-12-15 23:34:26,242:INFO:

2018-12-15 23:34:26,301:INFO:The length of 'T4st!ng' is 7
2018-12-15 23:34:26,301:INFO:As a list it looks like this ['T', '4', 's', 't', '!', 'n', 'g']
2018-12-15 23:34:26,301:INFO:The letters in this password are: ['T', 's', 't', 'n', 'g']
2018-12-15 23:34:26,302:INFO:The 'T' was the 1st character
2018-12-15 23:34:26,302:INFO:The 's' was the 3rd character
2018-12-15 23:34:26,302:INFO:The 't' was the 4th character
2018-12-15 23:34:26,302:INFO:The 'n' was the 6th character
2018-12-15 23:34:26,302:INFO:The 'g' was the 7th character
2018-12-15 23:34:26,303:INFO:

2018-12-15 23:34:26,303:INFO:The numbers in this password are: ['4']
2018-12-15 23:34:26,303:INFO:The '4' was the 2nd character
2018-12-15 23:34:26,303:INFO:

2018-12-15 23:34:26,303:INFO:The symbols in this password are: ['!']
2018-12-15 23:34:26,304:INFO:The '!' was the 5th character
2018-12-15 23:34:26,304:INFO:

2018-12-15 23:34:26,364:INFO:The length of 'T4st!ng' is 7
2018-12-15 23:34:26,365:INFO:As a list it looks like this ['T', '4', 's', 't', '!', 'n', 'g']
2018-12-15 23:34:26,365:INFO:The letters in this password are: ['T', 's', 't', 'n', 'g']
2018-12-15 23:34:26,365:INFO:The 'T' was the 1st character
2018-12-15 23:34:26,365:INFO:The 's' was the 3rd character
2018-12-15 23:34:26,366:INFO:The 't' was the 4th character
2018-12-15 23:34:26,366:INFO:The 'n' was the 6th character
2018-12-15 23:34:26,366:INFO:The 'g' was the 7th character
2018-12-15 23:34:26,366:INFO:

2018-12-15 23:34:26,366:INFO:The numbers in this password are: ['4']
2018-12-15 23:34:26,366:INFO:The '4' was the 2nd character
2018-12-15 23:34:26,366:INFO:

2018-12-15 23:34:26,366:INFO:The symbols in this password are: ['!']
2018-12-15 23:34:26,367:INFO:The '!' was the 5th character
2018-12-15 23:34:26,367:INFO:

2018-12-15 23:34:26,426:INFO:The length of 'T4st!ng' is 7
2018-12-15 23:34:26,426:INFO:As a list it looks like this ['T', '4', 's', 't', '!', 'n', 'g']
2018-12-15 23:34:26,427:INFO:The letters in this password are: ['T', 's', 't', 'n', 'g']
2018-12-15 23:34:26,427:INFO:The 'T' was the 1st character
2018-12-15 23:34:26,427:INFO:The 's' was the 3rd character
2018-12-15 23:34:26,427:INFO:The 't' was the 4th character
2018-12-15 23:34:26,427:INFO:The 'n' was the 6th character
2018-12-15 23:34:26,427:INFO:The 'g' was the 7th character
2018-12-15 23:34:26,427:INFO:

2018-12-15 23:34:26,428:INFO:The numbers in this password are: ['4']
2018-12-15 23:34:26,428:INFO:The '4' was the 2nd character
2018-12-15 23:34:26,428:INFO:

2018-12-15 23:34:26,428:INFO:The symbols in this password are: ['!']
2018-12-15 23:34:26,428:INFO:The '!' was the 5th character
2018-12-15 23:34:26,428:INFO:

2018-12-15 23:34:26,492:INFO:The length of 'T4st!ng' is 7
2018-12-15 23:34:26,492:INFO:As a list it looks like this ['T', '4', 's', 't', '!', 'n', 'g']
2018-12-15 23:34:26,492:INFO:The letters in this password are: ['T', 's', 't', 'n', 'g']
2018-12-15 23:34:26,493:INFO:The 'T' was the 1st character
2018-12-15 23:34:26,493:INFO:The 's' was the 3rd character
2018-12-15 23:34:26,493:INFO:The 't' was the 4th character
2018-12-15 23:34:26,493:INFO:The 'n' was the 6th character
2018-12-15 23:34:26,493:INFO:The 'g' was the 7th character
2018-12-15 23:34:26,494:INFO:

2018-12-15 23:34:26,494:INFO:The numbers in this password are: ['4']
2018-12-15 23:34:26,494:INFO:The '4' was the 2nd character
2018-12-15 23:34:26,494:INFO:

2018-12-15 23:34:26,494:INFO:The symbols in this password are: ['!']
2018-12-15 23:34:26,494:INFO:The '!' was the 5th character
2018-12-15 23:34:26,495:INFO:

2018-12-15 23:34:26,568:INFO:The length of 'T4st!ng' is 7
2018-12-15 23:34:26,569:INFO:As a list it looks like this ['T', '4', 's', 't', '!', 'n', 'g']
2018-12-15 23:34:26,569:INFO:The letters in this password are: ['T', 's', 't', 'n', 'g']
2018-12-15 23:34:26,569:INFO:The 'T' was the 1st character
2018-12-15 23:34:26,569:INFO:The 's' was the 3rd character
2018-12-15 23:34:26,570:INFO:The 't' was the 4th character
2018-12-15 23:34:26,570:INFO:The 'n' was the 6th character
2018-12-15 23:34:26,570:INFO:The 'g' was the 7th character
2018-12-15 23:34:26,570:INFO:

2018-12-15 23:34:26,570:INFO:The numbers in this password are: ['4']
2018-12-15 23:34:26,570:INFO:The '4' was the 2nd character
2018-12-15 23:34:26,571:INFO:

2018-12-15 23:34:26,571:INFO:The symbols in this password are: ['!']
2018-12-15 23:34:26,571:INFO:The '!' was the 5th character
2018-12-15 23:34:26,571:INFO:

2018-12-15 23:34:26,634:INFO:The length of 'T4st!ng' is 7
2018-12-15 23:34:26,634:INFO:As a list it looks like this ['T', '4', 's', 't', '!', 'n', 'g']
2018-12-15 23:34:26,634:INFO:The letters in this password are: ['T', 's', 't', 'n', 'g']
2018-12-15 23:34:26,635:INFO:The 'T' was the 1st character
2018-12-15 23:34:26,635:INFO:The 's' was the 3rd character
2018-12-15 23:34:26,635:INFO:The 't' was the 4th character
2018-12-15 23:34:26,635:INFO:The 'n' was the 6th character
2018-12-15 23:34:26,635:INFO:The 'g' was the 7th character
2018-12-15 23:34:26,635:INFO:

2018-12-15 23:34:26,636:INFO:The numbers in this password are: ['4']
2018-12-15 23:34:26,636:INFO:The '4' was the 2nd character
2018-12-15 23:34:26,636:INFO:

2018-12-15 23:34:26,636:INFO:The symbols in this password are: ['!']
2018-12-15 23:34:26,636:INFO:The '!' was the 5th character
2018-12-15 23:34:26,636:INFO:

2018-12-15 23:34:26,696:INFO:The length of 'T4st!ng' is 7
2018-12-15 23:34:26,697:INFO:As a list it looks like this ['T', '4', 's', 't', '!', 'n', 'g']
2018-12-15 23:34:26,697:INFO:The letters in this password are: ['T', 's', 't', 'n', 'g']
2018-12-15 23:34:26,697:INFO:The 'T' was the 1st character
2018-12-15 23:34:26,698:INFO:The 's' was the 3rd character
2018-12-15 23:34:26,698:INFO:The 't' was the 4th character
2018-12-15 23:34:26,698:INFO:The 'n' was the 6th character
2018-12-15 23:34:26,698:INFO:The 'g' was the 7th character
2018-12-15 23:34:26,698:INFO:

2018-12-15 23:34:26,698:INFO:The numbers in this password are: ['4']
2018-12-15 23:34:26,698:INFO:The '4' was the 2nd character
2018-12-15 23:34:26,699:INFO:

2018-12-15 23:34:26,699:INFO:The symbols in this password are: ['!']
2018-12-15 23:34:26,699:INFO:The '!' was the 5th character
2018-12-15 23:34:26,699:INFO:

2018-12-15 23:34:26,758:INFO:The length of 'T4st!ng' is 7
2018-12-15 23:34:26,758:INFO:As a list it looks like this ['T', '4', 's', 't', '!', 'n', 'g']
2018-12-15 23:34:26,758:INFO:The letters in this password are: ['T', 's', 't', 'n', 'g']
2018-12-15 23:34:26,759:INFO:The 'T' was the 1st character
2018-12-15 23:34:26,759:INFO:The 's' was the 3rd character
2018-12-15 23:34:26,759:INFO:The 't' was the 4th character
2018-12-15 23:34:26,759:INFO:The 'n' was the 6th character
2018-12-15 23:34:26,759:INFO:The 'g' was the 7th character
2018-12-15 23:34:26,759:INFO:

2018-12-15 23:34:26,760:INFO:The numbers in this password are: ['4']
2018-12-15 23:34:26,760:INFO:The '4' was the 2nd character
2018-12-15 23:34:26,760:INFO:

2018-12-15 23:34:26,760:INFO:The symbols in this password are: ['!']
2018-12-15 23:34:26,760:INFO:The '!' was the 5th character
2018-12-15 23:34:26,760:INFO:

2018-12-15 23:34:26,816:INFO:The length of 'T4st!ng' is 7
2018-12-15 23:34:26,817:INFO:As a list it looks like this ['T', '4', 's', 't', '!', 'n', 'g']
2018-12-15 23:34:26,817:INFO:The letters in this password are: ['T', 's', 't', 'n', 'g']
2018-12-15 23:34:26,817:INFO:The 'T' was the 1st character
2018-12-15 23:34:26,817:INFO:The 's' was the 3rd character
2018-12-15 23:34:26,818:INFO:The 't' was the 4th character
2018-12-15 23:34:26,818:INFO:The 'n' was the 6th character
2018-12-15 23:34:26,818:INFO:The 'g' was the 7th character
2018-12-15 23:34:26,818:INFO:

2018-12-15 23:34:26,818:INFO:The numbers in this password are: ['4']
2018-12-15 23:34:26,818:INFO:The '4' was the 2nd character
2018-12-15 23:34:26,818:INFO:

2018-12-15 23:34:26,819:INFO:The symbols in this password are: ['!']
2018-12-15 23:34:26,819:INFO:The '!' was the 5th character
2018-12-15 23:34:26,819:INFO:

2018-12-15 23:34:26,881:INFO:The length of 'T4st!ng' is 7
2018-12-15 23:34:26,882:INFO:As a list it looks like this ['T', '4', 's', 't', '!', 'n', 'g']
2018-12-15 23:34:26,882:INFO:The letters in this password are: ['T', 's', 't', 'n', 'g']
2018-12-15 23:34:26,882:INFO:The 'T' was the 1st character
2018-12-15 23:34:26,882:INFO:The 's' was the 3rd character
2018-12-15 23:34:26,882:INFO:The 't' was the 4th character
2018-12-15 23:34:26,883:INFO:The 'n' was the 6th character
2018-12-15 23:34:26,883:INFO:The 'g' was the 7th character
2018-12-15 23:34:26,883:INFO:

2018-12-15 23:34:26,883:INFO:The numbers in this password are: ['4']
2018-12-15 23:34:26,883:INFO:The '4' was the 2nd character
2018-12-15 23:34:26,883:INFO:

2018-12-15 23:34:26,883:INFO:The symbols in this password are: ['!']
2018-12-15 23:34:26,884:INFO:The '!' was the 5th character
2018-12-15 23:34:26,884:INFO:

2018-12-15 23:34:26,942:INFO:The length of 'T4st!ng' is 7
2018-12-15 23:34:26,942:INFO:As a list it looks like this ['T', '4', 's', 't', '!', 'n', 'g']
2018-12-15 23:34:26,942:INFO:The letters in this password are: ['T', 's', 't', 'n', 'g']
2018-12-15 23:34:26,942:INFO:The 'T' was the 1st character
2018-12-15 23:34:26,943:INFO:The 's' was the 3rd character
2018-12-15 23:34:26,943:INFO:The 't' was the 4th character
2018-12-15 23:34:26,943:INFO:The 'n' was the 6th character
2018-12-15 23:34:26,943:INFO:The 'g' was the 7th character
2018-12-15 23:34:26,943:INFO:

2018-12-15 23:34:26,943:INFO:The numbers in this password are: ['4']
2018-12-15 23:34:26,944:INFO:The '4' was the 2nd character
2018-12-15 23:34:26,944:INFO:

2018-12-15 23:34:26,944:INFO:The symbols in this password are: ['!']
2018-12-15 23:34:26,944:INFO:The '!' was the 5th character
2018-12-15 23:34:26,944:INFO:

2018-12-15 23:34:27,007:INFO:The length of 'T4st!ng' is 7
2018-12-15 23:34:27,007:INFO:As a list it looks like this ['T', '4', 's', 't', '!', 'n', 'g']
2018-12-15 23:34:27,008:INFO:The letters in this password are: ['T', 's', 't', 'n', 'g']
2018-12-15 23:34:27,008:INFO:The 'T' was the 1st character
2018-12-15 23:34:27,008:INFO:The 's' was the 3rd character
2018-12-15 23:34:27,008:INFO:The 't' was the 4th character
2018-12-15 23:34:27,008:INFO:The 'n' was the 6th character
2018-12-15 23:34:27,008:INFO:The 'g' was the 7th character
2018-12-15 23:34:27,008:INFO:

2018-12-15 23:34:27,009:INFO:The numbers in this password are: ['4']
2018-12-15 23:34:27,009:INFO:The '4' was the 2nd character
2018-12-15 23:34:27,009:INFO:

2018-12-15 23:34:27,009:INFO:The symbols in this password are: ['!']
2018-12-15 23:34:27,009:INFO:The '!' was the 5th character
2018-12-15 23:34:27,009:INFO:

2018-12-15 23:34:27,069:INFO:The length of 'T4st!ng' is 7
2018-12-15 23:34:27,069:INFO:As a list it looks like this ['T', '4', 's', 't', '!', 'n', 'g']
2018-12-15 23:34:27,069:INFO:The letters in this password are: ['T', 's', 't', 'n', 'g']
2018-12-15 23:34:27,070:INFO:The 'T' was the 1st character
2018-12-15 23:34:27,070:INFO:The 's' was the 3rd character
2018-12-15 23:34:27,070:INFO:The 't' was the 4th character
2018-12-15 23:34:27,070:INFO:The 'n' was the 6th character
2018-12-15 23:34:27,070:INFO:The 'g' was the 7th character
2018-12-15 23:34:27,070:INFO:

2018-12-15 23:34:27,070:INFO:The numbers in this password are: ['4']
2018-12-15 23:34:27,071:INFO:The '4' was the 2nd character
2018-12-15 23:34:27,071:INFO:

2018-12-15 23:34:27,071:INFO:The symbols in this password are: ['!']
2018-12-15 23:34:27,071:INFO:The '!' was the 5th character
2018-12-15 23:34:27,071:INFO:

2018-12-15 23:34:27,128:INFO:The length of 'T4st!ng' is 7
2018-12-15 23:34:27,129:INFO:As a list it looks like this ['T', '4', 's', 't', '!', 'n', 'g']
2018-12-15 23:34:27,129:INFO:The letters in this password are: ['T', 's', 't', 'n', 'g']
2018-12-15 23:34:27,129:INFO:The 'T' was the 1st character
2018-12-15 23:34:27,129:INFO:The 's' was the 3rd character
2018-12-15 23:34:27,130:INFO:The 't' was the 4th character
2018-12-15 23:34:27,130:INFO:The 'n' was the 6th character
2018-12-15 23:34:27,130:INFO:The 'g' was the 7th character
2018-12-15 23:34:27,130:INFO:

2018-12-15 23:34:27,130:INFO:The numbers in this password are: ['4']
2018-12-15 23:34:27,130:INFO:The '4' was the 2nd character
2018-12-15 23:34:27,130:INFO:

2018-12-15 23:34:27,131:INFO:The symbols in this password are: ['!']
2018-12-15 23:34:27,131:INFO:The '!' was the 5th character
2018-12-15 23:34:27,131:INFO:

2018-12-15 23:34:27,185:INFO:The length of 'T4st!ng' is 7
2018-12-15 23:34:27,186:INFO:As a list it looks like this ['T', '4', 's', 't', '!', 'n', 'g']
2018-12-15 23:34:27,186:INFO:The letters in this password are: ['T', 's', 't', 'n', 'g']
2018-12-15 23:34:27,186:INFO:The 'T' was the 1st character
2018-12-15 23:34:27,186:INFO:The 's' was the 3rd character
2018-12-15 23:34:27,186:INFO:The 't' was the 4th character
2018-12-15 23:34:27,187:INFO:The 'n' was the 6th character
2018-12-15 23:34:27,187:INFO:The 'g' was the 7th character
2018-12-15 23:34:27,187:INFO:

2018-12-15 23:34:27,187:INFO:The numbers in this password are: ['4']
2018-12-15 23:34:27,187:INFO:The '4' was the 2nd character
2018-12-15 23:34:27,187:INFO:

2018-12-15 23:34:27,187:INFO:The symbols in this password are: ['!']
2018-12-15 23:34:27,188:INFO:The '!' was the 5th character
2018-12-15 23:34:27,188:INFO:

2018-12-15 23:34:27,247:INFO:The length of 'T4st!ng' is 7
2018-12-15 23:34:27,248:INFO:As a list it looks like this ['T', '4', 's', 't', '!', 'n', 'g']
2018-12-15 23:34:27,248:INFO:The letters in this password are: ['T', 's', 't', 'n', 'g']
2018-12-15 23:34:27,248:INFO:The 'T' was the 1st character
2018-12-15 23:34:27,248:INFO:The 's' was the 3rd character
2018-12-15 23:34:27,249:INFO:The 't' was the 4th character
2018-12-15 23:34:27,249:INFO:The 'n' was the 6th character
2018-12-15 23:34:27,249:INFO:The 'g' was the 7th character
2018-12-15 23:34:27,249:INFO:

2018-12-15 23:34:27,249:INFO:The numbers in this password are: ['4']
2018-12-15 23:34:27,249:INFO:The '4' was the 2nd character
2018-12-15 23:34:27,250:INFO:

2018-12-15 23:34:27,250:INFO:The symbols in this password are: ['!']
2018-12-15 23:34:27,250:INFO:The '!' was the 5th character
2018-12-15 23:34:27,250:INFO:

2018-12-15 23:34:27,307:INFO:The length of 'T4st!ng' is 7
2018-12-15 23:34:27,308:INFO:As a list it looks like this ['T', '4', 's', 't', '!', 'n', 'g']
2018-12-15 23:34:27,308:INFO:The letters in this password are: ['T', 's', 't', 'n', 'g']
2018-12-15 23:34:27,308:INFO:The 'T' was the 1st character
2018-12-15 23:34:27,308:INFO:The 's' was the 3rd character
2018-12-15 23:34:27,309:INFO:The 't' was the 4th character
2018-12-15 23:34:27,309:INFO:The 'n' was the 6th character
2018-12-15 23:34:27,309:INFO:The 'g' was the 7th character
2018-12-15 23:34:27,309:INFO:

2018-12-15 23:34:27,309:INFO:The numbers in this password are: ['4']
2018-12-15 23:34:27,309:INFO:The '4' was the 2nd character
2018-12-15 23:34:27,309:INFO:

2018-12-15 23:34:27,309:INFO:The symbols in this password are: ['!']
2018-12-15 23:34:27,309:INFO:The '!' was the 5th character
2018-12-15 23:34:27,310:INFO:

2018-12-15 23:34:27,377:INFO:The length of 'T4st!ng' is 7
2018-12-15 23:34:27,377:INFO:As a list it looks like this ['T', '4', 's', 't', '!', 'n', 'g']
2018-12-15 23:34:27,377:INFO:The letters in this password are: ['T', 's', 't', 'n', 'g']
2018-12-15 23:34:27,377:INFO:The 'T' was the 1st character
2018-12-15 23:34:27,378:INFO:The 's' was the 3rd character
2018-12-15 23:34:27,378:INFO:The 't' was the 4th character
2018-12-15 23:34:27,378:INFO:The 'n' was the 6th character
2018-12-15 23:34:27,378:INFO:The 'g' was the 7th character
2018-12-15 23:34:27,378:INFO:

2018-12-15 23:34:27,378:INFO:The numbers in this password are: ['4']
2018-12-15 23:34:27,378:INFO:The '4' was the 2nd character
2018-12-15 23:34:27,378:INFO:

2018-12-15 23:34:27,379:INFO:The symbols in this password are: ['!']
2018-12-15 23:34:27,379:INFO:The '!' was the 5th character
2018-12-15 23:34:27,379:INFO:

2018-12-15 23:34:27,436:INFO:The length of 'T4st!ng' is 7
2018-12-15 23:34:27,436:INFO:As a list it looks like this ['T', '4', 's', 't', '!', 'n', 'g']
2018-12-15 23:34:27,436:INFO:The letters in this password are: ['T', 's', 't', 'n', 'g']
2018-12-15 23:34:27,437:INFO:The 'T' was the 1st character
2018-12-15 23:34:27,437:INFO:The 's' was the 3rd character
2018-12-15 23:34:27,437:INFO:The 't' was the 4th character
2018-12-15 23:34:27,437:INFO:The 'n' was the 6th character
2018-12-15 23:34:27,437:INFO:The 'g' was the 7th character
2018-12-15 23:34:27,438:INFO:

2018-12-15 23:34:27,438:INFO:The numbers in this password are: ['4']
2018-12-15 23:34:27,438:INFO:The '4' was the 2nd character
2018-12-15 23:34:27,438:INFO:

2018-12-15 23:34:27,438:INFO:The symbols in this password are: ['!']
2018-12-15 23:34:27,438:INFO:The '!' was the 5th character
2018-12-15 23:34:27,439:INFO:

2018-12-15 23:34:27,495:INFO:The length of 'T4st!ng' is 7
2018-12-15 23:34:27,495:INFO:As a list it looks like this ['T', '4', 's', 't', '!', 'n', 'g']
2018-12-15 23:34:27,495:INFO:The letters in this password are: ['T', 's', 't', 'n', 'g']
2018-12-15 23:34:27,496:INFO:The 'T' was the 1st character
2018-12-15 23:34:27,496:INFO:The 's' was the 3rd character
2018-12-15 23:34:27,496:INFO:The 't' was the 4th character
2018-12-15 23:34:27,496:INFO:The 'n' was the 6th character
2018-12-15 23:34:27,496:INFO:The 'g' was the 7th character
2018-12-15 23:34:27,496:INFO:

2018-12-15 23:34:27,496:INFO:The numbers in this password are: ['4']
2018-12-15 23:34:27,496:INFO:The '4' was the 2nd character
2018-12-15 23:34:27,497:INFO:

2018-12-15 23:34:27,497:INFO:The symbols in this password are: ['!']
2018-12-15 23:34:27,497:INFO:The '!' was the 5th character
2018-12-15 23:34:27,497:INFO:

2018-12-15 23:34:27,561:INFO:The length of 'T4st!ng' is 7
2018-12-15 23:34:27,561:INFO:As a list it looks like this ['T', '4', 's', 't', '!', 'n', 'g']
2018-12-15 23:34:27,561:INFO:The letters in this password are: ['T', 's', 't', 'n', 'g']
2018-12-15 23:34:27,562:INFO:The 'T' was the 1st character
2018-12-15 23:34:27,562:INFO:The 's' was the 3rd character
2018-12-15 23:34:27,562:INFO:The 't' was the 4th character
2018-12-15 23:34:27,562:INFO:The 'n' was the 6th character
2018-12-15 23:34:27,562:INFO:The 'g' was the 7th character
2018-12-15 23:34:27,562:INFO:

2018-12-15 23:34:27,562:INFO:The numbers in this password are: ['4']
2018-12-15 23:34:27,563:INFO:The '4' was the 2nd character
2018-12-15 23:34:27,563:INFO:

2018-12-15 23:34:27,563:INFO:The symbols in this password are: ['!']
2018-12-15 23:34:27,563:INFO:The '!' was the 5th character
2018-12-15 23:34:27,563:INFO:

2018-12-15 23:34:27,621:INFO:The length of 'T4st!ng' is 7
2018-12-15 23:34:27,622:INFO:As a list it looks like this ['T', '4', 's', 't', '!', 'n', 'g']
2018-12-15 23:34:27,622:INFO:The letters in this password are: ['T', 's', 't', 'n', 'g']
2018-12-15 23:34:27,622:INFO:The 'T' was the 1st character
2018-12-15 23:34:27,623:INFO:The 's' was the 3rd character
2018-12-15 23:34:27,623:INFO:The 't' was the 4th character
2018-12-15 23:34:27,623:INFO:The 'n' was the 6th character
2018-12-15 23:34:27,623:INFO:The 'g' was the 7th character
2018-12-15 23:34:27,623:INFO:

2018-12-15 23:34:27,623:INFO:The numbers in this password are: ['4']
2018-12-15 23:34:27,624:INFO:The '4' was the 2nd character
2018-12-15 23:34:27,624:INFO:

2018-12-15 23:34:27,624:INFO:The symbols in this password are: ['!']
2018-12-15 23:34:27,624:INFO:The '!' was the 5th character
2018-12-15 23:34:27,624:INFO:

2018-12-15 23:34:27,681:INFO:The length of 'T4st!ng' is 7
2018-12-15 23:34:27,681:INFO:As a list it looks like this ['T', '4', 's', 't', '!', 'n', 'g']
2018-12-15 23:34:27,682:INFO:The letters in this password are: ['T', 's', 't', 'n', 'g']
2018-12-15 23:34:27,682:INFO:The 'T' was the 1st character
2018-12-15 23:34:27,682:INFO:The 's' was the 3rd character
2018-12-15 23:34:27,682:INFO:The 't' was the 4th character
2018-12-15 23:34:27,682:INFO:The 'n' was the 6th character
2018-12-15 23:34:27,682:INFO:The 'g' was the 7th character
2018-12-15 23:34:27,682:INFO:

2018-12-15 23:34:27,682:INFO:The numbers in this password are: ['4']
2018-12-15 23:34:27,683:INFO:The '4' was the 2nd character
2018-12-15 23:34:27,683:INFO:

2018-12-15 23:34:27,683:INFO:The symbols in this password are: ['!']
2018-12-15 23:34:27,683:INFO:The '!' was the 5th character
2018-12-15 23:34:27,683:INFO:

2018-12-15 23:34:27,745:INFO:The length of 'T4st!ng' is 7
2018-12-15 23:34:27,745:INFO:As a list it looks like this ['T', '4', 's', 't', '!', 'n', 'g']
2018-12-15 23:34:27,746:INFO:The letters in this password are: ['T', 's', 't', 'n', 'g']
2018-12-15 23:34:27,746:INFO:The 'T' was the 1st character
2018-12-15 23:34:27,746:INFO:The 's' was the 3rd character
2018-12-15 23:34:27,746:INFO:The 't' was the 4th character
2018-12-15 23:34:27,746:INFO:The 'n' was the 6th character
2018-12-15 23:34:27,746:INFO:The 'g' was the 7th character
2018-12-15 23:34:27,747:INFO:

2018-12-15 23:34:27,747:INFO:The numbers in this password are: ['4']
2018-12-15 23:34:27,747:INFO:The '4' was the 2nd character
2018-12-15 23:34:27,747:INFO:

2018-12-15 23:34:27,747:INFO:The symbols in this password are: ['!']
2018-12-15 23:34:27,747:INFO:The '!' was the 5th character
2018-12-15 23:34:27,747:INFO:

2018-12-15 23:34:27,804:INFO:The length of 'T4st!ng' is 7
2018-12-15 23:34:27,804:INFO:As a list it looks like this ['T', '4', 's', 't', '!', 'n', 'g']
2018-12-15 23:34:27,805:INFO:The letters in this password are: ['T', 's', 't', 'n', 'g']
2018-12-15 23:34:27,805:INFO:The 'T' was the 1st character
2018-12-15 23:34:27,805:INFO:The 's' was the 3rd character
2018-12-15 23:34:27,805:INFO:The 't' was the 4th character
2018-12-15 23:34:27,805:INFO:The 'n' was the 6th character
2018-12-15 23:34:27,806:INFO:The 'g' was the 7th character
2018-12-15 23:34:27,806:INFO:

2018-12-15 23:34:27,806:INFO:The numbers in this password are: ['4']
2018-12-15 23:34:27,806:INFO:The '4' was the 2nd character
2018-12-15 23:34:27,806:INFO:

2018-12-15 23:34:27,806:INFO:The symbols in this password are: ['!']
2018-12-15 23:34:27,806:INFO:The '!' was the 5th character
2018-12-15 23:34:27,807:INFO:

2018-12-15 23:34:27,875:INFO:The length of 'T4st!ng' is 7
2018-12-15 23:34:27,875:INFO:As a list it looks like this ['T', '4', 's', 't', '!', 'n', 'g']
2018-12-15 23:34:27,875:INFO:The letters in this password are: ['T', 's', 't', 'n', 'g']
2018-12-15 23:34:27,875:INFO:The 'T' was the 1st character
2018-12-15 23:34:27,876:INFO:The 's' was the 3rd character
2018-12-15 23:34:27,876:INFO:The 't' was the 4th character
2018-12-15 23:34:27,876:INFO:The 'n' was the 6th character
2018-12-15 23:34:27,876:INFO:The 'g' was the 7th character
2018-12-15 23:34:27,876:INFO:

2018-12-15 23:34:27,876:INFO:The numbers in this password are: ['4']
2018-12-15 23:34:27,876:INFO:The '4' was the 2nd character
2018-12-15 23:34:27,876:INFO:

2018-12-15 23:34:27,877:INFO:The symbols in this password are: ['!']
2018-12-15 23:34:27,877:INFO:The '!' was the 5th character
2018-12-15 23:34:27,877:INFO:

2018-12-15 23:34:27,937:INFO:The length of 'T4st!ng' is 7
2018-12-15 23:34:27,938:INFO:As a list it looks like this ['T', '4', 's', 't', '!', 'n', 'g']
2018-12-15 23:34:27,938:INFO:The letters in this password are: ['T', 's', 't', 'n', 'g']
2018-12-15 23:34:27,939:INFO:The 'T' was the 1st character
2018-12-15 23:34:27,939:INFO:The 's' was the 3rd character
2018-12-15 23:34:27,939:INFO:The 't' was the 4th character
2018-12-15 23:34:27,939:INFO:The 'n' was the 6th character
2018-12-15 23:34:27,939:INFO:The 'g' was the 7th character
2018-12-15 23:34:27,939:INFO:

2018-12-15 23:34:27,939:INFO:The numbers in this password are: ['4']
2018-12-15 23:34:27,940:INFO:The '4' was the 2nd character
2018-12-15 23:34:27,940:INFO:

2018-12-15 23:34:27,940:INFO:The symbols in this password are: ['!']
2018-12-15 23:34:27,940:INFO:The '!' was the 5th character
2018-12-15 23:34:27,940:INFO:

2018-12-15 23:34:28,002:INFO:The length of 'T4st!ng' is 7
2018-12-15 23:34:28,002:INFO:As a list it looks like this ['T', '4', 's', 't', '!', 'n', 'g']
2018-12-15 23:34:28,003:INFO:The letters in this password are: ['T', 's', 't', 'n', 'g']
2018-12-15 23:34:28,003:INFO:The 'T' was the 1st character
2018-12-15 23:34:28,003:INFO:The 's' was the 3rd character
2018-12-15 23:34:28,003:INFO:The 't' was the 4th character
2018-12-15 23:34:28,004:INFO:The 'n' was the 6th character
2018-12-15 23:34:28,004:INFO:The 'g' was the 7th character
2018-12-15 23:34:28,004:INFO:

2018-12-15 23:34:28,004:INFO:The numbers in this password are: ['4']
2018-12-15 23:34:28,004:INFO:The '4' was the 2nd character
2018-12-15 23:34:28,005:INFO:

2018-12-15 23:34:28,005:INFO:The symbols in this password are: ['!']
2018-12-15 23:34:28,005:INFO:The '!' was the 5th character
2018-12-15 23:34:28,005:INFO:

2018-12-15 23:34:28,069:INFO:The length of 'T4st!ng' is 7
2018-12-15 23:34:28,070:INFO:As a list it looks like this ['T', '4', 's', 't', '!', 'n', 'g']
2018-12-15 23:34:28,070:INFO:The letters in this password are: ['T', 's', 't', 'n', 'g']
2018-12-15 23:34:28,070:INFO:The 'T' was the 1st character
2018-12-15 23:34:28,070:INFO:The 's' was the 3rd character
2018-12-15 23:34:28,070:INFO:The 't' was the 4th character
2018-12-15 23:34:28,070:INFO:The 'n' was the 6th character
2018-12-15 23:34:28,070:INFO:The 'g' was the 7th character
2018-12-15 23:34:28,071:INFO:

2018-12-15 23:34:28,071:INFO:The numbers in this password are: ['4']
2018-12-15 23:34:28,071:INFO:The '4' was the 2nd character
2018-12-15 23:34:28,071:INFO:

2018-12-15 23:34:28,071:INFO:The symbols in this password are: ['!']
2018-12-15 23:34:28,071:INFO:The '!' was the 5th character
2018-12-15 23:34:28,071:INFO:

2018-12-15 23:34:28,129:INFO:The length of 'T4st!ng' is 7
2018-12-15 23:34:28,129:INFO:As a list it looks like this ['T', '4', 's', 't', '!', 'n', 'g']
2018-12-15 23:34:28,129:INFO:The letters in this password are: ['T', 's', 't', 'n', 'g']
2018-12-15 23:34:28,130:INFO:The 'T' was the 1st character
2018-12-15 23:34:28,130:INFO:The 's' was the 3rd character
2018-12-15 23:34:28,130:INFO:The 't' was the 4th character
2018-12-15 23:34:28,130:INFO:The 'n' was the 6th character
2018-12-15 23:34:28,130:INFO:The 'g' was the 7th character
2018-12-15 23:34:28,130:INFO:

2018-12-15 23:34:28,130:INFO:The numbers in this password are: ['4']
2018-12-15 23:34:28,131:INFO:The '4' was the 2nd character
2018-12-15 23:34:28,131:INFO:

2018-12-15 23:34:28,131:INFO:The symbols in this password are: ['!']
2018-12-15 23:34:28,131:INFO:The '!' was the 5th character
2018-12-15 23:34:28,131:INFO:

2018-12-15 23:34:28,193:INFO:The length of 'T4st!ng' is 7
2018-12-15 23:34:28,194:INFO:As a list it looks like this ['T', '4', 's', 't', '!', 'n', 'g']
2018-12-15 23:34:28,194:INFO:The letters in this password are: ['T', 's', 't', 'n', 'g']
2018-12-15 23:34:28,194:INFO:The 'T' was the 1st character
2018-12-15 23:34:28,194:INFO:The 's' was the 3rd character
2018-12-15 23:34:28,195:INFO:The 't' was the 4th character
2018-12-15 23:34:28,195:INFO:The 'n' was the 6th character
2018-12-15 23:34:28,195:INFO:The 'g' was the 7th character
2018-12-15 23:34:28,195:INFO:

2018-12-15 23:34:28,195:INFO:The numbers in this password are: ['4']
2018-12-15 23:34:28,195:INFO:The '4' was the 2nd character
2018-12-15 23:34:28,195:INFO:

2018-12-15 23:34:28,196:INFO:The symbols in this password are: ['!']
2018-12-15 23:34:28,196:INFO:The '!' was the 5th character
2018-12-15 23:34:28,196:INFO:

2018-12-15 23:34:28,254:INFO:The length of 'T4st!ng' is 7
2018-12-15 23:34:28,255:INFO:As a list it looks like this ['T', '4', 's', 't', '!', 'n', 'g']
2018-12-15 23:34:28,255:INFO:The letters in this password are: ['T', 's', 't', 'n', 'g']
2018-12-15 23:34:28,255:INFO:The 'T' was the 1st character
2018-12-15 23:34:28,256:INFO:The 's' was the 3rd character
2018-12-15 23:34:28,256:INFO:The 't' was the 4th character
2018-12-15 23:34:28,256:INFO:The 'n' was the 6th character
2018-12-15 23:34:28,256:INFO:The 'g' was the 7th character
2018-12-15 23:34:28,256:INFO:

2018-12-15 23:34:28,256:INFO:The numbers in this password are: ['4']
2018-12-15 23:34:28,256:INFO:The '4' was the 2nd character
2018-12-15 23:34:28,257:INFO:

2018-12-15 23:34:28,257:INFO:The symbols in this password are: ['!']
2018-12-15 23:34:28,257:INFO:The '!' was the 5th character
2018-12-15 23:34:28,257:INFO:

2018-12-15 23:34:28,313:INFO:The length of 'T4st!ng' is 7
2018-12-15 23:34:28,313:INFO:As a list it looks like this ['T', '4', 's', 't', '!', 'n', 'g']
2018-12-15 23:34:28,314:INFO:The letters in this password are: ['T', 's', 't', 'n', 'g']
2018-12-15 23:34:28,314:INFO:The 'T' was the 1st character
2018-12-15 23:34:28,314:INFO:The 's' was the 3rd character
2018-12-15 23:34:28,314:INFO:The 't' was the 4th character
2018-12-15 23:34:28,314:INFO:The 'n' was the 6th character
2018-12-15 23:34:28,314:INFO:The 'g' was the 7th character
2018-12-15 23:34:28,315:INFO:

2018-12-15 23:34:28,315:INFO:The numbers in this password are: ['4']
2018-12-15 23:34:28,315:INFO:The '4' was the 2nd character
2018-12-15 23:34:28,315:INFO:

2018-12-15 23:34:28,315:INFO:The symbols in this password are: ['!']
2018-12-15 23:34:28,315:INFO:The '!' was the 5th character
2018-12-15 23:34:28,316:INFO:

2018-12-15 23:34:28,375:INFO:The length of 'T4st!ng' is 7
2018-12-15 23:34:28,375:INFO:As a list it looks like this ['T', '4', 's', 't', '!', 'n', 'g']
2018-12-15 23:34:28,375:INFO:The letters in this password are: ['T', 's', 't', 'n', 'g']
2018-12-15 23:34:28,375:INFO:The 'T' was the 1st character
2018-12-15 23:34:28,376:INFO:The 's' was the 3rd character
2018-12-15 23:34:28,376:INFO:The 't' was the 4th character
2018-12-15 23:34:28,376:INFO:The 'n' was the 6th character
2018-12-15 23:34:28,376:INFO:The 'g' was the 7th character
2018-12-15 23:34:28,376:INFO:

2018-12-15 23:34:28,376:INFO:The numbers in this password are: ['4']
2018-12-15 23:34:28,376:INFO:The '4' was the 2nd character
2018-12-15 23:34:28,376:INFO:

2018-12-15 23:34:28,377:INFO:The symbols in this password are: ['!']
2018-12-15 23:34:28,377:INFO:The '!' was the 5th character
2018-12-15 23:34:28,377:INFO:

2018-12-15 23:34:28,438:INFO:The length of 'T4st!ng' is 7
2018-12-15 23:34:28,438:INFO:As a list it looks like this ['T', '4', 's', 't', '!', 'n', 'g']
2018-12-15 23:34:28,439:INFO:The letters in this password are: ['T', 's', 't', 'n', 'g']
2018-12-15 23:34:28,439:INFO:The 'T' was the 1st character
2018-12-15 23:34:28,439:INFO:The 's' was the 3rd character
2018-12-15 23:34:28,439:INFO:The 't' was the 4th character
2018-12-15 23:34:28,439:INFO:The 'n' was the 6th character
2018-12-15 23:34:28,439:INFO:The 'g' was the 7th character
2018-12-15 23:34:28,440:INFO:

2018-12-15 23:34:28,440:INFO:The numbers in this password are: ['4']
2018-12-15 23:34:28,440:INFO:The '4' was the 2nd character
2018-12-15 23:34:28,440:INFO:

2018-12-15 23:34:28,440:INFO:The symbols in this password are: ['!']
2018-12-15 23:34:28,440:INFO:The '!' was the 5th character
2018-12-15 23:34:28,440:INFO:

2018-12-15 23:34:28,496:INFO:The length of 'T4st!ng' is 7
2018-12-15 23:34:28,496:INFO:As a list it looks like this ['T', '4', 's', 't', '!', 'n', 'g']
2018-12-15 23:34:28,497:INFO:The letters in this password are: ['T', 's', 't', 'n', 'g']
2018-12-15 23:34:28,497:INFO:The 'T' was the 1st character
2018-12-15 23:34:28,497:INFO:The 's' was the 3rd character
2018-12-15 23:34:28,497:INFO:The 't' was the 4th character
2018-12-15 23:34:28,498:INFO:The 'n' was the 6th character
2018-12-15 23:34:28,498:INFO:The 'g' was the 7th character
2018-12-15 23:34:28,498:INFO:

2018-12-15 23:34:28,498:INFO:The numbers in this password are: ['4']
2018-12-15 23:34:28,498:INFO:The '4' was the 2nd character
2018-12-15 23:34:28,498:INFO:

2018-12-15 23:34:28,498:INFO:The symbols in this password are: ['!']
2018-12-15 23:34:28,499:INFO:The '!' was the 5th character
2018-12-15 23:34:28,499:INFO:

2018-12-15 23:34:28,562:INFO:The length of 'T4st!ng' is 7
2018-12-15 23:34:28,562:INFO:As a list it looks like this ['T', '4', 's', 't', '!', 'n', 'g']
2018-12-15 23:34:28,562:INFO:The letters in this password are: ['T', 's', 't', 'n', 'g']
2018-12-15 23:34:28,562:INFO:The 'T' was the 1st character
2018-12-15 23:34:28,563:INFO:The 's' was the 3rd character
2018-12-15 23:34:28,563:INFO:The 't' was the 4th character
2018-12-15 23:34:28,563:INFO:The 'n' was the 6th character
2018-12-15 23:34:28,563:INFO:The 'g' was the 7th character
2018-12-15 23:34:28,563:INFO:

2018-12-15 23:34:28,564:INFO:The numbers in this password are: ['4']
2018-12-15 23:34:28,564:INFO:The '4' was the 2nd character
2018-12-15 23:34:28,564:INFO:

2018-12-15 23:34:28,564:INFO:The symbols in this password are: ['!']
2018-12-15 23:34:28,564:INFO:The '!' was the 5th character
2018-12-15 23:34:28,564:INFO:

2018-12-15 23:34:28,623:INFO:The length of 'T4st!ng' is 7
2018-12-15 23:34:28,624:INFO:As a list it looks like this ['T', '4', 's', 't', '!', 'n', 'g']
2018-12-15 23:34:28,624:INFO:The letters in this password are: ['T', 's', 't', 'n', 'g']
2018-12-15 23:34:28,624:INFO:The 'T' was the 1st character
2018-12-15 23:34:28,624:INFO:The 's' was the 3rd character
2018-12-15 23:34:28,624:INFO:The 't' was the 4th character
2018-12-15 23:34:28,625:INFO:The 'n' was the 6th character
2018-12-15 23:34:28,625:INFO:The 'g' was the 7th character
2018-12-15 23:34:28,625:INFO:

2018-12-15 23:34:28,625:INFO:The numbers in this password are: ['4']
2018-12-15 23:34:28,626:INFO:The '4' was the 2nd character
2018-12-15 23:34:28,626:INFO:

2018-12-15 23:34:28,626:INFO:The symbols in this password are: ['!']
2018-12-15 23:34:28,626:INFO:The '!' was the 5th character
2018-12-15 23:34:28,626:INFO:

2018-12-15 23:34:28,684:INFO:The length of 'T4st!ng' is 7
2018-12-15 23:34:28,684:INFO:As a list it looks like this ['T', '4', 's', 't', '!', 'n', 'g']
2018-12-15 23:34:28,685:INFO:The letters in this password are: ['T', 's', 't', 'n', 'g']
2018-12-15 23:34:28,685:INFO:The 'T' was the 1st character
2018-12-15 23:34:28,685:INFO:The 's' was the 3rd character
2018-12-15 23:34:28,685:INFO:The 't' was the 4th character
2018-12-15 23:34:28,685:INFO:The 'n' was the 6th character
2018-12-15 23:34:28,685:INFO:The 'g' was the 7th character
2018-12-15 23:34:28,686:INFO:

2018-12-15 23:34:28,686:INFO:The numbers in this password are: ['4']
2018-12-15 23:34:28,686:INFO:The '4' was the 2nd character
2018-12-15 23:34:28,686:INFO:

2018-12-15 23:34:28,686:INFO:The symbols in this password are: ['!']
2018-12-15 23:34:28,686:INFO:The '!' was the 5th character
2018-12-15 23:34:28,686:INFO:

2018-12-15 23:34:28,745:INFO:The length of 'T4st!ng' is 7
2018-12-15 23:34:28,745:INFO:As a list it looks like this ['T', '4', 's', 't', '!', 'n', 'g']
2018-12-15 23:34:28,746:INFO:The letters in this password are: ['T', 's', 't', 'n', 'g']
2018-12-15 23:34:28,746:INFO:The 'T' was the 1st character
2018-12-15 23:34:28,746:INFO:The 's' was the 3rd character
2018-12-15 23:34:28,746:INFO:The 't' was the 4th character
2018-12-15 23:34:28,746:INFO:The 'n' was the 6th character
2018-12-15 23:34:28,747:INFO:The 'g' was the 7th character
2018-12-15 23:34:28,747:INFO:

2018-12-15 23:34:28,747:INFO:The numbers in this password are: ['4']
2018-12-15 23:34:28,747:INFO:The '4' was the 2nd character
2018-12-15 23:34:28,747:INFO:

2018-12-15 23:34:28,748:INFO:The symbols in this password are: ['!']
2018-12-15 23:34:28,748:INFO:The '!' was the 5th character
2018-12-15 23:34:28,748:INFO:

2018-12-15 23:34:28,806:INFO:The length of 'T4st!ng' is 7
2018-12-15 23:34:28,807:INFO:As a list it looks like this ['T', '4', 's', 't', '!', 'n', 'g']
2018-12-15 23:34:28,807:INFO:The letters in this password are: ['T', 's', 't', 'n', 'g']
2018-12-15 23:34:28,807:INFO:The 'T' was the 1st character
2018-12-15 23:34:28,807:INFO:The 's' was the 3rd character
2018-12-15 23:34:28,807:INFO:The 't' was the 4th character
2018-12-15 23:34:28,808:INFO:The 'n' was the 6th character
2018-12-15 23:34:28,808:INFO:The 'g' was the 7th character
2018-12-15 23:34:28,808:INFO:

2018-12-15 23:34:28,808:INFO:The numbers in this password are: ['4']
2018-12-15 23:34:28,808:INFO:The '4' was the 2nd character
2018-12-15 23:34:28,808:INFO:

2018-12-15 23:34:28,809:INFO:The symbols in this password are: ['!']
2018-12-15 23:34:28,809:INFO:The '!' was the 5th character
2018-12-15 23:34:28,809:INFO:

2018-12-15 23:34:28,866:INFO:The length of 'T4st!ng' is 7
2018-12-15 23:34:28,867:INFO:As a list it looks like this ['T', '4', 's', 't', '!', 'n', 'g']
2018-12-15 23:34:28,867:INFO:The letters in this password are: ['T', 's', 't', 'n', 'g']
2018-12-15 23:34:28,867:INFO:The 'T' was the 1st character
2018-12-15 23:34:28,868:INFO:The 's' was the 3rd character
2018-12-15 23:34:28,868:INFO:The 't' was the 4th character
2018-12-15 23:34:28,868:INFO:The 'n' was the 6th character
2018-12-15 23:34:28,868:INFO:The 'g' was the 7th character
2018-12-15 23:34:28,868:INFO:

2018-12-15 23:34:28,868:INFO:The numbers in this password are: ['4']
2018-12-15 23:34:28,869:INFO:The '4' was the 2nd character
2018-12-15 23:34:28,869:INFO:

2018-12-15 23:34:28,869:INFO:The symbols in this password are: ['!']
2018-12-15 23:34:28,869:INFO:The '!' was the 5th character
2018-12-15 23:34:28,870:INFO:

2018-12-15 23:34:28,929:INFO:The length of 'T4st!ng' is 7
2018-12-15 23:34:28,929:INFO:As a list it looks like this ['T', '4', 's', 't', '!', 'n', 'g']
2018-12-15 23:34:28,929:INFO:The letters in this password are: ['T', 's', 't', 'n', 'g']
2018-12-15 23:34:28,930:INFO:The 'T' was the 1st character
2018-12-15 23:34:28,930:INFO:The 's' was the 3rd character
2018-12-15 23:34:28,930:INFO:The 't' was the 4th character
2018-12-15 23:34:28,930:INFO:The 'n' was the 6th character
2018-12-15 23:34:28,930:INFO:The 'g' was the 7th character
2018-12-15 23:34:28,930:INFO:

2018-12-15 23:34:28,930:INFO:The numbers in this password are: ['4']
2018-12-15 23:34:28,931:INFO:The '4' was the 2nd character
2018-12-15 23:34:28,931:INFO:

2018-12-15 23:34:28,931:INFO:The symbols in this password are: ['!']
2018-12-15 23:34:28,931:INFO:The '!' was the 5th character
2018-12-15 23:34:28,931:INFO:

2018-12-15 23:34:28,992:INFO:The length of 'T4st!ng' is 7
2018-12-15 23:34:28,993:INFO:As a list it looks like this ['T', '4', 's', 't', '!', 'n', 'g']
2018-12-15 23:34:28,993:INFO:The letters in this password are: ['T', 's', 't', 'n', 'g']
2018-12-15 23:34:28,993:INFO:The 'T' was the 1st character
2018-12-15 23:34:28,993:INFO:The 's' was the 3rd character
2018-12-15 23:34:28,993:INFO:The 't' was the 4th character
2018-12-15 23:34:28,993:INFO:The 'n' was the 6th character
2018-12-15 23:34:28,993:INFO:The 'g' was the 7th character
2018-12-15 23:34:28,994:INFO:

2018-12-15 23:34:28,994:INFO:The numbers in this password are: ['4']
2018-12-15 23:34:28,994:INFO:The '4' was the 2nd character
2018-12-15 23:34:28,994:INFO:

2018-12-15 23:34:28,994:INFO:The symbols in this password are: ['!']
2018-12-15 23:34:28,994:INFO:The '!' was the 5th character
2018-12-15 23:34:28,994:INFO:

2018-12-15 23:34:29,057:INFO:The length of 'T4st!ng' is 7
2018-12-15 23:34:29,057:INFO:As a list it looks like this ['T', '4', 's', 't', '!', 'n', 'g']
2018-12-15 23:34:29,057:INFO:The letters in this password are: ['T', 's', 't', 'n', 'g']
2018-12-15 23:34:29,058:INFO:The 'T' was the 1st character
2018-12-15 23:34:29,058:INFO:The 's' was the 3rd character
2018-12-15 23:34:29,058:INFO:The 't' was the 4th character
2018-12-15 23:34:29,058:INFO:The 'n' was the 6th character
2018-12-15 23:34:29,058:INFO:The 'g' was the 7th character
2018-12-15 23:34:29,058:INFO:

2018-12-15 23:34:29,059:INFO:The numbers in this password are: ['4']
2018-12-15 23:34:29,059:INFO:The '4' was the 2nd character
2018-12-15 23:34:29,059:INFO:

2018-12-15 23:34:29,059:INFO:The symbols in this password are: ['!']
2018-12-15 23:34:29,059:INFO:The '!' was the 5th character
2018-12-15 23:34:29,059:INFO:

2018-12-15 23:34:29,118:INFO:The length of 'T4st!ng' is 7
2018-12-15 23:34:29,119:INFO:As a list it looks like this ['T', '4', 's', 't', '!', 'n', 'g']
2018-12-15 23:34:29,119:INFO:The letters in this password are: ['T', 's', 't', 'n', 'g']
2018-12-15 23:34:29,119:INFO:The 'T' was the 1st character
2018-12-15 23:34:29,119:INFO:The 's' was the 3rd character
2018-12-15 23:34:29,120:INFO:The 't' was the 4th character
2018-12-15 23:34:29,120:INFO:The 'n' was the 6th character
2018-12-15 23:34:29,120:INFO:The 'g' was the 7th character
2018-12-15 23:34:29,120:INFO:

2018-12-15 23:34:29,120:INFO:The numbers in this password are: ['4']
2018-12-15 23:34:29,120:INFO:The '4' was the 2nd character
2018-12-15 23:34:29,120:INFO:

2018-12-15 23:34:29,121:INFO:The symbols in this password are: ['!']
2018-12-15 23:34:29,121:INFO:The '!' was the 5th character
2018-12-15 23:34:29,121:INFO:

2018-12-15 23:34:29,179:INFO:The length of 'T4st!ng' is 7
2018-12-15 23:34:29,179:INFO:As a list it looks like this ['T', '4', 's', 't', '!', 'n', 'g']
2018-12-15 23:34:29,179:INFO:The letters in this password are: ['T', 's', 't', 'n', 'g']
2018-12-15 23:34:29,180:INFO:The 'T' was the 1st character
2018-12-15 23:34:29,180:INFO:The 's' was the 3rd character
2018-12-15 23:34:29,180:INFO:The 't' was the 4th character
2018-12-15 23:34:29,180:INFO:The 'n' was the 6th character
2018-12-15 23:34:29,180:INFO:The 'g' was the 7th character
2018-12-15 23:34:29,180:INFO:

2018-12-15 23:34:29,180:INFO:The numbers in this password are: ['4']
2018-12-15 23:34:29,181:INFO:The '4' was the 2nd character
2018-12-15 23:34:29,181:INFO:

2018-12-15 23:34:29,181:INFO:The symbols in this password are: ['!']
2018-12-15 23:34:29,181:INFO:The '!' was the 5th character
2018-12-15 23:34:29,181:INFO:

2018-12-15 23:34:29,242:INFO:The length of 'T4st!ng' is 7
2018-12-15 23:34:29,242:INFO:As a list it looks like this ['T', '4', 's', 't', '!', 'n', 'g']
2018-12-15 23:34:29,242:INFO:The letters in this password are: ['T', 's', 't', 'n', 'g']
2018-12-15 23:34:29,242:INFO:The 'T' was the 1st character
2018-12-15 23:34:29,243:INFO:The 's' was the 3rd character
2018-12-15 23:34:29,243:INFO:The 't' was the 4th character
2018-12-15 23:34:29,243:INFO:The 'n' was the 6th character
2018-12-15 23:34:29,243:INFO:The 'g' was the 7th character
2018-12-15 23:34:29,243:INFO:

2018-12-15 23:34:29,243:INFO:The numbers in this password are: ['4']
2018-12-15 23:34:29,243:INFO:The '4' was the 2nd character
2018-12-15 23:34:29,244:INFO:

2018-12-15 23:34:29,244:INFO:The symbols in this password are: ['!']
2018-12-15 23:34:29,244:INFO:The '!' was the 5th character
2018-12-15 23:34:29,244:INFO:

2018-12-15 23:34:29,302:INFO:The length of 'T4st!ng' is 7
2018-12-15 23:34:29,303:INFO:As a list it looks like this ['T', '4', 's', 't', '!', 'n', 'g']
2018-12-15 23:34:29,303:INFO:The letters in this password are: ['T', 's', 't', 'n', 'g']
2018-12-15 23:34:29,303:INFO:The 'T' was the 1st character
2018-12-15 23:34:29,303:INFO:The 's' was the 3rd character
2018-12-15 23:34:29,303:INFO:The 't' was the 4th character
2018-12-15 23:34:29,304:INFO:The 'n' was the 6th character
2018-12-15 23:34:29,304:INFO:The 'g' was the 7th character
2018-12-15 23:34:29,304:INFO:

2018-12-15 23:34:29,304:INFO:The numbers in this password are: ['4']
2018-12-15 23:34:29,304:INFO:The '4' was the 2nd character
2018-12-15 23:34:29,304:INFO:

2018-12-15 23:34:29,304:INFO:The symbols in this password are: ['!']
2018-12-15 23:34:29,305:INFO:The '!' was the 5th character
2018-12-15 23:34:29,305:INFO:

2018-12-15 23:34:29,381:INFO:The length of 'T4st!ng' is 7
2018-12-15 23:34:29,381:INFO:As a list it looks like this ['T', '4', 's', 't', '!', 'n', 'g']
2018-12-15 23:34:29,382:INFO:The letters in this password are: ['T', 's', 't', 'n', 'g']
2018-12-15 23:34:29,382:INFO:The 'T' was the 1st character
2018-12-15 23:34:29,382:INFO:The 's' was the 3rd character
2018-12-15 23:34:29,382:INFO:The 't' was the 4th character
2018-12-15 23:34:29,382:INFO:The 'n' was the 6th character
2018-12-15 23:34:29,383:INFO:The 'g' was the 7th character
2018-12-15 23:34:29,383:INFO:

2018-12-15 23:34:29,383:INFO:The numbers in this password are: ['4']
2018-12-15 23:34:29,383:INFO:The '4' was the 2nd character
2018-12-15 23:34:29,383:INFO:

2018-12-15 23:34:29,383:INFO:The symbols in this password are: ['!']
2018-12-15 23:34:29,383:INFO:The '!' was the 5th character
2018-12-15 23:34:29,383:INFO:

2018-12-15 23:34:29,466:INFO:The length of 'T4st!ng' is 7
2018-12-15 23:34:29,467:INFO:As a list it looks like this ['T', '4', 's', 't', '!', 'n', 'g']
2018-12-15 23:34:29,467:INFO:The letters in this password are: ['T', 's', 't', 'n', 'g']
2018-12-15 23:34:29,467:INFO:The 'T' was the 1st character
2018-12-15 23:34:29,468:INFO:The 's' was the 3rd character
2018-12-15 23:34:29,468:INFO:The 't' was the 4th character
2018-12-15 23:34:29,468:INFO:The 'n' was the 6th character
2018-12-15 23:34:29,468:INFO:The 'g' was the 7th character
2018-12-15 23:34:29,469:INFO:

2018-12-15 23:34:29,469:INFO:The numbers in this password are: ['4']
2018-12-15 23:34:29,469:INFO:The '4' was the 2nd character
2018-12-15 23:34:29,469:INFO:

2018-12-15 23:34:29,470:INFO:The symbols in this password are: ['!']
2018-12-15 23:34:29,470:INFO:The '!' was the 5th character
2018-12-15 23:34:29,470:INFO:

2018-12-15 23:34:29,542:INFO:The length of 'T4st!ng' is 7
2018-12-15 23:34:29,542:INFO:As a list it looks like this ['T', '4', 's', 't', '!', 'n', 'g']
2018-12-15 23:34:29,543:INFO:The letters in this password are: ['T', 's', 't', 'n', 'g']
2018-12-15 23:34:29,543:INFO:The 'T' was the 1st character
2018-12-15 23:34:29,543:INFO:The 's' was the 3rd character
2018-12-15 23:34:29,543:INFO:The 't' was the 4th character
2018-12-15 23:34:29,543:INFO:The 'n' was the 6th character
2018-12-15 23:34:29,543:INFO:The 'g' was the 7th character
2018-12-15 23:34:29,543:INFO:

2018-12-15 23:34:29,544:INFO:The numbers in this password are: ['4']
2018-12-15 23:34:29,544:INFO:The '4' was the 2nd character
2018-12-15 23:34:29,544:INFO:

2018-12-15 23:34:29,544:INFO:The symbols in this password are: ['!']
2018-12-15 23:34:29,544:INFO:The '!' was the 5th character
2018-12-15 23:34:29,545:INFO:

2018-12-15 23:34:29,619:INFO:The length of 'T4st!ng' is 7
2018-12-15 23:34:29,620:INFO:As a list it looks like this ['T', '4', 's', 't', '!', 'n', 'g']
2018-12-15 23:34:29,620:INFO:The letters in this password are: ['T', 's', 't', 'n', 'g']
2018-12-15 23:34:29,620:INFO:The 'T' was the 1st character
2018-12-15 23:34:29,621:INFO:The 's' was the 3rd character
2018-12-15 23:34:29,621:INFO:The 't' was the 4th character
2018-12-15 23:34:29,621:INFO:The 'n' was the 6th character
2018-12-15 23:34:29,621:INFO:The 'g' was the 7th character
2018-12-15 23:34:29,621:INFO:

2018-12-15 23:34:29,621:INFO:The numbers in this password are: ['4']
2018-12-15 23:34:29,621:INFO:The '4' was the 2nd character
2018-12-15 23:34:29,622:INFO:

2018-12-15 23:34:29,622:INFO:The symbols in this password are: ['!']
2018-12-15 23:34:29,622:INFO:The '!' was the 5th character
2018-12-15 23:34:29,622:INFO:

2018-12-15 23:34:29,684:INFO:The length of 'T4st!ng' is 7
2018-12-15 23:34:29,684:INFO:As a list it looks like this ['T', '4', 's', 't', '!', 'n', 'g']
2018-12-15 23:34:29,684:INFO:The letters in this password are: ['T', 's', 't', 'n', 'g']
2018-12-15 23:34:29,685:INFO:The 'T' was the 1st character
2018-12-15 23:34:29,685:INFO:The 's' was the 3rd character
2018-12-15 23:34:29,685:INFO:The 't' was the 4th character
2018-12-15 23:34:29,685:INFO:The 'n' was the 6th character
2018-12-15 23:34:29,685:INFO:The 'g' was the 7th character
2018-12-15 23:34:29,685:INFO:

2018-12-15 23:34:29,685:INFO:The numbers in this password are: ['4']
2018-12-15 23:34:29,686:INFO:The '4' was the 2nd character
2018-12-15 23:34:29,686:INFO:

2018-12-15 23:34:29,686:INFO:The symbols in this password are: ['!']
2018-12-15 23:34:29,686:INFO:The '!' was the 5th character
2018-12-15 23:34:29,686:INFO:

2018-12-15 23:34:29,745:INFO:The length of 'T4st!ng' is 7
2018-12-15 23:34:29,745:INFO:As a list it looks like this ['T', '4', 's', 't', '!', 'n', 'g']
2018-12-15 23:34:29,745:INFO:The letters in this password are: ['T', 's', 't', 'n', 'g']
2018-12-15 23:34:29,745:INFO:The 'T' was the 1st character
2018-12-15 23:34:29,746:INFO:The 's' was the 3rd character
2018-12-15 23:34:29,746:INFO:The 't' was the 4th character
2018-12-15 23:34:29,746:INFO:The 'n' was the 6th character
2018-12-15 23:34:29,746:INFO:The 'g' was the 7th character
2018-12-15 23:34:29,746:INFO:

2018-12-15 23:34:29,746:INFO:The numbers in this password are: ['4']
2018-12-15 23:34:29,746:INFO:The '4' was the 2nd character
2018-12-15 23:34:29,747:INFO:

2018-12-15 23:34:29,747:INFO:The symbols in this password are: ['!']
2018-12-15 23:34:29,747:INFO:The '!' was the 5th character
2018-12-15 23:34:29,747:INFO:

2018-12-15 23:34:29,803:INFO:The length of 'T4st!ng' is 7
2018-12-15 23:34:29,803:INFO:As a list it looks like this ['T', '4', 's', 't', '!', 'n', 'g']
2018-12-15 23:34:29,803:INFO:The letters in this password are: ['T', 's', 't', 'n', 'g']
2018-12-15 23:34:29,804:INFO:The 'T' was the 1st character
2018-12-15 23:34:29,804:INFO:The 's' was the 3rd character
2018-12-15 23:34:29,804:INFO:The 't' was the 4th character
2018-12-15 23:34:29,804:INFO:The 'n' was the 6th character
2018-12-15 23:34:29,804:INFO:The 'g' was the 7th character
2018-12-15 23:34:29,804:INFO:

2018-12-15 23:34:29,804:INFO:The numbers in this password are: ['4']
2018-12-15 23:34:29,804:INFO:The '4' was the 2nd character
2018-12-15 23:34:29,805:INFO:

2018-12-15 23:34:29,805:INFO:The symbols in this password are: ['!']
2018-12-15 23:34:29,805:INFO:The '!' was the 5th character
2018-12-15 23:34:29,805:INFO:

2018-12-15 23:34:29,864:INFO:The length of 'T4st!ng' is 7
2018-12-15 23:34:29,865:INFO:As a list it looks like this ['T', '4', 's', 't', '!', 'n', 'g']
2018-12-15 23:34:29,865:INFO:The letters in this password are: ['T', 's', 't', 'n', 'g']
2018-12-15 23:34:29,865:INFO:The 'T' was the 1st character
2018-12-15 23:34:29,866:INFO:The 's' was the 3rd character
2018-12-15 23:34:29,866:INFO:The 't' was the 4th character
2018-12-15 23:34:29,866:INFO:The 'n' was the 6th character
2018-12-15 23:34:29,866:INFO:The 'g' was the 7th character
2018-12-15 23:34:29,866:INFO:

2018-12-15 23:34:29,866:INFO:The numbers in this password are: ['4']
2018-12-15 23:34:29,866:INFO:The '4' was the 2nd character
2018-12-15 23:34:29,867:INFO:

2018-12-15 23:34:29,867:INFO:The symbols in this password are: ['!']
2018-12-15 23:34:29,867:INFO:The '!' was the 5th character
2018-12-15 23:34:29,867:INFO:

2018-12-15 23:34:29,928:INFO:The length of 'T4st!ng' is 7
2018-12-15 23:34:29,928:INFO:As a list it looks like this ['T', '4', 's', 't', '!', 'n', 'g']
2018-12-15 23:34:29,928:INFO:The letters in this password are: ['T', 's', 't', 'n', 'g']
2018-12-15 23:34:29,929:INFO:The 'T' was the 1st character
2018-12-15 23:34:29,929:INFO:The 's' was the 3rd character
2018-12-15 23:34:29,929:INFO:The 't' was the 4th character
2018-12-15 23:34:29,929:INFO:The 'n' was the 6th character
2018-12-15 23:34:29,929:INFO:The 'g' was the 7th character
2018-12-15 23:34:29,930:INFO:

2018-12-15 23:34:29,930:INFO:The numbers in this password are: ['4']
2018-12-15 23:34:29,930:INFO:The '4' was the 2nd character
2018-12-15 23:34:29,930:INFO:

2018-12-15 23:34:29,930:INFO:The symbols in this password are: ['!']
2018-12-15 23:34:29,930:INFO:The '!' was the 5th character
2018-12-15 23:34:29,931:INFO:

2018-12-15 23:34:29,994:INFO:The length of 'T4st!ng' is 7
2018-12-15 23:34:29,995:INFO:As a list it looks like this ['T', '4', 's', 't', '!', 'n', 'g']
2018-12-15 23:34:29,995:INFO:The letters in this password are: ['T', 's', 't', 'n', 'g']
2018-12-15 23:34:29,995:INFO:The 'T' was the 1st character
2018-12-15 23:34:29,996:INFO:The 's' was the 3rd character
2018-12-15 23:34:29,996:INFO:The 't' was the 4th character
2018-12-15 23:34:29,996:INFO:The 'n' was the 6th character
2018-12-15 23:34:29,996:INFO:The 'g' was the 7th character
2018-12-15 23:34:29,996:INFO:

2018-12-15 23:34:29,996:INFO:The numbers in this password are: ['4']
2018-12-15 23:34:29,996:INFO:The '4' was the 2nd character
2018-12-15 23:34:29,997:INFO:

2018-12-15 23:34:29,997:INFO:The symbols in this password are: ['!']
2018-12-15 23:34:29,997:INFO:The '!' was the 5th character
2018-12-15 23:34:29,997:INFO:

2018-12-15 23:34:30,062:INFO:The length of 'T4st!ng' is 7
2018-12-15 23:34:30,063:INFO:As a list it looks like this ['T', '4', 's', 't', '!', 'n', 'g']
2018-12-15 23:34:30,063:INFO:The letters in this password are: ['T', 's', 't', 'n', 'g']
2018-12-15 23:34:30,063:INFO:The 'T' was the 1st character
2018-12-15 23:34:30,063:INFO:The 's' was the 3rd character
2018-12-15 23:34:30,063:INFO:The 't' was the 4th character
2018-12-15 23:34:30,064:INFO:The 'n' was the 6th character
2018-12-15 23:34:30,064:INFO:The 'g' was the 7th character
2018-12-15 23:34:30,064:INFO:

2018-12-15 23:34:30,065:INFO:The numbers in this password are: ['4']
2018-12-15 23:34:30,065:INFO:The '4' was the 2nd character
2018-12-15 23:34:30,065:INFO:

2018-12-15 23:34:30,065:INFO:The symbols in this password are: ['!']
2018-12-15 23:34:30,065:INFO:The '!' was the 5th character
2018-12-15 23:34:30,065:INFO:

2018-12-15 23:34:30,123:INFO:The length of 'T4st!ng' is 7
2018-12-15 23:34:30,123:INFO:As a list it looks like this ['T', '4', 's', 't', '!', 'n', 'g']
2018-12-15 23:34:30,124:INFO:The letters in this password are: ['T', 's', 't', 'n', 'g']
2018-12-15 23:34:30,124:INFO:The 'T' was the 1st character
2018-12-15 23:34:30,124:INFO:The 's' was the 3rd character
2018-12-15 23:34:30,124:INFO:The 't' was the 4th character
2018-12-15 23:34:30,124:INFO:The 'n' was the 6th character
2018-12-15 23:34:30,124:INFO:The 'g' was the 7th character
2018-12-15 23:34:30,125:INFO:

2018-12-15 23:34:30,125:INFO:The numbers in this password are: ['4']
2018-12-15 23:34:30,125:INFO:The '4' was the 2nd character
2018-12-15 23:34:30,125:INFO:

2018-12-15 23:34:30,125:INFO:The symbols in this password are: ['!']
2018-12-15 23:34:30,125:INFO:The '!' was the 5th character
2018-12-15 23:34:30,126:INFO:

2018-12-15 23:34:30,185:INFO:The length of 'T4st!ng' is 7
2018-12-15 23:34:30,185:INFO:As a list it looks like this ['T', '4', 's', 't', '!', 'n', 'g']
2018-12-15 23:34:30,185:INFO:The letters in this password are: ['T', 's', 't', 'n', 'g']
2018-12-15 23:34:30,186:INFO:The 'T' was the 1st character
2018-12-15 23:34:30,186:INFO:The 's' was the 3rd character
2018-12-15 23:34:30,186:INFO:The 't' was the 4th character
2018-12-15 23:34:30,186:INFO:The 'n' was the 6th character
2018-12-15 23:34:30,186:INFO:The 'g' was the 7th character
2018-12-15 23:34:30,186:INFO:

2018-12-15 23:34:30,186:INFO:The numbers in this password are: ['4']
2018-12-15 23:34:30,186:INFO:The '4' was the 2nd character
2018-12-15 23:34:30,187:INFO:

2018-12-15 23:34:30,187:INFO:The symbols in this password are: ['!']
2018-12-15 23:34:30,187:INFO:The '!' was the 5th character
2018-12-15 23:34:30,187:INFO:

2018-12-15 23:34:30,244:INFO:The length of 'T4st!ng' is 7
2018-12-15 23:34:30,245:INFO:As a list it looks like this ['T', '4', 's', 't', '!', 'n', 'g']
2018-12-15 23:34:30,245:INFO:The letters in this password are: ['T', 's', 't', 'n', 'g']
2018-12-15 23:34:30,245:INFO:The 'T' was the 1st character
2018-12-15 23:34:30,245:INFO:The 's' was the 3rd character
2018-12-15 23:34:30,245:INFO:The 't' was the 4th character
2018-12-15 23:34:30,246:INFO:The 'n' was the 6th character
2018-12-15 23:34:30,246:INFO:The 'g' was the 7th character
2018-12-15 23:34:30,246:INFO:

2018-12-15 23:34:30,246:INFO:The numbers in this password are: ['4']
2018-12-15 23:34:30,246:INFO:The '4' was the 2nd character
2018-12-15 23:34:30,246:INFO:

2018-12-15 23:34:30,246:INFO:The symbols in this password are: ['!']
2018-12-15 23:34:30,247:INFO:The '!' was the 5th character
2018-12-15 23:34:30,247:INFO:

2018-12-15 23:34:30,304:INFO:The length of 'T4st!ng' is 7
2018-12-15 23:34:30,304:INFO:As a list it looks like this ['T', '4', 's', 't', '!', 'n', 'g']
2018-12-15 23:34:30,305:INFO:The letters in this password are: ['T', 's', 't', 'n', 'g']
2018-12-15 23:34:30,305:INFO:The 'T' was the 1st character
2018-12-15 23:34:30,305:INFO:The 's' was the 3rd character
2018-12-15 23:34:30,305:INFO:The 't' was the 4th character
2018-12-15 23:34:30,305:INFO:The 'n' was the 6th character
2018-12-15 23:34:30,305:INFO:The 'g' was the 7th character
2018-12-15 23:34:30,306:INFO:

2018-12-15 23:34:30,306:INFO:The numbers in this password are: ['4']
2018-12-15 23:34:30,306:INFO:The '4' was the 2nd character
2018-12-15 23:34:30,306:INFO:

2018-12-15 23:34:30,306:INFO:The symbols in this password are: ['!']
2018-12-15 23:34:30,306:INFO:The '!' was the 5th character
2018-12-15 23:34:30,306:INFO:

2018-12-15 23:34:30,368:INFO:The length of 'T4st!ng' is 7
2018-12-15 23:34:30,368:INFO:As a list it looks like this ['T', '4', 's', 't', '!', 'n', 'g']
2018-12-15 23:34:30,369:INFO:The letters in this password are: ['T', 's', 't', 'n', 'g']
2018-12-15 23:34:30,369:INFO:The 'T' was the 1st character
2018-12-15 23:34:30,369:INFO:The 's' was the 3rd character
2018-12-15 23:34:30,369:INFO:The 't' was the 4th character
2018-12-15 23:34:30,369:INFO:The 'n' was the 6th character
2018-12-15 23:34:30,369:INFO:The 'g' was the 7th character
2018-12-15 23:34:30,370:INFO:

2018-12-15 23:34:30,370:INFO:The numbers in this password are: ['4']
2018-12-15 23:34:30,370:INFO:The '4' was the 2nd character
2018-12-15 23:34:30,370:INFO:

2018-12-15 23:34:30,370:INFO:The symbols in this password are: ['!']
2018-12-15 23:34:30,370:INFO:The '!' was the 5th character
2018-12-15 23:34:30,370:INFO:

2018-12-15 23:34:30,426:INFO:The length of 'T4st!ng' is 7
2018-12-15 23:34:30,426:INFO:As a list it looks like this ['T', '4', 's', 't', '!', 'n', 'g']
2018-12-15 23:34:30,426:INFO:The letters in this password are: ['T', 's', 't', 'n', 'g']
2018-12-15 23:34:30,427:INFO:The 'T' was the 1st character
2018-12-15 23:34:30,427:INFO:The 's' was the 3rd character
2018-12-15 23:34:30,427:INFO:The 't' was the 4th character
2018-12-15 23:34:30,427:INFO:The 'n' was the 6th character
2018-12-15 23:34:30,427:INFO:The 'g' was the 7th character
2018-12-15 23:34:30,427:INFO:

2018-12-15 23:34:30,427:INFO:The numbers in this password are: ['4']
2018-12-15 23:34:30,427:INFO:The '4' was the 2nd character
2018-12-15 23:34:30,428:INFO:

2018-12-15 23:34:30,428:INFO:The symbols in this password are: ['!']
2018-12-15 23:34:30,428:INFO:The '!' was the 5th character
2018-12-15 23:34:30,428:INFO:

2018-12-15 23:34:30,488:INFO:The length of 'T4st!ng' is 7
2018-12-15 23:34:30,488:INFO:As a list it looks like this ['T', '4', 's', 't', '!', 'n', 'g']
2018-12-15 23:34:30,489:INFO:The letters in this password are: ['T', 's', 't', 'n', 'g']
2018-12-15 23:34:30,489:INFO:The 'T' was the 1st character
2018-12-15 23:34:30,489:INFO:The 's' was the 3rd character
2018-12-15 23:34:30,489:INFO:The 't' was the 4th character
2018-12-15 23:34:30,489:INFO:The 'n' was the 6th character
2018-12-15 23:34:30,489:INFO:The 'g' was the 7th character
2018-12-15 23:34:30,489:INFO:

2018-12-15 23:34:30,490:INFO:The numbers in this password are: ['4']
2018-12-15 23:34:30,490:INFO:The '4' was the 2nd character
2018-12-15 23:34:30,490:INFO:

2018-12-15 23:34:30,490:INFO:The symbols in this password are: ['!']
2018-12-15 23:34:30,490:INFO:The '!' was the 5th character
2018-12-15 23:34:30,490:INFO:

2018-12-15 23:34:30,550:INFO:The length of 'T4st!ng' is 7
2018-12-15 23:34:30,551:INFO:As a list it looks like this ['T', '4', 's', 't', '!', 'n', 'g']
2018-12-15 23:34:30,551:INFO:The letters in this password are: ['T', 's', 't', 'n', 'g']
2018-12-15 23:34:30,551:INFO:The 'T' was the 1st character
2018-12-15 23:34:30,552:INFO:The 's' was the 3rd character
2018-12-15 23:34:30,552:INFO:The 't' was the 4th character
2018-12-15 23:34:30,552:INFO:The 'n' was the 6th character
2018-12-15 23:34:30,552:INFO:The 'g' was the 7th character
2018-12-15 23:34:30,552:INFO:

2018-12-15 23:34:30,552:INFO:The numbers in this password are: ['4']
2018-12-15 23:34:30,553:INFO:The '4' was the 2nd character
2018-12-15 23:34:30,553:INFO:

2018-12-15 23:34:30,553:INFO:The symbols in this password are: ['!']
2018-12-15 23:34:30,553:INFO:The '!' was the 5th character
2018-12-15 23:34:30,553:INFO:

2018-12-15 23:34:30,609:INFO:The length of 'T4st!ng' is 7
2018-12-15 23:34:30,609:INFO:As a list it looks like this ['T', '4', 's', 't', '!', 'n', 'g']
2018-12-15 23:34:30,610:INFO:The letters in this password are: ['T', 's', 't', 'n', 'g']
2018-12-15 23:34:30,610:INFO:The 'T' was the 1st character
2018-12-15 23:34:30,610:INFO:The 's' was the 3rd character
2018-12-15 23:34:30,610:INFO:The 't' was the 4th character
2018-12-15 23:34:30,610:INFO:The 'n' was the 6th character
2018-12-15 23:34:30,610:INFO:The 'g' was the 7th character
2018-12-15 23:34:30,611:INFO:

2018-12-15 23:34:30,611:INFO:The numbers in this password are: ['4']
2018-12-15 23:34:30,611:INFO:The '4' was the 2nd character
2018-12-15 23:34:30,611:INFO:

2018-12-15 23:34:30,611:INFO:The symbols in this password are: ['!']
2018-12-15 23:34:30,611:INFO:The '!' was the 5th character
2018-12-15 23:34:30,611:INFO:

2018-12-15 23:34:30,677:INFO:The length of 'T4st!ng' is 7
2018-12-15 23:34:30,678:INFO:As a list it looks like this ['T', '4', 's', 't', '!', 'n', 'g']
2018-12-15 23:34:30,678:INFO:The letters in this password are: ['T', 's', 't', 'n', 'g']
2018-12-15 23:34:30,678:INFO:The 'T' was the 1st character
2018-12-15 23:34:30,678:INFO:The 's' was the 3rd character
2018-12-15 23:34:30,678:INFO:The 't' was the 4th character
2018-12-15 23:34:30,678:INFO:The 'n' was the 6th character
2018-12-15 23:34:30,679:INFO:The 'g' was the 7th character
2018-12-15 23:34:30,679:INFO:

2018-12-15 23:34:30,679:INFO:The numbers in this password are: ['4']
2018-12-15 23:34:30,679:INFO:The '4' was the 2nd character
2018-12-15 23:34:30,679:INFO:

2018-12-15 23:34:30,679:INFO:The symbols in this password are: ['!']
2018-12-15 23:34:30,679:INFO:The '!' was the 5th character
2018-12-15 23:34:30,680:INFO:

2018-12-15 23:34:30,736:INFO:The length of 'T4st!ng' is 7
2018-12-15 23:34:30,737:INFO:As a list it looks like this ['T', '4', 's', 't', '!', 'n', 'g']
2018-12-15 23:34:30,737:INFO:The letters in this password are: ['T', 's', 't', 'n', 'g']
2018-12-15 23:34:30,737:INFO:The 'T' was the 1st character
2018-12-15 23:34:30,737:INFO:The 's' was the 3rd character
2018-12-15 23:34:30,737:INFO:The 't' was the 4th character
2018-12-15 23:34:30,737:INFO:The 'n' was the 6th character
2018-12-15 23:34:30,738:INFO:The 'g' was the 7th character
2018-12-15 23:34:30,738:INFO:

2018-12-15 23:34:30,738:INFO:The numbers in this password are: ['4']
2018-12-15 23:34:30,738:INFO:The '4' was the 2nd character
2018-12-15 23:34:30,738:INFO:

2018-12-15 23:34:30,738:INFO:The symbols in this password are: ['!']
2018-12-15 23:34:30,739:INFO:The '!' was the 5th character
2018-12-15 23:34:30,739:INFO:

2018-12-15 23:34:30,799:INFO:The length of 'T4st!ng' is 7
2018-12-15 23:34:30,799:INFO:As a list it looks like this ['T', '4', 's', 't', '!', 'n', 'g']
2018-12-15 23:34:30,800:INFO:The letters in this password are: ['T', 's', 't', 'n', 'g']
2018-12-15 23:34:30,800:INFO:The 'T' was the 1st character
2018-12-15 23:34:30,800:INFO:The 's' was the 3rd character
2018-12-15 23:34:30,801:INFO:The 't' was the 4th character
2018-12-15 23:34:30,801:INFO:The 'n' was the 6th character
2018-12-15 23:34:30,801:INFO:The 'g' was the 7th character
2018-12-15 23:34:30,801:INFO:

2018-12-15 23:34:30,801:INFO:The numbers in this password are: ['4']
2018-12-15 23:34:30,802:INFO:The '4' was the 2nd character
2018-12-15 23:34:30,802:INFO:

2018-12-15 23:34:30,802:INFO:The symbols in this password are: ['!']
2018-12-15 23:34:30,802:INFO:The '!' was the 5th character
2018-12-15 23:34:30,802:INFO:

2018-12-15 23:34:30,864:INFO:The length of 'T4st!ng' is 7
2018-12-15 23:34:30,865:INFO:As a list it looks like this ['T', '4', 's', 't', '!', 'n', 'g']
2018-12-15 23:34:30,865:INFO:The letters in this password are: ['T', 's', 't', 'n', 'g']
2018-12-15 23:34:30,865:INFO:The 'T' was the 1st character
2018-12-15 23:34:30,865:INFO:The 's' was the 3rd character
2018-12-15 23:34:30,866:INFO:The 't' was the 4th character
2018-12-15 23:34:30,866:INFO:The 'n' was the 6th character
2018-12-15 23:34:30,866:INFO:The 'g' was the 7th character
2018-12-15 23:34:30,866:INFO:

2018-12-15 23:34:30,866:INFO:The numbers in this password are: ['4']
2018-12-15 23:34:30,866:INFO:The '4' was the 2nd character
2018-12-15 23:34:30,866:INFO:

2018-12-15 23:34:30,866:INFO:The symbols in this password are: ['!']
2018-12-15 23:34:30,867:INFO:The '!' was the 5th character
2018-12-15 23:34:30,867:INFO:

2018-12-15 23:34:30,926:INFO:The length of 'T4st!ng' is 7
2018-12-15 23:34:30,927:INFO:As a list it looks like this ['T', '4', 's', 't', '!', 'n', 'g']
2018-12-15 23:34:30,927:INFO:The letters in this password are: ['T', 's', 't', 'n', 'g']
2018-12-15 23:34:30,927:INFO:The 'T' was the 1st character
2018-12-15 23:34:30,927:INFO:The 's' was the 3rd character
2018-12-15 23:34:30,927:INFO:The 't' was the 4th character
2018-12-15 23:34:30,927:INFO:The 'n' was the 6th character
2018-12-15 23:34:30,928:INFO:The 'g' was the 7th character
2018-12-15 23:34:30,928:INFO:

2018-12-15 23:34:30,928:INFO:The numbers in this password are: ['4']
2018-12-15 23:34:30,928:INFO:The '4' was the 2nd character
2018-12-15 23:34:30,929:INFO:

2018-12-15 23:34:30,929:INFO:The symbols in this password are: ['!']
2018-12-15 23:34:30,929:INFO:The '!' was the 5th character
2018-12-15 23:34:30,929:INFO:

2018-12-15 23:34:30,994:INFO:The length of 'T4st!ng' is 7
2018-12-15 23:34:30,995:INFO:As a list it looks like this ['T', '4', 's', 't', '!', 'n', 'g']
2018-12-15 23:34:30,995:INFO:The letters in this password are: ['T', 's', 't', 'n', 'g']
2018-12-15 23:34:30,996:INFO:The 'T' was the 1st character
2018-12-15 23:34:30,996:INFO:The 's' was the 3rd character
2018-12-15 23:34:30,996:INFO:The 't' was the 4th character
2018-12-15 23:34:30,996:INFO:The 'n' was the 6th character
2018-12-15 23:34:30,996:INFO:The 'g' was the 7th character
2018-12-15 23:34:30,996:INFO:

2018-12-15 23:34:30,997:INFO:The numbers in this password are: ['4']
2018-12-15 23:34:30,997:INFO:The '4' was the 2nd character
2018-12-15 23:34:30,997:INFO:

2018-12-15 23:34:30,997:INFO:The symbols in this password are: ['!']
2018-12-15 23:34:30,997:INFO:The '!' was the 5th character
2018-12-15 23:34:30,997:INFO:

2018-12-15 23:34:31,057:INFO:The length of 'T4st!ng' is 7
2018-12-15 23:34:31,057:INFO:As a list it looks like this ['T', '4', 's', 't', '!', 'n', 'g']
2018-12-15 23:34:31,058:INFO:The letters in this password are: ['T', 's', 't', 'n', 'g']
2018-12-15 23:34:31,058:INFO:The 'T' was the 1st character
2018-12-15 23:34:31,058:INFO:The 's' was the 3rd character
2018-12-15 23:34:31,058:INFO:The 't' was the 4th character
2018-12-15 23:34:31,058:INFO:The 'n' was the 6th character
2018-12-15 23:34:31,058:INFO:The 'g' was the 7th character
2018-12-15 23:34:31,059:INFO:

2018-12-15 23:34:31,059:INFO:The numbers in this password are: ['4']
2018-12-15 23:34:31,059:INFO:The '4' was the 2nd character
2018-12-15 23:34:31,059:INFO:

2018-12-15 23:34:31,059:INFO:The symbols in this password are: ['!']
2018-12-15 23:34:31,059:INFO:The '!' was the 5th character
2018-12-15 23:34:31,059:INFO:

2018-12-15 23:34:31,120:INFO:The length of 'T4st!ng' is 7
2018-12-15 23:34:31,121:INFO:As a list it looks like this ['T', '4', 's', 't', '!', 'n', 'g']
2018-12-15 23:34:31,121:INFO:The letters in this password are: ['T', 's', 't', 'n', 'g']
2018-12-15 23:34:31,121:INFO:The 'T' was the 1st character
2018-12-15 23:34:31,122:INFO:The 's' was the 3rd character
2018-12-15 23:34:31,122:INFO:The 't' was the 4th character
2018-12-15 23:34:31,122:INFO:The 'n' was the 6th character
2018-12-15 23:34:31,122:INFO:The 'g' was the 7th character
2018-12-15 23:34:31,122:INFO:

2018-12-15 23:34:31,123:INFO:The numbers in this password are: ['4']
2018-12-15 23:34:31,123:INFO:The '4' was the 2nd character
2018-12-15 23:34:31,123:INFO:

2018-12-15 23:34:31,123:INFO:The symbols in this password are: ['!']
2018-12-15 23:34:31,123:INFO:The '!' was the 5th character
2018-12-15 23:34:31,123:INFO:

2018-12-15 23:34:31,185:INFO:The length of 'T4st!ng' is 7
2018-12-15 23:34:31,185:INFO:As a list it looks like this ['T', '4', 's', 't', '!', 'n', 'g']
2018-12-15 23:34:31,185:INFO:The letters in this password are: ['T', 's', 't', 'n', 'g']
2018-12-15 23:34:31,185:INFO:The 'T' was the 1st character
2018-12-15 23:34:31,185:INFO:The 's' was the 3rd character
2018-12-15 23:34:31,186:INFO:The 't' was the 4th character
2018-12-15 23:34:31,186:INFO:The 'n' was the 6th character
2018-12-15 23:34:31,186:INFO:The 'g' was the 7th character
2018-12-15 23:34:31,186:INFO:

2018-12-15 23:34:31,186:INFO:The numbers in this password are: ['4']
2018-12-15 23:34:31,186:INFO:The '4' was the 2nd character
2018-12-15 23:34:31,186:INFO:

2018-12-15 23:34:31,186:INFO:The symbols in this password are: ['!']
2018-12-15 23:34:31,187:INFO:The '!' was the 5th character
2018-12-15 23:34:31,187:INFO:

2018-12-15 23:34:31,245:INFO:The length of 'T4st!ng' is 7
2018-12-15 23:34:31,246:INFO:As a list it looks like this ['T', '4', 's', 't', '!', 'n', 'g']
2018-12-15 23:34:31,246:INFO:The letters in this password are: ['T', 's', 't', 'n', 'g']
2018-12-15 23:34:31,247:INFO:The 'T' was the 1st character
2018-12-15 23:34:31,247:INFO:The 's' was the 3rd character
2018-12-15 23:34:31,247:INFO:The 't' was the 4th character
2018-12-15 23:34:31,247:INFO:The 'n' was the 6th character
2018-12-15 23:34:31,247:INFO:The 'g' was the 7th character
2018-12-15 23:34:31,247:INFO:

2018-12-15 23:34:31,248:INFO:The numbers in this password are: ['4']
2018-12-15 23:34:31,248:INFO:The '4' was the 2nd character
2018-12-15 23:34:31,248:INFO:

2018-12-15 23:34:31,248:INFO:The symbols in this password are: ['!']
2018-12-15 23:34:31,248:INFO:The '!' was the 5th character
2018-12-15 23:34:31,248:INFO:

2018-12-15 23:34:31,307:INFO:The length of 'T4st!ng' is 7
2018-12-15 23:34:31,308:INFO:As a list it looks like this ['T', '4', 's', 't', '!', 'n', 'g']
2018-12-15 23:34:31,308:INFO:The letters in this password are: ['T', 's', 't', 'n', 'g']
2018-12-15 23:34:31,308:INFO:The 'T' was the 1st character
2018-12-15 23:34:31,308:INFO:The 's' was the 3rd character
2018-12-15 23:34:31,308:INFO:The 't' was the 4th character
2018-12-15 23:34:31,309:INFO:The 'n' was the 6th character
2018-12-15 23:34:31,309:INFO:The 'g' was the 7th character
2018-12-15 23:34:31,309:INFO:

2018-12-15 23:34:31,309:INFO:The numbers in this password are: ['4']
2018-12-15 23:34:31,309:INFO:The '4' was the 2nd character
2018-12-15 23:34:31,309:INFO:

2018-12-15 23:34:31,309:INFO:The symbols in this password are: ['!']
2018-12-15 23:34:31,310:INFO:The '!' was the 5th character
2018-12-15 23:34:31,310:INFO:

2018-12-15 23:34:31,370:INFO:The length of 'T4st!ng' is 7
2018-12-15 23:34:31,371:INFO:As a list it looks like this ['T', '4', 's', 't', '!', 'n', 'g']
2018-12-15 23:34:31,371:INFO:The letters in this password are: ['T', 's', 't', 'n', 'g']
2018-12-15 23:34:31,371:INFO:The 'T' was the 1st character
2018-12-15 23:34:31,371:INFO:The 's' was the 3rd character
2018-12-15 23:34:31,371:INFO:The 't' was the 4th character
2018-12-15 23:34:31,371:INFO:The 'n' was the 6th character
2018-12-15 23:34:31,372:INFO:The 'g' was the 7th character
2018-12-15 23:34:31,372:INFO:

2018-12-15 23:34:31,372:INFO:The numbers in this password are: ['4']
2018-12-15 23:34:31,372:INFO:The '4' was the 2nd character
2018-12-15 23:34:31,372:INFO:

2018-12-15 23:34:31,372:INFO:The symbols in this password are: ['!']
2018-12-15 23:34:31,373:INFO:The '!' was the 5th character
2018-12-15 23:34:31,373:INFO:

2018-12-15 23:34:31,429:INFO:The length of 'T4st!ng' is 7
2018-12-15 23:34:31,430:INFO:As a list it looks like this ['T', '4', 's', 't', '!', 'n', 'g']
2018-12-15 23:34:31,430:INFO:The letters in this password are: ['T', 's', 't', 'n', 'g']
2018-12-15 23:34:31,430:INFO:The 'T' was the 1st character
2018-12-15 23:34:31,430:INFO:The 's' was the 3rd character
2018-12-15 23:34:31,430:INFO:The 't' was the 4th character
2018-12-15 23:34:31,431:INFO:The 'n' was the 6th character
2018-12-15 23:34:31,431:INFO:The 'g' was the 7th character
2018-12-15 23:34:31,431:INFO:

2018-12-15 23:34:31,431:INFO:The numbers in this password are: ['4']
2018-12-15 23:34:31,431:INFO:The '4' was the 2nd character
2018-12-15 23:34:31,431:INFO:

2018-12-15 23:34:31,431:INFO:The symbols in this password are: ['!']
2018-12-15 23:34:31,432:INFO:The '!' was the 5th character
2018-12-15 23:34:31,432:INFO:

2018-12-15 23:34:31,490:INFO:The length of 'T4st!ng' is 7
2018-12-15 23:34:31,491:INFO:As a list it looks like this ['T', '4', 's', 't', '!', 'n', 'g']
2018-12-15 23:34:31,491:INFO:The letters in this password are: ['T', 's', 't', 'n', 'g']
2018-12-15 23:34:31,491:INFO:The 'T' was the 1st character
2018-12-15 23:34:31,492:INFO:The 's' was the 3rd character
2018-12-15 23:34:31,492:INFO:The 't' was the 4th character
2018-12-15 23:34:31,492:INFO:The 'n' was the 6th character
2018-12-15 23:34:31,492:INFO:The 'g' was the 7th character
2018-12-15 23:34:31,492:INFO:

2018-12-15 23:34:31,492:INFO:The numbers in this password are: ['4']
2018-12-15 23:34:31,493:INFO:The '4' was the 2nd character
2018-12-15 23:34:31,493:INFO:

2018-12-15 23:34:31,493:INFO:The symbols in this password are: ['!']
2018-12-15 23:34:31,493:INFO:The '!' was the 5th character
2018-12-15 23:34:31,493:INFO:

2018-12-15 23:34:31,568:INFO:The length of 'T4st!ng' is 7
2018-12-15 23:34:31,568:INFO:As a list it looks like this ['T', '4', 's', 't', '!', 'n', 'g']
2018-12-15 23:34:31,568:INFO:The letters in this password are: ['T', 's', 't', 'n', 'g']
2018-12-15 23:34:31,568:INFO:The 'T' was the 1st character
2018-12-15 23:34:31,569:INFO:The 's' was the 3rd character
2018-12-15 23:34:31,569:INFO:The 't' was the 4th character
2018-12-15 23:34:31,569:INFO:The 'n' was the 6th character
2018-12-15 23:34:31,569:INFO:The 'g' was the 7th character
2018-12-15 23:34:31,569:INFO:

2018-12-15 23:34:31,569:INFO:The numbers in this password are: ['4']
2018-12-15 23:34:31,570:INFO:The '4' was the 2nd character
2018-12-15 23:34:31,570:INFO:

2018-12-15 23:34:31,570:INFO:The symbols in this password are: ['!']
2018-12-15 23:34:31,570:INFO:The '!' was the 5th character
2018-12-15 23:34:31,570:INFO:

2018-12-15 23:34:31,627:INFO:The length of 'T4st!ng' is 7
2018-12-15 23:34:31,628:INFO:As a list it looks like this ['T', '4', 's', 't', '!', 'n', 'g']
2018-12-15 23:34:31,628:INFO:The letters in this password are: ['T', 's', 't', 'n', 'g']
2018-12-15 23:34:31,628:INFO:The 'T' was the 1st character
2018-12-15 23:34:31,628:INFO:The 's' was the 3rd character
2018-12-15 23:34:31,628:INFO:The 't' was the 4th character
2018-12-15 23:34:31,628:INFO:The 'n' was the 6th character
2018-12-15 23:34:31,629:INFO:The 'g' was the 7th character
2018-12-15 23:34:31,629:INFO:

2018-12-15 23:34:31,629:INFO:The numbers in this password are: ['4']
2018-12-15 23:34:31,629:INFO:The '4' was the 2nd character
2018-12-15 23:34:31,629:INFO:

2018-12-15 23:34:31,629:INFO:The symbols in this password are: ['!']
2018-12-15 23:34:31,630:INFO:The '!' was the 5th character
2018-12-15 23:34:31,630:INFO:

2018-12-15 23:34:31,691:INFO:The length of 'T4st!ng' is 7
2018-12-15 23:34:31,691:INFO:As a list it looks like this ['T', '4', 's', 't', '!', 'n', 'g']
2018-12-15 23:34:31,692:INFO:The letters in this password are: ['T', 's', 't', 'n', 'g']
2018-12-15 23:34:31,692:INFO:The 'T' was the 1st character
2018-12-15 23:34:31,692:INFO:The 's' was the 3rd character
2018-12-15 23:34:31,692:INFO:The 't' was the 4th character
2018-12-15 23:34:31,692:INFO:The 'n' was the 6th character
2018-12-15 23:34:31,692:INFO:The 'g' was the 7th character
2018-12-15 23:34:31,692:INFO:

2018-12-15 23:34:31,693:INFO:The numbers in this password are: ['4']
2018-12-15 23:34:31,693:INFO:The '4' was the 2nd character
2018-12-15 23:34:31,693:INFO:

2018-12-15 23:34:31,693:INFO:The symbols in this password are: ['!']
2018-12-15 23:34:31,693:INFO:The '!' was the 5th character
2018-12-15 23:34:31,693:INFO:

2018-12-15 23:34:31,751:INFO:The length of 'T4st!ng' is 7
2018-12-15 23:34:31,752:INFO:As a list it looks like this ['T', '4', 's', 't', '!', 'n', 'g']
2018-12-15 23:34:31,752:INFO:The letters in this password are: ['T', 's', 't', 'n', 'g']
2018-12-15 23:34:31,753:INFO:The 'T' was the 1st character
2018-12-15 23:34:31,753:INFO:The 's' was the 3rd character
2018-12-15 23:34:31,753:INFO:The 't' was the 4th character
2018-12-15 23:34:31,753:INFO:The 'n' was the 6th character
2018-12-15 23:34:31,753:INFO:The 'g' was the 7th character
2018-12-15 23:34:31,753:INFO:

2018-12-15 23:34:31,753:INFO:The numbers in this password are: ['4']
2018-12-15 23:34:31,754:INFO:The '4' was the 2nd character
2018-12-15 23:34:31,754:INFO:

2018-12-15 23:34:31,754:INFO:The symbols in this password are: ['!']
2018-12-15 23:34:31,754:INFO:The '!' was the 5th character
2018-12-15 23:34:31,754:INFO:

2018-12-15 23:34:31,885:INFO:The length of 'T4st!ng' is 7
2018-12-15 23:34:31,885:INFO:As a list it looks like this ['T', '4', 's', 't', '!', 'n', 'g']
2018-12-15 23:34:31,886:INFO:The letters in this password are: ['T', 's', 't', 'n', 'g']
2018-12-15 23:34:31,886:INFO:The 'T' was the 1st character
2018-12-15 23:34:31,886:INFO:The 's' was the 3rd character
2018-12-15 23:34:31,886:INFO:The 't' was the 4th character
2018-12-15 23:34:31,886:INFO:The 'n' was the 6th character
2018-12-15 23:34:31,886:INFO:The 'g' was the 7th character
2018-12-15 23:34:31,887:INFO:

2018-12-15 23:34:31,887:INFO:The numbers in this password are: ['4']
2018-12-15 23:34:31,887:INFO:The '4' was the 2nd character
2018-12-15 23:34:31,887:INFO:

2018-12-15 23:34:31,887:INFO:The symbols in this password are: ['!']
2018-12-15 23:34:31,887:INFO:The '!' was the 5th character
2018-12-15 23:34:31,887:INFO:

2018-12-15 23:34:31,944:INFO:The length of 'T4st!ng' is 7
2018-12-15 23:34:31,945:INFO:As a list it looks like this ['T', '4', 's', 't', '!', 'n', 'g']
2018-12-15 23:34:31,945:INFO:The letters in this password are: ['T', 's', 't', 'n', 'g']
2018-12-15 23:34:31,945:INFO:The 'T' was the 1st character
2018-12-15 23:34:31,945:INFO:The 's' was the 3rd character
2018-12-15 23:34:31,946:INFO:The 't' was the 4th character
2018-12-15 23:34:31,946:INFO:The 'n' was the 6th character
2018-12-15 23:34:31,946:INFO:The 'g' was the 7th character
2018-12-15 23:34:31,946:INFO:

2018-12-15 23:34:31,946:INFO:The numbers in this password are: ['4']
2018-12-15 23:34:31,947:INFO:The '4' was the 2nd character
2018-12-15 23:34:31,947:INFO:

2018-12-15 23:34:31,947:INFO:The symbols in this password are: ['!']
2018-12-15 23:34:31,947:INFO:The '!' was the 5th character
2018-12-15 23:34:31,947:INFO:

2018-12-15 23:34:32,010:INFO:The length of 'T4st!ng' is 7
2018-12-15 23:34:32,010:INFO:As a list it looks like this ['T', '4', 's', 't', '!', 'n', 'g']
2018-12-15 23:34:32,010:INFO:The letters in this password are: ['T', 's', 't', 'n', 'g']
2018-12-15 23:34:32,011:INFO:The 'T' was the 1st character
2018-12-15 23:34:32,011:INFO:The 's' was the 3rd character
2018-12-15 23:34:32,011:INFO:The 't' was the 4th character
2018-12-15 23:34:32,011:INFO:The 'n' was the 6th character
2018-12-15 23:34:32,012:INFO:The 'g' was the 7th character
2018-12-15 23:34:32,012:INFO:

2018-12-15 23:34:32,012:INFO:The numbers in this password are: ['4']
2018-12-15 23:34:32,012:INFO:The '4' was the 2nd character
2018-12-15 23:34:32,012:INFO:

2018-12-15 23:34:32,013:INFO:The symbols in this password are: ['!']
2018-12-15 23:34:32,013:INFO:The '!' was the 5th character
2018-12-15 23:34:32,013:INFO:

2018-12-15 23:34:32,076:INFO:The length of 'T4st!ng' is 7
2018-12-15 23:34:32,076:INFO:As a list it looks like this ['T', '4', 's', 't', '!', 'n', 'g']
2018-12-15 23:34:32,076:INFO:The letters in this password are: ['T', 's', 't', 'n', 'g']
2018-12-15 23:34:32,076:INFO:The 'T' was the 1st character
2018-12-15 23:34:32,077:INFO:The 's' was the 3rd character
2018-12-15 23:34:32,077:INFO:The 't' was the 4th character
2018-12-15 23:34:32,077:INFO:The 'n' was the 6th character
2018-12-15 23:34:32,077:INFO:The 'g' was the 7th character
2018-12-15 23:34:32,077:INFO:

2018-12-15 23:34:32,077:INFO:The numbers in this password are: ['4']
2018-12-15 23:34:32,077:INFO:The '4' was the 2nd character
2018-12-15 23:34:32,077:INFO:

2018-12-15 23:34:32,078:INFO:The symbols in this password are: ['!']
2018-12-15 23:34:32,078:INFO:The '!' was the 5th character
2018-12-15 23:34:32,078:INFO:

2018-12-15 23:34:32,137:INFO:The length of 'T4st!ng' is 7
2018-12-15 23:34:32,138:INFO:As a list it looks like this ['T', '4', 's', 't', '!', 'n', 'g']
2018-12-15 23:34:32,138:INFO:The letters in this password are: ['T', 's', 't', 'n', 'g']
2018-12-15 23:34:32,138:INFO:The 'T' was the 1st character
2018-12-15 23:34:32,138:INFO:The 's' was the 3rd character
2018-12-15 23:34:32,138:INFO:The 't' was the 4th character
2018-12-15 23:34:32,139:INFO:The 'n' was the 6th character
2018-12-15 23:34:32,139:INFO:The 'g' was the 7th character
2018-12-15 23:34:32,139:INFO:

2018-12-15 23:34:32,139:INFO:The numbers in this password are: ['4']
2018-12-15 23:34:32,139:INFO:The '4' was the 2nd character
2018-12-15 23:34:32,139:INFO:

2018-12-15 23:34:32,140:INFO:The symbols in this password are: ['!']
2018-12-15 23:34:32,140:INFO:The '!' was the 5th character
2018-12-15 23:34:32,140:INFO:

2018-12-15 23:34:32,200:INFO:The length of 'T4st!ng' is 7
2018-12-15 23:34:32,201:INFO:As a list it looks like this ['T', '4', 's', 't', '!', 'n', 'g']
2018-12-15 23:34:32,201:INFO:The letters in this password are: ['T', 's', 't', 'n', 'g']
2018-12-15 23:34:32,201:INFO:The 'T' was the 1st character
2018-12-15 23:34:32,201:INFO:The 's' was the 3rd character
2018-12-15 23:34:32,202:INFO:The 't' was the 4th character
2018-12-15 23:34:32,202:INFO:The 'n' was the 6th character
2018-12-15 23:34:32,202:INFO:The 'g' was the 7th character
2018-12-15 23:34:32,202:INFO:

2018-12-15 23:34:32,202:INFO:The numbers in this password are: ['4']
2018-12-15 23:34:32,203:INFO:The '4' was the 2nd character
2018-12-15 23:34:32,203:INFO:

2018-12-15 23:34:32,203:INFO:The symbols in this password are: ['!']
2018-12-15 23:34:32,203:INFO:The '!' was the 5th character
2018-12-15 23:34:32,203:INFO:

2018-12-15 23:34:32,260:INFO:The length of 'T4st!ng' is 7
2018-12-15 23:34:32,261:INFO:As a list it looks like this ['T', '4', 's', 't', '!', 'n', 'g']
2018-12-15 23:34:32,261:INFO:The letters in this password are: ['T', 's', 't', 'n', 'g']
2018-12-15 23:34:32,262:INFO:The 'T' was the 1st character
2018-12-15 23:34:32,262:INFO:The 's' was the 3rd character
2018-12-15 23:34:32,262:INFO:The 't' was the 4th character
2018-12-15 23:34:32,262:INFO:The 'n' was the 6th character
2018-12-15 23:34:32,262:INFO:The 'g' was the 7th character
2018-12-15 23:34:32,262:INFO:

2018-12-15 23:34:32,263:INFO:The numbers in this password are: ['4']
2018-12-15 23:34:32,263:INFO:The '4' was the 2nd character
2018-12-15 23:34:32,263:INFO:

2018-12-15 23:34:32,263:INFO:The symbols in this password are: ['!']
2018-12-15 23:34:32,263:INFO:The '!' was the 5th character
2018-12-15 23:34:32,264:INFO:

2018-12-15 23:34:32,323:INFO:The length of 'T4st!ng' is 7
2018-12-15 23:34:32,324:INFO:As a list it looks like this ['T', '4', 's', 't', '!', 'n', 'g']
2018-12-15 23:34:32,324:INFO:The letters in this password are: ['T', 's', 't', 'n', 'g']
2018-12-15 23:34:32,324:INFO:The 'T' was the 1st character
2018-12-15 23:34:32,324:INFO:The 's' was the 3rd character
2018-12-15 23:34:32,325:INFO:The 't' was the 4th character
2018-12-15 23:34:32,325:INFO:The 'n' was the 6th character
2018-12-15 23:34:32,325:INFO:The 'g' was the 7th character
2018-12-15 23:34:32,325:INFO:

2018-12-15 23:34:32,325:INFO:The numbers in this password are: ['4']
2018-12-15 23:34:32,325:INFO:The '4' was the 2nd character
2018-12-15 23:34:32,325:INFO:

2018-12-15 23:34:32,325:INFO:The symbols in this password are: ['!']
2018-12-15 23:34:32,325:INFO:The '!' was the 5th character
2018-12-15 23:34:32,326:INFO:

2018-12-15 23:34:32,390:INFO:The length of 'T4st!ng' is 7
2018-12-15 23:34:32,391:INFO:As a list it looks like this ['T', '4', 's', 't', '!', 'n', 'g']
2018-12-15 23:34:32,391:INFO:The letters in this password are: ['T', 's', 't', 'n', 'g']
2018-12-15 23:34:32,391:INFO:The 'T' was the 1st character
2018-12-15 23:34:32,391:INFO:The 's' was the 3rd character
2018-12-15 23:34:32,391:INFO:The 't' was the 4th character
2018-12-15 23:34:32,392:INFO:The 'n' was the 6th character
2018-12-15 23:34:32,392:INFO:The 'g' was the 7th character
2018-12-15 23:34:32,392:INFO:

2018-12-15 23:34:32,392:INFO:The numbers in this password are: ['4']
2018-12-15 23:34:32,392:INFO:The '4' was the 2nd character
2018-12-15 23:34:32,392:INFO:

2018-12-15 23:34:32,392:INFO:The symbols in this password are: ['!']
2018-12-15 23:34:32,392:INFO:The '!' was the 5th character
2018-12-15 23:34:32,392:INFO:

2018-12-15 23:34:32,456:INFO:The length of 'T4st!ng' is 7
2018-12-15 23:34:32,457:INFO:As a list it looks like this ['T', '4', 's', 't', '!', 'n', 'g']
2018-12-15 23:34:32,457:INFO:The letters in this password are: ['T', 's', 't', 'n', 'g']
2018-12-15 23:34:32,457:INFO:The 'T' was the 1st character
2018-12-15 23:34:32,457:INFO:The 's' was the 3rd character
2018-12-15 23:34:32,458:INFO:The 't' was the 4th character
2018-12-15 23:34:32,458:INFO:The 'n' was the 6th character
2018-12-15 23:34:32,458:INFO:The 'g' was the 7th character
2018-12-15 23:34:32,458:INFO:

2018-12-15 23:34:32,458:INFO:The numbers in this password are: ['4']
2018-12-15 23:34:32,458:INFO:The '4' was the 2nd character
2018-12-15 23:34:32,458:INFO:

2018-12-15 23:34:32,459:INFO:The symbols in this password are: ['!']
2018-12-15 23:34:32,459:INFO:The '!' was the 5th character
2018-12-15 23:34:32,459:INFO:

2018-12-15 23:34:32,530:INFO:The length of 'T4st!ng' is 7
2018-12-15 23:34:32,531:INFO:As a list it looks like this ['T', '4', 's', 't', '!', 'n', 'g']
2018-12-15 23:34:32,531:INFO:The letters in this password are: ['T', 's', 't', 'n', 'g']
2018-12-15 23:34:32,532:INFO:The 'T' was the 1st character
2018-12-15 23:34:32,532:INFO:The 's' was the 3rd character
2018-12-15 23:34:32,532:INFO:The 't' was the 4th character
2018-12-15 23:34:32,533:INFO:The 'n' was the 6th character
2018-12-15 23:34:32,533:INFO:The 'g' was the 7th character
2018-12-15 23:34:32,533:INFO:

2018-12-15 23:34:32,533:INFO:The numbers in this password are: ['4']
2018-12-15 23:34:32,533:INFO:The '4' was the 2nd character
2018-12-15 23:34:32,533:INFO:

2018-12-15 23:34:32,533:INFO:The symbols in this password are: ['!']
2018-12-15 23:34:32,534:INFO:The '!' was the 5th character
2018-12-15 23:34:32,534:INFO:

2018-12-15 23:34:32,606:INFO:The length of 'T4st!ng' is 7
2018-12-15 23:34:32,606:INFO:As a list it looks like this ['T', '4', 's', 't', '!', 'n', 'g']
2018-12-15 23:34:32,606:INFO:The letters in this password are: ['T', 's', 't', 'n', 'g']
2018-12-15 23:34:32,607:INFO:The 'T' was the 1st character
2018-12-15 23:34:32,607:INFO:The 's' was the 3rd character
2018-12-15 23:34:32,607:INFO:The 't' was the 4th character
2018-12-15 23:34:32,607:INFO:The 'n' was the 6th character
2018-12-15 23:34:32,607:INFO:The 'g' was the 7th character
2018-12-15 23:34:32,608:INFO:

2018-12-15 23:34:32,608:INFO:The numbers in this password are: ['4']
2018-12-15 23:34:32,608:INFO:The '4' was the 2nd character
2018-12-15 23:34:32,608:INFO:

2018-12-15 23:34:32,608:INFO:The symbols in this password are: ['!']
2018-12-15 23:34:32,608:INFO:The '!' was the 5th character
2018-12-15 23:34:32,609:INFO:

2018-12-15 23:34:32,678:INFO:The length of 'T4st!ng' is 7
2018-12-15 23:34:32,678:INFO:As a list it looks like this ['T', '4', 's', 't', '!', 'n', 'g']
2018-12-15 23:34:32,678:INFO:The letters in this password are: ['T', 's', 't', 'n', 'g']
2018-12-15 23:34:32,679:INFO:The 'T' was the 1st character
2018-12-15 23:34:32,679:INFO:The 's' was the 3rd character
2018-12-15 23:34:32,679:INFO:The 't' was the 4th character
2018-12-15 23:34:32,679:INFO:The 'n' was the 6th character
2018-12-15 23:34:32,679:INFO:The 'g' was the 7th character
2018-12-15 23:34:32,680:INFO:

2018-12-15 23:34:32,680:INFO:The numbers in this password are: ['4']
2018-12-15 23:34:32,680:INFO:The '4' was the 2nd character
2018-12-15 23:34:32,680:INFO:

2018-12-15 23:34:32,680:INFO:The symbols in this password are: ['!']
2018-12-15 23:34:32,680:INFO:The '!' was the 5th character
2018-12-15 23:34:32,680:INFO:

2018-12-15 23:34:32,739:INFO:The length of 'T4st!ng' is 7
2018-12-15 23:34:32,740:INFO:As a list it looks like this ['T', '4', 's', 't', '!', 'n', 'g']
2018-12-15 23:34:32,740:INFO:The letters in this password are: ['T', 's', 't', 'n', 'g']
2018-12-15 23:34:32,740:INFO:The 'T' was the 1st character
2018-12-15 23:34:32,740:INFO:The 's' was the 3rd character
2018-12-15 23:34:32,741:INFO:The 't' was the 4th character
2018-12-15 23:34:32,741:INFO:The 'n' was the 6th character
2018-12-15 23:34:32,741:INFO:The 'g' was the 7th character
2018-12-15 23:34:32,741:INFO:

2018-12-15 23:34:32,741:INFO:The numbers in this password are: ['4']
2018-12-15 23:34:32,741:INFO:The '4' was the 2nd character
2018-12-15 23:34:32,741:INFO:

2018-12-15 23:34:32,741:INFO:The symbols in this password are: ['!']
2018-12-15 23:34:32,742:INFO:The '!' was the 5th character
2018-12-15 23:34:32,742:INFO:

2018-12-15 23:34:32,800:INFO:The length of 'T4st!ng' is 7
2018-12-15 23:34:32,800:INFO:As a list it looks like this ['T', '4', 's', 't', '!', 'n', 'g']
2018-12-15 23:34:32,800:INFO:The letters in this password are: ['T', 's', 't', 'n', 'g']
2018-12-15 23:34:32,800:INFO:The 'T' was the 1st character
2018-12-15 23:34:32,800:INFO:The 's' was the 3rd character
2018-12-15 23:34:32,801:INFO:The 't' was the 4th character
2018-12-15 23:34:32,801:INFO:The 'n' was the 6th character
2018-12-15 23:34:32,801:INFO:The 'g' was the 7th character
2018-12-15 23:34:32,801:INFO:

2018-12-15 23:34:32,801:INFO:The numbers in this password are: ['4']
2018-12-15 23:34:32,801:INFO:The '4' was the 2nd character
2018-12-15 23:34:32,801:INFO:

2018-12-15 23:34:32,801:INFO:The symbols in this password are: ['!']
2018-12-15 23:34:32,802:INFO:The '!' was the 5th character
2018-12-15 23:34:32,802:INFO:

2018-12-15 23:34:32,860:INFO:The length of 'T4st!ng' is 7
2018-12-15 23:34:32,861:INFO:As a list it looks like this ['T', '4', 's', 't', '!', 'n', 'g']
2018-12-15 23:34:32,861:INFO:The letters in this password are: ['T', 's', 't', 'n', 'g']
2018-12-15 23:34:32,861:INFO:The 'T' was the 1st character
2018-12-15 23:34:32,861:INFO:The 's' was the 3rd character
2018-12-15 23:34:32,862:INFO:The 't' was the 4th character
2018-12-15 23:34:32,862:INFO:The 'n' was the 6th character
2018-12-15 23:34:32,862:INFO:The 'g' was the 7th character
2018-12-15 23:34:32,862:INFO:

2018-12-15 23:34:32,862:INFO:The numbers in this password are: ['4']
2018-12-15 23:34:32,862:INFO:The '4' was the 2nd character
2018-12-15 23:34:32,862:INFO:

2018-12-15 23:34:32,862:INFO:The symbols in this password are: ['!']
2018-12-15 23:34:32,863:INFO:The '!' was the 5th character
2018-12-15 23:34:32,863:INFO:

2018-12-15 23:34:32,919:INFO:The length of 'T4st!ng' is 7
2018-12-15 23:34:32,919:INFO:As a list it looks like this ['T', '4', 's', 't', '!', 'n', 'g']
2018-12-15 23:34:32,920:INFO:The letters in this password are: ['T', 's', 't', 'n', 'g']
2018-12-15 23:34:32,920:INFO:The 'T' was the 1st character
2018-12-15 23:34:32,920:INFO:The 's' was the 3rd character
2018-12-15 23:34:32,920:INFO:The 't' was the 4th character
2018-12-15 23:34:32,920:INFO:The 'n' was the 6th character
2018-12-15 23:34:32,921:INFO:The 'g' was the 7th character
2018-12-15 23:34:32,921:INFO:

2018-12-15 23:34:32,921:INFO:The numbers in this password are: ['4']
2018-12-15 23:34:32,921:INFO:The '4' was the 2nd character
2018-12-15 23:34:32,921:INFO:

2018-12-15 23:34:32,921:INFO:The symbols in this password are: ['!']
2018-12-15 23:34:32,921:INFO:The '!' was the 5th character
2018-12-15 23:34:32,921:INFO:

2018-12-15 23:34:32,984:INFO:The length of 'T4st!ng' is 7
2018-12-15 23:34:32,985:INFO:As a list it looks like this ['T', '4', 's', 't', '!', 'n', 'g']
2018-12-15 23:34:32,985:INFO:The letters in this password are: ['T', 's', 't', 'n', 'g']
2018-12-15 23:34:32,985:INFO:The 'T' was the 1st character
2018-12-15 23:34:32,985:INFO:The 's' was the 3rd character
2018-12-15 23:34:32,986:INFO:The 't' was the 4th character
2018-12-15 23:34:32,986:INFO:The 'n' was the 6th character
2018-12-15 23:34:32,986:INFO:The 'g' was the 7th character
2018-12-15 23:34:32,986:INFO:

2018-12-15 23:34:32,986:INFO:The numbers in this password are: ['4']
2018-12-15 23:34:32,986:INFO:The '4' was the 2nd character
2018-12-15 23:34:32,986:INFO:

2018-12-15 23:34:32,986:INFO:The symbols in this password are: ['!']
2018-12-15 23:34:32,987:INFO:The '!' was the 5th character
2018-12-15 23:34:32,987:INFO:

2018-12-15 23:34:33,047:INFO:The length of 'T4st!ng' is 7
2018-12-15 23:34:33,048:INFO:As a list it looks like this ['T', '4', 's', 't', '!', 'n', 'g']
2018-12-15 23:34:33,048:INFO:The letters in this password are: ['T', 's', 't', 'n', 'g']
2018-12-15 23:34:33,048:INFO:The 'T' was the 1st character
2018-12-15 23:34:33,048:INFO:The 's' was the 3rd character
2018-12-15 23:34:33,049:INFO:The 't' was the 4th character
2018-12-15 23:34:33,049:INFO:The 'n' was the 6th character
2018-12-15 23:34:33,049:INFO:The 'g' was the 7th character
2018-12-15 23:34:33,049:INFO:

2018-12-15 23:34:33,049:INFO:The numbers in this password are: ['4']
2018-12-15 23:34:33,049:INFO:The '4' was the 2nd character
2018-12-15 23:34:33,050:INFO:

2018-12-15 23:34:33,050:INFO:The symbols in this password are: ['!']
2018-12-15 23:34:33,050:INFO:The '!' was the 5th character
2018-12-15 23:34:33,050:INFO:

2018-12-15 23:34:33,109:INFO:The length of 'T4st!ng' is 7
2018-12-15 23:34:33,109:INFO:As a list it looks like this ['T', '4', 's', 't', '!', 'n', 'g']
2018-12-15 23:34:33,109:INFO:The letters in this password are: ['T', 's', 't', 'n', 'g']
2018-12-15 23:34:33,110:INFO:The 'T' was the 1st character
2018-12-15 23:34:33,110:INFO:The 's' was the 3rd character
2018-12-15 23:34:33,110:INFO:The 't' was the 4th character
2018-12-15 23:34:33,110:INFO:The 'n' was the 6th character
2018-12-15 23:34:33,110:INFO:The 'g' was the 7th character
2018-12-15 23:34:33,110:INFO:

2018-12-15 23:34:33,110:INFO:The numbers in this password are: ['4']
2018-12-15 23:34:33,110:INFO:The '4' was the 2nd character
2018-12-15 23:34:33,111:INFO:

2018-12-15 23:34:33,111:INFO:The symbols in this password are: ['!']
2018-12-15 23:34:33,111:INFO:The '!' was the 5th character
2018-12-15 23:34:33,111:INFO:

2018-12-15 23:34:33,171:INFO:The length of 'T4st!ng' is 7
2018-12-15 23:34:33,171:INFO:As a list it looks like this ['T', '4', 's', 't', '!', 'n', 'g']
2018-12-15 23:34:33,171:INFO:The letters in this password are: ['T', 's', 't', 'n', 'g']
2018-12-15 23:34:33,171:INFO:The 'T' was the 1st character
2018-12-15 23:34:33,172:INFO:The 's' was the 3rd character
2018-12-15 23:34:33,172:INFO:The 't' was the 4th character
2018-12-15 23:34:33,172:INFO:The 'n' was the 6th character
2018-12-15 23:34:33,172:INFO:The 'g' was the 7th character
2018-12-15 23:34:33,172:INFO:

2018-12-15 23:34:33,172:INFO:The numbers in this password are: ['4']
2018-12-15 23:34:33,173:INFO:The '4' was the 2nd character
2018-12-15 23:34:33,173:INFO:

2018-12-15 23:34:33,173:INFO:The symbols in this password are: ['!']
2018-12-15 23:34:33,173:INFO:The '!' was the 5th character
2018-12-15 23:34:33,173:INFO:

2018-12-15 23:34:33,229:INFO:The length of 'T4st!ng' is 7
2018-12-15 23:34:33,230:INFO:As a list it looks like this ['T', '4', 's', 't', '!', 'n', 'g']
2018-12-15 23:34:33,230:INFO:The letters in this password are: ['T', 's', 't', 'n', 'g']
2018-12-15 23:34:33,231:INFO:The 'T' was the 1st character
2018-12-15 23:34:33,231:INFO:The 's' was the 3rd character
2018-12-15 23:34:33,231:INFO:The 't' was the 4th character
2018-12-15 23:34:33,231:INFO:The 'n' was the 6th character
2018-12-15 23:34:33,231:INFO:The 'g' was the 7th character
2018-12-15 23:34:33,231:INFO:

2018-12-15 23:34:33,231:INFO:The numbers in this password are: ['4']
2018-12-15 23:34:33,231:INFO:The '4' was the 2nd character
2018-12-15 23:34:33,232:INFO:

2018-12-15 23:34:33,232:INFO:The symbols in this password are: ['!']
2018-12-15 23:34:33,232:INFO:The '!' was the 5th character
2018-12-15 23:34:33,232:INFO:

2018-12-15 23:34:33,289:INFO:The length of 'T4st!ng' is 7
2018-12-15 23:34:33,290:INFO:As a list it looks like this ['T', '4', 's', 't', '!', 'n', 'g']
2018-12-15 23:34:33,290:INFO:The letters in this password are: ['T', 's', 't', 'n', 'g']
2018-12-15 23:34:33,290:INFO:The 'T' was the 1st character
2018-12-15 23:34:33,290:INFO:The 's' was the 3rd character
2018-12-15 23:34:33,290:INFO:The 't' was the 4th character
2018-12-15 23:34:33,290:INFO:The 'n' was the 6th character
2018-12-15 23:34:33,290:INFO:The 'g' was the 7th character
2018-12-15 23:34:33,290:INFO:

2018-12-15 23:34:33,291:INFO:The numbers in this password are: ['4']
2018-12-15 23:34:33,291:INFO:The '4' was the 2nd character
2018-12-15 23:34:33,291:INFO:

2018-12-15 23:34:33,291:INFO:The symbols in this password are: ['!']
2018-12-15 23:34:33,291:INFO:The '!' was the 5th character
2018-12-15 23:34:33,291:INFO:

2018-12-15 23:34:33,351:INFO:The length of 'T4st!ng' is 7
2018-12-15 23:34:33,352:INFO:As a list it looks like this ['T', '4', 's', 't', '!', 'n', 'g']
2018-12-15 23:34:33,352:INFO:The letters in this password are: ['T', 's', 't', 'n', 'g']
2018-12-15 23:34:33,352:INFO:The 'T' was the 1st character
2018-12-15 23:34:33,352:INFO:The 's' was the 3rd character
2018-12-15 23:34:33,352:INFO:The 't' was the 4th character
2018-12-15 23:34:33,353:INFO:The 'n' was the 6th character
2018-12-15 23:34:33,353:INFO:The 'g' was the 7th character
2018-12-15 23:34:33,353:INFO:

2018-12-15 23:34:33,353:INFO:The numbers in this password are: ['4']
2018-12-15 23:34:33,353:INFO:The '4' was the 2nd character
2018-12-15 23:34:33,353:INFO:

2018-12-15 23:34:33,353:INFO:The symbols in this password are: ['!']
2018-12-15 23:34:33,353:INFO:The '!' was the 5th character
2018-12-15 23:34:33,354:INFO:

2018-12-15 23:34:33,411:INFO:The length of 'T4st!ng' is 7
2018-12-15 23:34:33,412:INFO:As a list it looks like this ['T', '4', 's', 't', '!', 'n', 'g']
2018-12-15 23:34:33,412:INFO:The letters in this password are: ['T', 's', 't', 'n', 'g']
2018-12-15 23:34:33,412:INFO:The 'T' was the 1st character
2018-12-15 23:34:33,412:INFO:The 's' was the 3rd character
2018-12-15 23:34:33,413:INFO:The 't' was the 4th character
2018-12-15 23:34:33,413:INFO:The 'n' was the 6th character
2018-12-15 23:34:33,413:INFO:The 'g' was the 7th character
2018-12-15 23:34:33,413:INFO:

2018-12-15 23:34:33,413:INFO:The numbers in this password are: ['4']
2018-12-15 23:34:33,413:INFO:The '4' was the 2nd character
2018-12-15 23:34:33,413:INFO:

2018-12-15 23:34:33,413:INFO:The symbols in this password are: ['!']
2018-12-15 23:34:33,414:INFO:The '!' was the 5th character
2018-12-15 23:34:33,414:INFO:

2018-12-15 23:34:33,472:INFO:The length of 'T4st!ng' is 7
2018-12-15 23:34:33,473:INFO:As a list it looks like this ['T', '4', 's', 't', '!', 'n', 'g']
2018-12-15 23:34:33,473:INFO:The letters in this password are: ['T', 's', 't', 'n', 'g']
2018-12-15 23:34:33,473:INFO:The 'T' was the 1st character
2018-12-15 23:34:33,473:INFO:The 's' was the 3rd character
2018-12-15 23:34:33,474:INFO:The 't' was the 4th character
2018-12-15 23:34:33,474:INFO:The 'n' was the 6th character
2018-12-15 23:34:33,474:INFO:The 'g' was the 7th character
2018-12-15 23:34:33,474:INFO:

2018-12-15 23:34:33,474:INFO:The numbers in this password are: ['4']
2018-12-15 23:34:33,474:INFO:The '4' was the 2nd character
2018-12-15 23:34:33,474:INFO:

2018-12-15 23:34:33,474:INFO:The symbols in this password are: ['!']
2018-12-15 23:34:33,474:INFO:The '!' was the 5th character
2018-12-15 23:34:33,475:INFO:

2018-12-15 23:34:33,534:INFO:The length of 'T4st!ng' is 7
2018-12-15 23:34:33,534:INFO:As a list it looks like this ['T', '4', 's', 't', '!', 'n', 'g']
2018-12-15 23:34:33,534:INFO:The letters in this password are: ['T', 's', 't', 'n', 'g']
2018-12-15 23:34:33,534:INFO:The 'T' was the 1st character
2018-12-15 23:34:33,534:INFO:The 's' was the 3rd character
2018-12-15 23:34:33,535:INFO:The 't' was the 4th character
2018-12-15 23:34:33,535:INFO:The 'n' was the 6th character
2018-12-15 23:34:33,535:INFO:The 'g' was the 7th character
2018-12-15 23:34:33,535:INFO:

2018-12-15 23:34:33,535:INFO:The numbers in this password are: ['4']
2018-12-15 23:34:33,535:INFO:The '4' was the 2nd character
2018-12-15 23:34:33,536:INFO:

2018-12-15 23:34:33,536:INFO:The symbols in this password are: ['!']
2018-12-15 23:34:33,536:INFO:The '!' was the 5th character
2018-12-15 23:34:33,536:INFO:

2018-12-15 23:34:33,595:INFO:The length of 'T4st!ng' is 7
2018-12-15 23:34:33,596:INFO:As a list it looks like this ['T', '4', 's', 't', '!', 'n', 'g']
2018-12-15 23:34:33,596:INFO:The letters in this password are: ['T', 's', 't', 'n', 'g']
2018-12-15 23:34:33,596:INFO:The 'T' was the 1st character
2018-12-15 23:34:33,596:INFO:The 's' was the 3rd character
2018-12-15 23:34:33,597:INFO:The 't' was the 4th character
2018-12-15 23:34:33,597:INFO:The 'n' was the 6th character
2018-12-15 23:34:33,597:INFO:The 'g' was the 7th character
2018-12-15 23:34:33,597:INFO:

2018-12-15 23:34:33,597:INFO:The numbers in this password are: ['4']
2018-12-15 23:34:33,597:INFO:The '4' was the 2nd character
2018-12-15 23:34:33,597:INFO:

2018-12-15 23:34:33,597:INFO:The symbols in this password are: ['!']
2018-12-15 23:34:33,598:INFO:The '!' was the 5th character
2018-12-15 23:34:33,598:INFO:

2018-12-15 23:34:33,660:INFO:The length of 'T4st!ng' is 7
2018-12-15 23:34:33,660:INFO:As a list it looks like this ['T', '4', 's', 't', '!', 'n', 'g']
2018-12-15 23:34:33,661:INFO:The letters in this password are: ['T', 's', 't', 'n', 'g']
2018-12-15 23:34:33,661:INFO:The 'T' was the 1st character
2018-12-15 23:34:33,661:INFO:The 's' was the 3rd character
2018-12-15 23:34:33,661:INFO:The 't' was the 4th character
2018-12-15 23:34:33,661:INFO:The 'n' was the 6th character
2018-12-15 23:34:33,661:INFO:The 'g' was the 7th character
2018-12-15 23:34:33,661:INFO:

2018-12-15 23:34:33,661:INFO:The numbers in this password are: ['4']
2018-12-15 23:34:33,662:INFO:The '4' was the 2nd character
2018-12-15 23:34:33,662:INFO:

2018-12-15 23:34:33,662:INFO:The symbols in this password are: ['!']
2018-12-15 23:34:33,662:INFO:The '!' was the 5th character
2018-12-15 23:34:33,662:INFO:

2018-12-15 23:34:33,725:INFO:The length of 'T4st!ng' is 7
2018-12-15 23:34:33,725:INFO:As a list it looks like this ['T', '4', 's', 't', '!', 'n', 'g']
2018-12-15 23:34:33,725:INFO:The letters in this password are: ['T', 's', 't', 'n', 'g']
2018-12-15 23:34:33,726:INFO:The 'T' was the 1st character
2018-12-15 23:34:33,726:INFO:The 's' was the 3rd character
2018-12-15 23:34:33,726:INFO:The 't' was the 4th character
2018-12-15 23:34:33,726:INFO:The 'n' was the 6th character
2018-12-15 23:34:33,726:INFO:The 'g' was the 7th character
2018-12-15 23:34:33,726:INFO:

2018-12-15 23:34:33,726:INFO:The numbers in this password are: ['4']
2018-12-15 23:34:33,727:INFO:The '4' was the 2nd character
2018-12-15 23:34:33,727:INFO:

2018-12-15 23:34:33,727:INFO:The symbols in this password are: ['!']
2018-12-15 23:34:33,727:INFO:The '!' was the 5th character
2018-12-15 23:34:33,727:INFO:

2018-12-15 23:34:33,790:INFO:The length of 'T4st!ng' is 7
2018-12-15 23:34:33,791:INFO:As a list it looks like this ['T', '4', 's', 't', '!', 'n', 'g']
2018-12-15 23:34:33,791:INFO:The letters in this password are: ['T', 's', 't', 'n', 'g']
2018-12-15 23:34:33,791:INFO:The 'T' was the 1st character
2018-12-15 23:34:33,791:INFO:The 's' was the 3rd character
2018-12-15 23:34:33,791:INFO:The 't' was the 4th character
2018-12-15 23:34:33,791:INFO:The 'n' was the 6th character
2018-12-15 23:34:33,791:INFO:The 'g' was the 7th character
2018-12-15 23:34:33,792:INFO:

2018-12-15 23:34:33,792:INFO:The numbers in this password are: ['4']
2018-12-15 23:34:33,792:INFO:The '4' was the 2nd character
2018-12-15 23:34:33,792:INFO:

2018-12-15 23:34:33,792:INFO:The symbols in this password are: ['!']
2018-12-15 23:34:33,792:INFO:The '!' was the 5th character
2018-12-15 23:34:33,793:INFO:

2018-12-15 23:34:33,851:INFO:The length of 'T4st!ng' is 7
2018-12-15 23:34:33,851:INFO:As a list it looks like this ['T', '4', 's', 't', '!', 'n', 'g']
2018-12-15 23:34:33,852:INFO:The letters in this password are: ['T', 's', 't', 'n', 'g']
2018-12-15 23:34:33,852:INFO:The 'T' was the 1st character
2018-12-15 23:34:33,852:INFO:The 's' was the 3rd character
2018-12-15 23:34:33,852:INFO:The 't' was the 4th character
2018-12-15 23:34:33,852:INFO:The 'n' was the 6th character
2018-12-15 23:34:33,852:INFO:The 'g' was the 7th character
2018-12-15 23:34:33,853:INFO:

2018-12-15 23:34:33,853:INFO:The numbers in this password are: ['4']
2018-12-15 23:34:33,853:INFO:The '4' was the 2nd character
2018-12-15 23:34:33,853:INFO:

2018-12-15 23:34:33,853:INFO:The symbols in this password are: ['!']
2018-12-15 23:34:33,853:INFO:The '!' was the 5th character
2018-12-15 23:34:33,853:INFO:

2018-12-15 23:34:33,910:INFO:The length of 'T4st!ng' is 7
2018-12-15 23:34:33,911:INFO:As a list it looks like this ['T', '4', 's', 't', '!', 'n', 'g']
2018-12-15 23:34:33,911:INFO:The letters in this password are: ['T', 's', 't', 'n', 'g']
2018-12-15 23:34:33,911:INFO:The 'T' was the 1st character
2018-12-15 23:34:33,911:INFO:The 's' was the 3rd character
2018-12-15 23:34:33,911:INFO:The 't' was the 4th character
2018-12-15 23:34:33,911:INFO:The 'n' was the 6th character
2018-12-15 23:34:33,911:INFO:The 'g' was the 7th character
2018-12-15 23:34:33,912:INFO:

2018-12-15 23:34:33,912:INFO:The numbers in this password are: ['4']
2018-12-15 23:34:33,912:INFO:The '4' was the 2nd character
2018-12-15 23:34:33,912:INFO:

2018-12-15 23:34:33,912:INFO:The symbols in this password are: ['!']
2018-12-15 23:34:33,912:INFO:The '!' was the 5th character
2018-12-15 23:34:33,912:INFO:

2018-12-15 23:34:33,974:INFO:The length of 'T4st!ng' is 7
2018-12-15 23:34:33,974:INFO:As a list it looks like this ['T', '4', 's', 't', '!', 'n', 'g']
2018-12-15 23:34:33,974:INFO:The letters in this password are: ['T', 's', 't', 'n', 'g']
2018-12-15 23:34:33,974:INFO:The 'T' was the 1st character
2018-12-15 23:34:33,974:INFO:The 's' was the 3rd character
2018-12-15 23:34:33,975:INFO:The 't' was the 4th character
2018-12-15 23:34:33,975:INFO:The 'n' was the 6th character
2018-12-15 23:34:33,975:INFO:The 'g' was the 7th character
2018-12-15 23:34:33,975:INFO:

2018-12-15 23:34:33,975:INFO:The numbers in this password are: ['4']
2018-12-15 23:34:33,975:INFO:The '4' was the 2nd character
2018-12-15 23:34:33,975:INFO:

2018-12-15 23:34:33,976:INFO:The symbols in this password are: ['!']
2018-12-15 23:34:33,976:INFO:The '!' was the 5th character
2018-12-15 23:34:33,976:INFO:

2018-12-15 23:34:34,036:INFO:The length of 'T4st!ng' is 7
2018-12-15 23:34:34,036:INFO:As a list it looks like this ['T', '4', 's', 't', '!', 'n', 'g']
2018-12-15 23:34:34,036:INFO:The letters in this password are: ['T', 's', 't', 'n', 'g']
2018-12-15 23:34:34,037:INFO:The 'T' was the 1st character
2018-12-15 23:34:34,037:INFO:The 's' was the 3rd character
2018-12-15 23:34:34,037:INFO:The 't' was the 4th character
2018-12-15 23:34:34,037:INFO:The 'n' was the 6th character
2018-12-15 23:34:34,037:INFO:The 'g' was the 7th character
2018-12-15 23:34:34,037:INFO:

2018-12-15 23:34:34,037:INFO:The numbers in this password are: ['4']
2018-12-15 23:34:34,037:INFO:The '4' was the 2nd character
2018-12-15 23:34:34,038:INFO:

2018-12-15 23:34:34,038:INFO:The symbols in this password are: ['!']
2018-12-15 23:34:34,038:INFO:The '!' was the 5th character
2018-12-15 23:34:34,038:INFO:

2018-12-15 23:34:34,098:INFO:The length of 'T4st!ng' is 7
2018-12-15 23:34:34,099:INFO:As a list it looks like this ['T', '4', 's', 't', '!', 'n', 'g']
2018-12-15 23:34:34,099:INFO:The letters in this password are: ['T', 's', 't', 'n', 'g']
2018-12-15 23:34:34,099:INFO:The 'T' was the 1st character
2018-12-15 23:34:34,099:INFO:The 's' was the 3rd character
2018-12-15 23:34:34,099:INFO:The 't' was the 4th character
2018-12-15 23:34:34,100:INFO:The 'n' was the 6th character
2018-12-15 23:34:34,100:INFO:The 'g' was the 7th character
2018-12-15 23:34:34,100:INFO:

2018-12-15 23:34:34,100:INFO:The numbers in this password are: ['4']
2018-12-15 23:34:34,100:INFO:The '4' was the 2nd character
2018-12-15 23:34:34,100:INFO:

2018-12-15 23:34:34,100:INFO:The symbols in this password are: ['!']
2018-12-15 23:34:34,100:INFO:The '!' was the 5th character
2018-12-15 23:34:34,101:INFO:

2018-12-15 23:34:34,162:INFO:The length of 'T4st!ng' is 7
2018-12-15 23:34:34,163:INFO:As a list it looks like this ['T', '4', 's', 't', '!', 'n', 'g']
2018-12-15 23:34:34,163:INFO:The letters in this password are: ['T', 's', 't', 'n', 'g']
2018-12-15 23:34:34,163:INFO:The 'T' was the 1st character
2018-12-15 23:34:34,163:INFO:The 's' was the 3rd character
2018-12-15 23:34:34,163:INFO:The 't' was the 4th character
2018-12-15 23:34:34,164:INFO:The 'n' was the 6th character
2018-12-15 23:34:34,164:INFO:The 'g' was the 7th character
2018-12-15 23:34:34,164:INFO:

2018-12-15 23:34:34,164:INFO:The numbers in this password are: ['4']
2018-12-15 23:34:34,165:INFO:The '4' was the 2nd character
2018-12-15 23:34:34,165:INFO:

2018-12-15 23:34:34,165:INFO:The symbols in this password are: ['!']
2018-12-15 23:34:34,165:INFO:The '!' was the 5th character
2018-12-15 23:34:34,165:INFO:

2018-12-15 23:34:34,222:INFO:The length of 'T4st!ng' is 7
2018-12-15 23:34:34,222:INFO:As a list it looks like this ['T', '4', 's', 't', '!', 'n', 'g']
2018-12-15 23:34:34,222:INFO:The letters in this password are: ['T', 's', 't', 'n', 'g']
2018-12-15 23:34:34,222:INFO:The 'T' was the 1st character
2018-12-15 23:34:34,223:INFO:The 's' was the 3rd character
2018-12-15 23:34:34,223:INFO:The 't' was the 4th character
2018-12-15 23:34:34,223:INFO:The 'n' was the 6th character
2018-12-15 23:34:34,223:INFO:The 'g' was the 7th character
2018-12-15 23:34:34,223:INFO:

2018-12-15 23:34:34,223:INFO:The numbers in this password are: ['4']
2018-12-15 23:34:34,223:INFO:The '4' was the 2nd character
2018-12-15 23:34:34,223:INFO:

2018-12-15 23:34:34,224:INFO:The symbols in this password are: ['!']
2018-12-15 23:34:34,224:INFO:The '!' was the 5th character
2018-12-15 23:34:34,224:INFO:

2018-12-15 23:34:34,287:INFO:The length of 'T4st!ng' is 7
2018-12-15 23:34:34,287:INFO:As a list it looks like this ['T', '4', 's', 't', '!', 'n', 'g']
2018-12-15 23:34:34,287:INFO:The letters in this password are: ['T', 's', 't', 'n', 'g']
2018-12-15 23:34:34,288:INFO:The 'T' was the 1st character
2018-12-15 23:34:34,288:INFO:The 's' was the 3rd character
2018-12-15 23:34:34,288:INFO:The 't' was the 4th character
2018-12-15 23:34:34,288:INFO:The 'n' was the 6th character
2018-12-15 23:34:34,289:INFO:The 'g' was the 7th character
2018-12-15 23:34:34,289:INFO:

2018-12-15 23:34:34,289:INFO:The numbers in this password are: ['4']
2018-12-15 23:34:34,289:INFO:The '4' was the 2nd character
2018-12-15 23:34:34,289:INFO:

2018-12-15 23:34:34,289:INFO:The symbols in this password are: ['!']
2018-12-15 23:34:34,289:INFO:The '!' was the 5th character
2018-12-15 23:34:34,290:INFO:

2018-12-15 23:34:34,348:INFO:The length of 'T4st!ng' is 7
2018-12-15 23:34:34,348:INFO:As a list it looks like this ['T', '4', 's', 't', '!', 'n', 'g']
2018-12-15 23:34:34,349:INFO:The letters in this password are: ['T', 's', 't', 'n', 'g']
2018-12-15 23:34:34,349:INFO:The 'T' was the 1st character
2018-12-15 23:34:34,349:INFO:The 's' was the 3rd character
2018-12-15 23:34:34,349:INFO:The 't' was the 4th character
2018-12-15 23:34:34,349:INFO:The 'n' was the 6th character
2018-12-15 23:34:34,350:INFO:The 'g' was the 7th character
2018-12-15 23:34:34,350:INFO:

2018-12-15 23:34:34,350:INFO:The numbers in this password are: ['4']
2018-12-15 23:34:34,350:INFO:The '4' was the 2nd character
2018-12-15 23:34:34,350:INFO:

2018-12-15 23:34:34,350:INFO:The symbols in this password are: ['!']
2018-12-15 23:34:34,351:INFO:The '!' was the 5th character
2018-12-15 23:34:34,351:INFO:

2018-12-15 23:34:34,408:INFO:The length of 'T4st!ng' is 7
2018-12-15 23:34:34,408:INFO:As a list it looks like this ['T', '4', 's', 't', '!', 'n', 'g']
2018-12-15 23:34:34,408:INFO:The letters in this password are: ['T', 's', 't', 'n', 'g']
2018-12-15 23:34:34,409:INFO:The 'T' was the 1st character
2018-12-15 23:34:34,409:INFO:The 's' was the 3rd character
2018-12-15 23:34:34,409:INFO:The 't' was the 4th character
2018-12-15 23:34:34,409:INFO:The 'n' was the 6th character
2018-12-15 23:34:34,409:INFO:The 'g' was the 7th character
2018-12-15 23:34:34,409:INFO:

2018-12-15 23:34:34,409:INFO:The numbers in this password are: ['4']
2018-12-15 23:34:34,410:INFO:The '4' was the 2nd character
2018-12-15 23:34:34,410:INFO:

2018-12-15 23:34:34,410:INFO:The symbols in this password are: ['!']
2018-12-15 23:34:34,410:INFO:The '!' was the 5th character
2018-12-15 23:34:34,410:INFO:

2018-12-15 23:34:34,472:INFO:The length of 'T4st!ng' is 7
2018-12-15 23:34:34,473:INFO:As a list it looks like this ['T', '4', 's', 't', '!', 'n', 'g']
2018-12-15 23:34:34,473:INFO:The letters in this password are: ['T', 's', 't', 'n', 'g']
2018-12-15 23:34:34,473:INFO:The 'T' was the 1st character
2018-12-15 23:34:34,473:INFO:The 's' was the 3rd character
2018-12-15 23:34:34,473:INFO:The 't' was the 4th character
2018-12-15 23:34:34,473:INFO:The 'n' was the 6th character
2018-12-15 23:34:34,474:INFO:The 'g' was the 7th character
2018-12-15 23:34:34,474:INFO:

2018-12-15 23:34:34,474:INFO:The numbers in this password are: ['4']
2018-12-15 23:34:34,474:INFO:The '4' was the 2nd character
2018-12-15 23:34:34,474:INFO:

2018-12-15 23:34:34,474:INFO:The symbols in this password are: ['!']
2018-12-15 23:34:34,474:INFO:The '!' was the 5th character
2018-12-15 23:34:34,474:INFO:

2018-12-15 23:34:34,534:INFO:The length of 'T4st!ng' is 7
2018-12-15 23:34:34,535:INFO:As a list it looks like this ['T', '4', 's', 't', '!', 'n', 'g']
2018-12-15 23:34:34,535:INFO:The letters in this password are: ['T', 's', 't', 'n', 'g']
2018-12-15 23:34:34,535:INFO:The 'T' was the 1st character
2018-12-15 23:34:34,535:INFO:The 's' was the 3rd character
2018-12-15 23:34:34,536:INFO:The 't' was the 4th character
2018-12-15 23:34:34,536:INFO:The 'n' was the 6th character
2018-12-15 23:34:34,536:INFO:The 'g' was the 7th character
2018-12-15 23:34:34,536:INFO:

2018-12-15 23:34:34,537:INFO:The numbers in this password are: ['4']
2018-12-15 23:34:34,537:INFO:The '4' was the 2nd character
2018-12-15 23:34:34,537:INFO:

2018-12-15 23:34:34,537:INFO:The symbols in this password are: ['!']
2018-12-15 23:34:34,537:INFO:The '!' was the 5th character
2018-12-15 23:34:34,537:INFO:

2018-12-15 23:34:34,595:INFO:The length of 'T4st!ng' is 7
2018-12-15 23:34:34,595:INFO:As a list it looks like this ['T', '4', 's', 't', '!', 'n', 'g']
2018-12-15 23:34:34,596:INFO:The letters in this password are: ['T', 's', 't', 'n', 'g']
2018-12-15 23:34:34,596:INFO:The 'T' was the 1st character
2018-12-15 23:34:34,596:INFO:The 's' was the 3rd character
2018-12-15 23:34:34,596:INFO:The 't' was the 4th character
2018-12-15 23:34:34,596:INFO:The 'n' was the 6th character
2018-12-15 23:34:34,596:INFO:The 'g' was the 7th character
2018-12-15 23:34:34,597:INFO:

2018-12-15 23:34:34,597:INFO:The numbers in this password are: ['4']
2018-12-15 23:34:34,597:INFO:The '4' was the 2nd character
2018-12-15 23:34:34,597:INFO:

2018-12-15 23:34:34,597:INFO:The symbols in this password are: ['!']
2018-12-15 23:34:34,597:INFO:The '!' was the 5th character
2018-12-15 23:34:34,597:INFO:

2018-12-15 23:34:34,656:INFO:The length of 'T4st!ng' is 7
2018-12-15 23:34:34,656:INFO:As a list it looks like this ['T', '4', 's', 't', '!', 'n', 'g']
2018-12-15 23:34:34,657:INFO:The letters in this password are: ['T', 's', 't', 'n', 'g']
2018-12-15 23:34:34,657:INFO:The 'T' was the 1st character
2018-12-15 23:34:34,657:INFO:The 's' was the 3rd character
2018-12-15 23:34:34,657:INFO:The 't' was the 4th character
2018-12-15 23:34:34,657:INFO:The 'n' was the 6th character
2018-12-15 23:34:34,657:INFO:The 'g' was the 7th character
2018-12-15 23:34:34,658:INFO:

2018-12-15 23:34:34,658:INFO:The numbers in this password are: ['4']
2018-12-15 23:34:34,658:INFO:The '4' was the 2nd character
2018-12-15 23:34:34,658:INFO:

2018-12-15 23:34:34,658:INFO:The symbols in this password are: ['!']
2018-12-15 23:34:34,658:INFO:The '!' was the 5th character
2018-12-15 23:34:34,658:INFO:

2018-12-15 23:34:34,716:INFO:The length of 'T4st!ng' is 7
2018-12-15 23:34:34,716:INFO:As a list it looks like this ['T', '4', 's', 't', '!', 'n', 'g']
2018-12-15 23:34:34,717:INFO:The letters in this password are: ['T', 's', 't', 'n', 'g']
2018-12-15 23:34:34,717:INFO:The 'T' was the 1st character
2018-12-15 23:34:34,717:INFO:The 's' was the 3rd character
2018-12-15 23:34:34,717:INFO:The 't' was the 4th character
2018-12-15 23:34:34,717:INFO:The 'n' was the 6th character
2018-12-15 23:34:34,717:INFO:The 'g' was the 7th character
2018-12-15 23:34:34,718:INFO:

2018-12-15 23:34:34,718:INFO:The numbers in this password are: ['4']
2018-12-15 23:34:34,718:INFO:The '4' was the 2nd character
2018-12-15 23:34:34,718:INFO:

2018-12-15 23:34:34,718:INFO:The symbols in this password are: ['!']
2018-12-15 23:34:34,718:INFO:The '!' was the 5th character
2018-12-15 23:34:34,719:INFO:

2018-12-15 23:34:34,779:INFO:The length of 'T4st!ng' is 7
2018-12-15 23:34:34,779:INFO:As a list it looks like this ['T', '4', 's', 't', '!', 'n', 'g']
2018-12-15 23:34:34,780:INFO:The letters in this password are: ['T', 's', 't', 'n', 'g']
2018-12-15 23:34:34,780:INFO:The 'T' was the 1st character
2018-12-15 23:34:34,780:INFO:The 's' was the 3rd character
2018-12-15 23:34:34,780:INFO:The 't' was the 4th character
2018-12-15 23:34:34,780:INFO:The 'n' was the 6th character
2018-12-15 23:34:34,780:INFO:The 'g' was the 7th character
2018-12-15 23:34:34,780:INFO:

2018-12-15 23:34:34,781:INFO:The numbers in this password are: ['4']
2018-12-15 23:34:34,781:INFO:The '4' was the 2nd character
2018-12-15 23:34:34,781:INFO:

2018-12-15 23:34:34,781:INFO:The symbols in this password are: ['!']
2018-12-15 23:34:34,781:INFO:The '!' was the 5th character
2018-12-15 23:34:34,781:INFO:

2018-12-15 23:34:34,837:INFO:The length of 'T4st!ng' is 7
2018-12-15 23:34:34,838:INFO:As a list it looks like this ['T', '4', 's', 't', '!', 'n', 'g']
2018-12-15 23:34:34,838:INFO:The letters in this password are: ['T', 's', 't', 'n', 'g']
2018-12-15 23:34:34,838:INFO:The 'T' was the 1st character
2018-12-15 23:34:34,838:INFO:The 's' was the 3rd character
2018-12-15 23:34:34,839:INFO:The 't' was the 4th character
2018-12-15 23:34:34,839:INFO:The 'n' was the 6th character
2018-12-15 23:34:34,839:INFO:The 'g' was the 7th character
2018-12-15 23:34:34,839:INFO:

2018-12-15 23:34:34,839:INFO:The numbers in this password are: ['4']
2018-12-15 23:34:34,839:INFO:The '4' was the 2nd character
2018-12-15 23:34:34,840:INFO:

2018-12-15 23:34:34,840:INFO:The symbols in this password are: ['!']
2018-12-15 23:34:34,840:INFO:The '!' was the 5th character
2018-12-15 23:34:34,840:INFO:

2018-12-15 23:34:34,898:INFO:The length of 'T4st!ng' is 7
2018-12-15 23:34:34,898:INFO:As a list it looks like this ['T', '4', 's', 't', '!', 'n', 'g']
2018-12-15 23:34:34,898:INFO:The letters in this password are: ['T', 's', 't', 'n', 'g']
2018-12-15 23:34:34,898:INFO:The 'T' was the 1st character
2018-12-15 23:34:34,899:INFO:The 's' was the 3rd character
2018-12-15 23:34:34,899:INFO:The 't' was the 4th character
2018-12-15 23:34:34,899:INFO:The 'n' was the 6th character
2018-12-15 23:34:34,899:INFO:The 'g' was the 7th character
2018-12-15 23:34:34,899:INFO:

2018-12-15 23:34:34,899:INFO:The numbers in this password are: ['4']
2018-12-15 23:34:34,899:INFO:The '4' was the 2nd character
2018-12-15 23:34:34,900:INFO:

2018-12-15 23:34:34,900:INFO:The symbols in this password are: ['!']
2018-12-15 23:34:34,900:INFO:The '!' was the 5th character
2018-12-15 23:34:34,900:INFO:

2018-12-15 23:34:34,967:INFO:The length of 'T4st!ng' is 7
2018-12-15 23:34:34,968:INFO:As a list it looks like this ['T', '4', 's', 't', '!', 'n', 'g']
2018-12-15 23:34:34,968:INFO:The letters in this password are: ['T', 's', 't', 'n', 'g']
2018-12-15 23:34:34,969:INFO:The 'T' was the 1st character
2018-12-15 23:34:34,969:INFO:The 's' was the 3rd character
2018-12-15 23:34:34,969:INFO:The 't' was the 4th character
2018-12-15 23:34:34,969:INFO:The 'n' was the 6th character
2018-12-15 23:34:34,969:INFO:The 'g' was the 7th character
2018-12-15 23:34:34,969:INFO:

2018-12-15 23:34:34,970:INFO:The numbers in this password are: ['4']
2018-12-15 23:34:34,970:INFO:The '4' was the 2nd character
2018-12-15 23:34:34,970:INFO:

2018-12-15 23:34:34,970:INFO:The symbols in this password are: ['!']
2018-12-15 23:34:34,970:INFO:The '!' was the 5th character
2018-12-15 23:34:34,970:INFO:

2018-12-15 23:34:35,030:INFO:The length of 'T4st!ng' is 7
2018-12-15 23:34:35,030:INFO:As a list it looks like this ['T', '4', 's', 't', '!', 'n', 'g']
2018-12-15 23:34:35,030:INFO:The letters in this password are: ['T', 's', 't', 'n', 'g']
2018-12-15 23:34:35,031:INFO:The 'T' was the 1st character
2018-12-15 23:34:35,031:INFO:The 's' was the 3rd character
2018-12-15 23:34:35,031:INFO:The 't' was the 4th character
2018-12-15 23:34:35,031:INFO:The 'n' was the 6th character
2018-12-15 23:34:35,031:INFO:The 'g' was the 7th character
2018-12-15 23:34:35,032:INFO:

2018-12-15 23:34:35,032:INFO:The numbers in this password are: ['4']
2018-12-15 23:34:35,032:INFO:The '4' was the 2nd character
2018-12-15 23:34:35,032:INFO:

2018-12-15 23:34:35,032:INFO:The symbols in this password are: ['!']
2018-12-15 23:34:35,032:INFO:The '!' was the 5th character
2018-12-15 23:34:35,032:INFO:

2018-12-15 23:34:35,090:INFO:The length of 'T4st!ng' is 7
2018-12-15 23:34:35,091:INFO:As a list it looks like this ['T', '4', 's', 't', '!', 'n', 'g']
2018-12-15 23:34:35,091:INFO:The letters in this password are: ['T', 's', 't', 'n', 'g']
2018-12-15 23:34:35,091:INFO:The 'T' was the 1st character
2018-12-15 23:34:35,092:INFO:The 's' was the 3rd character
2018-12-15 23:34:35,092:INFO:The 't' was the 4th character
2018-12-15 23:34:35,092:INFO:The 'n' was the 6th character
2018-12-15 23:34:35,092:INFO:The 'g' was the 7th character
2018-12-15 23:34:35,092:INFO:

2018-12-15 23:34:35,093:INFO:The numbers in this password are: ['4']
2018-12-15 23:34:35,093:INFO:The '4' was the 2nd character
2018-12-15 23:34:35,093:INFO:

2018-12-15 23:34:35,093:INFO:The symbols in this password are: ['!']
2018-12-15 23:34:35,093:INFO:The '!' was the 5th character
2018-12-15 23:34:35,093:INFO:

2018-12-15 23:34:35,157:INFO:The length of 'T4st!ng' is 7
2018-12-15 23:34:35,158:INFO:As a list it looks like this ['T', '4', 's', 't', '!', 'n', 'g']
2018-12-15 23:34:35,158:INFO:The letters in this password are: ['T', 's', 't', 'n', 'g']
2018-12-15 23:34:35,158:INFO:The 'T' was the 1st character
2018-12-15 23:34:35,159:INFO:The 's' was the 3rd character
2018-12-15 23:34:35,159:INFO:The 't' was the 4th character
2018-12-15 23:34:35,159:INFO:The 'n' was the 6th character
2018-12-15 23:34:35,159:INFO:The 'g' was the 7th character
2018-12-15 23:34:35,159:INFO:

2018-12-15 23:34:35,159:INFO:The numbers in this password are: ['4']
2018-12-15 23:34:35,159:INFO:The '4' was the 2nd character
2018-12-15 23:34:35,160:INFO:

2018-12-15 23:34:35,160:INFO:The symbols in this password are: ['!']
2018-12-15 23:34:35,160:INFO:The '!' was the 5th character
2018-12-15 23:34:35,160:INFO:

2018-12-15 23:34:35,216:INFO:The length of 'T4st!ng' is 7
2018-12-15 23:34:35,217:INFO:As a list it looks like this ['T', '4', 's', 't', '!', 'n', 'g']
2018-12-15 23:34:35,217:INFO:The letters in this password are: ['T', 's', 't', 'n', 'g']
2018-12-15 23:34:35,217:INFO:The 'T' was the 1st character
2018-12-15 23:34:35,217:INFO:The 's' was the 3rd character
2018-12-15 23:34:35,217:INFO:The 't' was the 4th character
2018-12-15 23:34:35,218:INFO:The 'n' was the 6th character
2018-12-15 23:34:35,218:INFO:The 'g' was the 7th character
2018-12-15 23:34:35,218:INFO:

2018-12-15 23:34:35,218:INFO:The numbers in this password are: ['4']
2018-12-15 23:34:35,218:INFO:The '4' was the 2nd character
2018-12-15 23:34:35,218:INFO:

2018-12-15 23:34:35,218:INFO:The symbols in this password are: ['!']
2018-12-15 23:34:35,218:INFO:The '!' was the 5th character
2018-12-15 23:34:35,219:INFO:

2018-12-15 23:34:35,284:INFO:The length of 'T4st!ng' is 7
2018-12-15 23:34:35,284:INFO:As a list it looks like this ['T', '4', 's', 't', '!', 'n', 'g']
2018-12-15 23:34:35,284:INFO:The letters in this password are: ['T', 's', 't', 'n', 'g']
2018-12-15 23:34:35,285:INFO:The 'T' was the 1st character
2018-12-15 23:34:35,285:INFO:The 's' was the 3rd character
2018-12-15 23:34:35,285:INFO:The 't' was the 4th character
2018-12-15 23:34:35,285:INFO:The 'n' was the 6th character
2018-12-15 23:34:35,285:INFO:The 'g' was the 7th character
2018-12-15 23:34:35,285:INFO:

2018-12-15 23:34:35,285:INFO:The numbers in this password are: ['4']
2018-12-15 23:34:35,285:INFO:The '4' was the 2nd character
2018-12-15 23:34:35,286:INFO:

2018-12-15 23:34:35,286:INFO:The symbols in this password are: ['!']
2018-12-15 23:34:35,286:INFO:The '!' was the 5th character
2018-12-15 23:34:35,286:INFO:

2018-12-15 23:34:35,349:INFO:The length of 'T4st!ng' is 7
2018-12-15 23:34:35,350:INFO:As a list it looks like this ['T', '4', 's', 't', '!', 'n', 'g']
2018-12-15 23:34:35,350:INFO:The letters in this password are: ['T', 's', 't', 'n', 'g']
2018-12-15 23:34:35,350:INFO:The 'T' was the 1st character
2018-12-15 23:34:35,351:INFO:The 's' was the 3rd character
2018-12-15 23:34:35,351:INFO:The 't' was the 4th character
2018-12-15 23:34:35,351:INFO:The 'n' was the 6th character
2018-12-15 23:34:35,351:INFO:The 'g' was the 7th character
2018-12-15 23:34:35,351:INFO:

2018-12-15 23:34:35,352:INFO:The numbers in this password are: ['4']
2018-12-15 23:34:35,352:INFO:The '4' was the 2nd character
2018-12-15 23:34:35,352:INFO:

2018-12-15 23:34:35,352:INFO:The symbols in this password are: ['!']
2018-12-15 23:34:35,352:INFO:The '!' was the 5th character
2018-12-15 23:34:35,352:INFO:

2018-12-15 23:34:35,413:INFO:The length of 'T4st!ng' is 7
2018-12-15 23:34:35,414:INFO:As a list it looks like this ['T', '4', 's', 't', '!', 'n', 'g']
2018-12-15 23:34:35,414:INFO:The letters in this password are: ['T', 's', 't', 'n', 'g']
2018-12-15 23:34:35,415:INFO:The 'T' was the 1st character
2018-12-15 23:34:35,415:INFO:The 's' was the 3rd character
2018-12-15 23:34:35,415:INFO:The 't' was the 4th character
2018-12-15 23:34:35,415:INFO:The 'n' was the 6th character
2018-12-15 23:34:35,415:INFO:The 'g' was the 7th character
2018-12-15 23:34:35,415:INFO:

2018-12-15 23:34:35,415:INFO:The numbers in this password are: ['4']
2018-12-15 23:34:35,416:INFO:The '4' was the 2nd character
2018-12-15 23:34:35,416:INFO:

2018-12-15 23:34:35,416:INFO:The symbols in this password are: ['!']
2018-12-15 23:34:35,416:INFO:The '!' was the 5th character
2018-12-15 23:34:35,416:INFO:

2018-12-15 23:34:35,487:INFO:The length of 'T4st!ng' is 7
2018-12-15 23:34:35,487:INFO:As a list it looks like this ['T', '4', 's', 't', '!', 'n', 'g']
2018-12-15 23:34:35,488:INFO:The letters in this password are: ['T', 's', 't', 'n', 'g']
2018-12-15 23:34:35,488:INFO:The 'T' was the 1st character
2018-12-15 23:34:35,488:INFO:The 's' was the 3rd character
2018-12-15 23:34:35,488:INFO:The 't' was the 4th character
2018-12-15 23:34:35,488:INFO:The 'n' was the 6th character
2018-12-15 23:34:35,488:INFO:The 'g' was the 7th character
2018-12-15 23:34:35,489:INFO:

2018-12-15 23:34:35,489:INFO:The numbers in this password are: ['4']
2018-12-15 23:34:35,489:INFO:The '4' was the 2nd character
2018-12-15 23:34:35,489:INFO:

2018-12-15 23:34:35,489:INFO:The symbols in this password are: ['!']
2018-12-15 23:34:35,490:INFO:The '!' was the 5th character
2018-12-15 23:34:35,490:INFO:

2018-12-15 23:34:35,563:INFO:The length of 'T4st!ng' is 7
2018-12-15 23:34:35,564:INFO:As a list it looks like this ['T', '4', 's', 't', '!', 'n', 'g']
2018-12-15 23:34:35,564:INFO:The letters in this password are: ['T', 's', 't', 'n', 'g']
2018-12-15 23:34:35,564:INFO:The 'T' was the 1st character
2018-12-15 23:34:35,564:INFO:The 's' was the 3rd character
2018-12-15 23:34:35,565:INFO:The 't' was the 4th character
2018-12-15 23:34:35,565:INFO:The 'n' was the 6th character
2018-12-15 23:34:35,565:INFO:The 'g' was the 7th character
2018-12-15 23:34:35,565:INFO:

2018-12-15 23:34:35,565:INFO:The numbers in this password are: ['4']
2018-12-15 23:34:35,565:INFO:The '4' was the 2nd character
2018-12-15 23:34:35,566:INFO:

2018-12-15 23:34:35,566:INFO:The symbols in this password are: ['!']
2018-12-15 23:34:35,566:INFO:The '!' was the 5th character
2018-12-15 23:34:35,566:INFO:

2018-12-15 23:34:35,631:INFO:The length of 'T4st!ng' is 7
2018-12-15 23:34:35,632:INFO:As a list it looks like this ['T', '4', 's', 't', '!', 'n', 'g']
2018-12-15 23:34:35,632:INFO:The letters in this password are: ['T', 's', 't', 'n', 'g']
2018-12-15 23:34:35,632:INFO:The 'T' was the 1st character
2018-12-15 23:34:35,632:INFO:The 's' was the 3rd character
2018-12-15 23:34:35,632:INFO:The 't' was the 4th character
2018-12-15 23:34:35,633:INFO:The 'n' was the 6th character
2018-12-15 23:34:35,633:INFO:The 'g' was the 7th character
2018-12-15 23:34:35,633:INFO:

2018-12-15 23:34:35,633:INFO:The numbers in this password are: ['4']
2018-12-15 23:34:35,633:INFO:The '4' was the 2nd character
2018-12-15 23:34:35,634:INFO:

2018-12-15 23:34:35,634:INFO:The symbols in this password are: ['!']
2018-12-15 23:34:35,634:INFO:The '!' was the 5th character
2018-12-15 23:34:35,634:INFO:

2018-12-15 23:34:35,703:INFO:The length of 'T4st!ng' is 7
2018-12-15 23:34:35,704:INFO:As a list it looks like this ['T', '4', 's', 't', '!', 'n', 'g']
2018-12-15 23:34:35,704:INFO:The letters in this password are: ['T', 's', 't', 'n', 'g']
2018-12-15 23:34:35,704:INFO:The 'T' was the 1st character
2018-12-15 23:34:35,704:INFO:The 's' was the 3rd character
2018-12-15 23:34:35,704:INFO:The 't' was the 4th character
2018-12-15 23:34:35,705:INFO:The 'n' was the 6th character
2018-12-15 23:34:35,705:INFO:The 'g' was the 7th character
2018-12-15 23:34:35,705:INFO:

2018-12-15 23:34:35,705:INFO:The numbers in this password are: ['4']
2018-12-15 23:34:35,705:INFO:The '4' was the 2nd character
2018-12-15 23:34:35,705:INFO:

2018-12-15 23:34:35,705:INFO:The symbols in this password are: ['!']
2018-12-15 23:34:35,706:INFO:The '!' was the 5th character
2018-12-15 23:34:35,706:INFO:

2018-12-15 23:34:35,762:INFO:The length of 'T4st!ng' is 7
2018-12-15 23:34:35,763:INFO:As a list it looks like this ['T', '4', 's', 't', '!', 'n', 'g']
2018-12-15 23:34:35,764:INFO:The letters in this password are: ['T', 's', 't', 'n', 'g']
2018-12-15 23:34:35,764:INFO:The 'T' was the 1st character
2018-12-15 23:34:35,764:INFO:The 's' was the 3rd character
2018-12-15 23:34:35,764:INFO:The 't' was the 4th character
2018-12-15 23:34:35,764:INFO:The 'n' was the 6th character
2018-12-15 23:34:35,764:INFO:The 'g' was the 7th character
2018-12-15 23:34:35,765:INFO:

2018-12-15 23:34:35,765:INFO:The numbers in this password are: ['4']
2018-12-15 23:34:35,765:INFO:The '4' was the 2nd character
2018-12-15 23:34:35,765:INFO:

2018-12-15 23:34:35,765:INFO:The symbols in this password are: ['!']
2018-12-15 23:34:35,765:INFO:The '!' was the 5th character
2018-12-15 23:34:35,765:INFO:

2018-12-15 23:34:35,823:INFO:The length of 'T4st!ng' is 7
2018-12-15 23:34:35,823:INFO:As a list it looks like this ['T', '4', 's', 't', '!', 'n', 'g']
2018-12-15 23:34:35,824:INFO:The letters in this password are: ['T', 's', 't', 'n', 'g']
2018-12-15 23:34:35,824:INFO:The 'T' was the 1st character
2018-12-15 23:34:35,824:INFO:The 's' was the 3rd character
2018-12-15 23:34:35,824:INFO:The 't' was the 4th character
2018-12-15 23:34:35,824:INFO:The 'n' was the 6th character
2018-12-15 23:34:35,824:INFO:The 'g' was the 7th character
2018-12-15 23:34:35,825:INFO:

2018-12-15 23:34:35,825:INFO:The numbers in this password are: ['4']
2018-12-15 23:34:35,825:INFO:The '4' was the 2nd character
2018-12-15 23:34:35,825:INFO:

2018-12-15 23:34:35,825:INFO:The symbols in this password are: ['!']
2018-12-15 23:34:35,825:INFO:The '!' was the 5th character
2018-12-15 23:34:35,826:INFO:

2018-12-15 23:34:35,881:INFO:The length of 'T4st!ng' is 7
2018-12-15 23:34:35,882:INFO:As a list it looks like this ['T', '4', 's', 't', '!', 'n', 'g']
2018-12-15 23:34:35,882:INFO:The letters in this password are: ['T', 's', 't', 'n', 'g']
2018-12-15 23:34:35,882:INFO:The 'T' was the 1st character
2018-12-15 23:34:35,882:INFO:The 's' was the 3rd character
2018-12-15 23:34:35,883:INFO:The 't' was the 4th character
2018-12-15 23:34:35,883:INFO:The 'n' was the 6th character
2018-12-15 23:34:35,883:INFO:The 'g' was the 7th character
2018-12-15 23:34:35,883:INFO:

2018-12-15 23:34:35,883:INFO:The numbers in this password are: ['4']
2018-12-15 23:34:35,883:INFO:The '4' was the 2nd character
2018-12-15 23:34:35,883:INFO:

2018-12-15 23:34:35,883:INFO:The symbols in this password are: ['!']
2018-12-15 23:34:35,883:INFO:The '!' was the 5th character
2018-12-15 23:34:35,884:INFO:

2018-12-15 23:34:35,943:INFO:The length of 'T4st!ng' is 7
2018-12-15 23:34:35,944:INFO:As a list it looks like this ['T', '4', 's', 't', '!', 'n', 'g']
2018-12-15 23:34:35,944:INFO:The letters in this password are: ['T', 's', 't', 'n', 'g']
2018-12-15 23:34:35,944:INFO:The 'T' was the 1st character
2018-12-15 23:34:35,944:INFO:The 's' was the 3rd character
2018-12-15 23:34:35,944:INFO:The 't' was the 4th character
2018-12-15 23:34:35,944:INFO:The 'n' was the 6th character
2018-12-15 23:34:35,945:INFO:The 'g' was the 7th character
2018-12-15 23:34:35,945:INFO:

2018-12-15 23:34:35,945:INFO:The numbers in this password are: ['4']
2018-12-15 23:34:35,945:INFO:The '4' was the 2nd character
2018-12-15 23:34:35,945:INFO:

2018-12-15 23:34:35,945:INFO:The symbols in this password are: ['!']
2018-12-15 23:34:35,946:INFO:The '!' was the 5th character
2018-12-15 23:34:35,946:INFO:

2018-12-15 23:34:36,010:INFO:The length of 'T4st!ng' is 7
2018-12-15 23:34:36,010:INFO:As a list it looks like this ['T', '4', 's', 't', '!', 'n', 'g']
2018-12-15 23:34:36,011:INFO:The letters in this password are: ['T', 's', 't', 'n', 'g']
2018-12-15 23:34:36,011:INFO:The 'T' was the 1st character
2018-12-15 23:34:36,011:INFO:The 's' was the 3rd character
2018-12-15 23:34:36,011:INFO:The 't' was the 4th character
2018-12-15 23:34:36,011:INFO:The 'n' was the 6th character
2018-12-15 23:34:36,011:INFO:The 'g' was the 7th character
2018-12-15 23:34:36,011:INFO:

2018-12-15 23:34:36,012:INFO:The numbers in this password are: ['4']
2018-12-15 23:34:36,012:INFO:The '4' was the 2nd character
2018-12-15 23:34:36,012:INFO:

2018-12-15 23:34:36,012:INFO:The symbols in this password are: ['!']
2018-12-15 23:34:36,012:INFO:The '!' was the 5th character
2018-12-15 23:34:36,012:INFO:

2018-12-15 23:34:36,071:INFO:The length of 'T4st!ng' is 7
2018-12-15 23:34:36,072:INFO:As a list it looks like this ['T', '4', 's', 't', '!', 'n', 'g']
2018-12-15 23:34:36,072:INFO:The letters in this password are: ['T', 's', 't', 'n', 'g']
2018-12-15 23:34:36,072:INFO:The 'T' was the 1st character
2018-12-15 23:34:36,072:INFO:The 's' was the 3rd character
2018-12-15 23:34:36,073:INFO:The 't' was the 4th character
2018-12-15 23:34:36,073:INFO:The 'n' was the 6th character
2018-12-15 23:34:36,073:INFO:The 'g' was the 7th character
2018-12-15 23:34:36,073:INFO:

2018-12-15 23:34:36,073:INFO:The numbers in this password are: ['4']
2018-12-15 23:34:36,074:INFO:The '4' was the 2nd character
2018-12-15 23:34:36,074:INFO:

2018-12-15 23:34:36,074:INFO:The symbols in this password are: ['!']
2018-12-15 23:34:36,074:INFO:The '!' was the 5th character
2018-12-15 23:34:36,074:INFO:

2018-12-15 23:34:36,135:INFO:The length of 'T4st!ng' is 7
2018-12-15 23:34:36,136:INFO:As a list it looks like this ['T', '4', 's', 't', '!', 'n', 'g']
2018-12-15 23:34:36,136:INFO:The letters in this password are: ['T', 's', 't', 'n', 'g']
2018-12-15 23:34:36,136:INFO:The 'T' was the 1st character
2018-12-15 23:34:36,136:INFO:The 's' was the 3rd character
2018-12-15 23:34:36,136:INFO:The 't' was the 4th character
2018-12-15 23:34:36,136:INFO:The 'n' was the 6th character
2018-12-15 23:34:36,137:INFO:The 'g' was the 7th character
2018-12-15 23:34:36,137:INFO:

2018-12-15 23:34:36,137:INFO:The numbers in this password are: ['4']
2018-12-15 23:34:36,137:INFO:The '4' was the 2nd character
2018-12-15 23:34:36,137:INFO:

2018-12-15 23:34:36,137:INFO:The symbols in this password are: ['!']
2018-12-15 23:34:36,138:INFO:The '!' was the 5th character
2018-12-15 23:34:36,138:INFO:

2018-12-15 23:34:36,196:INFO:The length of 'T4st!ng' is 7
2018-12-15 23:34:36,197:INFO:As a list it looks like this ['T', '4', 's', 't', '!', 'n', 'g']
2018-12-15 23:34:36,197:INFO:The letters in this password are: ['T', 's', 't', 'n', 'g']
2018-12-15 23:34:36,197:INFO:The 'T' was the 1st character
2018-12-15 23:34:36,198:INFO:The 's' was the 3rd character
2018-12-15 23:34:36,198:INFO:The 't' was the 4th character
2018-12-15 23:34:36,198:INFO:The 'n' was the 6th character
2018-12-15 23:34:36,198:INFO:The 'g' was the 7th character
2018-12-15 23:34:36,198:INFO:

2018-12-15 23:34:36,198:INFO:The numbers in this password are: ['4']
2018-12-15 23:34:36,198:INFO:The '4' was the 2nd character
2018-12-15 23:34:36,199:INFO:

2018-12-15 23:34:36,199:INFO:The symbols in this password are: ['!']
2018-12-15 23:34:36,199:INFO:The '!' was the 5th character
2018-12-15 23:34:36,199:INFO:

2018-12-15 23:34:36,257:INFO:The length of 'T4st!ng' is 7
2018-12-15 23:34:36,257:INFO:As a list it looks like this ['T', '4', 's', 't', '!', 'n', 'g']
2018-12-15 23:34:36,258:INFO:The letters in this password are: ['T', 's', 't', 'n', 'g']
2018-12-15 23:34:36,258:INFO:The 'T' was the 1st character
2018-12-15 23:34:36,258:INFO:The 's' was the 3rd character
2018-12-15 23:34:36,258:INFO:The 't' was the 4th character
2018-12-15 23:34:36,258:INFO:The 'n' was the 6th character
2018-12-15 23:34:36,258:INFO:The 'g' was the 7th character
2018-12-15 23:34:36,258:INFO:

2018-12-15 23:34:36,259:INFO:The numbers in this password are: ['4']
2018-12-15 23:34:36,259:INFO:The '4' was the 2nd character
2018-12-15 23:34:36,259:INFO:

2018-12-15 23:34:36,259:INFO:The symbols in this password are: ['!']
2018-12-15 23:34:36,259:INFO:The '!' was the 5th character
2018-12-15 23:34:36,259:INFO:

2018-12-15 23:34:36,317:INFO:The length of 'T4st!ng' is 7
2018-12-15 23:34:36,318:INFO:As a list it looks like this ['T', '4', 's', 't', '!', 'n', 'g']
2018-12-15 23:34:36,318:INFO:The letters in this password are: ['T', 's', 't', 'n', 'g']
2018-12-15 23:34:36,318:INFO:The 'T' was the 1st character
2018-12-15 23:34:36,318:INFO:The 's' was the 3rd character
2018-12-15 23:34:36,318:INFO:The 't' was the 4th character
2018-12-15 23:34:36,319:INFO:The 'n' was the 6th character
2018-12-15 23:34:36,319:INFO:The 'g' was the 7th character
2018-12-15 23:34:36,319:INFO:

2018-12-15 23:34:36,319:INFO:The numbers in this password are: ['4']
2018-12-15 23:34:36,320:INFO:The '4' was the 2nd character
2018-12-15 23:34:36,320:INFO:

2018-12-15 23:34:36,320:INFO:The symbols in this password are: ['!']
2018-12-15 23:34:36,320:INFO:The '!' was the 5th character
2018-12-15 23:34:36,320:INFO:

2018-12-15 23:34:36,382:INFO:The length of 'T4st!ng' is 7
2018-12-15 23:34:36,383:INFO:As a list it looks like this ['T', '4', 's', 't', '!', 'n', 'g']
2018-12-15 23:34:36,383:INFO:The letters in this password are: ['T', 's', 't', 'n', 'g']
2018-12-15 23:34:36,383:INFO:The 'T' was the 1st character
2018-12-15 23:34:36,383:INFO:The 's' was the 3rd character
2018-12-15 23:34:36,383:INFO:The 't' was the 4th character
2018-12-15 23:34:36,383:INFO:The 'n' was the 6th character
2018-12-15 23:34:36,383:INFO:The 'g' was the 7th character
2018-12-15 23:34:36,384:INFO:

2018-12-15 23:34:36,384:INFO:The numbers in this password are: ['4']
2018-12-15 23:34:36,384:INFO:The '4' was the 2nd character
2018-12-15 23:34:36,384:INFO:

2018-12-15 23:34:36,384:INFO:The symbols in this password are: ['!']
2018-12-15 23:34:36,384:INFO:The '!' was the 5th character
2018-12-15 23:34:36,384:INFO:

2018-12-15 23:34:36,444:INFO:The length of 'T4st!ng' is 7
2018-12-15 23:34:36,445:INFO:As a list it looks like this ['T', '4', 's', 't', '!', 'n', 'g']
2018-12-15 23:34:36,445:INFO:The letters in this password are: ['T', 's', 't', 'n', 'g']
2018-12-15 23:34:36,445:INFO:The 'T' was the 1st character
2018-12-15 23:34:36,445:INFO:The 's' was the 3rd character
2018-12-15 23:34:36,445:INFO:The 't' was the 4th character
2018-12-15 23:34:36,446:INFO:The 'n' was the 6th character
2018-12-15 23:34:36,446:INFO:The 'g' was the 7th character
2018-12-15 23:34:36,446:INFO:

2018-12-15 23:34:36,446:INFO:The numbers in this password are: ['4']
2018-12-15 23:34:36,446:INFO:The '4' was the 2nd character
2018-12-15 23:34:36,446:INFO:

2018-12-15 23:34:36,447:INFO:The symbols in this password are: ['!']
2018-12-15 23:34:36,447:INFO:The '!' was the 5th character
2018-12-15 23:34:36,447:INFO:

2018-12-15 23:34:36,505:INFO:The length of 'T4st!ng' is 7
2018-12-15 23:34:36,506:INFO:As a list it looks like this ['T', '4', 's', 't', '!', 'n', 'g']
2018-12-15 23:34:36,506:INFO:The letters in this password are: ['T', 's', 't', 'n', 'g']
2018-12-15 23:34:36,506:INFO:The 'T' was the 1st character
2018-12-15 23:34:36,506:INFO:The 's' was the 3rd character
2018-12-15 23:34:36,506:INFO:The 't' was the 4th character
2018-12-15 23:34:36,506:INFO:The 'n' was the 6th character
2018-12-15 23:34:36,506:INFO:The 'g' was the 7th character
2018-12-15 23:34:36,506:INFO:

2018-12-15 23:34:36,507:INFO:The numbers in this password are: ['4']
2018-12-15 23:34:36,507:INFO:The '4' was the 2nd character
2018-12-15 23:34:36,507:INFO:

2018-12-15 23:34:36,507:INFO:The symbols in this password are: ['!']
2018-12-15 23:34:36,507:INFO:The '!' was the 5th character
2018-12-15 23:34:36,507:INFO:

2018-12-15 23:34:36,564:INFO:The length of 'T4st!ng' is 7
2018-12-15 23:34:36,565:INFO:As a list it looks like this ['T', '4', 's', 't', '!', 'n', 'g']
2018-12-15 23:34:36,565:INFO:The letters in this password are: ['T', 's', 't', 'n', 'g']
2018-12-15 23:34:36,565:INFO:The 'T' was the 1st character
2018-12-15 23:34:36,565:INFO:The 's' was the 3rd character
2018-12-15 23:34:36,565:INFO:The 't' was the 4th character
2018-12-15 23:34:36,566:INFO:The 'n' was the 6th character
2018-12-15 23:34:36,566:INFO:The 'g' was the 7th character
2018-12-15 23:34:36,566:INFO:

2018-12-15 23:34:36,566:INFO:The numbers in this password are: ['4']
2018-12-15 23:34:36,566:INFO:The '4' was the 2nd character
2018-12-15 23:34:36,566:INFO:

2018-12-15 23:34:36,566:INFO:The symbols in this password are: ['!']
2018-12-15 23:34:36,567:INFO:The '!' was the 5th character
2018-12-15 23:34:36,567:INFO:

2018-12-15 23:34:36,622:INFO:The length of 'T4st!ng' is 7
2018-12-15 23:34:36,623:INFO:As a list it looks like this ['T', '4', 's', 't', '!', 'n', 'g']
2018-12-15 23:34:36,623:INFO:The letters in this password are: ['T', 's', 't', 'n', 'g']
2018-12-15 23:34:36,623:INFO:The 'T' was the 1st character
2018-12-15 23:34:36,624:INFO:The 's' was the 3rd character
2018-12-15 23:34:36,624:INFO:The 't' was the 4th character
2018-12-15 23:34:36,624:INFO:The 'n' was the 6th character
2018-12-15 23:34:36,624:INFO:The 'g' was the 7th character
2018-12-15 23:34:36,624:INFO:

2018-12-15 23:34:36,625:INFO:The numbers in this password are: ['4']
2018-12-15 23:34:36,625:INFO:The '4' was the 2nd character
2018-12-15 23:34:36,625:INFO:

2018-12-15 23:34:36,625:INFO:The symbols in this password are: ['!']
2018-12-15 23:34:36,625:INFO:The '!' was the 5th character
2018-12-15 23:34:36,626:INFO:

2018-12-15 23:34:36,687:INFO:The length of 'T4st!ng' is 7
2018-12-15 23:34:36,687:INFO:As a list it looks like this ['T', '4', 's', 't', '!', 'n', 'g']
2018-12-15 23:34:36,687:INFO:The letters in this password are: ['T', 's', 't', 'n', 'g']
2018-12-15 23:34:36,687:INFO:The 'T' was the 1st character
2018-12-15 23:34:36,687:INFO:The 's' was the 3rd character
2018-12-15 23:34:36,688:INFO:The 't' was the 4th character
2018-12-15 23:34:36,688:INFO:The 'n' was the 6th character
2018-12-15 23:34:36,688:INFO:The 'g' was the 7th character
2018-12-15 23:34:36,688:INFO:

2018-12-15 23:34:36,688:INFO:The numbers in this password are: ['4']
2018-12-15 23:34:36,688:INFO:The '4' was the 2nd character
2018-12-15 23:34:36,688:INFO:

2018-12-15 23:34:36,688:INFO:The symbols in this password are: ['!']
2018-12-15 23:34:36,688:INFO:The '!' was the 5th character
2018-12-15 23:34:36,689:INFO:

2018-12-15 23:34:36,746:INFO:The length of 'T4st!ng' is 7
2018-12-15 23:34:36,746:INFO:As a list it looks like this ['T', '4', 's', 't', '!', 'n', 'g']
2018-12-15 23:34:36,746:INFO:The letters in this password are: ['T', 's', 't', 'n', 'g']
2018-12-15 23:34:36,746:INFO:The 'T' was the 1st character
2018-12-15 23:34:36,746:INFO:The 's' was the 3rd character
2018-12-15 23:34:36,747:INFO:The 't' was the 4th character
2018-12-15 23:34:36,747:INFO:The 'n' was the 6th character
2018-12-15 23:34:36,747:INFO:The 'g' was the 7th character
2018-12-15 23:34:36,747:INFO:

2018-12-15 23:34:36,747:INFO:The numbers in this password are: ['4']
2018-12-15 23:34:36,747:INFO:The '4' was the 2nd character
2018-12-15 23:34:36,747:INFO:

2018-12-15 23:34:36,748:INFO:The symbols in this password are: ['!']
2018-12-15 23:34:36,748:INFO:The '!' was the 5th character
2018-12-15 23:34:36,748:INFO:

2018-12-15 23:34:36,806:INFO:The length of 'T4st!ng' is 7
2018-12-15 23:34:36,806:INFO:As a list it looks like this ['T', '4', 's', 't', '!', 'n', 'g']
2018-12-15 23:34:36,806:INFO:The letters in this password are: ['T', 's', 't', 'n', 'g']
2018-12-15 23:34:36,806:INFO:The 'T' was the 1st character
2018-12-15 23:34:36,807:INFO:The 's' was the 3rd character
2018-12-15 23:34:36,807:INFO:The 't' was the 4th character
2018-12-15 23:34:36,807:INFO:The 'n' was the 6th character
2018-12-15 23:34:36,807:INFO:The 'g' was the 7th character
2018-12-15 23:34:36,807:INFO:

2018-12-15 23:34:36,807:INFO:The numbers in this password are: ['4']
2018-12-15 23:34:36,807:INFO:The '4' was the 2nd character
2018-12-15 23:34:36,808:INFO:

2018-12-15 23:34:36,808:INFO:The symbols in this password are: ['!']
2018-12-15 23:34:36,808:INFO:The '!' was the 5th character
2018-12-15 23:34:36,808:INFO:

2018-12-15 23:34:36,867:INFO:The length of 'T4st!ng' is 7
2018-12-15 23:34:36,868:INFO:As a list it looks like this ['T', '4', 's', 't', '!', 'n', 'g']
2018-12-15 23:34:36,868:INFO:The letters in this password are: ['T', 's', 't', 'n', 'g']
2018-12-15 23:34:36,868:INFO:The 'T' was the 1st character
2018-12-15 23:34:36,868:INFO:The 's' was the 3rd character
2018-12-15 23:34:36,868:INFO:The 't' was the 4th character
2018-12-15 23:34:36,868:INFO:The 'n' was the 6th character
2018-12-15 23:34:36,868:INFO:The 'g' was the 7th character
2018-12-15 23:34:36,869:INFO:

2018-12-15 23:34:36,869:INFO:The numbers in this password are: ['4']
2018-12-15 23:34:36,869:INFO:The '4' was the 2nd character
2018-12-15 23:34:36,869:INFO:

2018-12-15 23:34:36,869:INFO:The symbols in this password are: ['!']
2018-12-15 23:34:36,869:INFO:The '!' was the 5th character
2018-12-15 23:34:36,870:INFO:

2018-12-15 23:34:36,933:INFO:The length of 'T4st!ng' is 7
2018-12-15 23:34:36,933:INFO:As a list it looks like this ['T', '4', 's', 't', '!', 'n', 'g']
2018-12-15 23:34:36,933:INFO:The letters in this password are: ['T', 's', 't', 'n', 'g']
2018-12-15 23:34:36,934:INFO:The 'T' was the 1st character
2018-12-15 23:34:36,934:INFO:The 's' was the 3rd character
2018-12-15 23:34:36,934:INFO:The 't' was the 4th character
2018-12-15 23:34:36,934:INFO:The 'n' was the 6th character
2018-12-15 23:34:36,934:INFO:The 'g' was the 7th character
2018-12-15 23:34:36,934:INFO:

2018-12-15 23:34:36,934:INFO:The numbers in this password are: ['4']
2018-12-15 23:34:36,935:INFO:The '4' was the 2nd character
2018-12-15 23:34:36,935:INFO:

2018-12-15 23:34:36,935:INFO:The symbols in this password are: ['!']
2018-12-15 23:34:36,935:INFO:The '!' was the 5th character
2018-12-15 23:34:36,935:INFO:

2018-12-15 23:34:37,001:INFO:The length of 'T4st!ng' is 7
2018-12-15 23:34:37,001:INFO:As a list it looks like this ['T', '4', 's', 't', '!', 'n', 'g']
2018-12-15 23:34:37,001:INFO:The letters in this password are: ['T', 's', 't', 'n', 'g']
2018-12-15 23:34:37,001:INFO:The 'T' was the 1st character
2018-12-15 23:34:37,002:INFO:The 's' was the 3rd character
2018-12-15 23:34:37,002:INFO:The 't' was the 4th character
2018-12-15 23:34:37,002:INFO:The 'n' was the 6th character
2018-12-15 23:34:37,002:INFO:The 'g' was the 7th character
2018-12-15 23:34:37,002:INFO:

2018-12-15 23:34:37,002:INFO:The numbers in this password are: ['4']
2018-12-15 23:34:37,002:INFO:The '4' was the 2nd character
2018-12-15 23:34:37,002:INFO:

2018-12-15 23:34:37,003:INFO:The symbols in this password are: ['!']
2018-12-15 23:34:37,003:INFO:The '!' was the 5th character
2018-12-15 23:34:37,003:INFO:

2018-12-15 23:34:37,067:INFO:The length of 'T4st!ng' is 7
2018-12-15 23:34:37,068:INFO:As a list it looks like this ['T', '4', 's', 't', '!', 'n', 'g']
2018-12-15 23:34:37,068:INFO:The letters in this password are: ['T', 's', 't', 'n', 'g']
2018-12-15 23:34:37,068:INFO:The 'T' was the 1st character
2018-12-15 23:34:37,068:INFO:The 's' was the 3rd character
2018-12-15 23:34:37,068:INFO:The 't' was the 4th character
2018-12-15 23:34:37,069:INFO:The 'n' was the 6th character
2018-12-15 23:34:37,069:INFO:The 'g' was the 7th character
2018-12-15 23:34:37,069:INFO:

2018-12-15 23:34:37,069:INFO:The numbers in this password are: ['4']
2018-12-15 23:34:37,069:INFO:The '4' was the 2nd character
2018-12-15 23:34:37,069:INFO:

2018-12-15 23:34:37,069:INFO:The symbols in this password are: ['!']
2018-12-15 23:34:37,070:INFO:The '!' was the 5th character
2018-12-15 23:34:37,070:INFO:

2018-12-15 23:34:37,125:INFO:The length of 'T4st!ng' is 7
2018-12-15 23:34:37,126:INFO:As a list it looks like this ['T', '4', 's', 't', '!', 'n', 'g']
2018-12-15 23:34:37,126:INFO:The letters in this password are: ['T', 's', 't', 'n', 'g']
2018-12-15 23:34:37,126:INFO:The 'T' was the 1st character
2018-12-15 23:34:37,127:INFO:The 's' was the 3rd character
2018-12-15 23:34:37,127:INFO:The 't' was the 4th character
2018-12-15 23:34:37,127:INFO:The 'n' was the 6th character
2018-12-15 23:34:37,127:INFO:The 'g' was the 7th character
2018-12-15 23:34:37,127:INFO:

2018-12-15 23:34:37,127:INFO:The numbers in this password are: ['4']
2018-12-15 23:34:37,128:INFO:The '4' was the 2nd character
2018-12-15 23:34:37,128:INFO:

2018-12-15 23:34:37,128:INFO:The symbols in this password are: ['!']
2018-12-15 23:34:37,128:INFO:The '!' was the 5th character
2018-12-15 23:34:37,128:INFO:

2018-12-15 23:34:37,192:INFO:The length of 'T4st!ng' is 7
2018-12-15 23:34:37,193:INFO:As a list it looks like this ['T', '4', 's', 't', '!', 'n', 'g']
2018-12-15 23:34:37,193:INFO:The letters in this password are: ['T', 's', 't', 'n', 'g']
2018-12-15 23:34:37,193:INFO:The 'T' was the 1st character
2018-12-15 23:34:37,193:INFO:The 's' was the 3rd character
2018-12-15 23:34:37,194:INFO:The 't' was the 4th character
2018-12-15 23:34:37,194:INFO:The 'n' was the 6th character
2018-12-15 23:34:37,194:INFO:The 'g' was the 7th character
2018-12-15 23:34:37,194:INFO:

2018-12-15 23:34:37,194:INFO:The numbers in this password are: ['4']
2018-12-15 23:34:37,194:INFO:The '4' was the 2nd character
2018-12-15 23:34:37,194:INFO:

2018-12-15 23:34:37,195:INFO:The symbols in this password are: ['!']
2018-12-15 23:34:37,195:INFO:The '!' was the 5th character
2018-12-15 23:34:37,195:INFO:

2018-12-15 23:34:37,251:INFO:The length of 'T4st!ng' is 7
2018-12-15 23:34:37,252:INFO:As a list it looks like this ['T', '4', 's', 't', '!', 'n', 'g']
2018-12-15 23:34:37,252:INFO:The letters in this password are: ['T', 's', 't', 'n', 'g']
2018-12-15 23:34:37,253:INFO:The 'T' was the 1st character
2018-12-15 23:34:37,253:INFO:The 's' was the 3rd character
2018-12-15 23:34:37,253:INFO:The 't' was the 4th character
2018-12-15 23:34:37,253:INFO:The 'n' was the 6th character
2018-12-15 23:34:37,253:INFO:The 'g' was the 7th character
2018-12-15 23:34:37,253:INFO:

2018-12-15 23:34:37,253:INFO:The numbers in this password are: ['4']
2018-12-15 23:34:37,254:INFO:The '4' was the 2nd character
2018-12-15 23:34:37,254:INFO:

2018-12-15 23:34:37,254:INFO:The symbols in this password are: ['!']
2018-12-15 23:34:37,254:INFO:The '!' was the 5th character
2018-12-15 23:34:37,254:INFO:

2018-12-15 23:34:37,313:INFO:The length of 'T4st!ng' is 7
2018-12-15 23:34:37,314:INFO:As a list it looks like this ['T', '4', 's', 't', '!', 'n', 'g']
2018-12-15 23:34:37,314:INFO:The letters in this password are: ['T', 's', 't', 'n', 'g']
2018-12-15 23:34:37,314:INFO:The 'T' was the 1st character
2018-12-15 23:34:37,314:INFO:The 's' was the 3rd character
2018-12-15 23:34:37,314:INFO:The 't' was the 4th character
2018-12-15 23:34:37,315:INFO:The 'n' was the 6th character
2018-12-15 23:34:37,315:INFO:The 'g' was the 7th character
2018-12-15 23:34:37,315:INFO:

2018-12-15 23:34:37,315:INFO:The numbers in this password are: ['4']
2018-12-15 23:34:37,315:INFO:The '4' was the 2nd character
2018-12-15 23:34:37,315:INFO:

2018-12-15 23:34:37,315:INFO:The symbols in this password are: ['!']
2018-12-15 23:34:37,315:INFO:The '!' was the 5th character
2018-12-15 23:34:37,316:INFO:

2018-12-15 23:34:37,379:INFO:The length of 'T4st!ng' is 7
2018-12-15 23:34:37,379:INFO:As a list it looks like this ['T', '4', 's', 't', '!', 'n', 'g']
2018-12-15 23:34:37,380:INFO:The letters in this password are: ['T', 's', 't', 'n', 'g']
2018-12-15 23:34:37,380:INFO:The 'T' was the 1st character
2018-12-15 23:34:37,380:INFO:The 's' was the 3rd character
2018-12-15 23:34:37,380:INFO:The 't' was the 4th character
2018-12-15 23:34:37,380:INFO:The 'n' was the 6th character
2018-12-15 23:34:37,380:INFO:The 'g' was the 7th character
2018-12-15 23:34:37,381:INFO:

2018-12-15 23:34:37,381:INFO:The numbers in this password are: ['4']
2018-12-15 23:34:37,381:INFO:The '4' was the 2nd character
2018-12-15 23:34:37,381:INFO:

2018-12-15 23:34:37,381:INFO:The symbols in this password are: ['!']
2018-12-15 23:34:37,381:INFO:The '!' was the 5th character
2018-12-15 23:34:37,381:INFO:

2018-12-15 23:34:37,440:INFO:The length of 'T4st!ng' is 7
2018-12-15 23:34:37,440:INFO:As a list it looks like this ['T', '4', 's', 't', '!', 'n', 'g']
2018-12-15 23:34:37,440:INFO:The letters in this password are: ['T', 's', 't', 'n', 'g']
2018-12-15 23:34:37,440:INFO:The 'T' was the 1st character
2018-12-15 23:34:37,441:INFO:The 's' was the 3rd character
2018-12-15 23:34:37,441:INFO:The 't' was the 4th character
2018-12-15 23:34:37,441:INFO:The 'n' was the 6th character
2018-12-15 23:34:37,441:INFO:The 'g' was the 7th character
2018-12-15 23:34:37,441:INFO:

2018-12-15 23:34:37,441:INFO:The numbers in this password are: ['4']
2018-12-15 23:34:37,442:INFO:The '4' was the 2nd character
2018-12-15 23:34:37,442:INFO:

2018-12-15 23:34:37,442:INFO:The symbols in this password are: ['!']
2018-12-15 23:34:37,442:INFO:The '!' was the 5th character
2018-12-15 23:34:37,442:INFO:

2018-12-15 23:34:37,500:INFO:The length of 'T4st!ng' is 7
2018-12-15 23:34:37,500:INFO:As a list it looks like this ['T', '4', 's', 't', '!', 'n', 'g']
2018-12-15 23:34:37,500:INFO:The letters in this password are: ['T', 's', 't', 'n', 'g']
2018-12-15 23:34:37,501:INFO:The 'T' was the 1st character
2018-12-15 23:34:37,501:INFO:The 's' was the 3rd character
2018-12-15 23:34:37,501:INFO:The 't' was the 4th character
2018-12-15 23:34:37,501:INFO:The 'n' was the 6th character
2018-12-15 23:34:37,501:INFO:The 'g' was the 7th character
2018-12-15 23:34:37,501:INFO:

2018-12-15 23:34:37,501:INFO:The numbers in this password are: ['4']
2018-12-15 23:34:37,501:INFO:The '4' was the 2nd character
2018-12-15 23:34:37,502:INFO:

2018-12-15 23:34:37,502:INFO:The symbols in this password are: ['!']
2018-12-15 23:34:37,502:INFO:The '!' was the 5th character
2018-12-15 23:34:37,502:INFO:

2018-12-15 23:34:37,562:INFO:The length of 'T4st!ng' is 7
2018-12-15 23:34:37,562:INFO:As a list it looks like this ['T', '4', 's', 't', '!', 'n', 'g']
2018-12-15 23:34:37,562:INFO:The letters in this password are: ['T', 's', 't', 'n', 'g']
2018-12-15 23:34:37,562:INFO:The 'T' was the 1st character
2018-12-15 23:34:37,563:INFO:The 's' was the 3rd character
2018-12-15 23:34:37,563:INFO:The 't' was the 4th character
2018-12-15 23:34:37,563:INFO:The 'n' was the 6th character
2018-12-15 23:34:37,563:INFO:The 'g' was the 7th character
2018-12-15 23:34:37,563:INFO:

2018-12-15 23:34:37,563:INFO:The numbers in this password are: ['4']
2018-12-15 23:34:37,564:INFO:The '4' was the 2nd character
2018-12-15 23:34:37,564:INFO:

2018-12-15 23:34:37,564:INFO:The symbols in this password are: ['!']
2018-12-15 23:34:37,564:INFO:The '!' was the 5th character
2018-12-15 23:34:37,565:INFO:

2018-12-15 23:34:37,621:INFO:The length of 'T4st!ng' is 7
2018-12-15 23:34:37,621:INFO:As a list it looks like this ['T', '4', 's', 't', '!', 'n', 'g']
2018-12-15 23:34:37,622:INFO:The letters in this password are: ['T', 's', 't', 'n', 'g']
2018-12-15 23:34:37,622:INFO:The 'T' was the 1st character
2018-12-15 23:34:37,622:INFO:The 's' was the 3rd character
2018-12-15 23:34:37,622:INFO:The 't' was the 4th character
2018-12-15 23:34:37,622:INFO:The 'n' was the 6th character
2018-12-15 23:34:37,622:INFO:The 'g' was the 7th character
2018-12-15 23:34:37,623:INFO:

2018-12-15 23:34:37,623:INFO:The numbers in this password are: ['4']
2018-12-15 23:34:37,623:INFO:The '4' was the 2nd character
2018-12-15 23:34:37,623:INFO:

2018-12-15 23:34:37,623:INFO:The symbols in this password are: ['!']
2018-12-15 23:34:37,623:INFO:The '!' was the 5th character
2018-12-15 23:34:37,623:INFO:

2018-12-15 23:34:37,685:INFO:The length of 'T4st!ng' is 7
2018-12-15 23:34:37,686:INFO:As a list it looks like this ['T', '4', 's', 't', '!', 'n', 'g']
2018-12-15 23:34:37,686:INFO:The letters in this password are: ['T', 's', 't', 'n', 'g']
2018-12-15 23:34:37,686:INFO:The 'T' was the 1st character
2018-12-15 23:34:37,686:INFO:The 's' was the 3rd character
2018-12-15 23:34:37,686:INFO:The 't' was the 4th character
2018-12-15 23:34:37,686:INFO:The 'n' was the 6th character
2018-12-15 23:34:37,686:INFO:The 'g' was the 7th character
2018-12-15 23:34:37,687:INFO:

2018-12-15 23:34:37,687:INFO:The numbers in this password are: ['4']
2018-12-15 23:34:37,687:INFO:The '4' was the 2nd character
2018-12-15 23:34:37,687:INFO:

2018-12-15 23:34:37,687:INFO:The symbols in this password are: ['!']
2018-12-15 23:34:37,687:INFO:The '!' was the 5th character
2018-12-15 23:34:37,687:INFO:

2018-12-15 23:34:37,744:INFO:The length of 'T4st!ng' is 7
2018-12-15 23:34:37,744:INFO:As a list it looks like this ['T', '4', 's', 't', '!', 'n', 'g']
2018-12-15 23:34:37,744:INFO:The letters in this password are: ['T', 's', 't', 'n', 'g']
2018-12-15 23:34:37,745:INFO:The 'T' was the 1st character
2018-12-15 23:34:37,745:INFO:The 's' was the 3rd character
2018-12-15 23:34:37,745:INFO:The 't' was the 4th character
2018-12-15 23:34:37,745:INFO:The 'n' was the 6th character
2018-12-15 23:34:37,745:INFO:The 'g' was the 7th character
2018-12-15 23:34:37,745:INFO:

2018-12-15 23:34:37,745:INFO:The numbers in this password are: ['4']
2018-12-15 23:34:37,746:INFO:The '4' was the 2nd character
2018-12-15 23:34:37,746:INFO:

2018-12-15 23:34:37,746:INFO:The symbols in this password are: ['!']
2018-12-15 23:34:37,746:INFO:The '!' was the 5th character
2018-12-15 23:34:37,746:INFO:

2018-12-15 23:34:37,808:INFO:The length of 'T4st!ng' is 7
2018-12-15 23:34:37,808:INFO:As a list it looks like this ['T', '4', 's', 't', '!', 'n', 'g']
2018-12-15 23:34:37,809:INFO:The letters in this password are: ['T', 's', 't', 'n', 'g']
2018-12-15 23:34:37,809:INFO:The 'T' was the 1st character
2018-12-15 23:34:37,809:INFO:The 's' was the 3rd character
2018-12-15 23:34:37,809:INFO:The 't' was the 4th character
2018-12-15 23:34:37,809:INFO:The 'n' was the 6th character
2018-12-15 23:34:37,809:INFO:The 'g' was the 7th character
2018-12-15 23:34:37,810:INFO:

2018-12-15 23:34:37,810:INFO:The numbers in this password are: ['4']
2018-12-15 23:34:37,810:INFO:The '4' was the 2nd character
2018-12-15 23:34:37,810:INFO:

2018-12-15 23:34:37,810:INFO:The symbols in this password are: ['!']
2018-12-15 23:34:37,810:INFO:The '!' was the 5th character
2018-12-15 23:34:37,810:INFO:

2018-12-15 23:34:37,875:INFO:The length of 'T4st!ng' is 7
2018-12-15 23:34:37,876:INFO:As a list it looks like this ['T', '4', 's', 't', '!', 'n', 'g']
2018-12-15 23:34:37,876:INFO:The letters in this password are: ['T', 's', 't', 'n', 'g']
2018-12-15 23:34:37,876:INFO:The 'T' was the 1st character
2018-12-15 23:34:37,877:INFO:The 's' was the 3rd character
2018-12-15 23:34:37,877:INFO:The 't' was the 4th character
2018-12-15 23:34:37,877:INFO:The 'n' was the 6th character
2018-12-15 23:34:37,877:INFO:The 'g' was the 7th character
2018-12-15 23:34:37,877:INFO:

2018-12-15 23:34:37,877:INFO:The numbers in this password are: ['4']
2018-12-15 23:34:37,877:INFO:The '4' was the 2nd character
2018-12-15 23:34:37,878:INFO:

2018-12-15 23:34:37,878:INFO:The symbols in this password are: ['!']
2018-12-15 23:34:37,878:INFO:The '!' was the 5th character
2018-12-15 23:34:37,878:INFO:

2018-12-15 23:34:37,935:INFO:The length of 'T4st!ng' is 7
2018-12-15 23:34:37,936:INFO:As a list it looks like this ['T', '4', 's', 't', '!', 'n', 'g']
2018-12-15 23:34:37,936:INFO:The letters in this password are: ['T', 's', 't', 'n', 'g']
2018-12-15 23:34:37,937:INFO:The 'T' was the 1st character
2018-12-15 23:34:37,937:INFO:The 's' was the 3rd character
2018-12-15 23:34:37,937:INFO:The 't' was the 4th character
2018-12-15 23:34:37,937:INFO:The 'n' was the 6th character
2018-12-15 23:34:37,937:INFO:The 'g' was the 7th character
2018-12-15 23:34:37,937:INFO:

2018-12-15 23:34:37,937:INFO:The numbers in this password are: ['4']
2018-12-15 23:34:37,938:INFO:The '4' was the 2nd character
2018-12-15 23:34:37,938:INFO:

2018-12-15 23:34:37,938:INFO:The symbols in this password are: ['!']
2018-12-15 23:34:37,938:INFO:The '!' was the 5th character
2018-12-15 23:34:37,938:INFO:

2018-12-15 23:34:37,998:INFO:The length of 'T4st!ng' is 7
2018-12-15 23:34:37,999:INFO:As a list it looks like this ['T', '4', 's', 't', '!', 'n', 'g']
2018-12-15 23:34:37,999:INFO:The letters in this password are: ['T', 's', 't', 'n', 'g']
2018-12-15 23:34:37,999:INFO:The 'T' was the 1st character
2018-12-15 23:34:37,999:INFO:The 's' was the 3rd character
2018-12-15 23:34:37,999:INFO:The 't' was the 4th character
2018-12-15 23:34:38,000:INFO:The 'n' was the 6th character
2018-12-15 23:34:38,000:INFO:The 'g' was the 7th character
2018-12-15 23:34:38,000:INFO:

2018-12-15 23:34:38,000:INFO:The numbers in this password are: ['4']
2018-12-15 23:34:38,000:INFO:The '4' was the 2nd character
2018-12-15 23:34:38,000:INFO:

2018-12-15 23:34:38,000:INFO:The symbols in this password are: ['!']
2018-12-15 23:34:38,001:INFO:The '!' was the 5th character
2018-12-15 23:34:38,001:INFO:

2018-12-15 23:34:38,057:INFO:The length of 'T4st!ng' is 7
2018-12-15 23:34:38,057:INFO:As a list it looks like this ['T', '4', 's', 't', '!', 'n', 'g']
2018-12-15 23:34:38,057:INFO:The letters in this password are: ['T', 's', 't', 'n', 'g']
2018-12-15 23:34:38,058:INFO:The 'T' was the 1st character
2018-12-15 23:34:38,058:INFO:The 's' was the 3rd character
2018-12-15 23:34:38,058:INFO:The 't' was the 4th character
2018-12-15 23:34:38,058:INFO:The 'n' was the 6th character
2018-12-15 23:34:38,058:INFO:The 'g' was the 7th character
2018-12-15 23:34:38,059:INFO:

2018-12-15 23:34:38,059:INFO:The numbers in this password are: ['4']
2018-12-15 23:34:38,059:INFO:The '4' was the 2nd character
2018-12-15 23:34:38,059:INFO:

2018-12-15 23:34:38,059:INFO:The symbols in this password are: ['!']
2018-12-15 23:34:38,059:INFO:The '!' was the 5th character
2018-12-15 23:34:38,060:INFO:

2018-12-15 23:34:38,120:INFO:The length of 'T4st!ng' is 7
2018-12-15 23:34:38,120:INFO:As a list it looks like this ['T', '4', 's', 't', '!', 'n', 'g']
2018-12-15 23:34:38,121:INFO:The letters in this password are: ['T', 's', 't', 'n', 'g']
2018-12-15 23:34:38,121:INFO:The 'T' was the 1st character
2018-12-15 23:34:38,121:INFO:The 's' was the 3rd character
2018-12-15 23:34:38,121:INFO:The 't' was the 4th character
2018-12-15 23:34:38,121:INFO:The 'n' was the 6th character
2018-12-15 23:34:38,121:INFO:The 'g' was the 7th character
2018-12-15 23:34:38,122:INFO:

2018-12-15 23:34:38,122:INFO:The numbers in this password are: ['4']
2018-12-15 23:34:38,122:INFO:The '4' was the 2nd character
2018-12-15 23:34:38,122:INFO:

2018-12-15 23:34:38,122:INFO:The symbols in this password are: ['!']
2018-12-15 23:34:38,123:INFO:The '!' was the 5th character
2018-12-15 23:34:38,123:INFO:

2018-12-15 23:34:38,185:INFO:The length of 'T4st!ng' is 7
2018-12-15 23:34:38,186:INFO:As a list it looks like this ['T', '4', 's', 't', '!', 'n', 'g']
2018-12-15 23:34:38,186:INFO:The letters in this password are: ['T', 's', 't', 'n', 'g']
2018-12-15 23:34:38,186:INFO:The 'T' was the 1st character
2018-12-15 23:34:38,186:INFO:The 's' was the 3rd character
2018-12-15 23:34:38,186:INFO:The 't' was the 4th character
2018-12-15 23:34:38,186:INFO:The 'n' was the 6th character
2018-12-15 23:34:38,187:INFO:The 'g' was the 7th character
2018-12-15 23:34:38,187:INFO:

2018-12-15 23:34:38,187:INFO:The numbers in this password are: ['4']
2018-12-15 23:34:38,187:INFO:The '4' was the 2nd character
2018-12-15 23:34:38,187:INFO:

2018-12-15 23:34:38,187:INFO:The symbols in this password are: ['!']
2018-12-15 23:34:38,187:INFO:The '!' was the 5th character
2018-12-15 23:34:38,187:INFO:

2018-12-15 23:34:38,247:INFO:The length of 'T4st!ng' is 7
2018-12-15 23:34:38,247:INFO:As a list it looks like this ['T', '4', 's', 't', '!', 'n', 'g']
2018-12-15 23:34:38,247:INFO:The letters in this password are: ['T', 's', 't', 'n', 'g']
2018-12-15 23:34:38,248:INFO:The 'T' was the 1st character
2018-12-15 23:34:38,248:INFO:The 's' was the 3rd character
2018-12-15 23:34:38,248:INFO:The 't' was the 4th character
2018-12-15 23:34:38,248:INFO:The 'n' was the 6th character
2018-12-15 23:34:38,248:INFO:The 'g' was the 7th character
2018-12-15 23:34:38,248:INFO:

2018-12-15 23:34:38,249:INFO:The numbers in this password are: ['4']
2018-12-15 23:34:38,249:INFO:The '4' was the 2nd character
2018-12-15 23:34:38,249:INFO:

2018-12-15 23:34:38,249:INFO:The symbols in this password are: ['!']
2018-12-15 23:34:38,249:INFO:The '!' was the 5th character
2018-12-15 23:34:38,250:INFO:

2018-12-15 23:34:38,309:INFO:The length of 'T4st!ng' is 7
2018-12-15 23:34:38,309:INFO:As a list it looks like this ['T', '4', 's', 't', '!', 'n', 'g']
2018-12-15 23:34:38,310:INFO:The letters in this password are: ['T', 's', 't', 'n', 'g']
2018-12-15 23:34:38,310:INFO:The 'T' was the 1st character
2018-12-15 23:34:38,310:INFO:The 's' was the 3rd character
2018-12-15 23:34:38,310:INFO:The 't' was the 4th character
2018-12-15 23:34:38,310:INFO:The 'n' was the 6th character
2018-12-15 23:34:38,311:INFO:The 'g' was the 7th character
2018-12-15 23:34:38,311:INFO:

2018-12-15 23:34:38,311:INFO:The numbers in this password are: ['4']
2018-12-15 23:34:38,311:INFO:The '4' was the 2nd character
2018-12-15 23:34:38,311:INFO:

2018-12-15 23:34:38,311:INFO:The symbols in this password are: ['!']
2018-12-15 23:34:38,311:INFO:The '!' was the 5th character
2018-12-15 23:34:38,311:INFO:

2018-12-15 23:34:38,374:INFO:The length of 'T4st!ng' is 7
2018-12-15 23:34:38,375:INFO:As a list it looks like this ['T', '4', 's', 't', '!', 'n', 'g']
2018-12-15 23:34:38,375:INFO:The letters in this password are: ['T', 's', 't', 'n', 'g']
2018-12-15 23:34:38,376:INFO:The 'T' was the 1st character
2018-12-15 23:34:38,376:INFO:The 's' was the 3rd character
2018-12-15 23:34:38,376:INFO:The 't' was the 4th character
2018-12-15 23:34:38,376:INFO:The 'n' was the 6th character
2018-12-15 23:34:38,376:INFO:The 'g' was the 7th character
2018-12-15 23:34:38,377:INFO:

2018-12-15 23:34:38,377:INFO:The numbers in this password are: ['4']
2018-12-15 23:34:38,377:INFO:The '4' was the 2nd character
2018-12-15 23:34:38,377:INFO:

2018-12-15 23:34:38,377:INFO:The symbols in this password are: ['!']
2018-12-15 23:34:38,377:INFO:The '!' was the 5th character
2018-12-15 23:34:38,377:INFO:

2018-12-15 23:34:38,440:INFO:The length of 'T4st!ng' is 7
2018-12-15 23:34:38,440:INFO:As a list it looks like this ['T', '4', 's', 't', '!', 'n', 'g']
2018-12-15 23:34:38,440:INFO:The letters in this password are: ['T', 's', 't', 'n', 'g']
2018-12-15 23:34:38,441:INFO:The 'T' was the 1st character
2018-12-15 23:34:38,441:INFO:The 's' was the 3rd character
2018-12-15 23:34:38,441:INFO:The 't' was the 4th character
2018-12-15 23:34:38,442:INFO:The 'n' was the 6th character
2018-12-15 23:34:38,442:INFO:The 'g' was the 7th character
2018-12-15 23:34:38,442:INFO:

2018-12-15 23:34:38,442:INFO:The numbers in this password are: ['4']
2018-12-15 23:34:38,442:INFO:The '4' was the 2nd character
2018-12-15 23:34:38,443:INFO:

2018-12-15 23:34:38,443:INFO:The symbols in this password are: ['!']
2018-12-15 23:34:38,443:INFO:The '!' was the 5th character
2018-12-15 23:34:38,443:INFO:

2018-12-15 23:34:38,511:INFO:The length of 'T4st!ng' is 7
2018-12-15 23:34:38,511:INFO:As a list it looks like this ['T', '4', 's', 't', '!', 'n', 'g']
2018-12-15 23:34:38,512:INFO:The letters in this password are: ['T', 's', 't', 'n', 'g']
2018-12-15 23:34:38,512:INFO:The 'T' was the 1st character
2018-12-15 23:34:38,512:INFO:The 's' was the 3rd character
2018-12-15 23:34:38,512:INFO:The 't' was the 4th character
2018-12-15 23:34:38,513:INFO:The 'n' was the 6th character
2018-12-15 23:34:38,513:INFO:The 'g' was the 7th character
2018-12-15 23:34:38,513:INFO:

2018-12-15 23:34:38,513:INFO:The numbers in this password are: ['4']
2018-12-15 23:34:38,513:INFO:The '4' was the 2nd character
2018-12-15 23:34:38,513:INFO:

2018-12-15 23:34:38,514:INFO:The symbols in this password are: ['!']
2018-12-15 23:34:38,514:INFO:The '!' was the 5th character
2018-12-15 23:34:38,514:INFO:

2018-12-15 23:34:38,580:INFO:The length of 'T4st!ng' is 7
2018-12-15 23:34:38,581:INFO:As a list it looks like this ['T', '4', 's', 't', '!', 'n', 'g']
2018-12-15 23:34:38,582:INFO:The letters in this password are: ['T', 's', 't', 'n', 'g']
2018-12-15 23:34:38,582:INFO:The 'T' was the 1st character
2018-12-15 23:34:38,582:INFO:The 's' was the 3rd character
2018-12-15 23:34:38,582:INFO:The 't' was the 4th character
2018-12-15 23:34:38,582:INFO:The 'n' was the 6th character
2018-12-15 23:34:38,583:INFO:The 'g' was the 7th character
2018-12-15 23:34:38,583:INFO:

2018-12-15 23:34:38,583:INFO:The numbers in this password are: ['4']
2018-12-15 23:34:38,583:INFO:The '4' was the 2nd character
2018-12-15 23:34:38,583:INFO:

2018-12-15 23:34:38,583:INFO:The symbols in this password are: ['!']
2018-12-15 23:34:38,583:INFO:The '!' was the 5th character
2018-12-15 23:34:38,584:INFO:

2018-12-15 23:34:38,649:INFO:The length of 'T4st!ng' is 7
2018-12-15 23:34:38,649:INFO:As a list it looks like this ['T', '4', 's', 't', '!', 'n', 'g']
2018-12-15 23:34:38,649:INFO:The letters in this password are: ['T', 's', 't', 'n', 'g']
2018-12-15 23:34:38,650:INFO:The 'T' was the 1st character
2018-12-15 23:34:38,650:INFO:The 's' was the 3rd character
2018-12-15 23:34:38,650:INFO:The 't' was the 4th character
2018-12-15 23:34:38,650:INFO:The 'n' was the 6th character
2018-12-15 23:34:38,650:INFO:The 'g' was the 7th character
2018-12-15 23:34:38,650:INFO:

2018-12-15 23:34:38,651:INFO:The numbers in this password are: ['4']
2018-12-15 23:34:38,651:INFO:The '4' was the 2nd character
2018-12-15 23:34:38,651:INFO:

2018-12-15 23:34:38,651:INFO:The symbols in this password are: ['!']
2018-12-15 23:34:38,651:INFO:The '!' was the 5th character
2018-12-15 23:34:38,651:INFO:

2018-12-15 23:34:38,710:INFO:The length of 'T4st!ng' is 7
2018-12-15 23:34:38,710:INFO:As a list it looks like this ['T', '4', 's', 't', '!', 'n', 'g']
2018-12-15 23:34:38,710:INFO:The letters in this password are: ['T', 's', 't', 'n', 'g']
2018-12-15 23:34:38,711:INFO:The 'T' was the 1st character
2018-12-15 23:34:38,711:INFO:The 's' was the 3rd character
2018-12-15 23:34:38,711:INFO:The 't' was the 4th character
2018-12-15 23:34:38,711:INFO:The 'n' was the 6th character
2018-12-15 23:34:38,711:INFO:The 'g' was the 7th character
2018-12-15 23:34:38,711:INFO:

2018-12-15 23:34:38,711:INFO:The numbers in this password are: ['4']
2018-12-15 23:34:38,711:INFO:The '4' was the 2nd character
2018-12-15 23:34:38,712:INFO:

2018-12-15 23:34:38,712:INFO:The symbols in this password are: ['!']
2018-12-15 23:34:38,712:INFO:The '!' was the 5th character
2018-12-15 23:34:38,712:INFO:

2018-12-15 23:34:38,779:INFO:The length of 'T4st!ng' is 7
2018-12-15 23:34:38,779:INFO:As a list it looks like this ['T', '4', 's', 't', '!', 'n', 'g']
2018-12-15 23:34:38,780:INFO:The letters in this password are: ['T', 's', 't', 'n', 'g']
2018-12-15 23:34:38,780:INFO:The 'T' was the 1st character
2018-12-15 23:34:38,780:INFO:The 's' was the 3rd character
2018-12-15 23:34:38,780:INFO:The 't' was the 4th character
2018-12-15 23:34:38,780:INFO:The 'n' was the 6th character
2018-12-15 23:34:38,780:INFO:The 'g' was the 7th character
2018-12-15 23:34:38,780:INFO:

2018-12-15 23:34:38,780:INFO:The numbers in this password are: ['4']
2018-12-15 23:34:38,780:INFO:The '4' was the 2nd character
2018-12-15 23:34:38,781:INFO:

2018-12-15 23:34:38,781:INFO:The symbols in this password are: ['!']
2018-12-15 23:34:38,781:INFO:The '!' was the 5th character
2018-12-15 23:34:38,781:INFO:

2018-12-15 23:34:38,839:INFO:The length of 'T4st!ng' is 7
2018-12-15 23:34:38,840:INFO:As a list it looks like this ['T', '4', 's', 't', '!', 'n', 'g']
2018-12-15 23:34:38,840:INFO:The letters in this password are: ['T', 's', 't', 'n', 'g']
2018-12-15 23:34:38,840:INFO:The 'T' was the 1st character
2018-12-15 23:34:38,840:INFO:The 's' was the 3rd character
2018-12-15 23:34:38,840:INFO:The 't' was the 4th character
2018-12-15 23:34:38,841:INFO:The 'n' was the 6th character
2018-12-15 23:34:38,841:INFO:The 'g' was the 7th character
2018-12-15 23:34:38,841:INFO:

2018-12-15 23:34:38,841:INFO:The numbers in this password are: ['4']
2018-12-15 23:34:38,841:INFO:The '4' was the 2nd character
2018-12-15 23:34:38,841:INFO:

2018-12-15 23:34:38,841:INFO:The symbols in this password are: ['!']
2018-12-15 23:34:38,841:INFO:The '!' was the 5th character
2018-12-15 23:34:38,842:INFO:

2018-12-15 23:34:38,905:INFO:The length of 'T4st!ng' is 7
2018-12-15 23:34:38,905:INFO:As a list it looks like this ['T', '4', 's', 't', '!', 'n', 'g']
2018-12-15 23:34:38,905:INFO:The letters in this password are: ['T', 's', 't', 'n', 'g']
2018-12-15 23:34:38,905:INFO:The 'T' was the 1st character
2018-12-15 23:34:38,906:INFO:The 's' was the 3rd character
2018-12-15 23:34:38,906:INFO:The 't' was the 4th character
2018-12-15 23:34:38,906:INFO:The 'n' was the 6th character
2018-12-15 23:34:38,906:INFO:The 'g' was the 7th character
2018-12-15 23:34:38,906:INFO:

2018-12-15 23:34:38,906:INFO:The numbers in this password are: ['4']
2018-12-15 23:34:38,906:INFO:The '4' was the 2nd character
2018-12-15 23:34:38,907:INFO:

2018-12-15 23:34:38,907:INFO:The symbols in this password are: ['!']
2018-12-15 23:34:38,907:INFO:The '!' was the 5th character
2018-12-15 23:34:38,907:INFO:

2018-12-15 23:34:38,966:INFO:The length of 'T4st!ng' is 7
2018-12-15 23:34:38,966:INFO:As a list it looks like this ['T', '4', 's', 't', '!', 'n', 'g']
2018-12-15 23:34:38,967:INFO:The letters in this password are: ['T', 's', 't', 'n', 'g']
2018-12-15 23:34:38,967:INFO:The 'T' was the 1st character
2018-12-15 23:34:38,967:INFO:The 's' was the 3rd character
2018-12-15 23:34:38,967:INFO:The 't' was the 4th character
2018-12-15 23:34:38,967:INFO:The 'n' was the 6th character
2018-12-15 23:34:38,967:INFO:The 'g' was the 7th character
2018-12-15 23:34:38,968:INFO:

2018-12-15 23:34:38,968:INFO:The numbers in this password are: ['4']
2018-12-15 23:34:38,968:INFO:The '4' was the 2nd character
2018-12-15 23:34:38,968:INFO:

2018-12-15 23:34:38,968:INFO:The symbols in this password are: ['!']
2018-12-15 23:34:38,968:INFO:The '!' was the 5th character
2018-12-15 23:34:38,969:INFO:

2018-12-15 23:34:39,031:INFO:The length of 'T4st!ng' is 7
2018-12-15 23:34:39,032:INFO:As a list it looks like this ['T', '4', 's', 't', '!', 'n', 'g']
2018-12-15 23:34:39,033:INFO:The letters in this password are: ['T', 's', 't', 'n', 'g']
2018-12-15 23:34:39,033:INFO:The 'T' was the 1st character
2018-12-15 23:34:39,033:INFO:The 's' was the 3rd character
2018-12-15 23:34:39,033:INFO:The 't' was the 4th character
2018-12-15 23:34:39,033:INFO:The 'n' was the 6th character
2018-12-15 23:34:39,034:INFO:The 'g' was the 7th character
2018-12-15 23:34:39,034:INFO:

2018-12-15 23:34:39,034:INFO:The numbers in this password are: ['4']
2018-12-15 23:34:39,034:INFO:The '4' was the 2nd character
2018-12-15 23:34:39,034:INFO:

2018-12-15 23:34:39,035:INFO:The symbols in this password are: ['!']
2018-12-15 23:34:39,035:INFO:The '!' was the 5th character
2018-12-15 23:34:39,035:INFO:

2018-12-15 23:34:39,093:INFO:The length of 'T4st!ng' is 7
2018-12-15 23:34:39,094:INFO:As a list it looks like this ['T', '4', 's', 't', '!', 'n', 'g']
2018-12-15 23:34:39,094:INFO:The letters in this password are: ['T', 's', 't', 'n', 'g']
2018-12-15 23:34:39,094:INFO:The 'T' was the 1st character
2018-12-15 23:34:39,094:INFO:The 's' was the 3rd character
2018-12-15 23:34:39,094:INFO:The 't' was the 4th character
2018-12-15 23:34:39,095:INFO:The 'n' was the 6th character
2018-12-15 23:34:39,095:INFO:The 'g' was the 7th character
2018-12-15 23:34:39,095:INFO:

2018-12-15 23:34:39,095:INFO:The numbers in this password are: ['4']
2018-12-15 23:34:39,095:INFO:The '4' was the 2nd character
2018-12-15 23:34:39,095:INFO:

2018-12-15 23:34:39,095:INFO:The symbols in this password are: ['!']
2018-12-15 23:34:39,095:INFO:The '!' was the 5th character
2018-12-15 23:34:39,096:INFO:

2018-12-15 23:34:39,154:INFO:The length of 'T4st!ng' is 7
2018-12-15 23:34:39,154:INFO:As a list it looks like this ['T', '4', 's', 't', '!', 'n', 'g']
2018-12-15 23:34:39,154:INFO:The letters in this password are: ['T', 's', 't', 'n', 'g']
2018-12-15 23:34:39,155:INFO:The 'T' was the 1st character
2018-12-15 23:34:39,155:INFO:The 's' was the 3rd character
2018-12-15 23:34:39,155:INFO:The 't' was the 4th character
2018-12-15 23:34:39,155:INFO:The 'n' was the 6th character
2018-12-15 23:34:39,155:INFO:The 'g' was the 7th character
2018-12-15 23:34:39,155:INFO:

2018-12-15 23:34:39,156:INFO:The numbers in this password are: ['4']
2018-12-15 23:34:39,156:INFO:The '4' was the 2nd character
2018-12-15 23:34:39,156:INFO:

2018-12-15 23:34:39,156:INFO:The symbols in this password are: ['!']
2018-12-15 23:34:39,156:INFO:The '!' was the 5th character
2018-12-15 23:34:39,156:INFO:

2018-12-15 23:34:39,214:INFO:The length of 'T4st!ng' is 7
2018-12-15 23:34:39,214:INFO:As a list it looks like this ['T', '4', 's', 't', '!', 'n', 'g']
2018-12-15 23:34:39,215:INFO:The letters in this password are: ['T', 's', 't', 'n', 'g']
2018-12-15 23:34:39,215:INFO:The 'T' was the 1st character
2018-12-15 23:34:39,215:INFO:The 's' was the 3rd character
2018-12-15 23:34:39,215:INFO:The 't' was the 4th character
2018-12-15 23:34:39,215:INFO:The 'n' was the 6th character
2018-12-15 23:34:39,215:INFO:The 'g' was the 7th character
2018-12-15 23:34:39,215:INFO:

2018-12-15 23:34:39,215:INFO:The numbers in this password are: ['4']
2018-12-15 23:34:39,216:INFO:The '4' was the 2nd character
2018-12-15 23:34:39,216:INFO:

2018-12-15 23:34:39,216:INFO:The symbols in this password are: ['!']
2018-12-15 23:34:39,216:INFO:The '!' was the 5th character
2018-12-15 23:34:39,216:INFO:

2018-12-15 23:34:39,278:INFO:The length of 'T4st!ng' is 7
2018-12-15 23:34:39,279:INFO:As a list it looks like this ['T', '4', 's', 't', '!', 'n', 'g']
2018-12-15 23:34:39,279:INFO:The letters in this password are: ['T', 's', 't', 'n', 'g']
2018-12-15 23:34:39,279:INFO:The 'T' was the 1st character
2018-12-15 23:34:39,280:INFO:The 's' was the 3rd character
2018-12-15 23:34:39,280:INFO:The 't' was the 4th character
2018-12-15 23:34:39,280:INFO:The 'n' was the 6th character
2018-12-15 23:34:39,280:INFO:The 'g' was the 7th character
2018-12-15 23:34:39,280:INFO:

2018-12-15 23:34:39,280:INFO:The numbers in this password are: ['4']
2018-12-15 23:34:39,280:INFO:The '4' was the 2nd character
2018-12-15 23:34:39,281:INFO:

2018-12-15 23:34:39,281:INFO:The symbols in this password are: ['!']
2018-12-15 23:34:39,281:INFO:The '!' was the 5th character
2018-12-15 23:34:39,281:INFO:

2018-12-15 23:34:39,338:INFO:The length of 'T4st!ng' is 7
2018-12-15 23:34:39,339:INFO:As a list it looks like this ['T', '4', 's', 't', '!', 'n', 'g']
2018-12-15 23:34:39,339:INFO:The letters in this password are: ['T', 's', 't', 'n', 'g']
2018-12-15 23:34:39,339:INFO:The 'T' was the 1st character
2018-12-15 23:34:39,339:INFO:The 's' was the 3rd character
2018-12-15 23:34:39,339:INFO:The 't' was the 4th character
2018-12-15 23:34:39,340:INFO:The 'n' was the 6th character
2018-12-15 23:34:39,340:INFO:The 'g' was the 7th character
2018-12-15 23:34:39,340:INFO:

2018-12-15 23:34:39,340:INFO:The numbers in this password are: ['4']
2018-12-15 23:34:39,340:INFO:The '4' was the 2nd character
2018-12-15 23:34:39,340:INFO:

2018-12-15 23:34:39,340:INFO:The symbols in this password are: ['!']
2018-12-15 23:34:39,340:INFO:The '!' was the 5th character
2018-12-15 23:34:39,341:INFO:

2018-12-15 23:34:39,400:INFO:The length of 'T4st!ng' is 7
2018-12-15 23:34:39,401:INFO:As a list it looks like this ['T', '4', 's', 't', '!', 'n', 'g']
2018-12-15 23:34:39,401:INFO:The letters in this password are: ['T', 's', 't', 'n', 'g']
2018-12-15 23:34:39,401:INFO:The 'T' was the 1st character
2018-12-15 23:34:39,401:INFO:The 's' was the 3rd character
2018-12-15 23:34:39,401:INFO:The 't' was the 4th character
2018-12-15 23:34:39,402:INFO:The 'n' was the 6th character
2018-12-15 23:34:39,402:INFO:The 'g' was the 7th character
2018-12-15 23:34:39,402:INFO:

2018-12-15 23:34:39,402:INFO:The numbers in this password are: ['4']
2018-12-15 23:34:39,402:INFO:The '4' was the 2nd character
2018-12-15 23:34:39,402:INFO:

2018-12-15 23:34:39,403:INFO:The symbols in this password are: ['!']
2018-12-15 23:34:39,403:INFO:The '!' was the 5th character
2018-12-15 23:34:39,403:INFO:

2018-12-15 23:34:39,469:INFO:The length of 'T4st!ng' is 7
2018-12-15 23:34:39,470:INFO:As a list it looks like this ['T', '4', 's', 't', '!', 'n', 'g']
2018-12-15 23:34:39,470:INFO:The letters in this password are: ['T', 's', 't', 'n', 'g']
2018-12-15 23:34:39,470:INFO:The 'T' was the 1st character
2018-12-15 23:34:39,471:INFO:The 's' was the 3rd character
2018-12-15 23:34:39,471:INFO:The 't' was the 4th character
2018-12-15 23:34:39,471:INFO:The 'n' was the 6th character
2018-12-15 23:34:39,471:INFO:The 'g' was the 7th character
2018-12-15 23:34:39,471:INFO:

2018-12-15 23:34:39,471:INFO:The numbers in this password are: ['4']
2018-12-15 23:34:39,471:INFO:The '4' was the 2nd character
2018-12-15 23:34:39,471:INFO:

2018-12-15 23:34:39,472:INFO:The symbols in this password are: ['!']
2018-12-15 23:34:39,472:INFO:The '!' was the 5th character
2018-12-15 23:34:39,472:INFO:

2018-12-15 23:34:39,536:INFO:The length of 'T4st!ng' is 7
2018-12-15 23:34:39,537:INFO:As a list it looks like this ['T', '4', 's', 't', '!', 'n', 'g']
2018-12-15 23:34:39,537:INFO:The letters in this password are: ['T', 's', 't', 'n', 'g']
2018-12-15 23:34:39,537:INFO:The 'T' was the 1st character
2018-12-15 23:34:39,538:INFO:The 's' was the 3rd character
2018-12-15 23:34:39,538:INFO:The 't' was the 4th character
2018-12-15 23:34:39,538:INFO:The 'n' was the 6th character
2018-12-15 23:34:39,538:INFO:The 'g' was the 7th character
2018-12-15 23:34:39,538:INFO:

2018-12-15 23:34:39,539:INFO:The numbers in this password are: ['4']
2018-12-15 23:34:39,539:INFO:The '4' was the 2nd character
2018-12-15 23:34:39,539:INFO:

2018-12-15 23:34:39,539:INFO:The symbols in this password are: ['!']
2018-12-15 23:34:39,539:INFO:The '!' was the 5th character
2018-12-15 23:34:39,539:INFO:

2018-12-15 23:34:39,600:INFO:The length of 'T4st!ng' is 7
2018-12-15 23:34:39,601:INFO:As a list it looks like this ['T', '4', 's', 't', '!', 'n', 'g']
2018-12-15 23:34:39,601:INFO:The letters in this password are: ['T', 's', 't', 'n', 'g']
2018-12-15 23:34:39,601:INFO:The 'T' was the 1st character
2018-12-15 23:34:39,601:INFO:The 's' was the 3rd character
2018-12-15 23:34:39,601:INFO:The 't' was the 4th character
2018-12-15 23:34:39,601:INFO:The 'n' was the 6th character
2018-12-15 23:34:39,602:INFO:The 'g' was the 7th character
2018-12-15 23:34:39,602:INFO:

2018-12-15 23:34:39,602:INFO:The numbers in this password are: ['4']
2018-12-15 23:34:39,602:INFO:The '4' was the 2nd character
2018-12-15 23:34:39,602:INFO:

2018-12-15 23:34:39,602:INFO:The symbols in this password are: ['!']
2018-12-15 23:34:39,602:INFO:The '!' was the 5th character
2018-12-15 23:34:39,603:INFO:

2018-12-15 23:34:39,661:INFO:The length of 'T4st!ng' is 7
2018-12-15 23:34:39,661:INFO:As a list it looks like this ['T', '4', 's', 't', '!', 'n', 'g']
2018-12-15 23:34:39,661:INFO:The letters in this password are: ['T', 's', 't', 'n', 'g']
2018-12-15 23:34:39,662:INFO:The 'T' was the 1st character
2018-12-15 23:34:39,662:INFO:The 's' was the 3rd character
2018-12-15 23:34:39,662:INFO:The 't' was the 4th character
2018-12-15 23:34:39,662:INFO:The 'n' was the 6th character
2018-12-15 23:34:39,662:INFO:The 'g' was the 7th character
2018-12-15 23:34:39,662:INFO:

2018-12-15 23:34:39,662:INFO:The numbers in this password are: ['4']
2018-12-15 23:34:39,663:INFO:The '4' was the 2nd character
2018-12-15 23:34:39,663:INFO:

2018-12-15 23:34:39,663:INFO:The symbols in this password are: ['!']
2018-12-15 23:34:39,663:INFO:The '!' was the 5th character
2018-12-15 23:34:39,663:INFO:

2018-12-15 23:34:39,718:INFO:The length of 'T4st!ng' is 7
2018-12-15 23:34:39,719:INFO:As a list it looks like this ['T', '4', 's', 't', '!', 'n', 'g']
2018-12-15 23:34:39,719:INFO:The letters in this password are: ['T', 's', 't', 'n', 'g']
2018-12-15 23:34:39,720:INFO:The 'T' was the 1st character
2018-12-15 23:34:39,720:INFO:The 's' was the 3rd character
2018-12-15 23:34:39,720:INFO:The 't' was the 4th character
2018-12-15 23:34:39,720:INFO:The 'n' was the 6th character
2018-12-15 23:34:39,720:INFO:The 'g' was the 7th character
2018-12-15 23:34:39,720:INFO:

2018-12-15 23:34:39,720:INFO:The numbers in this password are: ['4']
2018-12-15 23:34:39,720:INFO:The '4' was the 2nd character
2018-12-15 23:34:39,721:INFO:

2018-12-15 23:34:39,721:INFO:The symbols in this password are: ['!']
2018-12-15 23:34:39,721:INFO:The '!' was the 5th character
2018-12-15 23:34:39,721:INFO:

2018-12-15 23:34:39,780:INFO:The length of 'T4st!ng' is 7
2018-12-15 23:34:39,780:INFO:As a list it looks like this ['T', '4', 's', 't', '!', 'n', 'g']
2018-12-15 23:34:39,780:INFO:The letters in this password are: ['T', 's', 't', 'n', 'g']
2018-12-15 23:34:39,780:INFO:The 'T' was the 1st character
2018-12-15 23:34:39,781:INFO:The 's' was the 3rd character
2018-12-15 23:34:39,781:INFO:The 't' was the 4th character
2018-12-15 23:34:39,781:INFO:The 'n' was the 6th character
2018-12-15 23:34:39,781:INFO:The 'g' was the 7th character
2018-12-15 23:34:39,781:INFO:

2018-12-15 23:34:39,781:INFO:The numbers in this password are: ['4']
2018-12-15 23:34:39,781:INFO:The '4' was the 2nd character
2018-12-15 23:34:39,782:INFO:

2018-12-15 23:34:39,782:INFO:The symbols in this password are: ['!']
2018-12-15 23:34:39,782:INFO:The '!' was the 5th character
2018-12-15 23:34:39,782:INFO:

2018-12-15 23:34:39,841:INFO:The length of 'T4st!ng' is 7
2018-12-15 23:34:39,842:INFO:As a list it looks like this ['T', '4', 's', 't', '!', 'n', 'g']
2018-12-15 23:34:39,842:INFO:The letters in this password are: ['T', 's', 't', 'n', 'g']
2018-12-15 23:34:39,842:INFO:The 'T' was the 1st character
2018-12-15 23:34:39,843:INFO:The 's' was the 3rd character
2018-12-15 23:34:39,843:INFO:The 't' was the 4th character
2018-12-15 23:34:39,843:INFO:The 'n' was the 6th character
2018-12-15 23:34:39,843:INFO:The 'g' was the 7th character
2018-12-15 23:34:39,843:INFO:

2018-12-15 23:34:39,843:INFO:The numbers in this password are: ['4']
2018-12-15 23:34:39,844:INFO:The '4' was the 2nd character
2018-12-15 23:34:39,844:INFO:

2018-12-15 23:34:39,844:INFO:The symbols in this password are: ['!']
2018-12-15 23:34:39,844:INFO:The '!' was the 5th character
2018-12-15 23:34:39,844:INFO:

2018-12-15 23:34:39,901:INFO:The length of 'T4st!ng' is 7
2018-12-15 23:34:39,901:INFO:As a list it looks like this ['T', '4', 's', 't', '!', 'n', 'g']
2018-12-15 23:34:39,902:INFO:The letters in this password are: ['T', 's', 't', 'n', 'g']
2018-12-15 23:34:39,902:INFO:The 'T' was the 1st character
2018-12-15 23:34:39,902:INFO:The 's' was the 3rd character
2018-12-15 23:34:39,902:INFO:The 't' was the 4th character
2018-12-15 23:34:39,902:INFO:The 'n' was the 6th character
2018-12-15 23:34:39,902:INFO:The 'g' was the 7th character
2018-12-15 23:34:39,902:INFO:

2018-12-15 23:34:39,902:INFO:The numbers in this password are: ['4']
2018-12-15 23:34:39,903:INFO:The '4' was the 2nd character
2018-12-15 23:34:39,903:INFO:

2018-12-15 23:34:39,903:INFO:The symbols in this password are: ['!']
2018-12-15 23:34:39,903:INFO:The '!' was the 5th character
2018-12-15 23:34:39,903:INFO:

2018-12-15 23:34:39,961:INFO:The length of 'T4st!ng' is 7
2018-12-15 23:34:39,962:INFO:As a list it looks like this ['T', '4', 's', 't', '!', 'n', 'g']
2018-12-15 23:34:39,962:INFO:The letters in this password are: ['T', 's', 't', 'n', 'g']
2018-12-15 23:34:39,962:INFO:The 'T' was the 1st character
2018-12-15 23:34:39,962:INFO:The 's' was the 3rd character
2018-12-15 23:34:39,962:INFO:The 't' was the 4th character
2018-12-15 23:34:39,963:INFO:The 'n' was the 6th character
2018-12-15 23:34:39,963:INFO:The 'g' was the 7th character
2018-12-15 23:34:39,963:INFO:

2018-12-15 23:34:39,963:INFO:The numbers in this password are: ['4']
2018-12-15 23:34:39,963:INFO:The '4' was the 2nd character
2018-12-15 23:34:39,963:INFO:

2018-12-15 23:34:39,963:INFO:The symbols in this password are: ['!']
2018-12-15 23:34:39,966:INFO:The '!' was the 5th character
2018-12-15 23:34:39,966:INFO:

2018-12-15 23:34:40,023:INFO:The length of 'T4st!ng' is 7
2018-12-15 23:34:40,023:INFO:As a list it looks like this ['T', '4', 's', 't', '!', 'n', 'g']
2018-12-15 23:34:40,024:INFO:The letters in this password are: ['T', 's', 't', 'n', 'g']
2018-12-15 23:34:40,024:INFO:The 'T' was the 1st character
2018-12-15 23:34:40,024:INFO:The 's' was the 3rd character
2018-12-15 23:34:40,024:INFO:The 't' was the 4th character
2018-12-15 23:34:40,024:INFO:The 'n' was the 6th character
2018-12-15 23:34:40,024:INFO:The 'g' was the 7th character
2018-12-15 23:34:40,024:INFO:

2018-12-15 23:34:40,025:INFO:The numbers in this password are: ['4']
2018-12-15 23:34:40,025:INFO:The '4' was the 2nd character
2018-12-15 23:34:40,025:INFO:

2018-12-15 23:34:40,025:INFO:The symbols in this password are: ['!']
2018-12-15 23:34:40,025:INFO:The '!' was the 5th character
2018-12-15 23:34:40,025:INFO:

2018-12-15 23:34:40,084:INFO:The length of 'T4st!ng' is 7
2018-12-15 23:34:40,084:INFO:As a list it looks like this ['T', '4', 's', 't', '!', 'n', 'g']
2018-12-15 23:34:40,084:INFO:The letters in this password are: ['T', 's', 't', 'n', 'g']
2018-12-15 23:34:40,084:INFO:The 'T' was the 1st character
2018-12-15 23:34:40,085:INFO:The 's' was the 3rd character
2018-12-15 23:34:40,085:INFO:The 't' was the 4th character
2018-12-15 23:34:40,085:INFO:The 'n' was the 6th character
2018-12-15 23:34:40,085:INFO:The 'g' was the 7th character
2018-12-15 23:34:40,085:INFO:

2018-12-15 23:34:40,085:INFO:The numbers in this password are: ['4']
2018-12-15 23:34:40,085:INFO:The '4' was the 2nd character
2018-12-15 23:34:40,085:INFO:

2018-12-15 23:34:40,086:INFO:The symbols in this password are: ['!']
2018-12-15 23:34:40,086:INFO:The '!' was the 5th character
2018-12-15 23:34:40,086:INFO:

2018-12-15 23:34:40,146:INFO:The length of 'T4st!ng' is 7
2018-12-15 23:34:40,147:INFO:As a list it looks like this ['T', '4', 's', 't', '!', 'n', 'g']
2018-12-15 23:34:40,147:INFO:The letters in this password are: ['T', 's', 't', 'n', 'g']
2018-12-15 23:34:40,147:INFO:The 'T' was the 1st character
2018-12-15 23:34:40,147:INFO:The 's' was the 3rd character
2018-12-15 23:34:40,147:INFO:The 't' was the 4th character
2018-12-15 23:34:40,147:INFO:The 'n' was the 6th character
2018-12-15 23:34:40,148:INFO:The 'g' was the 7th character
2018-12-15 23:34:40,148:INFO:

2018-12-15 23:34:40,148:INFO:The numbers in this password are: ['4']
2018-12-15 23:34:40,148:INFO:The '4' was the 2nd character
2018-12-15 23:34:40,148:INFO:

2018-12-15 23:34:40,148:INFO:The symbols in this password are: ['!']
2018-12-15 23:34:40,148:INFO:The '!' was the 5th character
2018-12-15 23:34:40,148:INFO:

2018-12-15 23:34:40,206:INFO:The length of 'T4st!ng' is 7
2018-12-15 23:34:40,207:INFO:As a list it looks like this ['T', '4', 's', 't', '!', 'n', 'g']
2018-12-15 23:34:40,207:INFO:The letters in this password are: ['T', 's', 't', 'n', 'g']
2018-12-15 23:34:40,207:INFO:The 'T' was the 1st character
2018-12-15 23:34:40,207:INFO:The 's' was the 3rd character
2018-12-15 23:34:40,207:INFO:The 't' was the 4th character
2018-12-15 23:34:40,208:INFO:The 'n' was the 6th character
2018-12-15 23:34:40,208:INFO:The 'g' was the 7th character
2018-12-15 23:34:40,208:INFO:

2018-12-15 23:34:40,208:INFO:The numbers in this password are: ['4']
2018-12-15 23:34:40,208:INFO:The '4' was the 2nd character
2018-12-15 23:34:40,208:INFO:

2018-12-15 23:34:40,208:INFO:The symbols in this password are: ['!']
2018-12-15 23:34:40,208:INFO:The '!' was the 5th character
2018-12-15 23:34:40,209:INFO:

2018-12-15 23:34:40,274:INFO:The length of 'T4st!ng' is 7
2018-12-15 23:34:40,274:INFO:As a list it looks like this ['T', '4', 's', 't', '!', 'n', 'g']
2018-12-15 23:34:40,274:INFO:The letters in this password are: ['T', 's', 't', 'n', 'g']
2018-12-15 23:34:40,275:INFO:The 'T' was the 1st character
2018-12-15 23:34:40,275:INFO:The 's' was the 3rd character
2018-12-15 23:34:40,275:INFO:The 't' was the 4th character
2018-12-15 23:34:40,275:INFO:The 'n' was the 6th character
2018-12-15 23:34:40,275:INFO:The 'g' was the 7th character
2018-12-15 23:34:40,275:INFO:

2018-12-15 23:34:40,275:INFO:The numbers in this password are: ['4']
2018-12-15 23:34:40,276:INFO:The '4' was the 2nd character
2018-12-15 23:34:40,276:INFO:

2018-12-15 23:34:40,276:INFO:The symbols in this password are: ['!']
2018-12-15 23:34:40,276:INFO:The '!' was the 5th character
2018-12-15 23:34:40,276:INFO:

2018-12-15 23:34:40,337:INFO:The length of 'T4st!ng' is 7
2018-12-15 23:34:40,338:INFO:As a list it looks like this ['T', '4', 's', 't', '!', 'n', 'g']
2018-12-15 23:34:40,338:INFO:The letters in this password are: ['T', 's', 't', 'n', 'g']
2018-12-15 23:34:40,338:INFO:The 'T' was the 1st character
2018-12-15 23:34:40,339:INFO:The 's' was the 3rd character
2018-12-15 23:34:40,339:INFO:The 't' was the 4th character
2018-12-15 23:34:40,339:INFO:The 'n' was the 6th character
2018-12-15 23:34:40,339:INFO:The 'g' was the 7th character
2018-12-15 23:34:40,339:INFO:

2018-12-15 23:34:40,339:INFO:The numbers in this password are: ['4']
2018-12-15 23:34:40,339:INFO:The '4' was the 2nd character
2018-12-15 23:34:40,340:INFO:

2018-12-15 23:34:40,340:INFO:The symbols in this password are: ['!']
2018-12-15 23:34:40,340:INFO:The '!' was the 5th character
2018-12-15 23:34:40,340:INFO:

2018-12-15 23:34:40,396:INFO:The length of 'T4st!ng' is 7
2018-12-15 23:34:40,397:INFO:As a list it looks like this ['T', '4', 's', 't', '!', 'n', 'g']
2018-12-15 23:34:40,397:INFO:The letters in this password are: ['T', 's', 't', 'n', 'g']
2018-12-15 23:34:40,397:INFO:The 'T' was the 1st character
2018-12-15 23:34:40,397:INFO:The 's' was the 3rd character
2018-12-15 23:34:40,398:INFO:The 't' was the 4th character
2018-12-15 23:34:40,398:INFO:The 'n' was the 6th character
2018-12-15 23:34:40,398:INFO:The 'g' was the 7th character
2018-12-15 23:34:40,398:INFO:

2018-12-15 23:34:40,398:INFO:The numbers in this password are: ['4']
2018-12-15 23:34:40,398:INFO:The '4' was the 2nd character
2018-12-15 23:34:40,398:INFO:

2018-12-15 23:34:40,399:INFO:The symbols in this password are: ['!']
2018-12-15 23:34:40,399:INFO:The '!' was the 5th character
2018-12-15 23:34:40,399:INFO:

2018-12-15 23:34:40,455:INFO:The length of 'T4st!ng' is 7
2018-12-15 23:34:40,455:INFO:As a list it looks like this ['T', '4', 's', 't', '!', 'n', 'g']
2018-12-15 23:34:40,456:INFO:The letters in this password are: ['T', 's', 't', 'n', 'g']
2018-12-15 23:34:40,456:INFO:The 'T' was the 1st character
2018-12-15 23:34:40,456:INFO:The 's' was the 3rd character
2018-12-15 23:34:40,456:INFO:The 't' was the 4th character
2018-12-15 23:34:40,456:INFO:The 'n' was the 6th character
2018-12-15 23:34:40,456:INFO:The 'g' was the 7th character
2018-12-15 23:34:40,456:INFO:

2018-12-15 23:34:40,456:INFO:The numbers in this password are: ['4']
2018-12-15 23:34:40,457:INFO:The '4' was the 2nd character
2018-12-15 23:34:40,457:INFO:

2018-12-15 23:34:40,457:INFO:The symbols in this password are: ['!']
2018-12-15 23:34:40,457:INFO:The '!' was the 5th character
2018-12-15 23:34:40,457:INFO:

2018-12-15 23:34:40,518:INFO:The length of 'T4st!ng' is 7
2018-12-15 23:34:40,518:INFO:As a list it looks like this ['T', '4', 's', 't', '!', 'n', 'g']
2018-12-15 23:34:40,519:INFO:The letters in this password are: ['T', 's', 't', 'n', 'g']
2018-12-15 23:34:40,519:INFO:The 'T' was the 1st character
2018-12-15 23:34:40,519:INFO:The 's' was the 3rd character
2018-12-15 23:34:40,519:INFO:The 't' was the 4th character
2018-12-15 23:34:40,519:INFO:The 'n' was the 6th character
2018-12-15 23:34:40,519:INFO:The 'g' was the 7th character
2018-12-15 23:34:40,519:INFO:

2018-12-15 23:34:40,520:INFO:The numbers in this password are: ['4']
2018-12-15 23:34:40,520:INFO:The '4' was the 2nd character
2018-12-15 23:34:40,520:INFO:

2018-12-15 23:34:40,520:INFO:The symbols in this password are: ['!']
2018-12-15 23:34:40,520:INFO:The '!' was the 5th character
2018-12-15 23:34:40,520:INFO:

2018-12-15 23:34:40,583:INFO:The length of 'T4st!ng' is 7
2018-12-15 23:34:40,584:INFO:As a list it looks like this ['T', '4', 's', 't', '!', 'n', 'g']
2018-12-15 23:34:40,584:INFO:The letters in this password are: ['T', 's', 't', 'n', 'g']
2018-12-15 23:34:40,584:INFO:The 'T' was the 1st character
2018-12-15 23:34:40,584:INFO:The 's' was the 3rd character
2018-12-15 23:34:40,585:INFO:The 't' was the 4th character
2018-12-15 23:34:40,585:INFO:The 'n' was the 6th character
2018-12-15 23:34:40,585:INFO:The 'g' was the 7th character
2018-12-15 23:34:40,585:INFO:

2018-12-15 23:34:40,585:INFO:The numbers in this password are: ['4']
2018-12-15 23:34:40,585:INFO:The '4' was the 2nd character
2018-12-15 23:34:40,585:INFO:

2018-12-15 23:34:40,585:INFO:The symbols in this password are: ['!']
2018-12-15 23:34:40,586:INFO:The '!' was the 5th character
2018-12-15 23:34:40,586:INFO:

2018-12-15 23:34:40,642:INFO:The length of 'T4st!ng' is 7
2018-12-15 23:34:40,642:INFO:As a list it looks like this ['T', '4', 's', 't', '!', 'n', 'g']
2018-12-15 23:34:40,643:INFO:The letters in this password are: ['T', 's', 't', 'n', 'g']
2018-12-15 23:34:40,643:INFO:The 'T' was the 1st character
2018-12-15 23:34:40,643:INFO:The 's' was the 3rd character
2018-12-15 23:34:40,643:INFO:The 't' was the 4th character
2018-12-15 23:34:40,643:INFO:The 'n' was the 6th character
2018-12-15 23:34:40,643:INFO:The 'g' was the 7th character
2018-12-15 23:34:40,643:INFO:

2018-12-15 23:34:40,644:INFO:The numbers in this password are: ['4']
2018-12-15 23:34:40,644:INFO:The '4' was the 2nd character
2018-12-15 23:34:40,644:INFO:

2018-12-15 23:34:40,644:INFO:The symbols in this password are: ['!']
2018-12-15 23:34:40,644:INFO:The '!' was the 5th character
2018-12-15 23:34:40,644:INFO:

2018-12-15 23:34:40,701:INFO:The length of 'T4st!ng' is 7
2018-12-15 23:34:40,702:INFO:As a list it looks like this ['T', '4', 's', 't', '!', 'n', 'g']
2018-12-15 23:34:40,702:INFO:The letters in this password are: ['T', 's', 't', 'n', 'g']
2018-12-15 23:34:40,702:INFO:The 'T' was the 1st character
2018-12-15 23:34:40,702:INFO:The 's' was the 3rd character
2018-12-15 23:34:40,703:INFO:The 't' was the 4th character
2018-12-15 23:34:40,703:INFO:The 'n' was the 6th character
2018-12-15 23:34:40,703:INFO:The 'g' was the 7th character
2018-12-15 23:34:40,703:INFO:

2018-12-15 23:34:40,703:INFO:The numbers in this password are: ['4']
2018-12-15 23:34:40,703:INFO:The '4' was the 2nd character
2018-12-15 23:34:40,703:INFO:

2018-12-15 23:34:40,703:INFO:The symbols in this password are: ['!']
2018-12-15 23:34:40,704:INFO:The '!' was the 5th character
2018-12-15 23:34:40,704:INFO:

2018-12-15 23:34:40,763:INFO:The length of 'T4st!ng' is 7
2018-12-15 23:34:40,763:INFO:As a list it looks like this ['T', '4', 's', 't', '!', 'n', 'g']
2018-12-15 23:34:40,764:INFO:The letters in this password are: ['T', 's', 't', 'n', 'g']
2018-12-15 23:34:40,764:INFO:The 'T' was the 1st character
2018-12-15 23:34:40,764:INFO:The 's' was the 3rd character
2018-12-15 23:34:40,764:INFO:The 't' was the 4th character
2018-12-15 23:34:40,764:INFO:The 'n' was the 6th character
2018-12-15 23:34:40,764:INFO:The 'g' was the 7th character
2018-12-15 23:34:40,764:INFO:

2018-12-15 23:34:40,765:INFO:The numbers in this password are: ['4']
2018-12-15 23:34:40,765:INFO:The '4' was the 2nd character
2018-12-15 23:34:40,765:INFO:

2018-12-15 23:34:40,765:INFO:The symbols in this password are: ['!']
2018-12-15 23:34:40,765:INFO:The '!' was the 5th character
2018-12-15 23:34:40,766:INFO:

2018-12-15 23:34:40,822:INFO:The length of 'T4st!ng' is 7
2018-12-15 23:34:40,822:INFO:As a list it looks like this ['T', '4', 's', 't', '!', 'n', 'g']
2018-12-15 23:34:40,822:INFO:The letters in this password are: ['T', 's', 't', 'n', 'g']
2018-12-15 23:34:40,823:INFO:The 'T' was the 1st character
2018-12-15 23:34:40,823:INFO:The 's' was the 3rd character
2018-12-15 23:34:40,823:INFO:The 't' was the 4th character
2018-12-15 23:34:40,823:INFO:The 'n' was the 6th character
2018-12-15 23:34:40,823:INFO:The 'g' was the 7th character
2018-12-15 23:34:40,823:INFO:

2018-12-15 23:34:40,823:INFO:The numbers in this password are: ['4']
2018-12-15 23:34:40,823:INFO:The '4' was the 2nd character
2018-12-15 23:34:40,824:INFO:

2018-12-15 23:34:40,824:INFO:The symbols in this password are: ['!']
2018-12-15 23:34:40,824:INFO:The '!' was the 5th character
2018-12-15 23:34:40,824:INFO:

2018-12-15 23:34:40,885:INFO:The length of 'T4st!ng' is 7
2018-12-15 23:34:40,885:INFO:As a list it looks like this ['T', '4', 's', 't', '!', 'n', 'g']
2018-12-15 23:34:40,885:INFO:The letters in this password are: ['T', 's', 't', 'n', 'g']
2018-12-15 23:34:40,886:INFO:The 'T' was the 1st character
2018-12-15 23:34:40,886:INFO:The 's' was the 3rd character
2018-12-15 23:34:40,886:INFO:The 't' was the 4th character
2018-12-15 23:34:40,886:INFO:The 'n' was the 6th character
2018-12-15 23:34:40,886:INFO:The 'g' was the 7th character
2018-12-15 23:34:40,886:INFO:

2018-12-15 23:34:40,886:INFO:The numbers in this password are: ['4']
2018-12-15 23:34:40,886:INFO:The '4' was the 2nd character
2018-12-15 23:34:40,887:INFO:

2018-12-15 23:34:40,887:INFO:The symbols in this password are: ['!']
2018-12-15 23:34:40,887:INFO:The '!' was the 5th character
2018-12-15 23:34:40,887:INFO:

2018-12-15 23:34:40,945:INFO:The length of 'T4st!ng' is 7
2018-12-15 23:34:40,946:INFO:As a list it looks like this ['T', '4', 's', 't', '!', 'n', 'g']
2018-12-15 23:34:40,946:INFO:The letters in this password are: ['T', 's', 't', 'n', 'g']
2018-12-15 23:34:40,946:INFO:The 'T' was the 1st character
2018-12-15 23:34:40,946:INFO:The 's' was the 3rd character
2018-12-15 23:34:40,946:INFO:The 't' was the 4th character
2018-12-15 23:34:40,946:INFO:The 'n' was the 6th character
2018-12-15 23:34:40,947:INFO:The 'g' was the 7th character
2018-12-15 23:34:40,947:INFO:

2018-12-15 23:34:40,947:INFO:The numbers in this password are: ['4']
2018-12-15 23:34:40,947:INFO:The '4' was the 2nd character
2018-12-15 23:34:40,947:INFO:

2018-12-15 23:34:40,947:INFO:The symbols in this password are: ['!']
2018-12-15 23:34:40,947:INFO:The '!' was the 5th character
2018-12-15 23:34:40,948:INFO:

2018-12-15 23:34:41,011:INFO:The length of 'T4st!ng' is 7
2018-12-15 23:34:41,011:INFO:As a list it looks like this ['T', '4', 's', 't', '!', 'n', 'g']
2018-12-15 23:34:41,012:INFO:The letters in this password are: ['T', 's', 't', 'n', 'g']
2018-12-15 23:34:41,012:INFO:The 'T' was the 1st character
2018-12-15 23:34:41,012:INFO:The 's' was the 3rd character
2018-12-15 23:34:41,012:INFO:The 't' was the 4th character
2018-12-15 23:34:41,012:INFO:The 'n' was the 6th character
2018-12-15 23:34:41,012:INFO:The 'g' was the 7th character
2018-12-15 23:34:41,012:INFO:

2018-12-15 23:34:41,012:INFO:The numbers in this password are: ['4']
2018-12-15 23:34:41,013:INFO:The '4' was the 2nd character
2018-12-15 23:34:41,013:INFO:

2018-12-15 23:34:41,013:INFO:The symbols in this password are: ['!']
2018-12-15 23:34:41,013:INFO:The '!' was the 5th character
2018-12-15 23:34:41,013:INFO:

2018-12-15 23:34:41,072:INFO:The length of 'T4st!ng' is 7
2018-12-15 23:34:41,072:INFO:As a list it looks like this ['T', '4', 's', 't', '!', 'n', 'g']
2018-12-15 23:34:41,072:INFO:The letters in this password are: ['T', 's', 't', 'n', 'g']
2018-12-15 23:34:41,072:INFO:The 'T' was the 1st character
2018-12-15 23:34:41,072:INFO:The 's' was the 3rd character
2018-12-15 23:34:41,073:INFO:The 't' was the 4th character
2018-12-15 23:34:41,073:INFO:The 'n' was the 6th character
2018-12-15 23:34:41,073:INFO:The 'g' was the 7th character
2018-12-15 23:34:41,073:INFO:

2018-12-15 23:34:41,073:INFO:The numbers in this password are: ['4']
2018-12-15 23:34:41,073:INFO:The '4' was the 2nd character
2018-12-15 23:34:41,074:INFO:

2018-12-15 23:34:41,074:INFO:The symbols in this password are: ['!']
2018-12-15 23:34:41,074:INFO:The '!' was the 5th character
2018-12-15 23:34:41,074:INFO:

2018-12-15 23:34:41,134:INFO:The length of 'T4st!ng' is 7
2018-12-15 23:34:41,134:INFO:As a list it looks like this ['T', '4', 's', 't', '!', 'n', 'g']
2018-12-15 23:34:41,134:INFO:The letters in this password are: ['T', 's', 't', 'n', 'g']
2018-12-15 23:34:41,134:INFO:The 'T' was the 1st character
2018-12-15 23:34:41,135:INFO:The 's' was the 3rd character
2018-12-15 23:34:41,135:INFO:The 't' was the 4th character
2018-12-15 23:34:41,135:INFO:The 'n' was the 6th character
2018-12-15 23:34:41,135:INFO:The 'g' was the 7th character
2018-12-15 23:34:41,135:INFO:

2018-12-15 23:34:41,136:INFO:The numbers in this password are: ['4']
2018-12-15 23:34:41,136:INFO:The '4' was the 2nd character
2018-12-15 23:34:41,136:INFO:

2018-12-15 23:34:41,136:INFO:The symbols in this password are: ['!']
2018-12-15 23:34:41,136:INFO:The '!' was the 5th character
2018-12-15 23:34:41,136:INFO:

2018-12-15 23:34:41,194:INFO:The length of 'T4st!ng' is 7
2018-12-15 23:34:41,195:INFO:As a list it looks like this ['T', '4', 's', 't', '!', 'n', 'g']
2018-12-15 23:34:41,195:INFO:The letters in this password are: ['T', 's', 't', 'n', 'g']
2018-12-15 23:34:41,195:INFO:The 'T' was the 1st character
2018-12-15 23:34:41,195:INFO:The 's' was the 3rd character
2018-12-15 23:34:41,195:INFO:The 't' was the 4th character
2018-12-15 23:34:41,195:INFO:The 'n' was the 6th character
2018-12-15 23:34:41,196:INFO:The 'g' was the 7th character
2018-12-15 23:34:41,196:INFO:

2018-12-15 23:34:41,196:INFO:The numbers in this password are: ['4']
2018-12-15 23:34:41,196:INFO:The '4' was the 2nd character
2018-12-15 23:34:41,196:INFO:

2018-12-15 23:34:41,196:INFO:The symbols in this password are: ['!']
2018-12-15 23:34:41,197:INFO:The '!' was the 5th character
2018-12-15 23:34:41,197:INFO:

2018-12-15 23:34:41,258:INFO:The length of 'T4st!ng' is 7
2018-12-15 23:34:41,259:INFO:As a list it looks like this ['T', '4', 's', 't', '!', 'n', 'g']
2018-12-15 23:34:41,259:INFO:The letters in this password are: ['T', 's', 't', 'n', 'g']
2018-12-15 23:34:41,259:INFO:The 'T' was the 1st character
2018-12-15 23:34:41,259:INFO:The 's' was the 3rd character
2018-12-15 23:34:41,260:INFO:The 't' was the 4th character
2018-12-15 23:34:41,260:INFO:The 'n' was the 6th character
2018-12-15 23:34:41,260:INFO:The 'g' was the 7th character
2018-12-15 23:34:41,260:INFO:

2018-12-15 23:34:41,260:INFO:The numbers in this password are: ['4']
2018-12-15 23:34:41,260:INFO:The '4' was the 2nd character
2018-12-15 23:34:41,261:INFO:

2018-12-15 23:34:41,261:INFO:The symbols in this password are: ['!']
2018-12-15 23:34:41,261:INFO:The '!' was the 5th character
2018-12-15 23:34:41,261:INFO:

2018-12-15 23:34:41,322:INFO:The length of 'T4st!ng' is 7
2018-12-15 23:34:41,323:INFO:As a list it looks like this ['T', '4', 's', 't', '!', 'n', 'g']
2018-12-15 23:34:41,323:INFO:The letters in this password are: ['T', 's', 't', 'n', 'g']
2018-12-15 23:34:41,323:INFO:The 'T' was the 1st character
2018-12-15 23:34:41,323:INFO:The 's' was the 3rd character
2018-12-15 23:34:41,323:INFO:The 't' was the 4th character
2018-12-15 23:34:41,324:INFO:The 'n' was the 6th character
2018-12-15 23:34:41,324:INFO:The 'g' was the 7th character
2018-12-15 23:34:41,324:INFO:

2018-12-15 23:34:41,324:INFO:The numbers in this password are: ['4']
2018-12-15 23:34:41,324:INFO:The '4' was the 2nd character
2018-12-15 23:34:41,324:INFO:

2018-12-15 23:34:41,324:INFO:The symbols in this password are: ['!']
2018-12-15 23:34:41,325:INFO:The '!' was the 5th character
2018-12-15 23:34:41,325:INFO:

2018-12-15 23:34:41,395:INFO:The length of 'T4st!ng' is 7
2018-12-15 23:34:41,395:INFO:As a list it looks like this ['T', '4', 's', 't', '!', 'n', 'g']
2018-12-15 23:34:41,396:INFO:The letters in this password are: ['T', 's', 't', 'n', 'g']
2018-12-15 23:34:41,396:INFO:The 'T' was the 1st character
2018-12-15 23:34:41,396:INFO:The 's' was the 3rd character
2018-12-15 23:34:41,396:INFO:The 't' was the 4th character
2018-12-15 23:34:41,396:INFO:The 'n' was the 6th character
2018-12-15 23:34:41,397:INFO:The 'g' was the 7th character
2018-12-15 23:34:41,397:INFO:

2018-12-15 23:34:41,397:INFO:The numbers in this password are: ['4']
2018-12-15 23:34:41,397:INFO:The '4' was the 2nd character
2018-12-15 23:34:41,397:INFO:

2018-12-15 23:34:41,397:INFO:The symbols in this password are: ['!']
2018-12-15 23:34:41,397:INFO:The '!' was the 5th character
2018-12-15 23:34:41,398:INFO:

2018-12-15 23:34:41,462:INFO:The length of 'T4st!ng' is 7
2018-12-15 23:34:41,463:INFO:As a list it looks like this ['T', '4', 's', 't', '!', 'n', 'g']
2018-12-15 23:34:41,463:INFO:The letters in this password are: ['T', 's', 't', 'n', 'g']
2018-12-15 23:34:41,463:INFO:The 'T' was the 1st character
2018-12-15 23:34:41,463:INFO:The 's' was the 3rd character
2018-12-15 23:34:41,464:INFO:The 't' was the 4th character
2018-12-15 23:34:41,464:INFO:The 'n' was the 6th character
2018-12-15 23:34:41,464:INFO:The 'g' was the 7th character
2018-12-15 23:34:41,464:INFO:

2018-12-15 23:34:41,465:INFO:The numbers in this password are: ['4']
2018-12-15 23:34:41,465:INFO:The '4' was the 2nd character
2018-12-15 23:34:41,465:INFO:

2018-12-15 23:34:41,465:INFO:The symbols in this password are: ['!']
2018-12-15 23:34:41,465:INFO:The '!' was the 5th character
2018-12-15 23:34:41,465:INFO:

2018-12-15 23:34:41,529:INFO:The length of 'T4st!ng' is 7
2018-12-15 23:34:41,530:INFO:As a list it looks like this ['T', '4', 's', 't', '!', 'n', 'g']
2018-12-15 23:34:41,531:INFO:The letters in this password are: ['T', 's', 't', 'n', 'g']
2018-12-15 23:34:41,531:INFO:The 'T' was the 1st character
2018-12-15 23:34:41,531:INFO:The 's' was the 3rd character
2018-12-15 23:34:41,532:INFO:The 't' was the 4th character
2018-12-15 23:34:41,532:INFO:The 'n' was the 6th character
2018-12-15 23:34:41,532:INFO:The 'g' was the 7th character
2018-12-15 23:34:41,532:INFO:

2018-12-15 23:34:41,532:INFO:The numbers in this password are: ['4']
2018-12-15 23:34:41,532:INFO:The '4' was the 2nd character
2018-12-15 23:34:41,533:INFO:

2018-12-15 23:34:41,533:INFO:The symbols in this password are: ['!']
2018-12-15 23:34:41,533:INFO:The '!' was the 5th character
2018-12-15 23:34:41,533:INFO:

2018-12-15 23:34:41,606:INFO:The length of 'T4st!ng' is 7
2018-12-15 23:34:41,607:INFO:As a list it looks like this ['T', '4', 's', 't', '!', 'n', 'g']
2018-12-15 23:34:41,607:INFO:The letters in this password are: ['T', 's', 't', 'n', 'g']
2018-12-15 23:34:41,607:INFO:The 'T' was the 1st character
2018-12-15 23:34:41,607:INFO:The 's' was the 3rd character
2018-12-15 23:34:41,607:INFO:The 't' was the 4th character
2018-12-15 23:34:41,608:INFO:The 'n' was the 6th character
2018-12-15 23:34:41,608:INFO:The 'g' was the 7th character
2018-12-15 23:34:41,608:INFO:

2018-12-15 23:34:41,608:INFO:The numbers in this password are: ['4']
2018-12-15 23:34:41,608:INFO:The '4' was the 2nd character
2018-12-15 23:34:41,609:INFO:

2018-12-15 23:34:41,609:INFO:The symbols in this password are: ['!']
2018-12-15 23:34:41,609:INFO:The '!' was the 5th character
2018-12-15 23:34:41,609:INFO:

2018-12-15 23:34:41,678:INFO:The length of 'T4st!ng' is 7
2018-12-15 23:34:41,678:INFO:As a list it looks like this ['T', '4', 's', 't', '!', 'n', 'g']
2018-12-15 23:34:41,678:INFO:The letters in this password are: ['T', 's', 't', 'n', 'g']
2018-12-15 23:34:41,678:INFO:The 'T' was the 1st character
2018-12-15 23:34:41,679:INFO:The 's' was the 3rd character
2018-12-15 23:34:41,679:INFO:The 't' was the 4th character
2018-12-15 23:34:41,679:INFO:The 'n' was the 6th character
2018-12-15 23:34:41,679:INFO:The 'g' was the 7th character
2018-12-15 23:34:41,679:INFO:

2018-12-15 23:34:41,679:INFO:The numbers in this password are: ['4']
2018-12-15 23:34:41,680:INFO:The '4' was the 2nd character
2018-12-15 23:34:41,680:INFO:

2018-12-15 23:34:41,680:INFO:The symbols in this password are: ['!']
2018-12-15 23:34:41,680:INFO:The '!' was the 5th character
2018-12-15 23:34:41,680:INFO:

2018-12-15 23:34:41,739:INFO:The length of 'T4st!ng' is 7
2018-12-15 23:34:41,740:INFO:As a list it looks like this ['T', '4', 's', 't', '!', 'n', 'g']
2018-12-15 23:34:41,740:INFO:The letters in this password are: ['T', 's', 't', 'n', 'g']
2018-12-15 23:34:41,740:INFO:The 'T' was the 1st character
2018-12-15 23:34:41,740:INFO:The 's' was the 3rd character
2018-12-15 23:34:41,741:INFO:The 't' was the 4th character
2018-12-15 23:34:41,741:INFO:The 'n' was the 6th character
2018-12-15 23:34:41,741:INFO:The 'g' was the 7th character
2018-12-15 23:34:41,741:INFO:

2018-12-15 23:34:41,741:INFO:The numbers in this password are: ['4']
2018-12-15 23:34:41,741:INFO:The '4' was the 2nd character
2018-12-15 23:34:41,741:INFO:

2018-12-15 23:34:41,741:INFO:The symbols in this password are: ['!']
2018-12-15 23:34:41,742:INFO:The '!' was the 5th character
2018-12-15 23:34:41,742:INFO:

2018-12-15 23:34:41,798:INFO:The length of 'T4st!ng' is 7
2018-12-15 23:34:41,799:INFO:As a list it looks like this ['T', '4', 's', 't', '!', 'n', 'g']
2018-12-15 23:34:41,799:INFO:The letters in this password are: ['T', 's', 't', 'n', 'g']
2018-12-15 23:34:41,799:INFO:The 'T' was the 1st character
2018-12-15 23:34:41,799:INFO:The 's' was the 3rd character
2018-12-15 23:34:41,800:INFO:The 't' was the 4th character
2018-12-15 23:34:41,800:INFO:The 'n' was the 6th character
2018-12-15 23:34:41,800:INFO:The 'g' was the 7th character
2018-12-15 23:34:41,800:INFO:

2018-12-15 23:34:41,800:INFO:The numbers in this password are: ['4']
2018-12-15 23:34:41,801:INFO:The '4' was the 2nd character
2018-12-15 23:34:41,801:INFO:

2018-12-15 23:34:41,801:INFO:The symbols in this password are: ['!']
2018-12-15 23:34:41,801:INFO:The '!' was the 5th character
2018-12-15 23:34:41,801:INFO:

2018-12-15 23:34:41,860:INFO:The length of 'T4st!ng' is 7
2018-12-15 23:34:41,860:INFO:As a list it looks like this ['T', '4', 's', 't', '!', 'n', 'g']
2018-12-15 23:34:41,861:INFO:The letters in this password are: ['T', 's', 't', 'n', 'g']
2018-12-15 23:34:41,861:INFO:The 'T' was the 1st character
2018-12-15 23:34:41,861:INFO:The 's' was the 3rd character
2018-12-15 23:34:41,861:INFO:The 't' was the 4th character
2018-12-15 23:34:41,861:INFO:The 'n' was the 6th character
2018-12-15 23:34:41,862:INFO:The 'g' was the 7th character
2018-12-15 23:34:41,862:INFO:

2018-12-15 23:34:41,862:INFO:The numbers in this password are: ['4']
2018-12-15 23:34:41,862:INFO:The '4' was the 2nd character
2018-12-15 23:34:41,862:INFO:

2018-12-15 23:34:41,863:INFO:The symbols in this password are: ['!']
2018-12-15 23:34:41,863:INFO:The '!' was the 5th character
2018-12-15 23:34:41,863:INFO:

2018-12-15 23:34:41,922:INFO:The length of 'T4st!ng' is 7
2018-12-15 23:34:41,924:INFO:As a list it looks like this ['T', '4', 's', 't', '!', 'n', 'g']
2018-12-15 23:34:41,924:INFO:The letters in this password are: ['T', 's', 't', 'n', 'g']
2018-12-15 23:34:41,925:INFO:The 'T' was the 1st character
2018-12-15 23:34:41,925:INFO:The 's' was the 3rd character
2018-12-15 23:34:41,925:INFO:The 't' was the 4th character
2018-12-15 23:34:41,925:INFO:The 'n' was the 6th character
2018-12-15 23:34:41,925:INFO:The 'g' was the 7th character
2018-12-15 23:34:41,925:INFO:

2018-12-15 23:34:41,925:INFO:The numbers in this password are: ['4']
2018-12-15 23:34:41,925:INFO:The '4' was the 2nd character
2018-12-15 23:34:41,926:INFO:

2018-12-15 23:34:41,926:INFO:The symbols in this password are: ['!']
2018-12-15 23:34:41,926:INFO:The '!' was the 5th character
2018-12-15 23:34:41,926:INFO:

2018-12-15 23:34:41,988:INFO:The length of 'T4st!ng' is 7
2018-12-15 23:34:41,989:INFO:As a list it looks like this ['T', '4', 's', 't', '!', 'n', 'g']
2018-12-15 23:34:41,989:INFO:The letters in this password are: ['T', 's', 't', 'n', 'g']
2018-12-15 23:34:41,989:INFO:The 'T' was the 1st character
2018-12-15 23:34:41,989:INFO:The 's' was the 3rd character
2018-12-15 23:34:41,989:INFO:The 't' was the 4th character
2018-12-15 23:34:41,990:INFO:The 'n' was the 6th character
2018-12-15 23:34:41,990:INFO:The 'g' was the 7th character
2018-12-15 23:34:41,990:INFO:

2018-12-15 23:34:41,990:INFO:The numbers in this password are: ['4']
2018-12-15 23:34:41,990:INFO:The '4' was the 2nd character
2018-12-15 23:34:41,990:INFO:

2018-12-15 23:34:41,990:INFO:The symbols in this password are: ['!']
2018-12-15 23:34:41,991:INFO:The '!' was the 5th character
2018-12-15 23:34:41,991:INFO:

2018-12-15 23:34:42,047:INFO:The length of 'T4st!ng' is 7
2018-12-15 23:34:42,048:INFO:As a list it looks like this ['T', '4', 's', 't', '!', 'n', 'g']
2018-12-15 23:34:42,048:INFO:The letters in this password are: ['T', 's', 't', 'n', 'g']
2018-12-15 23:34:42,048:INFO:The 'T' was the 1st character
2018-12-15 23:34:42,048:INFO:The 's' was the 3rd character
2018-12-15 23:34:42,048:INFO:The 't' was the 4th character
2018-12-15 23:34:42,048:INFO:The 'n' was the 6th character
2018-12-15 23:34:42,049:INFO:The 'g' was the 7th character
2018-12-15 23:34:42,049:INFO:

2018-12-15 23:34:42,049:INFO:The numbers in this password are: ['4']
2018-12-15 23:34:42,049:INFO:The '4' was the 2nd character
2018-12-15 23:34:42,049:INFO:

2018-12-15 23:34:42,049:INFO:The symbols in this password are: ['!']
2018-12-15 23:34:42,049:INFO:The '!' was the 5th character
2018-12-15 23:34:42,049:INFO:

2018-12-15 23:34:42,110:INFO:The length of 'T4st!ng' is 7
2018-12-15 23:34:42,110:INFO:As a list it looks like this ['T', '4', 's', 't', '!', 'n', 'g']
2018-12-15 23:34:42,110:INFO:The letters in this password are: ['T', 's', 't', 'n', 'g']
2018-12-15 23:34:42,111:INFO:The 'T' was the 1st character
2018-12-15 23:34:42,111:INFO:The 's' was the 3rd character
2018-12-15 23:34:42,111:INFO:The 't' was the 4th character
2018-12-15 23:34:42,111:INFO:The 'n' was the 6th character
2018-12-15 23:34:42,111:INFO:The 'g' was the 7th character
2018-12-15 23:34:42,111:INFO:

2018-12-15 23:34:42,111:INFO:The numbers in this password are: ['4']
2018-12-15 23:34:42,111:INFO:The '4' was the 2nd character
2018-12-15 23:34:42,112:INFO:

2018-12-15 23:34:42,112:INFO:The symbols in this password are: ['!']
2018-12-15 23:34:42,112:INFO:The '!' was the 5th character
2018-12-15 23:34:42,112:INFO:

2018-12-15 23:34:42,172:INFO:The length of 'T4st!ng' is 7
2018-12-15 23:34:42,172:INFO:As a list it looks like this ['T', '4', 's', 't', '!', 'n', 'g']
2018-12-15 23:34:42,172:INFO:The letters in this password are: ['T', 's', 't', 'n', 'g']
2018-12-15 23:34:42,173:INFO:The 'T' was the 1st character
2018-12-15 23:34:42,173:INFO:The 's' was the 3rd character
2018-12-15 23:34:42,173:INFO:The 't' was the 4th character
2018-12-15 23:34:42,173:INFO:The 'n' was the 6th character
2018-12-15 23:34:42,173:INFO:The 'g' was the 7th character
2018-12-15 23:34:42,173:INFO:

2018-12-15 23:34:42,173:INFO:The numbers in this password are: ['4']
2018-12-15 23:34:42,174:INFO:The '4' was the 2nd character
2018-12-15 23:34:42,174:INFO:

2018-12-15 23:34:42,174:INFO:The symbols in this password are: ['!']
2018-12-15 23:34:42,174:INFO:The '!' was the 5th character
2018-12-15 23:34:42,174:INFO:

2018-12-15 23:34:42,230:INFO:The length of 'T4st!ng' is 7
2018-12-15 23:34:42,231:INFO:As a list it looks like this ['T', '4', 's', 't', '!', 'n', 'g']
2018-12-15 23:34:42,231:INFO:The letters in this password are: ['T', 's', 't', 'n', 'g']
2018-12-15 23:34:42,231:INFO:The 'T' was the 1st character
2018-12-15 23:34:42,232:INFO:The 's' was the 3rd character
2018-12-15 23:34:42,232:INFO:The 't' was the 4th character
2018-12-15 23:34:42,232:INFO:The 'n' was the 6th character
2018-12-15 23:34:42,232:INFO:The 'g' was the 7th character
2018-12-15 23:34:42,232:INFO:

2018-12-15 23:34:42,232:INFO:The numbers in this password are: ['4']
2018-12-15 23:34:42,233:INFO:The '4' was the 2nd character
2018-12-15 23:34:42,233:INFO:

2018-12-15 23:34:42,233:INFO:The symbols in this password are: ['!']
2018-12-15 23:34:42,233:INFO:The '!' was the 5th character
2018-12-15 23:34:42,234:INFO:

2018-12-15 23:34:42,297:INFO:The length of 'T4st!ng' is 7
2018-12-15 23:34:42,297:INFO:As a list it looks like this ['T', '4', 's', 't', '!', 'n', 'g']
2018-12-15 23:34:42,298:INFO:The letters in this password are: ['T', 's', 't', 'n', 'g']
2018-12-15 23:34:42,298:INFO:The 'T' was the 1st character
2018-12-15 23:34:42,298:INFO:The 's' was the 3rd character
2018-12-15 23:34:42,298:INFO:The 't' was the 4th character
2018-12-15 23:34:42,298:INFO:The 'n' was the 6th character
2018-12-15 23:34:42,298:INFO:The 'g' was the 7th character
2018-12-15 23:34:42,298:INFO:

2018-12-15 23:34:42,298:INFO:The numbers in this password are: ['4']
2018-12-15 23:34:42,299:INFO:The '4' was the 2nd character
2018-12-15 23:34:42,299:INFO:

2018-12-15 23:34:42,299:INFO:The symbols in this password are: ['!']
2018-12-15 23:34:42,299:INFO:The '!' was the 5th character
2018-12-15 23:34:42,299:INFO:

2018-12-15 23:34:42,360:INFO:The length of 'T4st!ng' is 7
2018-12-15 23:34:42,361:INFO:As a list it looks like this ['T', '4', 's', 't', '!', 'n', 'g']
2018-12-15 23:34:42,361:INFO:The letters in this password are: ['T', 's', 't', 'n', 'g']
2018-12-15 23:34:42,361:INFO:The 'T' was the 1st character
2018-12-15 23:34:42,361:INFO:The 's' was the 3rd character
2018-12-15 23:34:42,362:INFO:The 't' was the 4th character
2018-12-15 23:34:42,362:INFO:The 'n' was the 6th character
2018-12-15 23:34:42,362:INFO:The 'g' was the 7th character
2018-12-15 23:34:42,362:INFO:

2018-12-15 23:34:42,362:INFO:The numbers in this password are: ['4']
2018-12-15 23:34:42,362:INFO:The '4' was the 2nd character
2018-12-15 23:34:42,362:INFO:

2018-12-15 23:34:42,363:INFO:The symbols in this password are: ['!']
2018-12-15 23:34:42,363:INFO:The '!' was the 5th character
2018-12-15 23:34:42,363:INFO:

2018-12-15 23:34:42,422:INFO:The length of 'T4st!ng' is 7
2018-12-15 23:34:42,422:INFO:As a list it looks like this ['T', '4', 's', 't', '!', 'n', 'g']
2018-12-15 23:34:42,423:INFO:The letters in this password are: ['T', 's', 't', 'n', 'g']
2018-12-15 23:34:42,423:INFO:The 'T' was the 1st character
2018-12-15 23:34:42,423:INFO:The 's' was the 3rd character
2018-12-15 23:34:42,423:INFO:The 't' was the 4th character
2018-12-15 23:34:42,423:INFO:The 'n' was the 6th character
2018-12-15 23:34:42,423:INFO:The 'g' was the 7th character
2018-12-15 23:34:42,423:INFO:

2018-12-15 23:34:42,424:INFO:The numbers in this password are: ['4']
2018-12-15 23:34:42,424:INFO:The '4' was the 2nd character
2018-12-15 23:34:42,424:INFO:

2018-12-15 23:34:42,424:INFO:The symbols in this password are: ['!']
2018-12-15 23:34:42,424:INFO:The '!' was the 5th character
2018-12-15 23:34:42,424:INFO:

2018-12-15 23:34:42,495:INFO:The length of 'T4st!ng' is 7
2018-12-15 23:34:42,495:INFO:As a list it looks like this ['T', '4', 's', 't', '!', 'n', 'g']
2018-12-15 23:34:42,495:INFO:The letters in this password are: ['T', 's', 't', 'n', 'g']
2018-12-15 23:34:42,496:INFO:The 'T' was the 1st character
2018-12-15 23:34:42,496:INFO:The 's' was the 3rd character
2018-12-15 23:34:42,496:INFO:The 't' was the 4th character
2018-12-15 23:34:42,496:INFO:The 'n' was the 6th character
2018-12-15 23:34:42,496:INFO:The 'g' was the 7th character
2018-12-15 23:34:42,496:INFO:

2018-12-15 23:34:42,497:INFO:The numbers in this password are: ['4']
2018-12-15 23:34:42,497:INFO:The '4' was the 2nd character
2018-12-15 23:34:42,497:INFO:

2018-12-15 23:34:42,497:INFO:The symbols in this password are: ['!']
2018-12-15 23:34:42,497:INFO:The '!' was the 5th character
2018-12-15 23:34:42,497:INFO:

2018-12-15 23:34:42,560:INFO:The length of 'T4st!ng' is 7
2018-12-15 23:34:42,561:INFO:As a list it looks like this ['T', '4', 's', 't', '!', 'n', 'g']
2018-12-15 23:34:42,561:INFO:The letters in this password are: ['T', 's', 't', 'n', 'g']
2018-12-15 23:34:42,561:INFO:The 'T' was the 1st character
2018-12-15 23:34:42,561:INFO:The 's' was the 3rd character
2018-12-15 23:34:42,561:INFO:The 't' was the 4th character
2018-12-15 23:34:42,562:INFO:The 'n' was the 6th character
2018-12-15 23:34:42,562:INFO:The 'g' was the 7th character
2018-12-15 23:34:42,562:INFO:

2018-12-15 23:34:42,562:INFO:The numbers in this password are: ['4']
2018-12-15 23:34:42,562:INFO:The '4' was the 2nd character
2018-12-15 23:34:42,562:INFO:

2018-12-15 23:34:42,562:INFO:The symbols in this password are: ['!']
2018-12-15 23:34:42,562:INFO:The '!' was the 5th character
2018-12-15 23:34:42,563:INFO:

2018-12-15 23:34:42,624:INFO:The length of 'T4st!ng' is 7
2018-12-15 23:34:42,625:INFO:As a list it looks like this ['T', '4', 's', 't', '!', 'n', 'g']
2018-12-15 23:34:42,625:INFO:The letters in this password are: ['T', 's', 't', 'n', 'g']
2018-12-15 23:34:42,625:INFO:The 'T' was the 1st character
2018-12-15 23:34:42,625:INFO:The 's' was the 3rd character
2018-12-15 23:34:42,625:INFO:The 't' was the 4th character
2018-12-15 23:34:42,626:INFO:The 'n' was the 6th character
2018-12-15 23:34:42,626:INFO:The 'g' was the 7th character
2018-12-15 23:34:42,626:INFO:

2018-12-15 23:34:42,626:INFO:The numbers in this password are: ['4']
2018-12-15 23:34:42,626:INFO:The '4' was the 2nd character
2018-12-15 23:34:42,626:INFO:

2018-12-15 23:34:42,626:INFO:The symbols in this password are: ['!']
2018-12-15 23:34:42,627:INFO:The '!' was the 5th character
2018-12-15 23:34:42,627:INFO:

2018-12-15 23:34:42,691:INFO:The length of 'T4st!ng' is 7
2018-12-15 23:34:42,692:INFO:As a list it looks like this ['T', '4', 's', 't', '!', 'n', 'g']
2018-12-15 23:34:42,692:INFO:The letters in this password are: ['T', 's', 't', 'n', 'g']
2018-12-15 23:34:42,692:INFO:The 'T' was the 1st character
2018-12-15 23:34:42,692:INFO:The 's' was the 3rd character
2018-12-15 23:34:42,692:INFO:The 't' was the 4th character
2018-12-15 23:34:42,692:INFO:The 'n' was the 6th character
2018-12-15 23:34:42,692:INFO:The 'g' was the 7th character
2018-12-15 23:34:42,692:INFO:

2018-12-15 23:34:42,693:INFO:The numbers in this password are: ['4']
2018-12-15 23:34:42,693:INFO:The '4' was the 2nd character
2018-12-15 23:34:42,693:INFO:

2018-12-15 23:34:42,693:INFO:The symbols in this password are: ['!']
2018-12-15 23:34:42,693:INFO:The '!' was the 5th character
2018-12-15 23:34:42,693:INFO:

2018-12-15 23:34:42,754:INFO:The length of 'T4st!ng' is 7
2018-12-15 23:34:42,755:INFO:As a list it looks like this ['T', '4', 's', 't', '!', 'n', 'g']
2018-12-15 23:34:42,755:INFO:The letters in this password are: ['T', 's', 't', 'n', 'g']
2018-12-15 23:34:42,755:INFO:The 'T' was the 1st character
2018-12-15 23:34:42,755:INFO:The 's' was the 3rd character
2018-12-15 23:34:42,755:INFO:The 't' was the 4th character
2018-12-15 23:34:42,755:INFO:The 'n' was the 6th character
2018-12-15 23:34:42,756:INFO:The 'g' was the 7th character
2018-12-15 23:34:42,756:INFO:

2018-12-15 23:34:42,756:INFO:The numbers in this password are: ['4']
2018-12-15 23:34:42,756:INFO:The '4' was the 2nd character
2018-12-15 23:34:42,756:INFO:

2018-12-15 23:34:42,757:INFO:The symbols in this password are: ['!']
2018-12-15 23:34:42,757:INFO:The '!' was the 5th character
2018-12-15 23:34:42,757:INFO:

2018-12-15 23:34:42,815:INFO:The length of 'T4st!ng' is 7
2018-12-15 23:34:42,815:INFO:As a list it looks like this ['T', '4', 's', 't', '!', 'n', 'g']
2018-12-15 23:34:42,815:INFO:The letters in this password are: ['T', 's', 't', 'n', 'g']
2018-12-15 23:34:42,816:INFO:The 'T' was the 1st character
2018-12-15 23:34:42,816:INFO:The 's' was the 3rd character
2018-12-15 23:34:42,816:INFO:The 't' was the 4th character
2018-12-15 23:34:42,816:INFO:The 'n' was the 6th character
2018-12-15 23:34:42,816:INFO:The 'g' was the 7th character
2018-12-15 23:34:42,816:INFO:

2018-12-15 23:34:42,816:INFO:The numbers in this password are: ['4']
2018-12-15 23:34:42,816:INFO:The '4' was the 2nd character
2018-12-15 23:34:42,817:INFO:

2018-12-15 23:34:42,817:INFO:The symbols in this password are: ['!']
2018-12-15 23:34:42,817:INFO:The '!' was the 5th character
2018-12-15 23:34:42,817:INFO:

2018-12-15 23:34:42,874:INFO:The length of 'T4st!ng' is 7
2018-12-15 23:34:42,875:INFO:As a list it looks like this ['T', '4', 's', 't', '!', 'n', 'g']
2018-12-15 23:34:42,875:INFO:The letters in this password are: ['T', 's', 't', 'n', 'g']
2018-12-15 23:34:42,875:INFO:The 'T' was the 1st character
2018-12-15 23:34:42,875:INFO:The 's' was the 3rd character
2018-12-15 23:34:42,875:INFO:The 't' was the 4th character
2018-12-15 23:34:42,876:INFO:The 'n' was the 6th character
2018-12-15 23:34:42,876:INFO:The 'g' was the 7th character
2018-12-15 23:34:42,876:INFO:

2018-12-15 23:34:42,876:INFO:The numbers in this password are: ['4']
2018-12-15 23:34:42,876:INFO:The '4' was the 2nd character
2018-12-15 23:34:42,876:INFO:

2018-12-15 23:34:42,876:INFO:The symbols in this password are: ['!']
2018-12-15 23:34:42,876:INFO:The '!' was the 5th character
2018-12-15 23:34:42,877:INFO:

2018-12-15 23:34:42,936:INFO:The length of 'T4st!ng' is 7
2018-12-15 23:34:42,937:INFO:As a list it looks like this ['T', '4', 's', 't', '!', 'n', 'g']
2018-12-15 23:34:42,937:INFO:The letters in this password are: ['T', 's', 't', 'n', 'g']
2018-12-15 23:34:42,937:INFO:The 'T' was the 1st character
2018-12-15 23:34:42,937:INFO:The 's' was the 3rd character
2018-12-15 23:34:42,937:INFO:The 't' was the 4th character
2018-12-15 23:34:42,937:INFO:The 'n' was the 6th character
2018-12-15 23:34:42,938:INFO:The 'g' was the 7th character
2018-12-15 23:34:42,938:INFO:

2018-12-15 23:34:42,938:INFO:The numbers in this password are: ['4']
2018-12-15 23:34:42,938:INFO:The '4' was the 2nd character
2018-12-15 23:34:42,938:INFO:

2018-12-15 23:34:42,938:INFO:The symbols in this password are: ['!']
2018-12-15 23:34:42,938:INFO:The '!' was the 5th character
2018-12-15 23:34:42,938:INFO:

2018-12-15 23:34:43,000:INFO:The length of 'T4st!ng' is 7
2018-12-15 23:34:43,000:INFO:As a list it looks like this ['T', '4', 's', 't', '!', 'n', 'g']
2018-12-15 23:34:43,001:INFO:The letters in this password are: ['T', 's', 't', 'n', 'g']
2018-12-15 23:34:43,001:INFO:The 'T' was the 1st character
2018-12-15 23:34:43,001:INFO:The 's' was the 3rd character
2018-12-15 23:34:43,001:INFO:The 't' was the 4th character
2018-12-15 23:34:43,001:INFO:The 'n' was the 6th character
2018-12-15 23:34:43,001:INFO:The 'g' was the 7th character
2018-12-15 23:34:43,001:INFO:

2018-12-15 23:34:43,002:INFO:The numbers in this password are: ['4']
2018-12-15 23:34:43,002:INFO:The '4' was the 2nd character
2018-12-15 23:34:43,002:INFO:

2018-12-15 23:34:43,002:INFO:The symbols in this password are: ['!']
2018-12-15 23:34:43,002:INFO:The '!' was the 5th character
2018-12-15 23:34:43,002:INFO:

2018-12-15 23:34:43,058:INFO:The length of 'T4st!ng' is 7
2018-12-15 23:34:43,058:INFO:As a list it looks like this ['T', '4', 's', 't', '!', 'n', 'g']
2018-12-15 23:34:43,058:INFO:The letters in this password are: ['T', 's', 't', 'n', 'g']
2018-12-15 23:34:43,059:INFO:The 'T' was the 1st character
2018-12-15 23:34:43,059:INFO:The 's' was the 3rd character
2018-12-15 23:34:43,059:INFO:The 't' was the 4th character
2018-12-15 23:34:43,059:INFO:The 'n' was the 6th character
2018-12-15 23:34:43,060:INFO:The 'g' was the 7th character
2018-12-15 23:34:43,060:INFO:

2018-12-15 23:34:43,060:INFO:The numbers in this password are: ['4']
2018-12-15 23:34:43,060:INFO:The '4' was the 2nd character
2018-12-15 23:34:43,060:INFO:

2018-12-15 23:34:43,060:INFO:The symbols in this password are: ['!']
2018-12-15 23:34:43,060:INFO:The '!' was the 5th character
2018-12-15 23:34:43,060:INFO:

2018-12-15 23:34:43,121:INFO:The length of 'T4st!ng' is 7
2018-12-15 23:34:43,121:INFO:As a list it looks like this ['T', '4', 's', 't', '!', 'n', 'g']
2018-12-15 23:34:43,122:INFO:The letters in this password are: ['T', 's', 't', 'n', 'g']
2018-12-15 23:34:43,122:INFO:The 'T' was the 1st character
2018-12-15 23:34:43,122:INFO:The 's' was the 3rd character
2018-12-15 23:34:43,122:INFO:The 't' was the 4th character
2018-12-15 23:34:43,122:INFO:The 'n' was the 6th character
2018-12-15 23:34:43,122:INFO:The 'g' was the 7th character
2018-12-15 23:34:43,122:INFO:

2018-12-15 23:34:43,122:INFO:The numbers in this password are: ['4']
2018-12-15 23:34:43,123:INFO:The '4' was the 2nd character
2018-12-15 23:34:43,123:INFO:

2018-12-15 23:34:43,123:INFO:The symbols in this password are: ['!']
2018-12-15 23:34:43,123:INFO:The '!' was the 5th character
2018-12-15 23:34:43,123:INFO:

2018-12-15 23:34:43,181:INFO:The length of 'T4st!ng' is 7
2018-12-15 23:34:43,182:INFO:As a list it looks like this ['T', '4', 's', 't', '!', 'n', 'g']
2018-12-15 23:34:43,182:INFO:The letters in this password are: ['T', 's', 't', 'n', 'g']
2018-12-15 23:34:43,182:INFO:The 'T' was the 1st character
2018-12-15 23:34:43,182:INFO:The 's' was the 3rd character
2018-12-15 23:34:43,182:INFO:The 't' was the 4th character
2018-12-15 23:34:43,182:INFO:The 'n' was the 6th character
2018-12-15 23:34:43,183:INFO:The 'g' was the 7th character
2018-12-15 23:34:43,183:INFO:

2018-12-15 23:34:43,183:INFO:The numbers in this password are: ['4']
2018-12-15 23:34:43,183:INFO:The '4' was the 2nd character
2018-12-15 23:34:43,183:INFO:

2018-12-15 23:34:43,183:INFO:The symbols in this password are: ['!']
2018-12-15 23:34:43,184:INFO:The '!' was the 5th character
2018-12-15 23:34:43,184:INFO:

2018-12-15 23:34:43,242:INFO:The length of 'T4st!ng' is 7
2018-12-15 23:34:43,242:INFO:As a list it looks like this ['T', '4', 's', 't', '!', 'n', 'g']
2018-12-15 23:34:43,242:INFO:The letters in this password are: ['T', 's', 't', 'n', 'g']
2018-12-15 23:34:43,243:INFO:The 'T' was the 1st character
2018-12-15 23:34:43,243:INFO:The 's' was the 3rd character
2018-12-15 23:34:43,243:INFO:The 't' was the 4th character
2018-12-15 23:34:43,243:INFO:The 'n' was the 6th character
2018-12-15 23:34:43,243:INFO:The 'g' was the 7th character
2018-12-15 23:34:43,243:INFO:

2018-12-15 23:34:43,243:INFO:The numbers in this password are: ['4']
2018-12-15 23:34:43,243:INFO:The '4' was the 2nd character
2018-12-15 23:34:43,244:INFO:

2018-12-15 23:34:43,244:INFO:The symbols in this password are: ['!']
2018-12-15 23:34:43,244:INFO:The '!' was the 5th character
2018-12-15 23:34:43,244:INFO:

2018-12-15 23:34:43,304:INFO:The length of 'T4st!ng' is 7
2018-12-15 23:34:43,304:INFO:As a list it looks like this ['T', '4', 's', 't', '!', 'n', 'g']
2018-12-15 23:34:43,305:INFO:The letters in this password are: ['T', 's', 't', 'n', 'g']
2018-12-15 23:34:43,305:INFO:The 'T' was the 1st character
2018-12-15 23:34:43,305:INFO:The 's' was the 3rd character
2018-12-15 23:34:43,305:INFO:The 't' was the 4th character
2018-12-15 23:34:43,305:INFO:The 'n' was the 6th character
2018-12-15 23:34:43,305:INFO:The 'g' was the 7th character
2018-12-15 23:34:43,306:INFO:

2018-12-15 23:34:43,306:INFO:The numbers in this password are: ['4']
2018-12-15 23:34:43,306:INFO:The '4' was the 2nd character
2018-12-15 23:34:43,306:INFO:

2018-12-15 23:34:43,306:INFO:The symbols in this password are: ['!']
2018-12-15 23:34:43,306:INFO:The '!' was the 5th character
2018-12-15 23:34:43,306:INFO:

2018-12-15 23:34:43,363:INFO:The length of 'T4st!ng' is 7
2018-12-15 23:34:43,364:INFO:As a list it looks like this ['T', '4', 's', 't', '!', 'n', 'g']
2018-12-15 23:34:43,364:INFO:The letters in this password are: ['T', 's', 't', 'n', 'g']
2018-12-15 23:34:43,364:INFO:The 'T' was the 1st character
2018-12-15 23:34:43,364:INFO:The 's' was the 3rd character
2018-12-15 23:34:43,365:INFO:The 't' was the 4th character
2018-12-15 23:34:43,365:INFO:The 'n' was the 6th character
2018-12-15 23:34:43,365:INFO:The 'g' was the 7th character
2018-12-15 23:34:43,365:INFO:

2018-12-15 23:34:43,365:INFO:The numbers in this password are: ['4']
2018-12-15 23:34:43,366:INFO:The '4' was the 2nd character
2018-12-15 23:34:43,366:INFO:

2018-12-15 23:34:43,366:INFO:The symbols in this password are: ['!']
2018-12-15 23:34:43,366:INFO:The '!' was the 5th character
2018-12-15 23:34:43,366:INFO:

2018-12-15 23:34:43,422:INFO:The length of 'T4st!ng' is 7
2018-12-15 23:34:43,423:INFO:As a list it looks like this ['T', '4', 's', 't', '!', 'n', 'g']
2018-12-15 23:34:43,423:INFO:The letters in this password are: ['T', 's', 't', 'n', 'g']
2018-12-15 23:34:43,423:INFO:The 'T' was the 1st character
2018-12-15 23:34:43,423:INFO:The 's' was the 3rd character
2018-12-15 23:34:43,423:INFO:The 't' was the 4th character
2018-12-15 23:34:43,423:INFO:The 'n' was the 6th character
2018-12-15 23:34:43,423:INFO:The 'g' was the 7th character
2018-12-15 23:34:43,424:INFO:

2018-12-15 23:34:43,424:INFO:The numbers in this password are: ['4']
2018-12-15 23:34:43,424:INFO:The '4' was the 2nd character
2018-12-15 23:34:43,424:INFO:

2018-12-15 23:34:43,424:INFO:The symbols in this password are: ['!']
2018-12-15 23:34:43,424:INFO:The '!' was the 5th character
2018-12-15 23:34:43,424:INFO:

2018-12-15 23:34:43,490:INFO:The length of 'T4st!ng' is 7
2018-12-15 23:34:43,491:INFO:As a list it looks like this ['T', '4', 's', 't', '!', 'n', 'g']
2018-12-15 23:34:43,491:INFO:The letters in this password are: ['T', 's', 't', 'n', 'g']
2018-12-15 23:34:43,491:INFO:The 'T' was the 1st character
2018-12-15 23:34:43,491:INFO:The 's' was the 3rd character
2018-12-15 23:34:43,491:INFO:The 't' was the 4th character
2018-12-15 23:34:43,491:INFO:The 'n' was the 6th character
2018-12-15 23:34:43,491:INFO:The 'g' was the 7th character
2018-12-15 23:34:43,492:INFO:

2018-12-15 23:34:43,492:INFO:The numbers in this password are: ['4']
2018-12-15 23:34:43,492:INFO:The '4' was the 2nd character
2018-12-15 23:34:43,492:INFO:

2018-12-15 23:34:43,492:INFO:The symbols in this password are: ['!']
2018-12-15 23:34:43,492:INFO:The '!' was the 5th character
2018-12-15 23:34:43,492:INFO:

2018-12-15 23:34:43,552:INFO:The length of 'T4st!ng' is 7
2018-12-15 23:34:43,552:INFO:As a list it looks like this ['T', '4', 's', 't', '!', 'n', 'g']
2018-12-15 23:34:43,553:INFO:The letters in this password are: ['T', 's', 't', 'n', 'g']
2018-12-15 23:34:43,553:INFO:The 'T' was the 1st character
2018-12-15 23:34:43,553:INFO:The 's' was the 3rd character
2018-12-15 23:34:43,553:INFO:The 't' was the 4th character
2018-12-15 23:34:43,553:INFO:The 'n' was the 6th character
2018-12-15 23:34:43,554:INFO:The 'g' was the 7th character
2018-12-15 23:34:43,554:INFO:

2018-12-15 23:34:43,554:INFO:The numbers in this password are: ['4']
2018-12-15 23:34:43,554:INFO:The '4' was the 2nd character
2018-12-15 23:34:43,554:INFO:

2018-12-15 23:34:43,554:INFO:The symbols in this password are: ['!']
2018-12-15 23:34:43,554:INFO:The '!' was the 5th character
2018-12-15 23:34:43,554:INFO:

2018-12-15 23:34:43,612:INFO:The length of 'T4st!ng' is 7
2018-12-15 23:34:43,613:INFO:As a list it looks like this ['T', '4', 's', 't', '!', 'n', 'g']
2018-12-15 23:34:43,613:INFO:The letters in this password are: ['T', 's', 't', 'n', 'g']
2018-12-15 23:34:43,613:INFO:The 'T' was the 1st character
2018-12-15 23:34:43,613:INFO:The 's' was the 3rd character
2018-12-15 23:34:43,614:INFO:The 't' was the 4th character
2018-12-15 23:34:43,614:INFO:The 'n' was the 6th character
2018-12-15 23:34:43,614:INFO:The 'g' was the 7th character
2018-12-15 23:34:43,614:INFO:

2018-12-15 23:34:43,614:INFO:The numbers in this password are: ['4']
2018-12-15 23:34:43,614:INFO:The '4' was the 2nd character
2018-12-15 23:34:43,614:INFO:

2018-12-15 23:34:43,615:INFO:The symbols in this password are: ['!']
2018-12-15 23:34:43,615:INFO:The '!' was the 5th character
2018-12-15 23:34:43,615:INFO:

2018-12-15 23:34:43,675:INFO:The length of 'T4st!ng' is 7
2018-12-15 23:34:43,675:INFO:As a list it looks like this ['T', '4', 's', 't', '!', 'n', 'g']
2018-12-15 23:34:43,676:INFO:The letters in this password are: ['T', 's', 't', 'n', 'g']
2018-12-15 23:34:43,676:INFO:The 'T' was the 1st character
2018-12-15 23:34:43,676:INFO:The 's' was the 3rd character
2018-12-15 23:34:43,676:INFO:The 't' was the 4th character
2018-12-15 23:34:43,676:INFO:The 'n' was the 6th character
2018-12-15 23:34:43,677:INFO:The 'g' was the 7th character
2018-12-15 23:34:43,677:INFO:

2018-12-15 23:34:43,677:INFO:The numbers in this password are: ['4']
2018-12-15 23:34:43,677:INFO:The '4' was the 2nd character
2018-12-15 23:34:43,677:INFO:

2018-12-15 23:34:43,677:INFO:The symbols in this password are: ['!']
2018-12-15 23:34:43,677:INFO:The '!' was the 5th character
2018-12-15 23:34:43,678:INFO:

2018-12-15 23:34:43,734:INFO:The length of 'T4st!ng' is 7
2018-12-15 23:34:43,735:INFO:As a list it looks like this ['T', '4', 's', 't', '!', 'n', 'g']
2018-12-15 23:34:43,735:INFO:The letters in this password are: ['T', 's', 't', 'n', 'g']
2018-12-15 23:34:43,736:INFO:The 'T' was the 1st character
2018-12-15 23:34:43,736:INFO:The 's' was the 3rd character
2018-12-15 23:34:43,736:INFO:The 't' was the 4th character
2018-12-15 23:34:43,736:INFO:The 'n' was the 6th character
2018-12-15 23:34:43,736:INFO:The 'g' was the 7th character
2018-12-15 23:34:43,736:INFO:

2018-12-15 23:34:43,737:INFO:The numbers in this password are: ['4']
2018-12-15 23:34:43,737:INFO:The '4' was the 2nd character
2018-12-15 23:34:43,737:INFO:

2018-12-15 23:34:43,737:INFO:The symbols in this password are: ['!']
2018-12-15 23:34:43,737:INFO:The '!' was the 5th character
2018-12-15 23:34:43,737:INFO:

2018-12-15 23:34:43,794:INFO:The length of 'T4st!ng' is 7
2018-12-15 23:34:43,795:INFO:As a list it looks like this ['T', '4', 's', 't', '!', 'n', 'g']
2018-12-15 23:34:43,796:INFO:The letters in this password are: ['T', 's', 't', 'n', 'g']
2018-12-15 23:34:43,796:INFO:The 'T' was the 1st character
2018-12-15 23:34:43,796:INFO:The 's' was the 3rd character
2018-12-15 23:34:43,796:INFO:The 't' was the 4th character
2018-12-15 23:34:43,796:INFO:The 'n' was the 6th character
2018-12-15 23:34:43,796:INFO:The 'g' was the 7th character
2018-12-15 23:34:43,796:INFO:

2018-12-15 23:34:43,797:INFO:The numbers in this password are: ['4']
2018-12-15 23:34:43,797:INFO:The '4' was the 2nd character
2018-12-15 23:34:43,797:INFO:

2018-12-15 23:34:43,797:INFO:The symbols in this password are: ['!']
2018-12-15 23:34:43,797:INFO:The '!' was the 5th character
2018-12-15 23:34:43,797:INFO:

2018-12-15 23:34:43,854:INFO:The length of 'T4st!ng' is 7
2018-12-15 23:34:43,855:INFO:As a list it looks like this ['T', '4', 's', 't', '!', 'n', 'g']
2018-12-15 23:34:43,855:INFO:The letters in this password are: ['T', 's', 't', 'n', 'g']
2018-12-15 23:34:43,855:INFO:The 'T' was the 1st character
2018-12-15 23:34:43,855:INFO:The 's' was the 3rd character
2018-12-15 23:34:43,855:INFO:The 't' was the 4th character
2018-12-15 23:34:43,856:INFO:The 'n' was the 6th character
2018-12-15 23:34:43,856:INFO:The 'g' was the 7th character
2018-12-15 23:34:43,856:INFO:

2018-12-15 23:34:43,856:INFO:The numbers in this password are: ['4']
2018-12-15 23:34:43,856:INFO:The '4' was the 2nd character
2018-12-15 23:34:43,856:INFO:

2018-12-15 23:34:43,856:INFO:The symbols in this password are: ['!']
2018-12-15 23:34:43,857:INFO:The '!' was the 5th character
2018-12-15 23:34:43,857:INFO:

2018-12-15 23:34:43,915:INFO:The length of 'T4st!ng' is 7
2018-12-15 23:34:43,916:INFO:As a list it looks like this ['T', '4', 's', 't', '!', 'n', 'g']
2018-12-15 23:34:43,916:INFO:The letters in this password are: ['T', 's', 't', 'n', 'g']
2018-12-15 23:34:43,916:INFO:The 'T' was the 1st character
2018-12-15 23:34:43,916:INFO:The 's' was the 3rd character
2018-12-15 23:34:43,917:INFO:The 't' was the 4th character
2018-12-15 23:34:43,917:INFO:The 'n' was the 6th character
2018-12-15 23:34:43,917:INFO:The 'g' was the 7th character
2018-12-15 23:34:43,917:INFO:

2018-12-15 23:34:43,917:INFO:The numbers in this password are: ['4']
2018-12-15 23:34:43,917:INFO:The '4' was the 2nd character
2018-12-15 23:34:43,917:INFO:

2018-12-15 23:34:43,918:INFO:The symbols in this password are: ['!']
2018-12-15 23:34:43,918:INFO:The '!' was the 5th character
2018-12-15 23:34:43,918:INFO:

2018-12-15 23:34:43,978:INFO:The length of 'T4st!ng' is 7
2018-12-15 23:34:43,979:INFO:As a list it looks like this ['T', '4', 's', 't', '!', 'n', 'g']
2018-12-15 23:34:43,979:INFO:The letters in this password are: ['T', 's', 't', 'n', 'g']
2018-12-15 23:34:43,979:INFO:The 'T' was the 1st character
2018-12-15 23:34:43,980:INFO:The 's' was the 3rd character
2018-12-15 23:34:43,980:INFO:The 't' was the 4th character
2018-12-15 23:34:43,980:INFO:The 'n' was the 6th character
2018-12-15 23:34:43,980:INFO:The 'g' was the 7th character
2018-12-15 23:34:43,980:INFO:

2018-12-15 23:34:43,980:INFO:The numbers in this password are: ['4']
2018-12-15 23:34:43,980:INFO:The '4' was the 2nd character
2018-12-15 23:34:43,981:INFO:

2018-12-15 23:34:43,981:INFO:The symbols in this password are: ['!']
2018-12-15 23:34:43,981:INFO:The '!' was the 5th character
2018-12-15 23:34:43,981:INFO:

2018-12-15 23:34:44,039:INFO:The length of 'T4st!ng' is 7
2018-12-15 23:34:44,039:INFO:As a list it looks like this ['T', '4', 's', 't', '!', 'n', 'g']
2018-12-15 23:34:44,040:INFO:The letters in this password are: ['T', 's', 't', 'n', 'g']
2018-12-15 23:34:44,040:INFO:The 'T' was the 1st character
2018-12-15 23:34:44,040:INFO:The 's' was the 3rd character
2018-12-15 23:34:44,040:INFO:The 't' was the 4th character
2018-12-15 23:34:44,040:INFO:The 'n' was the 6th character
2018-12-15 23:34:44,040:INFO:The 'g' was the 7th character
2018-12-15 23:34:44,040:INFO:

2018-12-15 23:34:44,041:INFO:The numbers in this password are: ['4']
2018-12-15 23:34:44,041:INFO:The '4' was the 2nd character
2018-12-15 23:34:44,041:INFO:

2018-12-15 23:34:44,041:INFO:The symbols in this password are: ['!']
2018-12-15 23:34:44,041:INFO:The '!' was the 5th character
2018-12-15 23:34:44,041:INFO:

2018-12-15 23:34:44,097:INFO:The length of 'T4st!ng' is 7
2018-12-15 23:34:44,097:INFO:As a list it looks like this ['T', '4', 's', 't', '!', 'n', 'g']
2018-12-15 23:34:44,098:INFO:The letters in this password are: ['T', 's', 't', 'n', 'g']
2018-12-15 23:34:44,098:INFO:The 'T' was the 1st character
2018-12-15 23:34:44,098:INFO:The 's' was the 3rd character
2018-12-15 23:34:44,098:INFO:The 't' was the 4th character
2018-12-15 23:34:44,098:INFO:The 'n' was the 6th character
2018-12-15 23:34:44,098:INFO:The 'g' was the 7th character
2018-12-15 23:34:44,098:INFO:

2018-12-15 23:34:44,099:INFO:The numbers in this password are: ['4']
2018-12-15 23:34:44,099:INFO:The '4' was the 2nd character
2018-12-15 23:34:44,099:INFO:

2018-12-15 23:34:44,099:INFO:The symbols in this password are: ['!']
2018-12-15 23:34:44,099:INFO:The '!' was the 5th character
2018-12-15 23:34:44,099:INFO:

2018-12-15 23:34:44,154:INFO:The length of 'T4st!ng' is 7
2018-12-15 23:34:44,155:INFO:As a list it looks like this ['T', '4', 's', 't', '!', 'n', 'g']
2018-12-15 23:34:44,155:INFO:The letters in this password are: ['T', 's', 't', 'n', 'g']
2018-12-15 23:34:44,155:INFO:The 'T' was the 1st character
2018-12-15 23:34:44,156:INFO:The 's' was the 3rd character
2018-12-15 23:34:44,156:INFO:The 't' was the 4th character
2018-12-15 23:34:44,156:INFO:The 'n' was the 6th character
2018-12-15 23:34:44,156:INFO:The 'g' was the 7th character
2018-12-15 23:34:44,156:INFO:

2018-12-15 23:34:44,157:INFO:The numbers in this password are: ['4']
2018-12-15 23:34:44,157:INFO:The '4' was the 2nd character
2018-12-15 23:34:44,157:INFO:

2018-12-15 23:34:44,157:INFO:The symbols in this password are: ['!']
2018-12-15 23:34:44,157:INFO:The '!' was the 5th character
2018-12-15 23:34:44,157:INFO:

2018-12-15 23:34:44,218:INFO:The length of 'T4st!ng' is 7
2018-12-15 23:34:44,219:INFO:As a list it looks like this ['T', '4', 's', 't', '!', 'n', 'g']
2018-12-15 23:34:44,219:INFO:The letters in this password are: ['T', 's', 't', 'n', 'g']
2018-12-15 23:34:44,219:INFO:The 'T' was the 1st character
2018-12-15 23:34:44,219:INFO:The 's' was the 3rd character
2018-12-15 23:34:44,219:INFO:The 't' was the 4th character
2018-12-15 23:34:44,219:INFO:The 'n' was the 6th character
2018-12-15 23:34:44,220:INFO:The 'g' was the 7th character
2018-12-15 23:34:44,220:INFO:

2018-12-15 23:34:44,220:INFO:The numbers in this password are: ['4']
2018-12-15 23:34:44,220:INFO:The '4' was the 2nd character
2018-12-15 23:34:44,220:INFO:

2018-12-15 23:34:44,220:INFO:The symbols in this password are: ['!']
2018-12-15 23:34:44,220:INFO:The '!' was the 5th character
2018-12-15 23:34:44,220:INFO:

2018-12-15 23:34:44,279:INFO:The length of 'T4st!ng' is 7
2018-12-15 23:34:44,280:INFO:As a list it looks like this ['T', '4', 's', 't', '!', 'n', 'g']
2018-12-15 23:34:44,280:INFO:The letters in this password are: ['T', 's', 't', 'n', 'g']
2018-12-15 23:34:44,280:INFO:The 'T' was the 1st character
2018-12-15 23:34:44,280:INFO:The 's' was the 3rd character
2018-12-15 23:34:44,280:INFO:The 't' was the 4th character
2018-12-15 23:34:44,281:INFO:The 'n' was the 6th character
2018-12-15 23:34:44,281:INFO:The 'g' was the 7th character
2018-12-15 23:34:44,281:INFO:

2018-12-15 23:34:44,281:INFO:The numbers in this password are: ['4']
2018-12-15 23:34:44,281:INFO:The '4' was the 2nd character
2018-12-15 23:34:44,282:INFO:

2018-12-15 23:34:44,282:INFO:The symbols in this password are: ['!']
2018-12-15 23:34:44,282:INFO:The '!' was the 5th character
2018-12-15 23:34:44,282:INFO:

2018-12-15 23:34:44,344:INFO:The length of 'T4st!ng' is 7
2018-12-15 23:34:44,344:INFO:As a list it looks like this ['T', '4', 's', 't', '!', 'n', 'g']
2018-12-15 23:34:44,345:INFO:The letters in this password are: ['T', 's', 't', 'n', 'g']
2018-12-15 23:34:44,345:INFO:The 'T' was the 1st character
2018-12-15 23:34:44,345:INFO:The 's' was the 3rd character
2018-12-15 23:34:44,345:INFO:The 't' was the 4th character
2018-12-15 23:34:44,345:INFO:The 'n' was the 6th character
2018-12-15 23:34:44,346:INFO:The 'g' was the 7th character
2018-12-15 23:34:44,346:INFO:

2018-12-15 23:34:44,346:INFO:The numbers in this password are: ['4']
2018-12-15 23:34:44,346:INFO:The '4' was the 2nd character
2018-12-15 23:34:44,346:INFO:

2018-12-15 23:34:44,346:INFO:The symbols in this password are: ['!']
2018-12-15 23:34:44,346:INFO:The '!' was the 5th character
2018-12-15 23:34:44,347:INFO:

2018-12-15 23:34:44,408:INFO:The length of 'T4st!ng' is 7
2018-12-15 23:34:44,409:INFO:As a list it looks like this ['T', '4', 's', 't', '!', 'n', 'g']
2018-12-15 23:34:44,409:INFO:The letters in this password are: ['T', 's', 't', 'n', 'g']
2018-12-15 23:34:44,409:INFO:The 'T' was the 1st character
2018-12-15 23:34:44,409:INFO:The 's' was the 3rd character
2018-12-15 23:34:44,410:INFO:The 't' was the 4th character
2018-12-15 23:34:44,410:INFO:The 'n' was the 6th character
2018-12-15 23:34:44,410:INFO:The 'g' was the 7th character
2018-12-15 23:34:44,410:INFO:

2018-12-15 23:34:44,410:INFO:The numbers in this password are: ['4']
2018-12-15 23:34:44,410:INFO:The '4' was the 2nd character
2018-12-15 23:34:44,410:INFO:

2018-12-15 23:34:44,411:INFO:The symbols in this password are: ['!']
2018-12-15 23:34:44,411:INFO:The '!' was the 5th character
2018-12-15 23:34:44,411:INFO:

2018-12-15 23:34:44,478:INFO:The length of 'T4st!ng' is 7
2018-12-15 23:34:44,479:INFO:As a list it looks like this ['T', '4', 's', 't', '!', 'n', 'g']
2018-12-15 23:34:44,479:INFO:The letters in this password are: ['T', 's', 't', 'n', 'g']
2018-12-15 23:34:44,479:INFO:The 'T' was the 1st character
2018-12-15 23:34:44,479:INFO:The 's' was the 3rd character
2018-12-15 23:34:44,479:INFO:The 't' was the 4th character
2018-12-15 23:34:44,480:INFO:The 'n' was the 6th character
2018-12-15 23:34:44,480:INFO:The 'g' was the 7th character
2018-12-15 23:34:44,480:INFO:

2018-12-15 23:34:44,480:INFO:The numbers in this password are: ['4']
2018-12-15 23:34:44,480:INFO:The '4' was the 2nd character
2018-12-15 23:34:44,481:INFO:

2018-12-15 23:34:44,481:INFO:The symbols in this password are: ['!']
2018-12-15 23:34:44,481:INFO:The '!' was the 5th character
2018-12-15 23:34:44,481:INFO:

2018-12-15 23:34:44,544:INFO:The length of 'T4st!ng' is 7
2018-12-15 23:34:44,545:INFO:As a list it looks like this ['T', '4', 's', 't', '!', 'n', 'g']
2018-12-15 23:34:44,545:INFO:The letters in this password are: ['T', 's', 't', 'n', 'g']
2018-12-15 23:34:44,546:INFO:The 'T' was the 1st character
2018-12-15 23:34:44,546:INFO:The 's' was the 3rd character
2018-12-15 23:34:44,546:INFO:The 't' was the 4th character
2018-12-15 23:34:44,546:INFO:The 'n' was the 6th character
2018-12-15 23:34:44,546:INFO:The 'g' was the 7th character
2018-12-15 23:34:44,547:INFO:

2018-12-15 23:34:44,547:INFO:The numbers in this password are: ['4']
2018-12-15 23:34:44,547:INFO:The '4' was the 2nd character
2018-12-15 23:34:44,547:INFO:

2018-12-15 23:34:44,547:INFO:The symbols in this password are: ['!']
2018-12-15 23:34:44,547:INFO:The '!' was the 5th character
2018-12-15 23:34:44,548:INFO:

2018-12-15 23:34:44,621:INFO:The length of 'T4st!ng' is 7
2018-12-15 23:34:44,621:INFO:As a list it looks like this ['T', '4', 's', 't', '!', 'n', 'g']
2018-12-15 23:34:44,621:INFO:The letters in this password are: ['T', 's', 't', 'n', 'g']
2018-12-15 23:34:44,622:INFO:The 'T' was the 1st character
2018-12-15 23:34:44,622:INFO:The 's' was the 3rd character
2018-12-15 23:34:44,622:INFO:The 't' was the 4th character
2018-12-15 23:34:44,622:INFO:The 'n' was the 6th character
2018-12-15 23:34:44,622:INFO:The 'g' was the 7th character
2018-12-15 23:34:44,622:INFO:

2018-12-15 23:34:44,623:INFO:The numbers in this password are: ['4']
2018-12-15 23:34:44,623:INFO:The '4' was the 2nd character
2018-12-15 23:34:44,623:INFO:

2018-12-15 23:34:44,623:INFO:The symbols in this password are: ['!']
2018-12-15 23:34:44,623:INFO:The '!' was the 5th character
2018-12-15 23:34:44,623:INFO:

2018-12-15 23:34:44,688:INFO:The length of 'T4st!ng' is 7
2018-12-15 23:34:44,689:INFO:As a list it looks like this ['T', '4', 's', 't', '!', 'n', 'g']
2018-12-15 23:34:44,689:INFO:The letters in this password are: ['T', 's', 't', 'n', 'g']
2018-12-15 23:34:44,689:INFO:The 'T' was the 1st character
2018-12-15 23:34:44,689:INFO:The 's' was the 3rd character
2018-12-15 23:34:44,689:INFO:The 't' was the 4th character
2018-12-15 23:34:44,689:INFO:The 'n' was the 6th character
2018-12-15 23:34:44,689:INFO:The 'g' was the 7th character
2018-12-15 23:34:44,690:INFO:

2018-12-15 23:34:44,690:INFO:The numbers in this password are: ['4']
2018-12-15 23:34:44,690:INFO:The '4' was the 2nd character
2018-12-15 23:34:44,690:INFO:

2018-12-15 23:34:44,690:INFO:The symbols in this password are: ['!']
2018-12-15 23:34:44,690:INFO:The '!' was the 5th character
2018-12-15 23:34:44,690:INFO:

2018-12-15 23:34:44,745:INFO:The length of 'T4st!ng' is 7
2018-12-15 23:34:44,746:INFO:As a list it looks like this ['T', '4', 's', 't', '!', 'n', 'g']
2018-12-15 23:34:44,746:INFO:The letters in this password are: ['T', 's', 't', 'n', 'g']
2018-12-15 23:34:44,746:INFO:The 'T' was the 1st character
2018-12-15 23:34:44,746:INFO:The 's' was the 3rd character
2018-12-15 23:34:44,747:INFO:The 't' was the 4th character
2018-12-15 23:34:44,747:INFO:The 'n' was the 6th character
2018-12-15 23:34:44,747:INFO:The 'g' was the 7th character
2018-12-15 23:34:44,747:INFO:

2018-12-15 23:34:44,747:INFO:The numbers in this password are: ['4']
2018-12-15 23:34:44,747:INFO:The '4' was the 2nd character
2018-12-15 23:34:44,747:INFO:

2018-12-15 23:34:44,748:INFO:The symbols in this password are: ['!']
2018-12-15 23:34:44,748:INFO:The '!' was the 5th character
2018-12-15 23:34:44,748:INFO:

2018-12-15 23:34:44,812:INFO:The length of 'T4st!ng' is 7
2018-12-15 23:34:44,812:INFO:As a list it looks like this ['T', '4', 's', 't', '!', 'n', 'g']
2018-12-15 23:34:44,812:INFO:The letters in this password are: ['T', 's', 't', 'n', 'g']
2018-12-15 23:34:44,812:INFO:The 'T' was the 1st character
2018-12-15 23:34:44,812:INFO:The 's' was the 3rd character
2018-12-15 23:34:44,813:INFO:The 't' was the 4th character
2018-12-15 23:34:44,813:INFO:The 'n' was the 6th character
2018-12-15 23:34:44,813:INFO:The 'g' was the 7th character
2018-12-15 23:34:44,813:INFO:

2018-12-15 23:34:44,813:INFO:The numbers in this password are: ['4']
2018-12-15 23:34:44,813:INFO:The '4' was the 2nd character
2018-12-15 23:34:44,813:INFO:

2018-12-15 23:34:44,813:INFO:The symbols in this password are: ['!']
2018-12-15 23:34:44,814:INFO:The '!' was the 5th character
2018-12-15 23:34:44,814:INFO:

2018-12-15 23:34:44,873:INFO:The length of 'T4st!ng' is 7
2018-12-15 23:34:44,873:INFO:As a list it looks like this ['T', '4', 's', 't', '!', 'n', 'g']
2018-12-15 23:34:44,873:INFO:The letters in this password are: ['T', 's', 't', 'n', 'g']
2018-12-15 23:34:44,874:INFO:The 'T' was the 1st character
2018-12-15 23:34:44,874:INFO:The 's' was the 3rd character
2018-12-15 23:34:44,874:INFO:The 't' was the 4th character
2018-12-15 23:34:44,874:INFO:The 'n' was the 6th character
2018-12-15 23:34:44,874:INFO:The 'g' was the 7th character
2018-12-15 23:34:44,874:INFO:

2018-12-15 23:34:44,874:INFO:The numbers in this password are: ['4']
2018-12-15 23:34:44,875:INFO:The '4' was the 2nd character
2018-12-15 23:34:44,875:INFO:

2018-12-15 23:34:44,875:INFO:The symbols in this password are: ['!']
2018-12-15 23:34:44,875:INFO:The '!' was the 5th character
2018-12-15 23:34:44,875:INFO:

2018-12-15 23:34:44,931:INFO:The length of 'T4st!ng' is 7
2018-12-15 23:34:44,931:INFO:As a list it looks like this ['T', '4', 's', 't', '!', 'n', 'g']
2018-12-15 23:34:44,931:INFO:The letters in this password are: ['T', 's', 't', 'n', 'g']
2018-12-15 23:34:44,931:INFO:The 'T' was the 1st character
2018-12-15 23:34:44,932:INFO:The 's' was the 3rd character
2018-12-15 23:34:44,932:INFO:The 't' was the 4th character
2018-12-15 23:34:44,932:INFO:The 'n' was the 6th character
2018-12-15 23:34:44,932:INFO:The 'g' was the 7th character
2018-12-15 23:34:44,932:INFO:

2018-12-15 23:34:44,932:INFO:The numbers in this password are: ['4']
2018-12-15 23:34:44,932:INFO:The '4' was the 2nd character
2018-12-15 23:34:44,933:INFO:

2018-12-15 23:34:44,933:INFO:The symbols in this password are: ['!']
2018-12-15 23:34:44,933:INFO:The '!' was the 5th character
2018-12-15 23:34:44,933:INFO:

2018-12-15 23:34:44,995:INFO:The length of 'T4st!ng' is 7
2018-12-15 23:34:44,996:INFO:As a list it looks like this ['T', '4', 's', 't', '!', 'n', 'g']
2018-12-15 23:34:44,996:INFO:The letters in this password are: ['T', 's', 't', 'n', 'g']
2018-12-15 23:34:44,996:INFO:The 'T' was the 1st character
2018-12-15 23:34:44,996:INFO:The 's' was the 3rd character
2018-12-15 23:34:44,997:INFO:The 't' was the 4th character
2018-12-15 23:34:44,997:INFO:The 'n' was the 6th character
2018-12-15 23:34:44,997:INFO:The 'g' was the 7th character
2018-12-15 23:34:44,997:INFO:

2018-12-15 23:34:44,997:INFO:The numbers in this password are: ['4']
2018-12-15 23:34:44,997:INFO:The '4' was the 2nd character
2018-12-15 23:34:44,998:INFO:

2018-12-15 23:34:44,998:INFO:The symbols in this password are: ['!']
2018-12-15 23:34:44,998:INFO:The '!' was the 5th character
2018-12-15 23:34:44,998:INFO:

2018-12-15 23:34:45,055:INFO:The length of 'T4st!ng' is 7
2018-12-15 23:34:45,056:INFO:As a list it looks like this ['T', '4', 's', 't', '!', 'n', 'g']
2018-12-15 23:34:45,056:INFO:The letters in this password are: ['T', 's', 't', 'n', 'g']
2018-12-15 23:34:45,056:INFO:The 'T' was the 1st character
2018-12-15 23:34:45,056:INFO:The 's' was the 3rd character
2018-12-15 23:34:45,056:INFO:The 't' was the 4th character
2018-12-15 23:34:45,056:INFO:The 'n' was the 6th character
2018-12-15 23:34:45,057:INFO:The 'g' was the 7th character
2018-12-15 23:34:45,057:INFO:

2018-12-15 23:34:45,057:INFO:The numbers in this password are: ['4']
2018-12-15 23:34:45,057:INFO:The '4' was the 2nd character
2018-12-15 23:34:45,057:INFO:

2018-12-15 23:34:45,057:INFO:The symbols in this password are: ['!']
2018-12-15 23:34:45,057:INFO:The '!' was the 5th character
2018-12-15 23:34:45,058:INFO:

2018-12-15 23:34:45,119:INFO:The length of 'T4st!ng' is 7
2018-12-15 23:34:45,119:INFO:As a list it looks like this ['T', '4', 's', 't', '!', 'n', 'g']
2018-12-15 23:34:45,119:INFO:The letters in this password are: ['T', 's', 't', 'n', 'g']
2018-12-15 23:34:45,120:INFO:The 'T' was the 1st character
2018-12-15 23:34:45,120:INFO:The 's' was the 3rd character
2018-12-15 23:34:45,120:INFO:The 't' was the 4th character
2018-12-15 23:34:45,120:INFO:The 'n' was the 6th character
2018-12-15 23:34:45,120:INFO:The 'g' was the 7th character
2018-12-15 23:34:45,120:INFO:

2018-12-15 23:34:45,120:INFO:The numbers in this password are: ['4']
2018-12-15 23:34:45,120:INFO:The '4' was the 2nd character
2018-12-15 23:34:45,121:INFO:

2018-12-15 23:34:45,121:INFO:The symbols in this password are: ['!']
2018-12-15 23:34:45,121:INFO:The '!' was the 5th character
2018-12-15 23:34:45,121:INFO:

2018-12-15 23:34:45,179:INFO:The length of 'T4st!ng' is 7
2018-12-15 23:34:45,179:INFO:As a list it looks like this ['T', '4', 's', 't', '!', 'n', 'g']
2018-12-15 23:34:45,180:INFO:The letters in this password are: ['T', 's', 't', 'n', 'g']
2018-12-15 23:34:45,180:INFO:The 'T' was the 1st character
2018-12-15 23:34:45,180:INFO:The 's' was the 3rd character
2018-12-15 23:34:45,180:INFO:The 't' was the 4th character
2018-12-15 23:34:45,180:INFO:The 'n' was the 6th character
2018-12-15 23:34:45,180:INFO:The 'g' was the 7th character
2018-12-15 23:34:45,180:INFO:

2018-12-15 23:34:45,181:INFO:The numbers in this password are: ['4']
2018-12-15 23:34:45,181:INFO:The '4' was the 2nd character
2018-12-15 23:34:45,181:INFO:

2018-12-15 23:34:45,181:INFO:The symbols in this password are: ['!']
2018-12-15 23:34:45,181:INFO:The '!' was the 5th character
2018-12-15 23:34:45,181:INFO:

2018-12-15 23:34:45,239:INFO:The length of 'T4st!ng' is 7
2018-12-15 23:34:45,240:INFO:As a list it looks like this ['T', '4', 's', 't', '!', 'n', 'g']
2018-12-15 23:34:45,240:INFO:The letters in this password are: ['T', 's', 't', 'n', 'g']
2018-12-15 23:34:45,240:INFO:The 'T' was the 1st character
2018-12-15 23:34:45,240:INFO:The 's' was the 3rd character
2018-12-15 23:34:45,241:INFO:The 't' was the 4th character
2018-12-15 23:34:45,241:INFO:The 'n' was the 6th character
2018-12-15 23:34:45,241:INFO:The 'g' was the 7th character
2018-12-15 23:34:45,241:INFO:

2018-12-15 23:34:45,241:INFO:The numbers in this password are: ['4']
2018-12-15 23:34:45,241:INFO:The '4' was the 2nd character
2018-12-15 23:34:45,241:INFO:

2018-12-15 23:34:45,242:INFO:The symbols in this password are: ['!']
2018-12-15 23:34:45,242:INFO:The '!' was the 5th character
2018-12-15 23:34:45,242:INFO:

2018-12-15 23:34:45,301:INFO:The length of 'T4st!ng' is 7
2018-12-15 23:34:45,302:INFO:As a list it looks like this ['T', '4', 's', 't', '!', 'n', 'g']
2018-12-15 23:34:45,302:INFO:The letters in this password are: ['T', 's', 't', 'n', 'g']
2018-12-15 23:34:45,302:INFO:The 'T' was the 1st character
2018-12-15 23:34:45,302:INFO:The 's' was the 3rd character
2018-12-15 23:34:45,303:INFO:The 't' was the 4th character
2018-12-15 23:34:45,303:INFO:The 'n' was the 6th character
2018-12-15 23:34:45,303:INFO:The 'g' was the 7th character
2018-12-15 23:34:45,303:INFO:

2018-12-15 23:34:45,303:INFO:The numbers in this password are: ['4']
2018-12-15 23:34:45,303:INFO:The '4' was the 2nd character
2018-12-15 23:34:45,303:INFO:

2018-12-15 23:34:45,303:INFO:The symbols in this password are: ['!']
2018-12-15 23:34:45,304:INFO:The '!' was the 5th character
2018-12-15 23:34:45,304:INFO:

2018-12-15 23:34:45,359:INFO:The length of 'T4st!ng' is 7
2018-12-15 23:34:45,360:INFO:As a list it looks like this ['T', '4', 's', 't', '!', 'n', 'g']
2018-12-15 23:34:45,360:INFO:The letters in this password are: ['T', 's', 't', 'n', 'g']
2018-12-15 23:34:45,360:INFO:The 'T' was the 1st character
2018-12-15 23:34:45,360:INFO:The 's' was the 3rd character
2018-12-15 23:34:45,361:INFO:The 't' was the 4th character
2018-12-15 23:34:45,361:INFO:The 'n' was the 6th character
2018-12-15 23:34:45,361:INFO:The 'g' was the 7th character
2018-12-15 23:34:45,361:INFO:

2018-12-15 23:34:45,361:INFO:The numbers in this password are: ['4']
2018-12-15 23:34:45,361:INFO:The '4' was the 2nd character
2018-12-15 23:34:45,361:INFO:

2018-12-15 23:34:45,362:INFO:The symbols in this password are: ['!']
2018-12-15 23:34:45,362:INFO:The '!' was the 5th character
2018-12-15 23:34:45,362:INFO:

2018-12-15 23:34:45,424:INFO:The length of 'T4st!ng' is 7
2018-12-15 23:34:45,425:INFO:As a list it looks like this ['T', '4', 's', 't', '!', 'n', 'g']
2018-12-15 23:34:45,425:INFO:The letters in this password are: ['T', 's', 't', 'n', 'g']
2018-12-15 23:34:45,425:INFO:The 'T' was the 1st character
2018-12-15 23:34:45,425:INFO:The 's' was the 3rd character
2018-12-15 23:34:45,425:INFO:The 't' was the 4th character
2018-12-15 23:34:45,425:INFO:The 'n' was the 6th character
2018-12-15 23:34:45,425:INFO:The 'g' was the 7th character
2018-12-15 23:34:45,426:INFO:

2018-12-15 23:34:45,426:INFO:The numbers in this password are: ['4']
2018-12-15 23:34:45,426:INFO:The '4' was the 2nd character
2018-12-15 23:34:45,426:INFO:

2018-12-15 23:34:45,426:INFO:The symbols in this password are: ['!']
2018-12-15 23:34:45,426:INFO:The '!' was the 5th character
2018-12-15 23:34:45,426:INFO:

2018-12-15 23:34:45,489:INFO:The length of 'T4st!ng' is 7
2018-12-15 23:34:45,490:INFO:As a list it looks like this ['T', '4', 's', 't', '!', 'n', 'g']
2018-12-15 23:34:45,490:INFO:The letters in this password are: ['T', 's', 't', 'n', 'g']
2018-12-15 23:34:45,490:INFO:The 'T' was the 1st character
2018-12-15 23:34:45,490:INFO:The 's' was the 3rd character
2018-12-15 23:34:45,490:INFO:The 't' was the 4th character
2018-12-15 23:34:45,490:INFO:The 'n' was the 6th character
2018-12-15 23:34:45,490:INFO:The 'g' was the 7th character
2018-12-15 23:34:45,491:INFO:

2018-12-15 23:34:45,491:INFO:The numbers in this password are: ['4']
2018-12-15 23:34:45,491:INFO:The '4' was the 2nd character
2018-12-15 23:34:45,491:INFO:

2018-12-15 23:34:45,491:INFO:The symbols in this password are: ['!']
2018-12-15 23:34:45,491:INFO:The '!' was the 5th character
2018-12-15 23:34:45,491:INFO:

2018-12-15 23:34:45,552:INFO:The length of 'T4st!ng' is 7
2018-12-15 23:34:45,553:INFO:As a list it looks like this ['T', '4', 's', 't', '!', 'n', 'g']
2018-12-15 23:34:45,553:INFO:The letters in this password are: ['T', 's', 't', 'n', 'g']
2018-12-15 23:34:45,553:INFO:The 'T' was the 1st character
2018-12-15 23:34:45,553:INFO:The 's' was the 3rd character
2018-12-15 23:34:45,554:INFO:The 't' was the 4th character
2018-12-15 23:34:45,554:INFO:The 'n' was the 6th character
2018-12-15 23:34:45,554:INFO:The 'g' was the 7th character
2018-12-15 23:34:45,554:INFO:

2018-12-15 23:34:45,554:INFO:The numbers in this password are: ['4']
2018-12-15 23:34:45,554:INFO:The '4' was the 2nd character
2018-12-15 23:34:45,555:INFO:

2018-12-15 23:34:45,555:INFO:The symbols in this password are: ['!']
2018-12-15 23:34:45,555:INFO:The '!' was the 5th character
2018-12-15 23:34:45,555:INFO:

2018-12-15 23:34:45,621:INFO:The length of 'T4st!ng' is 7
2018-12-15 23:34:45,622:INFO:As a list it looks like this ['T', '4', 's', 't', '!', 'n', 'g']
2018-12-15 23:34:45,622:INFO:The letters in this password are: ['T', 's', 't', 'n', 'g']
2018-12-15 23:34:45,622:INFO:The 'T' was the 1st character
2018-12-15 23:34:45,622:INFO:The 's' was the 3rd character
2018-12-15 23:34:45,622:INFO:The 't' was the 4th character
2018-12-15 23:34:45,622:INFO:The 'n' was the 6th character
2018-12-15 23:34:45,622:INFO:The 'g' was the 7th character
2018-12-15 23:34:45,623:INFO:

2018-12-15 23:34:45,623:INFO:The numbers in this password are: ['4']
2018-12-15 23:34:45,623:INFO:The '4' was the 2nd character
2018-12-15 23:34:45,623:INFO:

2018-12-15 23:34:45,623:INFO:The symbols in this password are: ['!']
2018-12-15 23:34:45,623:INFO:The '!' was the 5th character
2018-12-15 23:34:45,623:INFO:

2018-12-15 23:34:45,687:INFO:The length of 'T4st!ng' is 7
2018-12-15 23:34:45,688:INFO:As a list it looks like this ['T', '4', 's', 't', '!', 'n', 'g']
2018-12-15 23:34:45,688:INFO:The letters in this password are: ['T', 's', 't', 'n', 'g']
2018-12-15 23:34:45,688:INFO:The 'T' was the 1st character
2018-12-15 23:34:45,688:INFO:The 's' was the 3rd character
2018-12-15 23:34:45,688:INFO:The 't' was the 4th character
2018-12-15 23:34:45,689:INFO:The 'n' was the 6th character
2018-12-15 23:34:45,689:INFO:The 'g' was the 7th character
2018-12-15 23:34:45,689:INFO:

2018-12-15 23:34:45,689:INFO:The numbers in this password are: ['4']
2018-12-15 23:34:45,689:INFO:The '4' was the 2nd character
2018-12-15 23:34:45,689:INFO:

2018-12-15 23:34:45,690:INFO:The symbols in this password are: ['!']
2018-12-15 23:34:45,690:INFO:The '!' was the 5th character
2018-12-15 23:34:45,690:INFO:

2018-12-15 23:34:45,753:INFO:The length of 'T4st!ng' is 7
2018-12-15 23:34:45,754:INFO:As a list it looks like this ['T', '4', 's', 't', '!', 'n', 'g']
2018-12-15 23:34:45,754:INFO:The letters in this password are: ['T', 's', 't', 'n', 'g']
2018-12-15 23:34:45,754:INFO:The 'T' was the 1st character
2018-12-15 23:34:45,754:INFO:The 's' was the 3rd character
2018-12-15 23:34:45,754:INFO:The 't' was the 4th character
2018-12-15 23:34:45,754:INFO:The 'n' was the 6th character
2018-12-15 23:34:45,755:INFO:The 'g' was the 7th character
2018-12-15 23:34:45,755:INFO:

2018-12-15 23:34:45,755:INFO:The numbers in this password are: ['4']
2018-12-15 23:34:45,755:INFO:The '4' was the 2nd character
2018-12-15 23:34:45,755:INFO:

2018-12-15 23:34:45,755:INFO:The symbols in this password are: ['!']
2018-12-15 23:34:45,756:INFO:The '!' was the 5th character
2018-12-15 23:34:45,756:INFO:

2018-12-15 23:34:45,814:INFO:The length of 'T4st!ng' is 7
2018-12-15 23:34:45,814:INFO:As a list it looks like this ['T', '4', 's', 't', '!', 'n', 'g']
2018-12-15 23:34:45,815:INFO:The letters in this password are: ['T', 's', 't', 'n', 'g']
2018-12-15 23:34:45,815:INFO:The 'T' was the 1st character
2018-12-15 23:34:45,815:INFO:The 's' was the 3rd character
2018-12-15 23:34:45,815:INFO:The 't' was the 4th character
2018-12-15 23:34:45,815:INFO:The 'n' was the 6th character
2018-12-15 23:34:45,816:INFO:The 'g' was the 7th character
2018-12-15 23:34:45,816:INFO:

2018-12-15 23:34:45,816:INFO:The numbers in this password are: ['4']
2018-12-15 23:34:45,816:INFO:The '4' was the 2nd character
2018-12-15 23:34:45,816:INFO:

2018-12-15 23:34:45,816:INFO:The symbols in this password are: ['!']
2018-12-15 23:34:45,817:INFO:The '!' was the 5th character
2018-12-15 23:34:45,817:INFO:

2018-12-15 23:34:45,878:INFO:The length of 'T4st!ng' is 7
2018-12-15 23:34:45,878:INFO:As a list it looks like this ['T', '4', 's', 't', '!', 'n', 'g']
2018-12-15 23:34:45,878:INFO:The letters in this password are: ['T', 's', 't', 'n', 'g']
2018-12-15 23:34:45,879:INFO:The 'T' was the 1st character
2018-12-15 23:34:45,879:INFO:The 's' was the 3rd character
2018-12-15 23:34:45,879:INFO:The 't' was the 4th character
2018-12-15 23:34:45,879:INFO:The 'n' was the 6th character
2018-12-15 23:34:45,879:INFO:The 'g' was the 7th character
2018-12-15 23:34:45,879:INFO:

2018-12-15 23:34:45,880:INFO:The numbers in this password are: ['4']
2018-12-15 23:34:45,880:INFO:The '4' was the 2nd character
2018-12-15 23:34:45,880:INFO:

2018-12-15 23:34:45,880:INFO:The symbols in this password are: ['!']
2018-12-15 23:34:45,880:INFO:The '!' was the 5th character
2018-12-15 23:34:45,880:INFO:

2018-12-15 23:34:45,937:INFO:The length of 'T4st!ng' is 7
2018-12-15 23:34:45,937:INFO:As a list it looks like this ['T', '4', 's', 't', '!', 'n', 'g']
2018-12-15 23:34:45,937:INFO:The letters in this password are: ['T', 's', 't', 'n', 'g']
2018-12-15 23:34:45,938:INFO:The 'T' was the 1st character
2018-12-15 23:34:45,938:INFO:The 's' was the 3rd character
2018-12-15 23:34:45,938:INFO:The 't' was the 4th character
2018-12-15 23:34:45,938:INFO:The 'n' was the 6th character
2018-12-15 23:34:45,938:INFO:The 'g' was the 7th character
2018-12-15 23:34:45,938:INFO:

2018-12-15 23:34:45,939:INFO:The numbers in this password are: ['4']
2018-12-15 23:34:45,939:INFO:The '4' was the 2nd character
2018-12-15 23:34:45,939:INFO:

2018-12-15 23:34:45,939:INFO:The symbols in this password are: ['!']
2018-12-15 23:34:45,939:INFO:The '!' was the 5th character
2018-12-15 23:34:45,939:INFO:

2018-12-15 23:34:46,001:INFO:The length of 'T4st!ng' is 7
2018-12-15 23:34:46,001:INFO:As a list it looks like this ['T', '4', 's', 't', '!', 'n', 'g']
2018-12-15 23:34:46,002:INFO:The letters in this password are: ['T', 's', 't', 'n', 'g']
2018-12-15 23:34:46,002:INFO:The 'T' was the 1st character
2018-12-15 23:34:46,002:INFO:The 's' was the 3rd character
2018-12-15 23:34:46,002:INFO:The 't' was the 4th character
2018-12-15 23:34:46,002:INFO:The 'n' was the 6th character
2018-12-15 23:34:46,002:INFO:The 'g' was the 7th character
2018-12-15 23:34:46,003:INFO:

2018-12-15 23:34:46,003:INFO:The numbers in this password are: ['4']
2018-12-15 23:34:46,003:INFO:The '4' was the 2nd character
2018-12-15 23:34:46,003:INFO:

2018-12-15 23:34:46,003:INFO:The symbols in this password are: ['!']
2018-12-15 23:34:46,003:INFO:The '!' was the 5th character
2018-12-15 23:34:46,003:INFO:

2018-12-15 23:34:46,061:INFO:The length of 'T4st!ng' is 7
2018-12-15 23:34:46,062:INFO:As a list it looks like this ['T', '4', 's', 't', '!', 'n', 'g']
2018-12-15 23:34:46,063:INFO:The letters in this password are: ['T', 's', 't', 'n', 'g']
2018-12-15 23:34:46,063:INFO:The 'T' was the 1st character
2018-12-15 23:34:46,063:INFO:The 's' was the 3rd character
2018-12-15 23:34:46,063:INFO:The 't' was the 4th character
2018-12-15 23:34:46,063:INFO:The 'n' was the 6th character
2018-12-15 23:34:46,064:INFO:The 'g' was the 7th character
2018-12-15 23:34:46,064:INFO:

2018-12-15 23:34:46,064:INFO:The numbers in this password are: ['4']
2018-12-15 23:34:46,064:INFO:The '4' was the 2nd character
2018-12-15 23:34:46,064:INFO:

2018-12-15 23:34:46,064:INFO:The symbols in this password are: ['!']
2018-12-15 23:34:46,064:INFO:The '!' was the 5th character
2018-12-15 23:34:46,064:INFO:

2018-12-15 23:34:46,120:INFO:The length of 'T4st!ng' is 7
2018-12-15 23:34:46,121:INFO:As a list it looks like this ['T', '4', 's', 't', '!', 'n', 'g']
2018-12-15 23:34:46,121:INFO:The letters in this password are: ['T', 's', 't', 'n', 'g']
2018-12-15 23:34:46,121:INFO:The 'T' was the 1st character
2018-12-15 23:34:46,121:INFO:The 's' was the 3rd character
2018-12-15 23:34:46,121:INFO:The 't' was the 4th character
2018-12-15 23:34:46,121:INFO:The 'n' was the 6th character
2018-12-15 23:34:46,122:INFO:The 'g' was the 7th character
2018-12-15 23:34:46,122:INFO:

2018-12-15 23:34:46,122:INFO:The numbers in this password are: ['4']
2018-12-15 23:34:46,122:INFO:The '4' was the 2nd character
2018-12-15 23:34:46,122:INFO:

2018-12-15 23:34:46,122:INFO:The symbols in this password are: ['!']
2018-12-15 23:34:46,122:INFO:The '!' was the 5th character
2018-12-15 23:34:46,123:INFO:

2018-12-15 23:34:46,182:INFO:The length of 'T4st!ng' is 7
2018-12-15 23:34:46,182:INFO:As a list it looks like this ['T', '4', 's', 't', '!', 'n', 'g']
2018-12-15 23:34:46,182:INFO:The letters in this password are: ['T', 's', 't', 'n', 'g']
2018-12-15 23:34:46,183:INFO:The 'T' was the 1st character
2018-12-15 23:34:46,183:INFO:The 's' was the 3rd character
2018-12-15 23:34:46,183:INFO:The 't' was the 4th character
2018-12-15 23:34:46,183:INFO:The 'n' was the 6th character
2018-12-15 23:34:46,183:INFO:The 'g' was the 7th character
2018-12-15 23:34:46,183:INFO:

2018-12-15 23:34:46,184:INFO:The numbers in this password are: ['4']
2018-12-15 23:34:46,184:INFO:The '4' was the 2nd character
2018-12-15 23:34:46,184:INFO:

2018-12-15 23:34:46,184:INFO:The symbols in this password are: ['!']
2018-12-15 23:34:46,184:INFO:The '!' was the 5th character
2018-12-15 23:34:46,184:INFO:

2018-12-15 23:34:46,244:INFO:The length of 'T4st!ng' is 7
2018-12-15 23:34:46,245:INFO:As a list it looks like this ['T', '4', 's', 't', '!', 'n', 'g']
2018-12-15 23:34:46,245:INFO:The letters in this password are: ['T', 's', 't', 'n', 'g']
2018-12-15 23:34:46,245:INFO:The 'T' was the 1st character
2018-12-15 23:34:46,246:INFO:The 's' was the 3rd character
2018-12-15 23:34:46,246:INFO:The 't' was the 4th character
2018-12-15 23:34:46,246:INFO:The 'n' was the 6th character
2018-12-15 23:34:46,246:INFO:The 'g' was the 7th character
2018-12-15 23:34:46,246:INFO:

2018-12-15 23:34:46,246:INFO:The numbers in this password are: ['4']
2018-12-15 23:34:46,246:INFO:The '4' was the 2nd character
2018-12-15 23:34:46,247:INFO:

2018-12-15 23:34:46,247:INFO:The symbols in this password are: ['!']
2018-12-15 23:34:46,247:INFO:The '!' was the 5th character
2018-12-15 23:34:46,247:INFO:

2018-12-15 23:34:46,307:INFO:The length of 'T4st!ng' is 7
2018-12-15 23:34:46,308:INFO:As a list it looks like this ['T', '4', 's', 't', '!', 'n', 'g']
2018-12-15 23:34:46,308:INFO:The letters in this password are: ['T', 's', 't', 'n', 'g']
2018-12-15 23:34:46,308:INFO:The 'T' was the 1st character
2018-12-15 23:34:46,308:INFO:The 's' was the 3rd character
2018-12-15 23:34:46,309:INFO:The 't' was the 4th character
2018-12-15 23:34:46,309:INFO:The 'n' was the 6th character
2018-12-15 23:34:46,309:INFO:The 'g' was the 7th character
2018-12-15 23:34:46,309:INFO:

2018-12-15 23:34:46,309:INFO:The numbers in this password are: ['4']
2018-12-15 23:34:46,309:INFO:The '4' was the 2nd character
2018-12-15 23:34:46,310:INFO:

2018-12-15 23:34:46,310:INFO:The symbols in this password are: ['!']
2018-12-15 23:34:46,310:INFO:The '!' was the 5th character
2018-12-15 23:34:46,310:INFO:

2018-12-15 23:34:46,377:INFO:The length of 'T4st!ng' is 7
2018-12-15 23:34:46,378:INFO:As a list it looks like this ['T', '4', 's', 't', '!', 'n', 'g']
2018-12-15 23:34:46,378:INFO:The letters in this password are: ['T', 's', 't', 'n', 'g']
2018-12-15 23:34:46,378:INFO:The 'T' was the 1st character
2018-12-15 23:34:46,379:INFO:The 's' was the 3rd character
2018-12-15 23:34:46,379:INFO:The 't' was the 4th character
2018-12-15 23:34:46,379:INFO:The 'n' was the 6th character
2018-12-15 23:34:46,379:INFO:The 'g' was the 7th character
2018-12-15 23:34:46,379:INFO:

2018-12-15 23:34:46,379:INFO:The numbers in this password are: ['4']
2018-12-15 23:34:46,380:INFO:The '4' was the 2nd character
2018-12-15 23:34:46,380:INFO:

2018-12-15 23:34:46,380:INFO:The symbols in this password are: ['!']
2018-12-15 23:34:46,380:INFO:The '!' was the 5th character
2018-12-15 23:34:46,381:INFO:

2018-12-15 23:34:46,447:INFO:The length of 'T4st!ng' is 7
2018-12-15 23:34:46,447:INFO:As a list it looks like this ['T', '4', 's', 't', '!', 'n', 'g']
2018-12-15 23:34:46,447:INFO:The letters in this password are: ['T', 's', 't', 'n', 'g']
2018-12-15 23:34:46,448:INFO:The 'T' was the 1st character
2018-12-15 23:34:46,448:INFO:The 's' was the 3rd character
2018-12-15 23:34:46,448:INFO:The 't' was the 4th character
2018-12-15 23:34:46,448:INFO:The 'n' was the 6th character
2018-12-15 23:34:46,448:INFO:The 'g' was the 7th character
2018-12-15 23:34:46,449:INFO:

2018-12-15 23:34:46,449:INFO:The numbers in this password are: ['4']
2018-12-15 23:34:46,449:INFO:The '4' was the 2nd character
2018-12-15 23:34:46,449:INFO:

2018-12-15 23:34:46,449:INFO:The symbols in this password are: ['!']
2018-12-15 23:34:46,449:INFO:The '!' was the 5th character
2018-12-15 23:34:46,450:INFO:

2018-12-15 23:34:46,513:INFO:The length of 'T4st!ng' is 7
2018-12-15 23:34:46,513:INFO:As a list it looks like this ['T', '4', 's', 't', '!', 'n', 'g']
2018-12-15 23:34:46,513:INFO:The letters in this password are: ['T', 's', 't', 'n', 'g']
2018-12-15 23:34:46,513:INFO:The 'T' was the 1st character
2018-12-15 23:34:46,514:INFO:The 's' was the 3rd character
2018-12-15 23:34:46,514:INFO:The 't' was the 4th character
2018-12-15 23:34:46,514:INFO:The 'n' was the 6th character
2018-12-15 23:34:46,514:INFO:The 'g' was the 7th character
2018-12-15 23:34:46,514:INFO:

2018-12-15 23:34:46,514:INFO:The numbers in this password are: ['4']
2018-12-15 23:34:46,515:INFO:The '4' was the 2nd character
2018-12-15 23:34:46,515:INFO:

2018-12-15 23:34:46,515:INFO:The symbols in this password are: ['!']
2018-12-15 23:34:46,515:INFO:The '!' was the 5th character
2018-12-15 23:34:46,515:INFO:

2018-12-15 23:34:46,574:INFO:The length of 'T4st!ng' is 7
2018-12-15 23:34:46,575:INFO:As a list it looks like this ['T', '4', 's', 't', '!', 'n', 'g']
2018-12-15 23:34:46,575:INFO:The letters in this password are: ['T', 's', 't', 'n', 'g']
2018-12-15 23:34:46,575:INFO:The 'T' was the 1st character
2018-12-15 23:34:46,575:INFO:The 's' was the 3rd character
2018-12-15 23:34:46,575:INFO:The 't' was the 4th character
2018-12-15 23:34:46,576:INFO:The 'n' was the 6th character
2018-12-15 23:34:46,576:INFO:The 'g' was the 7th character
2018-12-15 23:34:46,576:INFO:

2018-12-15 23:34:46,576:INFO:The numbers in this password are: ['4']
2018-12-15 23:34:46,576:INFO:The '4' was the 2nd character
2018-12-15 23:34:46,577:INFO:

2018-12-15 23:34:46,577:INFO:The symbols in this password are: ['!']
2018-12-15 23:34:46,577:INFO:The '!' was the 5th character
2018-12-15 23:34:46,577:INFO:

2018-12-15 23:34:46,641:INFO:The length of 'T4st!ng' is 7
2018-12-15 23:34:46,642:INFO:As a list it looks like this ['T', '4', 's', 't', '!', 'n', 'g']
2018-12-15 23:34:46,642:INFO:The letters in this password are: ['T', 's', 't', 'n', 'g']
2018-12-15 23:34:46,642:INFO:The 'T' was the 1st character
2018-12-15 23:34:46,643:INFO:The 's' was the 3rd character
2018-12-15 23:34:46,643:INFO:The 't' was the 4th character
2018-12-15 23:34:46,643:INFO:The 'n' was the 6th character
2018-12-15 23:34:46,643:INFO:The 'g' was the 7th character
2018-12-15 23:34:46,643:INFO:

2018-12-15 23:34:46,643:INFO:The numbers in this password are: ['4']
2018-12-15 23:34:46,644:INFO:The '4' was the 2nd character
2018-12-15 23:34:46,644:INFO:

2018-12-15 23:34:46,644:INFO:The symbols in this password are: ['!']
2018-12-15 23:34:46,644:INFO:The '!' was the 5th character
2018-12-15 23:34:46,644:INFO:

2018-12-15 23:34:46,702:INFO:The length of 'T4st!ng' is 7
2018-12-15 23:34:46,703:INFO:As a list it looks like this ['T', '4', 's', 't', '!', 'n', 'g']
2018-12-15 23:34:46,703:INFO:The letters in this password are: ['T', 's', 't', 'n', 'g']
2018-12-15 23:34:46,703:INFO:The 'T' was the 1st character
2018-12-15 23:34:46,703:INFO:The 's' was the 3rd character
2018-12-15 23:34:46,703:INFO:The 't' was the 4th character
2018-12-15 23:34:46,704:INFO:The 'n' was the 6th character
2018-12-15 23:34:46,704:INFO:The 'g' was the 7th character
2018-12-15 23:34:46,704:INFO:

2018-12-15 23:34:46,704:INFO:The numbers in this password are: ['4']
2018-12-15 23:34:46,704:INFO:The '4' was the 2nd character
2018-12-15 23:34:46,704:INFO:

2018-12-15 23:34:46,704:INFO:The symbols in this password are: ['!']
2018-12-15 23:34:46,704:INFO:The '!' was the 5th character
2018-12-15 23:34:46,704:INFO:

2018-12-15 23:34:46,767:INFO:The length of 'T4st!ng' is 7
2018-12-15 23:34:46,767:INFO:As a list it looks like this ['T', '4', 's', 't', '!', 'n', 'g']
2018-12-15 23:34:46,768:INFO:The letters in this password are: ['T', 's', 't', 'n', 'g']
2018-12-15 23:34:46,768:INFO:The 'T' was the 1st character
2018-12-15 23:34:46,768:INFO:The 's' was the 3rd character
2018-12-15 23:34:46,768:INFO:The 't' was the 4th character
2018-12-15 23:34:46,768:INFO:The 'n' was the 6th character
2018-12-15 23:34:46,768:INFO:The 'g' was the 7th character
2018-12-15 23:34:46,769:INFO:

2018-12-15 23:34:46,769:INFO:The numbers in this password are: ['4']
2018-12-15 23:34:46,769:INFO:The '4' was the 2nd character
2018-12-15 23:34:46,769:INFO:

2018-12-15 23:34:46,769:INFO:The symbols in this password are: ['!']
2018-12-15 23:34:46,769:INFO:The '!' was the 5th character
2018-12-15 23:34:46,769:INFO:

2018-12-15 23:34:46,824:INFO:The length of 'T4st!ng' is 7
2018-12-15 23:34:46,825:INFO:As a list it looks like this ['T', '4', 's', 't', '!', 'n', 'g']
2018-12-15 23:34:46,826:INFO:The letters in this password are: ['T', 's', 't', 'n', 'g']
2018-12-15 23:34:46,826:INFO:The 'T' was the 1st character
2018-12-15 23:34:46,826:INFO:The 's' was the 3rd character
2018-12-15 23:34:46,826:INFO:The 't' was the 4th character
2018-12-15 23:34:46,826:INFO:The 'n' was the 6th character
2018-12-15 23:34:46,826:INFO:The 'g' was the 7th character
2018-12-15 23:34:46,826:INFO:

2018-12-15 23:34:46,827:INFO:The numbers in this password are: ['4']
2018-12-15 23:34:46,827:INFO:The '4' was the 2nd character
2018-12-15 23:34:46,827:INFO:

2018-12-15 23:34:46,827:INFO:The symbols in this password are: ['!']
2018-12-15 23:34:46,827:INFO:The '!' was the 5th character
2018-12-15 23:34:46,827:INFO:

2018-12-15 23:34:46,883:INFO:The length of 'T4st!ng' is 7
2018-12-15 23:34:46,884:INFO:As a list it looks like this ['T', '4', 's', 't', '!', 'n', 'g']
2018-12-15 23:34:46,884:INFO:The letters in this password are: ['T', 's', 't', 'n', 'g']
2018-12-15 23:34:46,884:INFO:The 'T' was the 1st character
2018-12-15 23:34:46,884:INFO:The 's' was the 3rd character
2018-12-15 23:34:46,884:INFO:The 't' was the 4th character
2018-12-15 23:34:46,884:INFO:The 'n' was the 6th character
2018-12-15 23:34:46,885:INFO:The 'g' was the 7th character
2018-12-15 23:34:46,885:INFO:

2018-12-15 23:34:46,885:INFO:The numbers in this password are: ['4']
2018-12-15 23:34:46,885:INFO:The '4' was the 2nd character
2018-12-15 23:34:46,885:INFO:

2018-12-15 23:34:46,885:INFO:The symbols in this password are: ['!']
2018-12-15 23:34:46,885:INFO:The '!' was the 5th character
2018-12-15 23:34:46,886:INFO:

2018-12-15 23:34:46,946:INFO:The length of 'T4st!ng' is 7
2018-12-15 23:34:46,946:INFO:As a list it looks like this ['T', '4', 's', 't', '!', 'n', 'g']
2018-12-15 23:34:46,947:INFO:The letters in this password are: ['T', 's', 't', 'n', 'g']
2018-12-15 23:34:46,947:INFO:The 'T' was the 1st character
2018-12-15 23:34:46,947:INFO:The 's' was the 3rd character
2018-12-15 23:34:46,947:INFO:The 't' was the 4th character
2018-12-15 23:34:46,947:INFO:The 'n' was the 6th character
2018-12-15 23:34:46,947:INFO:The 'g' was the 7th character
2018-12-15 23:34:46,947:INFO:

2018-12-15 23:34:46,947:INFO:The numbers in this password are: ['4']
2018-12-15 23:34:46,948:INFO:The '4' was the 2nd character
2018-12-15 23:34:46,948:INFO:

2018-12-15 23:34:46,948:INFO:The symbols in this password are: ['!']
2018-12-15 23:34:46,948:INFO:The '!' was the 5th character
2018-12-15 23:34:46,948:INFO:

2018-12-15 23:34:47,010:INFO:The length of 'T4st!ng' is 7
2018-12-15 23:34:47,010:INFO:As a list it looks like this ['T', '4', 's', 't', '!', 'n', 'g']
2018-12-15 23:34:47,010:INFO:The letters in this password are: ['T', 's', 't', 'n', 'g']
2018-12-15 23:34:47,010:INFO:The 'T' was the 1st character
2018-12-15 23:34:47,011:INFO:The 's' was the 3rd character
2018-12-15 23:34:47,011:INFO:The 't' was the 4th character
2018-12-15 23:34:47,011:INFO:The 'n' was the 6th character
2018-12-15 23:34:47,011:INFO:The 'g' was the 7th character
2018-12-15 23:34:47,011:INFO:

2018-12-15 23:34:47,011:INFO:The numbers in this password are: ['4']
2018-12-15 23:34:47,012:INFO:The '4' was the 2nd character
2018-12-15 23:34:47,012:INFO:

2018-12-15 23:34:47,012:INFO:The symbols in this password are: ['!']
2018-12-15 23:34:47,012:INFO:The '!' was the 5th character
2018-12-15 23:34:47,012:INFO:

2018-12-15 23:34:47,068:INFO:The length of 'T4st!ng' is 7
2018-12-15 23:34:47,069:INFO:As a list it looks like this ['T', '4', 's', 't', '!', 'n', 'g']
2018-12-15 23:34:47,069:INFO:The letters in this password are: ['T', 's', 't', 'n', 'g']
2018-12-15 23:34:47,069:INFO:The 'T' was the 1st character
2018-12-15 23:34:47,069:INFO:The 's' was the 3rd character
2018-12-15 23:34:47,070:INFO:The 't' was the 4th character
2018-12-15 23:34:47,070:INFO:The 'n' was the 6th character
2018-12-15 23:34:47,070:INFO:The 'g' was the 7th character
2018-12-15 23:34:47,070:INFO:

2018-12-15 23:34:47,070:INFO:The numbers in this password are: ['4']
2018-12-15 23:34:47,070:INFO:The '4' was the 2nd character
2018-12-15 23:34:47,070:INFO:

2018-12-15 23:34:47,071:INFO:The symbols in this password are: ['!']
2018-12-15 23:34:47,071:INFO:The '!' was the 5th character
2018-12-15 23:34:47,071:INFO:

2018-12-15 23:34:47,130:INFO:The length of 'T4st!ng' is 7
2018-12-15 23:34:47,130:INFO:As a list it looks like this ['T', '4', 's', 't', '!', 'n', 'g']
2018-12-15 23:34:47,131:INFO:The letters in this password are: ['T', 's', 't', 'n', 'g']
2018-12-15 23:34:47,131:INFO:The 'T' was the 1st character
2018-12-15 23:34:47,131:INFO:The 's' was the 3rd character
2018-12-15 23:34:47,131:INFO:The 't' was the 4th character
2018-12-15 23:34:47,131:INFO:The 'n' was the 6th character
2018-12-15 23:34:47,131:INFO:The 'g' was the 7th character
2018-12-15 23:34:47,131:INFO:

2018-12-15 23:34:47,132:INFO:The numbers in this password are: ['4']
2018-12-15 23:34:47,132:INFO:The '4' was the 2nd character
2018-12-15 23:34:47,132:INFO:

2018-12-15 23:34:47,132:INFO:The symbols in this password are: ['!']
2018-12-15 23:34:47,132:INFO:The '!' was the 5th character
2018-12-15 23:34:47,132:INFO:

2018-12-15 23:34:47,192:INFO:The length of 'T4st!ng' is 7
2018-12-15 23:34:47,192:INFO:As a list it looks like this ['T', '4', 's', 't', '!', 'n', 'g']
2018-12-15 23:34:47,193:INFO:The letters in this password are: ['T', 's', 't', 'n', 'g']
2018-12-15 23:34:47,193:INFO:The 'T' was the 1st character
2018-12-15 23:34:47,193:INFO:The 's' was the 3rd character
2018-12-15 23:34:47,193:INFO:The 't' was the 4th character
2018-12-15 23:34:47,193:INFO:The 'n' was the 6th character
2018-12-15 23:34:47,194:INFO:The 'g' was the 7th character
2018-12-15 23:34:47,194:INFO:

2018-12-15 23:34:47,194:INFO:The numbers in this password are: ['4']
2018-12-15 23:34:47,194:INFO:The '4' was the 2nd character
2018-12-15 23:34:47,194:INFO:

2018-12-15 23:34:47,194:INFO:The symbols in this password are: ['!']
2018-12-15 23:34:47,194:INFO:The '!' was the 5th character
2018-12-15 23:34:47,194:INFO:

2018-12-15 23:34:47,250:INFO:The length of 'T4st!ng' is 7
2018-12-15 23:34:47,251:INFO:As a list it looks like this ['T', '4', 's', 't', '!', 'n', 'g']
2018-12-15 23:34:47,251:INFO:The letters in this password are: ['T', 's', 't', 'n', 'g']
2018-12-15 23:34:47,251:INFO:The 'T' was the 1st character
2018-12-15 23:34:47,251:INFO:The 's' was the 3rd character
2018-12-15 23:34:47,252:INFO:The 't' was the 4th character
2018-12-15 23:34:47,252:INFO:The 'n' was the 6th character
2018-12-15 23:34:47,252:INFO:The 'g' was the 7th character
2018-12-15 23:34:47,252:INFO:

2018-12-15 23:34:47,252:INFO:The numbers in this password are: ['4']
2018-12-15 23:34:47,253:INFO:The '4' was the 2nd character
2018-12-15 23:34:47,253:INFO:

2018-12-15 23:34:47,253:INFO:The symbols in this password are: ['!']
2018-12-15 23:34:47,253:INFO:The '!' was the 5th character
2018-12-15 23:34:47,253:INFO:

2018-12-15 23:34:47,316:INFO:The length of 'T4st!ng' is 7
2018-12-15 23:34:47,316:INFO:As a list it looks like this ['T', '4', 's', 't', '!', 'n', 'g']
2018-12-15 23:34:47,316:INFO:The letters in this password are: ['T', 's', 't', 'n', 'g']
2018-12-15 23:34:47,317:INFO:The 'T' was the 1st character
2018-12-15 23:34:47,317:INFO:The 's' was the 3rd character
2018-12-15 23:34:47,317:INFO:The 't' was the 4th character
2018-12-15 23:34:47,317:INFO:The 'n' was the 6th character
2018-12-15 23:34:47,317:INFO:The 'g' was the 7th character
2018-12-15 23:34:47,317:INFO:

2018-12-15 23:34:47,318:INFO:The numbers in this password are: ['4']
2018-12-15 23:34:47,318:INFO:The '4' was the 2nd character
2018-12-15 23:34:47,318:INFO:

2018-12-15 23:34:47,318:INFO:The symbols in this password are: ['!']
2018-12-15 23:34:47,318:INFO:The '!' was the 5th character
2018-12-15 23:34:47,318:INFO:

2018-12-15 23:34:47,379:INFO:The length of 'T4st!ng' is 7
2018-12-15 23:34:47,379:INFO:As a list it looks like this ['T', '4', 's', 't', '!', 'n', 'g']
2018-12-15 23:34:47,380:INFO:The letters in this password are: ['T', 's', 't', 'n', 'g']
2018-12-15 23:34:47,380:INFO:The 'T' was the 1st character
2018-12-15 23:34:47,380:INFO:The 's' was the 3rd character
2018-12-15 23:34:47,380:INFO:The 't' was the 4th character
2018-12-15 23:34:47,380:INFO:The 'n' was the 6th character
2018-12-15 23:34:47,381:INFO:The 'g' was the 7th character
2018-12-15 23:34:47,381:INFO:

2018-12-15 23:34:47,381:INFO:The numbers in this password are: ['4']
2018-12-15 23:34:47,381:INFO:The '4' was the 2nd character
2018-12-15 23:34:47,381:INFO:

2018-12-15 23:34:47,381:INFO:The symbols in this password are: ['!']
2018-12-15 23:34:47,381:INFO:The '!' was the 5th character
2018-12-15 23:34:47,382:INFO:

2018-12-15 23:34:47,445:INFO:The length of 'T4st!ng' is 7
2018-12-15 23:34:47,445:INFO:As a list it looks like this ['T', '4', 's', 't', '!', 'n', 'g']
2018-12-15 23:34:47,445:INFO:The letters in this password are: ['T', 's', 't', 'n', 'g']
2018-12-15 23:34:47,445:INFO:The 'T' was the 1st character
2018-12-15 23:34:47,446:INFO:The 's' was the 3rd character
2018-12-15 23:34:47,446:INFO:The 't' was the 4th character
2018-12-15 23:34:47,446:INFO:The 'n' was the 6th character
2018-12-15 23:34:47,446:INFO:The 'g' was the 7th character
2018-12-15 23:34:47,446:INFO:

2018-12-15 23:34:47,447:INFO:The numbers in this password are: ['4']
2018-12-15 23:34:47,447:INFO:The '4' was the 2nd character
2018-12-15 23:34:47,447:INFO:

2018-12-15 23:34:47,447:INFO:The symbols in this password are: ['!']
2018-12-15 23:34:47,447:INFO:The '!' was the 5th character
2018-12-15 23:34:47,448:INFO:

2018-12-15 23:34:47,510:INFO:The length of 'T4st!ng' is 7
2018-12-15 23:34:47,510:INFO:As a list it looks like this ['T', '4', 's', 't', '!', 'n', 'g']
2018-12-15 23:34:47,510:INFO:The letters in this password are: ['T', 's', 't', 'n', 'g']
2018-12-15 23:34:47,510:INFO:The 'T' was the 1st character
2018-12-15 23:34:47,511:INFO:The 's' was the 3rd character
2018-12-15 23:34:47,511:INFO:The 't' was the 4th character
2018-12-15 23:34:47,511:INFO:The 'n' was the 6th character
2018-12-15 23:34:47,511:INFO:The 'g' was the 7th character
2018-12-15 23:34:47,511:INFO:

2018-12-15 23:34:47,511:INFO:The numbers in this password are: ['4']
2018-12-15 23:34:47,511:INFO:The '4' was the 2nd character
2018-12-15 23:34:47,511:INFO:

2018-12-15 23:34:47,512:INFO:The symbols in this password are: ['!']
2018-12-15 23:34:47,512:INFO:The '!' was the 5th character
2018-12-15 23:34:47,512:INFO:

2018-12-15 23:34:47,580:INFO:The length of 'T4st!ng' is 7
2018-12-15 23:34:47,580:INFO:As a list it looks like this ['T', '4', 's', 't', '!', 'n', 'g']
2018-12-15 23:34:47,580:INFO:The letters in this password are: ['T', 's', 't', 'n', 'g']
2018-12-15 23:34:47,581:INFO:The 'T' was the 1st character
2018-12-15 23:34:47,581:INFO:The 's' was the 3rd character
2018-12-15 23:34:47,581:INFO:The 't' was the 4th character
2018-12-15 23:34:47,581:INFO:The 'n' was the 6th character
2018-12-15 23:34:47,581:INFO:The 'g' was the 7th character
2018-12-15 23:34:47,582:INFO:

2018-12-15 23:34:47,582:INFO:The numbers in this password are: ['4']
2018-12-15 23:34:47,582:INFO:The '4' was the 2nd character
2018-12-15 23:34:47,582:INFO:

2018-12-15 23:34:47,582:INFO:The symbols in this password are: ['!']
2018-12-15 23:34:47,582:INFO:The '!' was the 5th character
2018-12-15 23:34:47,582:INFO:

2018-12-15 23:34:47,657:INFO:The length of 'T4st!ng' is 7
2018-12-15 23:34:47,658:INFO:As a list it looks like this ['T', '4', 's', 't', '!', 'n', 'g']
2018-12-15 23:34:47,658:INFO:The letters in this password are: ['T', 's', 't', 'n', 'g']
2018-12-15 23:34:47,658:INFO:The 'T' was the 1st character
2018-12-15 23:34:47,658:INFO:The 's' was the 3rd character
2018-12-15 23:34:47,658:INFO:The 't' was the 4th character
2018-12-15 23:34:47,658:INFO:The 'n' was the 6th character
2018-12-15 23:34:47,659:INFO:The 'g' was the 7th character
2018-12-15 23:34:47,659:INFO:

2018-12-15 23:34:47,659:INFO:The numbers in this password are: ['4']
2018-12-15 23:34:47,659:INFO:The '4' was the 2nd character
2018-12-15 23:34:47,660:INFO:

2018-12-15 23:34:47,660:INFO:The symbols in this password are: ['!']
2018-12-15 23:34:47,660:INFO:The '!' was the 5th character
2018-12-15 23:34:47,660:INFO:

2018-12-15 23:34:47,721:INFO:The length of 'T4st!ng' is 7
2018-12-15 23:34:47,722:INFO:As a list it looks like this ['T', '4', 's', 't', '!', 'n', 'g']
2018-12-15 23:34:47,722:INFO:The letters in this password are: ['T', 's', 't', 'n', 'g']
2018-12-15 23:34:47,722:INFO:The 'T' was the 1st character
2018-12-15 23:34:47,723:INFO:The 's' was the 3rd character
2018-12-15 23:34:47,723:INFO:The 't' was the 4th character
2018-12-15 23:34:47,723:INFO:The 'n' was the 6th character
2018-12-15 23:34:47,723:INFO:The 'g' was the 7th character
2018-12-15 23:34:47,723:INFO:

2018-12-15 23:34:47,723:INFO:The numbers in this password are: ['4']
2018-12-15 23:34:47,723:INFO:The '4' was the 2nd character
2018-12-15 23:34:47,723:INFO:

2018-12-15 23:34:47,723:INFO:The symbols in this password are: ['!']
2018-12-15 23:34:47,724:INFO:The '!' was the 5th character
2018-12-15 23:34:47,724:INFO:

2018-12-15 23:34:47,783:INFO:The length of 'T4st!ng' is 7
2018-12-15 23:34:47,784:INFO:As a list it looks like this ['T', '4', 's', 't', '!', 'n', 'g']
2018-12-15 23:34:47,784:INFO:The letters in this password are: ['T', 's', 't', 'n', 'g']
2018-12-15 23:34:47,784:INFO:The 'T' was the 1st character
2018-12-15 23:34:47,785:INFO:The 's' was the 3rd character
2018-12-15 23:34:47,785:INFO:The 't' was the 4th character
2018-12-15 23:34:47,785:INFO:The 'n' was the 6th character
2018-12-15 23:34:47,785:INFO:The 'g' was the 7th character
2018-12-15 23:34:47,785:INFO:

2018-12-15 23:34:47,785:INFO:The numbers in this password are: ['4']
2018-12-15 23:34:47,786:INFO:The '4' was the 2nd character
2018-12-15 23:34:47,786:INFO:

2018-12-15 23:34:47,786:INFO:The symbols in this password are: ['!']
2018-12-15 23:34:47,786:INFO:The '!' was the 5th character
2018-12-15 23:34:47,786:INFO:

2018-12-15 23:34:47,843:INFO:The length of 'T4st!ng' is 7
2018-12-15 23:34:47,843:INFO:As a list it looks like this ['T', '4', 's', 't', '!', 'n', 'g']
2018-12-15 23:34:47,843:INFO:The letters in this password are: ['T', 's', 't', 'n', 'g']
2018-12-15 23:34:47,844:INFO:The 'T' was the 1st character
2018-12-15 23:34:47,844:INFO:The 's' was the 3rd character
2018-12-15 23:34:47,844:INFO:The 't' was the 4th character
2018-12-15 23:34:47,844:INFO:The 'n' was the 6th character
2018-12-15 23:34:47,844:INFO:The 'g' was the 7th character
2018-12-15 23:34:47,845:INFO:

2018-12-15 23:34:47,845:INFO:The numbers in this password are: ['4']
2018-12-15 23:34:47,845:INFO:The '4' was the 2nd character
2018-12-15 23:34:47,845:INFO:

2018-12-15 23:34:47,845:INFO:The symbols in this password are: ['!']
2018-12-15 23:34:47,846:INFO:The '!' was the 5th character
2018-12-15 23:34:47,846:INFO:

2018-12-15 23:34:47,906:INFO:The length of 'T4st!ng' is 7
2018-12-15 23:34:47,907:INFO:As a list it looks like this ['T', '4', 's', 't', '!', 'n', 'g']
2018-12-15 23:34:47,907:INFO:The letters in this password are: ['T', 's', 't', 'n', 'g']
2018-12-15 23:34:47,907:INFO:The 'T' was the 1st character
2018-12-15 23:34:47,907:INFO:The 's' was the 3rd character
2018-12-15 23:34:47,907:INFO:The 't' was the 4th character
2018-12-15 23:34:47,908:INFO:The 'n' was the 6th character
2018-12-15 23:34:47,908:INFO:The 'g' was the 7th character
2018-12-15 23:34:47,908:INFO:

2018-12-15 23:34:47,908:INFO:The numbers in this password are: ['4']
2018-12-15 23:34:47,908:INFO:The '4' was the 2nd character
2018-12-15 23:34:47,908:INFO:

2018-12-15 23:34:47,908:INFO:The symbols in this password are: ['!']
2018-12-15 23:34:47,908:INFO:The '!' was the 5th character
2018-12-15 23:34:47,909:INFO:

2018-12-15 23:34:47,964:INFO:The length of 'T4st!ng' is 7
2018-12-15 23:34:47,965:INFO:As a list it looks like this ['T', '4', 's', 't', '!', 'n', 'g']
2018-12-15 23:34:47,965:INFO:The letters in this password are: ['T', 's', 't', 'n', 'g']
2018-12-15 23:34:47,965:INFO:The 'T' was the 1st character
2018-12-15 23:34:47,965:INFO:The 's' was the 3rd character
2018-12-15 23:34:47,966:INFO:The 't' was the 4th character
2018-12-15 23:34:47,966:INFO:The 'n' was the 6th character
2018-12-15 23:34:47,966:INFO:The 'g' was the 7th character
2018-12-15 23:34:47,966:INFO:

2018-12-15 23:34:47,966:INFO:The numbers in this password are: ['4']
2018-12-15 23:34:47,966:INFO:The '4' was the 2nd character
2018-12-15 23:34:47,967:INFO:

2018-12-15 23:34:47,967:INFO:The symbols in this password are: ['!']
2018-12-15 23:34:47,967:INFO:The '!' was the 5th character
2018-12-15 23:34:47,967:INFO:

2018-12-15 23:34:48,027:INFO:The length of 'T4st!ng' is 7
2018-12-15 23:34:48,027:INFO:As a list it looks like this ['T', '4', 's', 't', '!', 'n', 'g']
2018-12-15 23:34:48,028:INFO:The letters in this password are: ['T', 's', 't', 'n', 'g']
2018-12-15 23:34:48,028:INFO:The 'T' was the 1st character
2018-12-15 23:34:48,028:INFO:The 's' was the 3rd character
2018-12-15 23:34:48,028:INFO:The 't' was the 4th character
2018-12-15 23:34:48,028:INFO:The 'n' was the 6th character
2018-12-15 23:34:48,029:INFO:The 'g' was the 7th character
2018-12-15 23:34:48,029:INFO:

2018-12-15 23:34:48,029:INFO:The numbers in this password are: ['4']
2018-12-15 23:34:48,029:INFO:The '4' was the 2nd character
2018-12-15 23:34:48,029:INFO:

2018-12-15 23:34:48,029:INFO:The symbols in this password are: ['!']
2018-12-15 23:34:48,029:INFO:The '!' was the 5th character
2018-12-15 23:34:48,030:INFO:

2018-12-15 23:34:48,099:INFO:The length of 'T4st!ng' is 7
2018-12-15 23:34:48,099:INFO:As a list it looks like this ['T', '4', 's', 't', '!', 'n', 'g']
2018-12-15 23:34:48,099:INFO:The letters in this password are: ['T', 's', 't', 'n', 'g']
2018-12-15 23:34:48,099:INFO:The 'T' was the 1st character
2018-12-15 23:34:48,100:INFO:The 's' was the 3rd character
2018-12-15 23:34:48,100:INFO:The 't' was the 4th character
2018-12-15 23:34:48,100:INFO:The 'n' was the 6th character
2018-12-15 23:34:48,100:INFO:The 'g' was the 7th character
2018-12-15 23:34:48,100:INFO:

2018-12-15 23:34:48,100:INFO:The numbers in this password are: ['4']
2018-12-15 23:34:48,100:INFO:The '4' was the 2nd character
2018-12-15 23:34:48,101:INFO:

2018-12-15 23:34:48,101:INFO:The symbols in this password are: ['!']
2018-12-15 23:34:48,101:INFO:The '!' was the 5th character
2018-12-15 23:34:48,101:INFO:

2018-12-15 23:34:48,169:INFO:The length of 'T4st!ng' is 7
2018-12-15 23:34:48,169:INFO:As a list it looks like this ['T', '4', 's', 't', '!', 'n', 'g']
2018-12-15 23:34:48,169:INFO:The letters in this password are: ['T', 's', 't', 'n', 'g']
2018-12-15 23:34:48,170:INFO:The 'T' was the 1st character
2018-12-15 23:34:48,170:INFO:The 's' was the 3rd character
2018-12-15 23:34:48,170:INFO:The 't' was the 4th character
2018-12-15 23:34:48,170:INFO:The 'n' was the 6th character
2018-12-15 23:34:48,170:INFO:The 'g' was the 7th character
2018-12-15 23:34:48,171:INFO:

2018-12-15 23:34:48,171:INFO:The numbers in this password are: ['4']
2018-12-15 23:34:48,171:INFO:The '4' was the 2nd character
2018-12-15 23:34:48,171:INFO:

2018-12-15 23:34:48,171:INFO:The symbols in this password are: ['!']
2018-12-15 23:34:48,171:INFO:The '!' was the 5th character
2018-12-15 23:34:48,172:INFO:

2018-12-15 23:34:48,231:INFO:The length of 'T4st!ng' is 7
2018-12-15 23:34:48,231:INFO:As a list it looks like this ['T', '4', 's', 't', '!', 'n', 'g']
2018-12-15 23:34:48,231:INFO:The letters in this password are: ['T', 's', 't', 'n', 'g']
2018-12-15 23:34:48,231:INFO:The 'T' was the 1st character
2018-12-15 23:34:48,231:INFO:The 's' was the 3rd character
2018-12-15 23:34:48,232:INFO:The 't' was the 4th character
2018-12-15 23:34:48,232:INFO:The 'n' was the 6th character
2018-12-15 23:34:48,232:INFO:The 'g' was the 7th character
2018-12-15 23:34:48,232:INFO:

2018-12-15 23:34:48,232:INFO:The numbers in this password are: ['4']
2018-12-15 23:34:48,232:INFO:The '4' was the 2nd character
2018-12-15 23:34:48,232:INFO:

2018-12-15 23:34:48,232:INFO:The symbols in this password are: ['!']
2018-12-15 23:34:48,233:INFO:The '!' was the 5th character
2018-12-15 23:34:48,233:INFO:

2018-12-15 23:34:48,295:INFO:The length of 'T4st!ng' is 7
2018-12-15 23:34:48,296:INFO:As a list it looks like this ['T', '4', 's', 't', '!', 'n', 'g']
2018-12-15 23:34:48,296:INFO:The letters in this password are: ['T', 's', 't', 'n', 'g']
2018-12-15 23:34:48,296:INFO:The 'T' was the 1st character
2018-12-15 23:34:48,296:INFO:The 's' was the 3rd character
2018-12-15 23:34:48,296:INFO:The 't' was the 4th character
2018-12-15 23:34:48,297:INFO:The 'n' was the 6th character
2018-12-15 23:34:48,297:INFO:The 'g' was the 7th character
2018-12-15 23:34:48,297:INFO:

2018-12-15 23:34:48,297:INFO:The numbers in this password are: ['4']
2018-12-15 23:34:48,297:INFO:The '4' was the 2nd character
2018-12-15 23:34:48,298:INFO:

2018-12-15 23:34:48,298:INFO:The symbols in this password are: ['!']
2018-12-15 23:34:48,298:INFO:The '!' was the 5th character
2018-12-15 23:34:48,298:INFO:

2018-12-15 23:34:48,360:INFO:The length of 'T4st!ng' is 7
2018-12-15 23:34:48,361:INFO:As a list it looks like this ['T', '4', 's', 't', '!', 'n', 'g']
2018-12-15 23:34:48,361:INFO:The letters in this password are: ['T', 's', 't', 'n', 'g']
2018-12-15 23:34:48,362:INFO:The 'T' was the 1st character
2018-12-15 23:34:48,362:INFO:The 's' was the 3rd character
2018-12-15 23:34:48,362:INFO:The 't' was the 4th character
2018-12-15 23:34:48,362:INFO:The 'n' was the 6th character
2018-12-15 23:34:48,362:INFO:The 'g' was the 7th character
2018-12-15 23:34:48,362:INFO:

2018-12-15 23:34:48,363:INFO:The numbers in this password are: ['4']
2018-12-15 23:34:48,363:INFO:The '4' was the 2nd character
2018-12-15 23:34:48,363:INFO:

2018-12-15 23:34:48,363:INFO:The symbols in this password are: ['!']
2018-12-15 23:34:48,363:INFO:The '!' was the 5th character
2018-12-15 23:34:48,363:INFO:

2018-12-15 23:34:48,421:INFO:The length of 'T4st!ng' is 7
2018-12-15 23:34:48,421:INFO:As a list it looks like this ['T', '4', 's', 't', '!', 'n', 'g']
2018-12-15 23:34:48,421:INFO:The letters in this password are: ['T', 's', 't', 'n', 'g']
2018-12-15 23:34:48,422:INFO:The 'T' was the 1st character
2018-12-15 23:34:48,422:INFO:The 's' was the 3rd character
2018-12-15 23:34:48,422:INFO:The 't' was the 4th character
2018-12-15 23:34:48,422:INFO:The 'n' was the 6th character
2018-12-15 23:34:48,422:INFO:The 'g' was the 7th character
2018-12-15 23:34:48,422:INFO:

2018-12-15 23:34:48,422:INFO:The numbers in this password are: ['4']
2018-12-15 23:34:48,423:INFO:The '4' was the 2nd character
2018-12-15 23:34:48,423:INFO:

2018-12-15 23:34:48,423:INFO:The symbols in this password are: ['!']
2018-12-15 23:34:48,423:INFO:The '!' was the 5th character
2018-12-15 23:34:48,423:INFO:

2018-12-15 23:34:48,484:INFO:The length of 'T4st!ng' is 7
2018-12-15 23:34:48,485:INFO:As a list it looks like this ['T', '4', 's', 't', '!', 'n', 'g']
2018-12-15 23:34:48,485:INFO:The letters in this password are: ['T', 's', 't', 'n', 'g']
2018-12-15 23:34:48,485:INFO:The 'T' was the 1st character
2018-12-15 23:34:48,485:INFO:The 's' was the 3rd character
2018-12-15 23:34:48,486:INFO:The 't' was the 4th character
2018-12-15 23:34:48,486:INFO:The 'n' was the 6th character
2018-12-15 23:34:48,486:INFO:The 'g' was the 7th character
2018-12-15 23:34:48,486:INFO:

2018-12-15 23:34:48,486:INFO:The numbers in this password are: ['4']
2018-12-15 23:34:48,486:INFO:The '4' was the 2nd character
2018-12-15 23:34:48,486:INFO:

2018-12-15 23:34:48,486:INFO:The symbols in this password are: ['!']
2018-12-15 23:34:48,487:INFO:The '!' was the 5th character
2018-12-15 23:34:48,487:INFO:

2018-12-15 23:34:48,544:INFO:The length of 'T4st!ng' is 7
2018-12-15 23:34:48,544:INFO:As a list it looks like this ['T', '4', 's', 't', '!', 'n', 'g']
2018-12-15 23:34:48,544:INFO:The letters in this password are: ['T', 's', 't', 'n', 'g']
2018-12-15 23:34:48,545:INFO:The 'T' was the 1st character
2018-12-15 23:34:48,545:INFO:The 's' was the 3rd character
2018-12-15 23:34:48,545:INFO:The 't' was the 4th character
2018-12-15 23:34:48,545:INFO:The 'n' was the 6th character
2018-12-15 23:34:48,545:INFO:The 'g' was the 7th character
2018-12-15 23:34:48,545:INFO:

2018-12-15 23:34:48,546:INFO:The numbers in this password are: ['4']
2018-12-15 23:34:48,546:INFO:The '4' was the 2nd character
2018-12-15 23:34:48,546:INFO:

2018-12-15 23:34:48,546:INFO:The symbols in this password are: ['!']
2018-12-15 23:34:48,546:INFO:The '!' was the 5th character
2018-12-15 23:34:48,546:INFO:

2018-12-15 23:34:48,605:INFO:The length of 'T4st!ng' is 7
2018-12-15 23:34:48,606:INFO:As a list it looks like this ['T', '4', 's', 't', '!', 'n', 'g']
2018-12-15 23:34:48,606:INFO:The letters in this password are: ['T', 's', 't', 'n', 'g']
2018-12-15 23:34:48,606:INFO:The 'T' was the 1st character
2018-12-15 23:34:48,606:INFO:The 's' was the 3rd character
2018-12-15 23:34:48,606:INFO:The 't' was the 4th character
2018-12-15 23:34:48,606:INFO:The 'n' was the 6th character
2018-12-15 23:34:48,607:INFO:The 'g' was the 7th character
2018-12-15 23:34:48,607:INFO:

2018-12-15 23:34:48,607:INFO:The numbers in this password are: ['4']
2018-12-15 23:34:48,607:INFO:The '4' was the 2nd character
2018-12-15 23:34:48,607:INFO:

2018-12-15 23:34:48,607:INFO:The symbols in this password are: ['!']
2018-12-15 23:34:48,608:INFO:The '!' was the 5th character
2018-12-15 23:34:48,608:INFO:

2018-12-15 23:34:48,666:INFO:The length of 'T4st!ng' is 7
2018-12-15 23:34:48,667:INFO:As a list it looks like this ['T', '4', 's', 't', '!', 'n', 'g']
2018-12-15 23:34:48,667:INFO:The letters in this password are: ['T', 's', 't', 'n', 'g']
2018-12-15 23:34:48,667:INFO:The 'T' was the 1st character
2018-12-15 23:34:48,667:INFO:The 's' was the 3rd character
2018-12-15 23:34:48,668:INFO:The 't' was the 4th character
2018-12-15 23:34:48,668:INFO:The 'n' was the 6th character
2018-12-15 23:34:48,668:INFO:The 'g' was the 7th character
2018-12-15 23:34:48,668:INFO:

2018-12-15 23:34:48,668:INFO:The numbers in this password are: ['4']
2018-12-15 23:34:48,668:INFO:The '4' was the 2nd character
2018-12-15 23:34:48,668:INFO:

2018-12-15 23:34:48,669:INFO:The symbols in this password are: ['!']
2018-12-15 23:34:48,669:INFO:The '!' was the 5th character
2018-12-15 23:34:48,669:INFO:

2018-12-15 23:34:48,725:INFO:The length of 'T4st!ng' is 7
2018-12-15 23:34:48,725:INFO:As a list it looks like this ['T', '4', 's', 't', '!', 'n', 'g']
2018-12-15 23:34:48,726:INFO:The letters in this password are: ['T', 's', 't', 'n', 'g']
2018-12-15 23:34:48,726:INFO:The 'T' was the 1st character
2018-12-15 23:34:48,726:INFO:The 's' was the 3rd character
2018-12-15 23:34:48,726:INFO:The 't' was the 4th character
2018-12-15 23:34:48,726:INFO:The 'n' was the 6th character
2018-12-15 23:34:48,726:INFO:The 'g' was the 7th character
2018-12-15 23:34:48,727:INFO:

2018-12-15 23:34:48,727:INFO:The numbers in this password are: ['4']
2018-12-15 23:34:48,727:INFO:The '4' was the 2nd character
2018-12-15 23:34:48,727:INFO:

2018-12-15 23:34:48,727:INFO:The symbols in this password are: ['!']
2018-12-15 23:34:48,727:INFO:The '!' was the 5th character
2018-12-15 23:34:48,728:INFO:

2018-12-15 23:34:48,789:INFO:The length of 'T4st!ng' is 7
2018-12-15 23:34:48,790:INFO:As a list it looks like this ['T', '4', 's', 't', '!', 'n', 'g']
2018-12-15 23:34:48,790:INFO:The letters in this password are: ['T', 's', 't', 'n', 'g']
2018-12-15 23:34:48,791:INFO:The 'T' was the 1st character
2018-12-15 23:34:48,791:INFO:The 's' was the 3rd character
2018-12-15 23:34:48,791:INFO:The 't' was the 4th character
2018-12-15 23:34:48,791:INFO:The 'n' was the 6th character
2018-12-15 23:34:48,791:INFO:The 'g' was the 7th character
2018-12-15 23:34:48,792:INFO:

2018-12-15 23:34:48,792:INFO:The numbers in this password are: ['4']
2018-12-15 23:34:48,792:INFO:The '4' was the 2nd character
2018-12-15 23:34:48,792:INFO:

2018-12-15 23:34:48,792:INFO:The symbols in this password are: ['!']
2018-12-15 23:34:48,792:INFO:The '!' was the 5th character
2018-12-15 23:34:48,793:INFO:

2018-12-15 23:34:48,850:INFO:The length of 'T4st!ng' is 7
2018-12-15 23:34:48,850:INFO:As a list it looks like this ['T', '4', 's', 't', '!', 'n', 'g']
2018-12-15 23:34:48,850:INFO:The letters in this password are: ['T', 's', 't', 'n', 'g']
2018-12-15 23:34:48,851:INFO:The 'T' was the 1st character
2018-12-15 23:34:48,851:INFO:The 's' was the 3rd character
2018-12-15 23:34:48,851:INFO:The 't' was the 4th character
2018-12-15 23:34:48,851:INFO:The 'n' was the 6th character
2018-12-15 23:34:48,851:INFO:The 'g' was the 7th character
2018-12-15 23:34:48,852:INFO:

2018-12-15 23:34:48,852:INFO:The numbers in this password are: ['4']
2018-12-15 23:34:48,852:INFO:The '4' was the 2nd character
2018-12-15 23:34:48,852:INFO:

2018-12-15 23:34:48,852:INFO:The symbols in this password are: ['!']
2018-12-15 23:34:48,852:INFO:The '!' was the 5th character
2018-12-15 23:34:48,853:INFO:

2018-12-15 23:34:48,915:INFO:The length of 'T4st!ng' is 7
2018-12-15 23:34:48,916:INFO:As a list it looks like this ['T', '4', 's', 't', '!', 'n', 'g']
2018-12-15 23:34:48,916:INFO:The letters in this password are: ['T', 's', 't', 'n', 'g']
2018-12-15 23:34:48,916:INFO:The 'T' was the 1st character
2018-12-15 23:34:48,916:INFO:The 's' was the 3rd character
2018-12-15 23:34:48,916:INFO:The 't' was the 4th character
2018-12-15 23:34:48,916:INFO:The 'n' was the 6th character
2018-12-15 23:34:48,916:INFO:The 'g' was the 7th character
2018-12-15 23:34:48,917:INFO:

2018-12-15 23:34:48,917:INFO:The numbers in this password are: ['4']
2018-12-15 23:34:48,917:INFO:The '4' was the 2nd character
2018-12-15 23:34:48,917:INFO:

2018-12-15 23:34:48,917:INFO:The symbols in this password are: ['!']
2018-12-15 23:34:48,917:INFO:The '!' was the 5th character
2018-12-15 23:34:48,917:INFO:

2018-12-15 23:34:48,976:INFO:The length of 'T4st!ng' is 7
2018-12-15 23:34:48,977:INFO:As a list it looks like this ['T', '4', 's', 't', '!', 'n', 'g']
2018-12-15 23:34:48,977:INFO:The letters in this password are: ['T', 's', 't', 'n', 'g']
2018-12-15 23:34:48,977:INFO:The 'T' was the 1st character
2018-12-15 23:34:48,977:INFO:The 's' was the 3rd character
2018-12-15 23:34:48,978:INFO:The 't' was the 4th character
2018-12-15 23:34:48,978:INFO:The 'n' was the 6th character
2018-12-15 23:34:48,978:INFO:The 'g' was the 7th character
2018-12-15 23:34:48,978:INFO:

2018-12-15 23:34:48,978:INFO:The numbers in this password are: ['4']
2018-12-15 23:34:48,979:INFO:The '4' was the 2nd character
2018-12-15 23:34:48,979:INFO:

2018-12-15 23:34:48,979:INFO:The symbols in this password are: ['!']
2018-12-15 23:34:48,979:INFO:The '!' was the 5th character
2018-12-15 23:34:48,979:INFO:

2018-12-15 23:34:49,040:INFO:The length of 'T4st!ng' is 7
2018-12-15 23:34:49,041:INFO:As a list it looks like this ['T', '4', 's', 't', '!', 'n', 'g']
2018-12-15 23:34:49,041:INFO:The letters in this password are: ['T', 's', 't', 'n', 'g']
2018-12-15 23:34:49,041:INFO:The 'T' was the 1st character
2018-12-15 23:34:49,041:INFO:The 's' was the 3rd character
2018-12-15 23:34:49,041:INFO:The 't' was the 4th character
2018-12-15 23:34:49,041:INFO:The 'n' was the 6th character
2018-12-15 23:34:49,041:INFO:The 'g' was the 7th character
2018-12-15 23:34:49,042:INFO:

2018-12-15 23:34:49,042:INFO:The numbers in this password are: ['4']
2018-12-15 23:34:49,042:INFO:The '4' was the 2nd character
2018-12-15 23:34:49,042:INFO:

2018-12-15 23:34:49,042:INFO:The symbols in this password are: ['!']
2018-12-15 23:34:49,042:INFO:The '!' was the 5th character
2018-12-15 23:34:49,043:INFO:

2018-12-15 23:34:49,103:INFO:The length of 'T4st!ng' is 7
2018-12-15 23:34:49,103:INFO:As a list it looks like this ['T', '4', 's', 't', '!', 'n', 'g']
2018-12-15 23:34:49,103:INFO:The letters in this password are: ['T', 's', 't', 'n', 'g']
2018-12-15 23:34:49,104:INFO:The 'T' was the 1st character
2018-12-15 23:34:49,104:INFO:The 's' was the 3rd character
2018-12-15 23:34:49,104:INFO:The 't' was the 4th character
2018-12-15 23:34:49,104:INFO:The 'n' was the 6th character
2018-12-15 23:34:49,104:INFO:The 'g' was the 7th character
2018-12-15 23:34:49,104:INFO:

2018-12-15 23:34:49,104:INFO:The numbers in this password are: ['4']
2018-12-15 23:34:49,104:INFO:The '4' was the 2nd character
2018-12-15 23:34:49,104:INFO:

2018-12-15 23:34:49,105:INFO:The symbols in this password are: ['!']
2018-12-15 23:34:49,105:INFO:The '!' was the 5th character
2018-12-15 23:34:49,105:INFO:

2018-12-15 23:34:49,163:INFO:The length of 'T4st!ng' is 7
2018-12-15 23:34:49,163:INFO:As a list it looks like this ['T', '4', 's', 't', '!', 'n', 'g']
2018-12-15 23:34:49,164:INFO:The letters in this password are: ['T', 's', 't', 'n', 'g']
2018-12-15 23:34:49,164:INFO:The 'T' was the 1st character
2018-12-15 23:34:49,164:INFO:The 's' was the 3rd character
2018-12-15 23:34:49,164:INFO:The 't' was the 4th character
2018-12-15 23:34:49,164:INFO:The 'n' was the 6th character
2018-12-15 23:34:49,164:INFO:The 'g' was the 7th character
2018-12-15 23:34:49,164:INFO:

2018-12-15 23:34:49,165:INFO:The numbers in this password are: ['4']
2018-12-15 23:34:49,165:INFO:The '4' was the 2nd character
2018-12-15 23:34:49,165:INFO:

2018-12-15 23:34:49,165:INFO:The symbols in this password are: ['!']
2018-12-15 23:34:49,165:INFO:The '!' was the 5th character
2018-12-15 23:34:49,165:INFO:

2018-12-15 23:34:49,222:INFO:The length of 'T4st!ng' is 7
2018-12-15 23:34:49,222:INFO:As a list it looks like this ['T', '4', 's', 't', '!', 'n', 'g']
2018-12-15 23:34:49,222:INFO:The letters in this password are: ['T', 's', 't', 'n', 'g']
2018-12-15 23:34:49,223:INFO:The 'T' was the 1st character
2018-12-15 23:34:49,223:INFO:The 's' was the 3rd character
2018-12-15 23:34:49,223:INFO:The 't' was the 4th character
2018-12-15 23:34:49,223:INFO:The 'n' was the 6th character
2018-12-15 23:34:49,223:INFO:The 'g' was the 7th character
2018-12-15 23:34:49,223:INFO:

2018-12-15 23:34:49,223:INFO:The numbers in this password are: ['4']
2018-12-15 23:34:49,223:INFO:The '4' was the 2nd character
2018-12-15 23:34:49,223:INFO:

2018-12-15 23:34:49,224:INFO:The symbols in this password are: ['!']
2018-12-15 23:34:49,224:INFO:The '!' was the 5th character
2018-12-15 23:34:49,224:INFO:

2018-12-15 23:34:49,282:INFO:The length of 'T4st!ng' is 7
2018-12-15 23:34:49,282:INFO:As a list it looks like this ['T', '4', 's', 't', '!', 'n', 'g']
2018-12-15 23:34:49,283:INFO:The letters in this password are: ['T', 's', 't', 'n', 'g']
2018-12-15 23:34:49,283:INFO:The 'T' was the 1st character
2018-12-15 23:34:49,283:INFO:The 's' was the 3rd character
2018-12-15 23:34:49,283:INFO:The 't' was the 4th character
2018-12-15 23:34:49,283:INFO:The 'n' was the 6th character
2018-12-15 23:34:49,283:INFO:The 'g' was the 7th character
2018-12-15 23:34:49,283:INFO:

2018-12-15 23:34:49,284:INFO:The numbers in this password are: ['4']
2018-12-15 23:34:49,284:INFO:The '4' was the 2nd character
2018-12-15 23:34:49,284:INFO:

2018-12-15 23:34:49,284:INFO:The symbols in this password are: ['!']
2018-12-15 23:34:49,284:INFO:The '!' was the 5th character
2018-12-15 23:34:49,284:INFO:

2018-12-15 23:34:49,341:INFO:The length of 'T4st!ng' is 7
2018-12-15 23:34:49,341:INFO:As a list it looks like this ['T', '4', 's', 't', '!', 'n', 'g']
2018-12-15 23:34:49,341:INFO:The letters in this password are: ['T', 's', 't', 'n', 'g']
2018-12-15 23:34:49,341:INFO:The 'T' was the 1st character
2018-12-15 23:34:49,341:INFO:The 's' was the 3rd character
2018-12-15 23:34:49,342:INFO:The 't' was the 4th character
2018-12-15 23:34:49,342:INFO:The 'n' was the 6th character
2018-12-15 23:34:49,342:INFO:The 'g' was the 7th character
2018-12-15 23:34:49,342:INFO:

2018-12-15 23:34:49,342:INFO:The numbers in this password are: ['4']
2018-12-15 23:34:49,343:INFO:The '4' was the 2nd character
2018-12-15 23:34:49,343:INFO:

2018-12-15 23:34:49,343:INFO:The symbols in this password are: ['!']
2018-12-15 23:34:49,343:INFO:The '!' was the 5th character
2018-12-15 23:34:49,343:INFO:

2018-12-15 23:34:49,403:INFO:The length of 'T4st!ng' is 7
2018-12-15 23:34:49,404:INFO:As a list it looks like this ['T', '4', 's', 't', '!', 'n', 'g']
2018-12-15 23:34:49,404:INFO:The letters in this password are: ['T', 's', 't', 'n', 'g']
2018-12-15 23:34:49,404:INFO:The 'T' was the 1st character
2018-12-15 23:34:49,404:INFO:The 's' was the 3rd character
2018-12-15 23:34:49,405:INFO:The 't' was the 4th character
2018-12-15 23:34:49,405:INFO:The 'n' was the 6th character
2018-12-15 23:34:49,405:INFO:The 'g' was the 7th character
2018-12-15 23:34:49,405:INFO:

2018-12-15 23:34:49,405:INFO:The numbers in this password are: ['4']
2018-12-15 23:34:49,405:INFO:The '4' was the 2nd character
2018-12-15 23:34:49,405:INFO:

2018-12-15 23:34:49,405:INFO:The symbols in this password are: ['!']
2018-12-15 23:34:49,406:INFO:The '!' was the 5th character
2018-12-15 23:34:49,406:INFO:

2018-12-15 23:34:49,462:INFO:The length of 'T4st!ng' is 7
2018-12-15 23:34:49,462:INFO:As a list it looks like this ['T', '4', 's', 't', '!', 'n', 'g']
2018-12-15 23:34:49,463:INFO:The letters in this password are: ['T', 's', 't', 'n', 'g']
2018-12-15 23:34:49,463:INFO:The 'T' was the 1st character
2018-12-15 23:34:49,463:INFO:The 's' was the 3rd character
2018-12-15 23:34:49,463:INFO:The 't' was the 4th character
2018-12-15 23:34:49,463:INFO:The 'n' was the 6th character
2018-12-15 23:34:49,463:INFO:The 'g' was the 7th character
2018-12-15 23:34:49,463:INFO:

2018-12-15 23:34:49,464:INFO:The numbers in this password are: ['4']
2018-12-15 23:34:49,464:INFO:The '4' was the 2nd character
2018-12-15 23:34:49,464:INFO:

2018-12-15 23:34:49,464:INFO:The symbols in this password are: ['!']
2018-12-15 23:34:49,464:INFO:The '!' was the 5th character
2018-12-15 23:34:49,464:INFO:

2018-12-15 23:34:49,524:INFO:The length of 'T4st!ng' is 7
2018-12-15 23:34:49,524:INFO:As a list it looks like this ['T', '4', 's', 't', '!', 'n', 'g']
2018-12-15 23:34:49,525:INFO:The letters in this password are: ['T', 's', 't', 'n', 'g']
2018-12-15 23:34:49,525:INFO:The 'T' was the 1st character
2018-12-15 23:34:49,525:INFO:The 's' was the 3rd character
2018-12-15 23:34:49,525:INFO:The 't' was the 4th character
2018-12-15 23:34:49,525:INFO:The 'n' was the 6th character
2018-12-15 23:34:49,525:INFO:The 'g' was the 7th character
2018-12-15 23:34:49,525:INFO:

2018-12-15 23:34:49,525:INFO:The numbers in this password are: ['4']
2018-12-15 23:34:49,526:INFO:The '4' was the 2nd character
2018-12-15 23:34:49,526:INFO:

2018-12-15 23:34:49,526:INFO:The symbols in this password are: ['!']
2018-12-15 23:34:49,526:INFO:The '!' was the 5th character
2018-12-15 23:34:49,526:INFO:

2018-12-15 23:34:49,590:INFO:The length of 'T4st!ng' is 7
2018-12-15 23:34:49,591:INFO:As a list it looks like this ['T', '4', 's', 't', '!', 'n', 'g']
2018-12-15 23:34:49,591:INFO:The letters in this password are: ['T', 's', 't', 'n', 'g']
2018-12-15 23:34:49,591:INFO:The 'T' was the 1st character
2018-12-15 23:34:49,591:INFO:The 's' was the 3rd character
2018-12-15 23:34:49,591:INFO:The 't' was the 4th character
2018-12-15 23:34:49,591:INFO:The 'n' was the 6th character
2018-12-15 23:34:49,592:INFO:The 'g' was the 7th character
2018-12-15 23:34:49,592:INFO:

2018-12-15 23:34:49,592:INFO:The numbers in this password are: ['4']
2018-12-15 23:34:49,592:INFO:The '4' was the 2nd character
2018-12-15 23:34:49,592:INFO:

2018-12-15 23:34:49,593:INFO:The symbols in this password are: ['!']
2018-12-15 23:34:49,593:INFO:The '!' was the 5th character
2018-12-15 23:34:49,593:INFO:

2018-12-15 23:34:49,657:INFO:The length of 'T4st!ng' is 7
2018-12-15 23:34:49,658:INFO:As a list it looks like this ['T', '4', 's', 't', '!', 'n', 'g']
2018-12-15 23:34:49,658:INFO:The letters in this password are: ['T', 's', 't', 'n', 'g']
2018-12-15 23:34:49,658:INFO:The 'T' was the 1st character
2018-12-15 23:34:49,658:INFO:The 's' was the 3rd character
2018-12-15 23:34:49,658:INFO:The 't' was the 4th character
2018-12-15 23:34:49,658:INFO:The 'n' was the 6th character
2018-12-15 23:34:49,659:INFO:The 'g' was the 7th character
2018-12-15 23:34:49,659:INFO:

2018-12-15 23:34:49,659:INFO:The numbers in this password are: ['4']
2018-12-15 23:34:49,659:INFO:The '4' was the 2nd character
2018-12-15 23:34:49,659:INFO:

2018-12-15 23:34:49,659:INFO:The symbols in this password are: ['!']
2018-12-15 23:34:49,659:INFO:The '!' was the 5th character
2018-12-15 23:34:49,660:INFO:

2018-12-15 23:34:49,719:INFO:The length of 'T4st!ng' is 7
2018-12-15 23:34:49,719:INFO:As a list it looks like this ['T', '4', 's', 't', '!', 'n', 'g']
2018-12-15 23:34:49,719:INFO:The letters in this password are: ['T', 's', 't', 'n', 'g']
2018-12-15 23:34:49,720:INFO:The 'T' was the 1st character
2018-12-15 23:34:49,720:INFO:The 's' was the 3rd character
2018-12-15 23:34:49,720:INFO:The 't' was the 4th character
2018-12-15 23:34:49,720:INFO:The 'n' was the 6th character
2018-12-15 23:34:49,720:INFO:The 'g' was the 7th character
2018-12-15 23:34:49,720:INFO:

2018-12-15 23:34:49,720:INFO:The numbers in this password are: ['4']
2018-12-15 23:34:49,720:INFO:The '4' was the 2nd character
2018-12-15 23:34:49,721:INFO:

2018-12-15 23:34:49,721:INFO:The symbols in this password are: ['!']
2018-12-15 23:34:49,721:INFO:The '!' was the 5th character
2018-12-15 23:34:49,721:INFO:

2018-12-15 23:34:49,781:INFO:The length of 'T4st!ng' is 7
2018-12-15 23:34:49,782:INFO:As a list it looks like this ['T', '4', 's', 't', '!', 'n', 'g']
2018-12-15 23:34:49,782:INFO:The letters in this password are: ['T', 's', 't', 'n', 'g']
2018-12-15 23:34:49,782:INFO:The 'T' was the 1st character
2018-12-15 23:34:49,783:INFO:The 's' was the 3rd character
2018-12-15 23:34:49,783:INFO:The 't' was the 4th character
2018-12-15 23:34:49,783:INFO:The 'n' was the 6th character
2018-12-15 23:34:49,783:INFO:The 'g' was the 7th character
2018-12-15 23:34:49,783:INFO:

2018-12-15 23:34:49,783:INFO:The numbers in this password are: ['4']
2018-12-15 23:34:49,783:INFO:The '4' was the 2nd character
2018-12-15 23:34:49,783:INFO:

2018-12-15 23:34:49,784:INFO:The symbols in this password are: ['!']
2018-12-15 23:34:49,784:INFO:The '!' was the 5th character
2018-12-15 23:34:49,784:INFO:

2018-12-15 23:34:49,845:INFO:The length of 'T4st!ng' is 7
2018-12-15 23:34:49,846:INFO:As a list it looks like this ['T', '4', 's', 't', '!', 'n', 'g']
2018-12-15 23:34:49,846:INFO:The letters in this password are: ['T', 's', 't', 'n', 'g']
2018-12-15 23:34:49,847:INFO:The 'T' was the 1st character
2018-12-15 23:34:49,847:INFO:The 's' was the 3rd character
2018-12-15 23:34:49,847:INFO:The 't' was the 4th character
2018-12-15 23:34:49,847:INFO:The 'n' was the 6th character
2018-12-15 23:34:49,847:INFO:The 'g' was the 7th character
2018-12-15 23:34:49,848:INFO:

2018-12-15 23:34:49,848:INFO:The numbers in this password are: ['4']
2018-12-15 23:34:49,848:INFO:The '4' was the 2nd character
2018-12-15 23:34:49,848:INFO:

2018-12-15 23:34:49,848:INFO:The symbols in this password are: ['!']
2018-12-15 23:34:49,848:INFO:The '!' was the 5th character
2018-12-15 23:34:49,848:INFO:

2018-12-15 23:34:49,911:INFO:The length of 'T4st!ng' is 7
2018-12-15 23:34:49,912:INFO:As a list it looks like this ['T', '4', 's', 't', '!', 'n', 'g']
2018-12-15 23:34:49,912:INFO:The letters in this password are: ['T', 's', 't', 'n', 'g']
2018-12-15 23:34:49,912:INFO:The 'T' was the 1st character
2018-12-15 23:34:49,912:INFO:The 's' was the 3rd character
2018-12-15 23:34:49,912:INFO:The 't' was the 4th character
2018-12-15 23:34:49,912:INFO:The 'n' was the 6th character
2018-12-15 23:34:49,912:INFO:The 'g' was the 7th character
2018-12-15 23:34:49,913:INFO:

2018-12-15 23:34:49,913:INFO:The numbers in this password are: ['4']
2018-12-15 23:34:49,913:INFO:The '4' was the 2nd character
2018-12-15 23:34:49,913:INFO:

2018-12-15 23:34:49,913:INFO:The symbols in this password are: ['!']
2018-12-15 23:34:49,913:INFO:The '!' was the 5th character
2018-12-15 23:34:49,913:INFO:

2018-12-15 23:34:49,972:INFO:The length of 'T4st!ng' is 7
2018-12-15 23:34:49,973:INFO:As a list it looks like this ['T', '4', 's', 't', '!', 'n', 'g']
2018-12-15 23:34:49,973:INFO:The letters in this password are: ['T', 's', 't', 'n', 'g']
2018-12-15 23:34:49,973:INFO:The 'T' was the 1st character
2018-12-15 23:34:49,973:INFO:The 's' was the 3rd character
2018-12-15 23:34:49,973:INFO:The 't' was the 4th character
2018-12-15 23:34:49,974:INFO:The 'n' was the 6th character
2018-12-15 23:34:49,974:INFO:The 'g' was the 7th character
2018-12-15 23:34:49,974:INFO:

2018-12-15 23:34:49,974:INFO:The numbers in this password are: ['4']
2018-12-15 23:34:49,974:INFO:The '4' was the 2nd character
2018-12-15 23:34:49,974:INFO:

2018-12-15 23:34:49,974:INFO:The symbols in this password are: ['!']
2018-12-15 23:34:49,975:INFO:The '!' was the 5th character
2018-12-15 23:34:49,975:INFO:

2018-12-15 23:34:50,034:INFO:The length of 'T4st!ng' is 7
2018-12-15 23:34:50,034:INFO:As a list it looks like this ['T', '4', 's', 't', '!', 'n', 'g']
2018-12-15 23:34:50,035:INFO:The letters in this password are: ['T', 's', 't', 'n', 'g']
2018-12-15 23:34:50,035:INFO:The 'T' was the 1st character
2018-12-15 23:34:50,035:INFO:The 's' was the 3rd character
2018-12-15 23:34:50,035:INFO:The 't' was the 4th character
2018-12-15 23:34:50,035:INFO:The 'n' was the 6th character
2018-12-15 23:34:50,035:INFO:The 'g' was the 7th character
2018-12-15 23:34:50,035:INFO:

2018-12-15 23:34:50,036:INFO:The numbers in this password are: ['4']
2018-12-15 23:34:50,036:INFO:The '4' was the 2nd character
2018-12-15 23:34:50,036:INFO:

2018-12-15 23:34:50,036:INFO:The symbols in this password are: ['!']
2018-12-15 23:34:50,036:INFO:The '!' was the 5th character
2018-12-15 23:34:50,036:INFO:

2018-12-15 23:34:50,094:INFO:The length of 'T4st!ng' is 7
2018-12-15 23:34:50,094:INFO:As a list it looks like this ['T', '4', 's', 't', '!', 'n', 'g']
2018-12-15 23:34:50,094:INFO:The letters in this password are: ['T', 's', 't', 'n', 'g']
2018-12-15 23:34:50,095:INFO:The 'T' was the 1st character
2018-12-15 23:34:50,095:INFO:The 's' was the 3rd character
2018-12-15 23:34:50,095:INFO:The 't' was the 4th character
2018-12-15 23:34:50,095:INFO:The 'n' was the 6th character
2018-12-15 23:34:50,095:INFO:The 'g' was the 7th character
2018-12-15 23:34:50,095:INFO:

2018-12-15 23:34:50,096:INFO:The numbers in this password are: ['4']
2018-12-15 23:34:50,096:INFO:The '4' was the 2nd character
2018-12-15 23:34:50,096:INFO:

2018-12-15 23:34:50,096:INFO:The symbols in this password are: ['!']
2018-12-15 23:34:50,096:INFO:The '!' was the 5th character
2018-12-15 23:34:50,096:INFO:

2018-12-15 23:34:50,165:INFO:The length of 'T4st!ng' is 7
2018-12-15 23:34:50,165:INFO:As a list it looks like this ['T', '4', 's', 't', '!', 'n', 'g']
2018-12-15 23:34:50,165:INFO:The letters in this password are: ['T', 's', 't', 'n', 'g']
2018-12-15 23:34:50,165:INFO:The 'T' was the 1st character
2018-12-15 23:34:50,166:INFO:The 's' was the 3rd character
2018-12-15 23:34:50,166:INFO:The 't' was the 4th character
2018-12-15 23:34:50,166:INFO:The 'n' was the 6th character
2018-12-15 23:34:50,166:INFO:The 'g' was the 7th character
2018-12-15 23:34:50,166:INFO:

2018-12-15 23:34:50,166:INFO:The numbers in this password are: ['4']
2018-12-15 23:34:50,167:INFO:The '4' was the 2nd character
2018-12-15 23:34:50,167:INFO:

2018-12-15 23:34:50,167:INFO:The symbols in this password are: ['!']
2018-12-15 23:34:50,167:INFO:The '!' was the 5th character
2018-12-15 23:34:50,167:INFO:

2018-12-15 23:34:50,225:INFO:The length of 'T4st!ng' is 7
2018-12-15 23:34:50,226:INFO:As a list it looks like this ['T', '4', 's', 't', '!', 'n', 'g']
2018-12-15 23:34:50,226:INFO:The letters in this password are: ['T', 's', 't', 'n', 'g']
2018-12-15 23:34:50,226:INFO:The 'T' was the 1st character
2018-12-15 23:34:50,226:INFO:The 's' was the 3rd character
2018-12-15 23:34:50,226:INFO:The 't' was the 4th character
2018-12-15 23:34:50,226:INFO:The 'n' was the 6th character
2018-12-15 23:34:50,226:INFO:The 'g' was the 7th character
2018-12-15 23:34:50,227:INFO:

2018-12-15 23:34:50,227:INFO:The numbers in this password are: ['4']
2018-12-15 23:34:50,227:INFO:The '4' was the 2nd character
2018-12-15 23:34:50,227:INFO:

2018-12-15 23:34:50,227:INFO:The symbols in this password are: ['!']
2018-12-15 23:34:50,227:INFO:The '!' was the 5th character
2018-12-15 23:34:50,227:INFO:

2018-12-15 23:34:50,293:INFO:The length of 'T4st!ng' is 7
2018-12-15 23:34:50,294:INFO:As a list it looks like this ['T', '4', 's', 't', '!', 'n', 'g']
2018-12-15 23:34:50,294:INFO:The letters in this password are: ['T', 's', 't', 'n', 'g']
2018-12-15 23:34:50,294:INFO:The 'T' was the 1st character
2018-12-15 23:34:50,294:INFO:The 's' was the 3rd character
2018-12-15 23:34:50,295:INFO:The 't' was the 4th character
2018-12-15 23:34:50,295:INFO:The 'n' was the 6th character
2018-12-15 23:34:50,295:INFO:The 'g' was the 7th character
2018-12-15 23:34:50,295:INFO:

2018-12-15 23:34:50,295:INFO:The numbers in this password are: ['4']
2018-12-15 23:34:50,295:INFO:The '4' was the 2nd character
2018-12-15 23:34:50,295:INFO:

2018-12-15 23:34:50,296:INFO:The symbols in this password are: ['!']
2018-12-15 23:34:50,296:INFO:The '!' was the 5th character
2018-12-15 23:34:50,296:INFO:

2018-12-15 23:34:50,358:INFO:The length of 'T4st!ng' is 7
2018-12-15 23:34:50,358:INFO:As a list it looks like this ['T', '4', 's', 't', '!', 'n', 'g']
2018-12-15 23:34:50,359:INFO:The letters in this password are: ['T', 's', 't', 'n', 'g']
2018-12-15 23:34:50,359:INFO:The 'T' was the 1st character
2018-12-15 23:34:50,359:INFO:The 's' was the 3rd character
2018-12-15 23:34:50,359:INFO:The 't' was the 4th character
2018-12-15 23:34:50,360:INFO:The 'n' was the 6th character
2018-12-15 23:34:50,360:INFO:The 'g' was the 7th character
2018-12-15 23:34:50,360:INFO:

2018-12-15 23:34:50,360:INFO:The numbers in this password are: ['4']
2018-12-15 23:34:50,360:INFO:The '4' was the 2nd character
2018-12-15 23:34:50,360:INFO:

2018-12-15 23:34:50,361:INFO:The symbols in this password are: ['!']
2018-12-15 23:34:50,361:INFO:The '!' was the 5th character
2018-12-15 23:34:50,361:INFO:

2018-12-15 23:34:50,422:INFO:The length of 'T4st!ng' is 7
2018-12-15 23:34:50,422:INFO:As a list it looks like this ['T', '4', 's', 't', '!', 'n', 'g']
2018-12-15 23:34:50,422:INFO:The letters in this password are: ['T', 's', 't', 'n', 'g']
2018-12-15 23:34:50,423:INFO:The 'T' was the 1st character
2018-12-15 23:34:50,423:INFO:The 's' was the 3rd character
2018-12-15 23:34:50,423:INFO:The 't' was the 4th character
2018-12-15 23:34:50,423:INFO:The 'n' was the 6th character
2018-12-15 23:34:50,423:INFO:The 'g' was the 7th character
2018-12-15 23:34:50,424:INFO:

2018-12-15 23:34:50,424:INFO:The numbers in this password are: ['4']
2018-12-15 23:34:50,424:INFO:The '4' was the 2nd character
2018-12-15 23:34:50,424:INFO:

2018-12-15 23:34:50,424:INFO:The symbols in this password are: ['!']
2018-12-15 23:34:50,424:INFO:The '!' was the 5th character
2018-12-15 23:34:50,424:INFO:

2018-12-15 23:34:50,491:INFO:The length of 'T4st!ng' is 7
2018-12-15 23:34:50,491:INFO:As a list it looks like this ['T', '4', 's', 't', '!', 'n', 'g']
2018-12-15 23:34:50,492:INFO:The letters in this password are: ['T', 's', 't', 'n', 'g']
2018-12-15 23:34:50,492:INFO:The 'T' was the 1st character
2018-12-15 23:34:50,492:INFO:The 's' was the 3rd character
2018-12-15 23:34:50,492:INFO:The 't' was the 4th character
2018-12-15 23:34:50,492:INFO:The 'n' was the 6th character
2018-12-15 23:34:50,492:INFO:The 'g' was the 7th character
2018-12-15 23:34:50,493:INFO:

2018-12-15 23:34:50,493:INFO:The numbers in this password are: ['4']
2018-12-15 23:34:50,493:INFO:The '4' was the 2nd character
2018-12-15 23:34:50,493:INFO:

2018-12-15 23:34:50,493:INFO:The symbols in this password are: ['!']
2018-12-15 23:34:50,493:INFO:The '!' was the 5th character
2018-12-15 23:34:50,494:INFO:

2018-12-15 23:34:50,566:INFO:The length of 'T4st!ng' is 7
2018-12-15 23:34:50,567:INFO:As a list it looks like this ['T', '4', 's', 't', '!', 'n', 'g']
2018-12-15 23:34:50,568:INFO:The letters in this password are: ['T', 's', 't', 'n', 'g']
2018-12-15 23:34:50,568:INFO:The 'T' was the 1st character
2018-12-15 23:34:50,568:INFO:The 's' was the 3rd character
2018-12-15 23:34:50,569:INFO:The 't' was the 4th character
2018-12-15 23:34:50,569:INFO:The 'n' was the 6th character
2018-12-15 23:34:50,569:INFO:The 'g' was the 7th character
2018-12-15 23:34:50,569:INFO:

2018-12-15 23:34:50,570:INFO:The numbers in this password are: ['4']
2018-12-15 23:34:50,570:INFO:The '4' was the 2nd character
2018-12-15 23:34:50,570:INFO:

2018-12-15 23:34:50,570:INFO:The symbols in this password are: ['!']
2018-12-15 23:34:50,571:INFO:The '!' was the 5th character
2018-12-15 23:34:50,571:INFO:

2018-12-15 23:34:50,636:INFO:The length of 'T4st!ng' is 7
2018-12-15 23:34:50,636:INFO:As a list it looks like this ['T', '4', 's', 't', '!', 'n', 'g']
2018-12-15 23:34:50,637:INFO:The letters in this password are: ['T', 's', 't', 'n', 'g']
2018-12-15 23:34:50,637:INFO:The 'T' was the 1st character
2018-12-15 23:34:50,637:INFO:The 's' was the 3rd character
2018-12-15 23:34:50,637:INFO:The 't' was the 4th character
2018-12-15 23:34:50,638:INFO:The 'n' was the 6th character
2018-12-15 23:34:50,638:INFO:The 'g' was the 7th character
2018-12-15 23:34:50,638:INFO:

2018-12-15 23:34:50,638:INFO:The numbers in this password are: ['4']
2018-12-15 23:34:50,638:INFO:The '4' was the 2nd character
2018-12-15 23:34:50,638:INFO:

2018-12-15 23:34:50,639:INFO:The symbols in this password are: ['!']
2018-12-15 23:34:50,639:INFO:The '!' was the 5th character
2018-12-15 23:34:50,639:INFO:

2018-12-15 23:34:50,704:INFO:The length of 'T4st!ng' is 7
2018-12-15 23:34:50,705:INFO:As a list it looks like this ['T', '4', 's', 't', '!', 'n', 'g']
2018-12-15 23:34:50,705:INFO:The letters in this password are: ['T', 's', 't', 'n', 'g']
2018-12-15 23:34:50,705:INFO:The 'T' was the 1st character
2018-12-15 23:34:50,705:INFO:The 's' was the 3rd character
2018-12-15 23:34:50,705:INFO:The 't' was the 4th character
2018-12-15 23:34:50,705:INFO:The 'n' was the 6th character
2018-12-15 23:34:50,705:INFO:The 'g' was the 7th character
2018-12-15 23:34:50,706:INFO:

2018-12-15 23:34:50,706:INFO:The numbers in this password are: ['4']
2018-12-15 23:34:50,706:INFO:The '4' was the 2nd character
2018-12-15 23:34:50,706:INFO:

2018-12-15 23:34:50,706:INFO:The symbols in this password are: ['!']
2018-12-15 23:34:50,706:INFO:The '!' was the 5th character
2018-12-15 23:34:50,706:INFO:

2018-12-15 23:34:50,762:INFO:The length of 'T4st!ng' is 7
2018-12-15 23:34:50,763:INFO:As a list it looks like this ['T', '4', 's', 't', '!', 'n', 'g']
2018-12-15 23:34:50,763:INFO:The letters in this password are: ['T', 's', 't', 'n', 'g']
2018-12-15 23:34:50,763:INFO:The 'T' was the 1st character
2018-12-15 23:34:50,763:INFO:The 's' was the 3rd character
2018-12-15 23:34:50,763:INFO:The 't' was the 4th character
2018-12-15 23:34:50,763:INFO:The 'n' was the 6th character
2018-12-15 23:34:50,764:INFO:The 'g' was the 7th character
2018-12-15 23:34:50,764:INFO:

2018-12-15 23:34:50,764:INFO:The numbers in this password are: ['4']
2018-12-15 23:34:50,764:INFO:The '4' was the 2nd character
2018-12-15 23:34:50,764:INFO:

2018-12-15 23:34:50,764:INFO:The symbols in this password are: ['!']
2018-12-15 23:34:50,764:INFO:The '!' was the 5th character
2018-12-15 23:34:50,764:INFO:

2018-12-15 23:34:50,824:INFO:The length of 'T4st!ng' is 7
2018-12-15 23:34:50,825:INFO:As a list it looks like this ['T', '4', 's', 't', '!', 'n', 'g']
2018-12-15 23:34:50,825:INFO:The letters in this password are: ['T', 's', 't', 'n', 'g']
2018-12-15 23:34:50,825:INFO:The 'T' was the 1st character
2018-12-15 23:34:50,825:INFO:The 's' was the 3rd character
2018-12-15 23:34:50,826:INFO:The 't' was the 4th character
2018-12-15 23:34:50,826:INFO:The 'n' was the 6th character
2018-12-15 23:34:50,826:INFO:The 'g' was the 7th character
2018-12-15 23:34:50,826:INFO:

2018-12-15 23:34:50,826:INFO:The numbers in this password are: ['4']
2018-12-15 23:34:50,826:INFO:The '4' was the 2nd character
2018-12-15 23:34:50,826:INFO:

2018-12-15 23:34:50,827:INFO:The symbols in this password are: ['!']
2018-12-15 23:34:50,827:INFO:The '!' was the 5th character
2018-12-15 23:34:50,827:INFO:

2018-12-15 23:34:50,893:INFO:The length of 'T4st!ng' is 7
2018-12-15 23:34:50,893:INFO:As a list it looks like this ['T', '4', 's', 't', '!', 'n', 'g']
2018-12-15 23:34:50,893:INFO:The letters in this password are: ['T', 's', 't', 'n', 'g']
2018-12-15 23:34:50,893:INFO:The 'T' was the 1st character
2018-12-15 23:34:50,893:INFO:The 's' was the 3rd character
2018-12-15 23:34:50,894:INFO:The 't' was the 4th character
2018-12-15 23:34:50,894:INFO:The 'n' was the 6th character
2018-12-15 23:34:50,894:INFO:The 'g' was the 7th character
2018-12-15 23:34:50,894:INFO:

2018-12-15 23:34:50,894:INFO:The numbers in this password are: ['4']
2018-12-15 23:34:50,894:INFO:The '4' was the 2nd character
2018-12-15 23:34:50,894:INFO:

2018-12-15 23:34:50,895:INFO:The symbols in this password are: ['!']
2018-12-15 23:34:50,895:INFO:The '!' was the 5th character
2018-12-15 23:34:50,895:INFO:

2018-12-15 23:34:50,953:INFO:The length of 'T4st!ng' is 7
2018-12-15 23:34:50,953:INFO:As a list it looks like this ['T', '4', 's', 't', '!', 'n', 'g']
2018-12-15 23:34:50,954:INFO:The letters in this password are: ['T', 's', 't', 'n', 'g']
2018-12-15 23:34:50,954:INFO:The 'T' was the 1st character
2018-12-15 23:34:50,954:INFO:The 's' was the 3rd character
2018-12-15 23:34:50,954:INFO:The 't' was the 4th character
2018-12-15 23:34:50,954:INFO:The 'n' was the 6th character
2018-12-15 23:34:50,954:INFO:The 'g' was the 7th character
2018-12-15 23:34:50,955:INFO:

2018-12-15 23:34:50,955:INFO:The numbers in this password are: ['4']
2018-12-15 23:34:50,955:INFO:The '4' was the 2nd character
2018-12-15 23:34:50,955:INFO:

2018-12-15 23:34:50,955:INFO:The symbols in this password are: ['!']
2018-12-15 23:34:50,955:INFO:The '!' was the 5th character
2018-12-15 23:34:50,956:INFO:

2018-12-15 23:34:51,018:INFO:The length of 'T4st!ng' is 7
2018-12-15 23:34:51,018:INFO:As a list it looks like this ['T', '4', 's', 't', '!', 'n', 'g']
2018-12-15 23:34:51,018:INFO:The letters in this password are: ['T', 's', 't', 'n', 'g']
2018-12-15 23:34:51,018:INFO:The 'T' was the 1st character
2018-12-15 23:34:51,019:INFO:The 's' was the 3rd character
2018-12-15 23:34:51,019:INFO:The 't' was the 4th character
2018-12-15 23:34:51,019:INFO:The 'n' was the 6th character
2018-12-15 23:34:51,019:INFO:The 'g' was the 7th character
2018-12-15 23:34:51,019:INFO:

2018-12-15 23:34:51,019:INFO:The numbers in this password are: ['4']
2018-12-15 23:34:51,019:INFO:The '4' was the 2nd character
2018-12-15 23:34:51,020:INFO:

2018-12-15 23:34:51,020:INFO:The symbols in this password are: ['!']
2018-12-15 23:34:51,020:INFO:The '!' was the 5th character
2018-12-15 23:34:51,020:INFO:

2018-12-15 23:34:51,078:INFO:The length of 'T4st!ng' is 7
2018-12-15 23:34:51,078:INFO:As a list it looks like this ['T', '4', 's', 't', '!', 'n', 'g']
2018-12-15 23:34:51,078:INFO:The letters in this password are: ['T', 's', 't', 'n', 'g']
2018-12-15 23:34:51,078:INFO:The 'T' was the 1st character
2018-12-15 23:34:51,078:INFO:The 's' was the 3rd character
2018-12-15 23:34:51,079:INFO:The 't' was the 4th character
2018-12-15 23:34:51,079:INFO:The 'n' was the 6th character
2018-12-15 23:34:51,079:INFO:The 'g' was the 7th character
2018-12-15 23:34:51,079:INFO:

2018-12-15 23:34:51,079:INFO:The numbers in this password are: ['4']
2018-12-15 23:34:51,079:INFO:The '4' was the 2nd character
2018-12-15 23:34:51,079:INFO:

2018-12-15 23:34:51,080:INFO:The symbols in this password are: ['!']
2018-12-15 23:34:51,080:INFO:The '!' was the 5th character
2018-12-15 23:34:51,080:INFO:

2018-12-15 23:34:51,135:INFO:The length of 'T4st!ng' is 7
2018-12-15 23:34:51,136:INFO:As a list it looks like this ['T', '4', 's', 't', '!', 'n', 'g']
2018-12-15 23:34:51,136:INFO:The letters in this password are: ['T', 's', 't', 'n', 'g']
2018-12-15 23:34:51,136:INFO:The 'T' was the 1st character
2018-12-15 23:34:51,136:INFO:The 's' was the 3rd character
2018-12-15 23:34:51,136:INFO:The 't' was the 4th character
2018-12-15 23:34:51,136:INFO:The 'n' was the 6th character
2018-12-15 23:34:51,136:INFO:The 'g' was the 7th character
2018-12-15 23:34:51,137:INFO:

2018-12-15 23:34:51,137:INFO:The numbers in this password are: ['4']
2018-12-15 23:34:51,137:INFO:The '4' was the 2nd character
2018-12-15 23:34:51,137:INFO:

2018-12-15 23:34:51,137:INFO:The symbols in this password are: ['!']
2018-12-15 23:34:51,137:INFO:The '!' was the 5th character
2018-12-15 23:34:51,137:INFO:

2018-12-15 23:34:51,201:INFO:The length of 'T4st!ng' is 7
2018-12-15 23:34:51,201:INFO:As a list it looks like this ['T', '4', 's', 't', '!', 'n', 'g']
2018-12-15 23:34:51,202:INFO:The letters in this password are: ['T', 's', 't', 'n', 'g']
2018-12-15 23:34:51,202:INFO:The 'T' was the 1st character
2018-12-15 23:34:51,202:INFO:The 's' was the 3rd character
2018-12-15 23:34:51,202:INFO:The 't' was the 4th character
2018-12-15 23:34:51,203:INFO:The 'n' was the 6th character
2018-12-15 23:34:51,203:INFO:The 'g' was the 7th character
2018-12-15 23:34:51,203:INFO:

2018-12-15 23:34:51,203:INFO:The numbers in this password are: ['4']
2018-12-15 23:34:51,203:INFO:The '4' was the 2nd character
2018-12-15 23:34:51,203:INFO:

2018-12-15 23:34:51,204:INFO:The symbols in this password are: ['!']
2018-12-15 23:34:51,204:INFO:The '!' was the 5th character
2018-12-15 23:34:51,204:INFO:

2018-12-15 23:34:51,261:INFO:The length of 'T4st!ng' is 7
2018-12-15 23:34:51,261:INFO:As a list it looks like this ['T', '4', 's', 't', '!', 'n', 'g']
2018-12-15 23:34:51,262:INFO:The letters in this password are: ['T', 's', 't', 'n', 'g']
2018-12-15 23:34:51,262:INFO:The 'T' was the 1st character
2018-12-15 23:34:51,262:INFO:The 's' was the 3rd character
2018-12-15 23:34:51,262:INFO:The 't' was the 4th character
2018-12-15 23:34:51,262:INFO:The 'n' was the 6th character
2018-12-15 23:34:51,262:INFO:The 'g' was the 7th character
2018-12-15 23:34:51,262:INFO:

2018-12-15 23:34:51,263:INFO:The numbers in this password are: ['4']
2018-12-15 23:34:51,263:INFO:The '4' was the 2nd character
2018-12-15 23:34:51,263:INFO:

2018-12-15 23:34:51,263:INFO:The symbols in this password are: ['!']
2018-12-15 23:34:51,263:INFO:The '!' was the 5th character
2018-12-15 23:34:51,263:INFO:

2018-12-15 23:34:51,323:INFO:The length of 'T4st!ng' is 7
2018-12-15 23:34:51,324:INFO:As a list it looks like this ['T', '4', 's', 't', '!', 'n', 'g']
2018-12-15 23:34:51,324:INFO:The letters in this password are: ['T', 's', 't', 'n', 'g']
2018-12-15 23:34:51,324:INFO:The 'T' was the 1st character
2018-12-15 23:34:51,324:INFO:The 's' was the 3rd character
2018-12-15 23:34:51,324:INFO:The 't' was the 4th character
2018-12-15 23:34:51,324:INFO:The 'n' was the 6th character
2018-12-15 23:34:51,325:INFO:The 'g' was the 7th character
2018-12-15 23:34:51,325:INFO:

2018-12-15 23:34:51,325:INFO:The numbers in this password are: ['4']
2018-12-15 23:34:51,325:INFO:The '4' was the 2nd character
2018-12-15 23:34:51,325:INFO:

2018-12-15 23:34:51,325:INFO:The symbols in this password are: ['!']
2018-12-15 23:34:51,325:INFO:The '!' was the 5th character
2018-12-15 23:34:51,325:INFO:

2018-12-15 23:34:51,383:INFO:The length of 'T4st!ng' is 7
2018-12-15 23:34:51,384:INFO:As a list it looks like this ['T', '4', 's', 't', '!', 'n', 'g']
2018-12-15 23:34:51,384:INFO:The letters in this password are: ['T', 's', 't', 'n', 'g']
2018-12-15 23:34:51,384:INFO:The 'T' was the 1st character
2018-12-15 23:34:51,384:INFO:The 's' was the 3rd character
2018-12-15 23:34:51,384:INFO:The 't' was the 4th character
2018-12-15 23:34:51,384:INFO:The 'n' was the 6th character
2018-12-15 23:34:51,385:INFO:The 'g' was the 7th character
2018-12-15 23:34:51,385:INFO:

2018-12-15 23:34:51,385:INFO:The numbers in this password are: ['4']
2018-12-15 23:34:51,385:INFO:The '4' was the 2nd character
2018-12-15 23:34:51,385:INFO:

2018-12-15 23:34:51,385:INFO:The symbols in this password are: ['!']
2018-12-15 23:34:51,385:INFO:The '!' was the 5th character
2018-12-15 23:34:51,386:INFO:

2018-12-15 23:34:51,444:INFO:The length of 'T4st!ng' is 7
2018-12-15 23:34:51,444:INFO:As a list it looks like this ['T', '4', 's', 't', '!', 'n', 'g']
2018-12-15 23:34:51,444:INFO:The letters in this password are: ['T', 's', 't', 'n', 'g']
2018-12-15 23:34:51,445:INFO:The 'T' was the 1st character
2018-12-15 23:34:51,445:INFO:The 's' was the 3rd character
2018-12-15 23:34:51,445:INFO:The 't' was the 4th character
2018-12-15 23:34:51,445:INFO:The 'n' was the 6th character
2018-12-15 23:34:51,445:INFO:The 'g' was the 7th character
2018-12-15 23:34:51,445:INFO:

2018-12-15 23:34:51,445:INFO:The numbers in this password are: ['4']
2018-12-15 23:34:51,446:INFO:The '4' was the 2nd character
2018-12-15 23:34:51,446:INFO:

2018-12-15 23:34:51,446:INFO:The symbols in this password are: ['!']
2018-12-15 23:34:51,446:INFO:The '!' was the 5th character
2018-12-15 23:34:51,446:INFO:

2018-12-15 23:34:51,508:INFO:The length of 'T4st!ng' is 7
2018-12-15 23:34:51,509:INFO:As a list it looks like this ['T', '4', 's', 't', '!', 'n', 'g']
2018-12-15 23:34:51,509:INFO:The letters in this password are: ['T', 's', 't', 'n', 'g']
2018-12-15 23:34:51,509:INFO:The 'T' was the 1st character
2018-12-15 23:34:51,509:INFO:The 's' was the 3rd character
2018-12-15 23:34:51,509:INFO:The 't' was the 4th character
2018-12-15 23:34:51,510:INFO:The 'n' was the 6th character
2018-12-15 23:34:51,510:INFO:The 'g' was the 7th character
2018-12-15 23:34:51,510:INFO:

2018-12-15 23:34:51,510:INFO:The numbers in this password are: ['4']
2018-12-15 23:34:51,510:INFO:The '4' was the 2nd character
2018-12-15 23:34:51,510:INFO:

2018-12-15 23:34:51,510:INFO:The symbols in this password are: ['!']
2018-12-15 23:34:51,511:INFO:The '!' was the 5th character
2018-12-15 23:34:51,511:INFO:

2018-12-15 23:34:51,578:INFO:The length of 'T4st!ng' is 7
2018-12-15 23:34:51,578:INFO:As a list it looks like this ['T', '4', 's', 't', '!', 'n', 'g']
2018-12-15 23:34:51,578:INFO:The letters in this password are: ['T', 's', 't', 'n', 'g']
2018-12-15 23:34:51,579:INFO:The 'T' was the 1st character
2018-12-15 23:34:51,579:INFO:The 's' was the 3rd character
2018-12-15 23:34:51,579:INFO:The 't' was the 4th character
2018-12-15 23:34:51,579:INFO:The 'n' was the 6th character
2018-12-15 23:34:51,580:INFO:The 'g' was the 7th character
2018-12-15 23:34:51,580:INFO:

2018-12-15 23:34:51,580:INFO:The numbers in this password are: ['4']
2018-12-15 23:34:51,580:INFO:The '4' was the 2nd character
2018-12-15 23:34:51,580:INFO:

2018-12-15 23:34:51,580:INFO:The symbols in this password are: ['!']
2018-12-15 23:34:51,581:INFO:The '!' was the 5th character
2018-12-15 23:34:51,581:INFO:

2018-12-15 23:34:51,637:INFO:The length of 'T4st!ng' is 7
2018-12-15 23:34:51,638:INFO:As a list it looks like this ['T', '4', 's', 't', '!', 'n', 'g']
2018-12-15 23:34:51,638:INFO:The letters in this password are: ['T', 's', 't', 'n', 'g']
2018-12-15 23:34:51,638:INFO:The 'T' was the 1st character
2018-12-15 23:34:51,638:INFO:The 's' was the 3rd character
2018-12-15 23:34:51,638:INFO:The 't' was the 4th character
2018-12-15 23:34:51,638:INFO:The 'n' was the 6th character
2018-12-15 23:34:51,639:INFO:The 'g' was the 7th character
2018-12-15 23:34:51,639:INFO:

2018-12-15 23:34:51,639:INFO:The numbers in this password are: ['4']
2018-12-15 23:34:51,639:INFO:The '4' was the 2nd character
2018-12-15 23:34:51,639:INFO:

2018-12-15 23:34:51,639:INFO:The symbols in this password are: ['!']
2018-12-15 23:34:51,640:INFO:The '!' was the 5th character
2018-12-15 23:34:51,640:INFO:

2018-12-15 23:34:51,700:INFO:The length of 'T4st!ng' is 7
2018-12-15 23:34:51,700:INFO:As a list it looks like this ['T', '4', 's', 't', '!', 'n', 'g']
2018-12-15 23:34:51,701:INFO:The letters in this password are: ['T', 's', 't', 'n', 'g']
2018-12-15 23:34:51,701:INFO:The 'T' was the 1st character
2018-12-15 23:34:51,701:INFO:The 's' was the 3rd character
2018-12-15 23:34:51,701:INFO:The 't' was the 4th character
2018-12-15 23:34:51,701:INFO:The 'n' was the 6th character
2018-12-15 23:34:51,701:INFO:The 'g' was the 7th character
2018-12-15 23:34:51,701:INFO:

2018-12-15 23:34:51,702:INFO:The numbers in this password are: ['4']
2018-12-15 23:34:51,702:INFO:The '4' was the 2nd character
2018-12-15 23:34:51,702:INFO:

2018-12-15 23:34:51,702:INFO:The symbols in this password are: ['!']
2018-12-15 23:34:51,702:INFO:The '!' was the 5th character
2018-12-15 23:34:51,702:INFO:

2018-12-15 23:34:51,760:INFO:The length of 'T4st!ng' is 7
2018-12-15 23:34:51,760:INFO:As a list it looks like this ['T', '4', 's', 't', '!', 'n', 'g']
2018-12-15 23:34:51,760:INFO:The letters in this password are: ['T', 's', 't', 'n', 'g']
2018-12-15 23:34:51,761:INFO:The 'T' was the 1st character
2018-12-15 23:34:51,761:INFO:The 's' was the 3rd character
2018-12-15 23:34:51,761:INFO:The 't' was the 4th character
2018-12-15 23:34:51,761:INFO:The 'n' was the 6th character
2018-12-15 23:34:51,761:INFO:The 'g' was the 7th character
2018-12-15 23:34:51,761:INFO:

2018-12-15 23:34:51,761:INFO:The numbers in this password are: ['4']
2018-12-15 23:34:51,761:INFO:The '4' was the 2nd character
2018-12-15 23:34:51,762:INFO:

2018-12-15 23:34:51,762:INFO:The symbols in this password are: ['!']
2018-12-15 23:34:51,762:INFO:The '!' was the 5th character
2018-12-15 23:34:51,762:INFO:

2018-12-15 23:34:51,825:INFO:The length of 'T4st!ng' is 7
2018-12-15 23:34:51,825:INFO:As a list it looks like this ['T', '4', 's', 't', '!', 'n', 'g']
2018-12-15 23:34:51,825:INFO:The letters in this password are: ['T', 's', 't', 'n', 'g']
2018-12-15 23:34:51,826:INFO:The 'T' was the 1st character
2018-12-15 23:34:51,826:INFO:The 's' was the 3rd character
2018-12-15 23:34:51,826:INFO:The 't' was the 4th character
2018-12-15 23:34:51,826:INFO:The 'n' was the 6th character
2018-12-15 23:34:51,826:INFO:The 'g' was the 7th character
2018-12-15 23:34:51,826:INFO:

2018-12-15 23:34:51,826:INFO:The numbers in this password are: ['4']
2018-12-15 23:34:51,827:INFO:The '4' was the 2nd character
2018-12-15 23:34:51,827:INFO:

2018-12-15 23:34:51,827:INFO:The symbols in this password are: ['!']
2018-12-15 23:34:51,827:INFO:The '!' was the 5th character
2018-12-15 23:34:51,827:INFO:

2018-12-15 23:34:51,892:INFO:The length of 'T4st!ng' is 7
2018-12-15 23:34:51,892:INFO:As a list it looks like this ['T', '4', 's', 't', '!', 'n', 'g']
2018-12-15 23:34:51,892:INFO:The letters in this password are: ['T', 's', 't', 'n', 'g']
2018-12-15 23:34:51,893:INFO:The 'T' was the 1st character
2018-12-15 23:34:51,893:INFO:The 's' was the 3rd character
2018-12-15 23:34:51,893:INFO:The 't' was the 4th character
2018-12-15 23:34:51,893:INFO:The 'n' was the 6th character
2018-12-15 23:34:51,893:INFO:The 'g' was the 7th character
2018-12-15 23:34:51,893:INFO:

2018-12-15 23:34:51,894:INFO:The numbers in this password are: ['4']
2018-12-15 23:34:51,894:INFO:The '4' was the 2nd character
2018-12-15 23:34:51,894:INFO:

2018-12-15 23:34:51,894:INFO:The symbols in this password are: ['!']
2018-12-15 23:34:51,894:INFO:The '!' was the 5th character
2018-12-15 23:34:51,894:INFO:

2018-12-15 23:34:51,958:INFO:The length of 'T4st!ng' is 7
2018-12-15 23:34:51,958:INFO:As a list it looks like this ['T', '4', 's', 't', '!', 'n', 'g']
2018-12-15 23:34:51,959:INFO:The letters in this password are: ['T', 's', 't', 'n', 'g']
2018-12-15 23:34:51,959:INFO:The 'T' was the 1st character
2018-12-15 23:34:51,959:INFO:The 's' was the 3rd character
2018-12-15 23:34:51,959:INFO:The 't' was the 4th character
2018-12-15 23:34:51,959:INFO:The 'n' was the 6th character
2018-12-15 23:34:51,959:INFO:The 'g' was the 7th character
2018-12-15 23:34:51,959:INFO:

2018-12-15 23:34:51,960:INFO:The numbers in this password are: ['4']
2018-12-15 23:34:51,960:INFO:The '4' was the 2nd character
2018-12-15 23:34:51,960:INFO:

2018-12-15 23:34:51,960:INFO:The symbols in this password are: ['!']
2018-12-15 23:34:51,960:INFO:The '!' was the 5th character
2018-12-15 23:34:51,960:INFO:

2018-12-15 23:34:52,017:INFO:The length of 'T4st!ng' is 7
2018-12-15 23:34:52,018:INFO:As a list it looks like this ['T', '4', 's', 't', '!', 'n', 'g']
2018-12-15 23:34:52,018:INFO:The letters in this password are: ['T', 's', 't', 'n', 'g']
2018-12-15 23:34:52,018:INFO:The 'T' was the 1st character
2018-12-15 23:34:52,018:INFO:The 's' was the 3rd character
2018-12-15 23:34:52,018:INFO:The 't' was the 4th character
2018-12-15 23:34:52,019:INFO:The 'n' was the 6th character
2018-12-15 23:34:52,019:INFO:The 'g' was the 7th character
2018-12-15 23:34:52,019:INFO:

2018-12-15 23:34:52,019:INFO:The numbers in this password are: ['4']
2018-12-15 23:34:52,019:INFO:The '4' was the 2nd character
2018-12-15 23:34:52,019:INFO:

2018-12-15 23:34:52,020:INFO:The symbols in this password are: ['!']
2018-12-15 23:34:52,020:INFO:The '!' was the 5th character
2018-12-15 23:34:52,020:INFO:

2018-12-15 23:34:52,077:INFO:The length of 'T4st!ng' is 7
2018-12-15 23:34:52,077:INFO:As a list it looks like this ['T', '4', 's', 't', '!', 'n', 'g']
2018-12-15 23:34:52,078:INFO:The letters in this password are: ['T', 's', 't', 'n', 'g']
2018-12-15 23:34:52,078:INFO:The 'T' was the 1st character
2018-12-15 23:34:52,078:INFO:The 's' was the 3rd character
2018-12-15 23:34:52,078:INFO:The 't' was the 4th character
2018-12-15 23:34:52,078:INFO:The 'n' was the 6th character
2018-12-15 23:34:52,078:INFO:The 'g' was the 7th character
2018-12-15 23:34:52,079:INFO:

2018-12-15 23:34:52,079:INFO:The numbers in this password are: ['4']
2018-12-15 23:34:52,079:INFO:The '4' was the 2nd character
2018-12-15 23:34:52,079:INFO:

2018-12-15 23:34:52,079:INFO:The symbols in this password are: ['!']
2018-12-15 23:34:52,079:INFO:The '!' was the 5th character
2018-12-15 23:34:52,080:INFO:

2018-12-15 23:34:52,135:INFO:The length of 'T4st!ng' is 7
2018-12-15 23:34:52,136:INFO:As a list it looks like this ['T', '4', 's', 't', '!', 'n', 'g']
2018-12-15 23:34:52,136:INFO:The letters in this password are: ['T', 's', 't', 'n', 'g']
2018-12-15 23:34:52,136:INFO:The 'T' was the 1st character
2018-12-15 23:34:52,136:INFO:The 's' was the 3rd character
2018-12-15 23:34:52,137:INFO:The 't' was the 4th character
2018-12-15 23:34:52,137:INFO:The 'n' was the 6th character
2018-12-15 23:34:52,137:INFO:The 'g' was the 7th character
2018-12-15 23:34:52,137:INFO:

2018-12-15 23:34:52,137:INFO:The numbers in this password are: ['4']
2018-12-15 23:34:52,137:INFO:The '4' was the 2nd character
2018-12-15 23:34:52,137:INFO:

2018-12-15 23:34:52,138:INFO:The symbols in this password are: ['!']
2018-12-15 23:34:52,138:INFO:The '!' was the 5th character
2018-12-15 23:34:52,138:INFO:

2018-12-15 23:34:52,197:INFO:The length of 'T4st!ng' is 7
2018-12-15 23:34:52,197:INFO:As a list it looks like this ['T', '4', 's', 't', '!', 'n', 'g']
2018-12-15 23:34:52,197:INFO:The letters in this password are: ['T', 's', 't', 'n', 'g']
2018-12-15 23:34:52,198:INFO:The 'T' was the 1st character
2018-12-15 23:34:52,198:INFO:The 's' was the 3rd character
2018-12-15 23:34:52,198:INFO:The 't' was the 4th character
2018-12-15 23:34:52,198:INFO:The 'n' was the 6th character
2018-12-15 23:34:52,198:INFO:The 'g' was the 7th character
2018-12-15 23:34:52,199:INFO:

2018-12-15 23:34:52,199:INFO:The numbers in this password are: ['4']
2018-12-15 23:34:52,199:INFO:The '4' was the 2nd character
2018-12-15 23:34:52,199:INFO:

2018-12-15 23:34:52,199:INFO:The symbols in this password are: ['!']
2018-12-15 23:34:52,199:INFO:The '!' was the 5th character
2018-12-15 23:34:52,199:INFO:

2018-12-15 23:34:52,255:INFO:The length of 'T4st!ng' is 7
2018-12-15 23:34:52,256:INFO:As a list it looks like this ['T', '4', 's', 't', '!', 'n', 'g']
2018-12-15 23:34:52,256:INFO:The letters in this password are: ['T', 's', 't', 'n', 'g']
2018-12-15 23:34:52,256:INFO:The 'T' was the 1st character
2018-12-15 23:34:52,256:INFO:The 's' was the 3rd character
2018-12-15 23:34:52,257:INFO:The 't' was the 4th character
2018-12-15 23:34:52,257:INFO:The 'n' was the 6th character
2018-12-15 23:34:52,257:INFO:The 'g' was the 7th character
2018-12-15 23:34:52,257:INFO:

2018-12-15 23:34:52,257:INFO:The numbers in this password are: ['4']
2018-12-15 23:34:52,257:INFO:The '4' was the 2nd character
2018-12-15 23:34:52,257:INFO:

2018-12-15 23:34:52,258:INFO:The symbols in this password are: ['!']
2018-12-15 23:34:52,258:INFO:The '!' was the 5th character
2018-12-15 23:34:52,258:INFO:

2018-12-15 23:34:52,318:INFO:The length of 'T4st!ng' is 7
2018-12-15 23:34:52,319:INFO:As a list it looks like this ['T', '4', 's', 't', '!', 'n', 'g']
2018-12-15 23:34:52,319:INFO:The letters in this password are: ['T', 's', 't', 'n', 'g']
2018-12-15 23:34:52,319:INFO:The 'T' was the 1st character
2018-12-15 23:34:52,319:INFO:The 's' was the 3rd character
2018-12-15 23:34:52,319:INFO:The 't' was the 4th character
2018-12-15 23:34:52,320:INFO:The 'n' was the 6th character
2018-12-15 23:34:52,320:INFO:The 'g' was the 7th character
2018-12-15 23:34:52,320:INFO:

2018-12-15 23:34:52,320:INFO:The numbers in this password are: ['4']
2018-12-15 23:34:52,320:INFO:The '4' was the 2nd character
2018-12-15 23:34:52,320:INFO:

2018-12-15 23:34:52,320:INFO:The symbols in this password are: ['!']
2018-12-15 23:34:52,320:INFO:The '!' was the 5th character
2018-12-15 23:34:52,321:INFO:

2018-12-15 23:34:52,382:INFO:The length of 'T4st!ng' is 7
2018-12-15 23:34:52,382:INFO:As a list it looks like this ['T', '4', 's', 't', '!', 'n', 'g']
2018-12-15 23:34:52,382:INFO:The letters in this password are: ['T', 's', 't', 'n', 'g']
2018-12-15 23:34:52,383:INFO:The 'T' was the 1st character
2018-12-15 23:34:52,383:INFO:The 's' was the 3rd character
2018-12-15 23:34:52,383:INFO:The 't' was the 4th character
2018-12-15 23:34:52,383:INFO:The 'n' was the 6th character
2018-12-15 23:34:52,384:INFO:The 'g' was the 7th character
2018-12-15 23:34:52,384:INFO:

2018-12-15 23:34:52,384:INFO:The numbers in this password are: ['4']
2018-12-15 23:34:52,384:INFO:The '4' was the 2nd character
2018-12-15 23:34:52,384:INFO:

2018-12-15 23:34:52,384:INFO:The symbols in this password are: ['!']
2018-12-15 23:34:52,385:INFO:The '!' was the 5th character
2018-12-15 23:34:52,385:INFO:

2018-12-15 23:34:52,455:INFO:The length of 'T4st!ng' is 7
2018-12-15 23:34:52,456:INFO:As a list it looks like this ['T', '4', 's', 't', '!', 'n', 'g']
2018-12-15 23:34:52,456:INFO:The letters in this password are: ['T', 's', 't', 'n', 'g']
2018-12-15 23:34:52,456:INFO:The 'T' was the 1st character
2018-12-15 23:34:52,456:INFO:The 's' was the 3rd character
2018-12-15 23:34:52,456:INFO:The 't' was the 4th character
2018-12-15 23:34:52,457:INFO:The 'n' was the 6th character
2018-12-15 23:34:52,457:INFO:The 'g' was the 7th character
2018-12-15 23:34:52,457:INFO:

2018-12-15 23:34:52,457:INFO:The numbers in this password are: ['4']
2018-12-15 23:34:52,457:INFO:The '4' was the 2nd character
2018-12-15 23:34:52,457:INFO:

2018-12-15 23:34:52,458:INFO:The symbols in this password are: ['!']
2018-12-15 23:34:52,458:INFO:The '!' was the 5th character
2018-12-15 23:34:52,458:INFO:

2018-12-15 23:34:52,528:INFO:The length of 'T4st!ng' is 7
2018-12-15 23:34:52,529:INFO:As a list it looks like this ['T', '4', 's', 't', '!', 'n', 'g']
2018-12-15 23:34:52,529:INFO:The letters in this password are: ['T', 's', 't', 'n', 'g']
2018-12-15 23:34:52,530:INFO:The 'T' was the 1st character
2018-12-15 23:34:52,530:INFO:The 's' was the 3rd character
2018-12-15 23:34:52,530:INFO:The 't' was the 4th character
2018-12-15 23:34:52,530:INFO:The 'n' was the 6th character
2018-12-15 23:34:52,530:INFO:The 'g' was the 7th character
2018-12-15 23:34:52,530:INFO:

2018-12-15 23:34:52,531:INFO:The numbers in this password are: ['4']
2018-12-15 23:34:52,531:INFO:The '4' was the 2nd character
2018-12-15 23:34:52,531:INFO:

2018-12-15 23:34:52,531:INFO:The symbols in this password are: ['!']
2018-12-15 23:34:52,532:INFO:The '!' was the 5th character
2018-12-15 23:34:52,532:INFO:

2018-12-15 23:34:52,605:INFO:The length of 'T4st!ng' is 7
2018-12-15 23:34:52,606:INFO:As a list it looks like this ['T', '4', 's', 't', '!', 'n', 'g']
2018-12-15 23:34:52,607:INFO:The letters in this password are: ['T', 's', 't', 'n', 'g']
2018-12-15 23:34:52,607:INFO:The 'T' was the 1st character
2018-12-15 23:34:52,607:INFO:The 's' was the 3rd character
2018-12-15 23:34:52,607:INFO:The 't' was the 4th character
2018-12-15 23:34:52,608:INFO:The 'n' was the 6th character
2018-12-15 23:34:52,608:INFO:The 'g' was the 7th character
2018-12-15 23:34:52,608:INFO:

2018-12-15 23:34:52,608:INFO:The numbers in this password are: ['4']
2018-12-15 23:34:52,609:INFO:The '4' was the 2nd character
2018-12-15 23:34:52,609:INFO:

2018-12-15 23:34:52,609:INFO:The symbols in this password are: ['!']
2018-12-15 23:34:52,609:INFO:The '!' was the 5th character
2018-12-15 23:34:52,609:INFO:

2018-12-15 23:34:52,672:INFO:The length of 'T4st!ng' is 7
2018-12-15 23:34:52,673:INFO:As a list it looks like this ['T', '4', 's', 't', '!', 'n', 'g']
2018-12-15 23:34:52,673:INFO:The letters in this password are: ['T', 's', 't', 'n', 'g']
2018-12-15 23:34:52,673:INFO:The 'T' was the 1st character
2018-12-15 23:34:52,674:INFO:The 's' was the 3rd character
2018-12-15 23:34:52,674:INFO:The 't' was the 4th character
2018-12-15 23:34:52,674:INFO:The 'n' was the 6th character
2018-12-15 23:34:52,674:INFO:The 'g' was the 7th character
2018-12-15 23:34:52,674:INFO:

2018-12-15 23:34:52,674:INFO:The numbers in this password are: ['4']
2018-12-15 23:34:52,675:INFO:The '4' was the 2nd character
2018-12-15 23:34:52,675:INFO:

2018-12-15 23:34:52,675:INFO:The symbols in this password are: ['!']
2018-12-15 23:34:52,675:INFO:The '!' was the 5th character
2018-12-15 23:34:52,675:INFO:

2018-12-15 23:34:52,737:INFO:The length of 'T4st!ng' is 7
2018-12-15 23:34:52,737:INFO:As a list it looks like this ['T', '4', 's', 't', '!', 'n', 'g']
2018-12-15 23:34:52,737:INFO:The letters in this password are: ['T', 's', 't', 'n', 'g']
2018-12-15 23:34:52,738:INFO:The 'T' was the 1st character
2018-12-15 23:34:52,738:INFO:The 's' was the 3rd character
2018-12-15 23:34:52,738:INFO:The 't' was the 4th character
2018-12-15 23:34:52,738:INFO:The 'n' was the 6th character
2018-12-15 23:34:52,738:INFO:The 'g' was the 7th character
2018-12-15 23:34:52,738:INFO:

2018-12-15 23:34:52,738:INFO:The numbers in this password are: ['4']
2018-12-15 23:34:52,738:INFO:The '4' was the 2nd character
2018-12-15 23:34:52,739:INFO:

2018-12-15 23:34:52,739:INFO:The symbols in this password are: ['!']
2018-12-15 23:34:52,739:INFO:The '!' was the 5th character
2018-12-15 23:34:52,739:INFO:

2018-12-15 23:34:52,804:INFO:The length of 'T4st!ng' is 7
2018-12-15 23:34:52,804:INFO:As a list it looks like this ['T', '4', 's', 't', '!', 'n', 'g']
2018-12-15 23:34:52,805:INFO:The letters in this password are: ['T', 's', 't', 'n', 'g']
2018-12-15 23:34:52,805:INFO:The 'T' was the 1st character
2018-12-15 23:34:52,805:INFO:The 's' was the 3rd character
2018-12-15 23:34:52,805:INFO:The 't' was the 4th character
2018-12-15 23:34:52,805:INFO:The 'n' was the 6th character
2018-12-15 23:34:52,805:INFO:The 'g' was the 7th character
2018-12-15 23:34:52,805:INFO:

2018-12-15 23:34:52,805:INFO:The numbers in this password are: ['4']
2018-12-15 23:34:52,806:INFO:The '4' was the 2nd character
2018-12-15 23:34:52,806:INFO:

2018-12-15 23:34:52,806:INFO:The symbols in this password are: ['!']
2018-12-15 23:34:52,806:INFO:The '!' was the 5th character
2018-12-15 23:34:52,806:INFO:

2018-12-15 23:34:52,862:INFO:The length of 'T4st!ng' is 7
2018-12-15 23:34:52,863:INFO:As a list it looks like this ['T', '4', 's', 't', '!', 'n', 'g']
2018-12-15 23:34:52,863:INFO:The letters in this password are: ['T', 's', 't', 'n', 'g']
2018-12-15 23:34:52,863:INFO:The 'T' was the 1st character
2018-12-15 23:34:52,863:INFO:The 's' was the 3rd character
2018-12-15 23:34:52,863:INFO:The 't' was the 4th character
2018-12-15 23:34:52,863:INFO:The 'n' was the 6th character
2018-12-15 23:34:52,863:INFO:The 'g' was the 7th character
2018-12-15 23:34:52,864:INFO:

2018-12-15 23:34:52,864:INFO:The numbers in this password are: ['4']
2018-12-15 23:34:52,864:INFO:The '4' was the 2nd character
2018-12-15 23:34:52,864:INFO:

2018-12-15 23:34:52,864:INFO:The symbols in this password are: ['!']
2018-12-15 23:34:52,864:INFO:The '!' was the 5th character
2018-12-15 23:34:52,864:INFO:

2018-12-15 23:34:52,924:INFO:The length of 'T4st!ng' is 7
2018-12-15 23:34:52,924:INFO:As a list it looks like this ['T', '4', 's', 't', '!', 'n', 'g']
2018-12-15 23:34:52,925:INFO:The letters in this password are: ['T', 's', 't', 'n', 'g']
2018-12-15 23:34:52,925:INFO:The 'T' was the 1st character
2018-12-15 23:34:52,925:INFO:The 's' was the 3rd character
2018-12-15 23:34:52,925:INFO:The 't' was the 4th character
2018-12-15 23:34:52,925:INFO:The 'n' was the 6th character
2018-12-15 23:34:52,925:INFO:The 'g' was the 7th character
2018-12-15 23:34:52,925:INFO:

2018-12-15 23:34:52,926:INFO:The numbers in this password are: ['4']
2018-12-15 23:34:52,926:INFO:The '4' was the 2nd character
2018-12-15 23:34:52,926:INFO:

2018-12-15 23:34:52,926:INFO:The symbols in this password are: ['!']
2018-12-15 23:34:52,926:INFO:The '!' was the 5th character
2018-12-15 23:34:52,926:INFO:

2018-12-15 23:34:52,987:INFO:The length of 'T4st!ng' is 7
2018-12-15 23:34:52,987:INFO:As a list it looks like this ['T', '4', 's', 't', '!', 'n', 'g']
2018-12-15 23:34:52,987:INFO:The letters in this password are: ['T', 's', 't', 'n', 'g']
2018-12-15 23:34:52,987:INFO:The 'T' was the 1st character
2018-12-15 23:34:52,987:INFO:The 's' was the 3rd character
2018-12-15 23:34:52,988:INFO:The 't' was the 4th character
2018-12-15 23:34:52,988:INFO:The 'n' was the 6th character
2018-12-15 23:34:52,988:INFO:The 'g' was the 7th character
2018-12-15 23:34:52,988:INFO:

2018-12-15 23:34:52,988:INFO:The numbers in this password are: ['4']
2018-12-15 23:34:52,988:INFO:The '4' was the 2nd character
2018-12-15 23:34:52,988:INFO:

2018-12-15 23:34:52,988:INFO:The symbols in this password are: ['!']
2018-12-15 23:34:52,989:INFO:The '!' was the 5th character
2018-12-15 23:34:52,989:INFO:

2018-12-15 23:34:53,055:INFO:The length of 'T4st!ng' is 7
2018-12-15 23:34:53,055:INFO:As a list it looks like this ['T', '4', 's', 't', '!', 'n', 'g']
2018-12-15 23:34:53,055:INFO:The letters in this password are: ['T', 's', 't', 'n', 'g']
2018-12-15 23:34:53,056:INFO:The 'T' was the 1st character
2018-12-15 23:34:53,056:INFO:The 's' was the 3rd character
2018-12-15 23:34:53,056:INFO:The 't' was the 4th character
2018-12-15 23:34:53,056:INFO:The 'n' was the 6th character
2018-12-15 23:34:53,056:INFO:The 'g' was the 7th character
2018-12-15 23:34:53,056:INFO:

2018-12-15 23:34:53,056:INFO:The numbers in this password are: ['4']
2018-12-15 23:34:53,056:INFO:The '4' was the 2nd character
2018-12-15 23:34:53,057:INFO:

2018-12-15 23:34:53,057:INFO:The symbols in this password are: ['!']
2018-12-15 23:34:53,057:INFO:The '!' was the 5th character
2018-12-15 23:34:53,057:INFO:

2018-12-15 23:34:53,117:INFO:The length of 'T4st!ng' is 7
2018-12-15 23:34:53,118:INFO:As a list it looks like this ['T', '4', 's', 't', '!', 'n', 'g']
2018-12-15 23:34:53,118:INFO:The letters in this password are: ['T', 's', 't', 'n', 'g']
2018-12-15 23:34:53,118:INFO:The 'T' was the 1st character
2018-12-15 23:34:53,118:INFO:The 's' was the 3rd character
2018-12-15 23:34:53,118:INFO:The 't' was the 4th character
2018-12-15 23:34:53,118:INFO:The 'n' was the 6th character
2018-12-15 23:34:53,118:INFO:The 'g' was the 7th character
2018-12-15 23:34:53,119:INFO:

2018-12-15 23:34:53,119:INFO:The numbers in this password are: ['4']
2018-12-15 23:34:53,119:INFO:The '4' was the 2nd character
2018-12-15 23:34:53,119:INFO:

2018-12-15 23:34:53,119:INFO:The symbols in this password are: ['!']
2018-12-15 23:34:53,119:INFO:The '!' was the 5th character
2018-12-15 23:34:53,119:INFO:

2018-12-15 23:34:53,181:INFO:The length of 'T4st!ng' is 7
2018-12-15 23:34:53,181:INFO:As a list it looks like this ['T', '4', 's', 't', '!', 'n', 'g']
2018-12-15 23:34:53,182:INFO:The letters in this password are: ['T', 's', 't', 'n', 'g']
2018-12-15 23:34:53,182:INFO:The 'T' was the 1st character
2018-12-15 23:34:53,182:INFO:The 's' was the 3rd character
2018-12-15 23:34:53,182:INFO:The 't' was the 4th character
2018-12-15 23:34:53,182:INFO:The 'n' was the 6th character
2018-12-15 23:34:53,182:INFO:The 'g' was the 7th character
2018-12-15 23:34:53,182:INFO:

2018-12-15 23:34:53,183:INFO:The numbers in this password are: ['4']
2018-12-15 23:34:53,183:INFO:The '4' was the 2nd character
2018-12-15 23:34:53,183:INFO:

2018-12-15 23:34:53,183:INFO:The symbols in this password are: ['!']
2018-12-15 23:34:53,183:INFO:The '!' was the 5th character
2018-12-15 23:34:53,183:INFO:

2018-12-15 23:34:53,241:INFO:The length of 'T4st!ng' is 7
2018-12-15 23:34:53,242:INFO:As a list it looks like this ['T', '4', 's', 't', '!', 'n', 'g']
2018-12-15 23:34:53,242:INFO:The letters in this password are: ['T', 's', 't', 'n', 'g']
2018-12-15 23:34:53,242:INFO:The 'T' was the 1st character
2018-12-15 23:34:53,242:INFO:The 's' was the 3rd character
2018-12-15 23:34:53,242:INFO:The 't' was the 4th character
2018-12-15 23:34:53,243:INFO:The 'n' was the 6th character
2018-12-15 23:34:53,243:INFO:The 'g' was the 7th character
2018-12-15 23:34:53,243:INFO:

2018-12-15 23:34:53,243:INFO:The numbers in this password are: ['4']
2018-12-15 23:34:53,243:INFO:The '4' was the 2nd character
2018-12-15 23:34:53,243:INFO:

2018-12-15 23:34:53,243:INFO:The symbols in this password are: ['!']
2018-12-15 23:34:53,243:INFO:The '!' was the 5th character
2018-12-15 23:34:53,244:INFO:

2018-12-15 23:34:53,307:INFO:The length of 'T4st!ng' is 7
2018-12-15 23:34:53,308:INFO:As a list it looks like this ['T', '4', 's', 't', '!', 'n', 'g']
2018-12-15 23:34:53,309:INFO:The letters in this password are: ['T', 's', 't', 'n', 'g']
2018-12-15 23:34:53,309:INFO:The 'T' was the 1st character
2018-12-15 23:34:53,309:INFO:The 's' was the 3rd character
2018-12-15 23:34:53,309:INFO:The 't' was the 4th character
2018-12-15 23:34:53,309:INFO:The 'n' was the 6th character
2018-12-15 23:34:53,309:INFO:The 'g' was the 7th character
2018-12-15 23:34:53,310:INFO:

2018-12-15 23:34:53,310:INFO:The numbers in this password are: ['4']
2018-12-15 23:34:53,310:INFO:The '4' was the 2nd character
2018-12-15 23:34:53,310:INFO:

2018-12-15 23:34:53,310:INFO:The symbols in this password are: ['!']
2018-12-15 23:34:53,310:INFO:The '!' was the 5th character
2018-12-15 23:34:53,310:INFO:

2018-12-15 23:34:53,390:INFO:The length of 'T4st!ng' is 7
2018-12-15 23:34:53,390:INFO:As a list it looks like this ['T', '4', 's', 't', '!', 'n', 'g']
2018-12-15 23:34:53,390:INFO:The letters in this password are: ['T', 's', 't', 'n', 'g']
2018-12-15 23:34:53,391:INFO:The 'T' was the 1st character
2018-12-15 23:34:53,391:INFO:The 's' was the 3rd character
2018-12-15 23:34:53,391:INFO:The 't' was the 4th character
2018-12-15 23:34:53,391:INFO:The 'n' was the 6th character
2018-12-15 23:34:53,391:INFO:The 'g' was the 7th character
2018-12-15 23:34:53,391:INFO:

2018-12-15 23:34:53,391:INFO:The numbers in this password are: ['4']
2018-12-15 23:34:53,392:INFO:The '4' was the 2nd character
2018-12-15 23:34:53,392:INFO:

2018-12-15 23:34:53,392:INFO:The symbols in this password are: ['!']
2018-12-15 23:34:53,392:INFO:The '!' was the 5th character
2018-12-15 23:34:53,392:INFO:

2018-12-15 23:34:53,461:INFO:The length of 'T4st!ng' is 7
2018-12-15 23:34:53,462:INFO:As a list it looks like this ['T', '4', 's', 't', '!', 'n', 'g']
2018-12-15 23:34:53,462:INFO:The letters in this password are: ['T', 's', 't', 'n', 'g']
2018-12-15 23:34:53,463:INFO:The 'T' was the 1st character
2018-12-15 23:34:53,463:INFO:The 's' was the 3rd character
2018-12-15 23:34:53,463:INFO:The 't' was the 4th character
2018-12-15 23:34:53,464:INFO:The 'n' was the 6th character
2018-12-15 23:34:53,464:INFO:The 'g' was the 7th character
2018-12-15 23:34:53,464:INFO:

2018-12-15 23:34:53,465:INFO:The numbers in this password are: ['4']
2018-12-15 23:34:53,465:INFO:The '4' was the 2nd character
2018-12-15 23:34:53,465:INFO:

2018-12-15 23:34:53,465:INFO:The symbols in this password are: ['!']
2018-12-15 23:34:53,466:INFO:The '!' was the 5th character
2018-12-15 23:34:53,466:INFO:

2018-12-15 23:34:53,535:INFO:The length of 'T4st!ng' is 7
2018-12-15 23:34:53,535:INFO:As a list it looks like this ['T', '4', 's', 't', '!', 'n', 'g']
2018-12-15 23:34:53,535:INFO:The letters in this password are: ['T', 's', 't', 'n', 'g']
2018-12-15 23:34:53,536:INFO:The 'T' was the 1st character
2018-12-15 23:34:53,536:INFO:The 's' was the 3rd character
2018-12-15 23:34:53,536:INFO:The 't' was the 4th character
2018-12-15 23:34:53,536:INFO:The 'n' was the 6th character
2018-12-15 23:34:53,536:INFO:The 'g' was the 7th character
2018-12-15 23:34:53,537:INFO:

2018-12-15 23:34:53,537:INFO:The numbers in this password are: ['4']
2018-12-15 23:34:53,537:INFO:The '4' was the 2nd character
2018-12-15 23:34:53,537:INFO:

2018-12-15 23:34:53,537:INFO:The symbols in this password are: ['!']
2018-12-15 23:34:53,538:INFO:The '!' was the 5th character
2018-12-15 23:34:53,538:INFO:

2018-12-15 23:34:53,607:INFO:The length of 'T4st!ng' is 7
2018-12-15 23:34:53,608:INFO:As a list it looks like this ['T', '4', 's', 't', '!', 'n', 'g']
2018-12-15 23:34:53,608:INFO:The letters in this password are: ['T', 's', 't', 'n', 'g']
2018-12-15 23:34:53,608:INFO:The 'T' was the 1st character
2018-12-15 23:34:53,609:INFO:The 's' was the 3rd character
2018-12-15 23:34:53,609:INFO:The 't' was the 4th character
2018-12-15 23:34:53,609:INFO:The 'n' was the 6th character
2018-12-15 23:34:53,609:INFO:The 'g' was the 7th character
2018-12-15 23:34:53,609:INFO:

2018-12-15 23:34:53,609:INFO:The numbers in this password are: ['4']
2018-12-15 23:34:53,610:INFO:The '4' was the 2nd character
2018-12-15 23:34:53,610:INFO:

2018-12-15 23:34:53,610:INFO:The symbols in this password are: ['!']
2018-12-15 23:34:53,610:INFO:The '!' was the 5th character
2018-12-15 23:34:53,611:INFO:

2018-12-15 23:34:53,672:INFO:The length of 'T4st!ng' is 7
2018-12-15 23:34:53,672:INFO:As a list it looks like this ['T', '4', 's', 't', '!', 'n', 'g']
2018-12-15 23:34:53,673:INFO:The letters in this password are: ['T', 's', 't', 'n', 'g']
2018-12-15 23:34:53,673:INFO:The 'T' was the 1st character
2018-12-15 23:34:53,673:INFO:The 's' was the 3rd character
2018-12-15 23:34:53,673:INFO:The 't' was the 4th character
2018-12-15 23:34:53,673:INFO:The 'n' was the 6th character
2018-12-15 23:34:53,673:INFO:The 'g' was the 7th character
2018-12-15 23:34:53,674:INFO:

2018-12-15 23:34:53,674:INFO:The numbers in this password are: ['4']
2018-12-15 23:34:53,674:INFO:The '4' was the 2nd character
2018-12-15 23:34:53,674:INFO:

2018-12-15 23:34:53,674:INFO:The symbols in this password are: ['!']
2018-12-15 23:34:53,674:INFO:The '!' was the 5th character
2018-12-15 23:34:53,675:INFO:

2018-12-15 23:34:53,734:INFO:The length of 'T4st!ng' is 7
2018-12-15 23:34:53,735:INFO:As a list it looks like this ['T', '4', 's', 't', '!', 'n', 'g']
2018-12-15 23:34:53,735:INFO:The letters in this password are: ['T', 's', 't', 'n', 'g']
2018-12-15 23:34:53,735:INFO:The 'T' was the 1st character
2018-12-15 23:34:53,735:INFO:The 's' was the 3rd character
2018-12-15 23:34:53,736:INFO:The 't' was the 4th character
2018-12-15 23:34:53,736:INFO:The 'n' was the 6th character
2018-12-15 23:34:53,736:INFO:The 'g' was the 7th character
2018-12-15 23:34:53,736:INFO:

2018-12-15 23:34:53,736:INFO:The numbers in this password are: ['4']
2018-12-15 23:34:53,736:INFO:The '4' was the 2nd character
2018-12-15 23:34:53,737:INFO:

2018-12-15 23:34:53,737:INFO:The symbols in this password are: ['!']
2018-12-15 23:34:53,737:INFO:The '!' was the 5th character
2018-12-15 23:34:53,737:INFO:

2018-12-15 23:34:53,798:INFO:The length of 'T4st!ng' is 7
2018-12-15 23:34:53,799:INFO:As a list it looks like this ['T', '4', 's', 't', '!', 'n', 'g']
2018-12-15 23:34:53,799:INFO:The letters in this password are: ['T', 's', 't', 'n', 'g']
2018-12-15 23:34:53,799:INFO:The 'T' was the 1st character
2018-12-15 23:34:53,800:INFO:The 's' was the 3rd character
2018-12-15 23:34:53,800:INFO:The 't' was the 4th character
2018-12-15 23:34:53,800:INFO:The 'n' was the 6th character
2018-12-15 23:34:53,800:INFO:The 'g' was the 7th character
2018-12-15 23:34:53,800:INFO:

2018-12-15 23:34:53,800:INFO:The numbers in this password are: ['4']
2018-12-15 23:34:53,800:INFO:The '4' was the 2nd character
2018-12-15 23:34:53,801:INFO:

2018-12-15 23:34:53,801:INFO:The symbols in this password are: ['!']
2018-12-15 23:34:53,801:INFO:The '!' was the 5th character
2018-12-15 23:34:53,801:INFO:

2018-12-15 23:34:53,861:INFO:The length of 'T4st!ng' is 7
2018-12-15 23:34:53,861:INFO:As a list it looks like this ['T', '4', 's', 't', '!', 'n', 'g']
2018-12-15 23:34:53,861:INFO:The letters in this password are: ['T', 's', 't', 'n', 'g']
2018-12-15 23:34:53,861:INFO:The 'T' was the 1st character
2018-12-15 23:34:53,862:INFO:The 's' was the 3rd character
2018-12-15 23:34:53,862:INFO:The 't' was the 4th character
2018-12-15 23:34:53,862:INFO:The 'n' was the 6th character
2018-12-15 23:34:53,862:INFO:The 'g' was the 7th character
2018-12-15 23:34:53,862:INFO:

2018-12-15 23:34:53,862:INFO:The numbers in this password are: ['4']
2018-12-15 23:34:53,862:INFO:The '4' was the 2nd character
2018-12-15 23:34:53,863:INFO:

2018-12-15 23:34:53,863:INFO:The symbols in this password are: ['!']
2018-12-15 23:34:53,863:INFO:The '!' was the 5th character
2018-12-15 23:34:53,863:INFO:

2018-12-15 23:34:53,921:INFO:The length of 'T4st!ng' is 7
2018-12-15 23:34:53,922:INFO:As a list it looks like this ['T', '4', 's', 't', '!', 'n', 'g']
2018-12-15 23:34:53,922:INFO:The letters in this password are: ['T', 's', 't', 'n', 'g']
2018-12-15 23:34:53,922:INFO:The 'T' was the 1st character
2018-12-15 23:34:53,923:INFO:The 's' was the 3rd character
2018-12-15 23:34:53,923:INFO:The 't' was the 4th character
2018-12-15 23:34:53,923:INFO:The 'n' was the 6th character
2018-12-15 23:34:53,923:INFO:The 'g' was the 7th character
2018-12-15 23:34:53,923:INFO:

2018-12-15 23:34:53,923:INFO:The numbers in this password are: ['4']
2018-12-15 23:34:53,924:INFO:The '4' was the 2nd character
2018-12-15 23:34:53,924:INFO:

2018-12-15 23:34:53,924:INFO:The symbols in this password are: ['!']
2018-12-15 23:34:53,924:INFO:The '!' was the 5th character
2018-12-15 23:34:53,924:INFO:

2018-12-15 23:34:53,987:INFO:The length of 'T4st!ng' is 7
2018-12-15 23:34:53,988:INFO:As a list it looks like this ['T', '4', 's', 't', '!', 'n', 'g']
2018-12-15 23:34:53,988:INFO:The letters in this password are: ['T', 's', 't', 'n', 'g']
2018-12-15 23:34:53,988:INFO:The 'T' was the 1st character
2018-12-15 23:34:53,988:INFO:The 's' was the 3rd character
2018-12-15 23:34:53,988:INFO:The 't' was the 4th character
2018-12-15 23:34:53,989:INFO:The 'n' was the 6th character
2018-12-15 23:34:53,989:INFO:The 'g' was the 7th character
2018-12-15 23:34:53,989:INFO:

2018-12-15 23:34:53,989:INFO:The numbers in this password are: ['4']
2018-12-15 23:34:53,989:INFO:The '4' was the 2nd character
2018-12-15 23:34:53,989:INFO:

2018-12-15 23:34:53,989:INFO:The symbols in this password are: ['!']
2018-12-15 23:34:53,990:INFO:The '!' was the 5th character
2018-12-15 23:34:53,990:INFO:

2018-12-15 23:34:54,052:INFO:The length of 'T4st!ng' is 7
2018-12-15 23:34:54,052:INFO:As a list it looks like this ['T', '4', 's', 't', '!', 'n', 'g']
2018-12-15 23:34:54,053:INFO:The letters in this password are: ['T', 's', 't', 'n', 'g']
2018-12-15 23:34:54,053:INFO:The 'T' was the 1st character
2018-12-15 23:34:54,053:INFO:The 's' was the 3rd character
2018-12-15 23:34:54,053:INFO:The 't' was the 4th character
2018-12-15 23:34:54,053:INFO:The 'n' was the 6th character
2018-12-15 23:34:54,054:INFO:The 'g' was the 7th character
2018-12-15 23:34:54,054:INFO:

2018-12-15 23:34:54,054:INFO:The numbers in this password are: ['4']
2018-12-15 23:34:54,054:INFO:The '4' was the 2nd character
2018-12-15 23:34:54,054:INFO:

2018-12-15 23:34:54,054:INFO:The symbols in this password are: ['!']
2018-12-15 23:34:54,054:INFO:The '!' was the 5th character
2018-12-15 23:34:54,055:INFO:

2018-12-15 23:34:54,115:INFO:The length of 'T4st!ng' is 7
2018-12-15 23:34:54,115:INFO:As a list it looks like this ['T', '4', 's', 't', '!', 'n', 'g']
2018-12-15 23:34:54,115:INFO:The letters in this password are: ['T', 's', 't', 'n', 'g']
2018-12-15 23:34:54,115:INFO:The 'T' was the 1st character
2018-12-15 23:34:54,116:INFO:The 's' was the 3rd character
2018-12-15 23:34:54,116:INFO:The 't' was the 4th character
2018-12-15 23:34:54,116:INFO:The 'n' was the 6th character
2018-12-15 23:34:54,116:INFO:The 'g' was the 7th character
2018-12-15 23:34:54,116:INFO:

2018-12-15 23:34:54,116:INFO:The numbers in this password are: ['4']
2018-12-15 23:34:54,116:INFO:The '4' was the 2nd character
2018-12-15 23:34:54,117:INFO:

2018-12-15 23:34:54,117:INFO:The symbols in this password are: ['!']
2018-12-15 23:34:54,117:INFO:The '!' was the 5th character
2018-12-15 23:34:54,117:INFO:

2018-12-15 23:34:54,176:INFO:The length of 'T4st!ng' is 7
2018-12-15 23:34:54,176:INFO:As a list it looks like this ['T', '4', 's', 't', '!', 'n', 'g']
2018-12-15 23:34:54,177:INFO:The letters in this password are: ['T', 's', 't', 'n', 'g']
2018-12-15 23:34:54,177:INFO:The 'T' was the 1st character
2018-12-15 23:34:54,177:INFO:The 's' was the 3rd character
2018-12-15 23:34:54,177:INFO:The 't' was the 4th character
2018-12-15 23:34:54,177:INFO:The 'n' was the 6th character
2018-12-15 23:34:54,178:INFO:The 'g' was the 7th character
2018-12-15 23:34:54,178:INFO:

2018-12-15 23:34:54,178:INFO:The numbers in this password are: ['4']
2018-12-15 23:34:54,178:INFO:The '4' was the 2nd character
2018-12-15 23:34:54,178:INFO:

2018-12-15 23:34:54,178:INFO:The symbols in this password are: ['!']
2018-12-15 23:34:54,178:INFO:The '!' was the 5th character
2018-12-15 23:34:54,178:INFO:

2018-12-15 23:34:54,234:INFO:The length of 'T4st!ng' is 7
2018-12-15 23:34:54,234:INFO:As a list it looks like this ['T', '4', 's', 't', '!', 'n', 'g']
2018-12-15 23:34:54,234:INFO:The letters in this password are: ['T', 's', 't', 'n', 'g']
2018-12-15 23:34:54,235:INFO:The 'T' was the 1st character
2018-12-15 23:34:54,235:INFO:The 's' was the 3rd character
2018-12-15 23:34:54,235:INFO:The 't' was the 4th character
2018-12-15 23:34:54,235:INFO:The 'n' was the 6th character
2018-12-15 23:34:54,235:INFO:The 'g' was the 7th character
2018-12-15 23:34:54,235:INFO:

2018-12-15 23:34:54,235:INFO:The numbers in this password are: ['4']
2018-12-15 23:34:54,236:INFO:The '4' was the 2nd character
2018-12-15 23:34:54,236:INFO:

2018-12-15 23:34:54,236:INFO:The symbols in this password are: ['!']
2018-12-15 23:34:54,236:INFO:The '!' was the 5th character
2018-12-15 23:34:54,236:INFO:

2018-12-15 23:34:54,296:INFO:The length of 'T4st!ng' is 7
2018-12-15 23:34:54,296:INFO:As a list it looks like this ['T', '4', 's', 't', '!', 'n', 'g']
2018-12-15 23:34:54,296:INFO:The letters in this password are: ['T', 's', 't', 'n', 'g']
2018-12-15 23:34:54,297:INFO:The 'T' was the 1st character
2018-12-15 23:34:54,297:INFO:The 's' was the 3rd character
2018-12-15 23:34:54,297:INFO:The 't' was the 4th character
2018-12-15 23:34:54,297:INFO:The 'n' was the 6th character
2018-12-15 23:34:54,297:INFO:The 'g' was the 7th character
2018-12-15 23:34:54,297:INFO:

2018-12-15 23:34:54,297:INFO:The numbers in this password are: ['4']
2018-12-15 23:34:54,298:INFO:The '4' was the 2nd character
2018-12-15 23:34:54,298:INFO:

2018-12-15 23:34:54,298:INFO:The symbols in this password are: ['!']
2018-12-15 23:34:54,298:INFO:The '!' was the 5th character
2018-12-15 23:34:54,298:INFO:

2018-12-15 23:34:54,364:INFO:The length of 'T4st!ng' is 7
2018-12-15 23:34:54,365:INFO:As a list it looks like this ['T', '4', 's', 't', '!', 'n', 'g']
2018-12-15 23:34:54,365:INFO:The letters in this password are: ['T', 's', 't', 'n', 'g']
2018-12-15 23:34:54,365:INFO:The 'T' was the 1st character
2018-12-15 23:34:54,365:INFO:The 's' was the 3rd character
2018-12-15 23:34:54,366:INFO:The 't' was the 4th character
2018-12-15 23:34:54,366:INFO:The 'n' was the 6th character
2018-12-15 23:34:54,366:INFO:The 'g' was the 7th character
2018-12-15 23:34:54,366:INFO:

2018-12-15 23:34:54,366:INFO:The numbers in this password are: ['4']
2018-12-15 23:34:54,366:INFO:The '4' was the 2nd character
2018-12-15 23:34:54,367:INFO:

2018-12-15 23:34:54,367:INFO:The symbols in this password are: ['!']
2018-12-15 23:34:54,367:INFO:The '!' was the 5th character
2018-12-15 23:34:54,367:INFO:

2018-12-15 23:34:54,430:INFO:The length of 'T4st!ng' is 7
2018-12-15 23:34:54,430:INFO:As a list it looks like this ['T', '4', 's', 't', '!', 'n', 'g']
2018-12-15 23:34:54,431:INFO:The letters in this password are: ['T', 's', 't', 'n', 'g']
2018-12-15 23:34:54,431:INFO:The 'T' was the 1st character
2018-12-15 23:34:54,431:INFO:The 's' was the 3rd character
2018-12-15 23:34:54,431:INFO:The 't' was the 4th character
2018-12-15 23:34:54,431:INFO:The 'n' was the 6th character
2018-12-15 23:34:54,431:INFO:The 'g' was the 7th character
2018-12-15 23:34:54,431:INFO:

2018-12-15 23:34:54,432:INFO:The numbers in this password are: ['4']
2018-12-15 23:34:54,432:INFO:The '4' was the 2nd character
2018-12-15 23:34:54,432:INFO:

2018-12-15 23:34:54,432:INFO:The symbols in this password are: ['!']
2018-12-15 23:34:54,432:INFO:The '!' was the 5th character
2018-12-15 23:34:54,432:INFO:

2018-12-15 23:34:54,500:INFO:The length of 'T4st!ng' is 7
2018-12-15 23:34:54,500:INFO:As a list it looks like this ['T', '4', 's', 't', '!', 'n', 'g']
2018-12-15 23:34:54,501:INFO:The letters in this password are: ['T', 's', 't', 'n', 'g']
2018-12-15 23:34:54,501:INFO:The 'T' was the 1st character
2018-12-15 23:34:54,501:INFO:The 's' was the 3rd character
2018-12-15 23:34:54,501:INFO:The 't' was the 4th character
2018-12-15 23:34:54,502:INFO:The 'n' was the 6th character
2018-12-15 23:34:54,502:INFO:The 'g' was the 7th character
2018-12-15 23:34:54,502:INFO:

2018-12-15 23:34:54,502:INFO:The numbers in this password are: ['4']
2018-12-15 23:34:54,502:INFO:The '4' was the 2nd character
2018-12-15 23:34:54,502:INFO:

2018-12-15 23:34:54,503:INFO:The symbols in this password are: ['!']
2018-12-15 23:34:54,503:INFO:The '!' was the 5th character
2018-12-15 23:34:54,503:INFO:

2018-12-15 23:34:54,561:INFO:The length of 'T4st!ng' is 7
2018-12-15 23:34:54,562:INFO:As a list it looks like this ['T', '4', 's', 't', '!', 'n', 'g']
2018-12-15 23:34:54,562:INFO:The letters in this password are: ['T', 's', 't', 'n', 'g']
2018-12-15 23:34:54,562:INFO:The 'T' was the 1st character
2018-12-15 23:34:54,563:INFO:The 's' was the 3rd character
2018-12-15 23:34:54,563:INFO:The 't' was the 4th character
2018-12-15 23:34:54,563:INFO:The 'n' was the 6th character
2018-12-15 23:34:54,563:INFO:The 'g' was the 7th character
2018-12-15 23:34:54,563:INFO:

2018-12-15 23:34:54,563:INFO:The numbers in this password are: ['4']
2018-12-15 23:34:54,564:INFO:The '4' was the 2nd character
2018-12-15 23:34:54,564:INFO:

2018-12-15 23:34:54,564:INFO:The symbols in this password are: ['!']
2018-12-15 23:34:54,564:INFO:The '!' was the 5th character
2018-12-15 23:34:54,564:INFO:

2018-12-15 23:34:54,626:INFO:The length of 'T4st!ng' is 7
2018-12-15 23:34:54,626:INFO:As a list it looks like this ['T', '4', 's', 't', '!', 'n', 'g']
2018-12-15 23:34:54,627:INFO:The letters in this password are: ['T', 's', 't', 'n', 'g']
2018-12-15 23:34:54,627:INFO:The 'T' was the 1st character
2018-12-15 23:34:54,627:INFO:The 's' was the 3rd character
2018-12-15 23:34:54,627:INFO:The 't' was the 4th character
2018-12-15 23:34:54,627:INFO:The 'n' was the 6th character
2018-12-15 23:34:54,627:INFO:The 'g' was the 7th character
2018-12-15 23:34:54,627:INFO:

2018-12-15 23:34:54,628:INFO:The numbers in this password are: ['4']
2018-12-15 23:34:54,628:INFO:The '4' was the 2nd character
2018-12-15 23:34:54,628:INFO:

2018-12-15 23:34:54,628:INFO:The symbols in this password are: ['!']
2018-12-15 23:34:54,628:INFO:The '!' was the 5th character
2018-12-15 23:34:54,628:INFO:

2018-12-15 23:34:54,686:INFO:The length of 'T4st!ng' is 7
2018-12-15 23:34:54,686:INFO:As a list it looks like this ['T', '4', 's', 't', '!', 'n', 'g']
2018-12-15 23:34:54,687:INFO:The letters in this password are: ['T', 's', 't', 'n', 'g']
2018-12-15 23:34:54,687:INFO:The 'T' was the 1st character
2018-12-15 23:34:54,687:INFO:The 's' was the 3rd character
2018-12-15 23:34:54,687:INFO:The 't' was the 4th character
2018-12-15 23:34:54,687:INFO:The 'n' was the 6th character
2018-12-15 23:34:54,687:INFO:The 'g' was the 7th character
2018-12-15 23:34:54,687:INFO:

2018-12-15 23:34:54,687:INFO:The numbers in this password are: ['4']
2018-12-15 23:34:54,687:INFO:The '4' was the 2nd character
2018-12-15 23:34:54,688:INFO:

2018-12-15 23:34:54,688:INFO:The symbols in this password are: ['!']
2018-12-15 23:34:54,688:INFO:The '!' was the 5th character
2018-12-15 23:34:54,688:INFO:

2018-12-15 23:34:54,746:INFO:The length of 'T4st!ng' is 7
2018-12-15 23:34:54,747:INFO:As a list it looks like this ['T', '4', 's', 't', '!', 'n', 'g']
2018-12-15 23:34:54,747:INFO:The letters in this password are: ['T', 's', 't', 'n', 'g']
2018-12-15 23:34:54,747:INFO:The 'T' was the 1st character
2018-12-15 23:34:54,747:INFO:The 's' was the 3rd character
2018-12-15 23:34:54,747:INFO:The 't' was the 4th character
2018-12-15 23:34:54,748:INFO:The 'n' was the 6th character
2018-12-15 23:34:54,748:INFO:The 'g' was the 7th character
2018-12-15 23:34:54,748:INFO:

2018-12-15 23:34:54,748:INFO:The numbers in this password are: ['4']
2018-12-15 23:34:54,748:INFO:The '4' was the 2nd character
2018-12-15 23:34:54,748:INFO:

2018-12-15 23:34:54,748:INFO:The symbols in this password are: ['!']
2018-12-15 23:34:54,749:INFO:The '!' was the 5th character
2018-12-15 23:34:54,749:INFO:

2018-12-15 23:34:54,806:INFO:The length of 'T4st!ng' is 7
2018-12-15 23:34:54,807:INFO:As a list it looks like this ['T', '4', 's', 't', '!', 'n', 'g']
2018-12-15 23:34:54,807:INFO:The letters in this password are: ['T', 's', 't', 'n', 'g']
2018-12-15 23:34:54,808:INFO:The 'T' was the 1st character
2018-12-15 23:34:54,808:INFO:The 's' was the 3rd character
2018-12-15 23:34:54,808:INFO:The 't' was the 4th character
2018-12-15 23:34:54,808:INFO:The 'n' was the 6th character
2018-12-15 23:34:54,808:INFO:The 'g' was the 7th character
2018-12-15 23:34:54,808:INFO:

2018-12-15 23:34:54,808:INFO:The numbers in this password are: ['4']
2018-12-15 23:34:54,809:INFO:The '4' was the 2nd character
2018-12-15 23:34:54,809:INFO:

2018-12-15 23:34:54,809:INFO:The symbols in this password are: ['!']
2018-12-15 23:34:54,809:INFO:The '!' was the 5th character
2018-12-15 23:34:54,809:INFO:

2018-12-15 23:34:54,870:INFO:The length of 'T4st!ng' is 7
2018-12-15 23:34:54,870:INFO:As a list it looks like this ['T', '4', 's', 't', '!', 'n', 'g']
2018-12-15 23:34:54,871:INFO:The letters in this password are: ['T', 's', 't', 'n', 'g']
2018-12-15 23:34:54,871:INFO:The 'T' was the 1st character
2018-12-15 23:34:54,871:INFO:The 's' was the 3rd character
2018-12-15 23:34:54,871:INFO:The 't' was the 4th character
2018-12-15 23:34:54,871:INFO:The 'n' was the 6th character
2018-12-15 23:34:54,871:INFO:The 'g' was the 7th character
2018-12-15 23:34:54,871:INFO:

2018-12-15 23:34:54,872:INFO:The numbers in this password are: ['4']
2018-12-15 23:34:54,872:INFO:The '4' was the 2nd character
2018-12-15 23:34:54,872:INFO:

2018-12-15 23:34:54,872:INFO:The symbols in this password are: ['!']
2018-12-15 23:34:54,872:INFO:The '!' was the 5th character
2018-12-15 23:34:54,872:INFO:

2018-12-15 23:34:54,927:INFO:The length of 'T4st!ng' is 7
2018-12-15 23:34:54,928:INFO:As a list it looks like this ['T', '4', 's', 't', '!', 'n', 'g']
2018-12-15 23:34:54,928:INFO:The letters in this password are: ['T', 's', 't', 'n', 'g']
2018-12-15 23:34:54,928:INFO:The 'T' was the 1st character
2018-12-15 23:34:54,929:INFO:The 's' was the 3rd character
2018-12-15 23:34:54,929:INFO:The 't' was the 4th character
2018-12-15 23:34:54,929:INFO:The 'n' was the 6th character
2018-12-15 23:34:54,929:INFO:The 'g' was the 7th character
2018-12-15 23:34:54,929:INFO:

2018-12-15 23:34:54,929:INFO:The numbers in this password are: ['4']
2018-12-15 23:34:54,929:INFO:The '4' was the 2nd character
2018-12-15 23:34:54,930:INFO:

2018-12-15 23:34:54,930:INFO:The symbols in this password are: ['!']
2018-12-15 23:34:54,930:INFO:The '!' was the 5th character
2018-12-15 23:34:54,930:INFO:

2018-12-15 23:34:54,989:INFO:The length of 'T4st!ng' is 7
2018-12-15 23:34:54,990:INFO:As a list it looks like this ['T', '4', 's', 't', '!', 'n', 'g']
2018-12-15 23:34:54,990:INFO:The letters in this password are: ['T', 's', 't', 'n', 'g']
2018-12-15 23:34:54,990:INFO:The 'T' was the 1st character
2018-12-15 23:34:54,990:INFO:The 's' was the 3rd character
2018-12-15 23:34:54,990:INFO:The 't' was the 4th character
2018-12-15 23:34:54,990:INFO:The 'n' was the 6th character
2018-12-15 23:34:54,990:INFO:The 'g' was the 7th character
2018-12-15 23:34:54,991:INFO:

2018-12-15 23:34:54,991:INFO:The numbers in this password are: ['4']
2018-12-15 23:34:54,991:INFO:The '4' was the 2nd character
2018-12-15 23:34:54,991:INFO:

2018-12-15 23:34:54,991:INFO:The symbols in this password are: ['!']
2018-12-15 23:34:54,991:INFO:The '!' was the 5th character
2018-12-15 23:34:54,991:INFO:

2018-12-15 23:34:55,060:INFO:The length of 'T4st!ng' is 7
2018-12-15 23:34:55,060:INFO:As a list it looks like this ['T', '4', 's', 't', '!', 'n', 'g']
2018-12-15 23:34:55,060:INFO:The letters in this password are: ['T', 's', 't', 'n', 'g']
2018-12-15 23:34:55,060:INFO:The 'T' was the 1st character
2018-12-15 23:34:55,060:INFO:The 's' was the 3rd character
2018-12-15 23:34:55,061:INFO:The 't' was the 4th character
2018-12-15 23:34:55,061:INFO:The 'n' was the 6th character
2018-12-15 23:34:55,061:INFO:The 'g' was the 7th character
2018-12-15 23:34:55,061:INFO:

2018-12-15 23:34:55,061:INFO:The numbers in this password are: ['4']
2018-12-15 23:34:55,061:INFO:The '4' was the 2nd character
2018-12-15 23:34:55,061:INFO:

2018-12-15 23:34:55,062:INFO:The symbols in this password are: ['!']
2018-12-15 23:34:55,062:INFO:The '!' was the 5th character
2018-12-15 23:34:55,062:INFO:

2018-12-15 23:34:55,121:INFO:The length of 'T4st!ng' is 7
2018-12-15 23:34:55,122:INFO:As a list it looks like this ['T', '4', 's', 't', '!', 'n', 'g']
2018-12-15 23:34:55,122:INFO:The letters in this password are: ['T', 's', 't', 'n', 'g']
2018-12-15 23:34:55,122:INFO:The 'T' was the 1st character
2018-12-15 23:34:55,123:INFO:The 's' was the 3rd character
2018-12-15 23:34:55,123:INFO:The 't' was the 4th character
2018-12-15 23:34:55,123:INFO:The 'n' was the 6th character
2018-12-15 23:34:55,123:INFO:The 'g' was the 7th character
2018-12-15 23:34:55,124:INFO:

2018-12-15 23:34:55,124:INFO:The numbers in this password are: ['4']
2018-12-15 23:34:55,124:INFO:The '4' was the 2nd character
2018-12-15 23:34:55,124:INFO:

2018-12-15 23:34:55,124:INFO:The symbols in this password are: ['!']
2018-12-15 23:34:55,125:INFO:The '!' was the 5th character
2018-12-15 23:34:55,125:INFO:

2018-12-15 23:34:55,185:INFO:The length of 'T4st!ng' is 7
2018-12-15 23:34:55,185:INFO:As a list it looks like this ['T', '4', 's', 't', '!', 'n', 'g']
2018-12-15 23:34:55,185:INFO:The letters in this password are: ['T', 's', 't', 'n', 'g']
2018-12-15 23:34:55,186:INFO:The 'T' was the 1st character
2018-12-15 23:34:55,186:INFO:The 's' was the 3rd character
2018-12-15 23:34:55,186:INFO:The 't' was the 4th character
2018-12-15 23:34:55,186:INFO:The 'n' was the 6th character
2018-12-15 23:34:55,186:INFO:The 'g' was the 7th character
2018-12-15 23:34:55,186:INFO:

2018-12-15 23:34:55,186:INFO:The numbers in this password are: ['4']
2018-12-15 23:34:55,187:INFO:The '4' was the 2nd character
2018-12-15 23:34:55,187:INFO:

2018-12-15 23:34:55,187:INFO:The symbols in this password are: ['!']
2018-12-15 23:34:55,187:INFO:The '!' was the 5th character
2018-12-15 23:34:55,187:INFO:

2018-12-15 23:34:55,242:INFO:The length of 'T4st!ng' is 7
2018-12-15 23:34:55,242:INFO:As a list it looks like this ['T', '4', 's', 't', '!', 'n', 'g']
2018-12-15 23:34:55,243:INFO:The letters in this password are: ['T', 's', 't', 'n', 'g']
2018-12-15 23:34:55,243:INFO:The 'T' was the 1st character
2018-12-15 23:34:55,243:INFO:The 's' was the 3rd character
2018-12-15 23:34:55,243:INFO:The 't' was the 4th character
2018-12-15 23:34:55,243:INFO:The 'n' was the 6th character
2018-12-15 23:34:55,243:INFO:The 'g' was the 7th character
2018-12-15 23:34:55,243:INFO:

2018-12-15 23:34:55,243:INFO:The numbers in this password are: ['4']
2018-12-15 23:34:55,244:INFO:The '4' was the 2nd character
2018-12-15 23:34:55,244:INFO:

2018-12-15 23:34:55,244:INFO:The symbols in this password are: ['!']
2018-12-15 23:34:55,244:INFO:The '!' was the 5th character
2018-12-15 23:34:55,244:INFO:

2018-12-15 23:34:55,306:INFO:The length of 'T4st!ng' is 7
2018-12-15 23:34:55,306:INFO:As a list it looks like this ['T', '4', 's', 't', '!', 'n', 'g']
2018-12-15 23:34:55,307:INFO:The letters in this password are: ['T', 's', 't', 'n', 'g']
2018-12-15 23:34:55,307:INFO:The 'T' was the 1st character
2018-12-15 23:34:55,307:INFO:The 's' was the 3rd character
2018-12-15 23:34:55,307:INFO:The 't' was the 4th character
2018-12-15 23:34:55,307:INFO:The 'n' was the 6th character
2018-12-15 23:34:55,307:INFO:The 'g' was the 7th character
2018-12-15 23:34:55,307:INFO:

2018-12-15 23:34:55,308:INFO:The numbers in this password are: ['4']
2018-12-15 23:34:55,308:INFO:The '4' was the 2nd character
2018-12-15 23:34:55,308:INFO:

2018-12-15 23:34:55,308:INFO:The symbols in this password are: ['!']
2018-12-15 23:34:55,308:INFO:The '!' was the 5th character
2018-12-15 23:34:55,308:INFO:

2018-12-15 23:34:55,366:INFO:The length of 'T4st!ng' is 7
2018-12-15 23:34:55,367:INFO:As a list it looks like this ['T', '4', 's', 't', '!', 'n', 'g']
2018-12-15 23:34:55,367:INFO:The letters in this password are: ['T', 's', 't', 'n', 'g']
2018-12-15 23:34:55,367:INFO:The 'T' was the 1st character
2018-12-15 23:34:55,367:INFO:The 's' was the 3rd character
2018-12-15 23:34:55,368:INFO:The 't' was the 4th character
2018-12-15 23:34:55,368:INFO:The 'n' was the 6th character
2018-12-15 23:34:55,368:INFO:The 'g' was the 7th character
2018-12-15 23:34:55,368:INFO:

2018-12-15 23:34:55,368:INFO:The numbers in this password are: ['4']
2018-12-15 23:34:55,368:INFO:The '4' was the 2nd character
2018-12-15 23:34:55,368:INFO:

2018-12-15 23:34:55,369:INFO:The symbols in this password are: ['!']
2018-12-15 23:34:55,369:INFO:The '!' was the 5th character
2018-12-15 23:34:55,369:INFO:

2018-12-15 23:34:55,428:INFO:The length of 'T4st!ng' is 7
2018-12-15 23:34:55,428:INFO:As a list it looks like this ['T', '4', 's', 't', '!', 'n', 'g']
2018-12-15 23:34:55,429:INFO:The letters in this password are: ['T', 's', 't', 'n', 'g']
2018-12-15 23:34:55,429:INFO:The 'T' was the 1st character
2018-12-15 23:34:55,429:INFO:The 's' was the 3rd character
2018-12-15 23:34:55,429:INFO:The 't' was the 4th character
2018-12-15 23:34:55,429:INFO:The 'n' was the 6th character
2018-12-15 23:34:55,429:INFO:The 'g' was the 7th character
2018-12-15 23:34:55,429:INFO:

2018-12-15 23:34:55,430:INFO:The numbers in this password are: ['4']
2018-12-15 23:34:55,430:INFO:The '4' was the 2nd character
2018-12-15 23:34:55,430:INFO:

2018-12-15 23:34:55,430:INFO:The symbols in this password are: ['!']
2018-12-15 23:34:55,430:INFO:The '!' was the 5th character
2018-12-15 23:34:55,430:INFO:

2018-12-15 23:34:55,491:INFO:The length of 'T4st!ng' is 7
2018-12-15 23:34:55,492:INFO:As a list it looks like this ['T', '4', 's', 't', '!', 'n', 'g']
2018-12-15 23:34:55,492:INFO:The letters in this password are: ['T', 's', 't', 'n', 'g']
2018-12-15 23:34:55,492:INFO:The 'T' was the 1st character
2018-12-15 23:34:55,492:INFO:The 's' was the 3rd character
2018-12-15 23:34:55,492:INFO:The 't' was the 4th character
2018-12-15 23:34:55,492:INFO:The 'n' was the 6th character
2018-12-15 23:34:55,492:INFO:The 'g' was the 7th character
2018-12-15 23:34:55,492:INFO:

2018-12-15 23:34:55,493:INFO:The numbers in this password are: ['4']
2018-12-15 23:34:55,493:INFO:The '4' was the 2nd character
2018-12-15 23:34:55,493:INFO:

2018-12-15 23:34:55,493:INFO:The symbols in this password are: ['!']
2018-12-15 23:34:55,493:INFO:The '!' was the 5th character
2018-12-15 23:34:55,493:INFO:

2018-12-15 23:34:55,552:INFO:The length of 'T4st!ng' is 7
2018-12-15 23:34:55,553:INFO:As a list it looks like this ['T', '4', 's', 't', '!', 'n', 'g']
2018-12-15 23:34:55,553:INFO:The letters in this password are: ['T', 's', 't', 'n', 'g']
2018-12-15 23:34:55,553:INFO:The 'T' was the 1st character
2018-12-15 23:34:55,554:INFO:The 's' was the 3rd character
2018-12-15 23:34:55,554:INFO:The 't' was the 4th character
2018-12-15 23:34:55,554:INFO:The 'n' was the 6th character
2018-12-15 23:34:55,554:INFO:The 'g' was the 7th character
2018-12-15 23:34:55,554:INFO:

2018-12-15 23:34:55,554:INFO:The numbers in this password are: ['4']
2018-12-15 23:34:55,555:INFO:The '4' was the 2nd character
2018-12-15 23:34:55,555:INFO:

2018-12-15 23:34:55,555:INFO:The symbols in this password are: ['!']
2018-12-15 23:34:55,555:INFO:The '!' was the 5th character
2018-12-15 23:34:55,555:INFO:

2018-12-15 23:34:55,614:INFO:The length of 'T4st!ng' is 7
2018-12-15 23:34:55,614:INFO:As a list it looks like this ['T', '4', 's', 't', '!', 'n', 'g']
2018-12-15 23:34:55,614:INFO:The letters in this password are: ['T', 's', 't', 'n', 'g']
2018-12-15 23:34:55,615:INFO:The 'T' was the 1st character
2018-12-15 23:34:55,615:INFO:The 's' was the 3rd character
2018-12-15 23:34:55,615:INFO:The 't' was the 4th character
2018-12-15 23:34:55,615:INFO:The 'n' was the 6th character
2018-12-15 23:34:55,615:INFO:The 'g' was the 7th character
2018-12-15 23:34:55,615:INFO:

2018-12-15 23:34:55,616:INFO:The numbers in this password are: ['4']
2018-12-15 23:34:55,616:INFO:The '4' was the 2nd character
2018-12-15 23:34:55,616:INFO:

2018-12-15 23:34:55,616:INFO:The symbols in this password are: ['!']
2018-12-15 23:34:55,616:INFO:The '!' was the 5th character
2018-12-15 23:34:55,616:INFO:

2018-12-15 23:34:55,676:INFO:The length of 'T4st!ng' is 7
2018-12-15 23:34:55,676:INFO:As a list it looks like this ['T', '4', 's', 't', '!', 'n', 'g']
2018-12-15 23:34:55,676:INFO:The letters in this password are: ['T', 's', 't', 'n', 'g']
2018-12-15 23:34:55,677:INFO:The 'T' was the 1st character
2018-12-15 23:34:55,677:INFO:The 's' was the 3rd character
2018-12-15 23:34:55,677:INFO:The 't' was the 4th character
2018-12-15 23:34:55,677:INFO:The 'n' was the 6th character
2018-12-15 23:34:55,677:INFO:The 'g' was the 7th character
2018-12-15 23:34:55,678:INFO:

2018-12-15 23:34:55,678:INFO:The numbers in this password are: ['4']
2018-12-15 23:34:55,678:INFO:The '4' was the 2nd character
2018-12-15 23:34:55,678:INFO:

2018-12-15 23:34:55,678:INFO:The symbols in this password are: ['!']
2018-12-15 23:34:55,678:INFO:The '!' was the 5th character
2018-12-15 23:34:55,678:INFO:

2018-12-15 23:34:55,743:INFO:The length of 'T4st!ng' is 7
2018-12-15 23:34:55,743:INFO:As a list it looks like this ['T', '4', 's', 't', '!', 'n', 'g']
2018-12-15 23:34:55,743:INFO:The letters in this password are: ['T', 's', 't', 'n', 'g']
2018-12-15 23:34:55,743:INFO:The 'T' was the 1st character
2018-12-15 23:34:55,744:INFO:The 's' was the 3rd character
2018-12-15 23:34:55,744:INFO:The 't' was the 4th character
2018-12-15 23:34:55,744:INFO:The 'n' was the 6th character
2018-12-15 23:34:55,744:INFO:The 'g' was the 7th character
2018-12-15 23:34:55,744:INFO:

2018-12-15 23:34:55,744:INFO:The numbers in this password are: ['4']
2018-12-15 23:34:55,744:INFO:The '4' was the 2nd character
2018-12-15 23:34:55,744:INFO:

2018-12-15 23:34:55,745:INFO:The symbols in this password are: ['!']
2018-12-15 23:34:55,745:INFO:The '!' was the 5th character
2018-12-15 23:34:55,745:INFO:

2018-12-15 23:34:55,805:INFO:The length of 'T4st!ng' is 7
2018-12-15 23:34:55,805:INFO:As a list it looks like this ['T', '4', 's', 't', '!', 'n', 'g']
2018-12-15 23:34:55,805:INFO:The letters in this password are: ['T', 's', 't', 'n', 'g']
2018-12-15 23:34:55,806:INFO:The 'T' was the 1st character
2018-12-15 23:34:55,806:INFO:The 's' was the 3rd character
2018-12-15 23:34:55,806:INFO:The 't' was the 4th character
2018-12-15 23:34:55,806:INFO:The 'n' was the 6th character
2018-12-15 23:34:55,806:INFO:The 'g' was the 7th character
2018-12-15 23:34:55,806:INFO:

2018-12-15 23:34:55,806:INFO:The numbers in this password are: ['4']
2018-12-15 23:34:55,806:INFO:The '4' was the 2nd character
2018-12-15 23:34:55,807:INFO:

2018-12-15 23:34:55,807:INFO:The symbols in this password are: ['!']
2018-12-15 23:34:55,807:INFO:The '!' was the 5th character
2018-12-15 23:34:55,807:INFO:

2018-12-15 23:34:55,863:INFO:The length of 'T4st!ng' is 7
2018-12-15 23:34:55,863:INFO:As a list it looks like this ['T', '4', 's', 't', '!', 'n', 'g']
2018-12-15 23:34:55,864:INFO:The letters in this password are: ['T', 's', 't', 'n', 'g']
2018-12-15 23:34:55,864:INFO:The 'T' was the 1st character
2018-12-15 23:34:55,864:INFO:The 's' was the 3rd character
2018-12-15 23:34:55,864:INFO:The 't' was the 4th character
2018-12-15 23:34:55,864:INFO:The 'n' was the 6th character
2018-12-15 23:34:55,864:INFO:The 'g' was the 7th character
2018-12-15 23:34:55,865:INFO:

2018-12-15 23:34:55,865:INFO:The numbers in this password are: ['4']
2018-12-15 23:34:55,865:INFO:The '4' was the 2nd character
2018-12-15 23:34:55,865:INFO:

2018-12-15 23:34:55,865:INFO:The symbols in this password are: ['!']
2018-12-15 23:34:55,865:INFO:The '!' was the 5th character
2018-12-15 23:34:55,865:INFO:

2018-12-15 23:34:55,928:INFO:The length of 'T4st!ng' is 7
2018-12-15 23:34:55,929:INFO:As a list it looks like this ['T', '4', 's', 't', '!', 'n', 'g']
2018-12-15 23:34:55,929:INFO:The letters in this password are: ['T', 's', 't', 'n', 'g']
2018-12-15 23:34:55,930:INFO:The 'T' was the 1st character
2018-12-15 23:34:55,930:INFO:The 's' was the 3rd character
2018-12-15 23:34:55,930:INFO:The 't' was the 4th character
2018-12-15 23:34:55,930:INFO:The 'n' was the 6th character
2018-12-15 23:34:55,930:INFO:The 'g' was the 7th character
2018-12-15 23:34:55,930:INFO:

2018-12-15 23:34:55,930:INFO:The numbers in this password are: ['4']
2018-12-15 23:34:55,931:INFO:The '4' was the 2nd character
2018-12-15 23:34:55,931:INFO:

2018-12-15 23:34:55,931:INFO:The symbols in this password are: ['!']
2018-12-15 23:34:55,931:INFO:The '!' was the 5th character
2018-12-15 23:34:55,931:INFO:

2018-12-15 23:34:55,995:INFO:The length of 'T4st!ng' is 7
2018-12-15 23:34:55,995:INFO:As a list it looks like this ['T', '4', 's', 't', '!', 'n', 'g']
2018-12-15 23:34:55,995:INFO:The letters in this password are: ['T', 's', 't', 'n', 'g']
2018-12-15 23:34:55,995:INFO:The 'T' was the 1st character
2018-12-15 23:34:55,995:INFO:The 's' was the 3rd character
2018-12-15 23:34:55,996:INFO:The 't' was the 4th character
2018-12-15 23:34:55,996:INFO:The 'n' was the 6th character
2018-12-15 23:34:55,996:INFO:The 'g' was the 7th character
2018-12-15 23:34:55,996:INFO:

2018-12-15 23:34:55,996:INFO:The numbers in this password are: ['4']
2018-12-15 23:34:55,996:INFO:The '4' was the 2nd character
2018-12-15 23:34:55,997:INFO:

2018-12-15 23:34:55,997:INFO:The symbols in this password are: ['!']
2018-12-15 23:34:55,997:INFO:The '!' was the 5th character
2018-12-15 23:34:55,997:INFO:

2018-12-15 23:34:56,055:INFO:The length of 'T4st!ng' is 7
2018-12-15 23:34:56,055:INFO:As a list it looks like this ['T', '4', 's', 't', '!', 'n', 'g']
2018-12-15 23:34:56,055:INFO:The letters in this password are: ['T', 's', 't', 'n', 'g']
2018-12-15 23:34:56,055:INFO:The 'T' was the 1st character
2018-12-15 23:34:56,056:INFO:The 's' was the 3rd character
2018-12-15 23:34:56,056:INFO:The 't' was the 4th character
2018-12-15 23:34:56,056:INFO:The 'n' was the 6th character
2018-12-15 23:34:56,056:INFO:The 'g' was the 7th character
2018-12-15 23:34:56,057:INFO:

2018-12-15 23:34:56,057:INFO:The numbers in this password are: ['4']
2018-12-15 23:34:56,057:INFO:The '4' was the 2nd character
2018-12-15 23:34:56,057:INFO:

2018-12-15 23:34:56,057:INFO:The symbols in this password are: ['!']
2018-12-15 23:34:56,057:INFO:The '!' was the 5th character
2018-12-15 23:34:56,058:INFO:

2018-12-15 23:34:56,120:INFO:The length of 'T4st!ng' is 7
2018-12-15 23:34:56,121:INFO:As a list it looks like this ['T', '4', 's', 't', '!', 'n', 'g']
2018-12-15 23:34:56,121:INFO:The letters in this password are: ['T', 's', 't', 'n', 'g']
2018-12-15 23:34:56,121:INFO:The 'T' was the 1st character
2018-12-15 23:34:56,121:INFO:The 's' was the 3rd character
2018-12-15 23:34:56,121:INFO:The 't' was the 4th character
2018-12-15 23:34:56,122:INFO:The 'n' was the 6th character
2018-12-15 23:34:56,122:INFO:The 'g' was the 7th character
2018-12-15 23:34:56,122:INFO:

2018-12-15 23:34:56,122:INFO:The numbers in this password are: ['4']
2018-12-15 23:34:56,122:INFO:The '4' was the 2nd character
2018-12-15 23:34:56,122:INFO:

2018-12-15 23:34:56,122:INFO:The symbols in this password are: ['!']
2018-12-15 23:34:56,123:INFO:The '!' was the 5th character
2018-12-15 23:34:56,123:INFO:

2018-12-15 23:34:56,180:INFO:The length of 'T4st!ng' is 7
2018-12-15 23:34:56,181:INFO:As a list it looks like this ['T', '4', 's', 't', '!', 'n', 'g']
2018-12-15 23:34:56,181:INFO:The letters in this password are: ['T', 's', 't', 'n', 'g']
2018-12-15 23:34:56,181:INFO:The 'T' was the 1st character
2018-12-15 23:34:56,181:INFO:The 's' was the 3rd character
2018-12-15 23:34:56,181:INFO:The 't' was the 4th character
2018-12-15 23:34:56,182:INFO:The 'n' was the 6th character
2018-12-15 23:34:56,182:INFO:The 'g' was the 7th character
2018-12-15 23:34:56,182:INFO:

2018-12-15 23:34:56,182:INFO:The numbers in this password are: ['4']
2018-12-15 23:34:56,182:INFO:The '4' was the 2nd character
2018-12-15 23:34:56,182:INFO:

2018-12-15 23:34:56,182:INFO:The symbols in this password are: ['!']
2018-12-15 23:34:56,182:INFO:The '!' was the 5th character
2018-12-15 23:34:56,183:INFO:

2018-12-15 23:34:56,238:INFO:The length of 'T4st!ng' is 7
2018-12-15 23:34:56,238:INFO:As a list it looks like this ['T', '4', 's', 't', '!', 'n', 'g']
2018-12-15 23:34:56,238:INFO:The letters in this password are: ['T', 's', 't', 'n', 'g']
2018-12-15 23:34:56,239:INFO:The 'T' was the 1st character
2018-12-15 23:34:56,239:INFO:The 's' was the 3rd character
2018-12-15 23:34:56,239:INFO:The 't' was the 4th character
2018-12-15 23:34:56,239:INFO:The 'n' was the 6th character
2018-12-15 23:34:56,239:INFO:The 'g' was the 7th character
2018-12-15 23:34:56,240:INFO:

2018-12-15 23:34:56,240:INFO:The numbers in this password are: ['4']
2018-12-15 23:34:56,240:INFO:The '4' was the 2nd character
2018-12-15 23:34:56,240:INFO:

2018-12-15 23:34:56,240:INFO:The symbols in this password are: ['!']
2018-12-15 23:34:56,241:INFO:The '!' was the 5th character
2018-12-15 23:34:56,241:INFO:

2018-12-15 23:34:56,299:INFO:The length of 'T4st!ng' is 7
2018-12-15 23:34:56,299:INFO:As a list it looks like this ['T', '4', 's', 't', '!', 'n', 'g']
2018-12-15 23:34:56,300:INFO:The letters in this password are: ['T', 's', 't', 'n', 'g']
2018-12-15 23:34:56,300:INFO:The 'T' was the 1st character
2018-12-15 23:34:56,300:INFO:The 's' was the 3rd character
2018-12-15 23:34:56,300:INFO:The 't' was the 4th character
2018-12-15 23:34:56,300:INFO:The 'n' was the 6th character
2018-12-15 23:34:56,300:INFO:The 'g' was the 7th character
2018-12-15 23:34:56,301:INFO:

2018-12-15 23:34:56,301:INFO:The numbers in this password are: ['4']
2018-12-15 23:34:56,301:INFO:The '4' was the 2nd character
2018-12-15 23:34:56,301:INFO:

2018-12-15 23:34:56,301:INFO:The symbols in this password are: ['!']
2018-12-15 23:34:56,301:INFO:The '!' was the 5th character
2018-12-15 23:34:56,302:INFO:

2018-12-15 23:34:56,364:INFO:The length of 'T4st!ng' is 7
2018-12-15 23:34:56,364:INFO:As a list it looks like this ['T', '4', 's', 't', '!', 'n', 'g']
2018-12-15 23:34:56,364:INFO:The letters in this password are: ['T', 's', 't', 'n', 'g']
2018-12-15 23:34:56,364:INFO:The 'T' was the 1st character
2018-12-15 23:34:56,365:INFO:The 's' was the 3rd character
2018-12-15 23:34:56,365:INFO:The 't' was the 4th character
2018-12-15 23:34:56,365:INFO:The 'n' was the 6th character
2018-12-15 23:34:56,365:INFO:The 'g' was the 7th character
2018-12-15 23:34:56,365:INFO:

2018-12-15 23:34:56,366:INFO:The numbers in this password are: ['4']
2018-12-15 23:34:56,366:INFO:The '4' was the 2nd character
2018-12-15 23:34:56,366:INFO:

2018-12-15 23:34:56,366:INFO:The symbols in this password are: ['!']
2018-12-15 23:34:56,366:INFO:The '!' was the 5th character
2018-12-15 23:34:56,366:INFO:

2018-12-15 23:34:56,430:INFO:The length of 'T4st!ng' is 7
2018-12-15 23:34:56,431:INFO:As a list it looks like this ['T', '4', 's', 't', '!', 'n', 'g']
2018-12-15 23:34:56,431:INFO:The letters in this password are: ['T', 's', 't', 'n', 'g']
2018-12-15 23:34:56,432:INFO:The 'T' was the 1st character
2018-12-15 23:34:56,432:INFO:The 's' was the 3rd character
2018-12-15 23:34:56,432:INFO:The 't' was the 4th character
2018-12-15 23:34:56,432:INFO:The 'n' was the 6th character
2018-12-15 23:34:56,432:INFO:The 'g' was the 7th character
2018-12-15 23:34:56,433:INFO:

2018-12-15 23:34:56,433:INFO:The numbers in this password are: ['4']
2018-12-15 23:34:56,433:INFO:The '4' was the 2nd character
2018-12-15 23:34:56,433:INFO:

2018-12-15 23:34:56,433:INFO:The symbols in this password are: ['!']
2018-12-15 23:34:56,433:INFO:The '!' was the 5th character
2018-12-15 23:34:56,433:INFO:

2018-12-15 23:34:56,498:INFO:The length of 'T4st!ng' is 7
2018-12-15 23:34:56,498:INFO:As a list it looks like this ['T', '4', 's', 't', '!', 'n', 'g']
2018-12-15 23:34:56,499:INFO:The letters in this password are: ['T', 's', 't', 'n', 'g']
2018-12-15 23:34:56,499:INFO:The 'T' was the 1st character
2018-12-15 23:34:56,499:INFO:The 's' was the 3rd character
2018-12-15 23:34:56,499:INFO:The 't' was the 4th character
2018-12-15 23:34:56,500:INFO:The 'n' was the 6th character
2018-12-15 23:34:56,500:INFO:The 'g' was the 7th character
2018-12-15 23:34:56,500:INFO:

2018-12-15 23:34:56,500:INFO:The numbers in this password are: ['4']
2018-12-15 23:34:56,500:INFO:The '4' was the 2nd character
2018-12-15 23:34:56,500:INFO:

2018-12-15 23:34:56,501:INFO:The symbols in this password are: ['!']
2018-12-15 23:34:56,501:INFO:The '!' was the 5th character
2018-12-15 23:34:56,501:INFO:

2018-12-15 23:34:56,582:INFO:The length of 'T4st!ng' is 7
2018-12-15 23:34:56,583:INFO:As a list it looks like this ['T', '4', 's', 't', '!', 'n', 'g']
2018-12-15 23:34:56,583:INFO:The letters in this password are: ['T', 's', 't', 'n', 'g']
2018-12-15 23:34:56,583:INFO:The 'T' was the 1st character
2018-12-15 23:34:56,583:INFO:The 's' was the 3rd character
2018-12-15 23:34:56,584:INFO:The 't' was the 4th character
2018-12-15 23:34:56,584:INFO:The 'n' was the 6th character
2018-12-15 23:34:56,584:INFO:The 'g' was the 7th character
2018-12-15 23:34:56,584:INFO:

2018-12-15 23:34:56,584:INFO:The numbers in this password are: ['4']
2018-12-15 23:34:56,584:INFO:The '4' was the 2nd character
2018-12-15 23:34:56,585:INFO:

2018-12-15 23:34:56,585:INFO:The symbols in this password are: ['!']
2018-12-15 23:34:56,585:INFO:The '!' was the 5th character
2018-12-15 23:34:56,585:INFO:

2018-12-15 23:34:56,645:INFO:The length of 'T4st!ng' is 7
2018-12-15 23:34:56,646:INFO:As a list it looks like this ['T', '4', 's', 't', '!', 'n', 'g']
2018-12-15 23:34:56,646:INFO:The letters in this password are: ['T', 's', 't', 'n', 'g']
2018-12-15 23:34:56,646:INFO:The 'T' was the 1st character
2018-12-15 23:34:56,646:INFO:The 's' was the 3rd character
2018-12-15 23:34:56,646:INFO:The 't' was the 4th character
2018-12-15 23:34:56,647:INFO:The 'n' was the 6th character
2018-12-15 23:34:56,647:INFO:The 'g' was the 7th character
2018-12-15 23:34:56,647:INFO:

2018-12-15 23:34:56,647:INFO:The numbers in this password are: ['4']
2018-12-15 23:34:56,647:INFO:The '4' was the 2nd character
2018-12-15 23:34:56,647:INFO:

2018-12-15 23:34:56,647:INFO:The symbols in this password are: ['!']
2018-12-15 23:34:56,648:INFO:The '!' was the 5th character
2018-12-15 23:34:56,648:INFO:

2018-12-15 23:34:56,707:INFO:The length of 'T4st!ng' is 7
2018-12-15 23:34:56,708:INFO:As a list it looks like this ['T', '4', 's', 't', '!', 'n', 'g']
2018-12-15 23:34:56,708:INFO:The letters in this password are: ['T', 's', 't', 'n', 'g']
2018-12-15 23:34:56,708:INFO:The 'T' was the 1st character
2018-12-15 23:34:56,708:INFO:The 's' was the 3rd character
2018-12-15 23:34:56,709:INFO:The 't' was the 4th character
2018-12-15 23:34:56,709:INFO:The 'n' was the 6th character
2018-12-15 23:34:56,709:INFO:The 'g' was the 7th character
2018-12-15 23:34:56,709:INFO:

2018-12-15 23:34:56,709:INFO:The numbers in this password are: ['4']
2018-12-15 23:34:56,709:INFO:The '4' was the 2nd character
2018-12-15 23:34:56,709:INFO:

2018-12-15 23:34:56,710:INFO:The symbols in this password are: ['!']
2018-12-15 23:34:56,710:INFO:The '!' was the 5th character
2018-12-15 23:34:56,710:INFO:

2018-12-15 23:34:56,766:INFO:The length of 'T4st!ng' is 7
2018-12-15 23:34:56,766:INFO:As a list it looks like this ['T', '4', 's', 't', '!', 'n', 'g']
2018-12-15 23:34:56,766:INFO:The letters in this password are: ['T', 's', 't', 'n', 'g']
2018-12-15 23:34:56,767:INFO:The 'T' was the 1st character
2018-12-15 23:34:56,767:INFO:The 's' was the 3rd character
2018-12-15 23:34:56,767:INFO:The 't' was the 4th character
2018-12-15 23:34:56,767:INFO:The 'n' was the 6th character
2018-12-15 23:34:56,767:INFO:The 'g' was the 7th character
2018-12-15 23:34:56,767:INFO:

2018-12-15 23:34:56,768:INFO:The numbers in this password are: ['4']
2018-12-15 23:34:56,768:INFO:The '4' was the 2nd character
2018-12-15 23:34:56,768:INFO:

2018-12-15 23:34:56,768:INFO:The symbols in this password are: ['!']
2018-12-15 23:34:56,768:INFO:The '!' was the 5th character
2018-12-15 23:34:56,768:INFO:

2018-12-15 23:34:56,827:INFO:The length of 'T4st!ng' is 7
2018-12-15 23:34:56,827:INFO:As a list it looks like this ['T', '4', 's', 't', '!', 'n', 'g']
2018-12-15 23:34:56,827:INFO:The letters in this password are: ['T', 's', 't', 'n', 'g']
2018-12-15 23:34:56,827:INFO:The 'T' was the 1st character
2018-12-15 23:34:56,828:INFO:The 's' was the 3rd character
2018-12-15 23:34:56,828:INFO:The 't' was the 4th character
2018-12-15 23:34:56,828:INFO:The 'n' was the 6th character
2018-12-15 23:34:56,828:INFO:The 'g' was the 7th character
2018-12-15 23:34:56,828:INFO:

2018-12-15 23:34:56,828:INFO:The numbers in this password are: ['4']
2018-12-15 23:34:56,828:INFO:The '4' was the 2nd character
2018-12-15 23:34:56,828:INFO:

2018-12-15 23:34:56,829:INFO:The symbols in this password are: ['!']
2018-12-15 23:34:56,829:INFO:The '!' was the 5th character
2018-12-15 23:34:56,829:INFO:

2018-12-15 23:34:56,892:INFO:The length of 'T4st!ng' is 7
2018-12-15 23:34:56,893:INFO:As a list it looks like this ['T', '4', 's', 't', '!', 'n', 'g']
2018-12-15 23:34:56,893:INFO:The letters in this password are: ['T', 's', 't', 'n', 'g']
2018-12-15 23:34:56,893:INFO:The 'T' was the 1st character
2018-12-15 23:34:56,893:INFO:The 's' was the 3rd character
2018-12-15 23:34:56,893:INFO:The 't' was the 4th character
2018-12-15 23:34:56,893:INFO:The 'n' was the 6th character
2018-12-15 23:34:56,894:INFO:The 'g' was the 7th character
2018-12-15 23:34:56,894:INFO:

2018-12-15 23:34:56,894:INFO:The numbers in this password are: ['4']
2018-12-15 23:34:56,894:INFO:The '4' was the 2nd character
2018-12-15 23:34:56,894:INFO:

2018-12-15 23:34:56,894:INFO:The symbols in this password are: ['!']
2018-12-15 23:34:56,895:INFO:The '!' was the 5th character
2018-12-15 23:34:56,895:INFO:

2018-12-15 23:34:56,951:INFO:The length of 'T4st!ng' is 7
2018-12-15 23:34:56,952:INFO:As a list it looks like this ['T', '4', 's', 't', '!', 'n', 'g']
2018-12-15 23:34:56,952:INFO:The letters in this password are: ['T', 's', 't', 'n', 'g']
2018-12-15 23:34:56,952:INFO:The 'T' was the 1st character
2018-12-15 23:34:56,952:INFO:The 's' was the 3rd character
2018-12-15 23:34:56,952:INFO:The 't' was the 4th character
2018-12-15 23:34:56,952:INFO:The 'n' was the 6th character
2018-12-15 23:34:56,953:INFO:The 'g' was the 7th character
2018-12-15 23:34:56,953:INFO:

2018-12-15 23:34:56,953:INFO:The numbers in this password are: ['4']
2018-12-15 23:34:56,953:INFO:The '4' was the 2nd character
2018-12-15 23:34:56,953:INFO:

2018-12-15 23:34:56,953:INFO:The symbols in this password are: ['!']
2018-12-15 23:34:56,953:INFO:The '!' was the 5th character
2018-12-15 23:34:56,953:INFO:

2018-12-15 23:34:57,017:INFO:The length of 'T4st!ng' is 7
2018-12-15 23:34:57,018:INFO:As a list it looks like this ['T', '4', 's', 't', '!', 'n', 'g']
2018-12-15 23:34:57,018:INFO:The letters in this password are: ['T', 's', 't', 'n', 'g']
2018-12-15 23:34:57,018:INFO:The 'T' was the 1st character
2018-12-15 23:34:57,018:INFO:The 's' was the 3rd character
2018-12-15 23:34:57,019:INFO:The 't' was the 4th character
2018-12-15 23:34:57,019:INFO:The 'n' was the 6th character
2018-12-15 23:34:57,019:INFO:The 'g' was the 7th character
2018-12-15 23:34:57,019:INFO:

2018-12-15 23:34:57,019:INFO:The numbers in this password are: ['4']
2018-12-15 23:34:57,019:INFO:The '4' was the 2nd character
2018-12-15 23:34:57,019:INFO:

2018-12-15 23:34:57,020:INFO:The symbols in this password are: ['!']
2018-12-15 23:34:57,020:INFO:The '!' was the 5th character
2018-12-15 23:34:57,020:INFO:

2018-12-15 23:35:16,928:INFO:The length of 'T4st!ng' is 7
2018-12-15 23:35:16,929:INFO:As a list it looks like this ['T', '4', 's', 't', '!', 'n', 'g']
2018-12-15 23:35:16,929:INFO:The letters in this password are: ['T', 's', 't', 'n', 'g']
2018-12-15 23:35:16,929:INFO:The 'T' was the 1st character
2018-12-15 23:35:16,929:INFO:The 's' was the 3rd character
2018-12-15 23:35:16,929:INFO:The 't' was the 4th character
2018-12-15 23:35:16,929:INFO:The 'n' was the 6th character
2018-12-15 23:35:16,930:INFO:The 'g' was the 7th character
2018-12-15 23:35:16,930:INFO:

2018-12-15 23:35:16,930:INFO:The numbers in this password are: ['4']
2018-12-15 23:35:16,930:INFO:The '4' was the 2nd character
2018-12-15 23:35:16,930:INFO:

2018-12-15 23:35:16,930:INFO:The symbols in this password are: ['!']
2018-12-15 23:35:16,930:INFO:The '!' was the 5th character
2018-12-15 23:35:16,931:INFO:

2018-12-15 23:35:16,993:INFO:The length of 'T4st!ng' is 7
2018-12-15 23:35:16,994:INFO:As a list it looks like this ['T', '4', 's', 't', '!', 'n', 'g']
2018-12-15 23:35:16,994:INFO:The letters in this password are: ['T', 's', 't', 'n', 'g']
2018-12-15 23:35:16,994:INFO:The 'T' was the 1st character
2018-12-15 23:35:16,994:INFO:The 's' was the 3rd character
2018-12-15 23:35:16,995:INFO:The 't' was the 4th character
2018-12-15 23:35:16,995:INFO:The 'n' was the 6th character
2018-12-15 23:35:16,995:INFO:The 'g' was the 7th character
2018-12-15 23:35:16,995:INFO:

2018-12-15 23:35:16,995:INFO:The numbers in this password are: ['4']
2018-12-15 23:35:16,995:INFO:The '4' was the 2nd character
2018-12-15 23:35:16,995:INFO:

2018-12-15 23:35:16,995:INFO:The symbols in this password are: ['!']
2018-12-15 23:35:16,996:INFO:The '!' was the 5th character
2018-12-15 23:35:16,996:INFO:

2018-12-15 23:35:17,058:INFO:The length of 'T4st!ng' is 7
2018-12-15 23:35:17,058:INFO:As a list it looks like this ['T', '4', 's', 't', '!', 'n', 'g']
2018-12-15 23:35:17,059:INFO:The letters in this password are: ['T', 's', 't', 'n', 'g']
2018-12-15 23:35:17,059:INFO:The 'T' was the 1st character
2018-12-15 23:35:17,059:INFO:The 's' was the 3rd character
2018-12-15 23:35:17,059:INFO:The 't' was the 4th character
2018-12-15 23:35:17,059:INFO:The 'n' was the 6th character
2018-12-15 23:35:17,059:INFO:The 'g' was the 7th character
2018-12-15 23:35:17,059:INFO:

2018-12-15 23:35:17,059:INFO:The numbers in this password are: ['4']
2018-12-15 23:35:17,060:INFO:The '4' was the 2nd character
2018-12-15 23:35:17,060:INFO:

2018-12-15 23:35:17,060:INFO:The symbols in this password are: ['!']
2018-12-15 23:35:17,060:INFO:The '!' was the 5th character
2018-12-15 23:35:17,060:INFO:

2018-12-15 23:35:17,118:INFO:The length of 'T4st!ng' is 7
2018-12-15 23:35:17,119:INFO:As a list it looks like this ['T', '4', 's', 't', '!', 'n', 'g']
2018-12-15 23:35:17,119:INFO:The letters in this password are: ['T', 's', 't', 'n', 'g']
2018-12-15 23:35:17,119:INFO:The 'T' was the 1st character
2018-12-15 23:35:17,119:INFO:The 's' was the 3rd character
2018-12-15 23:35:17,119:INFO:The 't' was the 4th character
2018-12-15 23:35:17,120:INFO:The 'n' was the 6th character
2018-12-15 23:35:17,120:INFO:The 'g' was the 7th character
2018-12-15 23:35:17,120:INFO:

2018-12-15 23:35:17,120:INFO:The numbers in this password are: ['4']
2018-12-15 23:35:17,120:INFO:The '4' was the 2nd character
2018-12-15 23:35:17,120:INFO:

2018-12-15 23:35:17,120:INFO:The symbols in this password are: ['!']
2018-12-15 23:35:17,121:INFO:The '!' was the 5th character
2018-12-15 23:35:17,121:INFO:

2018-12-15 23:35:17,178:INFO:The length of 'T4st!ng' is 7
2018-12-15 23:35:17,178:INFO:As a list it looks like this ['T', '4', 's', 't', '!', 'n', 'g']
2018-12-15 23:35:17,178:INFO:The letters in this password are: ['T', 's', 't', 'n', 'g']
2018-12-15 23:35:17,178:INFO:The 'T' was the 1st character
2018-12-15 23:35:17,179:INFO:The 's' was the 3rd character
2018-12-15 23:35:17,179:INFO:The 't' was the 4th character
2018-12-15 23:35:17,179:INFO:The 'n' was the 6th character
2018-12-15 23:35:17,179:INFO:The 'g' was the 7th character
2018-12-15 23:35:17,179:INFO:

2018-12-15 23:35:17,179:INFO:The numbers in this password are: ['4']
2018-12-15 23:35:17,179:INFO:The '4' was the 2nd character
2018-12-15 23:35:17,180:INFO:

2018-12-15 23:35:17,180:INFO:The symbols in this password are: ['!']
2018-12-15 23:35:17,180:INFO:The '!' was the 5th character
2018-12-15 23:35:17,180:INFO:

2018-12-15 23:35:17,242:INFO:The length of 'T4st!ng' is 7
2018-12-15 23:35:17,243:INFO:As a list it looks like this ['T', '4', 's', 't', '!', 'n', 'g']
2018-12-15 23:35:17,243:INFO:The letters in this password are: ['T', 's', 't', 'n', 'g']
2018-12-15 23:35:17,243:INFO:The 'T' was the 1st character
2018-12-15 23:35:17,243:INFO:The 's' was the 3rd character
2018-12-15 23:35:17,243:INFO:The 't' was the 4th character
2018-12-15 23:35:17,243:INFO:The 'n' was the 6th character
2018-12-15 23:35:17,243:INFO:The 'g' was the 7th character
2018-12-15 23:35:17,243:INFO:

2018-12-15 23:35:17,244:INFO:The numbers in this password are: ['4']
2018-12-15 23:35:17,244:INFO:The '4' was the 2nd character
2018-12-15 23:35:17,244:INFO:

2018-12-15 23:35:17,244:INFO:The symbols in this password are: ['!']
2018-12-15 23:35:17,244:INFO:The '!' was the 5th character
2018-12-15 23:35:17,244:INFO:

2018-12-15 23:35:17,301:INFO:The length of 'T4st!ng' is 7
2018-12-15 23:35:17,302:INFO:As a list it looks like this ['T', '4', 's', 't', '!', 'n', 'g']
2018-12-15 23:35:17,302:INFO:The letters in this password are: ['T', 's', 't', 'n', 'g']
2018-12-15 23:35:17,302:INFO:The 'T' was the 1st character
2018-12-15 23:35:17,302:INFO:The 's' was the 3rd character
2018-12-15 23:35:17,302:INFO:The 't' was the 4th character
2018-12-15 23:35:17,303:INFO:The 'n' was the 6th character
2018-12-15 23:35:17,303:INFO:The 'g' was the 7th character
2018-12-15 23:35:17,303:INFO:

2018-12-15 23:35:17,303:INFO:The numbers in this password are: ['4']
2018-12-15 23:35:17,303:INFO:The '4' was the 2nd character
2018-12-15 23:35:17,303:INFO:

2018-12-15 23:35:17,303:INFO:The symbols in this password are: ['!']
2018-12-15 23:35:17,304:INFO:The '!' was the 5th character
2018-12-15 23:35:17,304:INFO:

2018-12-15 23:35:17,369:INFO:The length of 'T4st!ng' is 7
2018-12-15 23:35:17,369:INFO:As a list it looks like this ['T', '4', 's', 't', '!', 'n', 'g']
2018-12-15 23:35:17,369:INFO:The letters in this password are: ['T', 's', 't', 'n', 'g']
2018-12-15 23:35:17,370:INFO:The 'T' was the 1st character
2018-12-15 23:35:17,370:INFO:The 's' was the 3rd character
2018-12-15 23:35:17,370:INFO:The 't' was the 4th character
2018-12-15 23:35:17,370:INFO:The 'n' was the 6th character
2018-12-15 23:35:17,370:INFO:The 'g' was the 7th character
2018-12-15 23:35:17,370:INFO:

2018-12-15 23:35:17,370:INFO:The numbers in this password are: ['4']
2018-12-15 23:35:17,371:INFO:The '4' was the 2nd character
2018-12-15 23:35:17,371:INFO:

2018-12-15 23:35:17,371:INFO:The symbols in this password are: ['!']
2018-12-15 23:35:17,371:INFO:The '!' was the 5th character
2018-12-15 23:35:17,371:INFO:

2018-12-15 23:35:17,435:INFO:The length of 'T4st!ng' is 7
2018-12-15 23:35:17,436:INFO:As a list it looks like this ['T', '4', 's', 't', '!', 'n', 'g']
2018-12-15 23:35:17,436:INFO:The letters in this password are: ['T', 's', 't', 'n', 'g']
2018-12-15 23:35:17,436:INFO:The 'T' was the 1st character
2018-12-15 23:35:17,436:INFO:The 's' was the 3rd character
2018-12-15 23:35:17,436:INFO:The 't' was the 4th character
2018-12-15 23:35:17,437:INFO:The 'n' was the 6th character
2018-12-15 23:35:17,437:INFO:The 'g' was the 7th character
2018-12-15 23:35:17,437:INFO:

2018-12-15 23:35:17,437:INFO:The numbers in this password are: ['4']
2018-12-15 23:35:17,438:INFO:The '4' was the 2nd character
2018-12-15 23:35:17,438:INFO:

2018-12-15 23:35:17,438:INFO:The symbols in this password are: ['!']
2018-12-15 23:35:17,438:INFO:The '!' was the 5th character
2018-12-15 23:35:17,438:INFO:

2018-12-15 23:35:17,514:INFO:The length of 'T4st!ng' is 7
2018-12-15 23:35:17,515:INFO:As a list it looks like this ['T', '4', 's', 't', '!', 'n', 'g']
2018-12-15 23:35:17,515:INFO:The letters in this password are: ['T', 's', 't', 'n', 'g']
2018-12-15 23:35:17,515:INFO:The 'T' was the 1st character
2018-12-15 23:35:17,515:INFO:The 's' was the 3rd character
2018-12-15 23:35:17,515:INFO:The 't' was the 4th character
2018-12-15 23:35:17,516:INFO:The 'n' was the 6th character
2018-12-15 23:35:17,516:INFO:The 'g' was the 7th character
2018-12-15 23:35:17,516:INFO:

2018-12-15 23:35:17,516:INFO:The numbers in this password are: ['4']
2018-12-15 23:35:17,516:INFO:The '4' was the 2nd character
2018-12-15 23:35:17,517:INFO:

2018-12-15 23:35:17,517:INFO:The symbols in this password are: ['!']
2018-12-15 23:35:17,517:INFO:The '!' was the 5th character
2018-12-15 23:35:17,517:INFO:

2018-12-15 23:35:17,586:INFO:The length of 'T4st!ng' is 7
2018-12-15 23:35:17,586:INFO:As a list it looks like this ['T', '4', 's', 't', '!', 'n', 'g']
2018-12-15 23:35:17,587:INFO:The letters in this password are: ['T', 's', 't', 'n', 'g']
2018-12-15 23:35:17,587:INFO:The 'T' was the 1st character
2018-12-15 23:35:17,587:INFO:The 's' was the 3rd character
2018-12-15 23:35:17,587:INFO:The 't' was the 4th character
2018-12-15 23:35:17,587:INFO:The 'n' was the 6th character
2018-12-15 23:35:17,588:INFO:The 'g' was the 7th character
2018-12-15 23:35:17,588:INFO:

2018-12-15 23:35:17,588:INFO:The numbers in this password are: ['4']
2018-12-15 23:35:17,588:INFO:The '4' was the 2nd character
2018-12-15 23:35:17,588:INFO:

2018-12-15 23:35:17,589:INFO:The symbols in this password are: ['!']
2018-12-15 23:35:17,589:INFO:The '!' was the 5th character
2018-12-15 23:35:17,589:INFO:

2018-12-15 23:35:17,654:INFO:The length of 'T4st!ng' is 7
2018-12-15 23:35:17,655:INFO:As a list it looks like this ['T', '4', 's', 't', '!', 'n', 'g']
2018-12-15 23:35:17,655:INFO:The letters in this password are: ['T', 's', 't', 'n', 'g']
2018-12-15 23:35:17,655:INFO:The 'T' was the 1st character
2018-12-15 23:35:17,655:INFO:The 's' was the 3rd character
2018-12-15 23:35:17,655:INFO:The 't' was the 4th character
2018-12-15 23:35:17,655:INFO:The 'n' was the 6th character
2018-12-15 23:35:17,656:INFO:The 'g' was the 7th character
2018-12-15 23:35:17,656:INFO:

2018-12-15 23:35:17,656:INFO:The numbers in this password are: ['4']
2018-12-15 23:35:17,656:INFO:The '4' was the 2nd character
2018-12-15 23:35:17,656:INFO:

2018-12-15 23:35:17,656:INFO:The symbols in this password are: ['!']
2018-12-15 23:35:17,656:INFO:The '!' was the 5th character
2018-12-15 23:35:17,657:INFO:

2018-12-15 23:35:17,716:INFO:The length of 'T4st!ng' is 7
2018-12-15 23:35:17,716:INFO:As a list it looks like this ['T', '4', 's', 't', '!', 'n', 'g']
2018-12-15 23:35:17,717:INFO:The letters in this password are: ['T', 's', 't', 'n', 'g']
2018-12-15 23:35:17,717:INFO:The 'T' was the 1st character
2018-12-15 23:35:17,717:INFO:The 's' was the 3rd character
2018-12-15 23:35:17,717:INFO:The 't' was the 4th character
2018-12-15 23:35:17,717:INFO:The 'n' was the 6th character
2018-12-15 23:35:17,717:INFO:The 'g' was the 7th character
2018-12-15 23:35:17,717:INFO:

2018-12-15 23:35:17,717:INFO:The numbers in this password are: ['4']
2018-12-15 23:35:17,718:INFO:The '4' was the 2nd character
2018-12-15 23:35:17,718:INFO:

2018-12-15 23:35:17,718:INFO:The symbols in this password are: ['!']
2018-12-15 23:35:17,718:INFO:The '!' was the 5th character
2018-12-15 23:35:17,718:INFO:

2018-12-15 23:35:17,775:INFO:The length of 'T4st!ng' is 7
2018-12-15 23:35:17,775:INFO:As a list it looks like this ['T', '4', 's', 't', '!', 'n', 'g']
2018-12-15 23:35:17,776:INFO:The letters in this password are: ['T', 's', 't', 'n', 'g']
2018-12-15 23:35:17,776:INFO:The 'T' was the 1st character
2018-12-15 23:35:17,776:INFO:The 's' was the 3rd character
2018-12-15 23:35:17,776:INFO:The 't' was the 4th character
2018-12-15 23:35:17,776:INFO:The 'n' was the 6th character
2018-12-15 23:35:17,777:INFO:The 'g' was the 7th character
2018-12-15 23:35:17,777:INFO:

2018-12-15 23:35:17,777:INFO:The numbers in this password are: ['4']
2018-12-15 23:35:17,777:INFO:The '4' was the 2nd character
2018-12-15 23:35:17,777:INFO:

2018-12-15 23:35:17,777:INFO:The symbols in this password are: ['!']
2018-12-15 23:35:17,778:INFO:The '!' was the 5th character
2018-12-15 23:35:17,778:INFO:

2018-12-15 23:35:17,838:INFO:The length of 'T4st!ng' is 7
2018-12-15 23:35:17,839:INFO:As a list it looks like this ['T', '4', 's', 't', '!', 'n', 'g']
2018-12-15 23:35:17,839:INFO:The letters in this password are: ['T', 's', 't', 'n', 'g']
2018-12-15 23:35:17,839:INFO:The 'T' was the 1st character
2018-12-15 23:35:17,839:INFO:The 's' was the 3rd character
2018-12-15 23:35:17,839:INFO:The 't' was the 4th character
2018-12-15 23:35:17,840:INFO:The 'n' was the 6th character
2018-12-15 23:35:17,840:INFO:The 'g' was the 7th character
2018-12-15 23:35:17,840:INFO:

2018-12-15 23:35:17,840:INFO:The numbers in this password are: ['4']
2018-12-15 23:35:17,840:INFO:The '4' was the 2nd character
2018-12-15 23:35:17,840:INFO:

2018-12-15 23:35:17,840:INFO:The symbols in this password are: ['!']
2018-12-15 23:35:17,841:INFO:The '!' was the 5th character
2018-12-15 23:35:17,841:INFO:

2018-12-15 23:35:17,899:INFO:The length of 'T4st!ng' is 7
2018-12-15 23:35:17,900:INFO:As a list it looks like this ['T', '4', 's', 't', '!', 'n', 'g']
2018-12-15 23:35:17,900:INFO:The letters in this password are: ['T', 's', 't', 'n', 'g']
2018-12-15 23:35:17,900:INFO:The 'T' was the 1st character
2018-12-15 23:35:17,900:INFO:The 's' was the 3rd character
2018-12-15 23:35:17,900:INFO:The 't' was the 4th character
2018-12-15 23:35:17,901:INFO:The 'n' was the 6th character
2018-12-15 23:35:17,901:INFO:The 'g' was the 7th character
2018-12-15 23:35:17,901:INFO:

2018-12-15 23:35:17,901:INFO:The numbers in this password are: ['4']
2018-12-15 23:35:17,901:INFO:The '4' was the 2nd character
2018-12-15 23:35:17,901:INFO:

2018-12-15 23:35:17,901:INFO:The symbols in this password are: ['!']
2018-12-15 23:35:17,902:INFO:The '!' was the 5th character
2018-12-15 23:35:17,902:INFO:

2018-12-15 23:35:17,966:INFO:The length of 'T4st!ng' is 7
2018-12-15 23:35:17,967:INFO:As a list it looks like this ['T', '4', 's', 't', '!', 'n', 'g']
2018-12-15 23:35:17,967:INFO:The letters in this password are: ['T', 's', 't', 'n', 'g']
2018-12-15 23:35:17,967:INFO:The 'T' was the 1st character
2018-12-15 23:35:17,967:INFO:The 's' was the 3rd character
2018-12-15 23:35:17,967:INFO:The 't' was the 4th character
2018-12-15 23:35:17,967:INFO:The 'n' was the 6th character
2018-12-15 23:35:17,967:INFO:The 'g' was the 7th character
2018-12-15 23:35:17,968:INFO:

2018-12-15 23:35:17,968:INFO:The numbers in this password are: ['4']
2018-12-15 23:35:17,968:INFO:The '4' was the 2nd character
2018-12-15 23:35:17,968:INFO:

2018-12-15 23:35:17,968:INFO:The symbols in this password are: ['!']
2018-12-15 23:35:17,968:INFO:The '!' was the 5th character
2018-12-15 23:35:17,968:INFO:

2018-12-15 23:35:18,030:INFO:The length of 'T4st!ng' is 7
2018-12-15 23:35:18,031:INFO:As a list it looks like this ['T', '4', 's', 't', '!', 'n', 'g']
2018-12-15 23:35:18,031:INFO:The letters in this password are: ['T', 's', 't', 'n', 'g']
2018-12-15 23:35:18,031:INFO:The 'T' was the 1st character
2018-12-15 23:35:18,031:INFO:The 's' was the 3rd character
2018-12-15 23:35:18,031:INFO:The 't' was the 4th character
2018-12-15 23:35:18,031:INFO:The 'n' was the 6th character
2018-12-15 23:35:18,032:INFO:The 'g' was the 7th character
2018-12-15 23:35:18,032:INFO:

2018-12-15 23:35:18,032:INFO:The numbers in this password are: ['4']
2018-12-15 23:35:18,032:INFO:The '4' was the 2nd character
2018-12-15 23:35:18,032:INFO:

2018-12-15 23:35:18,032:INFO:The symbols in this password are: ['!']
2018-12-15 23:35:18,032:INFO:The '!' was the 5th character
2018-12-15 23:35:18,032:INFO:

2018-12-15 23:35:18,093:INFO:The length of 'T4st!ng' is 7
2018-12-15 23:35:18,093:INFO:As a list it looks like this ['T', '4', 's', 't', '!', 'n', 'g']
2018-12-15 23:35:18,093:INFO:The letters in this password are: ['T', 's', 't', 'n', 'g']
2018-12-15 23:35:18,093:INFO:The 'T' was the 1st character
2018-12-15 23:35:18,093:INFO:The 's' was the 3rd character
2018-12-15 23:35:18,094:INFO:The 't' was the 4th character
2018-12-15 23:35:18,094:INFO:The 'n' was the 6th character
2018-12-15 23:35:18,094:INFO:The 'g' was the 7th character
2018-12-15 23:35:18,094:INFO:

2018-12-15 23:35:18,094:INFO:The numbers in this password are: ['4']
2018-12-15 23:35:18,094:INFO:The '4' was the 2nd character
2018-12-15 23:35:18,094:INFO:

2018-12-15 23:35:18,094:INFO:The symbols in this password are: ['!']
2018-12-15 23:35:18,095:INFO:The '!' was the 5th character
2018-12-15 23:35:18,095:INFO:

2018-12-15 23:35:18,154:INFO:The length of 'T4st!ng' is 7
2018-12-15 23:35:18,155:INFO:As a list it looks like this ['T', '4', 's', 't', '!', 'n', 'g']
2018-12-15 23:35:18,155:INFO:The letters in this password are: ['T', 's', 't', 'n', 'g']
2018-12-15 23:35:18,155:INFO:The 'T' was the 1st character
2018-12-15 23:35:18,155:INFO:The 's' was the 3rd character
2018-12-15 23:35:18,156:INFO:The 't' was the 4th character
2018-12-15 23:35:18,156:INFO:The 'n' was the 6th character
2018-12-15 23:35:18,156:INFO:The 'g' was the 7th character
2018-12-15 23:35:18,156:INFO:

2018-12-15 23:35:18,156:INFO:The numbers in this password are: ['4']
2018-12-15 23:35:18,156:INFO:The '4' was the 2nd character
2018-12-15 23:35:18,157:INFO:

2018-12-15 23:35:18,157:INFO:The symbols in this password are: ['!']
2018-12-15 23:35:18,157:INFO:The '!' was the 5th character
2018-12-15 23:35:18,157:INFO:

2018-12-15 23:35:18,224:INFO:The length of 'T4st!ng' is 7
2018-12-15 23:35:18,225:INFO:As a list it looks like this ['T', '4', 's', 't', '!', 'n', 'g']
2018-12-15 23:35:18,225:INFO:The letters in this password are: ['T', 's', 't', 'n', 'g']
2018-12-15 23:35:18,225:INFO:The 'T' was the 1st character
2018-12-15 23:35:18,226:INFO:The 's' was the 3rd character
2018-12-15 23:35:18,226:INFO:The 't' was the 4th character
2018-12-15 23:35:18,226:INFO:The 'n' was the 6th character
2018-12-15 23:35:18,226:INFO:The 'g' was the 7th character
2018-12-15 23:35:18,226:INFO:

2018-12-15 23:35:18,226:INFO:The numbers in this password are: ['4']
2018-12-15 23:35:18,226:INFO:The '4' was the 2nd character
2018-12-15 23:35:18,226:INFO:

2018-12-15 23:35:18,226:INFO:The symbols in this password are: ['!']
2018-12-15 23:35:18,227:INFO:The '!' was the 5th character
2018-12-15 23:35:18,227:INFO:

2018-12-15 23:35:18,285:INFO:The length of 'T4st!ng' is 7
2018-12-15 23:35:18,285:INFO:As a list it looks like this ['T', '4', 's', 't', '!', 'n', 'g']
2018-12-15 23:35:18,285:INFO:The letters in this password are: ['T', 's', 't', 'n', 'g']
2018-12-15 23:35:18,286:INFO:The 'T' was the 1st character
2018-12-15 23:35:18,286:INFO:The 's' was the 3rd character
2018-12-15 23:35:18,286:INFO:The 't' was the 4th character
2018-12-15 23:35:18,286:INFO:The 'n' was the 6th character
2018-12-15 23:35:18,286:INFO:The 'g' was the 7th character
2018-12-15 23:35:18,286:INFO:

2018-12-15 23:35:18,286:INFO:The numbers in this password are: ['4']
2018-12-15 23:35:18,287:INFO:The '4' was the 2nd character
2018-12-15 23:35:18,287:INFO:

2018-12-15 23:35:18,287:INFO:The symbols in this password are: ['!']
2018-12-15 23:35:18,287:INFO:The '!' was the 5th character
2018-12-15 23:35:18,287:INFO:

2018-12-15 23:35:18,346:INFO:The length of 'T4st!ng' is 7
2018-12-15 23:35:18,347:INFO:As a list it looks like this ['T', '4', 's', 't', '!', 'n', 'g']
2018-12-15 23:35:18,347:INFO:The letters in this password are: ['T', 's', 't', 'n', 'g']
2018-12-15 23:35:18,347:INFO:The 'T' was the 1st character
2018-12-15 23:35:18,347:INFO:The 's' was the 3rd character
2018-12-15 23:35:18,347:INFO:The 't' was the 4th character
2018-12-15 23:35:18,347:INFO:The 'n' was the 6th character
2018-12-15 23:35:18,347:INFO:The 'g' was the 7th character
2018-12-15 23:35:18,348:INFO:

2018-12-15 23:35:18,348:INFO:The numbers in this password are: ['4']
2018-12-15 23:35:18,348:INFO:The '4' was the 2nd character
2018-12-15 23:35:18,348:INFO:

2018-12-15 23:35:18,348:INFO:The symbols in this password are: ['!']
2018-12-15 23:35:18,348:INFO:The '!' was the 5th character
2018-12-15 23:35:18,348:INFO:

2018-12-15 23:35:18,410:INFO:The length of 'T4st!ng' is 7
2018-12-15 23:35:18,411:INFO:As a list it looks like this ['T', '4', 's', 't', '!', 'n', 'g']
2018-12-15 23:35:18,411:INFO:The letters in this password are: ['T', 's', 't', 'n', 'g']
2018-12-15 23:35:18,411:INFO:The 'T' was the 1st character
2018-12-15 23:35:18,411:INFO:The 's' was the 3rd character
2018-12-15 23:35:18,411:INFO:The 't' was the 4th character
2018-12-15 23:35:18,412:INFO:The 'n' was the 6th character
2018-12-15 23:35:18,412:INFO:The 'g' was the 7th character
2018-12-15 23:35:18,412:INFO:

2018-12-15 23:35:18,412:INFO:The numbers in this password are: ['4']
2018-12-15 23:35:18,412:INFO:The '4' was the 2nd character
2018-12-15 23:35:18,413:INFO:

2018-12-15 23:35:18,413:INFO:The symbols in this password are: ['!']
2018-12-15 23:35:18,413:INFO:The '!' was the 5th character
2018-12-15 23:35:18,413:INFO:

2018-12-15 23:35:18,471:INFO:The length of 'T4st!ng' is 7
2018-12-15 23:35:18,471:INFO:As a list it looks like this ['T', '4', 's', 't', '!', 'n', 'g']
2018-12-15 23:35:18,471:INFO:The letters in this password are: ['T', 's', 't', 'n', 'g']
2018-12-15 23:35:18,472:INFO:The 'T' was the 1st character
2018-12-15 23:35:18,472:INFO:The 's' was the 3rd character
2018-12-15 23:35:18,472:INFO:The 't' was the 4th character
2018-12-15 23:35:18,472:INFO:The 'n' was the 6th character
2018-12-15 23:35:18,472:INFO:The 'g' was the 7th character
2018-12-15 23:35:18,472:INFO:

2018-12-15 23:35:18,472:INFO:The numbers in this password are: ['4']
2018-12-15 23:35:18,473:INFO:The '4' was the 2nd character
2018-12-15 23:35:18,473:INFO:

2018-12-15 23:35:18,473:INFO:The symbols in this password are: ['!']
2018-12-15 23:35:18,473:INFO:The '!' was the 5th character
2018-12-15 23:35:18,473:INFO:

2018-12-15 23:35:18,535:INFO:The length of 'T4st!ng' is 7
2018-12-15 23:35:18,535:INFO:As a list it looks like this ['T', '4', 's', 't', '!', 'n', 'g']
2018-12-15 23:35:18,536:INFO:The letters in this password are: ['T', 's', 't', 'n', 'g']
2018-12-15 23:35:18,536:INFO:The 'T' was the 1st character
2018-12-15 23:35:18,536:INFO:The 's' was the 3rd character
2018-12-15 23:35:18,536:INFO:The 't' was the 4th character
2018-12-15 23:35:18,536:INFO:The 'n' was the 6th character
2018-12-15 23:35:18,536:INFO:The 'g' was the 7th character
2018-12-15 23:35:18,536:INFO:

2018-12-15 23:35:18,537:INFO:The numbers in this password are: ['4']
2018-12-15 23:35:18,537:INFO:The '4' was the 2nd character
2018-12-15 23:35:18,537:INFO:

2018-12-15 23:35:18,537:INFO:The symbols in this password are: ['!']
2018-12-15 23:35:18,537:INFO:The '!' was the 5th character
2018-12-15 23:35:18,537:INFO:

2018-12-15 23:35:18,604:INFO:The length of 'T4st!ng' is 7
2018-12-15 23:35:18,604:INFO:As a list it looks like this ['T', '4', 's', 't', '!', 'n', 'g']
2018-12-15 23:35:18,604:INFO:The letters in this password are: ['T', 's', 't', 'n', 'g']
2018-12-15 23:35:18,605:INFO:The 'T' was the 1st character
2018-12-15 23:35:18,605:INFO:The 's' was the 3rd character
2018-12-15 23:35:18,605:INFO:The 't' was the 4th character
2018-12-15 23:35:18,605:INFO:The 'n' was the 6th character
2018-12-15 23:35:18,605:INFO:The 'g' was the 7th character
2018-12-15 23:35:18,605:INFO:

2018-12-15 23:35:18,606:INFO:The numbers in this password are: ['4']
2018-12-15 23:35:18,606:INFO:The '4' was the 2nd character
2018-12-15 23:35:18,606:INFO:

2018-12-15 23:35:18,606:INFO:The symbols in this password are: ['!']
2018-12-15 23:35:18,606:INFO:The '!' was the 5th character
2018-12-15 23:35:18,606:INFO:

2018-12-15 23:35:18,667:INFO:The length of 'T4st!ng' is 7
2018-12-15 23:35:18,667:INFO:As a list it looks like this ['T', '4', 's', 't', '!', 'n', 'g']
2018-12-15 23:35:18,668:INFO:The letters in this password are: ['T', 's', 't', 'n', 'g']
2018-12-15 23:35:18,668:INFO:The 'T' was the 1st character
2018-12-15 23:35:18,668:INFO:The 's' was the 3rd character
2018-12-15 23:35:18,668:INFO:The 't' was the 4th character
2018-12-15 23:35:18,668:INFO:The 'n' was the 6th character
2018-12-15 23:35:18,668:INFO:The 'g' was the 7th character
2018-12-15 23:35:18,669:INFO:

2018-12-15 23:35:18,669:INFO:The numbers in this password are: ['4']
2018-12-15 23:35:18,669:INFO:The '4' was the 2nd character
2018-12-15 23:35:18,669:INFO:

2018-12-15 23:35:18,669:INFO:The symbols in this password are: ['!']
2018-12-15 23:35:18,669:INFO:The '!' was the 5th character
2018-12-15 23:35:18,669:INFO:

2018-12-15 23:35:18,733:INFO:The length of 'T4st!ng' is 7
2018-12-15 23:35:18,733:INFO:As a list it looks like this ['T', '4', 's', 't', '!', 'n', 'g']
2018-12-15 23:35:18,734:INFO:The letters in this password are: ['T', 's', 't', 'n', 'g']
2018-12-15 23:35:18,734:INFO:The 'T' was the 1st character
2018-12-15 23:35:18,734:INFO:The 's' was the 3rd character
2018-12-15 23:35:18,734:INFO:The 't' was the 4th character
2018-12-15 23:35:18,734:INFO:The 'n' was the 6th character
2018-12-15 23:35:18,734:INFO:The 'g' was the 7th character
2018-12-15 23:35:18,734:INFO:

2018-12-15 23:35:18,734:INFO:The numbers in this password are: ['4']
2018-12-15 23:35:18,735:INFO:The '4' was the 2nd character
2018-12-15 23:35:18,735:INFO:

2018-12-15 23:35:18,735:INFO:The symbols in this password are: ['!']
2018-12-15 23:35:18,735:INFO:The '!' was the 5th character
2018-12-15 23:35:18,735:INFO:

2018-12-15 23:35:18,794:INFO:The length of 'T4st!ng' is 7
2018-12-15 23:35:18,795:INFO:As a list it looks like this ['T', '4', 's', 't', '!', 'n', 'g']
2018-12-15 23:35:18,795:INFO:The letters in this password are: ['T', 's', 't', 'n', 'g']
2018-12-15 23:35:18,795:INFO:The 'T' was the 1st character
2018-12-15 23:35:18,795:INFO:The 's' was the 3rd character
2018-12-15 23:35:18,796:INFO:The 't' was the 4th character
2018-12-15 23:35:18,796:INFO:The 'n' was the 6th character
2018-12-15 23:35:18,796:INFO:The 'g' was the 7th character
2018-12-15 23:35:18,796:INFO:

2018-12-15 23:35:18,796:INFO:The numbers in this password are: ['4']
2018-12-15 23:35:18,796:INFO:The '4' was the 2nd character
2018-12-15 23:35:18,796:INFO:

2018-12-15 23:35:18,796:INFO:The symbols in this password are: ['!']
2018-12-15 23:35:18,797:INFO:The '!' was the 5th character
2018-12-15 23:35:18,797:INFO:

2018-12-15 23:35:18,852:INFO:The length of 'T4st!ng' is 7
2018-12-15 23:35:18,853:INFO:As a list it looks like this ['T', '4', 's', 't', '!', 'n', 'g']
2018-12-15 23:35:18,853:INFO:The letters in this password are: ['T', 's', 't', 'n', 'g']
2018-12-15 23:35:18,853:INFO:The 'T' was the 1st character
2018-12-15 23:35:18,853:INFO:The 's' was the 3rd character
2018-12-15 23:35:18,853:INFO:The 't' was the 4th character
2018-12-15 23:35:18,854:INFO:The 'n' was the 6th character
2018-12-15 23:35:18,854:INFO:The 'g' was the 7th character
2018-12-15 23:35:18,854:INFO:

2018-12-15 23:35:18,854:INFO:The numbers in this password are: ['4']
2018-12-15 23:35:18,854:INFO:The '4' was the 2nd character
2018-12-15 23:35:18,854:INFO:

2018-12-15 23:35:18,854:INFO:The symbols in this password are: ['!']
2018-12-15 23:35:18,855:INFO:The '!' was the 5th character
2018-12-15 23:35:18,855:INFO:

2018-12-15 23:35:18,912:INFO:The length of 'T4st!ng' is 7
2018-12-15 23:35:18,913:INFO:As a list it looks like this ['T', '4', 's', 't', '!', 'n', 'g']
2018-12-15 23:35:18,913:INFO:The letters in this password are: ['T', 's', 't', 'n', 'g']
2018-12-15 23:35:18,913:INFO:The 'T' was the 1st character
2018-12-15 23:35:18,913:INFO:The 's' was the 3rd character
2018-12-15 23:35:18,914:INFO:The 't' was the 4th character
2018-12-15 23:35:18,914:INFO:The 'n' was the 6th character
2018-12-15 23:35:18,914:INFO:The 'g' was the 7th character
2018-12-15 23:35:18,914:INFO:

2018-12-15 23:35:18,914:INFO:The numbers in this password are: ['4']
2018-12-15 23:35:18,914:INFO:The '4' was the 2nd character
2018-12-15 23:35:18,914:INFO:

2018-12-15 23:35:18,915:INFO:The symbols in this password are: ['!']
2018-12-15 23:35:18,915:INFO:The '!' was the 5th character
2018-12-15 23:35:18,915:INFO:

2018-12-15 23:35:18,970:INFO:The length of 'T4st!ng' is 7
2018-12-15 23:35:18,971:INFO:As a list it looks like this ['T', '4', 's', 't', '!', 'n', 'g']
2018-12-15 23:35:18,971:INFO:The letters in this password are: ['T', 's', 't', 'n', 'g']
2018-12-15 23:35:18,971:INFO:The 'T' was the 1st character
2018-12-15 23:35:18,971:INFO:The 's' was the 3rd character
2018-12-15 23:35:18,971:INFO:The 't' was the 4th character
2018-12-15 23:35:18,972:INFO:The 'n' was the 6th character
2018-12-15 23:35:18,972:INFO:The 'g' was the 7th character
2018-12-15 23:35:18,972:INFO:

2018-12-15 23:35:18,972:INFO:The numbers in this password are: ['4']
2018-12-15 23:35:18,973:INFO:The '4' was the 2nd character
2018-12-15 23:35:18,973:INFO:

2018-12-15 23:35:18,973:INFO:The symbols in this password are: ['!']
2018-12-15 23:35:18,973:INFO:The '!' was the 5th character
2018-12-15 23:35:18,973:INFO:

2018-12-15 23:35:19,041:INFO:The length of 'T4st!ng' is 7
2018-12-15 23:35:19,041:INFO:As a list it looks like this ['T', '4', 's', 't', '!', 'n', 'g']
2018-12-15 23:35:19,042:INFO:The letters in this password are: ['T', 's', 't', 'n', 'g']
2018-12-15 23:35:19,042:INFO:The 'T' was the 1st character
2018-12-15 23:35:19,042:INFO:The 's' was the 3rd character
2018-12-15 23:35:19,042:INFO:The 't' was the 4th character
2018-12-15 23:35:19,042:INFO:The 'n' was the 6th character
2018-12-15 23:35:19,042:INFO:The 'g' was the 7th character
2018-12-15 23:35:19,043:INFO:

2018-12-15 23:35:19,043:INFO:The numbers in this password are: ['4']
2018-12-15 23:35:19,043:INFO:The '4' was the 2nd character
2018-12-15 23:35:19,043:INFO:

2018-12-15 23:35:19,043:INFO:The symbols in this password are: ['!']
2018-12-15 23:35:19,043:INFO:The '!' was the 5th character
2018-12-15 23:35:19,043:INFO:

2018-12-15 23:35:19,104:INFO:The length of 'T4st!ng' is 7
2018-12-15 23:35:19,105:INFO:As a list it looks like this ['T', '4', 's', 't', '!', 'n', 'g']
2018-12-15 23:35:19,105:INFO:The letters in this password are: ['T', 's', 't', 'n', 'g']
2018-12-15 23:35:19,105:INFO:The 'T' was the 1st character
2018-12-15 23:35:19,105:INFO:The 's' was the 3rd character
2018-12-15 23:35:19,106:INFO:The 't' was the 4th character
2018-12-15 23:35:19,106:INFO:The 'n' was the 6th character
2018-12-15 23:35:19,106:INFO:The 'g' was the 7th character
2018-12-15 23:35:19,106:INFO:

2018-12-15 23:35:19,106:INFO:The numbers in this password are: ['4']
2018-12-15 23:35:19,107:INFO:The '4' was the 2nd character
2018-12-15 23:35:19,107:INFO:

2018-12-15 23:35:19,107:INFO:The symbols in this password are: ['!']
2018-12-15 23:35:19,107:INFO:The '!' was the 5th character
2018-12-15 23:35:19,107:INFO:

2018-12-15 23:35:19,165:INFO:The length of 'T4st!ng' is 7
2018-12-15 23:35:19,166:INFO:As a list it looks like this ['T', '4', 's', 't', '!', 'n', 'g']
2018-12-15 23:35:19,166:INFO:The letters in this password are: ['T', 's', 't', 'n', 'g']
2018-12-15 23:35:19,166:INFO:The 'T' was the 1st character
2018-12-15 23:35:19,166:INFO:The 's' was the 3rd character
2018-12-15 23:35:19,167:INFO:The 't' was the 4th character
2018-12-15 23:35:19,167:INFO:The 'n' was the 6th character
2018-12-15 23:35:19,167:INFO:The 'g' was the 7th character
2018-12-15 23:35:19,167:INFO:

2018-12-15 23:35:19,167:INFO:The numbers in this password are: ['4']
2018-12-15 23:35:19,167:INFO:The '4' was the 2nd character
2018-12-15 23:35:19,168:INFO:

2018-12-15 23:35:19,168:INFO:The symbols in this password are: ['!']
2018-12-15 23:35:19,168:INFO:The '!' was the 5th character
2018-12-15 23:35:19,168:INFO:

2018-12-15 23:35:19,226:INFO:The length of 'T4st!ng' is 7
2018-12-15 23:35:19,227:INFO:As a list it looks like this ['T', '4', 's', 't', '!', 'n', 'g']
2018-12-15 23:35:19,227:INFO:The letters in this password are: ['T', 's', 't', 'n', 'g']
2018-12-15 23:35:19,227:INFO:The 'T' was the 1st character
2018-12-15 23:35:19,227:INFO:The 's' was the 3rd character
2018-12-15 23:35:19,228:INFO:The 't' was the 4th character
2018-12-15 23:35:19,228:INFO:The 'n' was the 6th character
2018-12-15 23:35:19,228:INFO:The 'g' was the 7th character
2018-12-15 23:35:19,228:INFO:

2018-12-15 23:35:19,228:INFO:The numbers in this password are: ['4']
2018-12-15 23:35:19,229:INFO:The '4' was the 2nd character
2018-12-15 23:35:19,229:INFO:

2018-12-15 23:35:19,229:INFO:The symbols in this password are: ['!']
2018-12-15 23:35:19,229:INFO:The '!' was the 5th character
2018-12-15 23:35:19,229:INFO:

2018-12-15 23:35:19,285:INFO:The length of 'T4st!ng' is 7
2018-12-15 23:35:19,285:INFO:As a list it looks like this ['T', '4', 's', 't', '!', 'n', 'g']
2018-12-15 23:35:19,285:INFO:The letters in this password are: ['T', 's', 't', 'n', 'g']
2018-12-15 23:35:19,285:INFO:The 'T' was the 1st character
2018-12-15 23:35:19,286:INFO:The 's' was the 3rd character
2018-12-15 23:35:19,286:INFO:The 't' was the 4th character
2018-12-15 23:35:19,286:INFO:The 'n' was the 6th character
2018-12-15 23:35:19,286:INFO:The 'g' was the 7th character
2018-12-15 23:35:19,286:INFO:

2018-12-15 23:35:19,286:INFO:The numbers in this password are: ['4']
2018-12-15 23:35:19,286:INFO:The '4' was the 2nd character
2018-12-15 23:35:19,287:INFO:

2018-12-15 23:35:19,287:INFO:The symbols in this password are: ['!']
2018-12-15 23:35:19,287:INFO:The '!' was the 5th character
2018-12-15 23:35:19,287:INFO:

2018-12-15 23:35:19,353:INFO:The length of 'T4st!ng' is 7
2018-12-15 23:35:19,354:INFO:As a list it looks like this ['T', '4', 's', 't', '!', 'n', 'g']
2018-12-15 23:35:19,354:INFO:The letters in this password are: ['T', 's', 't', 'n', 'g']
2018-12-15 23:35:19,354:INFO:The 'T' was the 1st character
2018-12-15 23:35:19,355:INFO:The 's' was the 3rd character
2018-12-15 23:35:19,355:INFO:The 't' was the 4th character
2018-12-15 23:35:19,355:INFO:The 'n' was the 6th character
2018-12-15 23:35:19,355:INFO:The 'g' was the 7th character
2018-12-15 23:35:19,355:INFO:

2018-12-15 23:35:19,355:INFO:The numbers in this password are: ['4']
2018-12-15 23:35:19,355:INFO:The '4' was the 2nd character
2018-12-15 23:35:19,356:INFO:

2018-12-15 23:35:19,356:INFO:The symbols in this password are: ['!']
2018-12-15 23:35:19,356:INFO:The '!' was the 5th character
2018-12-15 23:35:19,356:INFO:

2018-12-15 23:35:19,413:INFO:The length of 'T4st!ng' is 7
2018-12-15 23:35:19,414:INFO:As a list it looks like this ['T', '4', 's', 't', '!', 'n', 'g']
2018-12-15 23:35:19,414:INFO:The letters in this password are: ['T', 's', 't', 'n', 'g']
2018-12-15 23:35:19,414:INFO:The 'T' was the 1st character
2018-12-15 23:35:19,414:INFO:The 's' was the 3rd character
2018-12-15 23:35:19,415:INFO:The 't' was the 4th character
2018-12-15 23:35:19,415:INFO:The 'n' was the 6th character
2018-12-15 23:35:19,415:INFO:The 'g' was the 7th character
2018-12-15 23:35:19,415:INFO:

2018-12-15 23:35:19,415:INFO:The numbers in this password are: ['4']
2018-12-15 23:35:19,415:INFO:The '4' was the 2nd character
2018-12-15 23:35:19,415:INFO:

2018-12-15 23:35:19,416:INFO:The symbols in this password are: ['!']
2018-12-15 23:35:19,416:INFO:The '!' was the 5th character
2018-12-15 23:35:19,416:INFO:

2018-12-15 23:35:19,471:INFO:The length of 'T4st!ng' is 7
2018-12-15 23:35:19,472:INFO:As a list it looks like this ['T', '4', 's', 't', '!', 'n', 'g']
2018-12-15 23:35:19,472:INFO:The letters in this password are: ['T', 's', 't', 'n', 'g']
2018-12-15 23:35:19,472:INFO:The 'T' was the 1st character
2018-12-15 23:35:19,472:INFO:The 's' was the 3rd character
2018-12-15 23:35:19,472:INFO:The 't' was the 4th character
2018-12-15 23:35:19,472:INFO:The 'n' was the 6th character
2018-12-15 23:35:19,473:INFO:The 'g' was the 7th character
2018-12-15 23:35:19,473:INFO:

2018-12-15 23:35:19,473:INFO:The numbers in this password are: ['4']
2018-12-15 23:35:19,473:INFO:The '4' was the 2nd character
2018-12-15 23:35:19,473:INFO:

2018-12-15 23:35:19,473:INFO:The symbols in this password are: ['!']
2018-12-15 23:35:19,473:INFO:The '!' was the 5th character
2018-12-15 23:35:19,473:INFO:

2018-12-15 23:35:19,534:INFO:The length of 'T4st!ng' is 7
2018-12-15 23:35:19,535:INFO:As a list it looks like this ['T', '4', 's', 't', '!', 'n', 'g']
2018-12-15 23:35:19,535:INFO:The letters in this password are: ['T', 's', 't', 'n', 'g']
2018-12-15 23:35:19,535:INFO:The 'T' was the 1st character
2018-12-15 23:35:19,535:INFO:The 's' was the 3rd character
2018-12-15 23:35:19,535:INFO:The 't' was the 4th character
2018-12-15 23:35:19,536:INFO:The 'n' was the 6th character
2018-12-15 23:35:19,536:INFO:The 'g' was the 7th character
2018-12-15 23:35:19,536:INFO:

2018-12-15 23:35:19,536:INFO:The numbers in this password are: ['4']
2018-12-15 23:35:19,536:INFO:The '4' was the 2nd character
2018-12-15 23:35:19,536:INFO:

2018-12-15 23:35:19,537:INFO:The symbols in this password are: ['!']
2018-12-15 23:35:19,537:INFO:The '!' was the 5th character
2018-12-15 23:35:19,537:INFO:

2018-12-15 23:35:19,598:INFO:The length of 'T4st!ng' is 7
2018-12-15 23:35:19,598:INFO:As a list it looks like this ['T', '4', 's', 't', '!', 'n', 'g']
2018-12-15 23:35:19,599:INFO:The letters in this password are: ['T', 's', 't', 'n', 'g']
2018-12-15 23:35:19,599:INFO:The 'T' was the 1st character
2018-12-15 23:35:19,599:INFO:The 's' was the 3rd character
2018-12-15 23:35:19,599:INFO:The 't' was the 4th character
2018-12-15 23:35:19,599:INFO:The 'n' was the 6th character
2018-12-15 23:35:19,599:INFO:The 'g' was the 7th character
2018-12-15 23:35:19,600:INFO:

2018-12-15 23:35:19,600:INFO:The numbers in this password are: ['4']
2018-12-15 23:35:19,600:INFO:The '4' was the 2nd character
2018-12-15 23:35:19,600:INFO:

2018-12-15 23:35:19,600:INFO:The symbols in this password are: ['!']
2018-12-15 23:35:19,600:INFO:The '!' was the 5th character
2018-12-15 23:35:19,601:INFO:

2018-12-15 23:35:19,661:INFO:The length of 'T4st!ng' is 7
2018-12-15 23:35:19,662:INFO:As a list it looks like this ['T', '4', 's', 't', '!', 'n', 'g']
2018-12-15 23:35:19,662:INFO:The letters in this password are: ['T', 's', 't', 'n', 'g']
2018-12-15 23:35:19,662:INFO:The 'T' was the 1st character
2018-12-15 23:35:19,662:INFO:The 's' was the 3rd character
2018-12-15 23:35:19,662:INFO:The 't' was the 4th character
2018-12-15 23:35:19,663:INFO:The 'n' was the 6th character
2018-12-15 23:35:19,663:INFO:The 'g' was the 7th character
2018-12-15 23:35:19,663:INFO:

2018-12-15 23:35:19,663:INFO:The numbers in this password are: ['4']
2018-12-15 23:35:19,663:INFO:The '4' was the 2nd character
2018-12-15 23:35:19,663:INFO:

2018-12-15 23:35:19,663:INFO:The symbols in this password are: ['!']
2018-12-15 23:35:19,663:INFO:The '!' was the 5th character
2018-12-15 23:35:19,664:INFO:

2018-12-15 23:35:19,722:INFO:The length of 'T4st!ng' is 7
2018-12-15 23:35:19,723:INFO:As a list it looks like this ['T', '4', 's', 't', '!', 'n', 'g']
2018-12-15 23:35:19,723:INFO:The letters in this password are: ['T', 's', 't', 'n', 'g']
2018-12-15 23:35:19,723:INFO:The 'T' was the 1st character
2018-12-15 23:35:19,724:INFO:The 's' was the 3rd character
2018-12-15 23:35:19,724:INFO:The 't' was the 4th character
2018-12-15 23:35:19,724:INFO:The 'n' was the 6th character
2018-12-15 23:35:19,724:INFO:The 'g' was the 7th character
2018-12-15 23:35:19,724:INFO:

2018-12-15 23:35:19,724:INFO:The numbers in this password are: ['4']
2018-12-15 23:35:19,724:INFO:The '4' was the 2nd character
2018-12-15 23:35:19,725:INFO:

2018-12-15 23:35:19,725:INFO:The symbols in this password are: ['!']
2018-12-15 23:35:19,725:INFO:The '!' was the 5th character
2018-12-15 23:35:19,725:INFO:

2018-12-15 23:35:19,783:INFO:The length of 'T4st!ng' is 7
2018-12-15 23:35:19,784:INFO:As a list it looks like this ['T', '4', 's', 't', '!', 'n', 'g']
2018-12-15 23:35:19,784:INFO:The letters in this password are: ['T', 's', 't', 'n', 'g']
2018-12-15 23:35:19,784:INFO:The 'T' was the 1st character
2018-12-15 23:35:19,784:INFO:The 's' was the 3rd character
2018-12-15 23:35:19,784:INFO:The 't' was the 4th character
2018-12-15 23:35:19,784:INFO:The 'n' was the 6th character
2018-12-15 23:35:19,784:INFO:The 'g' was the 7th character
2018-12-15 23:35:19,785:INFO:

2018-12-15 23:35:19,785:INFO:The numbers in this password are: ['4']
2018-12-15 23:35:19,785:INFO:The '4' was the 2nd character
2018-12-15 23:35:19,785:INFO:

2018-12-15 23:35:19,785:INFO:The symbols in this password are: ['!']
2018-12-15 23:35:19,785:INFO:The '!' was the 5th character
2018-12-15 23:35:19,785:INFO:

2018-12-15 23:35:19,846:INFO:The length of 'T4st!ng' is 7
2018-12-15 23:35:19,846:INFO:As a list it looks like this ['T', '4', 's', 't', '!', 'n', 'g']
2018-12-15 23:35:19,846:INFO:The letters in this password are: ['T', 's', 't', 'n', 'g']
2018-12-15 23:35:19,846:INFO:The 'T' was the 1st character
2018-12-15 23:35:19,847:INFO:The 's' was the 3rd character
2018-12-15 23:35:19,847:INFO:The 't' was the 4th character
2018-12-15 23:35:19,847:INFO:The 'n' was the 6th character
2018-12-15 23:35:19,847:INFO:The 'g' was the 7th character
2018-12-15 23:35:19,847:INFO:

2018-12-15 23:35:19,847:INFO:The numbers in this password are: ['4']
2018-12-15 23:35:19,847:INFO:The '4' was the 2nd character
2018-12-15 23:35:19,847:INFO:

2018-12-15 23:35:19,848:INFO:The symbols in this password are: ['!']
2018-12-15 23:35:19,848:INFO:The '!' was the 5th character
2018-12-15 23:35:19,848:INFO:

2018-12-15 23:35:19,904:INFO:The length of 'T4st!ng' is 7
2018-12-15 23:35:19,905:INFO:As a list it looks like this ['T', '4', 's', 't', '!', 'n', 'g']
2018-12-15 23:35:19,905:INFO:The letters in this password are: ['T', 's', 't', 'n', 'g']
2018-12-15 23:35:19,905:INFO:The 'T' was the 1st character
2018-12-15 23:35:19,905:INFO:The 's' was the 3rd character
2018-12-15 23:35:19,905:INFO:The 't' was the 4th character
2018-12-15 23:35:19,906:INFO:The 'n' was the 6th character
2018-12-15 23:35:19,906:INFO:The 'g' was the 7th character
2018-12-15 23:35:19,906:INFO:

2018-12-15 23:35:19,906:INFO:The numbers in this password are: ['4']
2018-12-15 23:35:19,906:INFO:The '4' was the 2nd character
2018-12-15 23:35:19,906:INFO:

2018-12-15 23:35:19,907:INFO:The symbols in this password are: ['!']
2018-12-15 23:35:19,907:INFO:The '!' was the 5th character
2018-12-15 23:35:19,907:INFO:

2018-12-15 23:35:19,966:INFO:The length of 'T4st!ng' is 7
2018-12-15 23:35:19,967:INFO:As a list it looks like this ['T', '4', 's', 't', '!', 'n', 'g']
2018-12-15 23:35:19,967:INFO:The letters in this password are: ['T', 's', 't', 'n', 'g']
2018-12-15 23:35:19,967:INFO:The 'T' was the 1st character
2018-12-15 23:35:19,967:INFO:The 's' was the 3rd character
2018-12-15 23:35:19,967:INFO:The 't' was the 4th character
2018-12-15 23:35:19,968:INFO:The 'n' was the 6th character
2018-12-15 23:35:19,968:INFO:The 'g' was the 7th character
2018-12-15 23:35:19,968:INFO:

2018-12-15 23:35:19,968:INFO:The numbers in this password are: ['4']
2018-12-15 23:35:19,968:INFO:The '4' was the 2nd character
2018-12-15 23:35:19,968:INFO:

2018-12-15 23:35:19,968:INFO:The symbols in this password are: ['!']
2018-12-15 23:35:19,968:INFO:The '!' was the 5th character
2018-12-15 23:35:19,969:INFO:

2018-12-15 23:35:20,029:INFO:The length of 'T4st!ng' is 7
2018-12-15 23:35:20,030:INFO:As a list it looks like this ['T', '4', 's', 't', '!', 'n', 'g']
2018-12-15 23:35:20,030:INFO:The letters in this password are: ['T', 's', 't', 'n', 'g']
2018-12-15 23:35:20,030:INFO:The 'T' was the 1st character
2018-12-15 23:35:20,030:INFO:The 's' was the 3rd character
2018-12-15 23:35:20,031:INFO:The 't' was the 4th character
2018-12-15 23:35:20,031:INFO:The 'n' was the 6th character
2018-12-15 23:35:20,031:INFO:The 'g' was the 7th character
2018-12-15 23:35:20,031:INFO:

2018-12-15 23:35:20,031:INFO:The numbers in this password are: ['4']
2018-12-15 23:35:20,031:INFO:The '4' was the 2nd character
2018-12-15 23:35:20,031:INFO:

2018-12-15 23:35:20,032:INFO:The symbols in this password are: ['!']
2018-12-15 23:35:20,032:INFO:The '!' was the 5th character
2018-12-15 23:35:20,032:INFO:

2018-12-15 23:35:20,088:INFO:The length of 'T4st!ng' is 7
2018-12-15 23:35:20,089:INFO:As a list it looks like this ['T', '4', 's', 't', '!', 'n', 'g']
2018-12-15 23:35:20,089:INFO:The letters in this password are: ['T', 's', 't', 'n', 'g']
2018-12-15 23:35:20,089:INFO:The 'T' was the 1st character
2018-12-15 23:35:20,090:INFO:The 's' was the 3rd character
2018-12-15 23:35:20,090:INFO:The 't' was the 4th character
2018-12-15 23:35:20,090:INFO:The 'n' was the 6th character
2018-12-15 23:35:20,090:INFO:The 'g' was the 7th character
2018-12-15 23:35:20,090:INFO:

2018-12-15 23:35:20,090:INFO:The numbers in this password are: ['4']
2018-12-15 23:35:20,091:INFO:The '4' was the 2nd character
2018-12-15 23:35:20,091:INFO:

2018-12-15 23:35:20,091:INFO:The symbols in this password are: ['!']
2018-12-15 23:35:20,091:INFO:The '!' was the 5th character
2018-12-15 23:35:20,091:INFO:

2018-12-15 23:35:20,151:INFO:The length of 'T4st!ng' is 7
2018-12-15 23:35:20,151:INFO:As a list it looks like this ['T', '4', 's', 't', '!', 'n', 'g']
2018-12-15 23:35:20,151:INFO:The letters in this password are: ['T', 's', 't', 'n', 'g']
2018-12-15 23:35:20,152:INFO:The 'T' was the 1st character
2018-12-15 23:35:20,152:INFO:The 's' was the 3rd character
2018-12-15 23:35:20,152:INFO:The 't' was the 4th character
2018-12-15 23:35:20,152:INFO:The 'n' was the 6th character
2018-12-15 23:35:20,152:INFO:The 'g' was the 7th character
2018-12-15 23:35:20,152:INFO:

2018-12-15 23:35:20,152:INFO:The numbers in this password are: ['4']
2018-12-15 23:35:20,153:INFO:The '4' was the 2nd character
2018-12-15 23:35:20,153:INFO:

2018-12-15 23:35:20,153:INFO:The symbols in this password are: ['!']
2018-12-15 23:35:20,153:INFO:The '!' was the 5th character
2018-12-15 23:35:20,153:INFO:

2018-12-15 23:35:20,212:INFO:The length of 'T4st!ng' is 7
2018-12-15 23:35:20,212:INFO:As a list it looks like this ['T', '4', 's', 't', '!', 'n', 'g']
2018-12-15 23:35:20,213:INFO:The letters in this password are: ['T', 's', 't', 'n', 'g']
2018-12-15 23:35:20,213:INFO:The 'T' was the 1st character
2018-12-15 23:35:20,213:INFO:The 's' was the 3rd character
2018-12-15 23:35:20,213:INFO:The 't' was the 4th character
2018-12-15 23:35:20,214:INFO:The 'n' was the 6th character
2018-12-15 23:35:20,214:INFO:The 'g' was the 7th character
2018-12-15 23:35:20,214:INFO:

2018-12-15 23:35:20,214:INFO:The numbers in this password are: ['4']
2018-12-15 23:35:20,214:INFO:The '4' was the 2nd character
2018-12-15 23:35:20,214:INFO:

2018-12-15 23:35:20,215:INFO:The symbols in this password are: ['!']
2018-12-15 23:35:20,215:INFO:The '!' was the 5th character
2018-12-15 23:35:20,215:INFO:

2018-12-15 23:35:20,271:INFO:The length of 'T4st!ng' is 7
2018-12-15 23:35:20,272:INFO:As a list it looks like this ['T', '4', 's', 't', '!', 'n', 'g']
2018-12-15 23:35:20,272:INFO:The letters in this password are: ['T', 's', 't', 'n', 'g']
2018-12-15 23:35:20,272:INFO:The 'T' was the 1st character
2018-12-15 23:35:20,272:INFO:The 's' was the 3rd character
2018-12-15 23:35:20,272:INFO:The 't' was the 4th character
2018-12-15 23:35:20,272:INFO:The 'n' was the 6th character
2018-12-15 23:35:20,273:INFO:The 'g' was the 7th character
2018-12-15 23:35:20,273:INFO:

2018-12-15 23:35:20,273:INFO:The numbers in this password are: ['4']
2018-12-15 23:35:20,273:INFO:The '4' was the 2nd character
2018-12-15 23:35:20,273:INFO:

2018-12-15 23:35:20,273:INFO:The symbols in this password are: ['!']
2018-12-15 23:35:20,274:INFO:The '!' was the 5th character
2018-12-15 23:35:20,274:INFO:

2018-12-15 23:35:20,336:INFO:The length of 'T4st!ng' is 7
2018-12-15 23:35:20,336:INFO:As a list it looks like this ['T', '4', 's', 't', '!', 'n', 'g']
2018-12-15 23:35:20,336:INFO:The letters in this password are: ['T', 's', 't', 'n', 'g']
2018-12-15 23:35:20,336:INFO:The 'T' was the 1st character
2018-12-15 23:35:20,337:INFO:The 's' was the 3rd character
2018-12-15 23:35:20,337:INFO:The 't' was the 4th character
2018-12-15 23:35:20,337:INFO:The 'n' was the 6th character
2018-12-15 23:35:20,337:INFO:The 'g' was the 7th character
2018-12-15 23:35:20,337:INFO:

2018-12-15 23:35:20,337:INFO:The numbers in this password are: ['4']
2018-12-15 23:35:20,337:INFO:The '4' was the 2nd character
2018-12-15 23:35:20,337:INFO:

2018-12-15 23:35:20,338:INFO:The symbols in this password are: ['!']
2018-12-15 23:35:20,338:INFO:The '!' was the 5th character
2018-12-15 23:35:20,338:INFO:

2018-12-15 23:35:20,402:INFO:The length of 'T4st!ng' is 7
2018-12-15 23:35:20,402:INFO:As a list it looks like this ['T', '4', 's', 't', '!', 'n', 'g']
2018-12-15 23:35:20,403:INFO:The letters in this password are: ['T', 's', 't', 'n', 'g']
2018-12-15 23:35:20,403:INFO:The 'T' was the 1st character
2018-12-15 23:35:20,403:INFO:The 's' was the 3rd character
2018-12-15 23:35:20,403:INFO:The 't' was the 4th character
2018-12-15 23:35:20,403:INFO:The 'n' was the 6th character
2018-12-15 23:35:20,404:INFO:The 'g' was the 7th character
2018-12-15 23:35:20,404:INFO:

2018-12-15 23:35:20,404:INFO:The numbers in this password are: ['4']
2018-12-15 23:35:20,404:INFO:The '4' was the 2nd character
2018-12-15 23:35:20,404:INFO:

2018-12-15 23:35:20,404:INFO:The symbols in this password are: ['!']
2018-12-15 23:35:20,405:INFO:The '!' was the 5th character
2018-12-15 23:35:20,405:INFO:

2018-12-15 23:35:20,475:INFO:The length of 'T4st!ng' is 7
2018-12-15 23:35:20,476:INFO:As a list it looks like this ['T', '4', 's', 't', '!', 'n', 'g']
2018-12-15 23:35:20,477:INFO:The letters in this password are: ['T', 's', 't', 'n', 'g']
2018-12-15 23:35:20,477:INFO:The 'T' was the 1st character
2018-12-15 23:35:20,477:INFO:The 's' was the 3rd character
2018-12-15 23:35:20,478:INFO:The 't' was the 4th character
2018-12-15 23:35:20,478:INFO:The 'n' was the 6th character
2018-12-15 23:35:20,478:INFO:The 'g' was the 7th character
2018-12-15 23:35:20,478:INFO:

2018-12-15 23:35:20,479:INFO:The numbers in this password are: ['4']
2018-12-15 23:35:20,479:INFO:The '4' was the 2nd character
2018-12-15 23:35:20,479:INFO:

2018-12-15 23:35:20,479:INFO:The symbols in this password are: ['!']
2018-12-15 23:35:20,480:INFO:The '!' was the 5th character
2018-12-15 23:35:20,480:INFO:

2018-12-15 23:35:20,552:INFO:The length of 'T4st!ng' is 7
2018-12-15 23:35:20,552:INFO:As a list it looks like this ['T', '4', 's', 't', '!', 'n', 'g']
2018-12-15 23:35:20,553:INFO:The letters in this password are: ['T', 's', 't', 'n', 'g']
2018-12-15 23:35:20,553:INFO:The 'T' was the 1st character
2018-12-15 23:35:20,553:INFO:The 's' was the 3rd character
2018-12-15 23:35:20,553:INFO:The 't' was the 4th character
2018-12-15 23:35:20,553:INFO:The 'n' was the 6th character
2018-12-15 23:35:20,553:INFO:The 'g' was the 7th character
2018-12-15 23:35:20,553:INFO:

2018-12-15 23:35:20,554:INFO:The numbers in this password are: ['4']
2018-12-15 23:35:20,554:INFO:The '4' was the 2nd character
2018-12-15 23:35:20,554:INFO:

2018-12-15 23:35:20,554:INFO:The symbols in this password are: ['!']
2018-12-15 23:35:20,554:INFO:The '!' was the 5th character
2018-12-15 23:35:20,554:INFO:

2018-12-15 23:35:20,631:INFO:The length of 'T4st!ng' is 7
2018-12-15 23:35:20,632:INFO:As a list it looks like this ['T', '4', 's', 't', '!', 'n', 'g']
2018-12-15 23:35:20,632:INFO:The letters in this password are: ['T', 's', 't', 'n', 'g']
2018-12-15 23:35:20,632:INFO:The 'T' was the 1st character
2018-12-15 23:35:20,633:INFO:The 's' was the 3rd character
2018-12-15 23:35:20,633:INFO:The 't' was the 4th character
2018-12-15 23:35:20,633:INFO:The 'n' was the 6th character
2018-12-15 23:35:20,633:INFO:The 'g' was the 7th character
2018-12-15 23:35:20,634:INFO:

2018-12-15 23:35:20,634:INFO:The numbers in this password are: ['4']
2018-12-15 23:35:20,634:INFO:The '4' was the 2nd character
2018-12-15 23:35:20,634:INFO:

2018-12-15 23:35:20,634:INFO:The symbols in this password are: ['!']
2018-12-15 23:35:20,634:INFO:The '!' was the 5th character
2018-12-15 23:35:20,635:INFO:

2018-12-15 23:35:20,703:INFO:The length of 'T4st!ng' is 7
2018-12-15 23:35:20,703:INFO:As a list it looks like this ['T', '4', 's', 't', '!', 'n', 'g']
2018-12-15 23:35:20,703:INFO:The letters in this password are: ['T', 's', 't', 'n', 'g']
2018-12-15 23:35:20,703:INFO:The 'T' was the 1st character
2018-12-15 23:35:20,704:INFO:The 's' was the 3rd character
2018-12-15 23:35:20,704:INFO:The 't' was the 4th character
2018-12-15 23:35:20,704:INFO:The 'n' was the 6th character
2018-12-15 23:35:20,704:INFO:The 'g' was the 7th character
2018-12-15 23:35:20,704:INFO:

2018-12-15 23:35:20,705:INFO:The numbers in this password are: ['4']
2018-12-15 23:35:20,705:INFO:The '4' was the 2nd character
2018-12-15 23:35:20,705:INFO:

2018-12-15 23:35:20,705:INFO:The symbols in this password are: ['!']
2018-12-15 23:35:20,705:INFO:The '!' was the 5th character
2018-12-15 23:35:20,705:INFO:

2018-12-15 23:35:20,763:INFO:The length of 'T4st!ng' is 7
2018-12-15 23:35:20,763:INFO:As a list it looks like this ['T', '4', 's', 't', '!', 'n', 'g']
2018-12-15 23:35:20,763:INFO:The letters in this password are: ['T', 's', 't', 'n', 'g']
2018-12-15 23:35:20,764:INFO:The 'T' was the 1st character
2018-12-15 23:35:20,764:INFO:The 's' was the 3rd character
2018-12-15 23:35:20,764:INFO:The 't' was the 4th character
2018-12-15 23:35:20,764:INFO:The 'n' was the 6th character
2018-12-15 23:35:20,764:INFO:The 'g' was the 7th character
2018-12-15 23:35:20,764:INFO:

2018-12-15 23:35:20,764:INFO:The numbers in this password are: ['4']
2018-12-15 23:35:20,765:INFO:The '4' was the 2nd character
2018-12-15 23:35:20,765:INFO:

2018-12-15 23:35:20,765:INFO:The symbols in this password are: ['!']
2018-12-15 23:35:20,765:INFO:The '!' was the 5th character
2018-12-15 23:35:20,765:INFO:

2018-12-15 23:35:20,828:INFO:The length of 'T4st!ng' is 7
2018-12-15 23:35:20,829:INFO:As a list it looks like this ['T', '4', 's', 't', '!', 'n', 'g']
2018-12-15 23:35:20,829:INFO:The letters in this password are: ['T', 's', 't', 'n', 'g']
2018-12-15 23:35:20,829:INFO:The 'T' was the 1st character
2018-12-15 23:35:20,829:INFO:The 's' was the 3rd character
2018-12-15 23:35:20,830:INFO:The 't' was the 4th character
2018-12-15 23:35:20,830:INFO:The 'n' was the 6th character
2018-12-15 23:35:20,830:INFO:The 'g' was the 7th character
2018-12-15 23:35:20,830:INFO:

2018-12-15 23:35:20,830:INFO:The numbers in this password are: ['4']
2018-12-15 23:35:20,830:INFO:The '4' was the 2nd character
2018-12-15 23:35:20,831:INFO:

2018-12-15 23:35:20,831:INFO:The symbols in this password are: ['!']
2018-12-15 23:35:20,831:INFO:The '!' was the 5th character
2018-12-15 23:35:20,831:INFO:

2018-12-15 23:35:20,889:INFO:The length of 'T4st!ng' is 7
2018-12-15 23:35:20,890:INFO:As a list it looks like this ['T', '4', 's', 't', '!', 'n', 'g']
2018-12-15 23:35:20,890:INFO:The letters in this password are: ['T', 's', 't', 'n', 'g']
2018-12-15 23:35:20,890:INFO:The 'T' was the 1st character
2018-12-15 23:35:20,890:INFO:The 's' was the 3rd character
2018-12-15 23:35:20,890:INFO:The 't' was the 4th character
2018-12-15 23:35:20,890:INFO:The 'n' was the 6th character
2018-12-15 23:35:20,891:INFO:The 'g' was the 7th character
2018-12-15 23:35:20,891:INFO:

2018-12-15 23:35:20,891:INFO:The numbers in this password are: ['4']
2018-12-15 23:35:20,891:INFO:The '4' was the 2nd character
2018-12-15 23:35:20,891:INFO:

2018-12-15 23:35:20,891:INFO:The symbols in this password are: ['!']
2018-12-15 23:35:20,891:INFO:The '!' was the 5th character
2018-12-15 23:35:20,892:INFO:

2018-12-15 23:35:20,947:INFO:The length of 'T4st!ng' is 7
2018-12-15 23:35:20,948:INFO:As a list it looks like this ['T', '4', 's', 't', '!', 'n', 'g']
2018-12-15 23:35:20,948:INFO:The letters in this password are: ['T', 's', 't', 'n', 'g']
2018-12-15 23:35:20,948:INFO:The 'T' was the 1st character
2018-12-15 23:35:20,948:INFO:The 's' was the 3rd character
2018-12-15 23:35:20,948:INFO:The 't' was the 4th character
2018-12-15 23:35:20,948:INFO:The 'n' was the 6th character
2018-12-15 23:35:20,948:INFO:The 'g' was the 7th character
2018-12-15 23:35:20,949:INFO:

2018-12-15 23:35:20,949:INFO:The numbers in this password are: ['4']
2018-12-15 23:35:20,949:INFO:The '4' was the 2nd character
2018-12-15 23:35:20,949:INFO:

2018-12-15 23:35:20,949:INFO:The symbols in this password are: ['!']
2018-12-15 23:35:20,949:INFO:The '!' was the 5th character
2018-12-15 23:35:20,950:INFO:

2018-12-15 23:35:21,015:INFO:The length of 'T4st!ng' is 7
2018-12-15 23:35:21,016:INFO:As a list it looks like this ['T', '4', 's', 't', '!', 'n', 'g']
2018-12-15 23:35:21,016:INFO:The letters in this password are: ['T', 's', 't', 'n', 'g']
2018-12-15 23:35:21,017:INFO:The 'T' was the 1st character
2018-12-15 23:35:21,017:INFO:The 's' was the 3rd character
2018-12-15 23:35:21,017:INFO:The 't' was the 4th character
2018-12-15 23:35:21,017:INFO:The 'n' was the 6th character
2018-12-15 23:35:21,017:INFO:The 'g' was the 7th character
2018-12-15 23:35:21,017:INFO:

2018-12-15 23:35:21,018:INFO:The numbers in this password are: ['4']
2018-12-15 23:35:21,018:INFO:The '4' was the 2nd character
2018-12-15 23:35:21,018:INFO:

2018-12-15 23:35:21,018:INFO:The symbols in this password are: ['!']
2018-12-15 23:35:21,018:INFO:The '!' was the 5th character
2018-12-15 23:35:21,018:INFO:

2018-12-15 23:35:21,074:INFO:The length of 'T4st!ng' is 7
2018-12-15 23:35:21,075:INFO:As a list it looks like this ['T', '4', 's', 't', '!', 'n', 'g']
2018-12-15 23:35:21,075:INFO:The letters in this password are: ['T', 's', 't', 'n', 'g']
2018-12-15 23:35:21,075:INFO:The 'T' was the 1st character
2018-12-15 23:35:21,075:INFO:The 's' was the 3rd character
2018-12-15 23:35:21,076:INFO:The 't' was the 4th character
2018-12-15 23:35:21,076:INFO:The 'n' was the 6th character
2018-12-15 23:35:21,076:INFO:The 'g' was the 7th character
2018-12-15 23:35:21,076:INFO:

2018-12-15 23:35:21,076:INFO:The numbers in this password are: ['4']
2018-12-15 23:35:21,076:INFO:The '4' was the 2nd character
2018-12-15 23:35:21,077:INFO:

2018-12-15 23:35:21,077:INFO:The symbols in this password are: ['!']
2018-12-15 23:35:21,077:INFO:The '!' was the 5th character
2018-12-15 23:35:21,077:INFO:

2018-12-15 23:35:21,139:INFO:The length of 'T4st!ng' is 7
2018-12-15 23:35:21,140:INFO:As a list it looks like this ['T', '4', 's', 't', '!', 'n', 'g']
2018-12-15 23:35:21,140:INFO:The letters in this password are: ['T', 's', 't', 'n', 'g']
2018-12-15 23:35:21,140:INFO:The 'T' was the 1st character
2018-12-15 23:35:21,140:INFO:The 's' was the 3rd character
2018-12-15 23:35:21,140:INFO:The 't' was the 4th character
2018-12-15 23:35:21,141:INFO:The 'n' was the 6th character
2018-12-15 23:35:21,141:INFO:The 'g' was the 7th character
2018-12-15 23:35:21,141:INFO:

2018-12-15 23:35:21,141:INFO:The numbers in this password are: ['4']
2018-12-15 23:35:21,141:INFO:The '4' was the 2nd character
2018-12-15 23:35:21,141:INFO:

2018-12-15 23:35:21,141:INFO:The symbols in this password are: ['!']
2018-12-15 23:35:21,141:INFO:The '!' was the 5th character
2018-12-15 23:35:21,142:INFO:

2018-12-15 23:35:21,201:INFO:The length of 'T4st!ng' is 7
2018-12-15 23:35:21,202:INFO:As a list it looks like this ['T', '4', 's', 't', '!', 'n', 'g']
2018-12-15 23:35:21,202:INFO:The letters in this password are: ['T', 's', 't', 'n', 'g']
2018-12-15 23:35:21,202:INFO:The 'T' was the 1st character
2018-12-15 23:35:21,203:INFO:The 's' was the 3rd character
2018-12-15 23:35:21,203:INFO:The 't' was the 4th character
2018-12-15 23:35:21,203:INFO:The 'n' was the 6th character
2018-12-15 23:35:21,203:INFO:The 'g' was the 7th character
2018-12-15 23:35:21,203:INFO:

2018-12-15 23:35:21,203:INFO:The numbers in this password are: ['4']
2018-12-15 23:35:21,203:INFO:The '4' was the 2nd character
2018-12-15 23:35:21,203:INFO:

2018-12-15 23:35:21,204:INFO:The symbols in this password are: ['!']
2018-12-15 23:35:21,204:INFO:The '!' was the 5th character
2018-12-15 23:35:21,204:INFO:

2018-12-15 23:35:21,260:INFO:The length of 'T4st!ng' is 7
2018-12-15 23:35:21,261:INFO:As a list it looks like this ['T', '4', 's', 't', '!', 'n', 'g']
2018-12-15 23:35:21,261:INFO:The letters in this password are: ['T', 's', 't', 'n', 'g']
2018-12-15 23:35:21,261:INFO:The 'T' was the 1st character
2018-12-15 23:35:21,261:INFO:The 's' was the 3rd character
2018-12-15 23:35:21,261:INFO:The 't' was the 4th character
2018-12-15 23:35:21,261:INFO:The 'n' was the 6th character
2018-12-15 23:35:21,262:INFO:The 'g' was the 7th character
2018-12-15 23:35:21,262:INFO:

2018-12-15 23:35:21,262:INFO:The numbers in this password are: ['4']
2018-12-15 23:35:21,262:INFO:The '4' was the 2nd character
2018-12-15 23:35:21,262:INFO:

2018-12-15 23:35:21,262:INFO:The symbols in this password are: ['!']
2018-12-15 23:35:21,262:INFO:The '!' was the 5th character
2018-12-15 23:35:21,262:INFO:

2018-12-15 23:35:21,325:INFO:The length of 'T4st!ng' is 7
2018-12-15 23:35:21,325:INFO:As a list it looks like this ['T', '4', 's', 't', '!', 'n', 'g']
2018-12-15 23:35:21,326:INFO:The letters in this password are: ['T', 's', 't', 'n', 'g']
2018-12-15 23:35:21,326:INFO:The 'T' was the 1st character
2018-12-15 23:35:21,326:INFO:The 's' was the 3rd character
2018-12-15 23:35:21,326:INFO:The 't' was the 4th character
2018-12-15 23:35:21,326:INFO:The 'n' was the 6th character
2018-12-15 23:35:21,326:INFO:The 'g' was the 7th character
2018-12-15 23:35:21,327:INFO:

2018-12-15 23:35:21,327:INFO:The numbers in this password are: ['4']
2018-12-15 23:35:21,327:INFO:The '4' was the 2nd character
2018-12-15 23:35:21,327:INFO:

2018-12-15 23:35:21,327:INFO:The symbols in this password are: ['!']
2018-12-15 23:35:21,328:INFO:The '!' was the 5th character
2018-12-15 23:35:21,328:INFO:

2018-12-15 23:35:21,385:INFO:The length of 'T4st!ng' is 7
2018-12-15 23:35:21,385:INFO:As a list it looks like this ['T', '4', 's', 't', '!', 'n', 'g']
2018-12-15 23:35:21,386:INFO:The letters in this password are: ['T', 's', 't', 'n', 'g']
2018-12-15 23:35:21,386:INFO:The 'T' was the 1st character
2018-12-15 23:35:21,386:INFO:The 's' was the 3rd character
2018-12-15 23:35:21,386:INFO:The 't' was the 4th character
2018-12-15 23:35:21,386:INFO:The 'n' was the 6th character
2018-12-15 23:35:21,386:INFO:The 'g' was the 7th character
2018-12-15 23:35:21,386:INFO:

2018-12-15 23:35:21,387:INFO:The numbers in this password are: ['4']
2018-12-15 23:35:21,387:INFO:The '4' was the 2nd character
2018-12-15 23:35:21,387:INFO:

2018-12-15 23:35:21,387:INFO:The symbols in this password are: ['!']
2018-12-15 23:35:21,387:INFO:The '!' was the 5th character
2018-12-15 23:35:21,387:INFO:

2018-12-15 23:35:21,448:INFO:The length of 'T4st!ng' is 7
2018-12-15 23:35:21,449:INFO:As a list it looks like this ['T', '4', 's', 't', '!', 'n', 'g']
2018-12-15 23:35:21,449:INFO:The letters in this password are: ['T', 's', 't', 'n', 'g']
2018-12-15 23:35:21,449:INFO:The 'T' was the 1st character
2018-12-15 23:35:21,449:INFO:The 's' was the 3rd character
2018-12-15 23:35:21,449:INFO:The 't' was the 4th character
2018-12-15 23:35:21,449:INFO:The 'n' was the 6th character
2018-12-15 23:35:21,450:INFO:The 'g' was the 7th character
2018-12-15 23:35:21,450:INFO:

2018-12-15 23:35:21,450:INFO:The numbers in this password are: ['4']
2018-12-15 23:35:21,450:INFO:The '4' was the 2nd character
2018-12-15 23:35:21,450:INFO:

2018-12-15 23:35:21,450:INFO:The symbols in this password are: ['!']
2018-12-15 23:35:21,450:INFO:The '!' was the 5th character
2018-12-15 23:35:21,450:INFO:

2018-12-15 23:35:21,505:INFO:The length of 'T4st!ng' is 7
2018-12-15 23:35:21,506:INFO:As a list it looks like this ['T', '4', 's', 't', '!', 'n', 'g']
2018-12-15 23:35:21,506:INFO:The letters in this password are: ['T', 's', 't', 'n', 'g']
2018-12-15 23:35:21,506:INFO:The 'T' was the 1st character
2018-12-15 23:35:21,506:INFO:The 's' was the 3rd character
2018-12-15 23:35:21,507:INFO:The 't' was the 4th character
2018-12-15 23:35:21,507:INFO:The 'n' was the 6th character
2018-12-15 23:35:21,507:INFO:The 'g' was the 7th character
2018-12-15 23:35:21,507:INFO:

2018-12-15 23:35:21,507:INFO:The numbers in this password are: ['4']
2018-12-15 23:35:21,507:INFO:The '4' was the 2nd character
2018-12-15 23:35:21,507:INFO:

2018-12-15 23:35:21,507:INFO:The symbols in this password are: ['!']
2018-12-15 23:35:21,508:INFO:The '!' was the 5th character
2018-12-15 23:35:21,508:INFO:

2018-12-15 23:35:21,567:INFO:The length of 'T4st!ng' is 7
2018-12-15 23:35:21,567:INFO:As a list it looks like this ['T', '4', 's', 't', '!', 'n', 'g']
2018-12-15 23:35:21,568:INFO:The letters in this password are: ['T', 's', 't', 'n', 'g']
2018-12-15 23:35:21,568:INFO:The 'T' was the 1st character
2018-12-15 23:35:21,568:INFO:The 's' was the 3rd character
2018-12-15 23:35:21,568:INFO:The 't' was the 4th character
2018-12-15 23:35:21,568:INFO:The 'n' was the 6th character
2018-12-15 23:35:21,568:INFO:The 'g' was the 7th character
2018-12-15 23:35:21,569:INFO:

2018-12-15 23:35:21,569:INFO:The numbers in this password are: ['4']
2018-12-15 23:35:21,569:INFO:The '4' was the 2nd character
2018-12-15 23:35:21,569:INFO:

2018-12-15 23:35:21,569:INFO:The symbols in this password are: ['!']
2018-12-15 23:35:21,569:INFO:The '!' was the 5th character
2018-12-15 23:35:21,569:INFO:

2018-12-15 23:35:21,626:INFO:The length of 'T4st!ng' is 7
2018-12-15 23:35:21,627:INFO:As a list it looks like this ['T', '4', 's', 't', '!', 'n', 'g']
2018-12-15 23:35:21,627:INFO:The letters in this password are: ['T', 's', 't', 'n', 'g']
2018-12-15 23:35:21,628:INFO:The 'T' was the 1st character
2018-12-15 23:35:21,628:INFO:The 's' was the 3rd character
2018-12-15 23:35:21,628:INFO:The 't' was the 4th character
2018-12-15 23:35:21,628:INFO:The 'n' was the 6th character
2018-12-15 23:35:21,628:INFO:The 'g' was the 7th character
2018-12-15 23:35:21,629:INFO:

2018-12-15 23:35:21,629:INFO:The numbers in this password are: ['4']
2018-12-15 23:35:21,629:INFO:The '4' was the 2nd character
2018-12-15 23:35:21,629:INFO:

2018-12-15 23:35:21,629:INFO:The symbols in this password are: ['!']
2018-12-15 23:35:21,629:INFO:The '!' was the 5th character
2018-12-15 23:35:21,630:INFO:

2018-12-15 23:35:21,685:INFO:The length of 'T4st!ng' is 7
2018-12-15 23:35:21,685:INFO:As a list it looks like this ['T', '4', 's', 't', '!', 'n', 'g']
2018-12-15 23:35:21,686:INFO:The letters in this password are: ['T', 's', 't', 'n', 'g']
2018-12-15 23:35:21,686:INFO:The 'T' was the 1st character
2018-12-15 23:35:21,686:INFO:The 's' was the 3rd character
2018-12-15 23:35:21,686:INFO:The 't' was the 4th character
2018-12-15 23:35:21,686:INFO:The 'n' was the 6th character
2018-12-15 23:35:21,686:INFO:The 'g' was the 7th character
2018-12-15 23:35:21,686:INFO:

2018-12-15 23:35:21,687:INFO:The numbers in this password are: ['4']
2018-12-15 23:35:21,687:INFO:The '4' was the 2nd character
2018-12-15 23:35:21,687:INFO:

2018-12-15 23:35:21,687:INFO:The symbols in this password are: ['!']
2018-12-15 23:35:21,687:INFO:The '!' was the 5th character
2018-12-15 23:35:21,687:INFO:

2018-12-15 23:35:21,745:INFO:The length of 'T4st!ng' is 7
2018-12-15 23:35:21,745:INFO:As a list it looks like this ['T', '4', 's', 't', '!', 'n', 'g']
2018-12-15 23:35:21,746:INFO:The letters in this password are: ['T', 's', 't', 'n', 'g']
2018-12-15 23:35:21,746:INFO:The 'T' was the 1st character
2018-12-15 23:35:21,746:INFO:The 's' was the 3rd character
2018-12-15 23:35:21,746:INFO:The 't' was the 4th character
2018-12-15 23:35:21,746:INFO:The 'n' was the 6th character
2018-12-15 23:35:21,746:INFO:The 'g' was the 7th character
2018-12-15 23:35:21,747:INFO:

2018-12-15 23:35:21,747:INFO:The numbers in this password are: ['4']
2018-12-15 23:35:21,747:INFO:The '4' was the 2nd character
2018-12-15 23:35:21,747:INFO:

2018-12-15 23:35:21,747:INFO:The symbols in this password are: ['!']
2018-12-15 23:35:21,747:INFO:The '!' was the 5th character
2018-12-15 23:35:21,748:INFO:

2018-12-15 23:35:21,803:INFO:The length of 'T4st!ng' is 7
2018-12-15 23:35:21,804:INFO:As a list it looks like this ['T', '4', 's', 't', '!', 'n', 'g']
2018-12-15 23:35:21,804:INFO:The letters in this password are: ['T', 's', 't', 'n', 'g']
2018-12-15 23:35:21,804:INFO:The 'T' was the 1st character
2018-12-15 23:35:21,804:INFO:The 's' was the 3rd character
2018-12-15 23:35:21,805:INFO:The 't' was the 4th character
2018-12-15 23:35:21,805:INFO:The 'n' was the 6th character
2018-12-15 23:35:21,805:INFO:The 'g' was the 7th character
2018-12-15 23:35:21,805:INFO:

2018-12-15 23:35:21,805:INFO:The numbers in this password are: ['4']
2018-12-15 23:35:21,805:INFO:The '4' was the 2nd character
2018-12-15 23:35:21,805:INFO:

2018-12-15 23:35:21,806:INFO:The symbols in this password are: ['!']
2018-12-15 23:35:21,806:INFO:The '!' was the 5th character
2018-12-15 23:35:21,806:INFO:

2018-12-15 23:35:21,865:INFO:The length of 'T4st!ng' is 7
2018-12-15 23:35:21,865:INFO:As a list it looks like this ['T', '4', 's', 't', '!', 'n', 'g']
2018-12-15 23:35:21,866:INFO:The letters in this password are: ['T', 's', 't', 'n', 'g']
2018-12-15 23:35:21,866:INFO:The 'T' was the 1st character
2018-12-15 23:35:21,866:INFO:The 's' was the 3rd character
2018-12-15 23:35:21,866:INFO:The 't' was the 4th character
2018-12-15 23:35:21,866:INFO:The 'n' was the 6th character
2018-12-15 23:35:21,866:INFO:The 'g' was the 7th character
2018-12-15 23:35:21,866:INFO:

2018-12-15 23:35:21,867:INFO:The numbers in this password are: ['4']
2018-12-15 23:35:21,867:INFO:The '4' was the 2nd character
2018-12-15 23:35:21,867:INFO:

2018-12-15 23:35:21,867:INFO:The symbols in this password are: ['!']
2018-12-15 23:35:21,867:INFO:The '!' was the 5th character
2018-12-15 23:35:21,867:INFO:

2018-12-15 23:35:21,929:INFO:The length of 'T4st!ng' is 7
2018-12-15 23:35:21,930:INFO:As a list it looks like this ['T', '4', 's', 't', '!', 'n', 'g']
2018-12-15 23:35:21,930:INFO:The letters in this password are: ['T', 's', 't', 'n', 'g']
2018-12-15 23:35:21,930:INFO:The 'T' was the 1st character
2018-12-15 23:35:21,930:INFO:The 's' was the 3rd character
2018-12-15 23:35:21,931:INFO:The 't' was the 4th character
2018-12-15 23:35:21,931:INFO:The 'n' was the 6th character
2018-12-15 23:35:21,931:INFO:The 'g' was the 7th character
2018-12-15 23:35:21,931:INFO:

2018-12-15 23:35:21,931:INFO:The numbers in this password are: ['4']
2018-12-15 23:35:21,931:INFO:The '4' was the 2nd character
2018-12-15 23:35:21,931:INFO:

2018-12-15 23:35:21,932:INFO:The symbols in this password are: ['!']
2018-12-15 23:35:21,932:INFO:The '!' was the 5th character
2018-12-15 23:35:21,932:INFO:

2018-12-15 23:35:21,994:INFO:The length of 'T4st!ng' is 7
2018-12-15 23:35:21,994:INFO:As a list it looks like this ['T', '4', 's', 't', '!', 'n', 'g']
2018-12-15 23:35:21,994:INFO:The letters in this password are: ['T', 's', 't', 'n', 'g']
2018-12-15 23:35:21,995:INFO:The 'T' was the 1st character
2018-12-15 23:35:21,995:INFO:The 's' was the 3rd character
2018-12-15 23:35:21,995:INFO:The 't' was the 4th character
2018-12-15 23:35:21,995:INFO:The 'n' was the 6th character
2018-12-15 23:35:21,995:INFO:The 'g' was the 7th character
2018-12-15 23:35:21,995:INFO:

2018-12-15 23:35:21,996:INFO:The numbers in this password are: ['4']
2018-12-15 23:35:21,996:INFO:The '4' was the 2nd character
2018-12-15 23:35:21,996:INFO:

2018-12-15 23:35:21,996:INFO:The symbols in this password are: ['!']
2018-12-15 23:35:21,996:INFO:The '!' was the 5th character
2018-12-15 23:35:21,996:INFO:

2018-12-15 23:35:22,058:INFO:The length of 'T4st!ng' is 7
2018-12-15 23:35:22,059:INFO:As a list it looks like this ['T', '4', 's', 't', '!', 'n', 'g']
2018-12-15 23:35:22,059:INFO:The letters in this password are: ['T', 's', 't', 'n', 'g']
2018-12-15 23:35:22,059:INFO:The 'T' was the 1st character
2018-12-15 23:35:22,059:INFO:The 's' was the 3rd character
2018-12-15 23:35:22,060:INFO:The 't' was the 4th character
2018-12-15 23:35:22,060:INFO:The 'n' was the 6th character
2018-12-15 23:35:22,060:INFO:The 'g' was the 7th character
2018-12-15 23:35:22,060:INFO:

2018-12-15 23:35:22,060:INFO:The numbers in this password are: ['4']
2018-12-15 23:35:22,060:INFO:The '4' was the 2nd character
2018-12-15 23:35:22,060:INFO:

2018-12-15 23:35:22,060:INFO:The symbols in this password are: ['!']
2018-12-15 23:35:22,061:INFO:The '!' was the 5th character
2018-12-15 23:35:22,061:INFO:

2018-12-15 23:35:22,122:INFO:The length of 'T4st!ng' is 7
2018-12-15 23:35:22,123:INFO:As a list it looks like this ['T', '4', 's', 't', '!', 'n', 'g']
2018-12-15 23:35:22,123:INFO:The letters in this password are: ['T', 's', 't', 'n', 'g']
2018-12-15 23:35:22,123:INFO:The 'T' was the 1st character
2018-12-15 23:35:22,123:INFO:The 's' was the 3rd character
2018-12-15 23:35:22,123:INFO:The 't' was the 4th character
2018-12-15 23:35:22,123:INFO:The 'n' was the 6th character
2018-12-15 23:35:22,124:INFO:The 'g' was the 7th character
2018-12-15 23:35:22,124:INFO:

2018-12-15 23:35:22,124:INFO:The numbers in this password are: ['4']
2018-12-15 23:35:22,124:INFO:The '4' was the 2nd character
2018-12-15 23:35:22,124:INFO:

2018-12-15 23:35:22,124:INFO:The symbols in this password are: ['!']
2018-12-15 23:35:22,125:INFO:The '!' was the 5th character
2018-12-15 23:35:22,125:INFO:

2018-12-15 23:35:22,185:INFO:The length of 'T4st!ng' is 7
2018-12-15 23:35:22,186:INFO:As a list it looks like this ['T', '4', 's', 't', '!', 'n', 'g']
2018-12-15 23:35:22,186:INFO:The letters in this password are: ['T', 's', 't', 'n', 'g']
2018-12-15 23:35:22,186:INFO:The 'T' was the 1st character
2018-12-15 23:35:22,186:INFO:The 's' was the 3rd character
2018-12-15 23:35:22,186:INFO:The 't' was the 4th character
2018-12-15 23:35:22,187:INFO:The 'n' was the 6th character
2018-12-15 23:35:22,187:INFO:The 'g' was the 7th character
2018-12-15 23:35:22,187:INFO:

2018-12-15 23:35:22,187:INFO:The numbers in this password are: ['4']
2018-12-15 23:35:22,187:INFO:The '4' was the 2nd character
2018-12-15 23:35:22,187:INFO:

2018-12-15 23:35:22,188:INFO:The symbols in this password are: ['!']
2018-12-15 23:35:22,188:INFO:The '!' was the 5th character
2018-12-15 23:35:22,188:INFO:

2018-12-15 23:35:22,249:INFO:The length of 'T4st!ng' is 7
2018-12-15 23:35:22,249:INFO:As a list it looks like this ['T', '4', 's', 't', '!', 'n', 'g']
2018-12-15 23:35:22,249:INFO:The letters in this password are: ['T', 's', 't', 'n', 'g']
2018-12-15 23:35:22,249:INFO:The 'T' was the 1st character
2018-12-15 23:35:22,249:INFO:The 's' was the 3rd character
2018-12-15 23:35:22,250:INFO:The 't' was the 4th character
2018-12-15 23:35:22,250:INFO:The 'n' was the 6th character
2018-12-15 23:35:22,250:INFO:The 'g' was the 7th character
2018-12-15 23:35:22,250:INFO:

2018-12-15 23:35:22,250:INFO:The numbers in this password are: ['4']
2018-12-15 23:35:22,250:INFO:The '4' was the 2nd character
2018-12-15 23:35:22,250:INFO:

2018-12-15 23:35:22,251:INFO:The symbols in this password are: ['!']
2018-12-15 23:35:22,251:INFO:The '!' was the 5th character
2018-12-15 23:35:22,251:INFO:

2018-12-15 23:35:22,308:INFO:The length of 'T4st!ng' is 7
2018-12-15 23:35:22,308:INFO:As a list it looks like this ['T', '4', 's', 't', '!', 'n', 'g']
2018-12-15 23:35:22,309:INFO:The letters in this password are: ['T', 's', 't', 'n', 'g']
2018-12-15 23:35:22,309:INFO:The 'T' was the 1st character
2018-12-15 23:35:22,309:INFO:The 's' was the 3rd character
2018-12-15 23:35:22,309:INFO:The 't' was the 4th character
2018-12-15 23:35:22,309:INFO:The 'n' was the 6th character
2018-12-15 23:35:22,310:INFO:The 'g' was the 7th character
2018-12-15 23:35:22,310:INFO:

2018-12-15 23:35:22,310:INFO:The numbers in this password are: ['4']
2018-12-15 23:35:22,310:INFO:The '4' was the 2nd character
2018-12-15 23:35:22,310:INFO:

2018-12-15 23:35:22,310:INFO:The symbols in this password are: ['!']
2018-12-15 23:35:22,310:INFO:The '!' was the 5th character
2018-12-15 23:35:22,311:INFO:

2018-12-15 23:35:22,369:INFO:The length of 'T4st!ng' is 7
2018-12-15 23:35:22,369:INFO:As a list it looks like this ['T', '4', 's', 't', '!', 'n', 'g']
2018-12-15 23:35:22,370:INFO:The letters in this password are: ['T', 's', 't', 'n', 'g']
2018-12-15 23:35:22,370:INFO:The 'T' was the 1st character
2018-12-15 23:35:22,370:INFO:The 's' was the 3rd character
2018-12-15 23:35:22,370:INFO:The 't' was the 4th character
2018-12-15 23:35:22,370:INFO:The 'n' was the 6th character
2018-12-15 23:35:22,370:INFO:The 'g' was the 7th character
2018-12-15 23:35:22,371:INFO:

2018-12-15 23:35:22,371:INFO:The numbers in this password are: ['4']
2018-12-15 23:35:22,371:INFO:The '4' was the 2nd character
2018-12-15 23:35:22,371:INFO:

2018-12-15 23:35:22,371:INFO:The symbols in this password are: ['!']
2018-12-15 23:35:22,371:INFO:The '!' was the 5th character
2018-12-15 23:35:22,371:INFO:

2018-12-15 23:35:22,428:INFO:The length of 'T4st!ng' is 7
2018-12-15 23:35:22,429:INFO:As a list it looks like this ['T', '4', 's', 't', '!', 'n', 'g']
2018-12-15 23:35:22,429:INFO:The letters in this password are: ['T', 's', 't', 'n', 'g']
2018-12-15 23:35:22,429:INFO:The 'T' was the 1st character
2018-12-15 23:35:22,430:INFO:The 's' was the 3rd character
2018-12-15 23:35:22,430:INFO:The 't' was the 4th character
2018-12-15 23:35:22,430:INFO:The 'n' was the 6th character
2018-12-15 23:35:22,430:INFO:The 'g' was the 7th character
2018-12-15 23:35:22,430:INFO:

2018-12-15 23:35:22,430:INFO:The numbers in this password are: ['4']
2018-12-15 23:35:22,430:INFO:The '4' was the 2nd character
2018-12-15 23:35:22,430:INFO:

2018-12-15 23:35:22,431:INFO:The symbols in this password are: ['!']
2018-12-15 23:35:22,431:INFO:The '!' was the 5th character
2018-12-15 23:35:22,431:INFO:

2018-12-15 23:35:22,487:INFO:The length of 'T4st!ng' is 7
2018-12-15 23:35:22,488:INFO:As a list it looks like this ['T', '4', 's', 't', '!', 'n', 'g']
2018-12-15 23:35:22,488:INFO:The letters in this password are: ['T', 's', 't', 'n', 'g']
2018-12-15 23:35:22,489:INFO:The 'T' was the 1st character
2018-12-15 23:35:22,489:INFO:The 's' was the 3rd character
2018-12-15 23:35:22,489:INFO:The 't' was the 4th character
2018-12-15 23:35:22,489:INFO:The 'n' was the 6th character
2018-12-15 23:35:22,489:INFO:The 'g' was the 7th character
2018-12-15 23:35:22,489:INFO:

2018-12-15 23:35:22,490:INFO:The numbers in this password are: ['4']
2018-12-15 23:35:22,490:INFO:The '4' was the 2nd character
2018-12-15 23:35:22,490:INFO:

2018-12-15 23:35:22,490:INFO:The symbols in this password are: ['!']
2018-12-15 23:35:22,490:INFO:The '!' was the 5th character
2018-12-15 23:35:22,490:INFO:

2018-12-15 23:35:22,550:INFO:The length of 'T4st!ng' is 7
2018-12-15 23:35:22,550:INFO:As a list it looks like this ['T', '4', 's', 't', '!', 'n', 'g']
2018-12-15 23:35:22,550:INFO:The letters in this password are: ['T', 's', 't', 'n', 'g']
2018-12-15 23:35:22,550:INFO:The 'T' was the 1st character
2018-12-15 23:35:22,551:INFO:The 's' was the 3rd character
2018-12-15 23:35:22,551:INFO:The 't' was the 4th character
2018-12-15 23:35:22,551:INFO:The 'n' was the 6th character
2018-12-15 23:35:22,551:INFO:The 'g' was the 7th character
2018-12-15 23:35:22,551:INFO:

2018-12-15 23:35:22,551:INFO:The numbers in this password are: ['4']
2018-12-15 23:35:22,552:INFO:The '4' was the 2nd character
2018-12-15 23:35:22,552:INFO:

2018-12-15 23:35:22,552:INFO:The symbols in this password are: ['!']
2018-12-15 23:35:22,552:INFO:The '!' was the 5th character
2018-12-15 23:35:22,552:INFO:

2018-12-15 23:35:22,609:INFO:The length of 'T4st!ng' is 7
2018-12-15 23:35:22,609:INFO:As a list it looks like this ['T', '4', 's', 't', '!', 'n', 'g']
2018-12-15 23:35:22,610:INFO:The letters in this password are: ['T', 's', 't', 'n', 'g']
2018-12-15 23:35:22,610:INFO:The 'T' was the 1st character
2018-12-15 23:35:22,610:INFO:The 's' was the 3rd character
2018-12-15 23:35:22,611:INFO:The 't' was the 4th character
2018-12-15 23:35:22,611:INFO:The 'n' was the 6th character
2018-12-15 23:35:22,611:INFO:The 'g' was the 7th character
2018-12-15 23:35:22,611:INFO:

2018-12-15 23:35:22,612:INFO:The numbers in this password are: ['4']
2018-12-15 23:35:22,612:INFO:The '4' was the 2nd character
2018-12-15 23:35:22,612:INFO:

2018-12-15 23:35:22,612:INFO:The symbols in this password are: ['!']
2018-12-15 23:35:22,612:INFO:The '!' was the 5th character
2018-12-15 23:35:22,612:INFO:

2018-12-15 23:35:22,672:INFO:The length of 'T4st!ng' is 7
2018-12-15 23:35:22,672:INFO:As a list it looks like this ['T', '4', 's', 't', '!', 'n', 'g']
2018-12-15 23:35:22,672:INFO:The letters in this password are: ['T', 's', 't', 'n', 'g']
2018-12-15 23:35:22,672:INFO:The 'T' was the 1st character
2018-12-15 23:35:22,673:INFO:The 's' was the 3rd character
2018-12-15 23:35:22,673:INFO:The 't' was the 4th character
2018-12-15 23:35:22,673:INFO:The 'n' was the 6th character
2018-12-15 23:35:22,673:INFO:The 'g' was the 7th character
2018-12-15 23:35:22,673:INFO:

2018-12-15 23:35:22,673:INFO:The numbers in this password are: ['4']
2018-12-15 23:35:22,673:INFO:The '4' was the 2nd character
2018-12-15 23:35:22,673:INFO:

2018-12-15 23:35:22,674:INFO:The symbols in this password are: ['!']
2018-12-15 23:35:22,674:INFO:The '!' was the 5th character
2018-12-15 23:35:22,674:INFO:

2018-12-15 23:35:22,732:INFO:The length of 'T4st!ng' is 7
2018-12-15 23:35:22,733:INFO:As a list it looks like this ['T', '4', 's', 't', '!', 'n', 'g']
2018-12-15 23:35:22,733:INFO:The letters in this password are: ['T', 's', 't', 'n', 'g']
2018-12-15 23:35:22,733:INFO:The 'T' was the 1st character
2018-12-15 23:35:22,734:INFO:The 's' was the 3rd character
2018-12-15 23:35:22,734:INFO:The 't' was the 4th character
2018-12-15 23:35:22,734:INFO:The 'n' was the 6th character
2018-12-15 23:35:22,734:INFO:The 'g' was the 7th character
2018-12-15 23:35:22,734:INFO:

2018-12-15 23:35:22,734:INFO:The numbers in this password are: ['4']
2018-12-15 23:35:22,734:INFO:The '4' was the 2nd character
2018-12-15 23:35:22,735:INFO:

2018-12-15 23:35:22,735:INFO:The symbols in this password are: ['!']
2018-12-15 23:35:22,735:INFO:The '!' was the 5th character
2018-12-15 23:35:22,735:INFO:

2018-12-15 23:35:22,790:INFO:The length of 'T4st!ng' is 7
2018-12-15 23:35:22,791:INFO:As a list it looks like this ['T', '4', 's', 't', '!', 'n', 'g']
2018-12-15 23:35:22,791:INFO:The letters in this password are: ['T', 's', 't', 'n', 'g']
2018-12-15 23:35:22,791:INFO:The 'T' was the 1st character
2018-12-15 23:35:22,791:INFO:The 's' was the 3rd character
2018-12-15 23:35:22,791:INFO:The 't' was the 4th character
2018-12-15 23:35:22,791:INFO:The 'n' was the 6th character
2018-12-15 23:35:22,791:INFO:The 'g' was the 7th character
2018-12-15 23:35:22,792:INFO:

2018-12-15 23:35:22,792:INFO:The numbers in this password are: ['4']
2018-12-15 23:35:22,792:INFO:The '4' was the 2nd character
2018-12-15 23:35:22,792:INFO:

2018-12-15 23:35:22,792:INFO:The symbols in this password are: ['!']
2018-12-15 23:35:22,792:INFO:The '!' was the 5th character
2018-12-15 23:35:22,792:INFO:

2018-12-15 23:35:22,852:INFO:The length of 'T4st!ng' is 7
2018-12-15 23:35:22,852:INFO:As a list it looks like this ['T', '4', 's', 't', '!', 'n', 'g']
2018-12-15 23:35:22,853:INFO:The letters in this password are: ['T', 's', 't', 'n', 'g']
2018-12-15 23:35:22,853:INFO:The 'T' was the 1st character
2018-12-15 23:35:22,853:INFO:The 's' was the 3rd character
2018-12-15 23:35:22,853:INFO:The 't' was the 4th character
2018-12-15 23:35:22,853:INFO:The 'n' was the 6th character
2018-12-15 23:35:22,853:INFO:The 'g' was the 7th character
2018-12-15 23:35:22,853:INFO:

2018-12-15 23:35:22,854:INFO:The numbers in this password are: ['4']
2018-12-15 23:35:22,854:INFO:The '4' was the 2nd character
2018-12-15 23:35:22,854:INFO:

2018-12-15 23:35:22,854:INFO:The symbols in this password are: ['!']
2018-12-15 23:35:22,854:INFO:The '!' was the 5th character
2018-12-15 23:35:22,854:INFO:

2018-12-15 23:35:22,911:INFO:The length of 'T4st!ng' is 7
2018-12-15 23:35:22,911:INFO:As a list it looks like this ['T', '4', 's', 't', '!', 'n', 'g']
2018-12-15 23:35:22,912:INFO:The letters in this password are: ['T', 's', 't', 'n', 'g']
2018-12-15 23:35:22,912:INFO:The 'T' was the 1st character
2018-12-15 23:35:22,912:INFO:The 's' was the 3rd character
2018-12-15 23:35:22,912:INFO:The 't' was the 4th character
2018-12-15 23:35:22,912:INFO:The 'n' was the 6th character
2018-12-15 23:35:22,913:INFO:The 'g' was the 7th character
2018-12-15 23:35:22,913:INFO:

2018-12-15 23:35:22,913:INFO:The numbers in this password are: ['4']
2018-12-15 23:35:22,913:INFO:The '4' was the 2nd character
2018-12-15 23:35:22,913:INFO:

2018-12-15 23:35:22,913:INFO:The symbols in this password are: ['!']
2018-12-15 23:35:22,914:INFO:The '!' was the 5th character
2018-12-15 23:35:22,914:INFO:

2018-12-15 23:35:22,976:INFO:The length of 'T4st!ng' is 7
2018-12-15 23:35:22,977:INFO:As a list it looks like this ['T', '4', 's', 't', '!', 'n', 'g']
2018-12-15 23:35:22,977:INFO:The letters in this password are: ['T', 's', 't', 'n', 'g']
2018-12-15 23:35:22,977:INFO:The 'T' was the 1st character
2018-12-15 23:35:22,977:INFO:The 's' was the 3rd character
2018-12-15 23:35:22,978:INFO:The 't' was the 4th character
2018-12-15 23:35:22,978:INFO:The 'n' was the 6th character
2018-12-15 23:35:22,978:INFO:The 'g' was the 7th character
2018-12-15 23:35:22,978:INFO:

2018-12-15 23:35:22,978:INFO:The numbers in this password are: ['4']
2018-12-15 23:35:22,978:INFO:The '4' was the 2nd character
2018-12-15 23:35:22,978:INFO:

2018-12-15 23:35:22,981:INFO:The symbols in this password are: ['!']
2018-12-15 23:35:22,981:INFO:The '!' was the 5th character
2018-12-15 23:35:22,981:INFO:

2018-12-15 23:35:23,038:INFO:The length of 'T4st!ng' is 7
2018-12-15 23:35:23,039:INFO:As a list it looks like this ['T', '4', 's', 't', '!', 'n', 'g']
2018-12-15 23:35:23,039:INFO:The letters in this password are: ['T', 's', 't', 'n', 'g']
2018-12-15 23:35:23,039:INFO:The 'T' was the 1st character
2018-12-15 23:35:23,039:INFO:The 's' was the 3rd character
2018-12-15 23:35:23,039:INFO:The 't' was the 4th character
2018-12-15 23:35:23,040:INFO:The 'n' was the 6th character
2018-12-15 23:35:23,040:INFO:The 'g' was the 7th character
2018-12-15 23:35:23,040:INFO:

2018-12-15 23:35:23,040:INFO:The numbers in this password are: ['4']
2018-12-15 23:35:23,040:INFO:The '4' was the 2nd character
2018-12-15 23:35:23,040:INFO:

2018-12-15 23:35:23,041:INFO:The symbols in this password are: ['!']
2018-12-15 23:35:23,041:INFO:The '!' was the 5th character
2018-12-15 23:35:23,041:INFO:

2018-12-15 23:35:23,098:INFO:The length of 'T4st!ng' is 7
2018-12-15 23:35:23,098:INFO:As a list it looks like this ['T', '4', 's', 't', '!', 'n', 'g']
2018-12-15 23:35:23,099:INFO:The letters in this password are: ['T', 's', 't', 'n', 'g']
2018-12-15 23:35:23,099:INFO:The 'T' was the 1st character
2018-12-15 23:35:23,099:INFO:The 's' was the 3rd character
2018-12-15 23:35:23,099:INFO:The 't' was the 4th character
2018-12-15 23:35:23,099:INFO:The 'n' was the 6th character
2018-12-15 23:35:23,100:INFO:The 'g' was the 7th character
2018-12-15 23:35:23,100:INFO:

2018-12-15 23:35:23,100:INFO:The numbers in this password are: ['4']
2018-12-15 23:35:23,100:INFO:The '4' was the 2nd character
2018-12-15 23:35:23,100:INFO:

2018-12-15 23:35:23,100:INFO:The symbols in this password are: ['!']
2018-12-15 23:35:23,100:INFO:The '!' was the 5th character
2018-12-15 23:35:23,101:INFO:

2018-12-15 23:35:23,165:INFO:The length of 'T4st!ng' is 7
2018-12-15 23:35:23,165:INFO:As a list it looks like this ['T', '4', 's', 't', '!', 'n', 'g']
2018-12-15 23:35:23,165:INFO:The letters in this password are: ['T', 's', 't', 'n', 'g']
2018-12-15 23:35:23,165:INFO:The 'T' was the 1st character
2018-12-15 23:35:23,165:INFO:The 's' was the 3rd character
2018-12-15 23:35:23,166:INFO:The 't' was the 4th character
2018-12-15 23:35:23,166:INFO:The 'n' was the 6th character
2018-12-15 23:35:23,166:INFO:The 'g' was the 7th character
2018-12-15 23:35:23,166:INFO:

2018-12-15 23:35:23,166:INFO:The numbers in this password are: ['4']
2018-12-15 23:35:23,166:INFO:The '4' was the 2nd character
2018-12-15 23:35:23,166:INFO:

2018-12-15 23:35:23,166:INFO:The symbols in this password are: ['!']
2018-12-15 23:35:23,167:INFO:The '!' was the 5th character
2018-12-15 23:35:23,167:INFO:

2018-12-15 23:35:23,228:INFO:The length of 'T4st!ng' is 7
2018-12-15 23:35:23,229:INFO:As a list it looks like this ['T', '4', 's', 't', '!', 'n', 'g']
2018-12-15 23:35:23,229:INFO:The letters in this password are: ['T', 's', 't', 'n', 'g']
2018-12-15 23:35:23,229:INFO:The 'T' was the 1st character
2018-12-15 23:35:23,229:INFO:The 's' was the 3rd character
2018-12-15 23:35:23,229:INFO:The 't' was the 4th character
2018-12-15 23:35:23,230:INFO:The 'n' was the 6th character
2018-12-15 23:35:23,230:INFO:The 'g' was the 7th character
2018-12-15 23:35:23,230:INFO:

2018-12-15 23:35:23,230:INFO:The numbers in this password are: ['4']
2018-12-15 23:35:23,230:INFO:The '4' was the 2nd character
2018-12-15 23:35:23,230:INFO:

2018-12-15 23:35:23,230:INFO:The symbols in this password are: ['!']
2018-12-15 23:35:23,230:INFO:The '!' was the 5th character
2018-12-15 23:35:23,231:INFO:

2018-12-15 23:35:23,287:INFO:The length of 'T4st!ng' is 7
2018-12-15 23:35:23,288:INFO:As a list it looks like this ['T', '4', 's', 't', '!', 'n', 'g']
2018-12-15 23:35:23,288:INFO:The letters in this password are: ['T', 's', 't', 'n', 'g']
2018-12-15 23:35:23,288:INFO:The 'T' was the 1st character
2018-12-15 23:35:23,288:INFO:The 's' was the 3rd character
2018-12-15 23:35:23,288:INFO:The 't' was the 4th character
2018-12-15 23:35:23,289:INFO:The 'n' was the 6th character
2018-12-15 23:35:23,289:INFO:The 'g' was the 7th character
2018-12-15 23:35:23,289:INFO:

2018-12-15 23:35:23,289:INFO:The numbers in this password are: ['4']
2018-12-15 23:35:23,289:INFO:The '4' was the 2nd character
2018-12-15 23:35:23,289:INFO:

2018-12-15 23:35:23,290:INFO:The symbols in this password are: ['!']
2018-12-15 23:35:23,290:INFO:The '!' was the 5th character
2018-12-15 23:35:23,290:INFO:

2018-12-15 23:35:23,361:INFO:The length of 'T4st!ng' is 7
2018-12-15 23:35:23,361:INFO:As a list it looks like this ['T', '4', 's', 't', '!', 'n', 'g']
2018-12-15 23:35:23,361:INFO:The letters in this password are: ['T', 's', 't', 'n', 'g']
2018-12-15 23:35:23,361:INFO:The 'T' was the 1st character
2018-12-15 23:35:23,362:INFO:The 's' was the 3rd character
2018-12-15 23:35:23,362:INFO:The 't' was the 4th character
2018-12-15 23:35:23,362:INFO:The 'n' was the 6th character
2018-12-15 23:35:23,362:INFO:The 'g' was the 7th character
2018-12-15 23:35:23,362:INFO:

2018-12-15 23:35:23,362:INFO:The numbers in this password are: ['4']
2018-12-15 23:35:23,362:INFO:The '4' was the 2nd character
2018-12-15 23:35:23,362:INFO:

2018-12-15 23:35:23,363:INFO:The symbols in this password are: ['!']
2018-12-15 23:35:23,363:INFO:The '!' was the 5th character
2018-12-15 23:35:23,363:INFO:

2018-12-15 23:35:23,424:INFO:The length of 'T4st!ng' is 7
2018-12-15 23:35:23,424:INFO:As a list it looks like this ['T', '4', 's', 't', '!', 'n', 'g']
2018-12-15 23:35:23,425:INFO:The letters in this password are: ['T', 's', 't', 'n', 'g']
2018-12-15 23:35:23,425:INFO:The 'T' was the 1st character
2018-12-15 23:35:23,425:INFO:The 's' was the 3rd character
2018-12-15 23:35:23,425:INFO:The 't' was the 4th character
2018-12-15 23:35:23,425:INFO:The 'n' was the 6th character
2018-12-15 23:35:23,426:INFO:The 'g' was the 7th character
2018-12-15 23:35:23,426:INFO:

2018-12-15 23:35:23,426:INFO:The numbers in this password are: ['4']
2018-12-15 23:35:23,426:INFO:The '4' was the 2nd character
2018-12-15 23:35:23,426:INFO:

2018-12-15 23:35:23,426:INFO:The symbols in this password are: ['!']
2018-12-15 23:35:23,427:INFO:The '!' was the 5th character
2018-12-15 23:35:23,427:INFO:

2018-12-15 23:35:23,488:INFO:The length of 'T4st!ng' is 7
2018-12-15 23:35:23,488:INFO:As a list it looks like this ['T', '4', 's', 't', '!', 'n', 'g']
2018-12-15 23:35:23,489:INFO:The letters in this password are: ['T', 's', 't', 'n', 'g']
2018-12-15 23:35:23,489:INFO:The 'T' was the 1st character
2018-12-15 23:35:23,489:INFO:The 's' was the 3rd character
2018-12-15 23:35:23,489:INFO:The 't' was the 4th character
2018-12-15 23:35:23,490:INFO:The 'n' was the 6th character
2018-12-15 23:35:23,490:INFO:The 'g' was the 7th character
2018-12-15 23:35:23,490:INFO:

2018-12-15 23:35:23,490:INFO:The numbers in this password are: ['4']
2018-12-15 23:35:23,490:INFO:The '4' was the 2nd character
2018-12-15 23:35:23,490:INFO:

2018-12-15 23:35:23,491:INFO:The symbols in this password are: ['!']
2018-12-15 23:35:23,491:INFO:The '!' was the 5th character
2018-12-15 23:35:23,491:INFO:

2018-12-15 23:35:23,558:INFO:The length of 'T4st!ng' is 7
2018-12-15 23:35:23,559:INFO:As a list it looks like this ['T', '4', 's', 't', '!', 'n', 'g']
2018-12-15 23:35:23,559:INFO:The letters in this password are: ['T', 's', 't', 'n', 'g']
2018-12-15 23:35:23,560:INFO:The 'T' was the 1st character
2018-12-15 23:35:23,560:INFO:The 's' was the 3rd character
2018-12-15 23:35:23,560:INFO:The 't' was the 4th character
2018-12-15 23:35:23,560:INFO:The 'n' was the 6th character
2018-12-15 23:35:23,560:INFO:The 'g' was the 7th character
2018-12-15 23:35:23,560:INFO:

2018-12-15 23:35:23,561:INFO:The numbers in this password are: ['4']
2018-12-15 23:35:23,561:INFO:The '4' was the 2nd character
2018-12-15 23:35:23,561:INFO:

2018-12-15 23:35:23,561:INFO:The symbols in this password are: ['!']
2018-12-15 23:35:23,561:INFO:The '!' was the 5th character
2018-12-15 23:35:23,561:INFO:

2018-12-15 23:35:23,629:INFO:The length of 'T4st!ng' is 7
2018-12-15 23:35:23,629:INFO:As a list it looks like this ['T', '4', 's', 't', '!', 'n', 'g']
2018-12-15 23:35:23,629:INFO:The letters in this password are: ['T', 's', 't', 'n', 'g']
2018-12-15 23:35:23,629:INFO:The 'T' was the 1st character
2018-12-15 23:35:23,630:INFO:The 's' was the 3rd character
2018-12-15 23:35:23,630:INFO:The 't' was the 4th character
2018-12-15 23:35:23,630:INFO:The 'n' was the 6th character
2018-12-15 23:35:23,630:INFO:The 'g' was the 7th character
2018-12-15 23:35:23,630:INFO:

2018-12-15 23:35:23,630:INFO:The numbers in this password are: ['4']
2018-12-15 23:35:23,630:INFO:The '4' was the 2nd character
2018-12-15 23:35:23,631:INFO:

2018-12-15 23:35:23,631:INFO:The symbols in this password are: ['!']
2018-12-15 23:35:23,631:INFO:The '!' was the 5th character
2018-12-15 23:35:23,631:INFO:

2018-12-15 23:35:23,693:INFO:The length of 'T4st!ng' is 7
2018-12-15 23:35:23,693:INFO:As a list it looks like this ['T', '4', 's', 't', '!', 'n', 'g']
2018-12-15 23:35:23,694:INFO:The letters in this password are: ['T', 's', 't', 'n', 'g']
2018-12-15 23:35:23,694:INFO:The 'T' was the 1st character
2018-12-15 23:35:23,694:INFO:The 's' was the 3rd character
2018-12-15 23:35:23,694:INFO:The 't' was the 4th character
2018-12-15 23:35:23,695:INFO:The 'n' was the 6th character
2018-12-15 23:35:23,695:INFO:The 'g' was the 7th character
2018-12-15 23:35:23,695:INFO:

2018-12-15 23:35:23,695:INFO:The numbers in this password are: ['4']
2018-12-15 23:35:23,695:INFO:The '4' was the 2nd character
2018-12-15 23:35:23,695:INFO:

2018-12-15 23:35:23,696:INFO:The symbols in this password are: ['!']
2018-12-15 23:35:23,696:INFO:The '!' was the 5th character
2018-12-15 23:35:23,696:INFO:

2018-12-15 23:35:23,763:INFO:The length of 'T4st!ng' is 7
2018-12-15 23:35:23,763:INFO:As a list it looks like this ['T', '4', 's', 't', '!', 'n', 'g']
2018-12-15 23:35:23,764:INFO:The letters in this password are: ['T', 's', 't', 'n', 'g']
2018-12-15 23:35:23,764:INFO:The 'T' was the 1st character
2018-12-15 23:35:23,764:INFO:The 's' was the 3rd character
2018-12-15 23:35:23,764:INFO:The 't' was the 4th character
2018-12-15 23:35:23,764:INFO:The 'n' was the 6th character
2018-12-15 23:35:23,764:INFO:The 'g' was the 7th character
2018-12-15 23:35:23,764:INFO:

2018-12-15 23:35:23,765:INFO:The numbers in this password are: ['4']
2018-12-15 23:35:23,765:INFO:The '4' was the 2nd character
2018-12-15 23:35:23,765:INFO:

2018-12-15 23:35:23,765:INFO:The symbols in this password are: ['!']
2018-12-15 23:35:23,765:INFO:The '!' was the 5th character
2018-12-15 23:35:23,765:INFO:

2018-12-15 23:35:23,825:INFO:The length of 'T4st!ng' is 7
2018-12-15 23:35:23,825:INFO:As a list it looks like this ['T', '4', 's', 't', '!', 'n', 'g']
2018-12-15 23:35:23,825:INFO:The letters in this password are: ['T', 's', 't', 'n', 'g']
2018-12-15 23:35:23,825:INFO:The 'T' was the 1st character
2018-12-15 23:35:23,826:INFO:The 's' was the 3rd character
2018-12-15 23:35:23,826:INFO:The 't' was the 4th character
2018-12-15 23:35:23,826:INFO:The 'n' was the 6th character
2018-12-15 23:35:23,826:INFO:The 'g' was the 7th character
2018-12-15 23:35:23,826:INFO:

2018-12-15 23:35:23,826:INFO:The numbers in this password are: ['4']
2018-12-15 23:35:23,826:INFO:The '4' was the 2nd character
2018-12-15 23:35:23,826:INFO:

2018-12-15 23:35:23,827:INFO:The symbols in this password are: ['!']
2018-12-15 23:35:23,827:INFO:The '!' was the 5th character
2018-12-15 23:35:23,827:INFO:

2018-12-15 23:35:23,889:INFO:The length of 'T4st!ng' is 7
2018-12-15 23:35:23,890:INFO:As a list it looks like this ['T', '4', 's', 't', '!', 'n', 'g']
2018-12-15 23:35:23,890:INFO:The letters in this password are: ['T', 's', 't', 'n', 'g']
2018-12-15 23:35:23,890:INFO:The 'T' was the 1st character
2018-12-15 23:35:23,890:INFO:The 's' was the 3rd character
2018-12-15 23:35:23,891:INFO:The 't' was the 4th character
2018-12-15 23:35:23,891:INFO:The 'n' was the 6th character
2018-12-15 23:35:23,891:INFO:The 'g' was the 7th character
2018-12-15 23:35:23,891:INFO:

2018-12-15 23:35:23,891:INFO:The numbers in this password are: ['4']
2018-12-15 23:35:23,892:INFO:The '4' was the 2nd character
2018-12-15 23:35:23,892:INFO:

2018-12-15 23:35:23,892:INFO:The symbols in this password are: ['!']
2018-12-15 23:35:23,892:INFO:The '!' was the 5th character
2018-12-15 23:35:23,893:INFO:

2018-12-15 23:35:23,953:INFO:The length of 'T4st!ng' is 7
2018-12-15 23:35:23,953:INFO:As a list it looks like this ['T', '4', 's', 't', '!', 'n', 'g']
2018-12-15 23:35:23,953:INFO:The letters in this password are: ['T', 's', 't', 'n', 'g']
2018-12-15 23:35:23,953:INFO:The 'T' was the 1st character
2018-12-15 23:35:23,954:INFO:The 's' was the 3rd character
2018-12-15 23:35:23,954:INFO:The 't' was the 4th character
2018-12-15 23:35:23,954:INFO:The 'n' was the 6th character
2018-12-15 23:35:23,954:INFO:The 'g' was the 7th character
2018-12-15 23:35:23,954:INFO:

2018-12-15 23:35:23,954:INFO:The numbers in this password are: ['4']
2018-12-15 23:35:23,954:INFO:The '4' was the 2nd character
2018-12-15 23:35:23,954:INFO:

2018-12-15 23:35:23,955:INFO:The symbols in this password are: ['!']
2018-12-15 23:35:23,955:INFO:The '!' was the 5th character
2018-12-15 23:35:23,955:INFO:

2018-12-15 23:35:24,017:INFO:The length of 'T4st!ng' is 7
2018-12-15 23:35:24,017:INFO:As a list it looks like this ['T', '4', 's', 't', '!', 'n', 'g']
2018-12-15 23:35:24,017:INFO:The letters in this password are: ['T', 's', 't', 'n', 'g']
2018-12-15 23:35:24,017:INFO:The 'T' was the 1st character
2018-12-15 23:35:24,017:INFO:The 's' was the 3rd character
2018-12-15 23:35:24,018:INFO:The 't' was the 4th character
2018-12-15 23:35:24,018:INFO:The 'n' was the 6th character
2018-12-15 23:35:24,018:INFO:The 'g' was the 7th character
2018-12-15 23:35:24,018:INFO:

2018-12-15 23:35:24,018:INFO:The numbers in this password are: ['4']
2018-12-15 23:35:24,018:INFO:The '4' was the 2nd character
2018-12-15 23:35:24,018:INFO:

2018-12-15 23:35:24,019:INFO:The symbols in this password are: ['!']
2018-12-15 23:35:24,019:INFO:The '!' was the 5th character
2018-12-15 23:35:24,019:INFO:

2018-12-15 23:35:24,074:INFO:The length of 'T4st!ng' is 7
2018-12-15 23:35:24,075:INFO:As a list it looks like this ['T', '4', 's', 't', '!', 'n', 'g']
2018-12-15 23:35:24,075:INFO:The letters in this password are: ['T', 's', 't', 'n', 'g']
2018-12-15 23:35:24,075:INFO:The 'T' was the 1st character
2018-12-15 23:35:24,076:INFO:The 's' was the 3rd character
2018-12-15 23:35:24,076:INFO:The 't' was the 4th character
2018-12-15 23:35:24,076:INFO:The 'n' was the 6th character
2018-12-15 23:35:24,076:INFO:The 'g' was the 7th character
2018-12-15 23:35:24,076:INFO:

2018-12-15 23:35:24,076:INFO:The numbers in this password are: ['4']
2018-12-15 23:35:24,076:INFO:The '4' was the 2nd character
2018-12-15 23:35:24,076:INFO:

2018-12-15 23:35:24,076:INFO:The symbols in this password are: ['!']
2018-12-15 23:35:24,077:INFO:The '!' was the 5th character
2018-12-15 23:35:24,077:INFO:

2018-12-15 23:35:24,135:INFO:The length of 'T4st!ng' is 7
2018-12-15 23:35:24,135:INFO:As a list it looks like this ['T', '4', 's', 't', '!', 'n', 'g']
2018-12-15 23:35:24,136:INFO:The letters in this password are: ['T', 's', 't', 'n', 'g']
2018-12-15 23:35:24,136:INFO:The 'T' was the 1st character
2018-12-15 23:35:24,136:INFO:The 's' was the 3rd character
2018-12-15 23:35:24,136:INFO:The 't' was the 4th character
2018-12-15 23:35:24,136:INFO:The 'n' was the 6th character
2018-12-15 23:35:24,136:INFO:The 'g' was the 7th character
2018-12-15 23:35:24,137:INFO:

2018-12-15 23:35:24,137:INFO:The numbers in this password are: ['4']
2018-12-15 23:35:24,137:INFO:The '4' was the 2nd character
2018-12-15 23:35:24,137:INFO:

2018-12-15 23:35:24,137:INFO:The symbols in this password are: ['!']
2018-12-15 23:35:24,138:INFO:The '!' was the 5th character
2018-12-15 23:35:24,138:INFO:

2018-12-15 23:35:24,196:INFO:The length of 'T4st!ng' is 7
2018-12-15 23:35:24,196:INFO:As a list it looks like this ['T', '4', 's', 't', '!', 'n', 'g']
2018-12-15 23:35:24,197:INFO:The letters in this password are: ['T', 's', 't', 'n', 'g']
2018-12-15 23:35:24,197:INFO:The 'T' was the 1st character
2018-12-15 23:35:24,197:INFO:The 's' was the 3rd character
2018-12-15 23:35:24,197:INFO:The 't' was the 4th character
2018-12-15 23:35:24,197:INFO:The 'n' was the 6th character
2018-12-15 23:35:24,197:INFO:The 'g' was the 7th character
2018-12-15 23:35:24,198:INFO:

2018-12-15 23:35:24,198:INFO:The numbers in this password are: ['4']
2018-12-15 23:35:24,198:INFO:The '4' was the 2nd character
2018-12-15 23:35:24,198:INFO:

2018-12-15 23:35:24,198:INFO:The symbols in this password are: ['!']
2018-12-15 23:35:24,198:INFO:The '!' was the 5th character
2018-12-15 23:35:24,198:INFO:

2018-12-15 23:35:24,260:INFO:The length of 'T4st!ng' is 7
2018-12-15 23:35:24,260:INFO:As a list it looks like this ['T', '4', 's', 't', '!', 'n', 'g']
2018-12-15 23:35:24,260:INFO:The letters in this password are: ['T', 's', 't', 'n', 'g']
2018-12-15 23:35:24,260:INFO:The 'T' was the 1st character
2018-12-15 23:35:24,260:INFO:The 's' was the 3rd character
2018-12-15 23:35:24,261:INFO:The 't' was the 4th character
2018-12-15 23:35:24,261:INFO:The 'n' was the 6th character
2018-12-15 23:35:24,261:INFO:The 'g' was the 7th character
2018-12-15 23:35:24,261:INFO:

2018-12-15 23:35:24,261:INFO:The numbers in this password are: ['4']
2018-12-15 23:35:24,261:INFO:The '4' was the 2nd character
2018-12-15 23:35:24,261:INFO:

2018-12-15 23:35:24,262:INFO:The symbols in this password are: ['!']
2018-12-15 23:35:24,262:INFO:The '!' was the 5th character
2018-12-15 23:35:24,262:INFO:

2018-12-15 23:35:24,325:INFO:The length of 'T4st!ng' is 7
2018-12-15 23:35:24,326:INFO:As a list it looks like this ['T', '4', 's', 't', '!', 'n', 'g']
2018-12-15 23:35:24,326:INFO:The letters in this password are: ['T', 's', 't', 'n', 'g']
2018-12-15 23:35:24,326:INFO:The 'T' was the 1st character
2018-12-15 23:35:24,326:INFO:The 's' was the 3rd character
2018-12-15 23:35:24,326:INFO:The 't' was the 4th character
2018-12-15 23:35:24,327:INFO:The 'n' was the 6th character
2018-12-15 23:35:24,327:INFO:The 'g' was the 7th character
2018-12-15 23:35:24,327:INFO:

2018-12-15 23:35:24,327:INFO:The numbers in this password are: ['4']
2018-12-15 23:35:24,327:INFO:The '4' was the 2nd character
2018-12-15 23:35:24,327:INFO:

2018-12-15 23:35:24,327:INFO:The symbols in this password are: ['!']
2018-12-15 23:35:24,327:INFO:The '!' was the 5th character
2018-12-15 23:35:24,327:INFO:

2018-12-15 23:35:24,385:INFO:The length of 'T4st!ng' is 7
2018-12-15 23:35:24,385:INFO:As a list it looks like this ['T', '4', 's', 't', '!', 'n', 'g']
2018-12-15 23:35:24,385:INFO:The letters in this password are: ['T', 's', 't', 'n', 'g']
2018-12-15 23:35:24,386:INFO:The 'T' was the 1st character
2018-12-15 23:35:24,386:INFO:The 's' was the 3rd character
2018-12-15 23:35:24,386:INFO:The 't' was the 4th character
2018-12-15 23:35:24,386:INFO:The 'n' was the 6th character
2018-12-15 23:35:24,386:INFO:The 'g' was the 7th character
2018-12-15 23:35:24,386:INFO:

2018-12-15 23:35:24,386:INFO:The numbers in this password are: ['4']
2018-12-15 23:35:24,386:INFO:The '4' was the 2nd character
2018-12-15 23:35:24,387:INFO:

2018-12-15 23:35:24,387:INFO:The symbols in this password are: ['!']
2018-12-15 23:35:24,387:INFO:The '!' was the 5th character
2018-12-15 23:35:24,387:INFO:

2018-12-15 23:35:24,446:INFO:The length of 'T4st!ng' is 7
2018-12-15 23:35:24,447:INFO:As a list it looks like this ['T', '4', 's', 't', '!', 'n', 'g']
2018-12-15 23:35:24,447:INFO:The letters in this password are: ['T', 's', 't', 'n', 'g']
2018-12-15 23:35:24,447:INFO:The 'T' was the 1st character
2018-12-15 23:35:24,447:INFO:The 's' was the 3rd character
2018-12-15 23:35:24,447:INFO:The 't' was the 4th character
2018-12-15 23:35:24,448:INFO:The 'n' was the 6th character
2018-12-15 23:35:24,448:INFO:The 'g' was the 7th character
2018-12-15 23:35:24,448:INFO:

2018-12-15 23:35:24,448:INFO:The numbers in this password are: ['4']
2018-12-15 23:35:24,448:INFO:The '4' was the 2nd character
2018-12-15 23:35:24,448:INFO:

2018-12-15 23:35:24,448:INFO:The symbols in this password are: ['!']
2018-12-15 23:35:24,449:INFO:The '!' was the 5th character
2018-12-15 23:35:24,449:INFO:

2018-12-15 23:35:24,509:INFO:The length of 'T4st!ng' is 7
2018-12-15 23:35:24,509:INFO:As a list it looks like this ['T', '4', 's', 't', '!', 'n', 'g']
2018-12-15 23:35:24,510:INFO:The letters in this password are: ['T', 's', 't', 'n', 'g']
2018-12-15 23:35:24,510:INFO:The 'T' was the 1st character
2018-12-15 23:35:24,510:INFO:The 's' was the 3rd character
2018-12-15 23:35:24,510:INFO:The 't' was the 4th character
2018-12-15 23:35:24,510:INFO:The 'n' was the 6th character
2018-12-15 23:35:24,511:INFO:The 'g' was the 7th character
2018-12-15 23:35:24,511:INFO:

2018-12-15 23:35:24,511:INFO:The numbers in this password are: ['4']
2018-12-15 23:35:24,511:INFO:The '4' was the 2nd character
2018-12-15 23:35:24,511:INFO:

2018-12-15 23:35:24,511:INFO:The symbols in this password are: ['!']
2018-12-15 23:35:24,512:INFO:The '!' was the 5th character
2018-12-15 23:35:24,512:INFO:

2018-12-15 23:35:24,576:INFO:The length of 'T4st!ng' is 7
2018-12-15 23:35:24,577:INFO:As a list it looks like this ['T', '4', 's', 't', '!', 'n', 'g']
2018-12-15 23:35:24,577:INFO:The letters in this password are: ['T', 's', 't', 'n', 'g']
2018-12-15 23:35:24,578:INFO:The 'T' was the 1st character
2018-12-15 23:35:24,578:INFO:The 's' was the 3rd character
2018-12-15 23:35:24,578:INFO:The 't' was the 4th character
2018-12-15 23:35:24,578:INFO:The 'n' was the 6th character
2018-12-15 23:35:24,578:INFO:The 'g' was the 7th character
2018-12-15 23:35:24,579:INFO:

2018-12-15 23:35:24,579:INFO:The numbers in this password are: ['4']
2018-12-15 23:35:24,579:INFO:The '4' was the 2nd character
2018-12-15 23:35:24,579:INFO:

2018-12-15 23:35:24,579:INFO:The symbols in this password are: ['!']
2018-12-15 23:35:24,579:INFO:The '!' was the 5th character
2018-12-15 23:35:24,580:INFO:

2018-12-15 23:35:24,638:INFO:The length of 'T4st!ng' is 7
2018-12-15 23:35:24,639:INFO:As a list it looks like this ['T', '4', 's', 't', '!', 'n', 'g']
2018-12-15 23:35:24,639:INFO:The letters in this password are: ['T', 's', 't', 'n', 'g']
2018-12-15 23:35:24,639:INFO:The 'T' was the 1st character
2018-12-15 23:35:24,639:INFO:The 's' was the 3rd character
2018-12-15 23:35:24,639:INFO:The 't' was the 4th character
2018-12-15 23:35:24,640:INFO:The 'n' was the 6th character
2018-12-15 23:35:24,640:INFO:The 'g' was the 7th character
2018-12-15 23:35:24,640:INFO:

2018-12-15 23:35:24,640:INFO:The numbers in this password are: ['4']
2018-12-15 23:35:24,640:INFO:The '4' was the 2nd character
2018-12-15 23:35:24,640:INFO:

2018-12-15 23:35:24,640:INFO:The symbols in this password are: ['!']
2018-12-15 23:35:24,640:INFO:The '!' was the 5th character
2018-12-15 23:35:24,641:INFO:

2018-12-15 23:35:24,702:INFO:The length of 'T4st!ng' is 7
2018-12-15 23:35:24,703:INFO:As a list it looks like this ['T', '4', 's', 't', '!', 'n', 'g']
2018-12-15 23:35:24,703:INFO:The letters in this password are: ['T', 's', 't', 'n', 'g']
2018-12-15 23:35:24,703:INFO:The 'T' was the 1st character
2018-12-15 23:35:24,703:INFO:The 's' was the 3rd character
2018-12-15 23:35:24,704:INFO:The 't' was the 4th character
2018-12-15 23:35:24,704:INFO:The 'n' was the 6th character
2018-12-15 23:35:24,704:INFO:The 'g' was the 7th character
2018-12-15 23:35:24,704:INFO:

2018-12-15 23:35:24,704:INFO:The numbers in this password are: ['4']
2018-12-15 23:35:24,705:INFO:The '4' was the 2nd character
2018-12-15 23:35:24,705:INFO:

2018-12-15 23:35:24,705:INFO:The symbols in this password are: ['!']
2018-12-15 23:35:24,705:INFO:The '!' was the 5th character
2018-12-15 23:35:24,705:INFO:

2018-12-15 23:35:24,768:INFO:The length of 'T4st!ng' is 7
2018-12-15 23:35:24,769:INFO:As a list it looks like this ['T', '4', 's', 't', '!', 'n', 'g']
2018-12-15 23:35:24,769:INFO:The letters in this password are: ['T', 's', 't', 'n', 'g']
2018-12-15 23:35:24,769:INFO:The 'T' was the 1st character
2018-12-15 23:35:24,769:INFO:The 's' was the 3rd character
2018-12-15 23:35:24,770:INFO:The 't' was the 4th character
2018-12-15 23:35:24,770:INFO:The 'n' was the 6th character
2018-12-15 23:35:24,770:INFO:The 'g' was the 7th character
2018-12-15 23:35:24,770:INFO:

2018-12-15 23:35:24,770:INFO:The numbers in this password are: ['4']
2018-12-15 23:35:24,770:INFO:The '4' was the 2nd character
2018-12-15 23:35:24,771:INFO:

2018-12-15 23:35:24,771:INFO:The symbols in this password are: ['!']
2018-12-15 23:35:24,771:INFO:The '!' was the 5th character
2018-12-15 23:35:24,771:INFO:

2018-12-15 23:35:24,832:INFO:The length of 'T4st!ng' is 7
2018-12-15 23:35:24,832:INFO:As a list it looks like this ['T', '4', 's', 't', '!', 'n', 'g']
2018-12-15 23:35:24,832:INFO:The letters in this password are: ['T', 's', 't', 'n', 'g']
2018-12-15 23:35:24,832:INFO:The 'T' was the 1st character
2018-12-15 23:35:24,832:INFO:The 's' was the 3rd character
2018-12-15 23:35:24,833:INFO:The 't' was the 4th character
2018-12-15 23:35:24,833:INFO:The 'n' was the 6th character
2018-12-15 23:35:24,833:INFO:The 'g' was the 7th character
2018-12-15 23:35:24,833:INFO:

2018-12-15 23:35:24,833:INFO:The numbers in this password are: ['4']
2018-12-15 23:35:24,833:INFO:The '4' was the 2nd character
2018-12-15 23:35:24,833:INFO:

2018-12-15 23:35:24,834:INFO:The symbols in this password are: ['!']
2018-12-15 23:35:24,834:INFO:The '!' was the 5th character
2018-12-15 23:35:24,834:INFO:

2018-12-15 23:35:24,898:INFO:The length of 'T4st!ng' is 7
2018-12-15 23:35:24,899:INFO:As a list it looks like this ['T', '4', 's', 't', '!', 'n', 'g']
2018-12-15 23:35:24,899:INFO:The letters in this password are: ['T', 's', 't', 'n', 'g']
2018-12-15 23:35:24,899:INFO:The 'T' was the 1st character
2018-12-15 23:35:24,900:INFO:The 's' was the 3rd character
2018-12-15 23:35:24,900:INFO:The 't' was the 4th character
2018-12-15 23:35:24,900:INFO:The 'n' was the 6th character
2018-12-15 23:35:24,900:INFO:The 'g' was the 7th character
2018-12-15 23:35:24,900:INFO:

2018-12-15 23:35:24,900:INFO:The numbers in this password are: ['4']
2018-12-15 23:35:24,900:INFO:The '4' was the 2nd character
2018-12-15 23:35:24,901:INFO:

2018-12-15 23:35:24,901:INFO:The symbols in this password are: ['!']
2018-12-15 23:35:24,901:INFO:The '!' was the 5th character
2018-12-15 23:35:24,901:INFO:

2018-12-15 23:35:24,962:INFO:The length of 'T4st!ng' is 7
2018-12-15 23:35:24,963:INFO:As a list it looks like this ['T', '4', 's', 't', '!', 'n', 'g']
2018-12-15 23:35:24,963:INFO:The letters in this password are: ['T', 's', 't', 'n', 'g']
2018-12-15 23:35:24,963:INFO:The 'T' was the 1st character
2018-12-15 23:35:24,963:INFO:The 's' was the 3rd character
2018-12-15 23:35:24,964:INFO:The 't' was the 4th character
2018-12-15 23:35:24,964:INFO:The 'n' was the 6th character
2018-12-15 23:35:24,964:INFO:The 'g' was the 7th character
2018-12-15 23:35:24,964:INFO:

2018-12-15 23:35:24,964:INFO:The numbers in this password are: ['4']
2018-12-15 23:35:24,964:INFO:The '4' was the 2nd character
2018-12-15 23:35:24,964:INFO:

2018-12-15 23:35:24,965:INFO:The symbols in this password are: ['!']
2018-12-15 23:35:24,965:INFO:The '!' was the 5th character
2018-12-15 23:35:24,965:INFO:

2018-12-15 23:35:25,025:INFO:The length of 'T4st!ng' is 7
2018-12-15 23:35:25,026:INFO:As a list it looks like this ['T', '4', 's', 't', '!', 'n', 'g']
2018-12-15 23:35:25,026:INFO:The letters in this password are: ['T', 's', 't', 'n', 'g']
2018-12-15 23:35:25,026:INFO:The 'T' was the 1st character
2018-12-15 23:35:25,026:INFO:The 's' was the 3rd character
2018-12-15 23:35:25,026:INFO:The 't' was the 4th character
2018-12-15 23:35:25,027:INFO:The 'n' was the 6th character
2018-12-15 23:35:25,027:INFO:The 'g' was the 7th character
2018-12-15 23:35:25,027:INFO:

2018-12-15 23:35:25,027:INFO:The numbers in this password are: ['4']
2018-12-15 23:35:25,027:INFO:The '4' was the 2nd character
2018-12-15 23:35:25,027:INFO:

2018-12-15 23:35:25,027:INFO:The symbols in this password are: ['!']
2018-12-15 23:35:25,028:INFO:The '!' was the 5th character
2018-12-15 23:35:25,028:INFO:

2018-12-15 23:35:25,086:INFO:The length of 'T4st!ng' is 7
2018-12-15 23:35:25,086:INFO:As a list it looks like this ['T', '4', 's', 't', '!', 'n', 'g']
2018-12-15 23:35:25,087:INFO:The letters in this password are: ['T', 's', 't', 'n', 'g']
2018-12-15 23:35:25,087:INFO:The 'T' was the 1st character
2018-12-15 23:35:25,087:INFO:The 's' was the 3rd character
2018-12-15 23:35:25,087:INFO:The 't' was the 4th character
2018-12-15 23:35:25,087:INFO:The 'n' was the 6th character
2018-12-15 23:35:25,087:INFO:The 'g' was the 7th character
2018-12-15 23:35:25,087:INFO:

2018-12-15 23:35:25,087:INFO:The numbers in this password are: ['4']
2018-12-15 23:35:25,088:INFO:The '4' was the 2nd character
2018-12-15 23:35:25,088:INFO:

2018-12-15 23:35:25,088:INFO:The symbols in this password are: ['!']
2018-12-15 23:35:25,088:INFO:The '!' was the 5th character
2018-12-15 23:35:25,088:INFO:

2018-12-15 23:35:25,153:INFO:The length of 'T4st!ng' is 7
2018-12-15 23:35:25,153:INFO:As a list it looks like this ['T', '4', 's', 't', '!', 'n', 'g']
2018-12-15 23:35:25,153:INFO:The letters in this password are: ['T', 's', 't', 'n', 'g']
2018-12-15 23:35:25,154:INFO:The 'T' was the 1st character
2018-12-15 23:35:25,154:INFO:The 's' was the 3rd character
2018-12-15 23:35:25,154:INFO:The 't' was the 4th character
2018-12-15 23:35:25,154:INFO:The 'n' was the 6th character
2018-12-15 23:35:25,154:INFO:The 'g' was the 7th character
2018-12-15 23:35:25,154:INFO:

2018-12-15 23:35:25,154:INFO:The numbers in this password are: ['4']
2018-12-15 23:35:25,154:INFO:The '4' was the 2nd character
2018-12-15 23:35:25,155:INFO:

2018-12-15 23:35:25,155:INFO:The symbols in this password are: ['!']
2018-12-15 23:35:25,155:INFO:The '!' was the 5th character
2018-12-15 23:35:25,155:INFO:

2018-12-15 23:35:25,213:INFO:The length of 'T4st!ng' is 7
2018-12-15 23:35:25,213:INFO:As a list it looks like this ['T', '4', 's', 't', '!', 'n', 'g']
2018-12-15 23:35:25,213:INFO:The letters in this password are: ['T', 's', 't', 'n', 'g']
2018-12-15 23:35:25,213:INFO:The 'T' was the 1st character
2018-12-15 23:35:25,213:INFO:The 's' was the 3rd character
2018-12-15 23:35:25,214:INFO:The 't' was the 4th character
2018-12-15 23:35:25,214:INFO:The 'n' was the 6th character
2018-12-15 23:35:25,214:INFO:The 'g' was the 7th character
2018-12-15 23:35:25,214:INFO:

2018-12-15 23:35:25,214:INFO:The numbers in this password are: ['4']
2018-12-15 23:35:25,214:INFO:The '4' was the 2nd character
2018-12-15 23:35:25,215:INFO:

2018-12-15 23:35:25,215:INFO:The symbols in this password are: ['!']
2018-12-15 23:35:25,215:INFO:The '!' was the 5th character
2018-12-15 23:35:25,215:INFO:

2018-12-15 23:35:25,272:INFO:The length of 'T4st!ng' is 7
2018-12-15 23:35:25,273:INFO:As a list it looks like this ['T', '4', 's', 't', '!', 'n', 'g']
2018-12-15 23:35:25,273:INFO:The letters in this password are: ['T', 's', 't', 'n', 'g']
2018-12-15 23:35:25,273:INFO:The 'T' was the 1st character
2018-12-15 23:35:25,273:INFO:The 's' was the 3rd character
2018-12-15 23:35:25,273:INFO:The 't' was the 4th character
2018-12-15 23:35:25,274:INFO:The 'n' was the 6th character
2018-12-15 23:35:25,274:INFO:The 'g' was the 7th character
2018-12-15 23:35:25,274:INFO:

2018-12-15 23:35:25,274:INFO:The numbers in this password are: ['4']
2018-12-15 23:35:25,274:INFO:The '4' was the 2nd character
2018-12-15 23:35:25,274:INFO:

2018-12-15 23:35:25,275:INFO:The symbols in this password are: ['!']
2018-12-15 23:35:25,275:INFO:The '!' was the 5th character
2018-12-15 23:35:25,275:INFO:

2018-12-15 23:35:25,333:INFO:The length of 'T4st!ng' is 7
2018-12-15 23:35:25,334:INFO:As a list it looks like this ['T', '4', 's', 't', '!', 'n', 'g']
2018-12-15 23:35:25,334:INFO:The letters in this password are: ['T', 's', 't', 'n', 'g']
2018-12-15 23:35:25,334:INFO:The 'T' was the 1st character
2018-12-15 23:35:25,334:INFO:The 's' was the 3rd character
2018-12-15 23:35:25,334:INFO:The 't' was the 4th character
2018-12-15 23:35:25,334:INFO:The 'n' was the 6th character
2018-12-15 23:35:25,335:INFO:The 'g' was the 7th character
2018-12-15 23:35:25,335:INFO:

2018-12-15 23:35:25,335:INFO:The numbers in this password are: ['4']
2018-12-15 23:35:25,335:INFO:The '4' was the 2nd character
2018-12-15 23:35:25,335:INFO:

2018-12-15 23:35:25,335:INFO:The symbols in this password are: ['!']
2018-12-15 23:35:25,335:INFO:The '!' was the 5th character
2018-12-15 23:35:25,336:INFO:

2018-12-15 23:35:25,395:INFO:The length of 'T4st!ng' is 7
2018-12-15 23:35:25,396:INFO:As a list it looks like this ['T', '4', 's', 't', '!', 'n', 'g']
2018-12-15 23:35:25,396:INFO:The letters in this password are: ['T', 's', 't', 'n', 'g']
2018-12-15 23:35:25,396:INFO:The 'T' was the 1st character
2018-12-15 23:35:25,396:INFO:The 's' was the 3rd character
2018-12-15 23:35:25,396:INFO:The 't' was the 4th character
2018-12-15 23:35:25,397:INFO:The 'n' was the 6th character
2018-12-15 23:35:25,397:INFO:The 'g' was the 7th character
2018-12-15 23:35:25,397:INFO:

2018-12-15 23:35:25,397:INFO:The numbers in this password are: ['4']
2018-12-15 23:35:25,397:INFO:The '4' was the 2nd character
2018-12-15 23:35:25,397:INFO:

2018-12-15 23:35:25,398:INFO:The symbols in this password are: ['!']
2018-12-15 23:35:25,398:INFO:The '!' was the 5th character
2018-12-15 23:35:25,398:INFO:

2018-12-15 23:35:25,459:INFO:The length of 'T4st!ng' is 7
2018-12-15 23:35:25,460:INFO:As a list it looks like this ['T', '4', 's', 't', '!', 'n', 'g']
2018-12-15 23:35:25,460:INFO:The letters in this password are: ['T', 's', 't', 'n', 'g']
2018-12-15 23:35:25,460:INFO:The 'T' was the 1st character
2018-12-15 23:35:25,460:INFO:The 's' was the 3rd character
2018-12-15 23:35:25,460:INFO:The 't' was the 4th character
2018-12-15 23:35:25,460:INFO:The 'n' was the 6th character
2018-12-15 23:35:25,461:INFO:The 'g' was the 7th character
2018-12-15 23:35:25,461:INFO:

2018-12-15 23:35:25,461:INFO:The numbers in this password are: ['4']
2018-12-15 23:35:25,461:INFO:The '4' was the 2nd character
2018-12-15 23:35:25,461:INFO:

2018-12-15 23:35:25,461:INFO:The symbols in this password are: ['!']
2018-12-15 23:35:25,461:INFO:The '!' was the 5th character
2018-12-15 23:35:25,462:INFO:

2018-12-15 23:35:25,518:INFO:The length of 'T4st!ng' is 7
2018-12-15 23:35:25,519:INFO:As a list it looks like this ['T', '4', 's', 't', '!', 'n', 'g']
2018-12-15 23:35:25,519:INFO:The letters in this password are: ['T', 's', 't', 'n', 'g']
2018-12-15 23:35:25,519:INFO:The 'T' was the 1st character
2018-12-15 23:35:25,519:INFO:The 's' was the 3rd character
2018-12-15 23:35:25,520:INFO:The 't' was the 4th character
2018-12-15 23:35:25,520:INFO:The 'n' was the 6th character
2018-12-15 23:35:25,520:INFO:The 'g' was the 7th character
2018-12-15 23:35:25,520:INFO:

2018-12-15 23:35:25,520:INFO:The numbers in this password are: ['4']
2018-12-15 23:35:25,520:INFO:The '4' was the 2nd character
2018-12-15 23:35:25,520:INFO:

2018-12-15 23:35:25,521:INFO:The symbols in this password are: ['!']
2018-12-15 23:35:25,521:INFO:The '!' was the 5th character
2018-12-15 23:35:25,521:INFO:

2018-12-15 23:35:25,579:INFO:The length of 'T4st!ng' is 7
2018-12-15 23:35:25,579:INFO:As a list it looks like this ['T', '4', 's', 't', '!', 'n', 'g']
2018-12-15 23:35:25,579:INFO:The letters in this password are: ['T', 's', 't', 'n', 'g']
2018-12-15 23:35:25,580:INFO:The 'T' was the 1st character
2018-12-15 23:35:25,580:INFO:The 's' was the 3rd character
2018-12-15 23:35:25,580:INFO:The 't' was the 4th character
2018-12-15 23:35:25,580:INFO:The 'n' was the 6th character
2018-12-15 23:35:25,580:INFO:The 'g' was the 7th character
2018-12-15 23:35:25,580:INFO:

2018-12-15 23:35:25,580:INFO:The numbers in this password are: ['4']
2018-12-15 23:35:25,581:INFO:The '4' was the 2nd character
2018-12-15 23:35:25,581:INFO:

2018-12-15 23:35:25,581:INFO:The symbols in this password are: ['!']
2018-12-15 23:35:25,581:INFO:The '!' was the 5th character
2018-12-15 23:35:25,581:INFO:

2018-12-15 23:35:25,638:INFO:The length of 'T4st!ng' is 7
2018-12-15 23:35:25,638:INFO:As a list it looks like this ['T', '4', 's', 't', '!', 'n', 'g']
2018-12-15 23:35:25,639:INFO:The letters in this password are: ['T', 's', 't', 'n', 'g']
2018-12-15 23:35:25,639:INFO:The 'T' was the 1st character
2018-12-15 23:35:25,639:INFO:The 's' was the 3rd character
2018-12-15 23:35:25,639:INFO:The 't' was the 4th character
2018-12-15 23:35:25,639:INFO:The 'n' was the 6th character
2018-12-15 23:35:25,639:INFO:The 'g' was the 7th character
2018-12-15 23:35:25,640:INFO:

2018-12-15 23:35:25,640:INFO:The numbers in this password are: ['4']
2018-12-15 23:35:25,640:INFO:The '4' was the 2nd character
2018-12-15 23:35:25,640:INFO:

2018-12-15 23:35:25,640:INFO:The symbols in this password are: ['!']
2018-12-15 23:35:25,640:INFO:The '!' was the 5th character
2018-12-15 23:35:25,640:INFO:

2018-12-15 23:35:25,699:INFO:The length of 'T4st!ng' is 7
2018-12-15 23:35:25,699:INFO:As a list it looks like this ['T', '4', 's', 't', '!', 'n', 'g']
2018-12-15 23:35:25,699:INFO:The letters in this password are: ['T', 's', 't', 'n', 'g']
2018-12-15 23:35:25,700:INFO:The 'T' was the 1st character
2018-12-15 23:35:25,700:INFO:The 's' was the 3rd character
2018-12-15 23:35:25,700:INFO:The 't' was the 4th character
2018-12-15 23:35:25,700:INFO:The 'n' was the 6th character
2018-12-15 23:35:25,700:INFO:The 'g' was the 7th character
2018-12-15 23:35:25,700:INFO:

2018-12-15 23:35:25,700:INFO:The numbers in this password are: ['4']
2018-12-15 23:35:25,701:INFO:The '4' was the 2nd character
2018-12-15 23:35:25,701:INFO:

2018-12-15 23:35:25,701:INFO:The symbols in this password are: ['!']
2018-12-15 23:35:25,701:INFO:The '!' was the 5th character
2018-12-15 23:35:25,701:INFO:

2018-12-15 23:35:25,763:INFO:The length of 'T4st!ng' is 7
2018-12-15 23:35:25,763:INFO:As a list it looks like this ['T', '4', 's', 't', '!', 'n', 'g']
2018-12-15 23:35:25,764:INFO:The letters in this password are: ['T', 's', 't', 'n', 'g']
2018-12-15 23:35:25,764:INFO:The 'T' was the 1st character
2018-12-15 23:35:25,764:INFO:The 's' was the 3rd character
2018-12-15 23:35:25,764:INFO:The 't' was the 4th character
2018-12-15 23:35:25,764:INFO:The 'n' was the 6th character
2018-12-15 23:35:25,764:INFO:The 'g' was the 7th character
2018-12-15 23:35:25,764:INFO:

2018-12-15 23:35:25,764:INFO:The numbers in this password are: ['4']
2018-12-15 23:35:25,765:INFO:The '4' was the 2nd character
2018-12-15 23:35:25,765:INFO:

2018-12-15 23:35:25,765:INFO:The symbols in this password are: ['!']
2018-12-15 23:35:25,765:INFO:The '!' was the 5th character
2018-12-15 23:35:25,765:INFO:

2018-12-15 23:35:25,826:INFO:The length of 'T4st!ng' is 7
2018-12-15 23:35:25,826:INFO:As a list it looks like this ['T', '4', 's', 't', '!', 'n', 'g']
2018-12-15 23:35:25,827:INFO:The letters in this password are: ['T', 's', 't', 'n', 'g']
2018-12-15 23:35:25,827:INFO:The 'T' was the 1st character
2018-12-15 23:35:25,827:INFO:The 's' was the 3rd character
2018-12-15 23:35:25,827:INFO:The 't' was the 4th character
2018-12-15 23:35:25,827:INFO:The 'n' was the 6th character
2018-12-15 23:35:25,827:INFO:The 'g' was the 7th character
2018-12-15 23:35:25,827:INFO:

2018-12-15 23:35:25,827:INFO:The numbers in this password are: ['4']
2018-12-15 23:35:25,828:INFO:The '4' was the 2nd character
2018-12-15 23:35:25,828:INFO:

2018-12-15 23:35:25,828:INFO:The symbols in this password are: ['!']
2018-12-15 23:35:25,828:INFO:The '!' was the 5th character
2018-12-15 23:35:25,828:INFO:

2018-12-15 23:35:25,884:INFO:The length of 'T4st!ng' is 7
2018-12-15 23:35:25,885:INFO:As a list it looks like this ['T', '4', 's', 't', '!', 'n', 'g']
2018-12-15 23:35:25,885:INFO:The letters in this password are: ['T', 's', 't', 'n', 'g']
2018-12-15 23:35:25,885:INFO:The 'T' was the 1st character
2018-12-15 23:35:25,885:INFO:The 's' was the 3rd character
2018-12-15 23:35:25,886:INFO:The 't' was the 4th character
2018-12-15 23:35:25,886:INFO:The 'n' was the 6th character
2018-12-15 23:35:25,886:INFO:The 'g' was the 7th character
2018-12-15 23:35:25,886:INFO:

2018-12-15 23:35:25,886:INFO:The numbers in this password are: ['4']
2018-12-15 23:35:25,886:INFO:The '4' was the 2nd character
2018-12-15 23:35:25,886:INFO:

2018-12-15 23:35:25,886:INFO:The symbols in this password are: ['!']
2018-12-15 23:35:25,887:INFO:The '!' was the 5th character
2018-12-15 23:35:25,887:INFO:

2018-12-15 23:35:25,947:INFO:The length of 'T4st!ng' is 7
2018-12-15 23:35:25,948:INFO:As a list it looks like this ['T', '4', 's', 't', '!', 'n', 'g']
2018-12-15 23:35:25,948:INFO:The letters in this password are: ['T', 's', 't', 'n', 'g']
2018-12-15 23:35:25,948:INFO:The 'T' was the 1st character
2018-12-15 23:35:25,948:INFO:The 's' was the 3rd character
2018-12-15 23:35:25,948:INFO:The 't' was the 4th character
2018-12-15 23:35:25,948:INFO:The 'n' was the 6th character
2018-12-15 23:35:25,949:INFO:The 'g' was the 7th character
2018-12-15 23:35:25,949:INFO:

2018-12-15 23:35:25,949:INFO:The numbers in this password are: ['4']
2018-12-15 23:35:25,949:INFO:The '4' was the 2nd character
2018-12-15 23:35:25,949:INFO:

2018-12-15 23:35:25,950:INFO:The symbols in this password are: ['!']
2018-12-15 23:35:25,950:INFO:The '!' was the 5th character
2018-12-15 23:35:25,950:INFO:

2018-12-15 23:35:26,011:INFO:The length of 'T4st!ng' is 7
2018-12-15 23:35:26,012:INFO:As a list it looks like this ['T', '4', 's', 't', '!', 'n', 'g']
2018-12-15 23:35:26,012:INFO:The letters in this password are: ['T', 's', 't', 'n', 'g']
2018-12-15 23:35:26,012:INFO:The 'T' was the 1st character
2018-12-15 23:35:26,012:INFO:The 's' was the 3rd character
2018-12-15 23:35:26,013:INFO:The 't' was the 4th character
2018-12-15 23:35:26,013:INFO:The 'n' was the 6th character
2018-12-15 23:35:26,013:INFO:The 'g' was the 7th character
2018-12-15 23:35:26,013:INFO:

2018-12-15 23:35:26,013:INFO:The numbers in this password are: ['4']
2018-12-15 23:35:26,013:INFO:The '4' was the 2nd character
2018-12-15 23:35:26,014:INFO:

2018-12-15 23:35:26,014:INFO:The symbols in this password are: ['!']
2018-12-15 23:35:26,014:INFO:The '!' was the 5th character
2018-12-15 23:35:26,014:INFO:

2018-12-15 23:35:26,071:INFO:The length of 'T4st!ng' is 7
2018-12-15 23:35:26,071:INFO:As a list it looks like this ['T', '4', 's', 't', '!', 'n', 'g']
2018-12-15 23:35:26,071:INFO:The letters in this password are: ['T', 's', 't', 'n', 'g']
2018-12-15 23:35:26,071:INFO:The 'T' was the 1st character
2018-12-15 23:35:26,072:INFO:The 's' was the 3rd character
2018-12-15 23:35:26,072:INFO:The 't' was the 4th character
2018-12-15 23:35:26,072:INFO:The 'n' was the 6th character
2018-12-15 23:35:26,072:INFO:The 'g' was the 7th character
2018-12-15 23:35:26,072:INFO:

2018-12-15 23:35:26,072:INFO:The numbers in this password are: ['4']
2018-12-15 23:35:26,072:INFO:The '4' was the 2nd character
2018-12-15 23:35:26,073:INFO:

2018-12-15 23:35:26,073:INFO:The symbols in this password are: ['!']
2018-12-15 23:35:26,073:INFO:The '!' was the 5th character
2018-12-15 23:35:26,073:INFO:

2018-12-15 23:35:26,130:INFO:The length of 'T4st!ng' is 7
2018-12-15 23:35:26,130:INFO:As a list it looks like this ['T', '4', 's', 't', '!', 'n', 'g']
2018-12-15 23:35:26,130:INFO:The letters in this password are: ['T', 's', 't', 'n', 'g']
2018-12-15 23:35:26,131:INFO:The 'T' was the 1st character
2018-12-15 23:35:26,131:INFO:The 's' was the 3rd character
2018-12-15 23:35:26,131:INFO:The 't' was the 4th character
2018-12-15 23:35:26,131:INFO:The 'n' was the 6th character
2018-12-15 23:35:26,131:INFO:The 'g' was the 7th character
2018-12-15 23:35:26,131:INFO:

2018-12-15 23:35:26,131:INFO:The numbers in this password are: ['4']
2018-12-15 23:35:26,132:INFO:The '4' was the 2nd character
2018-12-15 23:35:26,132:INFO:

2018-12-15 23:35:26,132:INFO:The symbols in this password are: ['!']
2018-12-15 23:35:26,132:INFO:The '!' was the 5th character
2018-12-15 23:35:26,132:INFO:

2018-12-15 23:35:26,191:INFO:The length of 'T4st!ng' is 7
2018-12-15 23:35:26,192:INFO:As a list it looks like this ['T', '4', 's', 't', '!', 'n', 'g']
2018-12-15 23:35:26,192:INFO:The letters in this password are: ['T', 's', 't', 'n', 'g']
2018-12-15 23:35:26,192:INFO:The 'T' was the 1st character
2018-12-15 23:35:26,192:INFO:The 's' was the 3rd character
2018-12-15 23:35:26,192:INFO:The 't' was the 4th character
2018-12-15 23:35:26,193:INFO:The 'n' was the 6th character
2018-12-15 23:35:26,193:INFO:The 'g' was the 7th character
2018-12-15 23:35:26,193:INFO:

2018-12-15 23:35:26,193:INFO:The numbers in this password are: ['4']
2018-12-15 23:35:26,193:INFO:The '4' was the 2nd character
2018-12-15 23:35:26,193:INFO:

2018-12-15 23:35:26,194:INFO:The symbols in this password are: ['!']
2018-12-15 23:35:26,194:INFO:The '!' was the 5th character
2018-12-15 23:35:26,194:INFO:

2018-12-15 23:35:26,256:INFO:The length of 'T4st!ng' is 7
2018-12-15 23:35:26,257:INFO:As a list it looks like this ['T', '4', 's', 't', '!', 'n', 'g']
2018-12-15 23:35:26,257:INFO:The letters in this password are: ['T', 's', 't', 'n', 'g']
2018-12-15 23:35:26,257:INFO:The 'T' was the 1st character
2018-12-15 23:35:26,257:INFO:The 's' was the 3rd character
2018-12-15 23:35:26,257:INFO:The 't' was the 4th character
2018-12-15 23:35:26,257:INFO:The 'n' was the 6th character
2018-12-15 23:35:26,257:INFO:The 'g' was the 7th character
2018-12-15 23:35:26,258:INFO:

2018-12-15 23:35:26,258:INFO:The numbers in this password are: ['4']
2018-12-15 23:35:26,258:INFO:The '4' was the 2nd character
2018-12-15 23:35:26,258:INFO:

2018-12-15 23:35:26,258:INFO:The symbols in this password are: ['!']
2018-12-15 23:35:26,258:INFO:The '!' was the 5th character
2018-12-15 23:35:26,258:INFO:

2018-12-15 23:35:26,318:INFO:The length of 'T4st!ng' is 7
2018-12-15 23:35:26,318:INFO:As a list it looks like this ['T', '4', 's', 't', '!', 'n', 'g']
2018-12-15 23:35:26,318:INFO:The letters in this password are: ['T', 's', 't', 'n', 'g']
2018-12-15 23:35:26,319:INFO:The 'T' was the 1st character
2018-12-15 23:35:26,319:INFO:The 's' was the 3rd character
2018-12-15 23:35:26,319:INFO:The 't' was the 4th character
2018-12-15 23:35:26,319:INFO:The 'n' was the 6th character
2018-12-15 23:35:26,319:INFO:The 'g' was the 7th character
2018-12-15 23:35:26,319:INFO:

2018-12-15 23:35:26,320:INFO:The numbers in this password are: ['4']
2018-12-15 23:35:26,320:INFO:The '4' was the 2nd character
2018-12-15 23:35:26,320:INFO:

2018-12-15 23:35:26,320:INFO:The symbols in this password are: ['!']
2018-12-15 23:35:26,320:INFO:The '!' was the 5th character
2018-12-15 23:35:26,320:INFO:

2018-12-15 23:35:26,381:INFO:The length of 'T4st!ng' is 7
2018-12-15 23:35:26,381:INFO:As a list it looks like this ['T', '4', 's', 't', '!', 'n', 'g']
2018-12-15 23:35:26,381:INFO:The letters in this password are: ['T', 's', 't', 'n', 'g']
2018-12-15 23:35:26,382:INFO:The 'T' was the 1st character
2018-12-15 23:35:26,382:INFO:The 's' was the 3rd character
2018-12-15 23:35:26,382:INFO:The 't' was the 4th character
2018-12-15 23:35:26,382:INFO:The 'n' was the 6th character
2018-12-15 23:35:26,382:INFO:The 'g' was the 7th character
2018-12-15 23:35:26,382:INFO:

2018-12-15 23:35:26,382:INFO:The numbers in this password are: ['4']
2018-12-15 23:35:26,383:INFO:The '4' was the 2nd character
2018-12-15 23:35:26,383:INFO:

2018-12-15 23:35:26,383:INFO:The symbols in this password are: ['!']
2018-12-15 23:35:26,383:INFO:The '!' was the 5th character
2018-12-15 23:35:26,383:INFO:

2018-12-15 23:35:26,447:INFO:The length of 'T4st!ng' is 7
2018-12-15 23:35:26,448:INFO:As a list it looks like this ['T', '4', 's', 't', '!', 'n', 'g']
2018-12-15 23:35:26,448:INFO:The letters in this password are: ['T', 's', 't', 'n', 'g']
2018-12-15 23:35:26,448:INFO:The 'T' was the 1st character
2018-12-15 23:35:26,449:INFO:The 's' was the 3rd character
2018-12-15 23:35:26,449:INFO:The 't' was the 4th character
2018-12-15 23:35:26,449:INFO:The 'n' was the 6th character
2018-12-15 23:35:26,449:INFO:The 'g' was the 7th character
2018-12-15 23:35:26,449:INFO:

2018-12-15 23:35:26,450:INFO:The numbers in this password are: ['4']
2018-12-15 23:35:26,450:INFO:The '4' was the 2nd character
2018-12-15 23:35:26,450:INFO:

2018-12-15 23:35:26,450:INFO:The symbols in this password are: ['!']
2018-12-15 23:35:26,450:INFO:The '!' was the 5th character
2018-12-15 23:35:26,451:INFO:

2018-12-15 23:35:26,512:INFO:The length of 'T4st!ng' is 7
2018-12-15 23:35:26,513:INFO:As a list it looks like this ['T', '4', 's', 't', '!', 'n', 'g']
2018-12-15 23:35:26,513:INFO:The letters in this password are: ['T', 's', 't', 'n', 'g']
2018-12-15 23:35:26,513:INFO:The 'T' was the 1st character
2018-12-15 23:35:26,514:INFO:The 's' was the 3rd character
2018-12-15 23:35:26,514:INFO:The 't' was the 4th character
2018-12-15 23:35:26,514:INFO:The 'n' was the 6th character
2018-12-15 23:35:26,514:INFO:The 'g' was the 7th character
2018-12-15 23:35:26,514:INFO:

2018-12-15 23:35:26,514:INFO:The numbers in this password are: ['4']
2018-12-15 23:35:26,515:INFO:The '4' was the 2nd character
2018-12-15 23:35:26,515:INFO:

2018-12-15 23:35:26,515:INFO:The symbols in this password are: ['!']
2018-12-15 23:35:26,515:INFO:The '!' was the 5th character
2018-12-15 23:35:26,515:INFO:

2018-12-15 23:35:26,588:INFO:The length of 'T4st!ng' is 7
2018-12-15 23:35:26,589:INFO:As a list it looks like this ['T', '4', 's', 't', '!', 'n', 'g']
2018-12-15 23:35:26,589:INFO:The letters in this password are: ['T', 's', 't', 'n', 'g']
2018-12-15 23:35:26,589:INFO:The 'T' was the 1st character
2018-12-15 23:35:26,590:INFO:The 's' was the 3rd character
2018-12-15 23:35:26,590:INFO:The 't' was the 4th character
2018-12-15 23:35:26,590:INFO:The 'n' was the 6th character
2018-12-15 23:35:26,590:INFO:The 'g' was the 7th character
2018-12-15 23:35:26,590:INFO:

2018-12-15 23:35:26,591:INFO:The numbers in this password are: ['4']
2018-12-15 23:35:26,591:INFO:The '4' was the 2nd character
2018-12-15 23:35:26,591:INFO:

2018-12-15 23:35:26,591:INFO:The symbols in this password are: ['!']
2018-12-15 23:35:26,591:INFO:The '!' was the 5th character
2018-12-15 23:35:26,591:INFO:

2018-12-15 23:35:26,659:INFO:The length of 'T4st!ng' is 7
2018-12-15 23:35:26,660:INFO:As a list it looks like this ['T', '4', 's', 't', '!', 'n', 'g']
2018-12-15 23:35:26,660:INFO:The letters in this password are: ['T', 's', 't', 'n', 'g']
2018-12-15 23:35:26,660:INFO:The 'T' was the 1st character
2018-12-15 23:35:26,660:INFO:The 's' was the 3rd character
2018-12-15 23:35:26,660:INFO:The 't' was the 4th character
2018-12-15 23:35:26,660:INFO:The 'n' was the 6th character
2018-12-15 23:35:26,660:INFO:The 'g' was the 7th character
2018-12-15 23:35:26,661:INFO:

2018-12-15 23:35:26,661:INFO:The numbers in this password are: ['4']
2018-12-15 23:35:26,661:INFO:The '4' was the 2nd character
2018-12-15 23:35:26,661:INFO:

2018-12-15 23:35:26,661:INFO:The symbols in this password are: ['!']
2018-12-15 23:35:26,662:INFO:The '!' was the 5th character
2018-12-15 23:35:26,662:INFO:

2018-12-15 23:35:26,719:INFO:The length of 'T4st!ng' is 7
2018-12-15 23:35:26,720:INFO:As a list it looks like this ['T', '4', 's', 't', '!', 'n', 'g']
2018-12-15 23:35:26,720:INFO:The letters in this password are: ['T', 's', 't', 'n', 'g']
2018-12-15 23:35:26,720:INFO:The 'T' was the 1st character
2018-12-15 23:35:26,720:INFO:The 's' was the 3rd character
2018-12-15 23:35:26,720:INFO:The 't' was the 4th character
2018-12-15 23:35:26,721:INFO:The 'n' was the 6th character
2018-12-15 23:35:26,721:INFO:The 'g' was the 7th character
2018-12-15 23:35:26,721:INFO:

2018-12-15 23:35:26,721:INFO:The numbers in this password are: ['4']
2018-12-15 23:35:26,721:INFO:The '4' was the 2nd character
2018-12-15 23:35:26,721:INFO:

2018-12-15 23:35:26,721:INFO:The symbols in this password are: ['!']
2018-12-15 23:35:26,722:INFO:The '!' was the 5th character
2018-12-15 23:35:26,722:INFO:

2018-12-15 23:35:26,783:INFO:The length of 'T4st!ng' is 7
2018-12-15 23:35:26,783:INFO:As a list it looks like this ['T', '4', 's', 't', '!', 'n', 'g']
2018-12-15 23:35:26,783:INFO:The letters in this password are: ['T', 's', 't', 'n', 'g']
2018-12-15 23:35:26,784:INFO:The 'T' was the 1st character
2018-12-15 23:35:26,784:INFO:The 's' was the 3rd character
2018-12-15 23:35:26,784:INFO:The 't' was the 4th character
2018-12-15 23:35:26,784:INFO:The 'n' was the 6th character
2018-12-15 23:35:26,784:INFO:The 'g' was the 7th character
2018-12-15 23:35:26,784:INFO:

2018-12-15 23:35:26,784:INFO:The numbers in this password are: ['4']
2018-12-15 23:35:26,784:INFO:The '4' was the 2nd character
2018-12-15 23:35:26,785:INFO:

2018-12-15 23:35:26,785:INFO:The symbols in this password are: ['!']
2018-12-15 23:35:26,785:INFO:The '!' was the 5th character
2018-12-15 23:35:26,785:INFO:

2018-12-15 23:35:26,842:INFO:The length of 'T4st!ng' is 7
2018-12-15 23:35:26,843:INFO:As a list it looks like this ['T', '4', 's', 't', '!', 'n', 'g']
2018-12-15 23:35:26,843:INFO:The letters in this password are: ['T', 's', 't', 'n', 'g']
2018-12-15 23:35:26,843:INFO:The 'T' was the 1st character
2018-12-15 23:35:26,843:INFO:The 's' was the 3rd character
2018-12-15 23:35:26,844:INFO:The 't' was the 4th character
2018-12-15 23:35:26,844:INFO:The 'n' was the 6th character
2018-12-15 23:35:26,844:INFO:The 'g' was the 7th character
2018-12-15 23:35:26,844:INFO:

2018-12-15 23:35:26,844:INFO:The numbers in this password are: ['4']
2018-12-15 23:35:26,844:INFO:The '4' was the 2nd character
2018-12-15 23:35:26,845:INFO:

2018-12-15 23:35:26,845:INFO:The symbols in this password are: ['!']
2018-12-15 23:35:26,845:INFO:The '!' was the 5th character
2018-12-15 23:35:26,845:INFO:

2018-12-15 23:35:26,904:INFO:The length of 'T4st!ng' is 7
2018-12-15 23:35:26,904:INFO:As a list it looks like this ['T', '4', 's', 't', '!', 'n', 'g']
2018-12-15 23:35:26,905:INFO:The letters in this password are: ['T', 's', 't', 'n', 'g']
2018-12-15 23:35:26,905:INFO:The 'T' was the 1st character
2018-12-15 23:35:26,905:INFO:The 's' was the 3rd character
2018-12-15 23:35:26,905:INFO:The 't' was the 4th character
2018-12-15 23:35:26,905:INFO:The 'n' was the 6th character
2018-12-15 23:35:26,906:INFO:The 'g' was the 7th character
2018-12-15 23:35:26,906:INFO:

2018-12-15 23:35:26,906:INFO:The numbers in this password are: ['4']
2018-12-15 23:35:26,906:INFO:The '4' was the 2nd character
2018-12-15 23:35:26,906:INFO:

2018-12-15 23:35:26,906:INFO:The symbols in this password are: ['!']
2018-12-15 23:35:26,906:INFO:The '!' was the 5th character
2018-12-15 23:35:26,907:INFO:

2018-12-15 23:35:26,965:INFO:The length of 'T4st!ng' is 7
2018-12-15 23:35:26,966:INFO:As a list it looks like this ['T', '4', 's', 't', '!', 'n', 'g']
2018-12-15 23:35:26,966:INFO:The letters in this password are: ['T', 's', 't', 'n', 'g']
2018-12-15 23:35:26,966:INFO:The 'T' was the 1st character
2018-12-15 23:35:26,966:INFO:The 's' was the 3rd character
2018-12-15 23:35:26,967:INFO:The 't' was the 4th character
2018-12-15 23:35:26,967:INFO:The 'n' was the 6th character
2018-12-15 23:35:26,967:INFO:The 'g' was the 7th character
2018-12-15 23:35:26,967:INFO:

2018-12-15 23:35:26,967:INFO:The numbers in this password are: ['4']
2018-12-15 23:35:26,967:INFO:The '4' was the 2nd character
2018-12-15 23:35:26,967:INFO:

2018-12-15 23:35:26,968:INFO:The symbols in this password are: ['!']
2018-12-15 23:35:26,968:INFO:The '!' was the 5th character
2018-12-15 23:35:26,968:INFO:

2018-12-15 23:35:27,029:INFO:The length of 'T4st!ng' is 7
2018-12-15 23:35:27,030:INFO:As a list it looks like this ['T', '4', 's', 't', '!', 'n', 'g']
2018-12-15 23:35:27,030:INFO:The letters in this password are: ['T', 's', 't', 'n', 'g']
2018-12-15 23:35:27,030:INFO:The 'T' was the 1st character
2018-12-15 23:35:27,030:INFO:The 's' was the 3rd character
2018-12-15 23:35:27,031:INFO:The 't' was the 4th character
2018-12-15 23:35:27,031:INFO:The 'n' was the 6th character
2018-12-15 23:35:27,031:INFO:The 'g' was the 7th character
2018-12-15 23:35:27,031:INFO:

2018-12-15 23:35:27,031:INFO:The numbers in this password are: ['4']
2018-12-15 23:35:27,031:INFO:The '4' was the 2nd character
2018-12-15 23:35:27,031:INFO:

2018-12-15 23:35:27,032:INFO:The symbols in this password are: ['!']
2018-12-15 23:35:27,032:INFO:The '!' was the 5th character
2018-12-15 23:35:27,032:INFO:

2018-12-15 23:35:27,088:INFO:The length of 'T4st!ng' is 7
2018-12-15 23:35:27,089:INFO:As a list it looks like this ['T', '4', 's', 't', '!', 'n', 'g']
2018-12-15 23:35:27,089:INFO:The letters in this password are: ['T', 's', 't', 'n', 'g']
2018-12-15 23:35:27,089:INFO:The 'T' was the 1st character
2018-12-15 23:35:27,089:INFO:The 's' was the 3rd character
2018-12-15 23:35:27,089:INFO:The 't' was the 4th character
2018-12-15 23:35:27,089:INFO:The 'n' was the 6th character
2018-12-15 23:35:27,089:INFO:The 'g' was the 7th character
2018-12-15 23:35:27,090:INFO:

2018-12-15 23:35:27,090:INFO:The numbers in this password are: ['4']
2018-12-15 23:35:27,090:INFO:The '4' was the 2nd character
2018-12-15 23:35:27,090:INFO:

2018-12-15 23:35:27,090:INFO:The symbols in this password are: ['!']
2018-12-15 23:35:27,090:INFO:The '!' was the 5th character
2018-12-15 23:35:27,090:INFO:

2018-12-15 23:35:27,151:INFO:The length of 'T4st!ng' is 7
2018-12-15 23:35:27,152:INFO:As a list it looks like this ['T', '4', 's', 't', '!', 'n', 'g']
2018-12-15 23:35:27,152:INFO:The letters in this password are: ['T', 's', 't', 'n', 'g']
2018-12-15 23:35:27,152:INFO:The 'T' was the 1st character
2018-12-15 23:35:27,152:INFO:The 's' was the 3rd character
2018-12-15 23:35:27,152:INFO:The 't' was the 4th character
2018-12-15 23:35:27,153:INFO:The 'n' was the 6th character
2018-12-15 23:35:27,153:INFO:The 'g' was the 7th character
2018-12-15 23:35:27,153:INFO:

2018-12-15 23:35:27,153:INFO:The numbers in this password are: ['4']
2018-12-15 23:35:27,153:INFO:The '4' was the 2nd character
2018-12-15 23:35:27,153:INFO:

2018-12-15 23:35:27,153:INFO:The symbols in this password are: ['!']
2018-12-15 23:35:27,153:INFO:The '!' was the 5th character
2018-12-15 23:35:27,153:INFO:

2018-12-15 23:35:27,215:INFO:The length of 'T4st!ng' is 7
2018-12-15 23:35:27,215:INFO:As a list it looks like this ['T', '4', 's', 't', '!', 'n', 'g']
2018-12-15 23:35:27,216:INFO:The letters in this password are: ['T', 's', 't', 'n', 'g']
2018-12-15 23:35:27,216:INFO:The 'T' was the 1st character
2018-12-15 23:35:27,216:INFO:The 's' was the 3rd character
2018-12-15 23:35:27,216:INFO:The 't' was the 4th character
2018-12-15 23:35:27,216:INFO:The 'n' was the 6th character
2018-12-15 23:35:27,216:INFO:The 'g' was the 7th character
2018-12-15 23:35:27,216:INFO:

2018-12-15 23:35:27,216:INFO:The numbers in this password are: ['4']
2018-12-15 23:35:27,217:INFO:The '4' was the 2nd character
2018-12-15 23:35:27,217:INFO:

2018-12-15 23:35:27,217:INFO:The symbols in this password are: ['!']
2018-12-15 23:35:27,217:INFO:The '!' was the 5th character
2018-12-15 23:35:27,217:INFO:

2018-12-15 23:35:27,278:INFO:The length of 'T4st!ng' is 7
2018-12-15 23:35:27,278:INFO:As a list it looks like this ['T', '4', 's', 't', '!', 'n', 'g']
2018-12-15 23:35:27,278:INFO:The letters in this password are: ['T', 's', 't', 'n', 'g']
2018-12-15 23:35:27,279:INFO:The 'T' was the 1st character
2018-12-15 23:35:27,279:INFO:The 's' was the 3rd character
2018-12-15 23:35:27,279:INFO:The 't' was the 4th character
2018-12-15 23:35:27,279:INFO:The 'n' was the 6th character
2018-12-15 23:35:27,279:INFO:The 'g' was the 7th character
2018-12-15 23:35:27,279:INFO:

2018-12-15 23:35:27,279:INFO:The numbers in this password are: ['4']
2018-12-15 23:35:27,280:INFO:The '4' was the 2nd character
2018-12-15 23:35:27,280:INFO:

2018-12-15 23:35:27,280:INFO:The symbols in this password are: ['!']
2018-12-15 23:35:27,280:INFO:The '!' was the 5th character
2018-12-15 23:35:27,280:INFO:

2018-12-15 23:35:27,338:INFO:The length of 'T4st!ng' is 7
2018-12-15 23:35:27,338:INFO:As a list it looks like this ['T', '4', 's', 't', '!', 'n', 'g']
2018-12-15 23:35:27,339:INFO:The letters in this password are: ['T', 's', 't', 'n', 'g']
2018-12-15 23:35:27,339:INFO:The 'T' was the 1st character
2018-12-15 23:35:27,339:INFO:The 's' was the 3rd character
2018-12-15 23:35:27,339:INFO:The 't' was the 4th character
2018-12-15 23:35:27,339:INFO:The 'n' was the 6th character
2018-12-15 23:35:27,339:INFO:The 'g' was the 7th character
2018-12-15 23:35:27,339:INFO:

2018-12-15 23:35:27,339:INFO:The numbers in this password are: ['4']
2018-12-15 23:35:27,340:INFO:The '4' was the 2nd character
2018-12-15 23:35:27,340:INFO:

2018-12-15 23:35:27,340:INFO:The symbols in this password are: ['!']
2018-12-15 23:35:27,340:INFO:The '!' was the 5th character
2018-12-15 23:35:27,340:INFO:

2018-12-15 23:35:27,399:INFO:The length of 'T4st!ng' is 7
2018-12-15 23:35:27,399:INFO:As a list it looks like this ['T', '4', 's', 't', '!', 'n', 'g']
2018-12-15 23:35:27,400:INFO:The letters in this password are: ['T', 's', 't', 'n', 'g']
2018-12-15 23:35:27,400:INFO:The 'T' was the 1st character
2018-12-15 23:35:27,400:INFO:The 's' was the 3rd character
2018-12-15 23:35:27,400:INFO:The 't' was the 4th character
2018-12-15 23:35:27,400:INFO:The 'n' was the 6th character
2018-12-15 23:35:27,400:INFO:The 'g' was the 7th character
2018-12-15 23:35:27,400:INFO:

2018-12-15 23:35:27,400:INFO:The numbers in this password are: ['4']
2018-12-15 23:35:27,401:INFO:The '4' was the 2nd character
2018-12-15 23:35:27,401:INFO:

2018-12-15 23:35:27,401:INFO:The symbols in this password are: ['!']
2018-12-15 23:35:27,401:INFO:The '!' was the 5th character
2018-12-15 23:35:27,401:INFO:

2018-12-15 23:35:27,462:INFO:The length of 'T4st!ng' is 7
2018-12-15 23:35:27,462:INFO:As a list it looks like this ['T', '4', 's', 't', '!', 'n', 'g']
2018-12-15 23:35:27,463:INFO:The letters in this password are: ['T', 's', 't', 'n', 'g']
2018-12-15 23:35:27,463:INFO:The 'T' was the 1st character
2018-12-15 23:35:27,463:INFO:The 's' was the 3rd character
2018-12-15 23:35:27,463:INFO:The 't' was the 4th character
2018-12-15 23:35:27,463:INFO:The 'n' was the 6th character
2018-12-15 23:35:27,463:INFO:The 'g' was the 7th character
2018-12-15 23:35:27,464:INFO:

2018-12-15 23:35:27,464:INFO:The numbers in this password are: ['4']
2018-12-15 23:35:27,464:INFO:The '4' was the 2nd character
2018-12-15 23:35:27,464:INFO:

2018-12-15 23:35:27,464:INFO:The symbols in this password are: ['!']
2018-12-15 23:35:27,464:INFO:The '!' was the 5th character
2018-12-15 23:35:27,464:INFO:

2018-12-15 23:35:27,528:INFO:The length of 'T4st!ng' is 7
2018-12-15 23:35:27,528:INFO:As a list it looks like this ['T', '4', 's', 't', '!', 'n', 'g']
2018-12-15 23:35:27,529:INFO:The letters in this password are: ['T', 's', 't', 'n', 'g']
2018-12-15 23:35:27,529:INFO:The 'T' was the 1st character
2018-12-15 23:35:27,529:INFO:The 's' was the 3rd character
2018-12-15 23:35:27,529:INFO:The 't' was the 4th character
2018-12-15 23:35:27,529:INFO:The 'n' was the 6th character
2018-12-15 23:35:27,530:INFO:The 'g' was the 7th character
2018-12-15 23:35:27,530:INFO:

2018-12-15 23:35:27,530:INFO:The numbers in this password are: ['4']
2018-12-15 23:35:27,530:INFO:The '4' was the 2nd character
2018-12-15 23:35:27,530:INFO:

2018-12-15 23:35:27,531:INFO:The symbols in this password are: ['!']
2018-12-15 23:35:27,531:INFO:The '!' was the 5th character
2018-12-15 23:35:27,531:INFO:

2018-12-15 23:35:27,587:INFO:The length of 'T4st!ng' is 7
2018-12-15 23:35:27,587:INFO:As a list it looks like this ['T', '4', 's', 't', '!', 'n', 'g']
2018-12-15 23:35:27,588:INFO:The letters in this password are: ['T', 's', 't', 'n', 'g']
2018-12-15 23:35:27,588:INFO:The 'T' was the 1st character
2018-12-15 23:35:27,588:INFO:The 's' was the 3rd character
2018-12-15 23:35:27,588:INFO:The 't' was the 4th character
2018-12-15 23:35:27,588:INFO:The 'n' was the 6th character
2018-12-15 23:35:27,588:INFO:The 'g' was the 7th character
2018-12-15 23:35:27,589:INFO:

2018-12-15 23:35:27,589:INFO:The numbers in this password are: ['4']
2018-12-15 23:35:27,589:INFO:The '4' was the 2nd character
2018-12-15 23:35:27,589:INFO:

2018-12-15 23:35:27,589:INFO:The symbols in this password are: ['!']
2018-12-15 23:35:27,589:INFO:The '!' was the 5th character
2018-12-15 23:35:27,589:INFO:

2018-12-15 23:35:27,649:INFO:The length of 'T4st!ng' is 7
2018-12-15 23:35:27,650:INFO:As a list it looks like this ['T', '4', 's', 't', '!', 'n', 'g']
2018-12-15 23:35:27,650:INFO:The letters in this password are: ['T', 's', 't', 'n', 'g']
2018-12-15 23:35:27,650:INFO:The 'T' was the 1st character
2018-12-15 23:35:27,650:INFO:The 's' was the 3rd character
2018-12-15 23:35:27,650:INFO:The 't' was the 4th character
2018-12-15 23:35:27,651:INFO:The 'n' was the 6th character
2018-12-15 23:35:27,651:INFO:The 'g' was the 7th character
2018-12-15 23:35:27,651:INFO:

2018-12-15 23:35:27,651:INFO:The numbers in this password are: ['4']
2018-12-15 23:35:27,651:INFO:The '4' was the 2nd character
2018-12-15 23:35:27,651:INFO:

2018-12-15 23:35:27,651:INFO:The symbols in this password are: ['!']
2018-12-15 23:35:27,652:INFO:The '!' was the 5th character
2018-12-15 23:35:27,652:INFO:

2018-12-15 23:35:27,707:INFO:The length of 'T4st!ng' is 7
2018-12-15 23:35:27,707:INFO:As a list it looks like this ['T', '4', 's', 't', '!', 'n', 'g']
2018-12-15 23:35:27,708:INFO:The letters in this password are: ['T', 's', 't', 'n', 'g']
2018-12-15 23:35:27,708:INFO:The 'T' was the 1st character
2018-12-15 23:35:27,708:INFO:The 's' was the 3rd character
2018-12-15 23:35:27,708:INFO:The 't' was the 4th character
2018-12-15 23:35:27,708:INFO:The 'n' was the 6th character
2018-12-15 23:35:27,709:INFO:The 'g' was the 7th character
2018-12-15 23:35:27,709:INFO:

2018-12-15 23:35:27,709:INFO:The numbers in this password are: ['4']
2018-12-15 23:35:27,709:INFO:The '4' was the 2nd character
2018-12-15 23:35:27,709:INFO:

2018-12-15 23:35:27,709:INFO:The symbols in this password are: ['!']
2018-12-15 23:35:27,709:INFO:The '!' was the 5th character
2018-12-15 23:35:27,710:INFO:

2018-12-15 23:35:27,772:INFO:The length of 'T4st!ng' is 7
2018-12-15 23:35:27,772:INFO:As a list it looks like this ['T', '4', 's', 't', '!', 'n', 'g']
2018-12-15 23:35:27,772:INFO:The letters in this password are: ['T', 's', 't', 'n', 'g']
2018-12-15 23:35:27,772:INFO:The 'T' was the 1st character
2018-12-15 23:35:27,773:INFO:The 's' was the 3rd character
2018-12-15 23:35:27,773:INFO:The 't' was the 4th character
2018-12-15 23:35:27,773:INFO:The 'n' was the 6th character
2018-12-15 23:35:27,773:INFO:The 'g' was the 7th character
2018-12-15 23:35:27,773:INFO:

2018-12-15 23:35:27,773:INFO:The numbers in this password are: ['4']
2018-12-15 23:35:27,773:INFO:The '4' was the 2nd character
2018-12-15 23:35:27,774:INFO:

2018-12-15 23:35:27,774:INFO:The symbols in this password are: ['!']
2018-12-15 23:35:27,774:INFO:The '!' was the 5th character
2018-12-15 23:35:27,774:INFO:

2018-12-15 23:35:27,831:INFO:The length of 'T4st!ng' is 7
2018-12-15 23:35:27,831:INFO:As a list it looks like this ['T', '4', 's', 't', '!', 'n', 'g']
2018-12-15 23:35:27,831:INFO:The letters in this password are: ['T', 's', 't', 'n', 'g']
2018-12-15 23:35:27,832:INFO:The 'T' was the 1st character
2018-12-15 23:35:27,832:INFO:The 's' was the 3rd character
2018-12-15 23:35:27,832:INFO:The 't' was the 4th character
2018-12-15 23:35:27,832:INFO:The 'n' was the 6th character
2018-12-15 23:35:27,832:INFO:The 'g' was the 7th character
2018-12-15 23:35:27,832:INFO:

2018-12-15 23:35:27,832:INFO:The numbers in this password are: ['4']
2018-12-15 23:35:27,832:INFO:The '4' was the 2nd character
2018-12-15 23:35:27,832:INFO:

2018-12-15 23:35:27,833:INFO:The symbols in this password are: ['!']
2018-12-15 23:35:27,833:INFO:The '!' was the 5th character
2018-12-15 23:35:27,833:INFO:

2018-12-15 23:35:27,889:INFO:The length of 'T4st!ng' is 7
2018-12-15 23:35:27,890:INFO:As a list it looks like this ['T', '4', 's', 't', '!', 'n', 'g']
2018-12-15 23:35:27,890:INFO:The letters in this password are: ['T', 's', 't', 'n', 'g']
2018-12-15 23:35:27,890:INFO:The 'T' was the 1st character
2018-12-15 23:35:27,890:INFO:The 's' was the 3rd character
2018-12-15 23:35:27,890:INFO:The 't' was the 4th character
2018-12-15 23:35:27,890:INFO:The 'n' was the 6th character
2018-12-15 23:35:27,890:INFO:The 'g' was the 7th character
2018-12-15 23:35:27,891:INFO:

2018-12-15 23:35:27,891:INFO:The numbers in this password are: ['4']
2018-12-15 23:35:27,891:INFO:The '4' was the 2nd character
2018-12-15 23:35:27,891:INFO:

2018-12-15 23:35:27,891:INFO:The symbols in this password are: ['!']
2018-12-15 23:35:27,891:INFO:The '!' was the 5th character
2018-12-15 23:35:27,892:INFO:

2018-12-15 23:35:27,954:INFO:The length of 'T4st!ng' is 7
2018-12-15 23:35:27,954:INFO:As a list it looks like this ['T', '4', 's', 't', '!', 'n', 'g']
2018-12-15 23:35:27,954:INFO:The letters in this password are: ['T', 's', 't', 'n', 'g']
2018-12-15 23:35:27,954:INFO:The 'T' was the 1st character
2018-12-15 23:35:27,955:INFO:The 's' was the 3rd character
2018-12-15 23:35:27,955:INFO:The 't' was the 4th character
2018-12-15 23:35:27,955:INFO:The 'n' was the 6th character
2018-12-15 23:35:27,955:INFO:The 'g' was the 7th character
2018-12-15 23:35:27,955:INFO:

2018-12-15 23:35:27,955:INFO:The numbers in this password are: ['4']
2018-12-15 23:35:27,955:INFO:The '4' was the 2nd character
2018-12-15 23:35:27,955:INFO:

2018-12-15 23:35:27,956:INFO:The symbols in this password are: ['!']
2018-12-15 23:35:27,956:INFO:The '!' was the 5th character
2018-12-15 23:35:27,956:INFO:

2018-12-15 23:35:28,011:INFO:The length of 'T4st!ng' is 7
2018-12-15 23:35:28,012:INFO:As a list it looks like this ['T', '4', 's', 't', '!', 'n', 'g']
2018-12-15 23:35:28,012:INFO:The letters in this password are: ['T', 's', 't', 'n', 'g']
2018-12-15 23:35:28,012:INFO:The 'T' was the 1st character
2018-12-15 23:35:28,012:INFO:The 's' was the 3rd character
2018-12-15 23:35:28,012:INFO:The 't' was the 4th character
2018-12-15 23:35:28,013:INFO:The 'n' was the 6th character
2018-12-15 23:35:28,013:INFO:The 'g' was the 7th character
2018-12-15 23:35:28,013:INFO:

2018-12-15 23:35:28,013:INFO:The numbers in this password are: ['4']
2018-12-15 23:35:28,014:INFO:The '4' was the 2nd character
2018-12-15 23:35:28,014:INFO:

2018-12-15 23:35:28,014:INFO:The symbols in this password are: ['!']
2018-12-15 23:35:28,014:INFO:The '!' was the 5th character
2018-12-15 23:35:28,014:INFO:

2018-12-15 23:35:28,071:INFO:The length of 'T4st!ng' is 7
2018-12-15 23:35:28,072:INFO:As a list it looks like this ['T', '4', 's', 't', '!', 'n', 'g']
2018-12-15 23:35:28,072:INFO:The letters in this password are: ['T', 's', 't', 'n', 'g']
2018-12-15 23:35:28,072:INFO:The 'T' was the 1st character
2018-12-15 23:35:28,072:INFO:The 's' was the 3rd character
2018-12-15 23:35:28,073:INFO:The 't' was the 4th character
2018-12-15 23:35:28,073:INFO:The 'n' was the 6th character
2018-12-15 23:35:28,073:INFO:The 'g' was the 7th character
2018-12-15 23:35:28,073:INFO:

2018-12-15 23:35:28,073:INFO:The numbers in this password are: ['4']
2018-12-15 23:35:28,073:INFO:The '4' was the 2nd character
2018-12-15 23:35:28,073:INFO:

2018-12-15 23:35:28,074:INFO:The symbols in this password are: ['!']
2018-12-15 23:35:28,074:INFO:The '!' was the 5th character
2018-12-15 23:35:28,074:INFO:

2018-12-15 23:35:28,134:INFO:The length of 'T4st!ng' is 7
2018-12-15 23:35:28,135:INFO:As a list it looks like this ['T', '4', 's', 't', '!', 'n', 'g']
2018-12-15 23:35:28,135:INFO:The letters in this password are: ['T', 's', 't', 'n', 'g']
2018-12-15 23:35:28,135:INFO:The 'T' was the 1st character
2018-12-15 23:35:28,135:INFO:The 's' was the 3rd character
2018-12-15 23:35:28,135:INFO:The 't' was the 4th character
2018-12-15 23:35:28,135:INFO:The 'n' was the 6th character
2018-12-15 23:35:28,135:INFO:The 'g' was the 7th character
2018-12-15 23:35:28,136:INFO:

2018-12-15 23:35:28,136:INFO:The numbers in this password are: ['4']
2018-12-15 23:35:28,136:INFO:The '4' was the 2nd character
2018-12-15 23:35:28,136:INFO:

2018-12-15 23:35:28,136:INFO:The symbols in this password are: ['!']
2018-12-15 23:35:28,136:INFO:The '!' was the 5th character
2018-12-15 23:35:28,137:INFO:

2018-12-15 23:35:28,192:INFO:The length of 'T4st!ng' is 7
2018-12-15 23:35:28,192:INFO:As a list it looks like this ['T', '4', 's', 't', '!', 'n', 'g']
2018-12-15 23:35:28,192:INFO:The letters in this password are: ['T', 's', 't', 'n', 'g']
2018-12-15 23:35:28,193:INFO:The 'T' was the 1st character
2018-12-15 23:35:28,193:INFO:The 's' was the 3rd character
2018-12-15 23:35:28,193:INFO:The 't' was the 4th character
2018-12-15 23:35:28,193:INFO:The 'n' was the 6th character
2018-12-15 23:35:28,193:INFO:The 'g' was the 7th character
2018-12-15 23:35:28,193:INFO:

2018-12-15 23:35:28,193:INFO:The numbers in this password are: ['4']
2018-12-15 23:35:28,194:INFO:The '4' was the 2nd character
2018-12-15 23:35:28,194:INFO:

2018-12-15 23:35:28,194:INFO:The symbols in this password are: ['!']
2018-12-15 23:35:28,194:INFO:The '!' was the 5th character
2018-12-15 23:35:28,194:INFO:

2018-12-15 23:35:28,262:INFO:The length of 'T4st!ng' is 7
2018-12-15 23:35:28,263:INFO:As a list it looks like this ['T', '4', 's', 't', '!', 'n', 'g']
2018-12-15 23:35:28,263:INFO:The letters in this password are: ['T', 's', 't', 'n', 'g']
2018-12-15 23:35:28,263:INFO:The 'T' was the 1st character
2018-12-15 23:35:28,263:INFO:The 's' was the 3rd character
2018-12-15 23:35:28,263:INFO:The 't' was the 4th character
2018-12-15 23:35:28,263:INFO:The 'n' was the 6th character
2018-12-15 23:35:28,263:INFO:The 'g' was the 7th character
2018-12-15 23:35:28,264:INFO:

2018-12-15 23:35:28,264:INFO:The numbers in this password are: ['4']
2018-12-15 23:35:28,264:INFO:The '4' was the 2nd character
2018-12-15 23:35:28,264:INFO:

2018-12-15 23:35:28,264:INFO:The symbols in this password are: ['!']
2018-12-15 23:35:28,264:INFO:The '!' was the 5th character
2018-12-15 23:35:28,264:INFO:

2018-12-15 23:35:28,322:INFO:The length of 'T4st!ng' is 7
2018-12-15 23:35:28,323:INFO:As a list it looks like this ['T', '4', 's', 't', '!', 'n', 'g']
2018-12-15 23:35:28,323:INFO:The letters in this password are: ['T', 's', 't', 'n', 'g']
2018-12-15 23:35:28,323:INFO:The 'T' was the 1st character
2018-12-15 23:35:28,323:INFO:The 's' was the 3rd character
2018-12-15 23:35:28,324:INFO:The 't' was the 4th character
2018-12-15 23:35:28,324:INFO:The 'n' was the 6th character
2018-12-15 23:35:28,324:INFO:The 'g' was the 7th character
2018-12-15 23:35:28,324:INFO:

2018-12-15 23:35:28,324:INFO:The numbers in this password are: ['4']
2018-12-15 23:35:28,324:INFO:The '4' was the 2nd character
2018-12-15 23:35:28,324:INFO:

2018-12-15 23:35:28,324:INFO:The symbols in this password are: ['!']
2018-12-15 23:35:28,325:INFO:The '!' was the 5th character
2018-12-15 23:35:28,325:INFO:

2018-12-15 23:35:28,387:INFO:The length of 'T4st!ng' is 7
2018-12-15 23:35:28,387:INFO:As a list it looks like this ['T', '4', 's', 't', '!', 'n', 'g']
2018-12-15 23:35:28,387:INFO:The letters in this password are: ['T', 's', 't', 'n', 'g']
2018-12-15 23:35:28,387:INFO:The 'T' was the 1st character
2018-12-15 23:35:28,388:INFO:The 's' was the 3rd character
2018-12-15 23:35:28,388:INFO:The 't' was the 4th character
2018-12-15 23:35:28,388:INFO:The 'n' was the 6th character
2018-12-15 23:35:28,388:INFO:The 'g' was the 7th character
2018-12-15 23:35:28,388:INFO:

2018-12-15 23:35:28,388:INFO:The numbers in this password are: ['4']
2018-12-15 23:35:28,388:INFO:The '4' was the 2nd character
2018-12-15 23:35:28,388:INFO:

2018-12-15 23:35:28,389:INFO:The symbols in this password are: ['!']
2018-12-15 23:35:28,389:INFO:The '!' was the 5th character
2018-12-15 23:35:28,389:INFO:

2018-12-15 23:35:28,447:INFO:The length of 'T4st!ng' is 7
2018-12-15 23:35:28,447:INFO:As a list it looks like this ['T', '4', 's', 't', '!', 'n', 'g']
2018-12-15 23:35:28,447:INFO:The letters in this password are: ['T', 's', 't', 'n', 'g']
2018-12-15 23:35:28,448:INFO:The 'T' was the 1st character
2018-12-15 23:35:28,448:INFO:The 's' was the 3rd character
2018-12-15 23:35:28,448:INFO:The 't' was the 4th character
2018-12-15 23:35:28,448:INFO:The 'n' was the 6th character
2018-12-15 23:35:28,448:INFO:The 'g' was the 7th character
2018-12-15 23:35:28,449:INFO:

2018-12-15 23:35:28,449:INFO:The numbers in this password are: ['4']
2018-12-15 23:35:28,449:INFO:The '4' was the 2nd character
2018-12-15 23:35:28,449:INFO:

2018-12-15 23:35:28,449:INFO:The symbols in this password are: ['!']
2018-12-15 23:35:28,449:INFO:The '!' was the 5th character
2018-12-15 23:35:28,449:INFO:

2018-12-15 23:35:28,507:INFO:The length of 'T4st!ng' is 7
2018-12-15 23:35:28,508:INFO:As a list it looks like this ['T', '4', 's', 't', '!', 'n', 'g']
2018-12-15 23:35:28,508:INFO:The letters in this password are: ['T', 's', 't', 'n', 'g']
2018-12-15 23:35:28,508:INFO:The 'T' was the 1st character
2018-12-15 23:35:28,508:INFO:The 's' was the 3rd character
2018-12-15 23:35:28,509:INFO:The 't' was the 4th character
2018-12-15 23:35:28,509:INFO:The 'n' was the 6th character
2018-12-15 23:35:28,509:INFO:The 'g' was the 7th character
2018-12-15 23:35:28,509:INFO:

2018-12-15 23:35:28,509:INFO:The numbers in this password are: ['4']
2018-12-15 23:35:28,509:INFO:The '4' was the 2nd character
2018-12-15 23:35:28,510:INFO:

2018-12-15 23:35:28,510:INFO:The symbols in this password are: ['!']
2018-12-15 23:35:28,510:INFO:The '!' was the 5th character
2018-12-15 23:35:28,510:INFO:

2018-12-15 23:35:28,568:INFO:The length of 'T4st!ng' is 7
2018-12-15 23:35:28,569:INFO:As a list it looks like this ['T', '4', 's', 't', '!', 'n', 'g']
2018-12-15 23:35:28,569:INFO:The letters in this password are: ['T', 's', 't', 'n', 'g']
2018-12-15 23:35:28,569:INFO:The 'T' was the 1st character
2018-12-15 23:35:28,570:INFO:The 's' was the 3rd character
2018-12-15 23:35:28,570:INFO:The 't' was the 4th character
2018-12-15 23:35:28,570:INFO:The 'n' was the 6th character
2018-12-15 23:35:28,570:INFO:The 'g' was the 7th character
2018-12-15 23:35:28,570:INFO:

2018-12-15 23:35:28,570:INFO:The numbers in this password are: ['4']
2018-12-15 23:35:28,571:INFO:The '4' was the 2nd character
2018-12-15 23:35:28,571:INFO:

2018-12-15 23:35:28,571:INFO:The symbols in this password are: ['!']
2018-12-15 23:35:28,571:INFO:The '!' was the 5th character
2018-12-15 23:35:28,571:INFO:

2018-12-15 23:35:28,632:INFO:The length of 'T4st!ng' is 7
2018-12-15 23:35:28,632:INFO:As a list it looks like this ['T', '4', 's', 't', '!', 'n', 'g']
2018-12-15 23:35:28,633:INFO:The letters in this password are: ['T', 's', 't', 'n', 'g']
2018-12-15 23:35:28,633:INFO:The 'T' was the 1st character
2018-12-15 23:35:28,633:INFO:The 's' was the 3rd character
2018-12-15 23:35:28,633:INFO:The 't' was the 4th character
2018-12-15 23:35:28,633:INFO:The 'n' was the 6th character
2018-12-15 23:35:28,633:INFO:The 'g' was the 7th character
2018-12-15 23:35:28,634:INFO:

2018-12-15 23:35:28,634:INFO:The numbers in this password are: ['4']
2018-12-15 23:35:28,634:INFO:The '4' was the 2nd character
2018-12-15 23:35:28,634:INFO:

2018-12-15 23:35:28,634:INFO:The symbols in this password are: ['!']
2018-12-15 23:35:28,634:INFO:The '!' was the 5th character
2018-12-15 23:35:28,634:INFO:

2018-12-15 23:35:28,693:INFO:The length of 'T4st!ng' is 7
2018-12-15 23:35:28,693:INFO:As a list it looks like this ['T', '4', 's', 't', '!', 'n', 'g']
2018-12-15 23:35:28,693:INFO:The letters in this password are: ['T', 's', 't', 'n', 'g']
2018-12-15 23:35:28,693:INFO:The 'T' was the 1st character
2018-12-15 23:35:28,694:INFO:The 's' was the 3rd character
2018-12-15 23:35:28,694:INFO:The 't' was the 4th character
2018-12-15 23:35:28,694:INFO:The 'n' was the 6th character
2018-12-15 23:35:28,694:INFO:The 'g' was the 7th character
2018-12-15 23:35:28,694:INFO:

2018-12-15 23:35:28,694:INFO:The numbers in this password are: ['4']
2018-12-15 23:35:28,694:INFO:The '4' was the 2nd character
2018-12-15 23:35:28,694:INFO:

2018-12-15 23:35:28,695:INFO:The symbols in this password are: ['!']
2018-12-15 23:35:28,695:INFO:The '!' was the 5th character
2018-12-15 23:35:28,695:INFO:

2018-12-15 23:35:28,761:INFO:The length of 'T4st!ng' is 7
2018-12-15 23:35:28,762:INFO:As a list it looks like this ['T', '4', 's', 't', '!', 'n', 'g']
2018-12-15 23:35:28,762:INFO:The letters in this password are: ['T', 's', 't', 'n', 'g']
2018-12-15 23:35:28,762:INFO:The 'T' was the 1st character
2018-12-15 23:35:28,762:INFO:The 's' was the 3rd character
2018-12-15 23:35:28,762:INFO:The 't' was the 4th character
2018-12-15 23:35:28,762:INFO:The 'n' was the 6th character
2018-12-15 23:35:28,762:INFO:The 'g' was the 7th character
2018-12-15 23:35:28,763:INFO:

2018-12-15 23:35:28,763:INFO:The numbers in this password are: ['4']
2018-12-15 23:35:28,763:INFO:The '4' was the 2nd character
2018-12-15 23:35:28,763:INFO:

2018-12-15 23:35:28,763:INFO:The symbols in this password are: ['!']
2018-12-15 23:35:28,763:INFO:The '!' was the 5th character
2018-12-15 23:35:28,763:INFO:

2018-12-15 23:35:28,820:INFO:The length of 'T4st!ng' is 7
2018-12-15 23:35:28,821:INFO:As a list it looks like this ['T', '4', 's', 't', '!', 'n', 'g']
2018-12-15 23:35:28,821:INFO:The letters in this password are: ['T', 's', 't', 'n', 'g']
2018-12-15 23:35:28,821:INFO:The 'T' was the 1st character
2018-12-15 23:35:28,821:INFO:The 's' was the 3rd character
2018-12-15 23:35:28,821:INFO:The 't' was the 4th character
2018-12-15 23:35:28,821:INFO:The 'n' was the 6th character
2018-12-15 23:35:28,821:INFO:The 'g' was the 7th character
2018-12-15 23:35:28,822:INFO:

2018-12-15 23:35:28,822:INFO:The numbers in this password are: ['4']
2018-12-15 23:35:28,822:INFO:The '4' was the 2nd character
2018-12-15 23:35:28,822:INFO:

2018-12-15 23:35:28,822:INFO:The symbols in this password are: ['!']
2018-12-15 23:35:28,822:INFO:The '!' was the 5th character
2018-12-15 23:35:28,822:INFO:

2018-12-15 23:35:28,880:INFO:The length of 'T4st!ng' is 7
2018-12-15 23:35:28,881:INFO:As a list it looks like this ['T', '4', 's', 't', '!', 'n', 'g']
2018-12-15 23:35:28,881:INFO:The letters in this password are: ['T', 's', 't', 'n', 'g']
2018-12-15 23:35:28,881:INFO:The 'T' was the 1st character
2018-12-15 23:35:28,882:INFO:The 's' was the 3rd character
2018-12-15 23:35:28,882:INFO:The 't' was the 4th character
2018-12-15 23:35:28,882:INFO:The 'n' was the 6th character
2018-12-15 23:35:28,882:INFO:The 'g' was the 7th character
2018-12-15 23:35:28,882:INFO:

2018-12-15 23:35:28,882:INFO:The numbers in this password are: ['4']
2018-12-15 23:35:28,882:INFO:The '4' was the 2nd character
2018-12-15 23:35:28,882:INFO:

2018-12-15 23:35:28,883:INFO:The symbols in this password are: ['!']
2018-12-15 23:35:28,883:INFO:The '!' was the 5th character
2018-12-15 23:35:28,883:INFO:

2018-12-15 23:35:28,941:INFO:The length of 'T4st!ng' is 7
2018-12-15 23:35:28,942:INFO:As a list it looks like this ['T', '4', 's', 't', '!', 'n', 'g']
2018-12-15 23:35:28,942:INFO:The letters in this password are: ['T', 's', 't', 'n', 'g']
2018-12-15 23:35:28,943:INFO:The 'T' was the 1st character
2018-12-15 23:35:28,943:INFO:The 's' was the 3rd character
2018-12-15 23:35:28,943:INFO:The 't' was the 4th character
2018-12-15 23:35:28,943:INFO:The 'n' was the 6th character
2018-12-15 23:35:28,943:INFO:The 'g' was the 7th character
2018-12-15 23:35:28,943:INFO:

2018-12-15 23:35:28,943:INFO:The numbers in this password are: ['4']
2018-12-15 23:35:28,944:INFO:The '4' was the 2nd character
2018-12-15 23:35:28,944:INFO:

2018-12-15 23:35:28,944:INFO:The symbols in this password are: ['!']
2018-12-15 23:35:28,944:INFO:The '!' was the 5th character
2018-12-15 23:35:28,944:INFO:

2018-12-15 23:35:29,007:INFO:The length of 'T4st!ng' is 7
2018-12-15 23:35:29,008:INFO:As a list it looks like this ['T', '4', 's', 't', '!', 'n', 'g']
2018-12-15 23:35:29,008:INFO:The letters in this password are: ['T', 's', 't', 'n', 'g']
2018-12-15 23:35:29,008:INFO:The 'T' was the 1st character
2018-12-15 23:35:29,008:INFO:The 's' was the 3rd character
2018-12-15 23:35:29,008:INFO:The 't' was the 4th character
2018-12-15 23:35:29,008:INFO:The 'n' was the 6th character
2018-12-15 23:35:29,009:INFO:The 'g' was the 7th character
2018-12-15 23:35:29,009:INFO:

2018-12-15 23:35:29,009:INFO:The numbers in this password are: ['4']
2018-12-15 23:35:29,009:INFO:The '4' was the 2nd character
2018-12-15 23:35:29,009:INFO:

2018-12-15 23:35:29,009:INFO:The symbols in this password are: ['!']
2018-12-15 23:35:29,009:INFO:The '!' was the 5th character
2018-12-15 23:35:29,009:INFO:

2018-12-15 23:35:29,068:INFO:The length of 'T4st!ng' is 7
2018-12-15 23:35:29,068:INFO:As a list it looks like this ['T', '4', 's', 't', '!', 'n', 'g']
2018-12-15 23:35:29,069:INFO:The letters in this password are: ['T', 's', 't', 'n', 'g']
2018-12-15 23:35:29,069:INFO:The 'T' was the 1st character
2018-12-15 23:35:29,069:INFO:The 's' was the 3rd character
2018-12-15 23:35:29,069:INFO:The 't' was the 4th character
2018-12-15 23:35:29,069:INFO:The 'n' was the 6th character
2018-12-15 23:35:29,069:INFO:The 'g' was the 7th character
2018-12-15 23:35:29,069:INFO:

2018-12-15 23:35:29,070:INFO:The numbers in this password are: ['4']
2018-12-15 23:35:29,070:INFO:The '4' was the 2nd character
2018-12-15 23:35:29,070:INFO:

2018-12-15 23:35:29,070:INFO:The symbols in this password are: ['!']
2018-12-15 23:35:29,070:INFO:The '!' was the 5th character
2018-12-15 23:35:29,070:INFO:

2018-12-15 23:35:29,127:INFO:The length of 'T4st!ng' is 7
2018-12-15 23:35:29,127:INFO:As a list it looks like this ['T', '4', 's', 't', '!', 'n', 'g']
2018-12-15 23:35:29,128:INFO:The letters in this password are: ['T', 's', 't', 'n', 'g']
2018-12-15 23:35:29,128:INFO:The 'T' was the 1st character
2018-12-15 23:35:29,128:INFO:The 's' was the 3rd character
2018-12-15 23:35:29,128:INFO:The 't' was the 4th character
2018-12-15 23:35:29,128:INFO:The 'n' was the 6th character
2018-12-15 23:35:29,128:INFO:The 'g' was the 7th character
2018-12-15 23:35:29,128:INFO:

2018-12-15 23:35:29,129:INFO:The numbers in this password are: ['4']
2018-12-15 23:35:29,129:INFO:The '4' was the 2nd character
2018-12-15 23:35:29,129:INFO:

2018-12-15 23:35:29,129:INFO:The symbols in this password are: ['!']
2018-12-15 23:35:29,129:INFO:The '!' was the 5th character
2018-12-15 23:35:29,129:INFO:

2018-12-15 23:35:29,187:INFO:The length of 'T4st!ng' is 7
2018-12-15 23:35:29,187:INFO:As a list it looks like this ['T', '4', 's', 't', '!', 'n', 'g']
2018-12-15 23:35:29,187:INFO:The letters in this password are: ['T', 's', 't', 'n', 'g']
2018-12-15 23:35:29,187:INFO:The 'T' was the 1st character
2018-12-15 23:35:29,187:INFO:The 's' was the 3rd character
2018-12-15 23:35:29,188:INFO:The 't' was the 4th character
2018-12-15 23:35:29,188:INFO:The 'n' was the 6th character
2018-12-15 23:35:29,188:INFO:The 'g' was the 7th character
2018-12-15 23:35:29,188:INFO:

2018-12-15 23:35:29,188:INFO:The numbers in this password are: ['4']
2018-12-15 23:35:29,188:INFO:The '4' was the 2nd character
2018-12-15 23:35:29,188:INFO:

2018-12-15 23:35:29,189:INFO:The symbols in this password are: ['!']
2018-12-15 23:35:29,189:INFO:The '!' was the 5th character
2018-12-15 23:35:29,189:INFO:

2018-12-15 23:35:29,249:INFO:The length of 'T4st!ng' is 7
2018-12-15 23:35:29,249:INFO:As a list it looks like this ['T', '4', 's', 't', '!', 'n', 'g']
2018-12-15 23:35:29,249:INFO:The letters in this password are: ['T', 's', 't', 'n', 'g']
2018-12-15 23:35:29,250:INFO:The 'T' was the 1st character
2018-12-15 23:35:29,250:INFO:The 's' was the 3rd character
2018-12-15 23:35:29,250:INFO:The 't' was the 4th character
2018-12-15 23:35:29,250:INFO:The 'n' was the 6th character
2018-12-15 23:35:29,250:INFO:The 'g' was the 7th character
2018-12-15 23:35:29,250:INFO:

2018-12-15 23:35:29,250:INFO:The numbers in this password are: ['4']
2018-12-15 23:35:29,251:INFO:The '4' was the 2nd character
2018-12-15 23:35:29,251:INFO:

2018-12-15 23:35:29,251:INFO:The symbols in this password are: ['!']
2018-12-15 23:35:29,251:INFO:The '!' was the 5th character
2018-12-15 23:35:29,251:INFO:

2018-12-15 23:35:29,309:INFO:The length of 'T4st!ng' is 7
2018-12-15 23:35:29,309:INFO:As a list it looks like this ['T', '4', 's', 't', '!', 'n', 'g']
2018-12-15 23:35:29,310:INFO:The letters in this password are: ['T', 's', 't', 'n', 'g']
2018-12-15 23:35:29,310:INFO:The 'T' was the 1st character
2018-12-15 23:35:29,310:INFO:The 's' was the 3rd character
2018-12-15 23:35:29,310:INFO:The 't' was the 4th character
2018-12-15 23:35:29,310:INFO:The 'n' was the 6th character
2018-12-15 23:35:29,310:INFO:The 'g' was the 7th character
2018-12-15 23:35:29,311:INFO:

2018-12-15 23:35:29,311:INFO:The numbers in this password are: ['4']
2018-12-15 23:35:29,311:INFO:The '4' was the 2nd character
2018-12-15 23:35:29,311:INFO:

2018-12-15 23:35:29,311:INFO:The symbols in this password are: ['!']
2018-12-15 23:35:29,312:INFO:The '!' was the 5th character
2018-12-15 23:35:29,312:INFO:

2018-12-15 23:35:29,385:INFO:The length of 'T4st!ng' is 7
2018-12-15 23:35:29,386:INFO:As a list it looks like this ['T', '4', 's', 't', '!', 'n', 'g']
2018-12-15 23:35:29,386:INFO:The letters in this password are: ['T', 's', 't', 'n', 'g']
2018-12-15 23:35:29,386:INFO:The 'T' was the 1st character
2018-12-15 23:35:29,386:INFO:The 's' was the 3rd character
2018-12-15 23:35:29,386:INFO:The 't' was the 4th character
2018-12-15 23:35:29,386:INFO:The 'n' was the 6th character
2018-12-15 23:35:29,387:INFO:The 'g' was the 7th character
2018-12-15 23:35:29,387:INFO:

2018-12-15 23:35:29,387:INFO:The numbers in this password are: ['4']
2018-12-15 23:35:29,387:INFO:The '4' was the 2nd character
2018-12-15 23:35:29,387:INFO:

2018-12-15 23:35:29,387:INFO:The symbols in this password are: ['!']
2018-12-15 23:35:29,387:INFO:The '!' was the 5th character
2018-12-15 23:35:29,387:INFO:

2018-12-15 23:35:29,456:INFO:The length of 'T4st!ng' is 7
2018-12-15 23:35:29,456:INFO:As a list it looks like this ['T', '4', 's', 't', '!', 'n', 'g']
2018-12-15 23:35:29,456:INFO:The letters in this password are: ['T', 's', 't', 'n', 'g']
2018-12-15 23:35:29,457:INFO:The 'T' was the 1st character
2018-12-15 23:35:29,457:INFO:The 's' was the 3rd character
2018-12-15 23:35:29,457:INFO:The 't' was the 4th character
2018-12-15 23:35:29,457:INFO:The 'n' was the 6th character
2018-12-15 23:35:29,457:INFO:The 'g' was the 7th character
2018-12-15 23:35:29,458:INFO:

2018-12-15 23:35:29,458:INFO:The numbers in this password are: ['4']
2018-12-15 23:35:29,458:INFO:The '4' was the 2nd character
2018-12-15 23:35:29,458:INFO:

2018-12-15 23:35:29,458:INFO:The symbols in this password are: ['!']
2018-12-15 23:35:29,458:INFO:The '!' was the 5th character
2018-12-15 23:35:29,459:INFO:

2018-12-15 23:35:29,528:INFO:The length of 'T4st!ng' is 7
2018-12-15 23:35:29,528:INFO:As a list it looks like this ['T', '4', 's', 't', '!', 'n', 'g']
2018-12-15 23:35:29,529:INFO:The letters in this password are: ['T', 's', 't', 'n', 'g']
2018-12-15 23:35:29,529:INFO:The 'T' was the 1st character
2018-12-15 23:35:29,529:INFO:The 's' was the 3rd character
2018-12-15 23:35:29,529:INFO:The 't' was the 4th character
2018-12-15 23:35:29,530:INFO:The 'n' was the 6th character
2018-12-15 23:35:29,530:INFO:The 'g' was the 7th character
2018-12-15 23:35:29,530:INFO:

2018-12-15 23:35:29,530:INFO:The numbers in this password are: ['4']
2018-12-15 23:35:29,530:INFO:The '4' was the 2nd character
2018-12-15 23:35:29,531:INFO:

2018-12-15 23:35:29,531:INFO:The symbols in this password are: ['!']
2018-12-15 23:35:29,531:INFO:The '!' was the 5th character
2018-12-15 23:35:29,531:INFO:

2018-12-15 23:35:29,596:INFO:The length of 'T4st!ng' is 7
2018-12-15 23:35:29,596:INFO:As a list it looks like this ['T', '4', 's', 't', '!', 'n', 'g']
2018-12-15 23:35:29,597:INFO:The letters in this password are: ['T', 's', 't', 'n', 'g']
2018-12-15 23:35:29,597:INFO:The 'T' was the 1st character
2018-12-15 23:35:29,597:INFO:The 's' was the 3rd character
2018-12-15 23:35:29,597:INFO:The 't' was the 4th character
2018-12-15 23:35:29,597:INFO:The 'n' was the 6th character
2018-12-15 23:35:29,597:INFO:The 'g' was the 7th character
2018-12-15 23:35:29,597:INFO:

2018-12-15 23:35:29,598:INFO:The numbers in this password are: ['4']
2018-12-15 23:35:29,598:INFO:The '4' was the 2nd character
2018-12-15 23:35:29,598:INFO:

2018-12-15 23:35:29,598:INFO:The symbols in this password are: ['!']
2018-12-15 23:35:29,598:INFO:The '!' was the 5th character
2018-12-15 23:35:29,599:INFO:

2018-12-15 23:35:29,663:INFO:The length of 'T4st!ng' is 7
2018-12-15 23:35:29,663:INFO:As a list it looks like this ['T', '4', 's', 't', '!', 'n', 'g']
2018-12-15 23:35:29,663:INFO:The letters in this password are: ['T', 's', 't', 'n', 'g']
2018-12-15 23:35:29,664:INFO:The 'T' was the 1st character
2018-12-15 23:35:29,664:INFO:The 's' was the 3rd character
2018-12-15 23:35:29,664:INFO:The 't' was the 4th character
2018-12-15 23:35:29,664:INFO:The 'n' was the 6th character
2018-12-15 23:35:29,664:INFO:The 'g' was the 7th character
2018-12-15 23:35:29,664:INFO:

2018-12-15 23:35:29,664:INFO:The numbers in this password are: ['4']
2018-12-15 23:35:29,664:INFO:The '4' was the 2nd character
2018-12-15 23:35:29,664:INFO:

2018-12-15 23:35:29,665:INFO:The symbols in this password are: ['!']
2018-12-15 23:35:29,665:INFO:The '!' was the 5th character
2018-12-15 23:35:29,665:INFO:

2018-12-15 23:35:29,733:INFO:The length of 'T4st!ng' is 7
2018-12-15 23:35:29,734:INFO:As a list it looks like this ['T', '4', 's', 't', '!', 'n', 'g']
2018-12-15 23:35:29,734:INFO:The letters in this password are: ['T', 's', 't', 'n', 'g']
2018-12-15 23:35:29,734:INFO:The 'T' was the 1st character
2018-12-15 23:35:29,734:INFO:The 's' was the 3rd character
2018-12-15 23:35:29,734:INFO:The 't' was the 4th character
2018-12-15 23:35:29,734:INFO:The 'n' was the 6th character
2018-12-15 23:35:29,734:INFO:The 'g' was the 7th character
2018-12-15 23:35:29,735:INFO:

2018-12-15 23:35:29,735:INFO:The numbers in this password are: ['4']
2018-12-15 23:35:29,735:INFO:The '4' was the 2nd character
2018-12-15 23:35:29,735:INFO:

2018-12-15 23:35:29,735:INFO:The symbols in this password are: ['!']
2018-12-15 23:35:29,735:INFO:The '!' was the 5th character
2018-12-15 23:35:29,735:INFO:

2018-12-15 23:35:29,792:INFO:The length of 'T4st!ng' is 7
2018-12-15 23:35:29,793:INFO:As a list it looks like this ['T', '4', 's', 't', '!', 'n', 'g']
2018-12-15 23:35:29,793:INFO:The letters in this password are: ['T', 's', 't', 'n', 'g']
2018-12-15 23:35:29,793:INFO:The 'T' was the 1st character
2018-12-15 23:35:29,793:INFO:The 's' was the 3rd character
2018-12-15 23:35:29,794:INFO:The 't' was the 4th character
2018-12-15 23:35:29,794:INFO:The 'n' was the 6th character
2018-12-15 23:35:29,794:INFO:The 'g' was the 7th character
2018-12-15 23:35:29,794:INFO:

2018-12-15 23:35:29,794:INFO:The numbers in this password are: ['4']
2018-12-15 23:35:29,794:INFO:The '4' was the 2nd character
2018-12-15 23:35:29,794:INFO:

2018-12-15 23:35:29,795:INFO:The symbols in this password are: ['!']
2018-12-15 23:35:29,795:INFO:The '!' was the 5th character
2018-12-15 23:35:29,795:INFO:

2018-12-15 23:35:29,857:INFO:The length of 'T4st!ng' is 7
2018-12-15 23:35:29,857:INFO:As a list it looks like this ['T', '4', 's', 't', '!', 'n', 'g']
2018-12-15 23:35:29,857:INFO:The letters in this password are: ['T', 's', 't', 'n', 'g']
2018-12-15 23:35:29,857:INFO:The 'T' was the 1st character
2018-12-15 23:35:29,858:INFO:The 's' was the 3rd character
2018-12-15 23:35:29,858:INFO:The 't' was the 4th character
2018-12-15 23:35:29,858:INFO:The 'n' was the 6th character
2018-12-15 23:35:29,858:INFO:The 'g' was the 7th character
2018-12-15 23:35:29,858:INFO:

2018-12-15 23:35:29,858:INFO:The numbers in this password are: ['4']
2018-12-15 23:35:29,858:INFO:The '4' was the 2nd character
2018-12-15 23:35:29,858:INFO:

2018-12-15 23:35:29,858:INFO:The symbols in this password are: ['!']
2018-12-15 23:35:29,859:INFO:The '!' was the 5th character
2018-12-15 23:35:29,859:INFO:

2018-12-15 23:35:29,919:INFO:The length of 'T4st!ng' is 7
2018-12-15 23:35:29,919:INFO:As a list it looks like this ['T', '4', 's', 't', '!', 'n', 'g']
2018-12-15 23:35:29,920:INFO:The letters in this password are: ['T', 's', 't', 'n', 'g']
2018-12-15 23:35:29,920:INFO:The 'T' was the 1st character
2018-12-15 23:35:29,920:INFO:The 's' was the 3rd character
2018-12-15 23:35:29,920:INFO:The 't' was the 4th character
2018-12-15 23:35:29,920:INFO:The 'n' was the 6th character
2018-12-15 23:35:29,920:INFO:The 'g' was the 7th character
2018-12-15 23:35:29,921:INFO:

2018-12-15 23:35:29,921:INFO:The numbers in this password are: ['4']
2018-12-15 23:35:29,921:INFO:The '4' was the 2nd character
2018-12-15 23:35:29,921:INFO:

2018-12-15 23:35:29,921:INFO:The symbols in this password are: ['!']
2018-12-15 23:35:29,921:INFO:The '!' was the 5th character
2018-12-15 23:35:29,922:INFO:

2018-12-15 23:35:29,987:INFO:The length of 'T4st!ng' is 7
2018-12-15 23:35:29,988:INFO:As a list it looks like this ['T', '4', 's', 't', '!', 'n', 'g']
2018-12-15 23:35:29,988:INFO:The letters in this password are: ['T', 's', 't', 'n', 'g']
2018-12-15 23:35:29,988:INFO:The 'T' was the 1st character
2018-12-15 23:35:29,988:INFO:The 's' was the 3rd character
2018-12-15 23:35:29,988:INFO:The 't' was the 4th character
2018-12-15 23:35:29,989:INFO:The 'n' was the 6th character
2018-12-15 23:35:29,989:INFO:The 'g' was the 7th character
2018-12-15 23:35:29,989:INFO:

2018-12-15 23:35:29,989:INFO:The numbers in this password are: ['4']
2018-12-15 23:35:29,989:INFO:The '4' was the 2nd character
2018-12-15 23:35:29,989:INFO:

2018-12-15 23:35:29,990:INFO:The symbols in this password are: ['!']
2018-12-15 23:35:29,990:INFO:The '!' was the 5th character
2018-12-15 23:35:29,990:INFO:

2018-12-15 23:35:30,048:INFO:The length of 'T4st!ng' is 7
2018-12-15 23:35:30,049:INFO:As a list it looks like this ['T', '4', 's', 't', '!', 'n', 'g']
2018-12-15 23:35:30,049:INFO:The letters in this password are: ['T', 's', 't', 'n', 'g']
2018-12-15 23:35:30,049:INFO:The 'T' was the 1st character
2018-12-15 23:35:30,049:INFO:The 's' was the 3rd character
2018-12-15 23:35:30,049:INFO:The 't' was the 4th character
2018-12-15 23:35:30,050:INFO:The 'n' was the 6th character
2018-12-15 23:35:30,050:INFO:The 'g' was the 7th character
2018-12-15 23:35:30,050:INFO:

2018-12-15 23:35:30,050:INFO:The numbers in this password are: ['4']
2018-12-15 23:35:30,050:INFO:The '4' was the 2nd character
2018-12-15 23:35:30,050:INFO:

2018-12-15 23:35:30,050:INFO:The symbols in this password are: ['!']
2018-12-15 23:35:30,050:INFO:The '!' was the 5th character
2018-12-15 23:35:30,051:INFO:

2018-12-15 23:35:30,105:INFO:The length of 'T4st!ng' is 7
2018-12-15 23:35:30,106:INFO:As a list it looks like this ['T', '4', 's', 't', '!', 'n', 'g']
2018-12-15 23:35:30,106:INFO:The letters in this password are: ['T', 's', 't', 'n', 'g']
2018-12-15 23:35:30,106:INFO:The 'T' was the 1st character
2018-12-15 23:35:30,106:INFO:The 's' was the 3rd character
2018-12-15 23:35:30,107:INFO:The 't' was the 4th character
2018-12-15 23:35:30,107:INFO:The 'n' was the 6th character
2018-12-15 23:35:30,107:INFO:The 'g' was the 7th character
2018-12-15 23:35:30,107:INFO:

2018-12-15 23:35:30,107:INFO:The numbers in this password are: ['4']
2018-12-15 23:35:30,108:INFO:The '4' was the 2nd character
2018-12-15 23:35:30,108:INFO:

2018-12-15 23:35:30,108:INFO:The symbols in this password are: ['!']
2018-12-15 23:35:30,108:INFO:The '!' was the 5th character
2018-12-15 23:35:30,108:INFO:

2018-12-15 23:35:30,166:INFO:The length of 'T4st!ng' is 7
2018-12-15 23:35:30,167:INFO:As a list it looks like this ['T', '4', 's', 't', '!', 'n', 'g']
2018-12-15 23:35:30,167:INFO:The letters in this password are: ['T', 's', 't', 'n', 'g']
2018-12-15 23:35:30,167:INFO:The 'T' was the 1st character
2018-12-15 23:35:30,167:INFO:The 's' was the 3rd character
2018-12-15 23:35:30,167:INFO:The 't' was the 4th character
2018-12-15 23:35:30,168:INFO:The 'n' was the 6th character
2018-12-15 23:35:30,168:INFO:The 'g' was the 7th character
2018-12-15 23:35:30,168:INFO:

2018-12-15 23:35:30,168:INFO:The numbers in this password are: ['4']
2018-12-15 23:35:30,168:INFO:The '4' was the 2nd character
2018-12-15 23:35:30,168:INFO:

2018-12-15 23:35:30,168:INFO:The symbols in this password are: ['!']
2018-12-15 23:35:30,168:INFO:The '!' was the 5th character
2018-12-15 23:35:30,169:INFO:

2018-12-15 23:35:30,227:INFO:The length of 'T4st!ng' is 7
2018-12-15 23:35:30,227:INFO:As a list it looks like this ['T', '4', 's', 't', '!', 'n', 'g']
2018-12-15 23:35:30,228:INFO:The letters in this password are: ['T', 's', 't', 'n', 'g']
2018-12-15 23:35:30,228:INFO:The 'T' was the 1st character
2018-12-15 23:35:30,228:INFO:The 's' was the 3rd character
2018-12-15 23:35:30,228:INFO:The 't' was the 4th character
2018-12-15 23:35:30,228:INFO:The 'n' was the 6th character
2018-12-15 23:35:30,228:INFO:The 'g' was the 7th character
2018-12-15 23:35:30,229:INFO:

2018-12-15 23:35:30,229:INFO:The numbers in this password are: ['4']
2018-12-15 23:35:30,229:INFO:The '4' was the 2nd character
2018-12-15 23:35:30,229:INFO:

2018-12-15 23:35:30,229:INFO:The symbols in this password are: ['!']
2018-12-15 23:35:30,229:INFO:The '!' was the 5th character
2018-12-15 23:35:30,229:INFO:

2018-12-15 23:35:30,290:INFO:The length of 'T4st!ng' is 7
2018-12-15 23:35:30,291:INFO:As a list it looks like this ['T', '4', 's', 't', '!', 'n', 'g']
2018-12-15 23:35:30,291:INFO:The letters in this password are: ['T', 's', 't', 'n', 'g']
2018-12-15 23:35:30,291:INFO:The 'T' was the 1st character
2018-12-15 23:35:30,291:INFO:The 's' was the 3rd character
2018-12-15 23:35:30,292:INFO:The 't' was the 4th character
2018-12-15 23:35:30,292:INFO:The 'n' was the 6th character
2018-12-15 23:35:30,292:INFO:The 'g' was the 7th character
2018-12-15 23:35:30,292:INFO:

2018-12-15 23:35:30,292:INFO:The numbers in this password are: ['4']
2018-12-15 23:35:30,292:INFO:The '4' was the 2nd character
2018-12-15 23:35:30,292:INFO:

2018-12-15 23:35:30,293:INFO:The symbols in this password are: ['!']
2018-12-15 23:35:30,293:INFO:The '!' was the 5th character
2018-12-15 23:35:30,293:INFO:

2018-12-15 23:35:30,358:INFO:The length of 'T4st!ng' is 7
2018-12-15 23:35:30,359:INFO:As a list it looks like this ['T', '4', 's', 't', '!', 'n', 'g']
2018-12-15 23:35:30,359:INFO:The letters in this password are: ['T', 's', 't', 'n', 'g']
2018-12-15 23:35:30,359:INFO:The 'T' was the 1st character
2018-12-15 23:35:30,359:INFO:The 's' was the 3rd character
2018-12-15 23:35:30,360:INFO:The 't' was the 4th character
2018-12-15 23:35:30,360:INFO:The 'n' was the 6th character
2018-12-15 23:35:30,360:INFO:The 'g' was the 7th character
2018-12-15 23:35:30,360:INFO:

2018-12-15 23:35:30,360:INFO:The numbers in this password are: ['4']
2018-12-15 23:35:30,360:INFO:The '4' was the 2nd character
2018-12-15 23:35:30,360:INFO:

2018-12-15 23:35:30,360:INFO:The symbols in this password are: ['!']
2018-12-15 23:35:30,361:INFO:The '!' was the 5th character
2018-12-15 23:35:30,361:INFO:

2018-12-15 23:35:30,419:INFO:The length of 'T4st!ng' is 7
2018-12-15 23:35:30,420:INFO:As a list it looks like this ['T', '4', 's', 't', '!', 'n', 'g']
2018-12-15 23:35:30,420:INFO:The letters in this password are: ['T', 's', 't', 'n', 'g']
2018-12-15 23:35:30,420:INFO:The 'T' was the 1st character
2018-12-15 23:35:30,420:INFO:The 's' was the 3rd character
2018-12-15 23:35:30,420:INFO:The 't' was the 4th character
2018-12-15 23:35:30,420:INFO:The 'n' was the 6th character
2018-12-15 23:35:30,421:INFO:The 'g' was the 7th character
2018-12-15 23:35:30,421:INFO:

2018-12-15 23:35:30,421:INFO:The numbers in this password are: ['4']
2018-12-15 23:35:30,421:INFO:The '4' was the 2nd character
2018-12-15 23:35:30,421:INFO:

2018-12-15 23:35:30,421:INFO:The symbols in this password are: ['!']
2018-12-15 23:35:30,421:INFO:The '!' was the 5th character
2018-12-15 23:35:30,421:INFO:

2018-12-15 23:35:30,481:INFO:The length of 'T4st!ng' is 7
2018-12-15 23:35:30,481:INFO:As a list it looks like this ['T', '4', 's', 't', '!', 'n', 'g']
2018-12-15 23:35:30,482:INFO:The letters in this password are: ['T', 's', 't', 'n', 'g']
2018-12-15 23:35:30,482:INFO:The 'T' was the 1st character
2018-12-15 23:35:30,482:INFO:The 's' was the 3rd character
2018-12-15 23:35:30,482:INFO:The 't' was the 4th character
2018-12-15 23:35:30,482:INFO:The 'n' was the 6th character
2018-12-15 23:35:30,482:INFO:The 'g' was the 7th character
2018-12-15 23:35:30,482:INFO:

2018-12-15 23:35:30,483:INFO:The numbers in this password are: ['4']
2018-12-15 23:35:30,483:INFO:The '4' was the 2nd character
2018-12-15 23:35:30,483:INFO:

2018-12-15 23:35:30,483:INFO:The symbols in this password are: ['!']
2018-12-15 23:35:30,483:INFO:The '!' was the 5th character
2018-12-15 23:35:30,483:INFO:

2018-12-15 23:35:30,544:INFO:The length of 'T4st!ng' is 7
2018-12-15 23:35:30,544:INFO:As a list it looks like this ['T', '4', 's', 't', '!', 'n', 'g']
2018-12-15 23:35:30,545:INFO:The letters in this password are: ['T', 's', 't', 'n', 'g']
2018-12-15 23:35:30,545:INFO:The 'T' was the 1st character
2018-12-15 23:35:30,545:INFO:The 's' was the 3rd character
2018-12-15 23:35:30,545:INFO:The 't' was the 4th character
2018-12-15 23:35:30,545:INFO:The 'n' was the 6th character
2018-12-15 23:35:30,546:INFO:The 'g' was the 7th character
2018-12-15 23:35:30,546:INFO:

2018-12-15 23:35:30,546:INFO:The numbers in this password are: ['4']
2018-12-15 23:35:30,546:INFO:The '4' was the 2nd character
2018-12-15 23:35:30,546:INFO:

2018-12-15 23:35:30,546:INFO:The symbols in this password are: ['!']
2018-12-15 23:35:30,547:INFO:The '!' was the 5th character
2018-12-15 23:35:30,547:INFO:

2018-12-15 23:35:30,602:INFO:The length of 'T4st!ng' is 7
2018-12-15 23:35:30,602:INFO:As a list it looks like this ['T', '4', 's', 't', '!', 'n', 'g']
2018-12-15 23:35:30,603:INFO:The letters in this password are: ['T', 's', 't', 'n', 'g']
2018-12-15 23:35:30,603:INFO:The 'T' was the 1st character
2018-12-15 23:35:30,603:INFO:The 's' was the 3rd character
2018-12-15 23:35:30,603:INFO:The 't' was the 4th character
2018-12-15 23:35:30,603:INFO:The 'n' was the 6th character
2018-12-15 23:35:30,603:INFO:The 'g' was the 7th character
2018-12-15 23:35:30,604:INFO:

2018-12-15 23:35:30,604:INFO:The numbers in this password are: ['4']
2018-12-15 23:35:30,604:INFO:The '4' was the 2nd character
2018-12-15 23:35:30,604:INFO:

2018-12-15 23:35:30,604:INFO:The symbols in this password are: ['!']
2018-12-15 23:35:30,604:INFO:The '!' was the 5th character
2018-12-15 23:35:30,604:INFO:

2018-12-15 23:35:30,666:INFO:The length of 'T4st!ng' is 7
2018-12-15 23:35:30,666:INFO:As a list it looks like this ['T', '4', 's', 't', '!', 'n', 'g']
2018-12-15 23:35:30,666:INFO:The letters in this password are: ['T', 's', 't', 'n', 'g']
2018-12-15 23:35:30,667:INFO:The 'T' was the 1st character
2018-12-15 23:35:30,667:INFO:The 's' was the 3rd character
2018-12-15 23:35:30,667:INFO:The 't' was the 4th character
2018-12-15 23:35:30,667:INFO:The 'n' was the 6th character
2018-12-15 23:35:30,667:INFO:The 'g' was the 7th character
2018-12-15 23:35:30,667:INFO:

2018-12-15 23:35:30,668:INFO:The numbers in this password are: ['4']
2018-12-15 23:35:30,668:INFO:The '4' was the 2nd character
2018-12-15 23:35:30,668:INFO:

2018-12-15 23:35:30,668:INFO:The symbols in this password are: ['!']
2018-12-15 23:35:30,668:INFO:The '!' was the 5th character
2018-12-15 23:35:30,668:INFO:

2018-12-15 23:35:30,729:INFO:The length of 'T4st!ng' is 7
2018-12-15 23:35:30,729:INFO:As a list it looks like this ['T', '4', 's', 't', '!', 'n', 'g']
2018-12-15 23:35:30,730:INFO:The letters in this password are: ['T', 's', 't', 'n', 'g']
2018-12-15 23:35:30,730:INFO:The 'T' was the 1st character
2018-12-15 23:35:30,730:INFO:The 's' was the 3rd character
2018-12-15 23:35:30,730:INFO:The 't' was the 4th character
2018-12-15 23:35:30,730:INFO:The 'n' was the 6th character
2018-12-15 23:35:30,730:INFO:The 'g' was the 7th character
2018-12-15 23:35:30,730:INFO:

2018-12-15 23:35:30,731:INFO:The numbers in this password are: ['4']
2018-12-15 23:35:30,731:INFO:The '4' was the 2nd character
2018-12-15 23:35:30,731:INFO:

2018-12-15 23:35:30,732:INFO:The symbols in this password are: ['!']
2018-12-15 23:35:30,732:INFO:The '!' was the 5th character
2018-12-15 23:35:30,732:INFO:

2018-12-15 23:35:30,787:INFO:The length of 'T4st!ng' is 7
2018-12-15 23:35:30,788:INFO:As a list it looks like this ['T', '4', 's', 't', '!', 'n', 'g']
2018-12-15 23:35:30,788:INFO:The letters in this password are: ['T', 's', 't', 'n', 'g']
2018-12-15 23:35:30,788:INFO:The 'T' was the 1st character
2018-12-15 23:35:30,788:INFO:The 's' was the 3rd character
2018-12-15 23:35:30,788:INFO:The 't' was the 4th character
2018-12-15 23:35:30,788:INFO:The 'n' was the 6th character
2018-12-15 23:35:30,789:INFO:The 'g' was the 7th character
2018-12-15 23:35:30,789:INFO:

2018-12-15 23:35:30,789:INFO:The numbers in this password are: ['4']
2018-12-15 23:35:30,789:INFO:The '4' was the 2nd character
2018-12-15 23:35:30,789:INFO:

2018-12-15 23:35:30,789:INFO:The symbols in this password are: ['!']
2018-12-15 23:35:30,789:INFO:The '!' was the 5th character
2018-12-15 23:35:30,790:INFO:

2018-12-15 23:35:30,847:INFO:The length of 'T4st!ng' is 7
2018-12-15 23:35:30,848:INFO:As a list it looks like this ['T', '4', 's', 't', '!', 'n', 'g']
2018-12-15 23:35:30,848:INFO:The letters in this password are: ['T', 's', 't', 'n', 'g']
2018-12-15 23:35:30,849:INFO:The 'T' was the 1st character
2018-12-15 23:35:30,849:INFO:The 's' was the 3rd character
2018-12-15 23:35:30,849:INFO:The 't' was the 4th character
2018-12-15 23:35:30,849:INFO:The 'n' was the 6th character
2018-12-15 23:35:30,849:INFO:The 'g' was the 7th character
2018-12-15 23:35:30,849:INFO:

2018-12-15 23:35:30,850:INFO:The numbers in this password are: ['4']
2018-12-15 23:35:30,850:INFO:The '4' was the 2nd character
2018-12-15 23:35:30,850:INFO:

2018-12-15 23:35:30,850:INFO:The symbols in this password are: ['!']
2018-12-15 23:35:30,850:INFO:The '!' was the 5th character
2018-12-15 23:35:30,850:INFO:

2018-12-15 23:35:30,906:INFO:The length of 'T4st!ng' is 7
2018-12-15 23:35:30,906:INFO:As a list it looks like this ['T', '4', 's', 't', '!', 'n', 'g']
2018-12-15 23:35:30,906:INFO:The letters in this password are: ['T', 's', 't', 'n', 'g']
2018-12-15 23:35:30,907:INFO:The 'T' was the 1st character
2018-12-15 23:35:30,907:INFO:The 's' was the 3rd character
2018-12-15 23:35:30,907:INFO:The 't' was the 4th character
2018-12-15 23:35:30,907:INFO:The 'n' was the 6th character
2018-12-15 23:35:30,907:INFO:The 'g' was the 7th character
2018-12-15 23:35:30,907:INFO:

2018-12-15 23:35:30,907:INFO:The numbers in this password are: ['4']
2018-12-15 23:35:30,908:INFO:The '4' was the 2nd character
2018-12-15 23:35:30,908:INFO:

2018-12-15 23:35:30,908:INFO:The symbols in this password are: ['!']
2018-12-15 23:35:30,908:INFO:The '!' was the 5th character
2018-12-15 23:35:30,908:INFO:

2018-12-15 23:35:30,970:INFO:The length of 'T4st!ng' is 7
2018-12-15 23:35:30,970:INFO:As a list it looks like this ['T', '4', 's', 't', '!', 'n', 'g']
2018-12-15 23:35:30,970:INFO:The letters in this password are: ['T', 's', 't', 'n', 'g']
2018-12-15 23:35:30,971:INFO:The 'T' was the 1st character
2018-12-15 23:35:30,971:INFO:The 's' was the 3rd character
2018-12-15 23:35:30,971:INFO:The 't' was the 4th character
2018-12-15 23:35:30,971:INFO:The 'n' was the 6th character
2018-12-15 23:35:30,971:INFO:The 'g' was the 7th character
2018-12-15 23:35:30,971:INFO:

2018-12-15 23:35:30,971:INFO:The numbers in this password are: ['4']
2018-12-15 23:35:30,971:INFO:The '4' was the 2nd character
2018-12-15 23:35:30,972:INFO:

2018-12-15 23:35:30,972:INFO:The symbols in this password are: ['!']
2018-12-15 23:35:30,972:INFO:The '!' was the 5th character
2018-12-15 23:35:30,972:INFO:

2018-12-15 23:35:31,032:INFO:The length of 'T4st!ng' is 7
2018-12-15 23:35:31,032:INFO:As a list it looks like this ['T', '4', 's', 't', '!', 'n', 'g']
2018-12-15 23:35:31,033:INFO:The letters in this password are: ['T', 's', 't', 'n', 'g']
2018-12-15 23:35:31,033:INFO:The 'T' was the 1st character
2018-12-15 23:35:31,033:INFO:The 's' was the 3rd character
2018-12-15 23:35:31,033:INFO:The 't' was the 4th character
2018-12-15 23:35:31,033:INFO:The 'n' was the 6th character
2018-12-15 23:35:31,033:INFO:The 'g' was the 7th character
2018-12-15 23:35:31,034:INFO:

2018-12-15 23:35:31,034:INFO:The numbers in this password are: ['4']
2018-12-15 23:35:31,034:INFO:The '4' was the 2nd character
2018-12-15 23:35:31,034:INFO:

2018-12-15 23:35:31,034:INFO:The symbols in this password are: ['!']
2018-12-15 23:35:31,034:INFO:The '!' was the 5th character
2018-12-15 23:35:31,035:INFO:

2018-12-15 23:35:31,095:INFO:The length of 'T4st!ng' is 7
2018-12-15 23:35:31,095:INFO:As a list it looks like this ['T', '4', 's', 't', '!', 'n', 'g']
2018-12-15 23:35:31,095:INFO:The letters in this password are: ['T', 's', 't', 'n', 'g']
2018-12-15 23:35:31,096:INFO:The 'T' was the 1st character
2018-12-15 23:35:31,096:INFO:The 's' was the 3rd character
2018-12-15 23:35:31,096:INFO:The 't' was the 4th character
2018-12-15 23:35:31,096:INFO:The 'n' was the 6th character
2018-12-15 23:35:31,096:INFO:The 'g' was the 7th character
2018-12-15 23:35:31,096:INFO:

2018-12-15 23:35:31,096:INFO:The numbers in this password are: ['4']
2018-12-15 23:35:31,097:INFO:The '4' was the 2nd character
2018-12-15 23:35:31,097:INFO:

2018-12-15 23:35:31,097:INFO:The symbols in this password are: ['!']
2018-12-15 23:35:31,097:INFO:The '!' was the 5th character
2018-12-15 23:35:31,097:INFO:

2018-12-15 23:35:31,156:INFO:The length of 'T4st!ng' is 7
2018-12-15 23:35:31,157:INFO:As a list it looks like this ['T', '4', 's', 't', '!', 'n', 'g']
2018-12-15 23:35:31,157:INFO:The letters in this password are: ['T', 's', 't', 'n', 'g']
2018-12-15 23:35:31,157:INFO:The 'T' was the 1st character
2018-12-15 23:35:31,157:INFO:The 's' was the 3rd character
2018-12-15 23:35:31,158:INFO:The 't' was the 4th character
2018-12-15 23:35:31,158:INFO:The 'n' was the 6th character
2018-12-15 23:35:31,158:INFO:The 'g' was the 7th character
2018-12-15 23:35:31,158:INFO:

2018-12-15 23:35:31,158:INFO:The numbers in this password are: ['4']
2018-12-15 23:35:31,158:INFO:The '4' was the 2nd character
2018-12-15 23:35:31,158:INFO:

2018-12-15 23:35:31,159:INFO:The symbols in this password are: ['!']
2018-12-15 23:35:31,159:INFO:The '!' was the 5th character
2018-12-15 23:35:31,159:INFO:

2018-12-15 23:35:31,216:INFO:The length of 'T4st!ng' is 7
2018-12-15 23:35:31,217:INFO:As a list it looks like this ['T', '4', 's', 't', '!', 'n', 'g']
2018-12-15 23:35:31,217:INFO:The letters in this password are: ['T', 's', 't', 'n', 'g']
2018-12-15 23:35:31,217:INFO:The 'T' was the 1st character
2018-12-15 23:35:31,217:INFO:The 's' was the 3rd character
2018-12-15 23:35:31,217:INFO:The 't' was the 4th character
2018-12-15 23:35:31,218:INFO:The 'n' was the 6th character
2018-12-15 23:35:31,218:INFO:The 'g' was the 7th character
2018-12-15 23:35:31,218:INFO:

2018-12-15 23:35:31,218:INFO:The numbers in this password are: ['4']
2018-12-15 23:35:31,218:INFO:The '4' was the 2nd character
2018-12-15 23:35:31,218:INFO:

2018-12-15 23:35:31,219:INFO:The symbols in this password are: ['!']
2018-12-15 23:35:31,219:INFO:The '!' was the 5th character
2018-12-15 23:35:31,219:INFO:

2018-12-15 23:35:31,277:INFO:The length of 'T4st!ng' is 7
2018-12-15 23:35:31,278:INFO:As a list it looks like this ['T', '4', 's', 't', '!', 'n', 'g']
2018-12-15 23:35:31,278:INFO:The letters in this password are: ['T', 's', 't', 'n', 'g']
2018-12-15 23:35:31,278:INFO:The 'T' was the 1st character
2018-12-15 23:35:31,278:INFO:The 's' was the 3rd character
2018-12-15 23:35:31,278:INFO:The 't' was the 4th character
2018-12-15 23:35:31,278:INFO:The 'n' was the 6th character
2018-12-15 23:35:31,279:INFO:The 'g' was the 7th character
2018-12-15 23:35:31,279:INFO:

2018-12-15 23:35:31,279:INFO:The numbers in this password are: ['4']
2018-12-15 23:35:31,279:INFO:The '4' was the 2nd character
2018-12-15 23:35:31,279:INFO:

2018-12-15 23:35:31,279:INFO:The symbols in this password are: ['!']
2018-12-15 23:35:31,279:INFO:The '!' was the 5th character
2018-12-15 23:35:31,280:INFO:

2018-12-15 23:35:31,339:INFO:The length of 'T4st!ng' is 7
2018-12-15 23:35:31,340:INFO:As a list it looks like this ['T', '4', 's', 't', '!', 'n', 'g']
2018-12-15 23:35:31,340:INFO:The letters in this password are: ['T', 's', 't', 'n', 'g']
2018-12-15 23:35:31,340:INFO:The 'T' was the 1st character
2018-12-15 23:35:31,340:INFO:The 's' was the 3rd character
2018-12-15 23:35:31,340:INFO:The 't' was the 4th character
2018-12-15 23:35:31,341:INFO:The 'n' was the 6th character
2018-12-15 23:35:31,341:INFO:The 'g' was the 7th character
2018-12-15 23:35:31,341:INFO:

2018-12-15 23:35:31,341:INFO:The numbers in this password are: ['4']
2018-12-15 23:35:31,341:INFO:The '4' was the 2nd character
2018-12-15 23:35:31,341:INFO:

2018-12-15 23:35:31,342:INFO:The symbols in this password are: ['!']
2018-12-15 23:35:31,342:INFO:The '!' was the 5th character
2018-12-15 23:35:31,342:INFO:

2018-12-15 23:35:31,398:INFO:The length of 'T4st!ng' is 7
2018-12-15 23:35:31,399:INFO:As a list it looks like this ['T', '4', 's', 't', '!', 'n', 'g']
2018-12-15 23:35:31,399:INFO:The letters in this password are: ['T', 's', 't', 'n', 'g']
2018-12-15 23:35:31,399:INFO:The 'T' was the 1st character
2018-12-15 23:35:31,399:INFO:The 's' was the 3rd character
2018-12-15 23:35:31,399:INFO:The 't' was the 4th character
2018-12-15 23:35:31,399:INFO:The 'n' was the 6th character
2018-12-15 23:35:31,399:INFO:The 'g' was the 7th character
2018-12-15 23:35:31,400:INFO:

2018-12-15 23:35:31,400:INFO:The numbers in this password are: ['4']
2018-12-15 23:35:31,400:INFO:The '4' was the 2nd character
2018-12-15 23:35:31,400:INFO:

2018-12-15 23:35:31,400:INFO:The symbols in this password are: ['!']
2018-12-15 23:35:31,400:INFO:The '!' was the 5th character
2018-12-15 23:35:31,400:INFO:

2018-12-15 23:35:31,462:INFO:The length of 'T4st!ng' is 7
2018-12-15 23:35:31,463:INFO:As a list it looks like this ['T', '4', 's', 't', '!', 'n', 'g']
2018-12-15 23:35:31,463:INFO:The letters in this password are: ['T', 's', 't', 'n', 'g']
2018-12-15 23:35:31,463:INFO:The 'T' was the 1st character
2018-12-15 23:35:31,463:INFO:The 's' was the 3rd character
2018-12-15 23:35:31,464:INFO:The 't' was the 4th character
2018-12-15 23:35:31,464:INFO:The 'n' was the 6th character
2018-12-15 23:35:31,464:INFO:The 'g' was the 7th character
2018-12-15 23:35:31,464:INFO:

2018-12-15 23:35:31,464:INFO:The numbers in this password are: ['4']
2018-12-15 23:35:31,464:INFO:The '4' was the 2nd character
2018-12-15 23:35:31,464:INFO:

2018-12-15 23:35:31,465:INFO:The symbols in this password are: ['!']
2018-12-15 23:35:31,465:INFO:The '!' was the 5th character
2018-12-15 23:35:31,465:INFO:

2018-12-15 23:35:31,528:INFO:The length of 'T4st!ng' is 7
2018-12-15 23:35:31,529:INFO:As a list it looks like this ['T', '4', 's', 't', '!', 'n', 'g']
2018-12-15 23:35:31,529:INFO:The letters in this password are: ['T', 's', 't', 'n', 'g']
2018-12-15 23:35:31,529:INFO:The 'T' was the 1st character
2018-12-15 23:35:31,530:INFO:The 's' was the 3rd character
2018-12-15 23:35:31,530:INFO:The 't' was the 4th character
2018-12-15 23:35:31,530:INFO:The 'n' was the 6th character
2018-12-15 23:35:31,530:INFO:The 'g' was the 7th character
2018-12-15 23:35:31,530:INFO:

2018-12-15 23:35:31,530:INFO:The numbers in this password are: ['4']
2018-12-15 23:35:31,531:INFO:The '4' was the 2nd character
2018-12-15 23:35:31,531:INFO:

2018-12-15 23:35:31,532:INFO:The symbols in this password are: ['!']
2018-12-15 23:35:31,532:INFO:The '!' was the 5th character
2018-12-15 23:35:31,532:INFO:

2018-12-15 23:35:31,593:INFO:The length of 'T4st!ng' is 7
2018-12-15 23:35:31,593:INFO:As a list it looks like this ['T', '4', 's', 't', '!', 'n', 'g']
2018-12-15 23:35:31,593:INFO:The letters in this password are: ['T', 's', 't', 'n', 'g']
2018-12-15 23:35:31,593:INFO:The 'T' was the 1st character
2018-12-15 23:35:31,594:INFO:The 's' was the 3rd character
2018-12-15 23:35:31,594:INFO:The 't' was the 4th character
2018-12-15 23:35:31,594:INFO:The 'n' was the 6th character
2018-12-15 23:35:31,594:INFO:The 'g' was the 7th character
2018-12-15 23:35:31,594:INFO:

2018-12-15 23:35:31,594:INFO:The numbers in this password are: ['4']
2018-12-15 23:35:31,594:INFO:The '4' was the 2nd character
2018-12-15 23:35:31,595:INFO:

2018-12-15 23:35:31,595:INFO:The symbols in this password are: ['!']
2018-12-15 23:35:31,595:INFO:The '!' was the 5th character
2018-12-15 23:35:31,595:INFO:

2018-12-15 23:35:31,659:INFO:The length of 'T4st!ng' is 7
2018-12-15 23:35:31,659:INFO:As a list it looks like this ['T', '4', 's', 't', '!', 'n', 'g']
2018-12-15 23:35:31,660:INFO:The letters in this password are: ['T', 's', 't', 'n', 'g']
2018-12-15 23:35:31,660:INFO:The 'T' was the 1st character
2018-12-15 23:35:31,660:INFO:The 's' was the 3rd character
2018-12-15 23:35:31,660:INFO:The 't' was the 4th character
2018-12-15 23:35:31,660:INFO:The 'n' was the 6th character
2018-12-15 23:35:31,660:INFO:The 'g' was the 7th character
2018-12-15 23:35:31,660:INFO:

2018-12-15 23:35:31,660:INFO:The numbers in this password are: ['4']
2018-12-15 23:35:31,661:INFO:The '4' was the 2nd character
2018-12-15 23:35:31,661:INFO:

2018-12-15 23:35:31,661:INFO:The symbols in this password are: ['!']
2018-12-15 23:35:31,661:INFO:The '!' was the 5th character
2018-12-15 23:35:31,661:INFO:

2018-12-15 23:35:31,721:INFO:The length of 'T4st!ng' is 7
2018-12-15 23:35:31,722:INFO:As a list it looks like this ['T', '4', 's', 't', '!', 'n', 'g']
2018-12-15 23:35:31,722:INFO:The letters in this password are: ['T', 's', 't', 'n', 'g']
2018-12-15 23:35:31,722:INFO:The 'T' was the 1st character
2018-12-15 23:35:31,722:INFO:The 's' was the 3rd character
2018-12-15 23:35:31,722:INFO:The 't' was the 4th character
2018-12-15 23:35:31,722:INFO:The 'n' was the 6th character
2018-12-15 23:35:31,723:INFO:The 'g' was the 7th character
2018-12-15 23:35:31,723:INFO:

2018-12-15 23:35:31,723:INFO:The numbers in this password are: ['4']
2018-12-15 23:35:31,723:INFO:The '4' was the 2nd character
2018-12-15 23:35:31,723:INFO:

2018-12-15 23:35:31,723:INFO:The symbols in this password are: ['!']
2018-12-15 23:35:31,723:INFO:The '!' was the 5th character
2018-12-15 23:35:31,723:INFO:

2018-12-15 23:35:31,782:INFO:The length of 'T4st!ng' is 7
2018-12-15 23:35:31,782:INFO:As a list it looks like this ['T', '4', 's', 't', '!', 'n', 'g']
2018-12-15 23:35:31,782:INFO:The letters in this password are: ['T', 's', 't', 'n', 'g']
2018-12-15 23:35:31,782:INFO:The 'T' was the 1st character
2018-12-15 23:35:31,783:INFO:The 's' was the 3rd character
2018-12-15 23:35:31,783:INFO:The 't' was the 4th character
2018-12-15 23:35:31,783:INFO:The 'n' was the 6th character
2018-12-15 23:35:31,783:INFO:The 'g' was the 7th character
2018-12-15 23:35:31,783:INFO:

2018-12-15 23:35:31,783:INFO:The numbers in this password are: ['4']
2018-12-15 23:35:31,783:INFO:The '4' was the 2nd character
2018-12-15 23:35:31,783:INFO:

2018-12-15 23:35:31,784:INFO:The symbols in this password are: ['!']
2018-12-15 23:35:31,784:INFO:The '!' was the 5th character
2018-12-15 23:35:31,784:INFO:

2018-12-15 23:35:31,939:INFO:The length of 'T4st!ng' is 7
2018-12-15 23:35:31,940:INFO:As a list it looks like this ['T', '4', 's', 't', '!', 'n', 'g']
2018-12-15 23:35:31,940:INFO:The letters in this password are: ['T', 's', 't', 'n', 'g']
2018-12-15 23:35:31,940:INFO:The 'T' was the 1st character
2018-12-15 23:35:31,940:INFO:The 's' was the 3rd character
2018-12-15 23:35:31,940:INFO:The 't' was the 4th character
2018-12-15 23:35:31,941:INFO:The 'n' was the 6th character
2018-12-15 23:35:31,941:INFO:The 'g' was the 7th character
2018-12-15 23:35:31,941:INFO:

2018-12-15 23:35:31,941:INFO:The numbers in this password are: ['4']
2018-12-15 23:35:31,941:INFO:The '4' was the 2nd character
2018-12-15 23:35:31,941:INFO:

2018-12-15 23:35:31,941:INFO:The symbols in this password are: ['!']
2018-12-15 23:35:31,941:INFO:The '!' was the 5th character
2018-12-15 23:35:31,942:INFO:

2018-12-15 23:35:32,003:INFO:The length of 'T4st!ng' is 7
2018-12-15 23:35:32,004:INFO:As a list it looks like this ['T', '4', 's', 't', '!', 'n', 'g']
2018-12-15 23:35:32,004:INFO:The letters in this password are: ['T', 's', 't', 'n', 'g']
2018-12-15 23:35:32,004:INFO:The 'T' was the 1st character
2018-12-15 23:35:32,004:INFO:The 's' was the 3rd character
2018-12-15 23:35:32,004:INFO:The 't' was the 4th character
2018-12-15 23:35:32,005:INFO:The 'n' was the 6th character
2018-12-15 23:35:32,005:INFO:The 'g' was the 7th character
2018-12-15 23:35:32,005:INFO:

2018-12-15 23:35:32,005:INFO:The numbers in this password are: ['4']
2018-12-15 23:35:32,005:INFO:The '4' was the 2nd character
2018-12-15 23:35:32,005:INFO:

2018-12-15 23:35:32,005:INFO:The symbols in this password are: ['!']
2018-12-15 23:35:32,005:INFO:The '!' was the 5th character
2018-12-15 23:35:32,006:INFO:

2018-12-15 23:35:32,067:INFO:The length of 'T4st!ng' is 7
2018-12-15 23:35:32,067:INFO:As a list it looks like this ['T', '4', 's', 't', '!', 'n', 'g']
2018-12-15 23:35:32,067:INFO:The letters in this password are: ['T', 's', 't', 'n', 'g']
2018-12-15 23:35:32,068:INFO:The 'T' was the 1st character
2018-12-15 23:35:32,068:INFO:The 's' was the 3rd character
2018-12-15 23:35:32,068:INFO:The 't' was the 4th character
2018-12-15 23:35:32,068:INFO:The 'n' was the 6th character
2018-12-15 23:35:32,068:INFO:The 'g' was the 7th character
2018-12-15 23:35:32,068:INFO:

2018-12-15 23:35:32,069:INFO:The numbers in this password are: ['4']
2018-12-15 23:35:32,069:INFO:The '4' was the 2nd character
2018-12-15 23:35:32,069:INFO:

2018-12-15 23:35:32,069:INFO:The symbols in this password are: ['!']
2018-12-15 23:35:32,069:INFO:The '!' was the 5th character
2018-12-15 23:35:32,069:INFO:

2018-12-15 23:35:32,129:INFO:The length of 'T4st!ng' is 7
2018-12-15 23:35:32,129:INFO:As a list it looks like this ['T', '4', 's', 't', '!', 'n', 'g']
2018-12-15 23:35:32,129:INFO:The letters in this password are: ['T', 's', 't', 'n', 'g']
2018-12-15 23:35:32,129:INFO:The 'T' was the 1st character
2018-12-15 23:35:32,129:INFO:The 's' was the 3rd character
2018-12-15 23:35:32,130:INFO:The 't' was the 4th character
2018-12-15 23:35:32,130:INFO:The 'n' was the 6th character
2018-12-15 23:35:32,130:INFO:The 'g' was the 7th character
2018-12-15 23:35:32,130:INFO:

2018-12-15 23:35:32,130:INFO:The numbers in this password are: ['4']
2018-12-15 23:35:32,130:INFO:The '4' was the 2nd character
2018-12-15 23:35:32,130:INFO:

2018-12-15 23:35:32,131:INFO:The symbols in this password are: ['!']
2018-12-15 23:35:32,131:INFO:The '!' was the 5th character
2018-12-15 23:35:32,131:INFO:

2018-12-15 23:35:32,191:INFO:The length of 'T4st!ng' is 7
2018-12-15 23:35:32,192:INFO:As a list it looks like this ['T', '4', 's', 't', '!', 'n', 'g']
2018-12-15 23:35:32,192:INFO:The letters in this password are: ['T', 's', 't', 'n', 'g']
2018-12-15 23:35:32,192:INFO:The 'T' was the 1st character
2018-12-15 23:35:32,192:INFO:The 's' was the 3rd character
2018-12-15 23:35:32,192:INFO:The 't' was the 4th character
2018-12-15 23:35:32,193:INFO:The 'n' was the 6th character
2018-12-15 23:35:32,193:INFO:The 'g' was the 7th character
2018-12-15 23:35:32,193:INFO:

2018-12-15 23:35:32,193:INFO:The numbers in this password are: ['4']
2018-12-15 23:35:32,193:INFO:The '4' was the 2nd character
2018-12-15 23:35:32,193:INFO:

2018-12-15 23:35:32,193:INFO:The symbols in this password are: ['!']
2018-12-15 23:35:32,193:INFO:The '!' was the 5th character
2018-12-15 23:35:32,194:INFO:

2018-12-15 23:35:32,251:INFO:The length of 'T4st!ng' is 7
2018-12-15 23:35:32,252:INFO:As a list it looks like this ['T', '4', 's', 't', '!', 'n', 'g']
2018-12-15 23:35:32,252:INFO:The letters in this password are: ['T', 's', 't', 'n', 'g']
2018-12-15 23:35:32,252:INFO:The 'T' was the 1st character
2018-12-15 23:35:32,252:INFO:The 's' was the 3rd character
2018-12-15 23:35:32,252:INFO:The 't' was the 4th character
2018-12-15 23:35:32,252:INFO:The 'n' was the 6th character
2018-12-15 23:35:32,252:INFO:The 'g' was the 7th character
2018-12-15 23:35:32,253:INFO:

2018-12-15 23:35:32,253:INFO:The numbers in this password are: ['4']
2018-12-15 23:35:32,253:INFO:The '4' was the 2nd character
2018-12-15 23:35:32,253:INFO:

2018-12-15 23:35:32,253:INFO:The symbols in this password are: ['!']
2018-12-15 23:35:32,253:INFO:The '!' was the 5th character
2018-12-15 23:35:32,253:INFO:

2018-12-15 23:35:32,315:INFO:The length of 'T4st!ng' is 7
2018-12-15 23:35:32,315:INFO:As a list it looks like this ['T', '4', 's', 't', '!', 'n', 'g']
2018-12-15 23:35:32,316:INFO:The letters in this password are: ['T', 's', 't', 'n', 'g']
2018-12-15 23:35:32,316:INFO:The 'T' was the 1st character
2018-12-15 23:35:32,316:INFO:The 's' was the 3rd character
2018-12-15 23:35:32,316:INFO:The 't' was the 4th character
2018-12-15 23:35:32,317:INFO:The 'n' was the 6th character
2018-12-15 23:35:32,317:INFO:The 'g' was the 7th character
2018-12-15 23:35:32,317:INFO:

2018-12-15 23:35:32,317:INFO:The numbers in this password are: ['4']
2018-12-15 23:35:32,317:INFO:The '4' was the 2nd character
2018-12-15 23:35:32,317:INFO:

2018-12-15 23:35:32,318:INFO:The symbols in this password are: ['!']
2018-12-15 23:35:32,318:INFO:The '!' was the 5th character
2018-12-15 23:35:32,318:INFO:

2018-12-15 23:35:32,379:INFO:The length of 'T4st!ng' is 7
2018-12-15 23:35:32,380:INFO:As a list it looks like this ['T', '4', 's', 't', '!', 'n', 'g']
2018-12-15 23:35:32,380:INFO:The letters in this password are: ['T', 's', 't', 'n', 'g']
2018-12-15 23:35:32,380:INFO:The 'T' was the 1st character
2018-12-15 23:35:32,381:INFO:The 's' was the 3rd character
2018-12-15 23:35:32,381:INFO:The 't' was the 4th character
2018-12-15 23:35:32,381:INFO:The 'n' was the 6th character
2018-12-15 23:35:32,381:INFO:The 'g' was the 7th character
2018-12-15 23:35:32,381:INFO:

2018-12-15 23:35:32,381:INFO:The numbers in this password are: ['4']
2018-12-15 23:35:32,382:INFO:The '4' was the 2nd character
2018-12-15 23:35:32,382:INFO:

2018-12-15 23:35:32,382:INFO:The symbols in this password are: ['!']
2018-12-15 23:35:32,382:INFO:The '!' was the 5th character
2018-12-15 23:35:32,382:INFO:

2018-12-15 23:35:32,453:INFO:The length of 'T4st!ng' is 7
2018-12-15 23:35:32,453:INFO:As a list it looks like this ['T', '4', 's', 't', '!', 'n', 'g']
2018-12-15 23:35:32,453:INFO:The letters in this password are: ['T', 's', 't', 'n', 'g']
2018-12-15 23:35:32,454:INFO:The 'T' was the 1st character
2018-12-15 23:35:32,454:INFO:The 's' was the 3rd character
2018-12-15 23:35:32,454:INFO:The 't' was the 4th character
2018-12-15 23:35:32,454:INFO:The 'n' was the 6th character
2018-12-15 23:35:32,454:INFO:The 'g' was the 7th character
2018-12-15 23:35:32,455:INFO:

2018-12-15 23:35:32,455:INFO:The numbers in this password are: ['4']
2018-12-15 23:35:32,455:INFO:The '4' was the 2nd character
2018-12-15 23:35:32,455:INFO:

2018-12-15 23:35:32,455:INFO:The symbols in this password are: ['!']
2018-12-15 23:35:32,455:INFO:The '!' was the 5th character
2018-12-15 23:35:32,456:INFO:

2018-12-15 23:35:32,528:INFO:The length of 'T4st!ng' is 7
2018-12-15 23:35:32,528:INFO:As a list it looks like this ['T', '4', 's', 't', '!', 'n', 'g']
2018-12-15 23:35:32,529:INFO:The letters in this password are: ['T', 's', 't', 'n', 'g']
2018-12-15 23:35:32,529:INFO:The 'T' was the 1st character
2018-12-15 23:35:32,529:INFO:The 's' was the 3rd character
2018-12-15 23:35:32,529:INFO:The 't' was the 4th character
2018-12-15 23:35:32,530:INFO:The 'n' was the 6th character
2018-12-15 23:35:32,530:INFO:The 'g' was the 7th character
2018-12-15 23:35:32,530:INFO:

2018-12-15 23:35:32,530:INFO:The numbers in this password are: ['4']
2018-12-15 23:35:32,531:INFO:The '4' was the 2nd character
2018-12-15 23:35:32,531:INFO:

2018-12-15 23:35:32,531:INFO:The symbols in this password are: ['!']
2018-12-15 23:35:32,531:INFO:The '!' was the 5th character
2018-12-15 23:35:32,531:INFO:

2018-12-15 23:35:32,599:INFO:The length of 'T4st!ng' is 7
2018-12-15 23:35:32,600:INFO:As a list it looks like this ['T', '4', 's', 't', '!', 'n', 'g']
2018-12-15 23:35:32,600:INFO:The letters in this password are: ['T', 's', 't', 'n', 'g']
2018-12-15 23:35:32,600:INFO:The 'T' was the 1st character
2018-12-15 23:35:32,601:INFO:The 's' was the 3rd character
2018-12-15 23:35:32,601:INFO:The 't' was the 4th character
2018-12-15 23:35:32,601:INFO:The 'n' was the 6th character
2018-12-15 23:35:32,601:INFO:The 'g' was the 7th character
2018-12-15 23:35:32,601:INFO:

2018-12-15 23:35:32,601:INFO:The numbers in this password are: ['4']
2018-12-15 23:35:32,601:INFO:The '4' was the 2nd character
2018-12-15 23:35:32,602:INFO:

2018-12-15 23:35:32,602:INFO:The symbols in this password are: ['!']
2018-12-15 23:35:32,602:INFO:The '!' was the 5th character
2018-12-15 23:35:32,602:INFO:

2018-12-15 23:35:32,684:INFO:The length of 'T4st!ng' is 7
2018-12-15 23:35:32,685:INFO:As a list it looks like this ['T', '4', 's', 't', '!', 'n', 'g']
2018-12-15 23:35:32,685:INFO:The letters in this password are: ['T', 's', 't', 'n', 'g']
2018-12-15 23:35:32,685:INFO:The 'T' was the 1st character
2018-12-15 23:35:32,685:INFO:The 's' was the 3rd character
2018-12-15 23:35:32,685:INFO:The 't' was the 4th character
2018-12-15 23:35:32,686:INFO:The 'n' was the 6th character
2018-12-15 23:35:32,686:INFO:The 'g' was the 7th character
2018-12-15 23:35:32,686:INFO:

2018-12-15 23:35:32,686:INFO:The numbers in this password are: ['4']
2018-12-15 23:35:32,686:INFO:The '4' was the 2nd character
2018-12-15 23:35:32,686:INFO:

2018-12-15 23:35:32,687:INFO:The symbols in this password are: ['!']
2018-12-15 23:35:32,687:INFO:The '!' was the 5th character
2018-12-15 23:35:32,687:INFO:

2018-12-15 23:35:32,742:INFO:The length of 'T4st!ng' is 7
2018-12-15 23:35:32,743:INFO:As a list it looks like this ['T', '4', 's', 't', '!', 'n', 'g']
2018-12-15 23:35:32,743:INFO:The letters in this password are: ['T', 's', 't', 'n', 'g']
2018-12-15 23:35:32,743:INFO:The 'T' was the 1st character
2018-12-15 23:35:32,743:INFO:The 's' was the 3rd character
2018-12-15 23:35:32,744:INFO:The 't' was the 4th character
2018-12-15 23:35:32,744:INFO:The 'n' was the 6th character
2018-12-15 23:35:32,744:INFO:The 'g' was the 7th character
2018-12-15 23:35:32,744:INFO:

2018-12-15 23:35:32,744:INFO:The numbers in this password are: ['4']
2018-12-15 23:35:32,744:INFO:The '4' was the 2nd character
2018-12-15 23:35:32,744:INFO:

2018-12-15 23:35:32,744:INFO:The symbols in this password are: ['!']
2018-12-15 23:35:32,745:INFO:The '!' was the 5th character
2018-12-15 23:35:32,745:INFO:

2018-12-15 23:35:32,805:INFO:The length of 'T4st!ng' is 7
2018-12-15 23:35:32,805:INFO:As a list it looks like this ['T', '4', 's', 't', '!', 'n', 'g']
2018-12-15 23:35:32,806:INFO:The letters in this password are: ['T', 's', 't', 'n', 'g']
2018-12-15 23:35:32,806:INFO:The 'T' was the 1st character
2018-12-15 23:35:32,806:INFO:The 's' was the 3rd character
2018-12-15 23:35:32,806:INFO:The 't' was the 4th character
2018-12-15 23:35:32,806:INFO:The 'n' was the 6th character
2018-12-15 23:35:32,806:INFO:The 'g' was the 7th character
2018-12-15 23:35:32,806:INFO:

2018-12-15 23:35:32,807:INFO:The numbers in this password are: ['4']
2018-12-15 23:35:32,807:INFO:The '4' was the 2nd character
2018-12-15 23:35:32,807:INFO:

2018-12-15 23:35:32,807:INFO:The symbols in this password are: ['!']
2018-12-15 23:35:32,807:INFO:The '!' was the 5th character
2018-12-15 23:35:32,807:INFO:

2018-12-15 23:35:32,863:INFO:The length of 'T4st!ng' is 7
2018-12-15 23:35:32,864:INFO:As a list it looks like this ['T', '4', 's', 't', '!', 'n', 'g']
2018-12-15 23:35:32,864:INFO:The letters in this password are: ['T', 's', 't', 'n', 'g']
2018-12-15 23:35:32,864:INFO:The 'T' was the 1st character
2018-12-15 23:35:32,864:INFO:The 's' was the 3rd character
2018-12-15 23:35:32,864:INFO:The 't' was the 4th character
2018-12-15 23:35:32,864:INFO:The 'n' was the 6th character
2018-12-15 23:35:32,864:INFO:The 'g' was the 7th character
2018-12-15 23:35:32,864:INFO:

2018-12-15 23:35:32,865:INFO:The numbers in this password are: ['4']
2018-12-15 23:35:32,865:INFO:The '4' was the 2nd character
2018-12-15 23:35:32,865:INFO:

2018-12-15 23:35:32,865:INFO:The symbols in this password are: ['!']
2018-12-15 23:35:32,865:INFO:The '!' was the 5th character
2018-12-15 23:35:32,865:INFO:

2018-12-15 23:35:32,921:INFO:The length of 'T4st!ng' is 7
2018-12-15 23:35:32,922:INFO:As a list it looks like this ['T', '4', 's', 't', '!', 'n', 'g']
2018-12-15 23:35:32,922:INFO:The letters in this password are: ['T', 's', 't', 'n', 'g']
2018-12-15 23:35:32,922:INFO:The 'T' was the 1st character
2018-12-15 23:35:32,922:INFO:The 's' was the 3rd character
2018-12-15 23:35:32,923:INFO:The 't' was the 4th character
2018-12-15 23:35:32,923:INFO:The 'n' was the 6th character
2018-12-15 23:35:32,923:INFO:The 'g' was the 7th character
2018-12-15 23:35:32,923:INFO:

2018-12-15 23:35:32,923:INFO:The numbers in this password are: ['4']
2018-12-15 23:35:32,923:INFO:The '4' was the 2nd character
2018-12-15 23:35:32,923:INFO:

2018-12-15 23:35:32,923:INFO:The symbols in this password are: ['!']
2018-12-15 23:35:32,924:INFO:The '!' was the 5th character
2018-12-15 23:35:32,924:INFO:

2018-12-15 23:35:32,985:INFO:The length of 'T4st!ng' is 7
2018-12-15 23:35:32,985:INFO:As a list it looks like this ['T', '4', 's', 't', '!', 'n', 'g']
2018-12-15 23:35:32,985:INFO:The letters in this password are: ['T', 's', 't', 'n', 'g']
2018-12-15 23:35:32,985:INFO:The 'T' was the 1st character
2018-12-15 23:35:32,985:INFO:The 's' was the 3rd character
2018-12-15 23:35:32,986:INFO:The 't' was the 4th character
2018-12-15 23:35:32,986:INFO:The 'n' was the 6th character
2018-12-15 23:35:32,986:INFO:The 'g' was the 7th character
2018-12-15 23:35:32,986:INFO:

2018-12-15 23:35:32,986:INFO:The numbers in this password are: ['4']
2018-12-15 23:35:32,986:INFO:The '4' was the 2nd character
2018-12-15 23:35:32,986:INFO:

2018-12-15 23:35:32,986:INFO:The symbols in this password are: ['!']
2018-12-15 23:35:32,987:INFO:The '!' was the 5th character
2018-12-15 23:35:32,987:INFO:

2018-12-15 23:35:33,046:INFO:The length of 'T4st!ng' is 7
2018-12-15 23:35:33,046:INFO:As a list it looks like this ['T', '4', 's', 't', '!', 'n', 'g']
2018-12-15 23:35:33,047:INFO:The letters in this password are: ['T', 's', 't', 'n', 'g']
2018-12-15 23:35:33,047:INFO:The 'T' was the 1st character
2018-12-15 23:35:33,047:INFO:The 's' was the 3rd character
2018-12-15 23:35:33,047:INFO:The 't' was the 4th character
2018-12-15 23:35:33,047:INFO:The 'n' was the 6th character
2018-12-15 23:35:33,047:INFO:The 'g' was the 7th character
2018-12-15 23:35:33,048:INFO:

2018-12-15 23:35:33,048:INFO:The numbers in this password are: ['4']
2018-12-15 23:35:33,048:INFO:The '4' was the 2nd character
2018-12-15 23:35:33,048:INFO:

2018-12-15 23:35:33,048:INFO:The symbols in this password are: ['!']
2018-12-15 23:35:33,048:INFO:The '!' was the 5th character
2018-12-15 23:35:33,048:INFO:

2018-12-15 23:35:33,109:INFO:The length of 'T4st!ng' is 7
2018-12-15 23:35:33,109:INFO:As a list it looks like this ['T', '4', 's', 't', '!', 'n', 'g']
2018-12-15 23:35:33,109:INFO:The letters in this password are: ['T', 's', 't', 'n', 'g']
2018-12-15 23:35:33,109:INFO:The 'T' was the 1st character
2018-12-15 23:35:33,110:INFO:The 's' was the 3rd character
2018-12-15 23:35:33,110:INFO:The 't' was the 4th character
2018-12-15 23:35:33,110:INFO:The 'n' was the 6th character
2018-12-15 23:35:33,110:INFO:The 'g' was the 7th character
2018-12-15 23:35:33,110:INFO:

2018-12-15 23:35:33,110:INFO:The numbers in this password are: ['4']
2018-12-15 23:35:33,111:INFO:The '4' was the 2nd character
2018-12-15 23:35:33,111:INFO:

2018-12-15 23:35:33,111:INFO:The symbols in this password are: ['!']
2018-12-15 23:35:33,111:INFO:The '!' was the 5th character
2018-12-15 23:35:33,111:INFO:

2018-12-15 23:35:33,167:INFO:The length of 'T4st!ng' is 7
2018-12-15 23:35:33,168:INFO:As a list it looks like this ['T', '4', 's', 't', '!', 'n', 'g']
2018-12-15 23:35:33,168:INFO:The letters in this password are: ['T', 's', 't', 'n', 'g']
2018-12-15 23:35:33,168:INFO:The 'T' was the 1st character
2018-12-15 23:35:33,168:INFO:The 's' was the 3rd character
2018-12-15 23:35:33,168:INFO:The 't' was the 4th character
2018-12-15 23:35:33,168:INFO:The 'n' was the 6th character
2018-12-15 23:35:33,169:INFO:The 'g' was the 7th character
2018-12-15 23:35:33,169:INFO:

2018-12-15 23:35:33,169:INFO:The numbers in this password are: ['4']
2018-12-15 23:35:33,169:INFO:The '4' was the 2nd character
2018-12-15 23:35:33,169:INFO:

2018-12-15 23:35:33,169:INFO:The symbols in this password are: ['!']
2018-12-15 23:35:33,169:INFO:The '!' was the 5th character
2018-12-15 23:35:33,170:INFO:

2018-12-15 23:35:33,230:INFO:The length of 'T4st!ng' is 7
2018-12-15 23:35:33,230:INFO:As a list it looks like this ['T', '4', 's', 't', '!', 'n', 'g']
2018-12-15 23:35:33,230:INFO:The letters in this password are: ['T', 's', 't', 'n', 'g']
2018-12-15 23:35:33,231:INFO:The 'T' was the 1st character
2018-12-15 23:35:33,231:INFO:The 's' was the 3rd character
2018-12-15 23:35:33,231:INFO:The 't' was the 4th character
2018-12-15 23:35:33,231:INFO:The 'n' was the 6th character
2018-12-15 23:35:33,231:INFO:The 'g' was the 7th character
2018-12-15 23:35:33,231:INFO:

2018-12-15 23:35:33,231:INFO:The numbers in this password are: ['4']
2018-12-15 23:35:33,232:INFO:The '4' was the 2nd character
2018-12-15 23:35:33,232:INFO:

2018-12-15 23:35:33,232:INFO:The symbols in this password are: ['!']
2018-12-15 23:35:33,232:INFO:The '!' was the 5th character
2018-12-15 23:35:33,232:INFO:

2018-12-15 23:35:33,290:INFO:The length of 'T4st!ng' is 7
2018-12-15 23:35:33,290:INFO:As a list it looks like this ['T', '4', 's', 't', '!', 'n', 'g']
2018-12-15 23:35:33,290:INFO:The letters in this password are: ['T', 's', 't', 'n', 'g']
2018-12-15 23:35:33,290:INFO:The 'T' was the 1st character
2018-12-15 23:35:33,290:INFO:The 's' was the 3rd character
2018-12-15 23:35:33,291:INFO:The 't' was the 4th character
2018-12-15 23:35:33,291:INFO:The 'n' was the 6th character
2018-12-15 23:35:33,291:INFO:The 'g' was the 7th character
2018-12-15 23:35:33,291:INFO:

2018-12-15 23:35:33,291:INFO:The numbers in this password are: ['4']
2018-12-15 23:35:33,291:INFO:The '4' was the 2nd character
2018-12-15 23:35:33,291:INFO:

2018-12-15 23:35:33,291:INFO:The symbols in this password are: ['!']
2018-12-15 23:35:33,291:INFO:The '!' was the 5th character
2018-12-15 23:35:33,292:INFO:

2018-12-15 23:35:33,352:INFO:The length of 'T4st!ng' is 7
2018-12-15 23:35:33,352:INFO:As a list it looks like this ['T', '4', 's', 't', '!', 'n', 'g']
2018-12-15 23:35:33,353:INFO:The letters in this password are: ['T', 's', 't', 'n', 'g']
2018-12-15 23:35:33,353:INFO:The 'T' was the 1st character
2018-12-15 23:35:33,353:INFO:The 's' was the 3rd character
2018-12-15 23:35:33,353:INFO:The 't' was the 4th character
2018-12-15 23:35:33,353:INFO:The 'n' was the 6th character
2018-12-15 23:35:33,353:INFO:The 'g' was the 7th character
2018-12-15 23:35:33,353:INFO:

2018-12-15 23:35:33,354:INFO:The numbers in this password are: ['4']
2018-12-15 23:35:33,354:INFO:The '4' was the 2nd character
2018-12-15 23:35:33,354:INFO:

2018-12-15 23:35:33,354:INFO:The symbols in this password are: ['!']
2018-12-15 23:35:33,354:INFO:The '!' was the 5th character
2018-12-15 23:35:33,354:INFO:

2018-12-15 23:35:33,412:INFO:The length of 'T4st!ng' is 7
2018-12-15 23:35:33,412:INFO:As a list it looks like this ['T', '4', 's', 't', '!', 'n', 'g']
2018-12-15 23:35:33,413:INFO:The letters in this password are: ['T', 's', 't', 'n', 'g']
2018-12-15 23:35:33,413:INFO:The 'T' was the 1st character
2018-12-15 23:35:33,413:INFO:The 's' was the 3rd character
2018-12-15 23:35:33,413:INFO:The 't' was the 4th character
2018-12-15 23:35:33,413:INFO:The 'n' was the 6th character
2018-12-15 23:35:33,414:INFO:The 'g' was the 7th character
2018-12-15 23:35:33,414:INFO:

2018-12-15 23:35:33,414:INFO:The numbers in this password are: ['4']
2018-12-15 23:35:33,414:INFO:The '4' was the 2nd character
2018-12-15 23:35:33,414:INFO:

2018-12-15 23:35:33,414:INFO:The symbols in this password are: ['!']
2018-12-15 23:35:33,414:INFO:The '!' was the 5th character
2018-12-15 23:35:33,415:INFO:

2018-12-15 23:35:33,473:INFO:The length of 'T4st!ng' is 7
2018-12-15 23:35:33,473:INFO:As a list it looks like this ['T', '4', 's', 't', '!', 'n', 'g']
2018-12-15 23:35:33,474:INFO:The letters in this password are: ['T', 's', 't', 'n', 'g']
2018-12-15 23:35:33,474:INFO:The 'T' was the 1st character
2018-12-15 23:35:33,474:INFO:The 's' was the 3rd character
2018-12-15 23:35:33,474:INFO:The 't' was the 4th character
2018-12-15 23:35:33,475:INFO:The 'n' was the 6th character
2018-12-15 23:35:33,475:INFO:The 'g' was the 7th character
2018-12-15 23:35:33,475:INFO:

2018-12-15 23:35:33,475:INFO:The numbers in this password are: ['4']
2018-12-15 23:35:33,475:INFO:The '4' was the 2nd character
2018-12-15 23:35:33,475:INFO:

2018-12-15 23:35:33,476:INFO:The symbols in this password are: ['!']
2018-12-15 23:35:33,476:INFO:The '!' was the 5th character
2018-12-15 23:35:33,476:INFO:

2018-12-15 23:35:33,541:INFO:The length of 'T4st!ng' is 7
2018-12-15 23:35:33,541:INFO:As a list it looks like this ['T', '4', 's', 't', '!', 'n', 'g']
2018-12-15 23:35:33,541:INFO:The letters in this password are: ['T', 's', 't', 'n', 'g']
2018-12-15 23:35:33,541:INFO:The 'T' was the 1st character
2018-12-15 23:35:33,542:INFO:The 's' was the 3rd character
2018-12-15 23:35:33,542:INFO:The 't' was the 4th character
2018-12-15 23:35:33,542:INFO:The 'n' was the 6th character
2018-12-15 23:35:33,542:INFO:The 'g' was the 7th character
2018-12-15 23:35:33,542:INFO:

2018-12-15 23:35:33,542:INFO:The numbers in this password are: ['4']
2018-12-15 23:35:33,542:INFO:The '4' was the 2nd character
2018-12-15 23:35:33,542:INFO:

2018-12-15 23:35:33,543:INFO:The symbols in this password are: ['!']
2018-12-15 23:35:33,543:INFO:The '!' was the 5th character
2018-12-15 23:35:33,543:INFO:

2018-12-15 23:35:33,606:INFO:The length of 'T4st!ng' is 7
2018-12-15 23:35:33,607:INFO:As a list it looks like this ['T', '4', 's', 't', '!', 'n', 'g']
2018-12-15 23:35:33,607:INFO:The letters in this password are: ['T', 's', 't', 'n', 'g']
2018-12-15 23:35:33,607:INFO:The 'T' was the 1st character
2018-12-15 23:35:33,607:INFO:The 's' was the 3rd character
2018-12-15 23:35:33,607:INFO:The 't' was the 4th character
2018-12-15 23:35:33,607:INFO:The 'n' was the 6th character
2018-12-15 23:35:33,608:INFO:The 'g' was the 7th character
2018-12-15 23:35:33,608:INFO:

2018-12-15 23:35:33,608:INFO:The numbers in this password are: ['4']
2018-12-15 23:35:33,608:INFO:The '4' was the 2nd character
2018-12-15 23:35:33,608:INFO:

2018-12-15 23:35:33,608:INFO:The symbols in this password are: ['!']
2018-12-15 23:35:33,608:INFO:The '!' was the 5th character
2018-12-15 23:35:33,608:INFO:

2018-12-15 23:35:33,669:INFO:The length of 'T4st!ng' is 7
2018-12-15 23:35:33,670:INFO:As a list it looks like this ['T', '4', 's', 't', '!', 'n', 'g']
2018-12-15 23:35:33,670:INFO:The letters in this password are: ['T', 's', 't', 'n', 'g']
2018-12-15 23:35:33,670:INFO:The 'T' was the 1st character
2018-12-15 23:35:33,670:INFO:The 's' was the 3rd character
2018-12-15 23:35:33,671:INFO:The 't' was the 4th character
2018-12-15 23:35:33,671:INFO:The 'n' was the 6th character
2018-12-15 23:35:33,671:INFO:The 'g' was the 7th character
2018-12-15 23:35:33,671:INFO:

2018-12-15 23:35:33,671:INFO:The numbers in this password are: ['4']
2018-12-15 23:35:33,671:INFO:The '4' was the 2nd character
2018-12-15 23:35:33,671:INFO:

2018-12-15 23:35:33,672:INFO:The symbols in this password are: ['!']
2018-12-15 23:35:33,672:INFO:The '!' was the 5th character
2018-12-15 23:35:33,672:INFO:

2018-12-15 23:35:33,731:INFO:The length of 'T4st!ng' is 7
2018-12-15 23:35:33,732:INFO:As a list it looks like this ['T', '4', 's', 't', '!', 'n', 'g']
2018-12-15 23:35:33,732:INFO:The letters in this password are: ['T', 's', 't', 'n', 'g']
2018-12-15 23:35:33,732:INFO:The 'T' was the 1st character
2018-12-15 23:35:33,732:INFO:The 's' was the 3rd character
2018-12-15 23:35:33,732:INFO:The 't' was the 4th character
2018-12-15 23:35:33,732:INFO:The 'n' was the 6th character
2018-12-15 23:35:33,732:INFO:The 'g' was the 7th character
2018-12-15 23:35:33,733:INFO:

2018-12-15 23:35:33,733:INFO:The numbers in this password are: ['4']
2018-12-15 23:35:33,733:INFO:The '4' was the 2nd character
2018-12-15 23:35:33,733:INFO:

2018-12-15 23:35:33,733:INFO:The symbols in this password are: ['!']
2018-12-15 23:35:33,733:INFO:The '!' was the 5th character
2018-12-15 23:35:33,733:INFO:

2018-12-15 23:35:33,797:INFO:The length of 'T4st!ng' is 7
2018-12-15 23:35:33,797:INFO:As a list it looks like this ['T', '4', 's', 't', '!', 'n', 'g']
2018-12-15 23:35:33,797:INFO:The letters in this password are: ['T', 's', 't', 'n', 'g']
2018-12-15 23:35:33,798:INFO:The 'T' was the 1st character
2018-12-15 23:35:33,798:INFO:The 's' was the 3rd character
2018-12-15 23:35:33,798:INFO:The 't' was the 4th character
2018-12-15 23:35:33,798:INFO:The 'n' was the 6th character
2018-12-15 23:35:33,798:INFO:The 'g' was the 7th character
2018-12-15 23:35:33,798:INFO:

2018-12-15 23:35:33,798:INFO:The numbers in this password are: ['4']
2018-12-15 23:35:33,799:INFO:The '4' was the 2nd character
2018-12-15 23:35:33,799:INFO:

2018-12-15 23:35:33,799:INFO:The symbols in this password are: ['!']
2018-12-15 23:35:33,799:INFO:The '!' was the 5th character
2018-12-15 23:35:33,799:INFO:

2018-12-15 23:35:33,855:INFO:The length of 'T4st!ng' is 7
2018-12-15 23:35:33,856:INFO:As a list it looks like this ['T', '4', 's', 't', '!', 'n', 'g']
2018-12-15 23:35:33,856:INFO:The letters in this password are: ['T', 's', 't', 'n', 'g']
2018-12-15 23:35:33,856:INFO:The 'T' was the 1st character
2018-12-15 23:35:33,856:INFO:The 's' was the 3rd character
2018-12-15 23:35:33,857:INFO:The 't' was the 4th character
2018-12-15 23:35:33,857:INFO:The 'n' was the 6th character
2018-12-15 23:35:33,857:INFO:The 'g' was the 7th character
2018-12-15 23:35:33,857:INFO:

2018-12-15 23:35:33,857:INFO:The numbers in this password are: ['4']
2018-12-15 23:35:33,857:INFO:The '4' was the 2nd character
2018-12-15 23:35:33,857:INFO:

2018-12-15 23:35:33,858:INFO:The symbols in this password are: ['!']
2018-12-15 23:35:33,858:INFO:The '!' was the 5th character
2018-12-15 23:35:33,858:INFO:

2018-12-15 23:35:33,928:INFO:The length of 'T4st!ng' is 7
2018-12-15 23:35:33,929:INFO:As a list it looks like this ['T', '4', 's', 't', '!', 'n', 'g']
2018-12-15 23:35:33,929:INFO:The letters in this password are: ['T', 's', 't', 'n', 'g']
2018-12-15 23:35:33,929:INFO:The 'T' was the 1st character
2018-12-15 23:35:33,929:INFO:The 's' was the 3rd character
2018-12-15 23:35:33,930:INFO:The 't' was the 4th character
2018-12-15 23:35:33,930:INFO:The 'n' was the 6th character
2018-12-15 23:35:33,930:INFO:The 'g' was the 7th character
2018-12-15 23:35:33,930:INFO:

2018-12-15 23:35:33,930:INFO:The numbers in this password are: ['4']
2018-12-15 23:35:33,931:INFO:The '4' was the 2nd character
2018-12-15 23:35:33,931:INFO:

2018-12-15 23:35:33,931:INFO:The symbols in this password are: ['!']
2018-12-15 23:35:33,931:INFO:The '!' was the 5th character
2018-12-15 23:35:33,931:INFO:

2018-12-15 23:35:33,994:INFO:The length of 'T4st!ng' is 7
2018-12-15 23:35:33,994:INFO:As a list it looks like this ['T', '4', 's', 't', '!', 'n', 'g']
2018-12-15 23:35:33,995:INFO:The letters in this password are: ['T', 's', 't', 'n', 'g']
2018-12-15 23:35:33,995:INFO:The 'T' was the 1st character
2018-12-15 23:35:33,995:INFO:The 's' was the 3rd character
2018-12-15 23:35:33,995:INFO:The 't' was the 4th character
2018-12-15 23:35:33,995:INFO:The 'n' was the 6th character
2018-12-15 23:35:33,995:INFO:The 'g' was the 7th character
2018-12-15 23:35:33,996:INFO:

2018-12-15 23:35:33,996:INFO:The numbers in this password are: ['4']
2018-12-15 23:35:33,996:INFO:The '4' was the 2nd character
2018-12-15 23:35:33,996:INFO:

2018-12-15 23:35:33,996:INFO:The symbols in this password are: ['!']
2018-12-15 23:35:33,996:INFO:The '!' was the 5th character
2018-12-15 23:35:33,996:INFO:

2018-12-15 23:35:34,064:INFO:The length of 'T4st!ng' is 7
2018-12-15 23:35:34,064:INFO:As a list it looks like this ['T', '4', 's', 't', '!', 'n', 'g']
2018-12-15 23:35:34,065:INFO:The letters in this password are: ['T', 's', 't', 'n', 'g']
2018-12-15 23:35:34,065:INFO:The 'T' was the 1st character
2018-12-15 23:35:34,065:INFO:The 's' was the 3rd character
2018-12-15 23:35:34,065:INFO:The 't' was the 4th character
2018-12-15 23:35:34,065:INFO:The 'n' was the 6th character
2018-12-15 23:35:34,066:INFO:The 'g' was the 7th character
2018-12-15 23:35:34,066:INFO:

2018-12-15 23:35:34,066:INFO:The numbers in this password are: ['4']
2018-12-15 23:35:34,066:INFO:The '4' was the 2nd character
2018-12-15 23:35:34,066:INFO:

2018-12-15 23:35:34,066:INFO:The symbols in this password are: ['!']
2018-12-15 23:35:34,067:INFO:The '!' was the 5th character
2018-12-15 23:35:34,067:INFO:

2018-12-15 23:35:34,124:INFO:The length of 'T4st!ng' is 7
2018-12-15 23:35:34,125:INFO:As a list it looks like this ['T', '4', 's', 't', '!', 'n', 'g']
2018-12-15 23:35:34,125:INFO:The letters in this password are: ['T', 's', 't', 'n', 'g']
2018-12-15 23:35:34,125:INFO:The 'T' was the 1st character
2018-12-15 23:35:34,125:INFO:The 's' was the 3rd character
2018-12-15 23:35:34,126:INFO:The 't' was the 4th character
2018-12-15 23:35:34,126:INFO:The 'n' was the 6th character
2018-12-15 23:35:34,126:INFO:The 'g' was the 7th character
2018-12-15 23:35:34,126:INFO:

2018-12-15 23:35:34,126:INFO:The numbers in this password are: ['4']
2018-12-15 23:35:34,126:INFO:The '4' was the 2nd character
2018-12-15 23:35:34,126:INFO:

2018-12-15 23:35:34,126:INFO:The symbols in this password are: ['!']
2018-12-15 23:35:34,127:INFO:The '!' was the 5th character
2018-12-15 23:35:34,127:INFO:

2018-12-15 23:35:34,183:INFO:The length of 'T4st!ng' is 7
2018-12-15 23:35:34,184:INFO:As a list it looks like this ['T', '4', 's', 't', '!', 'n', 'g']
2018-12-15 23:35:34,184:INFO:The letters in this password are: ['T', 's', 't', 'n', 'g']
2018-12-15 23:35:34,185:INFO:The 'T' was the 1st character
2018-12-15 23:35:34,185:INFO:The 's' was the 3rd character
2018-12-15 23:35:34,185:INFO:The 't' was the 4th character
2018-12-15 23:35:34,185:INFO:The 'n' was the 6th character
2018-12-15 23:35:34,185:INFO:The 'g' was the 7th character
2018-12-15 23:35:34,185:INFO:

2018-12-15 23:35:34,186:INFO:The numbers in this password are: ['4']
2018-12-15 23:35:34,186:INFO:The '4' was the 2nd character
2018-12-15 23:35:34,186:INFO:

2018-12-15 23:35:34,186:INFO:The symbols in this password are: ['!']
2018-12-15 23:35:34,186:INFO:The '!' was the 5th character
2018-12-15 23:35:34,186:INFO:

2018-12-15 23:35:34,242:INFO:The length of 'T4st!ng' is 7
2018-12-15 23:35:34,242:INFO:As a list it looks like this ['T', '4', 's', 't', '!', 'n', 'g']
2018-12-15 23:35:34,243:INFO:The letters in this password are: ['T', 's', 't', 'n', 'g']
2018-12-15 23:35:34,243:INFO:The 'T' was the 1st character
2018-12-15 23:35:34,243:INFO:The 's' was the 3rd character
2018-12-15 23:35:34,243:INFO:The 't' was the 4th character
2018-12-15 23:35:34,243:INFO:The 'n' was the 6th character
2018-12-15 23:35:34,243:INFO:The 'g' was the 7th character
2018-12-15 23:35:34,243:INFO:

2018-12-15 23:35:34,244:INFO:The numbers in this password are: ['4']
2018-12-15 23:35:34,244:INFO:The '4' was the 2nd character
2018-12-15 23:35:34,244:INFO:

2018-12-15 23:35:34,244:INFO:The symbols in this password are: ['!']
2018-12-15 23:35:34,244:INFO:The '!' was the 5th character
2018-12-15 23:35:34,244:INFO:

2018-12-15 23:35:34,303:INFO:The length of 'T4st!ng' is 7
2018-12-15 23:35:34,304:INFO:As a list it looks like this ['T', '4', 's', 't', '!', 'n', 'g']
2018-12-15 23:35:34,304:INFO:The letters in this password are: ['T', 's', 't', 'n', 'g']
2018-12-15 23:35:34,304:INFO:The 'T' was the 1st character
2018-12-15 23:35:34,305:INFO:The 's' was the 3rd character
2018-12-15 23:35:34,305:INFO:The 't' was the 4th character
2018-12-15 23:35:34,305:INFO:The 'n' was the 6th character
2018-12-15 23:35:34,305:INFO:The 'g' was the 7th character
2018-12-15 23:35:34,305:INFO:

2018-12-15 23:35:34,305:INFO:The numbers in this password are: ['4']
2018-12-15 23:35:34,306:INFO:The '4' was the 2nd character
2018-12-15 23:35:34,306:INFO:

2018-12-15 23:35:34,306:INFO:The symbols in this password are: ['!']
2018-12-15 23:35:34,306:INFO:The '!' was the 5th character
2018-12-15 23:35:34,306:INFO:

2018-12-15 23:35:34,366:INFO:The length of 'T4st!ng' is 7
2018-12-15 23:35:34,367:INFO:As a list it looks like this ['T', '4', 's', 't', '!', 'n', 'g']
2018-12-15 23:35:34,367:INFO:The letters in this password are: ['T', 's', 't', 'n', 'g']
2018-12-15 23:35:34,367:INFO:The 'T' was the 1st character
2018-12-15 23:35:34,367:INFO:The 's' was the 3rd character
2018-12-15 23:35:34,367:INFO:The 't' was the 4th character
2018-12-15 23:35:34,367:INFO:The 'n' was the 6th character
2018-12-15 23:35:34,368:INFO:The 'g' was the 7th character
2018-12-15 23:35:34,368:INFO:

2018-12-15 23:35:34,368:INFO:The numbers in this password are: ['4']
2018-12-15 23:35:34,368:INFO:The '4' was the 2nd character
2018-12-15 23:35:34,368:INFO:

2018-12-15 23:35:34,368:INFO:The symbols in this password are: ['!']
2018-12-15 23:35:34,368:INFO:The '!' was the 5th character
2018-12-15 23:35:34,369:INFO:

2018-12-15 23:35:34,431:INFO:The length of 'T4st!ng' is 7
2018-12-15 23:35:34,431:INFO:As a list it looks like this ['T', '4', 's', 't', '!', 'n', 'g']
2018-12-15 23:35:34,431:INFO:The letters in this password are: ['T', 's', 't', 'n', 'g']
2018-12-15 23:35:34,432:INFO:The 'T' was the 1st character
2018-12-15 23:35:34,432:INFO:The 's' was the 3rd character
2018-12-15 23:35:34,432:INFO:The 't' was the 4th character
2018-12-15 23:35:34,432:INFO:The 'n' was the 6th character
2018-12-15 23:35:34,432:INFO:The 'g' was the 7th character
2018-12-15 23:35:34,432:INFO:

2018-12-15 23:35:34,432:INFO:The numbers in this password are: ['4']
2018-12-15 23:35:34,432:INFO:The '4' was the 2nd character
2018-12-15 23:35:34,433:INFO:

2018-12-15 23:35:34,433:INFO:The symbols in this password are: ['!']
2018-12-15 23:35:34,433:INFO:The '!' was the 5th character
2018-12-15 23:35:34,433:INFO:

2018-12-15 23:35:34,493:INFO:The length of 'T4st!ng' is 7
2018-12-15 23:35:34,494:INFO:As a list it looks like this ['T', '4', 's', 't', '!', 'n', 'g']
2018-12-15 23:35:34,494:INFO:The letters in this password are: ['T', 's', 't', 'n', 'g']
2018-12-15 23:35:34,494:INFO:The 'T' was the 1st character
2018-12-15 23:35:34,494:INFO:The 's' was the 3rd character
2018-12-15 23:35:34,495:INFO:The 't' was the 4th character
2018-12-15 23:35:34,495:INFO:The 'n' was the 6th character
2018-12-15 23:35:34,495:INFO:The 'g' was the 7th character
2018-12-15 23:35:34,495:INFO:

2018-12-15 23:35:34,496:INFO:The numbers in this password are: ['4']
2018-12-15 23:35:34,496:INFO:The '4' was the 2nd character
2018-12-15 23:35:34,496:INFO:

2018-12-15 23:35:34,496:INFO:The symbols in this password are: ['!']
2018-12-15 23:35:34,497:INFO:The '!' was the 5th character
2018-12-15 23:35:34,497:INFO:

2018-12-15 23:35:34,562:INFO:The length of 'T4st!ng' is 7
2018-12-15 23:35:34,563:INFO:As a list it looks like this ['T', '4', 's', 't', '!', 'n', 'g']
2018-12-15 23:35:34,563:INFO:The letters in this password are: ['T', 's', 't', 'n', 'g']
2018-12-15 23:35:34,563:INFO:The 'T' was the 1st character
2018-12-15 23:35:34,563:INFO:The 's' was the 3rd character
2018-12-15 23:35:34,563:INFO:The 't' was the 4th character
2018-12-15 23:35:34,563:INFO:The 'n' was the 6th character
2018-12-15 23:35:34,564:INFO:The 'g' was the 7th character
2018-12-15 23:35:34,564:INFO:

2018-12-15 23:35:34,564:INFO:The numbers in this password are: ['4']
2018-12-15 23:35:34,564:INFO:The '4' was the 2nd character
2018-12-15 23:35:34,564:INFO:

2018-12-15 23:35:34,564:INFO:The symbols in this password are: ['!']
2018-12-15 23:35:34,564:INFO:The '!' was the 5th character
2018-12-15 23:35:34,565:INFO:

2018-12-15 23:35:34,629:INFO:The length of 'T4st!ng' is 7
2018-12-15 23:35:34,629:INFO:As a list it looks like this ['T', '4', 's', 't', '!', 'n', 'g']
2018-12-15 23:35:34,630:INFO:The letters in this password are: ['T', 's', 't', 'n', 'g']
2018-12-15 23:35:34,630:INFO:The 'T' was the 1st character
2018-12-15 23:35:34,630:INFO:The 's' was the 3rd character
2018-12-15 23:35:34,630:INFO:The 't' was the 4th character
2018-12-15 23:35:34,630:INFO:The 'n' was the 6th character
2018-12-15 23:35:34,630:INFO:The 'g' was the 7th character
2018-12-15 23:35:34,631:INFO:

2018-12-15 23:35:34,631:INFO:The numbers in this password are: ['4']
2018-12-15 23:35:34,631:INFO:The '4' was the 2nd character
2018-12-15 23:35:34,631:INFO:

2018-12-15 23:35:34,631:INFO:The symbols in this password are: ['!']
2018-12-15 23:35:34,631:INFO:The '!' was the 5th character
2018-12-15 23:35:34,631:INFO:

2018-12-15 23:35:34,691:INFO:The length of 'T4st!ng' is 7
2018-12-15 23:35:34,691:INFO:As a list it looks like this ['T', '4', 's', 't', '!', 'n', 'g']
2018-12-15 23:35:34,692:INFO:The letters in this password are: ['T', 's', 't', 'n', 'g']
2018-12-15 23:35:34,692:INFO:The 'T' was the 1st character
2018-12-15 23:35:34,692:INFO:The 's' was the 3rd character
2018-12-15 23:35:34,692:INFO:The 't' was the 4th character
2018-12-15 23:35:34,692:INFO:The 'n' was the 6th character
2018-12-15 23:35:34,693:INFO:The 'g' was the 7th character
2018-12-15 23:35:34,693:INFO:

2018-12-15 23:35:34,693:INFO:The numbers in this password are: ['4']
2018-12-15 23:35:34,693:INFO:The '4' was the 2nd character
2018-12-15 23:35:34,693:INFO:

2018-12-15 23:35:34,693:INFO:The symbols in this password are: ['!']
2018-12-15 23:35:34,694:INFO:The '!' was the 5th character
2018-12-15 23:35:34,694:INFO:

2018-12-15 23:35:34,752:INFO:The length of 'T4st!ng' is 7
2018-12-15 23:35:34,752:INFO:As a list it looks like this ['T', '4', 's', 't', '!', 'n', 'g']
2018-12-15 23:35:34,752:INFO:The letters in this password are: ['T', 's', 't', 'n', 'g']
2018-12-15 23:35:34,753:INFO:The 'T' was the 1st character
2018-12-15 23:35:34,753:INFO:The 's' was the 3rd character
2018-12-15 23:35:34,753:INFO:The 't' was the 4th character
2018-12-15 23:35:34,753:INFO:The 'n' was the 6th character
2018-12-15 23:35:34,753:INFO:The 'g' was the 7th character
2018-12-15 23:35:34,753:INFO:

2018-12-15 23:35:34,754:INFO:The numbers in this password are: ['4']
2018-12-15 23:35:34,754:INFO:The '4' was the 2nd character
2018-12-15 23:35:34,754:INFO:

2018-12-15 23:35:34,754:INFO:The symbols in this password are: ['!']
2018-12-15 23:35:34,754:INFO:The '!' was the 5th character
2018-12-15 23:35:34,754:INFO:

2018-12-15 23:35:34,816:INFO:The length of 'T4st!ng' is 7
2018-12-15 23:35:34,816:INFO:As a list it looks like this ['T', '4', 's', 't', '!', 'n', 'g']
2018-12-15 23:35:34,816:INFO:The letters in this password are: ['T', 's', 't', 'n', 'g']
2018-12-15 23:35:34,817:INFO:The 'T' was the 1st character
2018-12-15 23:35:34,817:INFO:The 's' was the 3rd character
2018-12-15 23:35:34,817:INFO:The 't' was the 4th character
2018-12-15 23:35:34,817:INFO:The 'n' was the 6th character
2018-12-15 23:35:34,817:INFO:The 'g' was the 7th character
2018-12-15 23:35:34,817:INFO:

2018-12-15 23:35:34,817:INFO:The numbers in this password are: ['4']
2018-12-15 23:35:34,818:INFO:The '4' was the 2nd character
2018-12-15 23:35:34,818:INFO:

2018-12-15 23:35:34,818:INFO:The symbols in this password are: ['!']
2018-12-15 23:35:34,818:INFO:The '!' was the 5th character
2018-12-15 23:35:34,818:INFO:

2018-12-15 23:35:34,875:INFO:The length of 'T4st!ng' is 7
2018-12-15 23:35:34,876:INFO:As a list it looks like this ['T', '4', 's', 't', '!', 'n', 'g']
2018-12-15 23:35:34,876:INFO:The letters in this password are: ['T', 's', 't', 'n', 'g']
2018-12-15 23:35:34,876:INFO:The 'T' was the 1st character
2018-12-15 23:35:34,876:INFO:The 's' was the 3rd character
2018-12-15 23:35:34,876:INFO:The 't' was the 4th character
2018-12-15 23:35:34,877:INFO:The 'n' was the 6th character
2018-12-15 23:35:34,877:INFO:The 'g' was the 7th character
2018-12-15 23:35:34,877:INFO:

2018-12-15 23:35:34,877:INFO:The numbers in this password are: ['4']
2018-12-15 23:35:34,877:INFO:The '4' was the 2nd character
2018-12-15 23:35:34,878:INFO:

2018-12-15 23:35:34,878:INFO:The symbols in this password are: ['!']
2018-12-15 23:35:34,878:INFO:The '!' was the 5th character
2018-12-15 23:35:34,878:INFO:

2018-12-15 23:35:34,938:INFO:The length of 'T4st!ng' is 7
2018-12-15 23:35:34,938:INFO:As a list it looks like this ['T', '4', 's', 't', '!', 'n', 'g']
2018-12-15 23:35:34,939:INFO:The letters in this password are: ['T', 's', 't', 'n', 'g']
2018-12-15 23:35:34,939:INFO:The 'T' was the 1st character
2018-12-15 23:35:34,939:INFO:The 's' was the 3rd character
2018-12-15 23:35:34,939:INFO:The 't' was the 4th character
2018-12-15 23:35:34,939:INFO:The 'n' was the 6th character
2018-12-15 23:35:34,940:INFO:The 'g' was the 7th character
2018-12-15 23:35:34,940:INFO:

2018-12-15 23:35:34,940:INFO:The numbers in this password are: ['4']
2018-12-15 23:35:34,940:INFO:The '4' was the 2nd character
2018-12-15 23:35:34,940:INFO:

2018-12-15 23:35:34,940:INFO:The symbols in this password are: ['!']
2018-12-15 23:35:34,940:INFO:The '!' was the 5th character
2018-12-15 23:35:34,940:INFO:

2018-12-15 23:35:35,003:INFO:The length of 'T4st!ng' is 7
2018-12-15 23:35:35,003:INFO:As a list it looks like this ['T', '4', 's', 't', '!', 'n', 'g']
2018-12-15 23:35:35,004:INFO:The letters in this password are: ['T', 's', 't', 'n', 'g']
2018-12-15 23:35:35,004:INFO:The 'T' was the 1st character
2018-12-15 23:35:35,004:INFO:The 's' was the 3rd character
2018-12-15 23:35:35,004:INFO:The 't' was the 4th character
2018-12-15 23:35:35,004:INFO:The 'n' was the 6th character
2018-12-15 23:35:35,004:INFO:The 'g' was the 7th character
2018-12-15 23:35:35,004:INFO:

2018-12-15 23:35:35,005:INFO:The numbers in this password are: ['4']
2018-12-15 23:35:35,005:INFO:The '4' was the 2nd character
2018-12-15 23:35:35,005:INFO:

2018-12-15 23:35:35,005:INFO:The symbols in this password are: ['!']
2018-12-15 23:35:35,005:INFO:The '!' was the 5th character
2018-12-15 23:35:35,005:INFO:

2018-12-15 23:35:35,065:INFO:The length of 'T4st!ng' is 7
2018-12-15 23:35:35,066:INFO:As a list it looks like this ['T', '4', 's', 't', '!', 'n', 'g']
2018-12-15 23:35:35,066:INFO:The letters in this password are: ['T', 's', 't', 'n', 'g']
2018-12-15 23:35:35,066:INFO:The 'T' was the 1st character
2018-12-15 23:35:35,066:INFO:The 's' was the 3rd character
2018-12-15 23:35:35,066:INFO:The 't' was the 4th character
2018-12-15 23:35:35,066:INFO:The 'n' was the 6th character
2018-12-15 23:35:35,067:INFO:The 'g' was the 7th character
2018-12-15 23:35:35,067:INFO:

2018-12-15 23:35:35,067:INFO:The numbers in this password are: ['4']
2018-12-15 23:35:35,067:INFO:The '4' was the 2nd character
2018-12-15 23:35:35,067:INFO:

2018-12-15 23:35:35,067:INFO:The symbols in this password are: ['!']
2018-12-15 23:35:35,067:INFO:The '!' was the 5th character
2018-12-15 23:35:35,068:INFO:

2018-12-15 23:35:35,128:INFO:The length of 'T4st!ng' is 7
2018-12-15 23:35:35,128:INFO:As a list it looks like this ['T', '4', 's', 't', '!', 'n', 'g']
2018-12-15 23:35:35,129:INFO:The letters in this password are: ['T', 's', 't', 'n', 'g']
2018-12-15 23:35:35,129:INFO:The 'T' was the 1st character
2018-12-15 23:35:35,129:INFO:The 's' was the 3rd character
2018-12-15 23:35:35,129:INFO:The 't' was the 4th character
2018-12-15 23:35:35,129:INFO:The 'n' was the 6th character
2018-12-15 23:35:35,129:INFO:The 'g' was the 7th character
2018-12-15 23:35:35,130:INFO:

2018-12-15 23:35:35,130:INFO:The numbers in this password are: ['4']
2018-12-15 23:35:35,130:INFO:The '4' was the 2nd character
2018-12-15 23:35:35,130:INFO:

2018-12-15 23:35:35,130:INFO:The symbols in this password are: ['!']
2018-12-15 23:35:35,130:INFO:The '!' was the 5th character
2018-12-15 23:35:35,130:INFO:

2018-12-15 23:35:35,187:INFO:The length of 'T4st!ng' is 7
2018-12-15 23:35:35,187:INFO:As a list it looks like this ['T', '4', 's', 't', '!', 'n', 'g']
2018-12-15 23:35:35,188:INFO:The letters in this password are: ['T', 's', 't', 'n', 'g']
2018-12-15 23:35:35,188:INFO:The 'T' was the 1st character
2018-12-15 23:35:35,188:INFO:The 's' was the 3rd character
2018-12-15 23:35:35,188:INFO:The 't' was the 4th character
2018-12-15 23:35:35,188:INFO:The 'n' was the 6th character
2018-12-15 23:35:35,188:INFO:The 'g' was the 7th character
2018-12-15 23:35:35,188:INFO:

2018-12-15 23:35:35,189:INFO:The numbers in this password are: ['4']
2018-12-15 23:35:35,189:INFO:The '4' was the 2nd character
2018-12-15 23:35:35,189:INFO:

2018-12-15 23:35:35,189:INFO:The symbols in this password are: ['!']
2018-12-15 23:35:35,189:INFO:The '!' was the 5th character
2018-12-15 23:35:35,189:INFO:

2018-12-15 23:35:35,248:INFO:The length of 'T4st!ng' is 7
2018-12-15 23:35:35,249:INFO:As a list it looks like this ['T', '4', 's', 't', '!', 'n', 'g']
2018-12-15 23:35:35,249:INFO:The letters in this password are: ['T', 's', 't', 'n', 'g']
2018-12-15 23:35:35,249:INFO:The 'T' was the 1st character
2018-12-15 23:35:35,249:INFO:The 's' was the 3rd character
2018-12-15 23:35:35,249:INFO:The 't' was the 4th character
2018-12-15 23:35:35,249:INFO:The 'n' was the 6th character
2018-12-15 23:35:35,249:INFO:The 'g' was the 7th character
2018-12-15 23:35:35,250:INFO:

2018-12-15 23:35:35,250:INFO:The numbers in this password are: ['4']
2018-12-15 23:35:35,250:INFO:The '4' was the 2nd character
2018-12-15 23:35:35,250:INFO:

2018-12-15 23:35:35,250:INFO:The symbols in this password are: ['!']
2018-12-15 23:35:35,250:INFO:The '!' was the 5th character
2018-12-15 23:35:35,250:INFO:

2018-12-15 23:35:35,307:INFO:The length of 'T4st!ng' is 7
2018-12-15 23:35:35,307:INFO:As a list it looks like this ['T', '4', 's', 't', '!', 'n', 'g']
2018-12-15 23:35:35,307:INFO:The letters in this password are: ['T', 's', 't', 'n', 'g']
2018-12-15 23:35:35,308:INFO:The 'T' was the 1st character
2018-12-15 23:35:35,308:INFO:The 's' was the 3rd character
2018-12-15 23:35:35,308:INFO:The 't' was the 4th character
2018-12-15 23:35:35,308:INFO:The 'n' was the 6th character
2018-12-15 23:35:35,308:INFO:The 'g' was the 7th character
2018-12-15 23:35:35,309:INFO:

2018-12-15 23:35:35,309:INFO:The numbers in this password are: ['4']
2018-12-15 23:35:35,309:INFO:The '4' was the 2nd character
2018-12-15 23:35:35,309:INFO:

2018-12-15 23:35:35,309:INFO:The symbols in this password are: ['!']
2018-12-15 23:35:35,309:INFO:The '!' was the 5th character
2018-12-15 23:35:35,310:INFO:

2018-12-15 23:35:35,375:INFO:The length of 'T4st!ng' is 7
2018-12-15 23:35:35,375:INFO:As a list it looks like this ['T', '4', 's', 't', '!', 'n', 'g']
2018-12-15 23:35:35,375:INFO:The letters in this password are: ['T', 's', 't', 'n', 'g']
2018-12-15 23:35:35,376:INFO:The 'T' was the 1st character
2018-12-15 23:35:35,376:INFO:The 's' was the 3rd character
2018-12-15 23:35:35,376:INFO:The 't' was the 4th character
2018-12-15 23:35:35,376:INFO:The 'n' was the 6th character
2018-12-15 23:35:35,376:INFO:The 'g' was the 7th character
2018-12-15 23:35:35,377:INFO:

2018-12-15 23:35:35,377:INFO:The numbers in this password are: ['4']
2018-12-15 23:35:35,377:INFO:The '4' was the 2nd character
2018-12-15 23:35:35,377:INFO:

2018-12-15 23:35:35,377:INFO:The symbols in this password are: ['!']
2018-12-15 23:35:35,377:INFO:The '!' was the 5th character
2018-12-15 23:35:35,377:INFO:

2018-12-15 23:35:35,441:INFO:The length of 'T4st!ng' is 7
2018-12-15 23:35:35,442:INFO:As a list it looks like this ['T', '4', 's', 't', '!', 'n', 'g']
2018-12-15 23:35:35,442:INFO:The letters in this password are: ['T', 's', 't', 'n', 'g']
2018-12-15 23:35:35,442:INFO:The 'T' was the 1st character
2018-12-15 23:35:35,443:INFO:The 's' was the 3rd character
2018-12-15 23:35:35,443:INFO:The 't' was the 4th character
2018-12-15 23:35:35,443:INFO:The 'n' was the 6th character
2018-12-15 23:35:35,443:INFO:The 'g' was the 7th character
2018-12-15 23:35:35,443:INFO:

2018-12-15 23:35:35,443:INFO:The numbers in this password are: ['4']
2018-12-15 23:35:35,444:INFO:The '4' was the 2nd character
2018-12-15 23:35:35,444:INFO:

2018-12-15 23:35:35,444:INFO:The symbols in this password are: ['!']
2018-12-15 23:35:35,444:INFO:The '!' was the 5th character
2018-12-15 23:35:35,445:INFO:

2018-12-15 23:35:35,510:INFO:The length of 'T4st!ng' is 7
2018-12-15 23:35:35,511:INFO:As a list it looks like this ['T', '4', 's', 't', '!', 'n', 'g']
2018-12-15 23:35:35,511:INFO:The letters in this password are: ['T', 's', 't', 'n', 'g']
2018-12-15 23:35:35,511:INFO:The 'T' was the 1st character
2018-12-15 23:35:35,512:INFO:The 's' was the 3rd character
2018-12-15 23:35:35,512:INFO:The 't' was the 4th character
2018-12-15 23:35:35,512:INFO:The 'n' was the 6th character
2018-12-15 23:35:35,512:INFO:The 'g' was the 7th character
2018-12-15 23:35:35,512:INFO:

2018-12-15 23:35:35,513:INFO:The numbers in this password are: ['4']
2018-12-15 23:35:35,513:INFO:The '4' was the 2nd character
2018-12-15 23:35:35,513:INFO:

2018-12-15 23:35:35,514:INFO:The symbols in this password are: ['!']
2018-12-15 23:35:35,514:INFO:The '!' was the 5th character
2018-12-15 23:35:35,514:INFO:

2018-12-15 23:35:35,585:INFO:The length of 'T4st!ng' is 7
2018-12-15 23:35:35,586:INFO:As a list it looks like this ['T', '4', 's', 't', '!', 'n', 'g']
2018-12-15 23:35:35,586:INFO:The letters in this password are: ['T', 's', 't', 'n', 'g']
2018-12-15 23:35:35,586:INFO:The 'T' was the 1st character
2018-12-15 23:35:35,586:INFO:The 's' was the 3rd character
2018-12-15 23:35:35,586:INFO:The 't' was the 4th character
2018-12-15 23:35:35,587:INFO:The 'n' was the 6th character
2018-12-15 23:35:35,587:INFO:The 'g' was the 7th character
2018-12-15 23:35:35,587:INFO:

2018-12-15 23:35:35,587:INFO:The numbers in this password are: ['4']
2018-12-15 23:35:35,587:INFO:The '4' was the 2nd character
2018-12-15 23:35:35,587:INFO:

2018-12-15 23:35:35,588:INFO:The symbols in this password are: ['!']
2018-12-15 23:35:35,588:INFO:The '!' was the 5th character
2018-12-15 23:35:35,588:INFO:

2018-12-15 23:35:35,653:INFO:The length of 'T4st!ng' is 7
2018-12-15 23:35:35,654:INFO:As a list it looks like this ['T', '4', 's', 't', '!', 'n', 'g']
2018-12-15 23:35:35,654:INFO:The letters in this password are: ['T', 's', 't', 'n', 'g']
2018-12-15 23:35:35,654:INFO:The 'T' was the 1st character
2018-12-15 23:35:35,654:INFO:The 's' was the 3rd character
2018-12-15 23:35:35,655:INFO:The 't' was the 4th character
2018-12-15 23:35:35,655:INFO:The 'n' was the 6th character
2018-12-15 23:35:35,655:INFO:The 'g' was the 7th character
2018-12-15 23:35:35,655:INFO:

2018-12-15 23:35:35,655:INFO:The numbers in this password are: ['4']
2018-12-15 23:35:35,655:INFO:The '4' was the 2nd character
2018-12-15 23:35:35,656:INFO:

2018-12-15 23:35:35,656:INFO:The symbols in this password are: ['!']
2018-12-15 23:35:35,656:INFO:The '!' was the 5th character
2018-12-15 23:35:35,656:INFO:

2018-12-15 23:35:35,718:INFO:The length of 'T4st!ng' is 7
2018-12-15 23:35:35,718:INFO:As a list it looks like this ['T', '4', 's', 't', '!', 'n', 'g']
2018-12-15 23:35:35,719:INFO:The letters in this password are: ['T', 's', 't', 'n', 'g']
2018-12-15 23:35:35,719:INFO:The 'T' was the 1st character
2018-12-15 23:35:35,719:INFO:The 's' was the 3rd character
2018-12-15 23:35:35,719:INFO:The 't' was the 4th character
2018-12-15 23:35:35,719:INFO:The 'n' was the 6th character
2018-12-15 23:35:35,719:INFO:The 'g' was the 7th character
2018-12-15 23:35:35,719:INFO:

2018-12-15 23:35:35,719:INFO:The numbers in this password are: ['4']
2018-12-15 23:35:35,720:INFO:The '4' was the 2nd character
2018-12-15 23:35:35,720:INFO:

2018-12-15 23:35:35,720:INFO:The symbols in this password are: ['!']
2018-12-15 23:35:35,720:INFO:The '!' was the 5th character
2018-12-15 23:35:35,720:INFO:

2018-12-15 23:35:35,777:INFO:The length of 'T4st!ng' is 7
2018-12-15 23:35:35,777:INFO:As a list it looks like this ['T', '4', 's', 't', '!', 'n', 'g']
2018-12-15 23:35:35,778:INFO:The letters in this password are: ['T', 's', 't', 'n', 'g']
2018-12-15 23:35:35,778:INFO:The 'T' was the 1st character
2018-12-15 23:35:35,778:INFO:The 's' was the 3rd character
2018-12-15 23:35:35,778:INFO:The 't' was the 4th character
2018-12-15 23:35:35,779:INFO:The 'n' was the 6th character
2018-12-15 23:35:35,779:INFO:The 'g' was the 7th character
2018-12-15 23:35:35,779:INFO:

2018-12-15 23:35:35,779:INFO:The numbers in this password are: ['4']
2018-12-15 23:35:35,779:INFO:The '4' was the 2nd character
2018-12-15 23:35:35,779:INFO:

2018-12-15 23:35:35,779:INFO:The symbols in this password are: ['!']
2018-12-15 23:35:35,780:INFO:The '!' was the 5th character
2018-12-15 23:35:35,780:INFO:

2018-12-15 23:35:35,838:INFO:The length of 'T4st!ng' is 7
2018-12-15 23:35:35,839:INFO:As a list it looks like this ['T', '4', 's', 't', '!', 'n', 'g']
2018-12-15 23:35:35,839:INFO:The letters in this password are: ['T', 's', 't', 'n', 'g']
2018-12-15 23:35:35,839:INFO:The 'T' was the 1st character
2018-12-15 23:35:35,839:INFO:The 's' was the 3rd character
2018-12-15 23:35:35,839:INFO:The 't' was the 4th character
2018-12-15 23:35:35,839:INFO:The 'n' was the 6th character
2018-12-15 23:35:35,839:INFO:The 'g' was the 7th character
2018-12-15 23:35:35,840:INFO:

2018-12-15 23:35:35,840:INFO:The numbers in this password are: ['4']
2018-12-15 23:35:35,840:INFO:The '4' was the 2nd character
2018-12-15 23:35:35,840:INFO:

2018-12-15 23:35:35,840:INFO:The symbols in this password are: ['!']
2018-12-15 23:35:35,840:INFO:The '!' was the 5th character
2018-12-15 23:35:35,840:INFO:

2018-12-15 23:35:35,898:INFO:The length of 'T4st!ng' is 7
2018-12-15 23:35:35,899:INFO:As a list it looks like this ['T', '4', 's', 't', '!', 'n', 'g']
2018-12-15 23:35:35,899:INFO:The letters in this password are: ['T', 's', 't', 'n', 'g']
2018-12-15 23:35:35,899:INFO:The 'T' was the 1st character
2018-12-15 23:35:35,899:INFO:The 's' was the 3rd character
2018-12-15 23:35:35,899:INFO:The 't' was the 4th character
2018-12-15 23:35:35,900:INFO:The 'n' was the 6th character
2018-12-15 23:35:35,900:INFO:The 'g' was the 7th character
2018-12-15 23:35:35,900:INFO:

2018-12-15 23:35:35,900:INFO:The numbers in this password are: ['4']
2018-12-15 23:35:35,900:INFO:The '4' was the 2nd character
2018-12-15 23:35:35,900:INFO:

2018-12-15 23:35:35,900:INFO:The symbols in this password are: ['!']
2018-12-15 23:35:35,900:INFO:The '!' was the 5th character
2018-12-15 23:35:35,901:INFO:

2018-12-15 23:35:35,961:INFO:The length of 'T4st!ng' is 7
2018-12-15 23:35:35,962:INFO:As a list it looks like this ['T', '4', 's', 't', '!', 'n', 'g']
2018-12-15 23:35:35,962:INFO:The letters in this password are: ['T', 's', 't', 'n', 'g']
2018-12-15 23:35:35,962:INFO:The 'T' was the 1st character
2018-12-15 23:35:35,962:INFO:The 's' was the 3rd character
2018-12-15 23:35:35,962:INFO:The 't' was the 4th character
2018-12-15 23:35:35,963:INFO:The 'n' was the 6th character
2018-12-15 23:35:35,965:INFO:The 'g' was the 7th character
2018-12-15 23:35:35,965:INFO:

2018-12-15 23:35:35,965:INFO:The numbers in this password are: ['4']
2018-12-15 23:35:35,965:INFO:The '4' was the 2nd character
2018-12-15 23:35:35,965:INFO:

2018-12-15 23:35:35,966:INFO:The symbols in this password are: ['!']
2018-12-15 23:35:35,966:INFO:The '!' was the 5th character
2018-12-15 23:35:35,966:INFO:

2018-12-15 23:35:36,026:INFO:The length of 'T4st!ng' is 7
2018-12-15 23:35:36,026:INFO:As a list it looks like this ['T', '4', 's', 't', '!', 'n', 'g']
2018-12-15 23:35:36,027:INFO:The letters in this password are: ['T', 's', 't', 'n', 'g']
2018-12-15 23:35:36,027:INFO:The 'T' was the 1st character
2018-12-15 23:35:36,027:INFO:The 's' was the 3rd character
2018-12-15 23:35:36,027:INFO:The 't' was the 4th character
2018-12-15 23:35:36,027:INFO:The 'n' was the 6th character
2018-12-15 23:35:36,027:INFO:The 'g' was the 7th character
2018-12-15 23:35:36,028:INFO:

2018-12-15 23:35:36,028:INFO:The numbers in this password are: ['4']
2018-12-15 23:35:36,028:INFO:The '4' was the 2nd character
2018-12-15 23:35:36,028:INFO:

2018-12-15 23:35:36,028:INFO:The symbols in this password are: ['!']
2018-12-15 23:35:36,028:INFO:The '!' was the 5th character
2018-12-15 23:35:36,028:INFO:

2018-12-15 23:35:36,088:INFO:The length of 'T4st!ng' is 7
2018-12-15 23:35:36,089:INFO:As a list it looks like this ['T', '4', 's', 't', '!', 'n', 'g']
2018-12-15 23:35:36,089:INFO:The letters in this password are: ['T', 's', 't', 'n', 'g']
2018-12-15 23:35:36,089:INFO:The 'T' was the 1st character
2018-12-15 23:35:36,089:INFO:The 's' was the 3rd character
2018-12-15 23:35:36,089:INFO:The 't' was the 4th character
2018-12-15 23:35:36,090:INFO:The 'n' was the 6th character
2018-12-15 23:35:36,090:INFO:The 'g' was the 7th character
2018-12-15 23:35:36,090:INFO:

2018-12-15 23:35:36,090:INFO:The numbers in this password are: ['4']
2018-12-15 23:35:36,090:INFO:The '4' was the 2nd character
2018-12-15 23:35:36,090:INFO:

2018-12-15 23:35:36,090:INFO:The symbols in this password are: ['!']
2018-12-15 23:35:36,090:INFO:The '!' was the 5th character
2018-12-15 23:35:36,091:INFO:

2018-12-15 23:35:36,148:INFO:The length of 'T4st!ng' is 7
2018-12-15 23:35:36,149:INFO:As a list it looks like this ['T', '4', 's', 't', '!', 'n', 'g']
2018-12-15 23:35:36,149:INFO:The letters in this password are: ['T', 's', 't', 'n', 'g']
2018-12-15 23:35:36,149:INFO:The 'T' was the 1st character
2018-12-15 23:35:36,149:INFO:The 's' was the 3rd character
2018-12-15 23:35:36,150:INFO:The 't' was the 4th character
2018-12-15 23:35:36,150:INFO:The 'n' was the 6th character
2018-12-15 23:35:36,150:INFO:The 'g' was the 7th character
2018-12-15 23:35:36,150:INFO:

2018-12-15 23:35:36,150:INFO:The numbers in this password are: ['4']
2018-12-15 23:35:36,150:INFO:The '4' was the 2nd character
2018-12-15 23:35:36,150:INFO:

2018-12-15 23:35:36,151:INFO:The symbols in this password are: ['!']
2018-12-15 23:35:36,151:INFO:The '!' was the 5th character
2018-12-15 23:35:36,151:INFO:

2018-12-15 23:35:36,209:INFO:The length of 'T4st!ng' is 7
2018-12-15 23:35:36,209:INFO:As a list it looks like this ['T', '4', 's', 't', '!', 'n', 'g']
2018-12-15 23:35:36,209:INFO:The letters in this password are: ['T', 's', 't', 'n', 'g']
2018-12-15 23:35:36,210:INFO:The 'T' was the 1st character
2018-12-15 23:35:36,210:INFO:The 's' was the 3rd character
2018-12-15 23:35:36,210:INFO:The 't' was the 4th character
2018-12-15 23:35:36,210:INFO:The 'n' was the 6th character
2018-12-15 23:35:36,210:INFO:The 'g' was the 7th character
2018-12-15 23:35:36,211:INFO:

2018-12-15 23:35:36,211:INFO:The numbers in this password are: ['4']
2018-12-15 23:35:36,211:INFO:The '4' was the 2nd character
2018-12-15 23:35:36,211:INFO:

2018-12-15 23:35:36,211:INFO:The symbols in this password are: ['!']
2018-12-15 23:35:36,211:INFO:The '!' was the 5th character
2018-12-15 23:35:36,211:INFO:

2018-12-15 23:35:36,268:INFO:The length of 'T4st!ng' is 7
2018-12-15 23:35:36,268:INFO:As a list it looks like this ['T', '4', 's', 't', '!', 'n', 'g']
2018-12-15 23:35:36,269:INFO:The letters in this password are: ['T', 's', 't', 'n', 'g']
2018-12-15 23:35:36,269:INFO:The 'T' was the 1st character
2018-12-15 23:35:36,269:INFO:The 's' was the 3rd character
2018-12-15 23:35:36,269:INFO:The 't' was the 4th character
2018-12-15 23:35:36,269:INFO:The 'n' was the 6th character
2018-12-15 23:35:36,269:INFO:The 'g' was the 7th character
2018-12-15 23:35:36,269:INFO:

2018-12-15 23:35:36,270:INFO:The numbers in this password are: ['4']
2018-12-15 23:35:36,270:INFO:The '4' was the 2nd character
2018-12-15 23:35:36,270:INFO:

2018-12-15 23:35:36,270:INFO:The symbols in this password are: ['!']
2018-12-15 23:35:36,270:INFO:The '!' was the 5th character
2018-12-15 23:35:36,270:INFO:

2018-12-15 23:35:36,335:INFO:The length of 'T4st!ng' is 7
2018-12-15 23:35:36,335:INFO:As a list it looks like this ['T', '4', 's', 't', '!', 'n', 'g']
2018-12-15 23:35:36,336:INFO:The letters in this password are: ['T', 's', 't', 'n', 'g']
2018-12-15 23:35:36,336:INFO:The 'T' was the 1st character
2018-12-15 23:35:36,336:INFO:The 's' was the 3rd character
2018-12-15 23:35:36,336:INFO:The 't' was the 4th character
2018-12-15 23:35:36,336:INFO:The 'n' was the 6th character
2018-12-15 23:35:36,336:INFO:The 'g' was the 7th character
2018-12-15 23:35:36,336:INFO:

2018-12-15 23:35:36,336:INFO:The numbers in this password are: ['4']
2018-12-15 23:35:36,337:INFO:The '4' was the 2nd character
2018-12-15 23:35:36,337:INFO:

2018-12-15 23:35:36,337:INFO:The symbols in this password are: ['!']
2018-12-15 23:35:36,337:INFO:The '!' was the 5th character
2018-12-15 23:35:36,337:INFO:

2018-12-15 23:35:36,396:INFO:The length of 'T4st!ng' is 7
2018-12-15 23:35:36,396:INFO:As a list it looks like this ['T', '4', 's', 't', '!', 'n', 'g']
2018-12-15 23:35:36,396:INFO:The letters in this password are: ['T', 's', 't', 'n', 'g']
2018-12-15 23:35:36,396:INFO:The 'T' was the 1st character
2018-12-15 23:35:36,397:INFO:The 's' was the 3rd character
2018-12-15 23:35:36,397:INFO:The 't' was the 4th character
2018-12-15 23:35:36,397:INFO:The 'n' was the 6th character
2018-12-15 23:35:36,397:INFO:The 'g' was the 7th character
2018-12-15 23:35:36,397:INFO:

2018-12-15 23:35:36,397:INFO:The numbers in this password are: ['4']
2018-12-15 23:35:36,397:INFO:The '4' was the 2nd character
2018-12-15 23:35:36,397:INFO:

2018-12-15 23:35:36,398:INFO:The symbols in this password are: ['!']
2018-12-15 23:35:36,398:INFO:The '!' was the 5th character
2018-12-15 23:35:36,398:INFO:

2018-12-15 23:35:36,454:INFO:The length of 'T4st!ng' is 7
2018-12-15 23:35:36,455:INFO:As a list it looks like this ['T', '4', 's', 't', '!', 'n', 'g']
2018-12-15 23:35:36,455:INFO:The letters in this password are: ['T', 's', 't', 'n', 'g']
2018-12-15 23:35:36,455:INFO:The 'T' was the 1st character
2018-12-15 23:35:36,455:INFO:The 's' was the 3rd character
2018-12-15 23:35:36,455:INFO:The 't' was the 4th character
2018-12-15 23:35:36,455:INFO:The 'n' was the 6th character
2018-12-15 23:35:36,456:INFO:The 'g' was the 7th character
2018-12-15 23:35:36,456:INFO:

2018-12-15 23:35:36,456:INFO:The numbers in this password are: ['4']
2018-12-15 23:35:36,456:INFO:The '4' was the 2nd character
2018-12-15 23:35:36,456:INFO:

2018-12-15 23:35:36,456:INFO:The symbols in this password are: ['!']
2018-12-15 23:35:36,456:INFO:The '!' was the 5th character
2018-12-15 23:35:36,456:INFO:

2018-12-15 23:35:36,517:INFO:The length of 'T4st!ng' is 7
2018-12-15 23:35:36,518:INFO:As a list it looks like this ['T', '4', 's', 't', '!', 'n', 'g']
2018-12-15 23:35:36,518:INFO:The letters in this password are: ['T', 's', 't', 'n', 'g']
2018-12-15 23:35:36,518:INFO:The 'T' was the 1st character
2018-12-15 23:35:36,519:INFO:The 's' was the 3rd character
2018-12-15 23:35:36,519:INFO:The 't' was the 4th character
2018-12-15 23:35:36,519:INFO:The 'n' was the 6th character
2018-12-15 23:35:36,519:INFO:The 'g' was the 7th character
2018-12-15 23:35:36,519:INFO:

2018-12-15 23:35:36,519:INFO:The numbers in this password are: ['4']
2018-12-15 23:35:36,519:INFO:The '4' was the 2nd character
2018-12-15 23:35:36,520:INFO:

2018-12-15 23:35:36,520:INFO:The symbols in this password are: ['!']
2018-12-15 23:35:36,520:INFO:The '!' was the 5th character
2018-12-15 23:35:36,520:INFO:

2018-12-15 23:35:36,577:INFO:The length of 'T4st!ng' is 7
2018-12-15 23:35:36,577:INFO:As a list it looks like this ['T', '4', 's', 't', '!', 'n', 'g']
2018-12-15 23:35:36,577:INFO:The letters in this password are: ['T', 's', 't', 'n', 'g']
2018-12-15 23:35:36,578:INFO:The 'T' was the 1st character
2018-12-15 23:35:36,578:INFO:The 's' was the 3rd character
2018-12-15 23:35:36,578:INFO:The 't' was the 4th character
2018-12-15 23:35:36,578:INFO:The 'n' was the 6th character
2018-12-15 23:35:36,578:INFO:The 'g' was the 7th character
2018-12-15 23:35:36,578:INFO:

2018-12-15 23:35:36,578:INFO:The numbers in this password are: ['4']
2018-12-15 23:35:36,579:INFO:The '4' was the 2nd character
2018-12-15 23:35:36,579:INFO:

2018-12-15 23:35:36,579:INFO:The symbols in this password are: ['!']
2018-12-15 23:35:36,579:INFO:The '!' was the 5th character
2018-12-15 23:35:36,579:INFO:

2018-12-15 23:35:36,639:INFO:The length of 'T4st!ng' is 7
2018-12-15 23:35:36,639:INFO:As a list it looks like this ['T', '4', 's', 't', '!', 'n', 'g']
2018-12-15 23:35:36,639:INFO:The letters in this password are: ['T', 's', 't', 'n', 'g']
2018-12-15 23:35:36,640:INFO:The 'T' was the 1st character
2018-12-15 23:35:36,640:INFO:The 's' was the 3rd character
2018-12-15 23:35:36,640:INFO:The 't' was the 4th character
2018-12-15 23:35:36,640:INFO:The 'n' was the 6th character
2018-12-15 23:35:36,640:INFO:The 'g' was the 7th character
2018-12-15 23:35:36,640:INFO:

2018-12-15 23:35:36,640:INFO:The numbers in this password are: ['4']
2018-12-15 23:35:36,641:INFO:The '4' was the 2nd character
2018-12-15 23:35:36,641:INFO:

2018-12-15 23:35:36,641:INFO:The symbols in this password are: ['!']
2018-12-15 23:35:36,641:INFO:The '!' was the 5th character
2018-12-15 23:35:36,641:INFO:

2018-12-15 23:35:36,700:INFO:The length of 'T4st!ng' is 7
2018-12-15 23:35:36,700:INFO:As a list it looks like this ['T', '4', 's', 't', '!', 'n', 'g']
2018-12-15 23:35:36,700:INFO:The letters in this password are: ['T', 's', 't', 'n', 'g']
2018-12-15 23:35:36,700:INFO:The 'T' was the 1st character
2018-12-15 23:35:36,701:INFO:The 's' was the 3rd character
2018-12-15 23:35:36,701:INFO:The 't' was the 4th character
2018-12-15 23:35:36,701:INFO:The 'n' was the 6th character
2018-12-15 23:35:36,701:INFO:The 'g' was the 7th character
2018-12-15 23:35:36,701:INFO:

2018-12-15 23:35:36,701:INFO:The numbers in this password are: ['4']
2018-12-15 23:35:36,701:INFO:The '4' was the 2nd character
2018-12-15 23:35:36,701:INFO:

2018-12-15 23:35:36,702:INFO:The symbols in this password are: ['!']
2018-12-15 23:35:36,702:INFO:The '!' was the 5th character
2018-12-15 23:35:36,702:INFO:

2018-12-15 23:35:36,760:INFO:The length of 'T4st!ng' is 7
2018-12-15 23:35:36,760:INFO:As a list it looks like this ['T', '4', 's', 't', '!', 'n', 'g']
2018-12-15 23:35:36,760:INFO:The letters in this password are: ['T', 's', 't', 'n', 'g']
2018-12-15 23:35:36,761:INFO:The 'T' was the 1st character
2018-12-15 23:35:36,761:INFO:The 's' was the 3rd character
2018-12-15 23:35:36,761:INFO:The 't' was the 4th character
2018-12-15 23:35:36,761:INFO:The 'n' was the 6th character
2018-12-15 23:35:36,761:INFO:The 'g' was the 7th character
2018-12-15 23:35:36,761:INFO:

2018-12-15 23:35:36,762:INFO:The numbers in this password are: ['4']
2018-12-15 23:35:36,762:INFO:The '4' was the 2nd character
2018-12-15 23:35:36,762:INFO:

2018-12-15 23:35:36,762:INFO:The symbols in this password are: ['!']
2018-12-15 23:35:36,762:INFO:The '!' was the 5th character
2018-12-15 23:35:36,762:INFO:

2018-12-15 23:35:36,824:INFO:The length of 'T4st!ng' is 7
2018-12-15 23:35:36,825:INFO:As a list it looks like this ['T', '4', 's', 't', '!', 'n', 'g']
2018-12-15 23:35:36,825:INFO:The letters in this password are: ['T', 's', 't', 'n', 'g']
2018-12-15 23:35:36,825:INFO:The 'T' was the 1st character
2018-12-15 23:35:36,825:INFO:The 's' was the 3rd character
2018-12-15 23:35:36,826:INFO:The 't' was the 4th character
2018-12-15 23:35:36,826:INFO:The 'n' was the 6th character
2018-12-15 23:35:36,826:INFO:The 'g' was the 7th character
2018-12-15 23:35:36,826:INFO:

2018-12-15 23:35:36,826:INFO:The numbers in this password are: ['4']
2018-12-15 23:35:36,826:INFO:The '4' was the 2nd character
2018-12-15 23:35:36,827:INFO:

2018-12-15 23:35:36,827:INFO:The symbols in this password are: ['!']
2018-12-15 23:35:36,827:INFO:The '!' was the 5th character
2018-12-15 23:35:36,827:INFO:

2018-12-15 23:35:36,882:INFO:The length of 'T4st!ng' is 7
2018-12-15 23:35:36,883:INFO:As a list it looks like this ['T', '4', 's', 't', '!', 'n', 'g']
2018-12-15 23:35:36,883:INFO:The letters in this password are: ['T', 's', 't', 'n', 'g']
2018-12-15 23:35:36,883:INFO:The 'T' was the 1st character
2018-12-15 23:35:36,884:INFO:The 's' was the 3rd character
2018-12-15 23:35:36,884:INFO:The 't' was the 4th character
2018-12-15 23:35:36,884:INFO:The 'n' was the 6th character
2018-12-15 23:35:36,884:INFO:The 'g' was the 7th character
2018-12-15 23:35:36,884:INFO:

2018-12-15 23:35:36,885:INFO:The numbers in this password are: ['4']
2018-12-15 23:35:36,885:INFO:The '4' was the 2nd character
2018-12-15 23:35:36,885:INFO:

2018-12-15 23:35:36,885:INFO:The symbols in this password are: ['!']
2018-12-15 23:35:36,885:INFO:The '!' was the 5th character
2018-12-15 23:35:36,885:INFO:

2018-12-15 23:35:36,942:INFO:The length of 'T4st!ng' is 7
2018-12-15 23:35:36,943:INFO:As a list it looks like this ['T', '4', 's', 't', '!', 'n', 'g']
2018-12-15 23:35:36,943:INFO:The letters in this password are: ['T', 's', 't', 'n', 'g']
2018-12-15 23:35:36,943:INFO:The 'T' was the 1st character
2018-12-15 23:35:36,943:INFO:The 's' was the 3rd character
2018-12-15 23:35:36,943:INFO:The 't' was the 4th character
2018-12-15 23:35:36,943:INFO:The 'n' was the 6th character
2018-12-15 23:35:36,944:INFO:The 'g' was the 7th character
2018-12-15 23:35:36,944:INFO:

2018-12-15 23:35:36,944:INFO:The numbers in this password are: ['4']
2018-12-15 23:35:36,944:INFO:The '4' was the 2nd character
2018-12-15 23:35:36,944:INFO:

2018-12-15 23:35:36,944:INFO:The symbols in this password are: ['!']
2018-12-15 23:35:36,944:INFO:The '!' was the 5th character
2018-12-15 23:35:36,944:INFO:

2018-12-15 23:35:37,011:INFO:The length of 'T4st!ng' is 7
2018-12-15 23:35:37,012:INFO:As a list it looks like this ['T', '4', 's', 't', '!', 'n', 'g']
2018-12-15 23:35:37,012:INFO:The letters in this password are: ['T', 's', 't', 'n', 'g']
2018-12-15 23:35:37,012:INFO:The 'T' was the 1st character
2018-12-15 23:35:37,012:INFO:The 's' was the 3rd character
2018-12-15 23:35:37,013:INFO:The 't' was the 4th character
2018-12-15 23:35:37,013:INFO:The 'n' was the 6th character
2018-12-15 23:35:37,013:INFO:The 'g' was the 7th character
2018-12-15 23:35:37,013:INFO:

2018-12-15 23:35:37,013:INFO:The numbers in this password are: ['4']
2018-12-15 23:35:37,013:INFO:The '4' was the 2nd character
2018-12-15 23:35:37,014:INFO:

2018-12-15 23:35:37,014:INFO:The symbols in this password are: ['!']
2018-12-15 23:35:37,014:INFO:The '!' was the 5th character
2018-12-15 23:35:37,014:INFO:

2018-12-15 23:35:37,072:INFO:The length of 'T4st!ng' is 7
2018-12-15 23:35:37,072:INFO:As a list it looks like this ['T', '4', 's', 't', '!', 'n', 'g']
2018-12-15 23:35:37,072:INFO:The letters in this password are: ['T', 's', 't', 'n', 'g']
2018-12-15 23:35:37,072:INFO:The 'T' was the 1st character
2018-12-15 23:35:37,072:INFO:The 's' was the 3rd character
2018-12-15 23:35:37,073:INFO:The 't' was the 4th character
2018-12-15 23:35:37,073:INFO:The 'n' was the 6th character
2018-12-15 23:35:37,073:INFO:The 'g' was the 7th character
2018-12-15 23:35:37,073:INFO:

2018-12-15 23:35:37,073:INFO:The numbers in this password are: ['4']
2018-12-15 23:35:37,073:INFO:The '4' was the 2nd character
2018-12-15 23:35:37,073:INFO:

2018-12-15 23:35:37,074:INFO:The symbols in this password are: ['!']
2018-12-15 23:35:37,074:INFO:The '!' was the 5th character
2018-12-15 23:35:37,074:INFO:

2018-12-15 23:35:37,133:INFO:The length of 'T4st!ng' is 7
2018-12-15 23:35:37,134:INFO:As a list it looks like this ['T', '4', 's', 't', '!', 'n', 'g']
2018-12-15 23:35:37,134:INFO:The letters in this password are: ['T', 's', 't', 'n', 'g']
2018-12-15 23:35:37,134:INFO:The 'T' was the 1st character
2018-12-15 23:35:37,134:INFO:The 's' was the 3rd character
2018-12-15 23:35:37,134:INFO:The 't' was the 4th character
2018-12-15 23:35:37,134:INFO:The 'n' was the 6th character
2018-12-15 23:35:37,135:INFO:The 'g' was the 7th character
2018-12-15 23:35:37,135:INFO:

2018-12-15 23:35:37,135:INFO:The numbers in this password are: ['4']
2018-12-15 23:35:37,135:INFO:The '4' was the 2nd character
2018-12-15 23:35:37,135:INFO:

2018-12-15 23:35:37,135:INFO:The symbols in this password are: ['!']
2018-12-15 23:35:37,135:INFO:The '!' was the 5th character
2018-12-15 23:35:37,135:INFO:

2018-12-15 23:35:37,194:INFO:The length of 'T4st!ng' is 7
2018-12-15 23:35:37,194:INFO:As a list it looks like this ['T', '4', 's', 't', '!', 'n', 'g']
2018-12-15 23:35:37,194:INFO:The letters in this password are: ['T', 's', 't', 'n', 'g']
2018-12-15 23:35:37,195:INFO:The 'T' was the 1st character
2018-12-15 23:35:37,195:INFO:The 's' was the 3rd character
2018-12-15 23:35:37,195:INFO:The 't' was the 4th character
2018-12-15 23:35:37,195:INFO:The 'n' was the 6th character
2018-12-15 23:35:37,195:INFO:The 'g' was the 7th character
2018-12-15 23:35:37,195:INFO:

2018-12-15 23:35:37,196:INFO:The numbers in this password are: ['4']
2018-12-15 23:35:37,196:INFO:The '4' was the 2nd character
2018-12-15 23:35:37,196:INFO:

2018-12-15 23:35:37,196:INFO:The symbols in this password are: ['!']
2018-12-15 23:35:37,196:INFO:The '!' was the 5th character
2018-12-15 23:35:37,197:INFO:

2018-12-15 23:35:37,255:INFO:The length of 'T4st!ng' is 7
2018-12-15 23:35:37,255:INFO:As a list it looks like this ['T', '4', 's', 't', '!', 'n', 'g']
2018-12-15 23:35:37,256:INFO:The letters in this password are: ['T', 's', 't', 'n', 'g']
2018-12-15 23:35:37,256:INFO:The 'T' was the 1st character
2018-12-15 23:35:37,256:INFO:The 's' was the 3rd character
2018-12-15 23:35:37,256:INFO:The 't' was the 4th character
2018-12-15 23:35:37,256:INFO:The 'n' was the 6th character
2018-12-15 23:35:37,256:INFO:The 'g' was the 7th character
2018-12-15 23:35:37,256:INFO:

2018-12-15 23:35:37,256:INFO:The numbers in this password are: ['4']
2018-12-15 23:35:37,257:INFO:The '4' was the 2nd character
2018-12-15 23:35:37,257:INFO:

2018-12-15 23:35:37,257:INFO:The symbols in this password are: ['!']
2018-12-15 23:35:37,257:INFO:The '!' was the 5th character
2018-12-15 23:35:37,257:INFO:

2018-12-15 23:35:37,323:INFO:The length of 'T4st!ng' is 7
2018-12-15 23:35:37,324:INFO:As a list it looks like this ['T', '4', 's', 't', '!', 'n', 'g']
2018-12-15 23:35:37,324:INFO:The letters in this password are: ['T', 's', 't', 'n', 'g']
2018-12-15 23:35:37,324:INFO:The 'T' was the 1st character
2018-12-15 23:35:37,324:INFO:The 's' was the 3rd character
2018-12-15 23:35:37,325:INFO:The 't' was the 4th character
2018-12-15 23:35:37,325:INFO:The 'n' was the 6th character
2018-12-15 23:35:37,325:INFO:The 'g' was the 7th character
2018-12-15 23:35:37,325:INFO:

2018-12-15 23:35:37,325:INFO:The numbers in this password are: ['4']
2018-12-15 23:35:37,325:INFO:The '4' was the 2nd character
2018-12-15 23:35:37,325:INFO:

2018-12-15 23:35:37,326:INFO:The symbols in this password are: ['!']
2018-12-15 23:35:37,326:INFO:The '!' was the 5th character
2018-12-15 23:35:37,326:INFO:

2018-12-15 23:35:37,384:INFO:The length of 'T4st!ng' is 7
2018-12-15 23:35:37,385:INFO:As a list it looks like this ['T', '4', 's', 't', '!', 'n', 'g']
2018-12-15 23:35:37,385:INFO:The letters in this password are: ['T', 's', 't', 'n', 'g']
2018-12-15 23:35:37,386:INFO:The 'T' was the 1st character
2018-12-15 23:35:37,386:INFO:The 's' was the 3rd character
2018-12-15 23:35:37,386:INFO:The 't' was the 4th character
2018-12-15 23:35:37,386:INFO:The 'n' was the 6th character
2018-12-15 23:35:37,386:INFO:The 'g' was the 7th character
2018-12-15 23:35:37,387:INFO:

2018-12-15 23:35:37,387:INFO:The numbers in this password are: ['4']
2018-12-15 23:35:37,387:INFO:The '4' was the 2nd character
2018-12-15 23:35:37,387:INFO:

2018-12-15 23:35:37,387:INFO:The symbols in this password are: ['!']
2018-12-15 23:35:37,387:INFO:The '!' was the 5th character
2018-12-15 23:35:37,388:INFO:

2018-12-15 23:35:37,443:INFO:The length of 'T4st!ng' is 7
2018-12-15 23:35:37,443:INFO:As a list it looks like this ['T', '4', 's', 't', '!', 'n', 'g']
2018-12-15 23:35:37,443:INFO:The letters in this password are: ['T', 's', 't', 'n', 'g']
2018-12-15 23:35:37,443:INFO:The 'T' was the 1st character
2018-12-15 23:35:37,444:INFO:The 's' was the 3rd character
2018-12-15 23:35:37,444:INFO:The 't' was the 4th character
2018-12-15 23:35:37,444:INFO:The 'n' was the 6th character
2018-12-15 23:35:37,444:INFO:The 'g' was the 7th character
2018-12-15 23:35:37,444:INFO:

2018-12-15 23:35:37,444:INFO:The numbers in this password are: ['4']
2018-12-15 23:35:37,444:INFO:The '4' was the 2nd character
2018-12-15 23:35:37,445:INFO:

2018-12-15 23:35:37,445:INFO:The symbols in this password are: ['!']
2018-12-15 23:35:37,445:INFO:The '!' was the 5th character
2018-12-15 23:35:37,445:INFO:

2018-12-15 23:35:37,506:INFO:The length of 'T4st!ng' is 7
2018-12-15 23:35:37,506:INFO:As a list it looks like this ['T', '4', 's', 't', '!', 'n', 'g']
2018-12-15 23:35:37,506:INFO:The letters in this password are: ['T', 's', 't', 'n', 'g']
2018-12-15 23:35:37,507:INFO:The 'T' was the 1st character
2018-12-15 23:35:37,507:INFO:The 's' was the 3rd character
2018-12-15 23:35:37,507:INFO:The 't' was the 4th character
2018-12-15 23:35:37,507:INFO:The 'n' was the 6th character
2018-12-15 23:35:37,507:INFO:The 'g' was the 7th character
2018-12-15 23:35:37,507:INFO:

2018-12-15 23:35:37,507:INFO:The numbers in this password are: ['4']
2018-12-15 23:35:37,507:INFO:The '4' was the 2nd character
2018-12-15 23:35:37,507:INFO:

2018-12-15 23:35:37,508:INFO:The symbols in this password are: ['!']
2018-12-15 23:35:37,508:INFO:The '!' was the 5th character
2018-12-15 23:35:37,508:INFO:

2018-12-15 23:35:37,571:INFO:The length of 'T4st!ng' is 7
2018-12-15 23:35:37,571:INFO:As a list it looks like this ['T', '4', 's', 't', '!', 'n', 'g']
2018-12-15 23:35:37,571:INFO:The letters in this password are: ['T', 's', 't', 'n', 'g']
2018-12-15 23:35:37,572:INFO:The 'T' was the 1st character
2018-12-15 23:35:37,572:INFO:The 's' was the 3rd character
2018-12-15 23:35:37,572:INFO:The 't' was the 4th character
2018-12-15 23:35:37,572:INFO:The 'n' was the 6th character
2018-12-15 23:35:37,572:INFO:The 'g' was the 7th character
2018-12-15 23:35:37,573:INFO:

2018-12-15 23:35:37,573:INFO:The numbers in this password are: ['4']
2018-12-15 23:35:37,573:INFO:The '4' was the 2nd character
2018-12-15 23:35:37,573:INFO:

2018-12-15 23:35:37,573:INFO:The symbols in this password are: ['!']
2018-12-15 23:35:37,573:INFO:The '!' was the 5th character
2018-12-15 23:35:37,573:INFO:

2018-12-15 23:35:37,634:INFO:The length of 'T4st!ng' is 7
2018-12-15 23:35:37,635:INFO:As a list it looks like this ['T', '4', 's', 't', '!', 'n', 'g']
2018-12-15 23:35:37,635:INFO:The letters in this password are: ['T', 's', 't', 'n', 'g']
2018-12-15 23:35:37,636:INFO:The 'T' was the 1st character
2018-12-15 23:35:37,636:INFO:The 's' was the 3rd character
2018-12-15 23:35:37,636:INFO:The 't' was the 4th character
2018-12-15 23:35:37,636:INFO:The 'n' was the 6th character
2018-12-15 23:35:37,637:INFO:The 'g' was the 7th character
2018-12-15 23:35:37,637:INFO:

2018-12-15 23:35:37,637:INFO:The numbers in this password are: ['4']
2018-12-15 23:35:37,637:INFO:The '4' was the 2nd character
2018-12-15 23:35:37,637:INFO:

2018-12-15 23:35:37,637:INFO:The symbols in this password are: ['!']
2018-12-15 23:35:37,638:INFO:The '!' was the 5th character
2018-12-15 23:35:37,638:INFO:

2018-12-15 23:35:37,699:INFO:The length of 'T4st!ng' is 7
2018-12-15 23:35:37,700:INFO:As a list it looks like this ['T', '4', 's', 't', '!', 'n', 'g']
2018-12-15 23:35:37,700:INFO:The letters in this password are: ['T', 's', 't', 'n', 'g']
2018-12-15 23:35:37,700:INFO:The 'T' was the 1st character
2018-12-15 23:35:37,700:INFO:The 's' was the 3rd character
2018-12-15 23:35:37,700:INFO:The 't' was the 4th character
2018-12-15 23:35:37,700:INFO:The 'n' was the 6th character
2018-12-15 23:35:37,701:INFO:The 'g' was the 7th character
2018-12-15 23:35:37,701:INFO:

2018-12-15 23:35:37,701:INFO:The numbers in this password are: ['4']
2018-12-15 23:35:37,701:INFO:The '4' was the 2nd character
2018-12-15 23:35:37,701:INFO:

2018-12-15 23:35:37,701:INFO:The symbols in this password are: ['!']
2018-12-15 23:35:37,701:INFO:The '!' was the 5th character
2018-12-15 23:35:37,702:INFO:

2018-12-15 23:35:37,760:INFO:The length of 'T4st!ng' is 7
2018-12-15 23:35:37,760:INFO:As a list it looks like this ['T', '4', 's', 't', '!', 'n', 'g']
2018-12-15 23:35:37,760:INFO:The letters in this password are: ['T', 's', 't', 'n', 'g']
2018-12-15 23:35:37,761:INFO:The 'T' was the 1st character
2018-12-15 23:35:37,761:INFO:The 's' was the 3rd character
2018-12-15 23:35:37,761:INFO:The 't' was the 4th character
2018-12-15 23:35:37,761:INFO:The 'n' was the 6th character
2018-12-15 23:35:37,761:INFO:The 'g' was the 7th character
2018-12-15 23:35:37,761:INFO:

2018-12-15 23:35:37,761:INFO:The numbers in this password are: ['4']
2018-12-15 23:35:37,762:INFO:The '4' was the 2nd character
2018-12-15 23:35:37,762:INFO:

2018-12-15 23:35:37,762:INFO:The symbols in this password are: ['!']
2018-12-15 23:35:37,762:INFO:The '!' was the 5th character
2018-12-15 23:35:37,762:INFO:

2018-12-15 23:35:37,824:INFO:The length of 'T4st!ng' is 7
2018-12-15 23:35:37,825:INFO:As a list it looks like this ['T', '4', 's', 't', '!', 'n', 'g']
2018-12-15 23:35:37,825:INFO:The letters in this password are: ['T', 's', 't', 'n', 'g']
2018-12-15 23:35:37,825:INFO:The 'T' was the 1st character
2018-12-15 23:35:37,825:INFO:The 's' was the 3rd character
2018-12-15 23:35:37,825:INFO:The 't' was the 4th character
2018-12-15 23:35:37,826:INFO:The 'n' was the 6th character
2018-12-15 23:35:37,826:INFO:The 'g' was the 7th character
2018-12-15 23:35:37,826:INFO:

2018-12-15 23:35:37,826:INFO:The numbers in this password are: ['4']
2018-12-15 23:35:37,826:INFO:The '4' was the 2nd character
2018-12-15 23:35:37,826:INFO:

2018-12-15 23:35:37,826:INFO:The symbols in this password are: ['!']
2018-12-15 23:35:37,827:INFO:The '!' was the 5th character
2018-12-15 23:35:37,827:INFO:

2018-12-15 23:35:37,886:INFO:The length of 'T4st!ng' is 7
2018-12-15 23:35:37,886:INFO:As a list it looks like this ['T', '4', 's', 't', '!', 'n', 'g']
2018-12-15 23:35:37,887:INFO:The letters in this password are: ['T', 's', 't', 'n', 'g']
2018-12-15 23:35:37,887:INFO:The 'T' was the 1st character
2018-12-15 23:35:37,887:INFO:The 's' was the 3rd character
2018-12-15 23:35:37,887:INFO:The 't' was the 4th character
2018-12-15 23:35:37,887:INFO:The 'n' was the 6th character
2018-12-15 23:35:37,887:INFO:The 'g' was the 7th character
2018-12-15 23:35:37,888:INFO:

2018-12-15 23:35:37,888:INFO:The numbers in this password are: ['4']
2018-12-15 23:35:37,888:INFO:The '4' was the 2nd character
2018-12-15 23:35:37,888:INFO:

2018-12-15 23:35:37,888:INFO:The symbols in this password are: ['!']
2018-12-15 23:35:37,888:INFO:The '!' was the 5th character
2018-12-15 23:35:37,888:INFO:

2018-12-15 23:35:37,946:INFO:The length of 'T4st!ng' is 7
2018-12-15 23:35:37,946:INFO:As a list it looks like this ['T', '4', 's', 't', '!', 'n', 'g']
2018-12-15 23:35:37,947:INFO:The letters in this password are: ['T', 's', 't', 'n', 'g']
2018-12-15 23:35:37,947:INFO:The 'T' was the 1st character
2018-12-15 23:35:37,947:INFO:The 's' was the 3rd character
2018-12-15 23:35:37,947:INFO:The 't' was the 4th character
2018-12-15 23:35:37,948:INFO:The 'n' was the 6th character
2018-12-15 23:35:37,948:INFO:The 'g' was the 7th character
2018-12-15 23:35:37,948:INFO:

2018-12-15 23:35:37,948:INFO:The numbers in this password are: ['4']
2018-12-15 23:35:37,949:INFO:The '4' was the 2nd character
2018-12-15 23:35:37,949:INFO:

2018-12-15 23:35:37,949:INFO:The symbols in this password are: ['!']
2018-12-15 23:35:37,949:INFO:The '!' was the 5th character
2018-12-15 23:35:37,949:INFO:

2018-12-15 23:35:38,015:INFO:The length of 'T4st!ng' is 7
2018-12-15 23:35:38,016:INFO:As a list it looks like this ['T', '4', 's', 't', '!', 'n', 'g']
2018-12-15 23:35:38,017:INFO:The letters in this password are: ['T', 's', 't', 'n', 'g']
2018-12-15 23:35:38,017:INFO:The 'T' was the 1st character
2018-12-15 23:35:38,017:INFO:The 's' was the 3rd character
2018-12-15 23:35:38,017:INFO:The 't' was the 4th character
2018-12-15 23:35:38,018:INFO:The 'n' was the 6th character
2018-12-15 23:35:38,018:INFO:The 'g' was the 7th character
2018-12-15 23:35:38,018:INFO:

2018-12-15 23:35:38,018:INFO:The numbers in this password are: ['4']
2018-12-15 23:35:38,019:INFO:The '4' was the 2nd character
2018-12-15 23:35:38,019:INFO:

2018-12-15 23:35:38,019:INFO:The symbols in this password are: ['!']
2018-12-15 23:35:38,019:INFO:The '!' was the 5th character
2018-12-15 23:35:38,019:INFO:

2018-12-15 23:35:38,074:INFO:The length of 'T4st!ng' is 7
2018-12-15 23:35:38,075:INFO:As a list it looks like this ['T', '4', 's', 't', '!', 'n', 'g']
2018-12-15 23:35:38,075:INFO:The letters in this password are: ['T', 's', 't', 'n', 'g']
2018-12-15 23:35:38,075:INFO:The 'T' was the 1st character
2018-12-15 23:35:38,075:INFO:The 's' was the 3rd character
2018-12-15 23:35:38,075:INFO:The 't' was the 4th character
2018-12-15 23:35:38,075:INFO:The 'n' was the 6th character
2018-12-15 23:35:38,076:INFO:The 'g' was the 7th character
2018-12-15 23:35:38,076:INFO:

2018-12-15 23:35:38,076:INFO:The numbers in this password are: ['4']
2018-12-15 23:35:38,076:INFO:The '4' was the 2nd character
2018-12-15 23:35:38,076:INFO:

2018-12-15 23:35:38,077:INFO:The symbols in this password are: ['!']
2018-12-15 23:35:38,077:INFO:The '!' was the 5th character
2018-12-15 23:35:38,077:INFO:

2018-12-15 23:35:38,140:INFO:The length of 'T4st!ng' is 7
2018-12-15 23:35:38,141:INFO:As a list it looks like this ['T', '4', 's', 't', '!', 'n', 'g']
2018-12-15 23:35:38,141:INFO:The letters in this password are: ['T', 's', 't', 'n', 'g']
2018-12-15 23:35:38,141:INFO:The 'T' was the 1st character
2018-12-15 23:35:38,141:INFO:The 's' was the 3rd character
2018-12-15 23:35:38,142:INFO:The 't' was the 4th character
2018-12-15 23:35:38,142:INFO:The 'n' was the 6th character
2018-12-15 23:35:38,142:INFO:The 'g' was the 7th character
2018-12-15 23:35:38,142:INFO:

2018-12-15 23:35:38,142:INFO:The numbers in this password are: ['4']
2018-12-15 23:35:38,142:INFO:The '4' was the 2nd character
2018-12-15 23:35:38,143:INFO:

2018-12-15 23:35:38,143:INFO:The symbols in this password are: ['!']
2018-12-15 23:35:38,143:INFO:The '!' was the 5th character
2018-12-15 23:35:38,143:INFO:

2018-12-15 23:35:38,204:INFO:The length of 'T4st!ng' is 7
2018-12-15 23:35:38,205:INFO:As a list it looks like this ['T', '4', 's', 't', '!', 'n', 'g']
2018-12-15 23:35:38,205:INFO:The letters in this password are: ['T', 's', 't', 'n', 'g']
2018-12-15 23:35:38,206:INFO:The 'T' was the 1st character
2018-12-15 23:35:38,206:INFO:The 's' was the 3rd character
2018-12-15 23:35:38,206:INFO:The 't' was the 4th character
2018-12-15 23:35:38,206:INFO:The 'n' was the 6th character
2018-12-15 23:35:38,206:INFO:The 'g' was the 7th character
2018-12-15 23:35:38,207:INFO:

2018-12-15 23:35:38,207:INFO:The numbers in this password are: ['4']
2018-12-15 23:35:38,207:INFO:The '4' was the 2nd character
2018-12-15 23:35:38,207:INFO:

2018-12-15 23:35:38,207:INFO:The symbols in this password are: ['!']
2018-12-15 23:35:38,207:INFO:The '!' was the 5th character
2018-12-15 23:35:38,207:INFO:

2018-12-15 23:35:38,267:INFO:The length of 'T4st!ng' is 7
2018-12-15 23:35:38,268:INFO:As a list it looks like this ['T', '4', 's', 't', '!', 'n', 'g']
2018-12-15 23:35:38,268:INFO:The letters in this password are: ['T', 's', 't', 'n', 'g']
2018-12-15 23:35:38,268:INFO:The 'T' was the 1st character
2018-12-15 23:35:38,268:INFO:The 's' was the 3rd character
2018-12-15 23:35:38,268:INFO:The 't' was the 4th character
2018-12-15 23:35:38,269:INFO:The 'n' was the 6th character
2018-12-15 23:35:38,269:INFO:The 'g' was the 7th character
2018-12-15 23:35:38,269:INFO:

2018-12-15 23:35:38,269:INFO:The numbers in this password are: ['4']
2018-12-15 23:35:38,269:INFO:The '4' was the 2nd character
2018-12-15 23:35:38,269:INFO:

2018-12-15 23:35:38,269:INFO:The symbols in this password are: ['!']
2018-12-15 23:35:38,270:INFO:The '!' was the 5th character
2018-12-15 23:35:38,270:INFO:

2018-12-15 23:35:38,330:INFO:The length of 'T4st!ng' is 7
2018-12-15 23:35:38,331:INFO:As a list it looks like this ['T', '4', 's', 't', '!', 'n', 'g']
2018-12-15 23:35:38,331:INFO:The letters in this password are: ['T', 's', 't', 'n', 'g']
2018-12-15 23:35:38,331:INFO:The 'T' was the 1st character
2018-12-15 23:35:38,331:INFO:The 's' was the 3rd character
2018-12-15 23:35:38,331:INFO:The 't' was the 4th character
2018-12-15 23:35:38,332:INFO:The 'n' was the 6th character
2018-12-15 23:35:38,332:INFO:The 'g' was the 7th character
2018-12-15 23:35:38,332:INFO:

2018-12-15 23:35:38,332:INFO:The numbers in this password are: ['4']
2018-12-15 23:35:38,332:INFO:The '4' was the 2nd character
2018-12-15 23:35:38,332:INFO:

2018-12-15 23:35:38,333:INFO:The symbols in this password are: ['!']
2018-12-15 23:35:38,333:INFO:The '!' was the 5th character
2018-12-15 23:35:38,333:INFO:

2018-12-15 23:35:38,400:INFO:The length of 'T4st!ng' is 7
2018-12-15 23:35:38,401:INFO:As a list it looks like this ['T', '4', 's', 't', '!', 'n', 'g']
2018-12-15 23:35:38,401:INFO:The letters in this password are: ['T', 's', 't', 'n', 'g']
2018-12-15 23:35:38,401:INFO:The 'T' was the 1st character
2018-12-15 23:35:38,402:INFO:The 's' was the 3rd character
2018-12-15 23:35:38,402:INFO:The 't' was the 4th character
2018-12-15 23:35:38,402:INFO:The 'n' was the 6th character
2018-12-15 23:35:38,402:INFO:The 'g' was the 7th character
2018-12-15 23:35:38,402:INFO:

2018-12-15 23:35:38,403:INFO:The numbers in this password are: ['4']
2018-12-15 23:35:38,403:INFO:The '4' was the 2nd character
2018-12-15 23:35:38,403:INFO:

2018-12-15 23:35:38,403:INFO:The symbols in this password are: ['!']
2018-12-15 23:35:38,403:INFO:The '!' was the 5th character
2018-12-15 23:35:38,404:INFO:

2018-12-15 23:35:38,465:INFO:The length of 'T4st!ng' is 7
2018-12-15 23:35:38,466:INFO:As a list it looks like this ['T', '4', 's', 't', '!', 'n', 'g']
2018-12-15 23:35:38,466:INFO:The letters in this password are: ['T', 's', 't', 'n', 'g']
2018-12-15 23:35:38,466:INFO:The 'T' was the 1st character
2018-12-15 23:35:38,467:INFO:The 's' was the 3rd character
2018-12-15 23:35:38,467:INFO:The 't' was the 4th character
2018-12-15 23:35:38,467:INFO:The 'n' was the 6th character
2018-12-15 23:35:38,467:INFO:The 'g' was the 7th character
2018-12-15 23:35:38,467:INFO:

2018-12-15 23:35:38,467:INFO:The numbers in this password are: ['4']
2018-12-15 23:35:38,468:INFO:The '4' was the 2nd character
2018-12-15 23:35:38,468:INFO:

2018-12-15 23:35:38,468:INFO:The symbols in this password are: ['!']
2018-12-15 23:35:38,468:INFO:The '!' was the 5th character
2018-12-15 23:35:38,468:INFO:

2018-12-15 23:35:38,537:INFO:The length of 'T4st!ng' is 7
2018-12-15 23:35:38,538:INFO:As a list it looks like this ['T', '4', 's', 't', '!', 'n', 'g']
2018-12-15 23:35:38,538:INFO:The letters in this password are: ['T', 's', 't', 'n', 'g']
2018-12-15 23:35:38,538:INFO:The 'T' was the 1st character
2018-12-15 23:35:38,538:INFO:The 's' was the 3rd character
2018-12-15 23:35:38,539:INFO:The 't' was the 4th character
2018-12-15 23:35:38,539:INFO:The 'n' was the 6th character
2018-12-15 23:35:38,539:INFO:The 'g' was the 7th character
2018-12-15 23:35:38,539:INFO:

2018-12-15 23:35:38,539:INFO:The numbers in this password are: ['4']
2018-12-15 23:35:38,539:INFO:The '4' was the 2nd character
2018-12-15 23:35:38,540:INFO:

2018-12-15 23:35:38,540:INFO:The symbols in this password are: ['!']
2018-12-15 23:35:38,540:INFO:The '!' was the 5th character
2018-12-15 23:35:38,540:INFO:

2018-12-15 23:35:38,610:INFO:The length of 'T4st!ng' is 7
2018-12-15 23:35:38,611:INFO:As a list it looks like this ['T', '4', 's', 't', '!', 'n', 'g']
2018-12-15 23:35:38,611:INFO:The letters in this password are: ['T', 's', 't', 'n', 'g']
2018-12-15 23:35:38,612:INFO:The 'T' was the 1st character
2018-12-15 23:35:38,612:INFO:The 's' was the 3rd character
2018-12-15 23:35:38,612:INFO:The 't' was the 4th character
2018-12-15 23:35:38,612:INFO:The 'n' was the 6th character
2018-12-15 23:35:38,612:INFO:The 'g' was the 7th character
2018-12-15 23:35:38,612:INFO:

2018-12-15 23:35:38,612:INFO:The numbers in this password are: ['4']
2018-12-15 23:35:38,612:INFO:The '4' was the 2nd character
2018-12-15 23:35:38,613:INFO:

2018-12-15 23:35:38,613:INFO:The symbols in this password are: ['!']
2018-12-15 23:35:38,613:INFO:The '!' was the 5th character
2018-12-15 23:35:38,613:INFO:

2018-12-15 23:35:38,674:INFO:The length of 'T4st!ng' is 7
2018-12-15 23:35:38,675:INFO:As a list it looks like this ['T', '4', 's', 't', '!', 'n', 'g']
2018-12-15 23:35:38,675:INFO:The letters in this password are: ['T', 's', 't', 'n', 'g']
2018-12-15 23:35:38,675:INFO:The 'T' was the 1st character
2018-12-15 23:35:38,675:INFO:The 's' was the 3rd character
2018-12-15 23:35:38,675:INFO:The 't' was the 4th character
2018-12-15 23:35:38,675:INFO:The 'n' was the 6th character
2018-12-15 23:35:38,676:INFO:The 'g' was the 7th character
2018-12-15 23:35:38,676:INFO:

2018-12-15 23:35:38,676:INFO:The numbers in this password are: ['4']
2018-12-15 23:35:38,676:INFO:The '4' was the 2nd character
2018-12-15 23:35:38,677:INFO:

2018-12-15 23:35:38,677:INFO:The symbols in this password are: ['!']
2018-12-15 23:35:38,677:INFO:The '!' was the 5th character
2018-12-15 23:35:38,677:INFO:

2018-12-15 23:35:38,734:INFO:The length of 'T4st!ng' is 7
2018-12-15 23:35:38,735:INFO:As a list it looks like this ['T', '4', 's', 't', '!', 'n', 'g']
2018-12-15 23:35:38,735:INFO:The letters in this password are: ['T', 's', 't', 'n', 'g']
2018-12-15 23:35:38,735:INFO:The 'T' was the 1st character
2018-12-15 23:35:38,735:INFO:The 's' was the 3rd character
2018-12-15 23:35:38,735:INFO:The 't' was the 4th character
2018-12-15 23:35:38,735:INFO:The 'n' was the 6th character
2018-12-15 23:35:38,736:INFO:The 'g' was the 7th character
2018-12-15 23:35:38,736:INFO:

2018-12-15 23:35:38,736:INFO:The numbers in this password are: ['4']
2018-12-15 23:35:38,736:INFO:The '4' was the 2nd character
2018-12-15 23:35:38,736:INFO:

2018-12-15 23:35:38,736:INFO:The symbols in this password are: ['!']
2018-12-15 23:35:38,736:INFO:The '!' was the 5th character
2018-12-15 23:35:38,737:INFO:

2018-12-15 23:35:38,807:INFO:The length of 'T4st!ng' is 7
2018-12-15 23:35:38,808:INFO:As a list it looks like this ['T', '4', 's', 't', '!', 'n', 'g']
2018-12-15 23:35:38,808:INFO:The letters in this password are: ['T', 's', 't', 'n', 'g']
2018-12-15 23:35:38,808:INFO:The 'T' was the 1st character
2018-12-15 23:35:38,809:INFO:The 's' was the 3rd character
2018-12-15 23:35:38,809:INFO:The 't' was the 4th character
2018-12-15 23:35:38,809:INFO:The 'n' was the 6th character
2018-12-15 23:35:38,809:INFO:The 'g' was the 7th character
2018-12-15 23:35:38,809:INFO:

2018-12-15 23:35:38,809:INFO:The numbers in this password are: ['4']
2018-12-15 23:35:38,809:INFO:The '4' was the 2nd character
2018-12-15 23:35:38,810:INFO:

2018-12-15 23:35:38,810:INFO:The symbols in this password are: ['!']
2018-12-15 23:35:38,810:INFO:The '!' was the 5th character
2018-12-15 23:35:38,810:INFO:

2018-12-15 23:35:38,870:INFO:The length of 'T4st!ng' is 7
2018-12-15 23:35:38,870:INFO:As a list it looks like this ['T', '4', 's', 't', '!', 'n', 'g']
2018-12-15 23:35:38,871:INFO:The letters in this password are: ['T', 's', 't', 'n', 'g']
2018-12-15 23:35:38,871:INFO:The 'T' was the 1st character
2018-12-15 23:35:38,871:INFO:The 's' was the 3rd character
2018-12-15 23:35:38,871:INFO:The 't' was the 4th character
2018-12-15 23:35:38,871:INFO:The 'n' was the 6th character
2018-12-15 23:35:38,871:INFO:The 'g' was the 7th character
2018-12-15 23:35:38,872:INFO:

2018-12-15 23:35:38,872:INFO:The numbers in this password are: ['4']
2018-12-15 23:35:38,872:INFO:The '4' was the 2nd character
2018-12-15 23:35:38,872:INFO:

2018-12-15 23:35:38,872:INFO:The symbols in this password are: ['!']
2018-12-15 23:35:38,872:INFO:The '!' was the 5th character
2018-12-15 23:35:38,873:INFO:

2018-12-15 23:35:38,930:INFO:The length of 'T4st!ng' is 7
2018-12-15 23:35:38,931:INFO:As a list it looks like this ['T', '4', 's', 't', '!', 'n', 'g']
2018-12-15 23:35:38,931:INFO:The letters in this password are: ['T', 's', 't', 'n', 'g']
2018-12-15 23:35:38,931:INFO:The 'T' was the 1st character
2018-12-15 23:35:38,931:INFO:The 's' was the 3rd character
2018-12-15 23:35:38,931:INFO:The 't' was the 4th character
2018-12-15 23:35:38,931:INFO:The 'n' was the 6th character
2018-12-15 23:35:38,931:INFO:The 'g' was the 7th character
2018-12-15 23:35:38,932:INFO:

2018-12-15 23:35:38,932:INFO:The numbers in this password are: ['4']
2018-12-15 23:35:38,932:INFO:The '4' was the 2nd character
2018-12-15 23:35:38,932:INFO:

2018-12-15 23:35:38,932:INFO:The symbols in this password are: ['!']
2018-12-15 23:35:38,932:INFO:The '!' was the 5th character
2018-12-15 23:35:38,932:INFO:

2018-12-15 23:35:38,993:INFO:The length of 'T4st!ng' is 7
2018-12-15 23:35:38,993:INFO:As a list it looks like this ['T', '4', 's', 't', '!', 'n', 'g']
2018-12-15 23:35:38,993:INFO:The letters in this password are: ['T', 's', 't', 'n', 'g']
2018-12-15 23:35:38,994:INFO:The 'T' was the 1st character
2018-12-15 23:35:38,994:INFO:The 's' was the 3rd character
2018-12-15 23:35:38,994:INFO:The 't' was the 4th character
2018-12-15 23:35:38,994:INFO:The 'n' was the 6th character
2018-12-15 23:35:38,994:INFO:The 'g' was the 7th character
2018-12-15 23:35:38,994:INFO:

2018-12-15 23:35:38,994:INFO:The numbers in this password are: ['4']
2018-12-15 23:35:38,995:INFO:The '4' was the 2nd character
2018-12-15 23:35:38,995:INFO:

2018-12-15 23:35:38,995:INFO:The symbols in this password are: ['!']
2018-12-15 23:35:38,995:INFO:The '!' was the 5th character
2018-12-15 23:35:38,995:INFO:

2018-12-15 23:35:39,059:INFO:The length of 'T4st!ng' is 7
2018-12-15 23:35:39,059:INFO:As a list it looks like this ['T', '4', 's', 't', '!', 'n', 'g']
2018-12-15 23:35:39,059:INFO:The letters in this password are: ['T', 's', 't', 'n', 'g']
2018-12-15 23:35:39,059:INFO:The 'T' was the 1st character
2018-12-15 23:35:39,059:INFO:The 's' was the 3rd character
2018-12-15 23:35:39,060:INFO:The 't' was the 4th character
2018-12-15 23:35:39,060:INFO:The 'n' was the 6th character
2018-12-15 23:35:39,060:INFO:The 'g' was the 7th character
2018-12-15 23:35:39,060:INFO:

2018-12-15 23:35:39,060:INFO:The numbers in this password are: ['4']
2018-12-15 23:35:39,060:INFO:The '4' was the 2nd character
2018-12-15 23:35:39,060:INFO:

2018-12-15 23:35:39,061:INFO:The symbols in this password are: ['!']
2018-12-15 23:35:39,061:INFO:The '!' was the 5th character
2018-12-15 23:35:39,061:INFO:

2018-12-15 23:35:39,119:INFO:The length of 'T4st!ng' is 7
2018-12-15 23:35:39,119:INFO:As a list it looks like this ['T', '4', 's', 't', '!', 'n', 'g']
2018-12-15 23:35:39,120:INFO:The letters in this password are: ['T', 's', 't', 'n', 'g']
2018-12-15 23:35:39,120:INFO:The 'T' was the 1st character
2018-12-15 23:35:39,120:INFO:The 's' was the 3rd character
2018-12-15 23:35:39,120:INFO:The 't' was the 4th character
2018-12-15 23:35:39,120:INFO:The 'n' was the 6th character
2018-12-15 23:35:39,120:INFO:The 'g' was the 7th character
2018-12-15 23:35:39,121:INFO:

2018-12-15 23:35:39,121:INFO:The numbers in this password are: ['4']
2018-12-15 23:35:39,121:INFO:The '4' was the 2nd character
2018-12-15 23:35:39,121:INFO:

2018-12-15 23:35:39,121:INFO:The symbols in this password are: ['!']
2018-12-15 23:35:39,121:INFO:The '!' was the 5th character
2018-12-15 23:35:39,121:INFO:

2018-12-15 23:35:39,180:INFO:The length of 'T4st!ng' is 7
2018-12-15 23:35:39,181:INFO:As a list it looks like this ['T', '4', 's', 't', '!', 'n', 'g']
2018-12-15 23:35:39,182:INFO:The letters in this password are: ['T', 's', 't', 'n', 'g']
2018-12-15 23:35:39,182:INFO:The 'T' was the 1st character
2018-12-15 23:35:39,182:INFO:The 's' was the 3rd character
2018-12-15 23:35:39,183:INFO:The 't' was the 4th character
2018-12-15 23:35:39,183:INFO:The 'n' was the 6th character
2018-12-15 23:35:39,183:INFO:The 'g' was the 7th character
2018-12-15 23:35:39,183:INFO:

2018-12-15 23:35:39,183:INFO:The numbers in this password are: ['4']
2018-12-15 23:35:39,183:INFO:The '4' was the 2nd character
2018-12-15 23:35:39,183:INFO:

2018-12-15 23:35:39,183:INFO:The symbols in this password are: ['!']
2018-12-15 23:35:39,184:INFO:The '!' was the 5th character
2018-12-15 23:35:39,184:INFO:

2018-12-15 23:35:39,241:INFO:The length of 'T4st!ng' is 7
2018-12-15 23:35:39,241:INFO:As a list it looks like this ['T', '4', 's', 't', '!', 'n', 'g']
2018-12-15 23:35:39,241:INFO:The letters in this password are: ['T', 's', 't', 'n', 'g']
2018-12-15 23:35:39,242:INFO:The 'T' was the 1st character
2018-12-15 23:35:39,242:INFO:The 's' was the 3rd character
2018-12-15 23:35:39,242:INFO:The 't' was the 4th character
2018-12-15 23:35:39,242:INFO:The 'n' was the 6th character
2018-12-15 23:35:39,242:INFO:The 'g' was the 7th character
2018-12-15 23:35:39,243:INFO:

2018-12-15 23:35:39,243:INFO:The numbers in this password are: ['4']
2018-12-15 23:35:39,243:INFO:The '4' was the 2nd character
2018-12-15 23:35:39,243:INFO:

2018-12-15 23:35:39,243:INFO:The symbols in this password are: ['!']
2018-12-15 23:35:39,243:INFO:The '!' was the 5th character
2018-12-15 23:35:39,243:INFO:

2018-12-15 23:35:39,301:INFO:The length of 'T4st!ng' is 7
2018-12-15 23:35:39,301:INFO:As a list it looks like this ['T', '4', 's', 't', '!', 'n', 'g']
2018-12-15 23:35:39,302:INFO:The letters in this password are: ['T', 's', 't', 'n', 'g']
2018-12-15 23:35:39,302:INFO:The 'T' was the 1st character
2018-12-15 23:35:39,302:INFO:The 's' was the 3rd character
2018-12-15 23:35:39,302:INFO:The 't' was the 4th character
2018-12-15 23:35:39,302:INFO:The 'n' was the 6th character
2018-12-15 23:35:39,302:INFO:The 'g' was the 7th character
2018-12-15 23:35:39,302:INFO:

2018-12-15 23:35:39,303:INFO:The numbers in this password are: ['4']
2018-12-15 23:35:39,303:INFO:The '4' was the 2nd character
2018-12-15 23:35:39,303:INFO:

2018-12-15 23:35:39,303:INFO:The symbols in this password are: ['!']
2018-12-15 23:35:39,303:INFO:The '!' was the 5th character
2018-12-15 23:35:39,303:INFO:

2018-12-15 23:35:39,362:INFO:The length of 'T4st!ng' is 7
2018-12-15 23:35:39,362:INFO:As a list it looks like this ['T', '4', 's', 't', '!', 'n', 'g']
2018-12-15 23:35:39,362:INFO:The letters in this password are: ['T', 's', 't', 'n', 'g']
2018-12-15 23:35:39,363:INFO:The 'T' was the 1st character
2018-12-15 23:35:39,363:INFO:The 's' was the 3rd character
2018-12-15 23:35:39,363:INFO:The 't' was the 4th character
2018-12-15 23:35:39,363:INFO:The 'n' was the 6th character
2018-12-15 23:35:39,363:INFO:The 'g' was the 7th character
2018-12-15 23:35:39,363:INFO:

2018-12-15 23:35:39,363:INFO:The numbers in this password are: ['4']
2018-12-15 23:35:39,363:INFO:The '4' was the 2nd character
2018-12-15 23:35:39,364:INFO:

2018-12-15 23:35:39,364:INFO:The symbols in this password are: ['!']
2018-12-15 23:35:39,364:INFO:The '!' was the 5th character
2018-12-15 23:35:39,364:INFO:

2018-12-15 23:35:39,426:INFO:The length of 'T4st!ng' is 7
2018-12-15 23:35:39,426:INFO:As a list it looks like this ['T', '4', 's', 't', '!', 'n', 'g']
2018-12-15 23:35:39,426:INFO:The letters in this password are: ['T', 's', 't', 'n', 'g']
2018-12-15 23:35:39,426:INFO:The 'T' was the 1st character
2018-12-15 23:35:39,427:INFO:The 's' was the 3rd character
2018-12-15 23:35:39,427:INFO:The 't' was the 4th character
2018-12-15 23:35:39,427:INFO:The 'n' was the 6th character
2018-12-15 23:35:39,427:INFO:The 'g' was the 7th character
2018-12-15 23:35:39,427:INFO:

2018-12-15 23:35:39,427:INFO:The numbers in this password are: ['4']
2018-12-15 23:35:39,427:INFO:The '4' was the 2nd character
2018-12-15 23:35:39,428:INFO:

2018-12-15 23:35:39,428:INFO:The symbols in this password are: ['!']
2018-12-15 23:35:39,428:INFO:The '!' was the 5th character
2018-12-15 23:35:39,428:INFO:

2018-12-15 23:35:39,487:INFO:The length of 'T4st!ng' is 7
2018-12-15 23:35:39,488:INFO:As a list it looks like this ['T', '4', 's', 't', '!', 'n', 'g']
2018-12-15 23:35:39,488:INFO:The letters in this password are: ['T', 's', 't', 'n', 'g']
2018-12-15 23:35:39,488:INFO:The 'T' was the 1st character
2018-12-15 23:35:39,488:INFO:The 's' was the 3rd character
2018-12-15 23:35:39,488:INFO:The 't' was the 4th character
2018-12-15 23:35:39,488:INFO:The 'n' was the 6th character
2018-12-15 23:35:39,489:INFO:The 'g' was the 7th character
2018-12-15 23:35:39,489:INFO:

2018-12-15 23:35:39,489:INFO:The numbers in this password are: ['4']
2018-12-15 23:35:39,489:INFO:The '4' was the 2nd character
2018-12-15 23:35:39,489:INFO:

2018-12-15 23:35:39,489:INFO:The symbols in this password are: ['!']
2018-12-15 23:35:39,489:INFO:The '!' was the 5th character
2018-12-15 23:35:39,489:INFO:

2018-12-15 23:35:39,548:INFO:The length of 'T4st!ng' is 7
2018-12-15 23:35:39,548:INFO:As a list it looks like this ['T', '4', 's', 't', '!', 'n', 'g']
2018-12-15 23:35:39,549:INFO:The letters in this password are: ['T', 's', 't', 'n', 'g']
2018-12-15 23:35:39,549:INFO:The 'T' was the 1st character
2018-12-15 23:35:39,549:INFO:The 's' was the 3rd character
2018-12-15 23:35:39,549:INFO:The 't' was the 4th character
2018-12-15 23:35:39,549:INFO:The 'n' was the 6th character
2018-12-15 23:35:39,549:INFO:The 'g' was the 7th character
2018-12-15 23:35:39,549:INFO:

2018-12-15 23:35:39,550:INFO:The numbers in this password are: ['4']
2018-12-15 23:35:39,550:INFO:The '4' was the 2nd character
2018-12-15 23:35:39,550:INFO:

2018-12-15 23:35:39,550:INFO:The symbols in this password are: ['!']
2018-12-15 23:35:39,550:INFO:The '!' was the 5th character
2018-12-15 23:35:39,551:INFO:

2018-12-15 23:35:39,615:INFO:The length of 'T4st!ng' is 7
2018-12-15 23:35:39,616:INFO:As a list it looks like this ['T', '4', 's', 't', '!', 'n', 'g']
2018-12-15 23:35:39,616:INFO:The letters in this password are: ['T', 's', 't', 'n', 'g']
2018-12-15 23:35:39,617:INFO:The 'T' was the 1st character
2018-12-15 23:35:39,617:INFO:The 's' was the 3rd character
2018-12-15 23:35:39,617:INFO:The 't' was the 4th character
2018-12-15 23:35:39,617:INFO:The 'n' was the 6th character
2018-12-15 23:35:39,617:INFO:The 'g' was the 7th character
2018-12-15 23:35:39,617:INFO:

2018-12-15 23:35:39,618:INFO:The numbers in this password are: ['4']
2018-12-15 23:35:39,618:INFO:The '4' was the 2nd character
2018-12-15 23:35:39,618:INFO:

2018-12-15 23:35:39,618:INFO:The symbols in this password are: ['!']
2018-12-15 23:35:39,618:INFO:The '!' was the 5th character
2018-12-15 23:35:39,618:INFO:

2018-12-15 23:35:39,681:INFO:The length of 'T4st!ng' is 7
2018-12-15 23:35:39,682:INFO:As a list it looks like this ['T', '4', 's', 't', '!', 'n', 'g']
2018-12-15 23:35:39,682:INFO:The letters in this password are: ['T', 's', 't', 'n', 'g']
2018-12-15 23:35:39,682:INFO:The 'T' was the 1st character
2018-12-15 23:35:39,682:INFO:The 's' was the 3rd character
2018-12-15 23:35:39,682:INFO:The 't' was the 4th character
2018-12-15 23:35:39,683:INFO:The 'n' was the 6th character
2018-12-15 23:35:39,683:INFO:The 'g' was the 7th character
2018-12-15 23:35:39,683:INFO:

2018-12-15 23:35:39,683:INFO:The numbers in this password are: ['4']
2018-12-15 23:35:39,683:INFO:The '4' was the 2nd character
2018-12-15 23:35:39,683:INFO:

2018-12-15 23:35:39,683:INFO:The symbols in this password are: ['!']
2018-12-15 23:35:39,684:INFO:The '!' was the 5th character
2018-12-15 23:35:39,684:INFO:

2018-12-15 23:35:39,745:INFO:The length of 'T4st!ng' is 7
2018-12-15 23:35:39,745:INFO:As a list it looks like this ['T', '4', 's', 't', '!', 'n', 'g']
2018-12-15 23:35:39,745:INFO:The letters in this password are: ['T', 's', 't', 'n', 'g']
2018-12-15 23:35:39,746:INFO:The 'T' was the 1st character
2018-12-15 23:35:39,746:INFO:The 's' was the 3rd character
2018-12-15 23:35:39,746:INFO:The 't' was the 4th character
2018-12-15 23:35:39,746:INFO:The 'n' was the 6th character
2018-12-15 23:35:39,747:INFO:The 'g' was the 7th character
2018-12-15 23:35:39,747:INFO:

2018-12-15 23:35:39,747:INFO:The numbers in this password are: ['4']
2018-12-15 23:35:39,747:INFO:The '4' was the 2nd character
2018-12-15 23:35:39,747:INFO:

2018-12-15 23:35:39,748:INFO:The symbols in this password are: ['!']
2018-12-15 23:35:39,748:INFO:The '!' was the 5th character
2018-12-15 23:35:39,748:INFO:

2018-12-15 23:35:39,809:INFO:The length of 'T4st!ng' is 7
2018-12-15 23:35:39,810:INFO:As a list it looks like this ['T', '4', 's', 't', '!', 'n', 'g']
2018-12-15 23:35:39,810:INFO:The letters in this password are: ['T', 's', 't', 'n', 'g']
2018-12-15 23:35:39,810:INFO:The 'T' was the 1st character
2018-12-15 23:35:39,811:INFO:The 's' was the 3rd character
2018-12-15 23:35:39,811:INFO:The 't' was the 4th character
2018-12-15 23:35:39,811:INFO:The 'n' was the 6th character
2018-12-15 23:35:39,811:INFO:The 'g' was the 7th character
2018-12-15 23:35:39,811:INFO:

2018-12-15 23:35:39,811:INFO:The numbers in this password are: ['4']
2018-12-15 23:35:39,811:INFO:The '4' was the 2nd character
2018-12-15 23:35:39,812:INFO:

2018-12-15 23:35:39,812:INFO:The symbols in this password are: ['!']
2018-12-15 23:35:39,812:INFO:The '!' was the 5th character
2018-12-15 23:35:39,812:INFO:

2018-12-15 23:35:39,871:INFO:The length of 'T4st!ng' is 7
2018-12-15 23:35:39,871:INFO:As a list it looks like this ['T', '4', 's', 't', '!', 'n', 'g']
2018-12-15 23:35:39,871:INFO:The letters in this password are: ['T', 's', 't', 'n', 'g']
2018-12-15 23:35:39,872:INFO:The 'T' was the 1st character
2018-12-15 23:35:39,872:INFO:The 's' was the 3rd character
2018-12-15 23:35:39,872:INFO:The 't' was the 4th character
2018-12-15 23:35:39,872:INFO:The 'n' was the 6th character
2018-12-15 23:35:39,872:INFO:The 'g' was the 7th character
2018-12-15 23:35:39,873:INFO:

2018-12-15 23:35:39,873:INFO:The numbers in this password are: ['4']
2018-12-15 23:35:39,873:INFO:The '4' was the 2nd character
2018-12-15 23:35:39,873:INFO:

2018-12-15 23:35:39,873:INFO:The symbols in this password are: ['!']
2018-12-15 23:35:39,873:INFO:The '!' was the 5th character
2018-12-15 23:35:39,874:INFO:

2018-12-15 23:35:39,932:INFO:The length of 'T4st!ng' is 7
2018-12-15 23:35:39,933:INFO:As a list it looks like this ['T', '4', 's', 't', '!', 'n', 'g']
2018-12-15 23:35:39,933:INFO:The letters in this password are: ['T', 's', 't', 'n', 'g']
2018-12-15 23:35:39,933:INFO:The 'T' was the 1st character
2018-12-15 23:35:39,933:INFO:The 's' was the 3rd character
2018-12-15 23:35:39,933:INFO:The 't' was the 4th character
2018-12-15 23:35:39,933:INFO:The 'n' was the 6th character
2018-12-15 23:35:39,933:INFO:The 'g' was the 7th character
2018-12-15 23:35:39,934:INFO:

2018-12-15 23:35:39,934:INFO:The numbers in this password are: ['4']
2018-12-15 23:35:39,934:INFO:The '4' was the 2nd character
2018-12-15 23:35:39,934:INFO:

2018-12-15 23:35:39,934:INFO:The symbols in this password are: ['!']
2018-12-15 23:35:39,934:INFO:The '!' was the 5th character
2018-12-15 23:35:39,934:INFO:

2018-12-15 23:35:39,995:INFO:The length of 'T4st!ng' is 7
2018-12-15 23:35:39,995:INFO:As a list it looks like this ['T', '4', 's', 't', '!', 'n', 'g']
2018-12-15 23:35:39,995:INFO:The letters in this password are: ['T', 's', 't', 'n', 'g']
2018-12-15 23:35:39,995:INFO:The 'T' was the 1st character
2018-12-15 23:35:39,996:INFO:The 's' was the 3rd character
2018-12-15 23:35:39,996:INFO:The 't' was the 4th character
2018-12-15 23:35:39,996:INFO:The 'n' was the 6th character
2018-12-15 23:35:39,996:INFO:The 'g' was the 7th character
2018-12-15 23:35:39,996:INFO:

2018-12-15 23:35:39,996:INFO:The numbers in this password are: ['4']
2018-12-15 23:35:39,996:INFO:The '4' was the 2nd character
2018-12-15 23:35:39,996:INFO:

2018-12-15 23:35:39,997:INFO:The symbols in this password are: ['!']
2018-12-15 23:35:39,997:INFO:The '!' was the 5th character
2018-12-15 23:35:39,997:INFO:

2018-12-15 23:35:40,055:INFO:The length of 'T4st!ng' is 7
2018-12-15 23:35:40,055:INFO:As a list it looks like this ['T', '4', 's', 't', '!', 'n', 'g']
2018-12-15 23:35:40,056:INFO:The letters in this password are: ['T', 's', 't', 'n', 'g']
2018-12-15 23:35:40,056:INFO:The 'T' was the 1st character
2018-12-15 23:35:40,056:INFO:The 's' was the 3rd character
2018-12-15 23:35:40,056:INFO:The 't' was the 4th character
2018-12-15 23:35:40,056:INFO:The 'n' was the 6th character
2018-12-15 23:35:40,056:INFO:The 'g' was the 7th character
2018-12-15 23:35:40,057:INFO:

2018-12-15 23:35:40,057:INFO:The numbers in this password are: ['4']
2018-12-15 23:35:40,057:INFO:The '4' was the 2nd character
2018-12-15 23:35:40,057:INFO:

2018-12-15 23:35:40,057:INFO:The symbols in this password are: ['!']
2018-12-15 23:35:40,057:INFO:The '!' was the 5th character
2018-12-15 23:35:40,057:INFO:

2018-12-15 23:35:40,114:INFO:The length of 'T4st!ng' is 7
2018-12-15 23:35:40,114:INFO:As a list it looks like this ['T', '4', 's', 't', '!', 'n', 'g']
2018-12-15 23:35:40,114:INFO:The letters in this password are: ['T', 's', 't', 'n', 'g']
2018-12-15 23:35:40,115:INFO:The 'T' was the 1st character
2018-12-15 23:35:40,115:INFO:The 's' was the 3rd character
2018-12-15 23:35:40,115:INFO:The 't' was the 4th character
2018-12-15 23:35:40,115:INFO:The 'n' was the 6th character
2018-12-15 23:35:40,115:INFO:The 'g' was the 7th character
2018-12-15 23:35:40,115:INFO:

2018-12-15 23:35:40,116:INFO:The numbers in this password are: ['4']
2018-12-15 23:35:40,116:INFO:The '4' was the 2nd character
2018-12-15 23:35:40,116:INFO:

2018-12-15 23:35:40,116:INFO:The symbols in this password are: ['!']
2018-12-15 23:35:40,116:INFO:The '!' was the 5th character
2018-12-15 23:35:40,116:INFO:

2018-12-15 23:35:40,173:INFO:The length of 'T4st!ng' is 7
2018-12-15 23:35:40,174:INFO:As a list it looks like this ['T', '4', 's', 't', '!', 'n', 'g']
2018-12-15 23:35:40,174:INFO:The letters in this password are: ['T', 's', 't', 'n', 'g']
2018-12-15 23:35:40,174:INFO:The 'T' was the 1st character
2018-12-15 23:35:40,174:INFO:The 's' was the 3rd character
2018-12-15 23:35:40,175:INFO:The 't' was the 4th character
2018-12-15 23:35:40,175:INFO:The 'n' was the 6th character
2018-12-15 23:35:40,175:INFO:The 'g' was the 7th character
2018-12-15 23:35:40,175:INFO:

2018-12-15 23:35:40,175:INFO:The numbers in this password are: ['4']
2018-12-15 23:35:40,175:INFO:The '4' was the 2nd character
2018-12-15 23:35:40,176:INFO:

2018-12-15 23:35:40,176:INFO:The symbols in this password are: ['!']
2018-12-15 23:35:40,176:INFO:The '!' was the 5th character
2018-12-15 23:35:40,176:INFO:

2018-12-15 23:35:40,235:INFO:The length of 'T4st!ng' is 7
2018-12-15 23:35:40,235:INFO:As a list it looks like this ['T', '4', 's', 't', '!', 'n', 'g']
2018-12-15 23:35:40,235:INFO:The letters in this password are: ['T', 's', 't', 'n', 'g']
2018-12-15 23:35:40,236:INFO:The 'T' was the 1st character
2018-12-15 23:35:40,236:INFO:The 's' was the 3rd character
2018-12-15 23:35:40,236:INFO:The 't' was the 4th character
2018-12-15 23:35:40,236:INFO:The 'n' was the 6th character
2018-12-15 23:35:40,236:INFO:The 'g' was the 7th character
2018-12-15 23:35:40,236:INFO:

2018-12-15 23:35:40,237:INFO:The numbers in this password are: ['4']
2018-12-15 23:35:40,237:INFO:The '4' was the 2nd character
2018-12-15 23:35:40,237:INFO:

2018-12-15 23:35:40,237:INFO:The symbols in this password are: ['!']
2018-12-15 23:35:40,237:INFO:The '!' was the 5th character
2018-12-15 23:35:40,237:INFO:

2018-12-15 23:35:40,295:INFO:The length of 'T4st!ng' is 7
2018-12-15 23:35:40,296:INFO:As a list it looks like this ['T', '4', 's', 't', '!', 'n', 'g']
2018-12-15 23:35:40,296:INFO:The letters in this password are: ['T', 's', 't', 'n', 'g']
2018-12-15 23:35:40,296:INFO:The 'T' was the 1st character
2018-12-15 23:35:40,296:INFO:The 's' was the 3rd character
2018-12-15 23:35:40,297:INFO:The 't' was the 4th character
2018-12-15 23:35:40,297:INFO:The 'n' was the 6th character
2018-12-15 23:35:40,297:INFO:The 'g' was the 7th character
2018-12-15 23:35:40,297:INFO:

2018-12-15 23:35:40,297:INFO:The numbers in this password are: ['4']
2018-12-15 23:35:40,297:INFO:The '4' was the 2nd character
2018-12-15 23:35:40,297:INFO:

2018-12-15 23:35:40,298:INFO:The symbols in this password are: ['!']
2018-12-15 23:35:40,298:INFO:The '!' was the 5th character
2018-12-15 23:35:40,298:INFO:

2018-12-15 23:35:40,356:INFO:The length of 'T4st!ng' is 7
2018-12-15 23:35:40,356:INFO:As a list it looks like this ['T', '4', 's', 't', '!', 'n', 'g']
2018-12-15 23:35:40,356:INFO:The letters in this password are: ['T', 's', 't', 'n', 'g']
2018-12-15 23:35:40,356:INFO:The 'T' was the 1st character
2018-12-15 23:35:40,357:INFO:The 's' was the 3rd character
2018-12-15 23:35:40,357:INFO:The 't' was the 4th character
2018-12-15 23:35:40,357:INFO:The 'n' was the 6th character
2018-12-15 23:35:40,357:INFO:The 'g' was the 7th character
2018-12-15 23:35:40,357:INFO:

2018-12-15 23:35:40,357:INFO:The numbers in this password are: ['4']
2018-12-15 23:35:40,357:INFO:The '4' was the 2nd character
2018-12-15 23:35:40,358:INFO:

2018-12-15 23:35:40,358:INFO:The symbols in this password are: ['!']
2018-12-15 23:35:40,358:INFO:The '!' was the 5th character
2018-12-15 23:35:40,358:INFO:

2018-12-15 23:35:40,420:INFO:The length of 'T4st!ng' is 7
2018-12-15 23:35:40,420:INFO:As a list it looks like this ['T', '4', 's', 't', '!', 'n', 'g']
2018-12-15 23:35:40,420:INFO:The letters in this password are: ['T', 's', 't', 'n', 'g']
2018-12-15 23:35:40,421:INFO:The 'T' was the 1st character
2018-12-15 23:35:40,421:INFO:The 's' was the 3rd character
2018-12-15 23:35:40,421:INFO:The 't' was the 4th character
2018-12-15 23:35:40,421:INFO:The 'n' was the 6th character
2018-12-15 23:35:40,421:INFO:The 'g' was the 7th character
2018-12-15 23:35:40,422:INFO:

2018-12-15 23:35:40,422:INFO:The numbers in this password are: ['4']
2018-12-15 23:35:40,422:INFO:The '4' was the 2nd character
2018-12-15 23:35:40,422:INFO:

2018-12-15 23:35:40,422:INFO:The symbols in this password are: ['!']
2018-12-15 23:35:40,422:INFO:The '!' was the 5th character
2018-12-15 23:35:40,423:INFO:

2018-12-15 23:35:40,481:INFO:The length of 'T4st!ng' is 7
2018-12-15 23:35:40,482:INFO:As a list it looks like this ['T', '4', 's', 't', '!', 'n', 'g']
2018-12-15 23:35:40,482:INFO:The letters in this password are: ['T', 's', 't', 'n', 'g']
2018-12-15 23:35:40,482:INFO:The 'T' was the 1st character
2018-12-15 23:35:40,482:INFO:The 's' was the 3rd character
2018-12-15 23:35:40,483:INFO:The 't' was the 4th character
2018-12-15 23:35:40,483:INFO:The 'n' was the 6th character
2018-12-15 23:35:40,483:INFO:The 'g' was the 7th character
2018-12-15 23:35:40,483:INFO:

2018-12-15 23:35:40,483:INFO:The numbers in this password are: ['4']
2018-12-15 23:35:40,484:INFO:The '4' was the 2nd character
2018-12-15 23:35:40,484:INFO:

2018-12-15 23:35:40,484:INFO:The symbols in this password are: ['!']
2018-12-15 23:35:40,484:INFO:The '!' was the 5th character
2018-12-15 23:35:40,484:INFO:

2018-12-15 23:35:40,542:INFO:The length of 'T4st!ng' is 7
2018-12-15 23:35:40,542:INFO:As a list it looks like this ['T', '4', 's', 't', '!', 'n', 'g']
2018-12-15 23:35:40,542:INFO:The letters in this password are: ['T', 's', 't', 'n', 'g']
2018-12-15 23:35:40,543:INFO:The 'T' was the 1st character
2018-12-15 23:35:40,543:INFO:The 's' was the 3rd character
2018-12-15 23:35:40,543:INFO:The 't' was the 4th character
2018-12-15 23:35:40,543:INFO:The 'n' was the 6th character
2018-12-15 23:35:40,543:INFO:The 'g' was the 7th character
2018-12-15 23:35:40,543:INFO:

2018-12-15 23:35:40,544:INFO:The numbers in this password are: ['4']
2018-12-15 23:35:40,544:INFO:The '4' was the 2nd character
2018-12-15 23:35:40,544:INFO:

2018-12-15 23:35:40,544:INFO:The symbols in this password are: ['!']
2018-12-15 23:35:40,544:INFO:The '!' was the 5th character
2018-12-15 23:35:40,545:INFO:

2018-12-15 23:35:40,603:INFO:The length of 'T4st!ng' is 7
2018-12-15 23:35:40,603:INFO:As a list it looks like this ['T', '4', 's', 't', '!', 'n', 'g']
2018-12-15 23:35:40,604:INFO:The letters in this password are: ['T', 's', 't', 'n', 'g']
2018-12-15 23:35:40,604:INFO:The 'T' was the 1st character
2018-12-15 23:35:40,604:INFO:The 's' was the 3rd character
2018-12-15 23:35:40,604:INFO:The 't' was the 4th character
2018-12-15 23:35:40,604:INFO:The 'n' was the 6th character
2018-12-15 23:35:40,604:INFO:The 'g' was the 7th character
2018-12-15 23:35:40,604:INFO:

2018-12-15 23:35:40,604:INFO:The numbers in this password are: ['4']
2018-12-15 23:35:40,605:INFO:The '4' was the 2nd character
2018-12-15 23:35:40,605:INFO:

2018-12-15 23:35:40,605:INFO:The symbols in this password are: ['!']
2018-12-15 23:35:40,605:INFO:The '!' was the 5th character
2018-12-15 23:35:40,605:INFO:

2018-12-15 23:35:40,666:INFO:The length of 'T4st!ng' is 7
2018-12-15 23:35:40,666:INFO:As a list it looks like this ['T', '4', 's', 't', '!', 'n', 'g']
2018-12-15 23:35:40,666:INFO:The letters in this password are: ['T', 's', 't', 'n', 'g']
2018-12-15 23:35:40,666:INFO:The 'T' was the 1st character
2018-12-15 23:35:40,666:INFO:The 's' was the 3rd character
2018-12-15 23:35:40,667:INFO:The 't' was the 4th character
2018-12-15 23:35:40,667:INFO:The 'n' was the 6th character
2018-12-15 23:35:40,667:INFO:The 'g' was the 7th character
2018-12-15 23:35:40,667:INFO:

2018-12-15 23:35:40,667:INFO:The numbers in this password are: ['4']
2018-12-15 23:35:40,667:INFO:The '4' was the 2nd character
2018-12-15 23:35:40,667:INFO:

2018-12-15 23:35:40,667:INFO:The symbols in this password are: ['!']
2018-12-15 23:35:40,668:INFO:The '!' was the 5th character
2018-12-15 23:35:40,668:INFO:

2018-12-15 23:35:40,726:INFO:The length of 'T4st!ng' is 7
2018-12-15 23:35:40,726:INFO:As a list it looks like this ['T', '4', 's', 't', '!', 'n', 'g']
2018-12-15 23:35:40,726:INFO:The letters in this password are: ['T', 's', 't', 'n', 'g']
2018-12-15 23:35:40,727:INFO:The 'T' was the 1st character
2018-12-15 23:35:40,727:INFO:The 's' was the 3rd character
2018-12-15 23:35:40,727:INFO:The 't' was the 4th character
2018-12-15 23:35:40,727:INFO:The 'n' was the 6th character
2018-12-15 23:35:40,727:INFO:The 'g' was the 7th character
2018-12-15 23:35:40,727:INFO:

2018-12-15 23:35:40,727:INFO:The numbers in this password are: ['4']
2018-12-15 23:35:40,727:INFO:The '4' was the 2nd character
2018-12-15 23:35:40,728:INFO:

2018-12-15 23:35:40,728:INFO:The symbols in this password are: ['!']
2018-12-15 23:35:40,728:INFO:The '!' was the 5th character
2018-12-15 23:35:40,728:INFO:

2018-12-15 23:35:40,791:INFO:The length of 'T4st!ng' is 7
2018-12-15 23:35:40,792:INFO:As a list it looks like this ['T', '4', 's', 't', '!', 'n', 'g']
2018-12-15 23:35:40,792:INFO:The letters in this password are: ['T', 's', 't', 'n', 'g']
2018-12-15 23:35:40,792:INFO:The 'T' was the 1st character
2018-12-15 23:35:40,792:INFO:The 's' was the 3rd character
2018-12-15 23:35:40,792:INFO:The 't' was the 4th character
2018-12-15 23:35:40,793:INFO:The 'n' was the 6th character
2018-12-15 23:35:40,793:INFO:The 'g' was the 7th character
2018-12-15 23:35:40,793:INFO:

2018-12-15 23:35:40,793:INFO:The numbers in this password are: ['4']
2018-12-15 23:35:40,793:INFO:The '4' was the 2nd character
2018-12-15 23:35:40,793:INFO:

2018-12-15 23:35:40,793:INFO:The symbols in this password are: ['!']
2018-12-15 23:35:40,793:INFO:The '!' was the 5th character
2018-12-15 23:35:40,794:INFO:

2018-12-15 23:35:40,855:INFO:The length of 'T4st!ng' is 7
2018-12-15 23:35:40,856:INFO:As a list it looks like this ['T', '4', 's', 't', '!', 'n', 'g']
2018-12-15 23:35:40,856:INFO:The letters in this password are: ['T', 's', 't', 'n', 'g']
2018-12-15 23:35:40,856:INFO:The 'T' was the 1st character
2018-12-15 23:35:40,856:INFO:The 's' was the 3rd character
2018-12-15 23:35:40,857:INFO:The 't' was the 4th character
2018-12-15 23:35:40,857:INFO:The 'n' was the 6th character
2018-12-15 23:35:40,857:INFO:The 'g' was the 7th character
2018-12-15 23:35:40,857:INFO:

2018-12-15 23:35:40,857:INFO:The numbers in this password are: ['4']
2018-12-15 23:35:40,857:INFO:The '4' was the 2nd character
2018-12-15 23:35:40,857:INFO:

2018-12-15 23:35:40,858:INFO:The symbols in this password are: ['!']
2018-12-15 23:35:40,858:INFO:The '!' was the 5th character
2018-12-15 23:35:40,858:INFO:

2018-12-15 23:35:40,916:INFO:The length of 'T4st!ng' is 7
2018-12-15 23:35:40,916:INFO:As a list it looks like this ['T', '4', 's', 't', '!', 'n', 'g']
2018-12-15 23:35:40,917:INFO:The letters in this password are: ['T', 's', 't', 'n', 'g']
2018-12-15 23:35:40,917:INFO:The 'T' was the 1st character
2018-12-15 23:35:40,917:INFO:The 's' was the 3rd character
2018-12-15 23:35:40,917:INFO:The 't' was the 4th character
2018-12-15 23:35:40,917:INFO:The 'n' was the 6th character
2018-12-15 23:35:40,917:INFO:The 'g' was the 7th character
2018-12-15 23:35:40,917:INFO:

2018-12-15 23:35:40,917:INFO:The numbers in this password are: ['4']
2018-12-15 23:35:40,918:INFO:The '4' was the 2nd character
2018-12-15 23:35:40,918:INFO:

2018-12-15 23:35:40,918:INFO:The symbols in this password are: ['!']
2018-12-15 23:35:40,918:INFO:The '!' was the 5th character
2018-12-15 23:35:40,918:INFO:

2018-12-15 23:35:40,977:INFO:The length of 'T4st!ng' is 7
2018-12-15 23:35:40,978:INFO:As a list it looks like this ['T', '4', 's', 't', '!', 'n', 'g']
2018-12-15 23:35:40,978:INFO:The letters in this password are: ['T', 's', 't', 'n', 'g']
2018-12-15 23:35:40,978:INFO:The 'T' was the 1st character
2018-12-15 23:35:40,979:INFO:The 's' was the 3rd character
2018-12-15 23:35:40,979:INFO:The 't' was the 4th character
2018-12-15 23:35:40,979:INFO:The 'n' was the 6th character
2018-12-15 23:35:40,979:INFO:The 'g' was the 7th character
2018-12-15 23:35:40,979:INFO:

2018-12-15 23:35:40,980:INFO:The numbers in this password are: ['4']
2018-12-15 23:35:40,980:INFO:The '4' was the 2nd character
2018-12-15 23:35:40,980:INFO:

2018-12-15 23:35:40,980:INFO:The symbols in this password are: ['!']
2018-12-15 23:35:40,980:INFO:The '!' was the 5th character
2018-12-15 23:35:40,980:INFO:

2018-12-15 23:35:41,039:INFO:The length of 'T4st!ng' is 7
2018-12-15 23:35:41,039:INFO:As a list it looks like this ['T', '4', 's', 't', '!', 'n', 'g']
2018-12-15 23:35:41,039:INFO:The letters in this password are: ['T', 's', 't', 'n', 'g']
2018-12-15 23:35:41,040:INFO:The 'T' was the 1st character
2018-12-15 23:35:41,040:INFO:The 's' was the 3rd character
2018-12-15 23:35:41,040:INFO:The 't' was the 4th character
2018-12-15 23:35:41,040:INFO:The 'n' was the 6th character
2018-12-15 23:35:41,040:INFO:The 'g' was the 7th character
2018-12-15 23:35:41,040:INFO:

2018-12-15 23:35:41,040:INFO:The numbers in this password are: ['4']
2018-12-15 23:35:41,041:INFO:The '4' was the 2nd character
2018-12-15 23:35:41,041:INFO:

2018-12-15 23:35:41,041:INFO:The symbols in this password are: ['!']
2018-12-15 23:35:41,041:INFO:The '!' was the 5th character
2018-12-15 23:35:41,041:INFO:

2018-12-15 23:35:41,099:INFO:The length of 'T4st!ng' is 7
2018-12-15 23:35:41,100:INFO:As a list it looks like this ['T', '4', 's', 't', '!', 'n', 'g']
2018-12-15 23:35:41,100:INFO:The letters in this password are: ['T', 's', 't', 'n', 'g']
2018-12-15 23:35:41,100:INFO:The 'T' was the 1st character
2018-12-15 23:35:41,100:INFO:The 's' was the 3rd character
2018-12-15 23:35:41,101:INFO:The 't' was the 4th character
2018-12-15 23:35:41,101:INFO:The 'n' was the 6th character
2018-12-15 23:35:41,101:INFO:The 'g' was the 7th character
2018-12-15 23:35:41,101:INFO:

2018-12-15 23:35:41,101:INFO:The numbers in this password are: ['4']
2018-12-15 23:35:41,101:INFO:The '4' was the 2nd character
2018-12-15 23:35:41,101:INFO:

2018-12-15 23:35:41,101:INFO:The symbols in this password are: ['!']
2018-12-15 23:35:41,102:INFO:The '!' was the 5th character
2018-12-15 23:35:41,102:INFO:

2018-12-15 23:35:41,159:INFO:The length of 'T4st!ng' is 7
2018-12-15 23:35:41,159:INFO:As a list it looks like this ['T', '4', 's', 't', '!', 'n', 'g']
2018-12-15 23:35:41,159:INFO:The letters in this password are: ['T', 's', 't', 'n', 'g']
2018-12-15 23:35:41,160:INFO:The 'T' was the 1st character
2018-12-15 23:35:41,160:INFO:The 's' was the 3rd character
2018-12-15 23:35:41,160:INFO:The 't' was the 4th character
2018-12-15 23:35:41,160:INFO:The 'n' was the 6th character
2018-12-15 23:35:41,160:INFO:The 'g' was the 7th character
2018-12-15 23:35:41,160:INFO:

2018-12-15 23:35:41,160:INFO:The numbers in this password are: ['4']
2018-12-15 23:35:41,160:INFO:The '4' was the 2nd character
2018-12-15 23:35:41,160:INFO:

2018-12-15 23:35:41,161:INFO:The symbols in this password are: ['!']
2018-12-15 23:35:41,161:INFO:The '!' was the 5th character
2018-12-15 23:35:41,161:INFO:

2018-12-15 23:35:41,224:INFO:The length of 'T4st!ng' is 7
2018-12-15 23:35:41,225:INFO:As a list it looks like this ['T', '4', 's', 't', '!', 'n', 'g']
2018-12-15 23:35:41,225:INFO:The letters in this password are: ['T', 's', 't', 'n', 'g']
2018-12-15 23:35:41,225:INFO:The 'T' was the 1st character
2018-12-15 23:35:41,225:INFO:The 's' was the 3rd character
2018-12-15 23:35:41,226:INFO:The 't' was the 4th character
2018-12-15 23:35:41,226:INFO:The 'n' was the 6th character
2018-12-15 23:35:41,226:INFO:The 'g' was the 7th character
2018-12-15 23:35:41,226:INFO:

2018-12-15 23:35:41,226:INFO:The numbers in this password are: ['4']
2018-12-15 23:35:41,226:INFO:The '4' was the 2nd character
2018-12-15 23:35:41,226:INFO:

2018-12-15 23:35:41,226:INFO:The symbols in this password are: ['!']
2018-12-15 23:35:41,227:INFO:The '!' was the 5th character
2018-12-15 23:35:41,227:INFO:

2018-12-15 23:35:41,283:INFO:The length of 'T4st!ng' is 7
2018-12-15 23:35:41,283:INFO:As a list it looks like this ['T', '4', 's', 't', '!', 'n', 'g']
2018-12-15 23:35:41,284:INFO:The letters in this password are: ['T', 's', 't', 'n', 'g']
2018-12-15 23:35:41,284:INFO:The 'T' was the 1st character
2018-12-15 23:35:41,284:INFO:The 's' was the 3rd character
2018-12-15 23:35:41,284:INFO:The 't' was the 4th character
2018-12-15 23:35:41,284:INFO:The 'n' was the 6th character
2018-12-15 23:35:41,284:INFO:The 'g' was the 7th character
2018-12-15 23:35:41,285:INFO:

2018-12-15 23:35:41,285:INFO:The numbers in this password are: ['4']
2018-12-15 23:35:41,285:INFO:The '4' was the 2nd character
2018-12-15 23:35:41,285:INFO:

2018-12-15 23:35:41,285:INFO:The symbols in this password are: ['!']
2018-12-15 23:35:41,285:INFO:The '!' was the 5th character
2018-12-15 23:35:41,285:INFO:

2018-12-15 23:35:41,345:INFO:The length of 'T4st!ng' is 7
2018-12-15 23:35:41,346:INFO:As a list it looks like this ['T', '4', 's', 't', '!', 'n', 'g']
2018-12-15 23:35:41,346:INFO:The letters in this password are: ['T', 's', 't', 'n', 'g']
2018-12-15 23:35:41,346:INFO:The 'T' was the 1st character
2018-12-15 23:35:41,346:INFO:The 's' was the 3rd character
2018-12-15 23:35:41,346:INFO:The 't' was the 4th character
2018-12-15 23:35:41,347:INFO:The 'n' was the 6th character
2018-12-15 23:35:41,347:INFO:The 'g' was the 7th character
2018-12-15 23:35:41,347:INFO:

2018-12-15 23:35:41,347:INFO:The numbers in this password are: ['4']
2018-12-15 23:35:41,347:INFO:The '4' was the 2nd character
2018-12-15 23:35:41,347:INFO:

2018-12-15 23:35:41,347:INFO:The symbols in this password are: ['!']
2018-12-15 23:35:41,348:INFO:The '!' was the 5th character
2018-12-15 23:35:41,348:INFO:

2018-12-15 23:35:41,406:INFO:The length of 'T4st!ng' is 7
2018-12-15 23:35:41,407:INFO:As a list it looks like this ['T', '4', 's', 't', '!', 'n', 'g']
2018-12-15 23:35:41,407:INFO:The letters in this password are: ['T', 's', 't', 'n', 'g']
2018-12-15 23:35:41,407:INFO:The 'T' was the 1st character
2018-12-15 23:35:41,407:INFO:The 's' was the 3rd character
2018-12-15 23:35:41,407:INFO:The 't' was the 4th character
2018-12-15 23:35:41,408:INFO:The 'n' was the 6th character
2018-12-15 23:35:41,408:INFO:The 'g' was the 7th character
2018-12-15 23:35:41,408:INFO:

2018-12-15 23:35:41,408:INFO:The numbers in this password are: ['4']
2018-12-15 23:35:41,408:INFO:The '4' was the 2nd character
2018-12-15 23:35:41,408:INFO:

2018-12-15 23:35:41,408:INFO:The symbols in this password are: ['!']
2018-12-15 23:35:41,409:INFO:The '!' was the 5th character
2018-12-15 23:35:41,409:INFO:

2018-12-15 23:35:41,469:INFO:The length of 'T4st!ng' is 7
2018-12-15 23:35:41,470:INFO:As a list it looks like this ['T', '4', 's', 't', '!', 'n', 'g']
2018-12-15 23:35:41,470:INFO:The letters in this password are: ['T', 's', 't', 'n', 'g']
2018-12-15 23:35:41,470:INFO:The 'T' was the 1st character
2018-12-15 23:35:41,471:INFO:The 's' was the 3rd character
2018-12-15 23:35:41,471:INFO:The 't' was the 4th character
2018-12-15 23:35:41,471:INFO:The 'n' was the 6th character
2018-12-15 23:35:41,471:INFO:The 'g' was the 7th character
2018-12-15 23:35:41,471:INFO:

2018-12-15 23:35:41,472:INFO:The numbers in this password are: ['4']
2018-12-15 23:35:41,472:INFO:The '4' was the 2nd character
2018-12-15 23:35:41,472:INFO:

2018-12-15 23:35:41,472:INFO:The symbols in this password are: ['!']
2018-12-15 23:35:41,472:INFO:The '!' was the 5th character
2018-12-15 23:35:41,472:INFO:

2018-12-15 23:35:41,541:INFO:The length of 'T4st!ng' is 7
2018-12-15 23:35:41,542:INFO:As a list it looks like this ['T', '4', 's', 't', '!', 'n', 'g']
2018-12-15 23:35:41,542:INFO:The letters in this password are: ['T', 's', 't', 'n', 'g']
2018-12-15 23:35:41,542:INFO:The 'T' was the 1st character
2018-12-15 23:35:41,542:INFO:The 's' was the 3rd character
2018-12-15 23:35:41,543:INFO:The 't' was the 4th character
2018-12-15 23:35:41,543:INFO:The 'n' was the 6th character
2018-12-15 23:35:41,543:INFO:The 'g' was the 7th character
2018-12-15 23:35:41,543:INFO:

2018-12-15 23:35:41,543:INFO:The numbers in this password are: ['4']
2018-12-15 23:35:41,543:INFO:The '4' was the 2nd character
2018-12-15 23:35:41,544:INFO:

2018-12-15 23:35:41,544:INFO:The symbols in this password are: ['!']
2018-12-15 23:35:41,544:INFO:The '!' was the 5th character
2018-12-15 23:35:41,544:INFO:

2018-12-15 23:35:41,616:INFO:The length of 'T4st!ng' is 7
2018-12-15 23:35:41,616:INFO:As a list it looks like this ['T', '4', 's', 't', '!', 'n', 'g']
2018-12-15 23:35:41,617:INFO:The letters in this password are: ['T', 's', 't', 'n', 'g']
2018-12-15 23:35:41,617:INFO:The 'T' was the 1st character
2018-12-15 23:35:41,617:INFO:The 's' was the 3rd character
2018-12-15 23:35:41,617:INFO:The 't' was the 4th character
2018-12-15 23:35:41,618:INFO:The 'n' was the 6th character
2018-12-15 23:35:41,618:INFO:The 'g' was the 7th character
2018-12-15 23:35:41,618:INFO:

2018-12-15 23:35:41,618:INFO:The numbers in this password are: ['4']
2018-12-15 23:35:41,618:INFO:The '4' was the 2nd character
2018-12-15 23:35:41,618:INFO:

2018-12-15 23:35:41,619:INFO:The symbols in this password are: ['!']
2018-12-15 23:35:41,619:INFO:The '!' was the 5th character
2018-12-15 23:35:41,619:INFO:

2018-12-15 23:35:41,688:INFO:The length of 'T4st!ng' is 7
2018-12-15 23:35:41,689:INFO:As a list it looks like this ['T', '4', 's', 't', '!', 'n', 'g']
2018-12-15 23:35:41,689:INFO:The letters in this password are: ['T', 's', 't', 'n', 'g']
2018-12-15 23:35:41,689:INFO:The 'T' was the 1st character
2018-12-15 23:35:41,689:INFO:The 's' was the 3rd character
2018-12-15 23:35:41,690:INFO:The 't' was the 4th character
2018-12-15 23:35:41,690:INFO:The 'n' was the 6th character
2018-12-15 23:35:41,690:INFO:The 'g' was the 7th character
2018-12-15 23:35:41,690:INFO:

2018-12-15 23:35:41,690:INFO:The numbers in this password are: ['4']
2018-12-15 23:35:41,690:INFO:The '4' was the 2nd character
2018-12-15 23:35:41,690:INFO:

2018-12-15 23:35:41,691:INFO:The symbols in this password are: ['!']
2018-12-15 23:35:41,691:INFO:The '!' was the 5th character
2018-12-15 23:35:41,691:INFO:

2018-12-15 23:35:41,748:INFO:The length of 'T4st!ng' is 7
2018-12-15 23:35:41,749:INFO:As a list it looks like this ['T', '4', 's', 't', '!', 'n', 'g']
2018-12-15 23:35:41,749:INFO:The letters in this password are: ['T', 's', 't', 'n', 'g']
2018-12-15 23:35:41,749:INFO:The 'T' was the 1st character
2018-12-15 23:35:41,749:INFO:The 's' was the 3rd character
2018-12-15 23:35:41,750:INFO:The 't' was the 4th character
2018-12-15 23:35:41,750:INFO:The 'n' was the 6th character
2018-12-15 23:35:41,750:INFO:The 'g' was the 7th character
2018-12-15 23:35:41,750:INFO:

2018-12-15 23:35:41,750:INFO:The numbers in this password are: ['4']
2018-12-15 23:35:41,750:INFO:The '4' was the 2nd character
2018-12-15 23:35:41,750:INFO:

2018-12-15 23:35:41,750:INFO:The symbols in this password are: ['!']
2018-12-15 23:35:41,751:INFO:The '!' was the 5th character
2018-12-15 23:35:41,751:INFO:

2018-12-15 23:35:41,810:INFO:The length of 'T4st!ng' is 7
2018-12-15 23:35:41,811:INFO:As a list it looks like this ['T', '4', 's', 't', '!', 'n', 'g']
2018-12-15 23:35:41,811:INFO:The letters in this password are: ['T', 's', 't', 'n', 'g']
2018-12-15 23:35:41,811:INFO:The 'T' was the 1st character
2018-12-15 23:35:41,811:INFO:The 's' was the 3rd character
2018-12-15 23:35:41,811:INFO:The 't' was the 4th character
2018-12-15 23:35:41,811:INFO:The 'n' was the 6th character
2018-12-15 23:35:41,812:INFO:The 'g' was the 7th character
2018-12-15 23:35:41,812:INFO:

2018-12-15 23:35:41,812:INFO:The numbers in this password are: ['4']
2018-12-15 23:35:41,812:INFO:The '4' was the 2nd character
2018-12-15 23:35:41,812:INFO:

2018-12-15 23:35:41,813:INFO:The symbols in this password are: ['!']
2018-12-15 23:35:41,813:INFO:The '!' was the 5th character
2018-12-15 23:35:41,813:INFO:

2018-12-15 23:35:41,871:INFO:The length of 'T4st!ng' is 7
2018-12-15 23:35:41,871:INFO:As a list it looks like this ['T', '4', 's', 't', '!', 'n', 'g']
2018-12-15 23:35:41,871:INFO:The letters in this password are: ['T', 's', 't', 'n', 'g']
2018-12-15 23:35:41,872:INFO:The 'T' was the 1st character
2018-12-15 23:35:41,872:INFO:The 's' was the 3rd character
2018-12-15 23:35:41,872:INFO:The 't' was the 4th character
2018-12-15 23:35:41,872:INFO:The 'n' was the 6th character
2018-12-15 23:35:41,872:INFO:The 'g' was the 7th character
2018-12-15 23:35:41,872:INFO:

2018-12-15 23:35:41,872:INFO:The numbers in this password are: ['4']
2018-12-15 23:35:41,873:INFO:The '4' was the 2nd character
2018-12-15 23:35:41,873:INFO:

2018-12-15 23:35:41,873:INFO:The symbols in this password are: ['!']
2018-12-15 23:35:41,873:INFO:The '!' was the 5th character
2018-12-15 23:35:41,873:INFO:

2018-12-15 23:35:41,932:INFO:The length of 'T4st!ng' is 7
2018-12-15 23:35:41,933:INFO:As a list it looks like this ['T', '4', 's', 't', '!', 'n', 'g']
2018-12-15 23:35:41,933:INFO:The letters in this password are: ['T', 's', 't', 'n', 'g']
2018-12-15 23:35:41,933:INFO:The 'T' was the 1st character
2018-12-15 23:35:41,933:INFO:The 's' was the 3rd character
2018-12-15 23:35:41,933:INFO:The 't' was the 4th character
2018-12-15 23:35:41,934:INFO:The 'n' was the 6th character
2018-12-15 23:35:41,934:INFO:The 'g' was the 7th character
2018-12-15 23:35:41,934:INFO:

2018-12-15 23:35:41,934:INFO:The numbers in this password are: ['4']
2018-12-15 23:35:41,934:INFO:The '4' was the 2nd character
2018-12-15 23:35:41,934:INFO:

2018-12-15 23:35:41,934:INFO:The symbols in this password are: ['!']
2018-12-15 23:35:41,934:INFO:The '!' was the 5th character
2018-12-15 23:35:41,934:INFO:

2018-12-15 23:35:41,993:INFO:The length of 'T4st!ng' is 7
2018-12-15 23:35:41,994:INFO:As a list it looks like this ['T', '4', 's', 't', '!', 'n', 'g']
2018-12-15 23:35:41,996:INFO:The letters in this password are: ['T', 's', 't', 'n', 'g']
2018-12-15 23:35:41,996:INFO:The 'T' was the 1st character
2018-12-15 23:35:41,996:INFO:The 's' was the 3rd character
2018-12-15 23:35:41,997:INFO:The 't' was the 4th character
2018-12-15 23:35:41,997:INFO:The 'n' was the 6th character
2018-12-15 23:35:41,997:INFO:The 'g' was the 7th character
2018-12-15 23:35:41,997:INFO:

2018-12-15 23:35:41,997:INFO:The numbers in this password are: ['4']
2018-12-15 23:35:41,997:INFO:The '4' was the 2nd character
2018-12-15 23:35:41,997:INFO:

2018-12-15 23:35:41,997:INFO:The symbols in this password are: ['!']
2018-12-15 23:35:41,998:INFO:The '!' was the 5th character
2018-12-15 23:35:41,998:INFO:

2018-12-15 23:35:42,056:INFO:The length of 'T4st!ng' is 7
2018-12-15 23:35:42,056:INFO:As a list it looks like this ['T', '4', 's', 't', '!', 'n', 'g']
2018-12-15 23:35:42,056:INFO:The letters in this password are: ['T', 's', 't', 'n', 'g']
2018-12-15 23:35:42,056:INFO:The 'T' was the 1st character
2018-12-15 23:35:42,057:INFO:The 's' was the 3rd character
2018-12-15 23:35:42,057:INFO:The 't' was the 4th character
2018-12-15 23:35:42,057:INFO:The 'n' was the 6th character
2018-12-15 23:35:42,057:INFO:The 'g' was the 7th character
2018-12-15 23:35:42,057:INFO:

2018-12-15 23:35:42,057:INFO:The numbers in this password are: ['4']
2018-12-15 23:35:42,058:INFO:The '4' was the 2nd character
2018-12-15 23:35:42,058:INFO:

2018-12-15 23:35:42,058:INFO:The symbols in this password are: ['!']
2018-12-15 23:35:42,058:INFO:The '!' was the 5th character
2018-12-15 23:35:42,058:INFO:

2018-12-15 23:35:42,118:INFO:The length of 'T4st!ng' is 7
2018-12-15 23:35:42,118:INFO:As a list it looks like this ['T', '4', 's', 't', '!', 'n', 'g']
2018-12-15 23:35:42,118:INFO:The letters in this password are: ['T', 's', 't', 'n', 'g']
2018-12-15 23:35:42,119:INFO:The 'T' was the 1st character
2018-12-15 23:35:42,119:INFO:The 's' was the 3rd character
2018-12-15 23:35:42,119:INFO:The 't' was the 4th character
2018-12-15 23:35:42,119:INFO:The 'n' was the 6th character
2018-12-15 23:35:42,119:INFO:The 'g' was the 7th character
2018-12-15 23:35:42,119:INFO:

2018-12-15 23:35:42,119:INFO:The numbers in this password are: ['4']
2018-12-15 23:35:42,119:INFO:The '4' was the 2nd character
2018-12-15 23:35:42,120:INFO:

2018-12-15 23:35:42,120:INFO:The symbols in this password are: ['!']
2018-12-15 23:35:42,120:INFO:The '!' was the 5th character
2018-12-15 23:35:42,120:INFO:

2018-12-15 23:35:42,176:INFO:The length of 'T4st!ng' is 7
2018-12-15 23:35:42,176:INFO:As a list it looks like this ['T', '4', 's', 't', '!', 'n', 'g']
2018-12-15 23:35:42,176:INFO:The letters in this password are: ['T', 's', 't', 'n', 'g']
2018-12-15 23:35:42,177:INFO:The 'T' was the 1st character
2018-12-15 23:35:42,177:INFO:The 's' was the 3rd character
2018-12-15 23:35:42,177:INFO:The 't' was the 4th character
2018-12-15 23:35:42,177:INFO:The 'n' was the 6th character
2018-12-15 23:35:42,177:INFO:The 'g' was the 7th character
2018-12-15 23:35:42,177:INFO:

2018-12-15 23:35:42,177:INFO:The numbers in this password are: ['4']
2018-12-15 23:35:42,178:INFO:The '4' was the 2nd character
2018-12-15 23:35:42,178:INFO:

2018-12-15 23:35:42,178:INFO:The symbols in this password are: ['!']
2018-12-15 23:35:42,178:INFO:The '!' was the 5th character
2018-12-15 23:35:42,178:INFO:

2018-12-15 23:35:42,240:INFO:The length of 'T4st!ng' is 7
2018-12-15 23:35:42,240:INFO:As a list it looks like this ['T', '4', 's', 't', '!', 'n', 'g']
2018-12-15 23:35:42,240:INFO:The letters in this password are: ['T', 's', 't', 'n', 'g']
2018-12-15 23:35:42,241:INFO:The 'T' was the 1st character
2018-12-15 23:35:42,241:INFO:The 's' was the 3rd character
2018-12-15 23:35:42,241:INFO:The 't' was the 4th character
2018-12-15 23:35:42,241:INFO:The 'n' was the 6th character
2018-12-15 23:35:42,241:INFO:The 'g' was the 7th character
2018-12-15 23:35:42,241:INFO:

2018-12-15 23:35:42,241:INFO:The numbers in this password are: ['4']
2018-12-15 23:35:42,241:INFO:The '4' was the 2nd character
2018-12-15 23:35:42,241:INFO:

2018-12-15 23:35:42,242:INFO:The symbols in this password are: ['!']
2018-12-15 23:35:42,242:INFO:The '!' was the 5th character
2018-12-15 23:35:42,242:INFO:

2018-12-15 23:35:42,300:INFO:The length of 'T4st!ng' is 7
2018-12-15 23:35:42,300:INFO:As a list it looks like this ['T', '4', 's', 't', '!', 'n', 'g']
2018-12-15 23:35:42,301:INFO:The letters in this password are: ['T', 's', 't', 'n', 'g']
2018-12-15 23:35:42,301:INFO:The 'T' was the 1st character
2018-12-15 23:35:42,301:INFO:The 's' was the 3rd character
2018-12-15 23:35:42,301:INFO:The 't' was the 4th character
2018-12-15 23:35:42,301:INFO:The 'n' was the 6th character
2018-12-15 23:35:42,301:INFO:The 'g' was the 7th character
2018-12-15 23:35:42,302:INFO:

2018-12-15 23:35:42,302:INFO:The numbers in this password are: ['4']
2018-12-15 23:35:42,302:INFO:The '4' was the 2nd character
2018-12-15 23:35:42,302:INFO:

2018-12-15 23:35:42,302:INFO:The symbols in this password are: ['!']
2018-12-15 23:35:42,302:INFO:The '!' was the 5th character
2018-12-15 23:35:42,302:INFO:

2018-12-15 23:35:42,360:INFO:The length of 'T4st!ng' is 7
2018-12-15 23:35:42,360:INFO:As a list it looks like this ['T', '4', 's', 't', '!', 'n', 'g']
2018-12-15 23:35:42,361:INFO:The letters in this password are: ['T', 's', 't', 'n', 'g']
2018-12-15 23:35:42,361:INFO:The 'T' was the 1st character
2018-12-15 23:35:42,361:INFO:The 's' was the 3rd character
2018-12-15 23:35:42,361:INFO:The 't' was the 4th character
2018-12-15 23:35:42,361:INFO:The 'n' was the 6th character
2018-12-15 23:35:42,361:INFO:The 'g' was the 7th character
2018-12-15 23:35:42,361:INFO:

2018-12-15 23:35:42,361:INFO:The numbers in this password are: ['4']
2018-12-15 23:35:42,362:INFO:The '4' was the 2nd character
2018-12-15 23:35:42,362:INFO:

2018-12-15 23:35:42,362:INFO:The symbols in this password are: ['!']
2018-12-15 23:35:42,362:INFO:The '!' was the 5th character
2018-12-15 23:35:42,362:INFO:

2018-12-15 23:35:42,422:INFO:The length of 'T4st!ng' is 7
2018-12-15 23:35:42,422:INFO:As a list it looks like this ['T', '4', 's', 't', '!', 'n', 'g']
2018-12-15 23:35:42,422:INFO:The letters in this password are: ['T', 's', 't', 'n', 'g']
2018-12-15 23:35:42,423:INFO:The 'T' was the 1st character
2018-12-15 23:35:42,423:INFO:The 's' was the 3rd character
2018-12-15 23:35:42,423:INFO:The 't' was the 4th character
2018-12-15 23:35:42,423:INFO:The 'n' was the 6th character
2018-12-15 23:35:42,423:INFO:The 'g' was the 7th character
2018-12-15 23:35:42,423:INFO:

2018-12-15 23:35:42,424:INFO:The numbers in this password are: ['4']
2018-12-15 23:35:42,424:INFO:The '4' was the 2nd character
2018-12-15 23:35:42,424:INFO:

2018-12-15 23:35:42,424:INFO:The symbols in this password are: ['!']
2018-12-15 23:35:42,424:INFO:The '!' was the 5th character
2018-12-15 23:35:42,424:INFO:

2018-12-15 23:35:42,482:INFO:The length of 'T4st!ng' is 7
2018-12-15 23:35:42,483:INFO:As a list it looks like this ['T', '4', 's', 't', '!', 'n', 'g']
2018-12-15 23:35:42,483:INFO:The letters in this password are: ['T', 's', 't', 'n', 'g']
2018-12-15 23:35:42,483:INFO:The 'T' was the 1st character
2018-12-15 23:35:42,483:INFO:The 's' was the 3rd character
2018-12-15 23:35:42,484:INFO:The 't' was the 4th character
2018-12-15 23:35:42,484:INFO:The 'n' was the 6th character
2018-12-15 23:35:42,484:INFO:The 'g' was the 7th character
2018-12-15 23:35:42,484:INFO:

2018-12-15 23:35:42,484:INFO:The numbers in this password are: ['4']
2018-12-15 23:35:42,485:INFO:The '4' was the 2nd character
2018-12-15 23:35:42,485:INFO:

2018-12-15 23:35:42,485:INFO:The symbols in this password are: ['!']
2018-12-15 23:35:42,485:INFO:The '!' was the 5th character
2018-12-15 23:35:42,485:INFO:

2018-12-15 23:35:42,544:INFO:The length of 'T4st!ng' is 7
2018-12-15 23:35:42,545:INFO:As a list it looks like this ['T', '4', 's', 't', '!', 'n', 'g']
2018-12-15 23:35:42,545:INFO:The letters in this password are: ['T', 's', 't', 'n', 'g']
2018-12-15 23:35:42,545:INFO:The 'T' was the 1st character
2018-12-15 23:35:42,545:INFO:The 's' was the 3rd character
2018-12-15 23:35:42,545:INFO:The 't' was the 4th character
2018-12-15 23:35:42,546:INFO:The 'n' was the 6th character
2018-12-15 23:35:42,546:INFO:The 'g' was the 7th character
2018-12-15 23:35:42,546:INFO:

2018-12-15 23:35:42,546:INFO:The numbers in this password are: ['4']
2018-12-15 23:35:42,546:INFO:The '4' was the 2nd character
2018-12-15 23:35:42,546:INFO:

2018-12-15 23:35:42,547:INFO:The symbols in this password are: ['!']
2018-12-15 23:35:42,547:INFO:The '!' was the 5th character
2018-12-15 23:35:42,547:INFO:

2018-12-15 23:35:42,607:INFO:The length of 'T4st!ng' is 7
2018-12-15 23:35:42,607:INFO:As a list it looks like this ['T', '4', 's', 't', '!', 'n', 'g']
2018-12-15 23:35:42,608:INFO:The letters in this password are: ['T', 's', 't', 'n', 'g']
2018-12-15 23:35:42,608:INFO:The 'T' was the 1st character
2018-12-15 23:35:42,608:INFO:The 's' was the 3rd character
2018-12-15 23:35:42,608:INFO:The 't' was the 4th character
2018-12-15 23:35:42,608:INFO:The 'n' was the 6th character
2018-12-15 23:35:42,608:INFO:The 'g' was the 7th character
2018-12-15 23:35:42,609:INFO:

2018-12-15 23:35:42,609:INFO:The numbers in this password are: ['4']
2018-12-15 23:35:42,609:INFO:The '4' was the 2nd character
2018-12-15 23:35:42,609:INFO:

2018-12-15 23:35:42,609:INFO:The symbols in this password are: ['!']
2018-12-15 23:35:42,610:INFO:The '!' was the 5th character
2018-12-15 23:35:42,610:INFO:

2018-12-15 23:35:42,669:INFO:The length of 'T4st!ng' is 7
2018-12-15 23:35:42,669:INFO:As a list it looks like this ['T', '4', 's', 't', '!', 'n', 'g']
2018-12-15 23:35:42,669:INFO:The letters in this password are: ['T', 's', 't', 'n', 'g']
2018-12-15 23:35:42,670:INFO:The 'T' was the 1st character
2018-12-15 23:35:42,670:INFO:The 's' was the 3rd character
2018-12-15 23:35:42,670:INFO:The 't' was the 4th character
2018-12-15 23:35:42,670:INFO:The 'n' was the 6th character
2018-12-15 23:35:42,670:INFO:The 'g' was the 7th character
2018-12-15 23:35:42,670:INFO:

2018-12-15 23:35:42,670:INFO:The numbers in this password are: ['4']
2018-12-15 23:35:42,671:INFO:The '4' was the 2nd character
2018-12-15 23:35:42,671:INFO:

2018-12-15 23:35:42,671:INFO:The symbols in this password are: ['!']
2018-12-15 23:35:42,671:INFO:The '!' was the 5th character
2018-12-15 23:35:42,671:INFO:

2018-12-15 23:35:42,729:INFO:The length of 'T4st!ng' is 7
2018-12-15 23:35:42,730:INFO:As a list it looks like this ['T', '4', 's', 't', '!', 'n', 'g']
2018-12-15 23:35:42,730:INFO:The letters in this password are: ['T', 's', 't', 'n', 'g']
2018-12-15 23:35:42,731:INFO:The 'T' was the 1st character
2018-12-15 23:35:42,731:INFO:The 's' was the 3rd character
2018-12-15 23:35:42,731:INFO:The 't' was the 4th character
2018-12-15 23:35:42,731:INFO:The 'n' was the 6th character
2018-12-15 23:35:42,732:INFO:The 'g' was the 7th character
2018-12-15 23:35:42,732:INFO:

2018-12-15 23:35:42,732:INFO:The numbers in this password are: ['4']
2018-12-15 23:35:42,732:INFO:The '4' was the 2nd character
2018-12-15 23:35:42,732:INFO:

2018-12-15 23:35:42,732:INFO:The symbols in this password are: ['!']
2018-12-15 23:35:42,733:INFO:The '!' was the 5th character
2018-12-15 23:35:42,733:INFO:

2018-12-15 23:35:42,789:INFO:The length of 'T4st!ng' is 7
2018-12-15 23:35:42,789:INFO:As a list it looks like this ['T', '4', 's', 't', '!', 'n', 'g']
2018-12-15 23:35:42,790:INFO:The letters in this password are: ['T', 's', 't', 'n', 'g']
2018-12-15 23:35:42,790:INFO:The 'T' was the 1st character
2018-12-15 23:35:42,790:INFO:The 's' was the 3rd character
2018-12-15 23:35:42,790:INFO:The 't' was the 4th character
2018-12-15 23:35:42,790:INFO:The 'n' was the 6th character
2018-12-15 23:35:42,790:INFO:The 'g' was the 7th character
2018-12-15 23:35:42,790:INFO:

2018-12-15 23:35:42,791:INFO:The numbers in this password are: ['4']
2018-12-15 23:35:42,791:INFO:The '4' was the 2nd character
2018-12-15 23:35:42,791:INFO:

2018-12-15 23:35:42,791:INFO:The symbols in this password are: ['!']
2018-12-15 23:35:42,791:INFO:The '!' was the 5th character
2018-12-15 23:35:42,791:INFO:

2018-12-15 23:35:42,850:INFO:The length of 'T4st!ng' is 7
2018-12-15 23:35:42,851:INFO:As a list it looks like this ['T', '4', 's', 't', '!', 'n', 'g']
2018-12-15 23:35:42,851:INFO:The letters in this password are: ['T', 's', 't', 'n', 'g']
2018-12-15 23:35:42,851:INFO:The 'T' was the 1st character
2018-12-15 23:35:42,851:INFO:The 's' was the 3rd character
2018-12-15 23:35:42,851:INFO:The 't' was the 4th character
2018-12-15 23:35:42,851:INFO:The 'n' was the 6th character
2018-12-15 23:35:42,852:INFO:The 'g' was the 7th character
2018-12-15 23:35:42,852:INFO:

2018-12-15 23:35:42,852:INFO:The numbers in this password are: ['4']
2018-12-15 23:35:42,852:INFO:The '4' was the 2nd character
2018-12-15 23:35:42,852:INFO:

2018-12-15 23:35:42,852:INFO:The symbols in this password are: ['!']
2018-12-15 23:35:42,853:INFO:The '!' was the 5th character
2018-12-15 23:35:42,853:INFO:

2018-12-15 23:35:42,913:INFO:The length of 'T4st!ng' is 7
2018-12-15 23:35:42,914:INFO:As a list it looks like this ['T', '4', 's', 't', '!', 'n', 'g']
2018-12-15 23:35:42,914:INFO:The letters in this password are: ['T', 's', 't', 'n', 'g']
2018-12-15 23:35:42,914:INFO:The 'T' was the 1st character
2018-12-15 23:35:42,914:INFO:The 's' was the 3rd character
2018-12-15 23:35:42,915:INFO:The 't' was the 4th character
2018-12-15 23:35:42,915:INFO:The 'n' was the 6th character
2018-12-15 23:35:42,915:INFO:The 'g' was the 7th character
2018-12-15 23:35:42,915:INFO:

2018-12-15 23:35:42,915:INFO:The numbers in this password are: ['4']
2018-12-15 23:35:42,915:INFO:The '4' was the 2nd character
2018-12-15 23:35:42,915:INFO:

2018-12-15 23:35:42,916:INFO:The symbols in this password are: ['!']
2018-12-15 23:35:42,916:INFO:The '!' was the 5th character
2018-12-15 23:35:42,916:INFO:

2018-12-15 23:35:42,975:INFO:The length of 'T4st!ng' is 7
2018-12-15 23:35:42,976:INFO:As a list it looks like this ['T', '4', 's', 't', '!', 'n', 'g']
2018-12-15 23:35:42,976:INFO:The letters in this password are: ['T', 's', 't', 'n', 'g']
2018-12-15 23:35:42,976:INFO:The 'T' was the 1st character
2018-12-15 23:35:42,977:INFO:The 's' was the 3rd character
2018-12-15 23:35:42,977:INFO:The 't' was the 4th character
2018-12-15 23:35:42,977:INFO:The 'n' was the 6th character
2018-12-15 23:35:42,977:INFO:The 'g' was the 7th character
2018-12-15 23:35:42,977:INFO:

2018-12-15 23:35:42,977:INFO:The numbers in this password are: ['4']
2018-12-15 23:35:42,977:INFO:The '4' was the 2nd character
2018-12-15 23:35:42,977:INFO:

2018-12-15 23:35:42,978:INFO:The symbols in this password are: ['!']
2018-12-15 23:35:42,978:INFO:The '!' was the 5th character
2018-12-15 23:35:42,978:INFO:

2018-12-15 23:35:43,038:INFO:The length of 'T4st!ng' is 7
2018-12-15 23:35:43,038:INFO:As a list it looks like this ['T', '4', 's', 't', '!', 'n', 'g']
2018-12-15 23:35:43,038:INFO:The letters in this password are: ['T', 's', 't', 'n', 'g']
2018-12-15 23:35:43,039:INFO:The 'T' was the 1st character
2018-12-15 23:35:43,039:INFO:The 's' was the 3rd character
2018-12-15 23:35:43,039:INFO:The 't' was the 4th character
2018-12-15 23:35:43,039:INFO:The 'n' was the 6th character
2018-12-15 23:35:43,039:INFO:The 'g' was the 7th character
2018-12-15 23:35:43,039:INFO:

2018-12-15 23:35:43,040:INFO:The numbers in this password are: ['4']
2018-12-15 23:35:43,040:INFO:The '4' was the 2nd character
2018-12-15 23:35:43,040:INFO:

2018-12-15 23:35:43,040:INFO:The symbols in this password are: ['!']
2018-12-15 23:35:43,040:INFO:The '!' was the 5th character
2018-12-15 23:35:43,040:INFO:

2018-12-15 23:35:43,097:INFO:The length of 'T4st!ng' is 7
2018-12-15 23:35:43,098:INFO:As a list it looks like this ['T', '4', 's', 't', '!', 'n', 'g']
2018-12-15 23:35:43,098:INFO:The letters in this password are: ['T', 's', 't', 'n', 'g']
2018-12-15 23:35:43,098:INFO:The 'T' was the 1st character
2018-12-15 23:35:43,098:INFO:The 's' was the 3rd character
2018-12-15 23:35:43,098:INFO:The 't' was the 4th character
2018-12-15 23:35:43,098:INFO:The 'n' was the 6th character
2018-12-15 23:35:43,098:INFO:The 'g' was the 7th character
2018-12-15 23:35:43,099:INFO:

2018-12-15 23:35:43,099:INFO:The numbers in this password are: ['4']
2018-12-15 23:35:43,099:INFO:The '4' was the 2nd character
2018-12-15 23:35:43,099:INFO:

2018-12-15 23:35:43,099:INFO:The symbols in this password are: ['!']
2018-12-15 23:35:43,099:INFO:The '!' was the 5th character
2018-12-15 23:35:43,099:INFO:

2018-12-15 23:35:43,157:INFO:The length of 'T4st!ng' is 7
2018-12-15 23:35:43,158:INFO:As a list it looks like this ['T', '4', 's', 't', '!', 'n', 'g']
2018-12-15 23:35:43,158:INFO:The letters in this password are: ['T', 's', 't', 'n', 'g']
2018-12-15 23:35:43,158:INFO:The 'T' was the 1st character
2018-12-15 23:35:43,158:INFO:The 's' was the 3rd character
2018-12-15 23:35:43,158:INFO:The 't' was the 4th character
2018-12-15 23:35:43,158:INFO:The 'n' was the 6th character
2018-12-15 23:35:43,159:INFO:The 'g' was the 7th character
2018-12-15 23:35:43,159:INFO:

2018-12-15 23:35:43,159:INFO:The numbers in this password are: ['4']
2018-12-15 23:35:43,159:INFO:The '4' was the 2nd character
2018-12-15 23:35:43,159:INFO:

2018-12-15 23:35:43,159:INFO:The symbols in this password are: ['!']
2018-12-15 23:35:43,159:INFO:The '!' was the 5th character
2018-12-15 23:35:43,159:INFO:

2018-12-15 23:35:43,220:INFO:The length of 'T4st!ng' is 7
2018-12-15 23:35:43,220:INFO:As a list it looks like this ['T', '4', 's', 't', '!', 'n', 'g']
2018-12-15 23:35:43,220:INFO:The letters in this password are: ['T', 's', 't', 'n', 'g']
2018-12-15 23:35:43,221:INFO:The 'T' was the 1st character
2018-12-15 23:35:43,221:INFO:The 's' was the 3rd character
2018-12-15 23:35:43,221:INFO:The 't' was the 4th character
2018-12-15 23:35:43,221:INFO:The 'n' was the 6th character
2018-12-15 23:35:43,221:INFO:The 'g' was the 7th character
2018-12-15 23:35:43,221:INFO:

2018-12-15 23:35:43,222:INFO:The numbers in this password are: ['4']
2018-12-15 23:35:43,222:INFO:The '4' was the 2nd character
2018-12-15 23:35:43,222:INFO:

2018-12-15 23:35:43,222:INFO:The symbols in this password are: ['!']
2018-12-15 23:35:43,222:INFO:The '!' was the 5th character
2018-12-15 23:35:43,222:INFO:

2018-12-15 23:35:43,277:INFO:The length of 'T4st!ng' is 7
2018-12-15 23:35:43,278:INFO:As a list it looks like this ['T', '4', 's', 't', '!', 'n', 'g']
2018-12-15 23:35:43,278:INFO:The letters in this password are: ['T', 's', 't', 'n', 'g']
2018-12-15 23:35:43,278:INFO:The 'T' was the 1st character
2018-12-15 23:35:43,278:INFO:The 's' was the 3rd character
2018-12-15 23:35:43,278:INFO:The 't' was the 4th character
2018-12-15 23:35:43,278:INFO:The 'n' was the 6th character
2018-12-15 23:35:43,279:INFO:The 'g' was the 7th character
2018-12-15 23:35:43,279:INFO:

2018-12-15 23:35:43,279:INFO:The numbers in this password are: ['4']
2018-12-15 23:35:43,279:INFO:The '4' was the 2nd character
2018-12-15 23:35:43,279:INFO:

2018-12-15 23:35:43,280:INFO:The symbols in this password are: ['!']
2018-12-15 23:35:43,280:INFO:The '!' was the 5th character
2018-12-15 23:35:43,280:INFO:

2018-12-15 23:35:43,340:INFO:The length of 'T4st!ng' is 7
2018-12-15 23:35:43,341:INFO:As a list it looks like this ['T', '4', 's', 't', '!', 'n', 'g']
2018-12-15 23:35:43,341:INFO:The letters in this password are: ['T', 's', 't', 'n', 'g']
2018-12-15 23:35:43,341:INFO:The 'T' was the 1st character
2018-12-15 23:35:43,341:INFO:The 's' was the 3rd character
2018-12-15 23:35:43,341:INFO:The 't' was the 4th character
2018-12-15 23:35:43,342:INFO:The 'n' was the 6th character
2018-12-15 23:35:43,342:INFO:The 'g' was the 7th character
2018-12-15 23:35:43,342:INFO:

2018-12-15 23:35:43,342:INFO:The numbers in this password are: ['4']
2018-12-15 23:35:43,342:INFO:The '4' was the 2nd character
2018-12-15 23:35:43,342:INFO:

2018-12-15 23:35:43,342:INFO:The symbols in this password are: ['!']
2018-12-15 23:35:43,343:INFO:The '!' was the 5th character
2018-12-15 23:35:43,343:INFO:

2018-12-15 23:35:43,402:INFO:The length of 'T4st!ng' is 7
2018-12-15 23:35:43,403:INFO:As a list it looks like this ['T', '4', 's', 't', '!', 'n', 'g']
2018-12-15 23:35:43,403:INFO:The letters in this password are: ['T', 's', 't', 'n', 'g']
2018-12-15 23:35:43,403:INFO:The 'T' was the 1st character
2018-12-15 23:35:43,403:INFO:The 's' was the 3rd character
2018-12-15 23:35:43,403:INFO:The 't' was the 4th character
2018-12-15 23:35:43,404:INFO:The 'n' was the 6th character
2018-12-15 23:35:43,404:INFO:The 'g' was the 7th character
2018-12-15 23:35:43,404:INFO:

2018-12-15 23:35:43,404:INFO:The numbers in this password are: ['4']
2018-12-15 23:35:43,404:INFO:The '4' was the 2nd character
2018-12-15 23:35:43,404:INFO:

2018-12-15 23:35:43,404:INFO:The symbols in this password are: ['!']
2018-12-15 23:35:43,405:INFO:The '!' was the 5th character
2018-12-15 23:35:43,405:INFO:

2018-12-15 23:35:43,466:INFO:The length of 'T4st!ng' is 7
2018-12-15 23:35:43,467:INFO:As a list it looks like this ['T', '4', 's', 't', '!', 'n', 'g']
2018-12-15 23:35:43,467:INFO:The letters in this password are: ['T', 's', 't', 'n', 'g']
2018-12-15 23:35:43,467:INFO:The 'T' was the 1st character
2018-12-15 23:35:43,467:INFO:The 's' was the 3rd character
2018-12-15 23:35:43,467:INFO:The 't' was the 4th character
2018-12-15 23:35:43,468:INFO:The 'n' was the 6th character
2018-12-15 23:35:43,468:INFO:The 'g' was the 7th character
2018-12-15 23:35:43,468:INFO:

2018-12-15 23:35:43,468:INFO:The numbers in this password are: ['4']
2018-12-15 23:35:43,468:INFO:The '4' was the 2nd character
2018-12-15 23:35:43,468:INFO:

2018-12-15 23:35:43,468:INFO:The symbols in this password are: ['!']
2018-12-15 23:35:43,469:INFO:The '!' was the 5th character
2018-12-15 23:35:43,469:INFO:

2018-12-15 23:35:43,534:INFO:The length of 'T4st!ng' is 7
2018-12-15 23:35:43,535:INFO:As a list it looks like this ['T', '4', 's', 't', '!', 'n', 'g']
2018-12-15 23:35:43,535:INFO:The letters in this password are: ['T', 's', 't', 'n', 'g']
2018-12-15 23:35:43,535:INFO:The 'T' was the 1st character
2018-12-15 23:35:43,536:INFO:The 's' was the 3rd character
2018-12-15 23:35:43,536:INFO:The 't' was the 4th character
2018-12-15 23:35:43,536:INFO:The 'n' was the 6th character
2018-12-15 23:35:43,536:INFO:The 'g' was the 7th character
2018-12-15 23:35:43,536:INFO:

2018-12-15 23:35:43,536:INFO:The numbers in this password are: ['4']
2018-12-15 23:35:43,536:INFO:The '4' was the 2nd character
2018-12-15 23:35:43,537:INFO:

2018-12-15 23:35:43,537:INFO:The symbols in this password are: ['!']
2018-12-15 23:35:43,537:INFO:The '!' was the 5th character
2018-12-15 23:35:43,537:INFO:

2018-12-15 23:35:43,596:INFO:The length of 'T4st!ng' is 7
2018-12-15 23:35:43,596:INFO:As a list it looks like this ['T', '4', 's', 't', '!', 'n', 'g']
2018-12-15 23:35:43,596:INFO:The letters in this password are: ['T', 's', 't', 'n', 'g']
2018-12-15 23:35:43,597:INFO:The 'T' was the 1st character
2018-12-15 23:35:43,597:INFO:The 's' was the 3rd character
2018-12-15 23:35:43,597:INFO:The 't' was the 4th character
2018-12-15 23:35:43,597:INFO:The 'n' was the 6th character
2018-12-15 23:35:43,597:INFO:The 'g' was the 7th character
2018-12-15 23:35:43,598:INFO:

2018-12-15 23:35:43,598:INFO:The numbers in this password are: ['4']
2018-12-15 23:35:43,598:INFO:The '4' was the 2nd character
2018-12-15 23:35:43,598:INFO:

2018-12-15 23:35:43,598:INFO:The symbols in this password are: ['!']
2018-12-15 23:35:43,598:INFO:The '!' was the 5th character
2018-12-15 23:35:43,598:INFO:

2018-12-15 23:35:43,657:INFO:The length of 'T4st!ng' is 7
2018-12-15 23:35:43,658:INFO:As a list it looks like this ['T', '4', 's', 't', '!', 'n', 'g']
2018-12-15 23:35:43,658:INFO:The letters in this password are: ['T', 's', 't', 'n', 'g']
2018-12-15 23:35:43,658:INFO:The 'T' was the 1st character
2018-12-15 23:35:43,658:INFO:The 's' was the 3rd character
2018-12-15 23:35:43,658:INFO:The 't' was the 4th character
2018-12-15 23:35:43,659:INFO:The 'n' was the 6th character
2018-12-15 23:35:43,659:INFO:The 'g' was the 7th character
2018-12-15 23:35:43,659:INFO:

2018-12-15 23:35:43,659:INFO:The numbers in this password are: ['4']
2018-12-15 23:35:43,659:INFO:The '4' was the 2nd character
2018-12-15 23:35:43,659:INFO:

2018-12-15 23:35:43,659:INFO:The symbols in this password are: ['!']
2018-12-15 23:35:43,659:INFO:The '!' was the 5th character
2018-12-15 23:35:43,659:INFO:

2018-12-15 23:35:43,718:INFO:The length of 'T4st!ng' is 7
2018-12-15 23:35:43,720:INFO:As a list it looks like this ['T', '4', 's', 't', '!', 'n', 'g']
2018-12-15 23:35:43,720:INFO:The letters in this password are: ['T', 's', 't', 'n', 'g']
2018-12-15 23:35:43,720:INFO:The 'T' was the 1st character
2018-12-15 23:35:43,720:INFO:The 's' was the 3rd character
2018-12-15 23:35:43,720:INFO:The 't' was the 4th character
2018-12-15 23:35:43,721:INFO:The 'n' was the 6th character
2018-12-15 23:35:43,721:INFO:The 'g' was the 7th character
2018-12-15 23:35:43,721:INFO:

2018-12-15 23:35:43,721:INFO:The numbers in this password are: ['4']
2018-12-15 23:35:43,721:INFO:The '4' was the 2nd character
2018-12-15 23:35:43,721:INFO:

2018-12-15 23:35:43,721:INFO:The symbols in this password are: ['!']
2018-12-15 23:35:43,721:INFO:The '!' was the 5th character
2018-12-15 23:35:43,722:INFO:

2018-12-15 23:35:43,777:INFO:The length of 'T4st!ng' is 7
2018-12-15 23:35:43,778:INFO:As a list it looks like this ['T', '4', 's', 't', '!', 'n', 'g']
2018-12-15 23:35:43,778:INFO:The letters in this password are: ['T', 's', 't', 'n', 'g']
2018-12-15 23:35:43,778:INFO:The 'T' was the 1st character
2018-12-15 23:35:43,778:INFO:The 's' was the 3rd character
2018-12-15 23:35:43,779:INFO:The 't' was the 4th character
2018-12-15 23:35:43,779:INFO:The 'n' was the 6th character
2018-12-15 23:35:43,779:INFO:The 'g' was the 7th character
2018-12-15 23:35:43,779:INFO:

2018-12-15 23:35:43,779:INFO:The numbers in this password are: ['4']
2018-12-15 23:35:43,780:INFO:The '4' was the 2nd character
2018-12-15 23:35:43,780:INFO:

2018-12-15 23:35:43,780:INFO:The symbols in this password are: ['!']
2018-12-15 23:35:43,780:INFO:The '!' was the 5th character
2018-12-15 23:35:43,780:INFO:

2018-12-15 23:35:43,837:INFO:The length of 'T4st!ng' is 7
2018-12-15 23:35:43,838:INFO:As a list it looks like this ['T', '4', 's', 't', '!', 'n', 'g']
2018-12-15 23:35:43,838:INFO:The letters in this password are: ['T', 's', 't', 'n', 'g']
2018-12-15 23:35:43,838:INFO:The 'T' was the 1st character
2018-12-15 23:35:43,838:INFO:The 's' was the 3rd character
2018-12-15 23:35:43,838:INFO:The 't' was the 4th character
2018-12-15 23:35:43,839:INFO:The 'n' was the 6th character
2018-12-15 23:35:43,839:INFO:The 'g' was the 7th character
2018-12-15 23:35:43,839:INFO:

2018-12-15 23:35:43,839:INFO:The numbers in this password are: ['4']
2018-12-15 23:35:43,839:INFO:The '4' was the 2nd character
2018-12-15 23:35:43,839:INFO:

2018-12-15 23:35:43,839:INFO:The symbols in this password are: ['!']
2018-12-15 23:35:43,839:INFO:The '!' was the 5th character
2018-12-15 23:35:43,840:INFO:

2018-12-15 23:35:43,898:INFO:The length of 'T4st!ng' is 7
2018-12-15 23:35:43,899:INFO:As a list it looks like this ['T', '4', 's', 't', '!', 'n', 'g']
2018-12-15 23:35:43,899:INFO:The letters in this password are: ['T', 's', 't', 'n', 'g']
2018-12-15 23:35:43,899:INFO:The 'T' was the 1st character
2018-12-15 23:35:43,899:INFO:The 's' was the 3rd character
2018-12-15 23:35:43,899:INFO:The 't' was the 4th character
2018-12-15 23:35:43,900:INFO:The 'n' was the 6th character
2018-12-15 23:35:43,900:INFO:The 'g' was the 7th character
2018-12-15 23:35:43,900:INFO:

2018-12-15 23:35:43,900:INFO:The numbers in this password are: ['4']
2018-12-15 23:35:43,900:INFO:The '4' was the 2nd character
2018-12-15 23:35:43,900:INFO:

2018-12-15 23:35:43,900:INFO:The symbols in this password are: ['!']
2018-12-15 23:35:43,900:INFO:The '!' was the 5th character
2018-12-15 23:35:43,901:INFO:

2018-12-15 23:35:43,959:INFO:The length of 'T4st!ng' is 7
2018-12-15 23:35:43,960:INFO:As a list it looks like this ['T', '4', 's', 't', '!', 'n', 'g']
2018-12-15 23:35:43,960:INFO:The letters in this password are: ['T', 's', 't', 'n', 'g']
2018-12-15 23:35:43,960:INFO:The 'T' was the 1st character
2018-12-15 23:35:43,960:INFO:The 's' was the 3rd character
2018-12-15 23:35:43,960:INFO:The 't' was the 4th character
2018-12-15 23:35:43,961:INFO:The 'n' was the 6th character
2018-12-15 23:35:43,961:INFO:The 'g' was the 7th character
2018-12-15 23:35:43,961:INFO:

2018-12-15 23:35:43,961:INFO:The numbers in this password are: ['4']
2018-12-15 23:35:43,961:INFO:The '4' was the 2nd character
2018-12-15 23:35:43,961:INFO:

2018-12-15 23:35:43,961:INFO:The symbols in this password are: ['!']
2018-12-15 23:35:43,961:INFO:The '!' was the 5th character
2018-12-15 23:35:43,962:INFO:

2018-12-15 23:35:44,025:INFO:The length of 'T4st!ng' is 7
2018-12-15 23:35:44,026:INFO:As a list it looks like this ['T', '4', 's', 't', '!', 'n', 'g']
2018-12-15 23:35:44,026:INFO:The letters in this password are: ['T', 's', 't', 'n', 'g']
2018-12-15 23:35:44,026:INFO:The 'T' was the 1st character
2018-12-15 23:35:44,026:INFO:The 's' was the 3rd character
2018-12-15 23:35:44,026:INFO:The 't' was the 4th character
2018-12-15 23:35:44,026:INFO:The 'n' was the 6th character
2018-12-15 23:35:44,026:INFO:The 'g' was the 7th character
2018-12-15 23:35:44,027:INFO:

2018-12-15 23:35:44,027:INFO:The numbers in this password are: ['4']
2018-12-15 23:35:44,027:INFO:The '4' was the 2nd character
2018-12-15 23:35:44,027:INFO:

2018-12-15 23:35:44,027:INFO:The symbols in this password are: ['!']
2018-12-15 23:35:44,027:INFO:The '!' was the 5th character
2018-12-15 23:35:44,028:INFO:

2018-12-15 23:35:44,087:INFO:The length of 'T4st!ng' is 7
2018-12-15 23:35:44,087:INFO:As a list it looks like this ['T', '4', 's', 't', '!', 'n', 'g']
2018-12-15 23:35:44,087:INFO:The letters in this password are: ['T', 's', 't', 'n', 'g']
2018-12-15 23:35:44,087:INFO:The 'T' was the 1st character
2018-12-15 23:35:44,088:INFO:The 's' was the 3rd character
2018-12-15 23:35:44,088:INFO:The 't' was the 4th character
2018-12-15 23:35:44,088:INFO:The 'n' was the 6th character
2018-12-15 23:35:44,088:INFO:The 'g' was the 7th character
2018-12-15 23:35:44,088:INFO:

2018-12-15 23:35:44,088:INFO:The numbers in this password are: ['4']
2018-12-15 23:35:44,089:INFO:The '4' was the 2nd character
2018-12-15 23:35:44,089:INFO:

2018-12-15 23:35:44,089:INFO:The symbols in this password are: ['!']
2018-12-15 23:35:44,089:INFO:The '!' was the 5th character
2018-12-15 23:35:44,089:INFO:

2018-12-15 23:35:44,147:INFO:The length of 'T4st!ng' is 7
2018-12-15 23:35:44,148:INFO:As a list it looks like this ['T', '4', 's', 't', '!', 'n', 'g']
2018-12-15 23:35:44,148:INFO:The letters in this password are: ['T', 's', 't', 'n', 'g']
2018-12-15 23:35:44,148:INFO:The 'T' was the 1st character
2018-12-15 23:35:44,148:INFO:The 's' was the 3rd character
2018-12-15 23:35:44,148:INFO:The 't' was the 4th character
2018-12-15 23:35:44,148:INFO:The 'n' was the 6th character
2018-12-15 23:35:44,149:INFO:The 'g' was the 7th character
2018-12-15 23:35:44,149:INFO:

2018-12-15 23:35:44,149:INFO:The numbers in this password are: ['4']
2018-12-15 23:35:44,149:INFO:The '4' was the 2nd character
2018-12-15 23:35:44,149:INFO:

2018-12-15 23:35:44,150:INFO:The symbols in this password are: ['!']
2018-12-15 23:35:44,150:INFO:The '!' was the 5th character
2018-12-15 23:35:44,150:INFO:

2018-12-15 23:35:44,207:INFO:The length of 'T4st!ng' is 7
2018-12-15 23:35:44,207:INFO:As a list it looks like this ['T', '4', 's', 't', '!', 'n', 'g']
2018-12-15 23:35:44,208:INFO:The letters in this password are: ['T', 's', 't', 'n', 'g']
2018-12-15 23:35:44,208:INFO:The 'T' was the 1st character
2018-12-15 23:35:44,208:INFO:The 's' was the 3rd character
2018-12-15 23:35:44,208:INFO:The 't' was the 4th character
2018-12-15 23:35:44,208:INFO:The 'n' was the 6th character
2018-12-15 23:35:44,208:INFO:The 'g' was the 7th character
2018-12-15 23:35:44,208:INFO:

2018-12-15 23:35:44,208:INFO:The numbers in this password are: ['4']
2018-12-15 23:35:44,209:INFO:The '4' was the 2nd character
2018-12-15 23:35:44,209:INFO:

2018-12-15 23:35:44,209:INFO:The symbols in this password are: ['!']
2018-12-15 23:35:44,209:INFO:The '!' was the 5th character
2018-12-15 23:35:44,209:INFO:

2018-12-15 23:35:44,267:INFO:The length of 'T4st!ng' is 7
2018-12-15 23:35:44,267:INFO:As a list it looks like this ['T', '4', 's', 't', '!', 'n', 'g']
2018-12-15 23:35:44,267:INFO:The letters in this password are: ['T', 's', 't', 'n', 'g']
2018-12-15 23:35:44,268:INFO:The 'T' was the 1st character
2018-12-15 23:35:44,268:INFO:The 's' was the 3rd character
2018-12-15 23:35:44,268:INFO:The 't' was the 4th character
2018-12-15 23:35:44,268:INFO:The 'n' was the 6th character
2018-12-15 23:35:44,268:INFO:The 'g' was the 7th character
2018-12-15 23:35:44,268:INFO:

2018-12-15 23:35:44,268:INFO:The numbers in this password are: ['4']
2018-12-15 23:35:44,268:INFO:The '4' was the 2nd character
2018-12-15 23:35:44,269:INFO:

2018-12-15 23:35:44,269:INFO:The symbols in this password are: ['!']
2018-12-15 23:35:44,269:INFO:The '!' was the 5th character
2018-12-15 23:35:44,269:INFO:

2018-12-15 23:35:44,329:INFO:The length of 'T4st!ng' is 7
2018-12-15 23:35:44,330:INFO:As a list it looks like this ['T', '4', 's', 't', '!', 'n', 'g']
2018-12-15 23:35:44,330:INFO:The letters in this password are: ['T', 's', 't', 'n', 'g']
2018-12-15 23:35:44,330:INFO:The 'T' was the 1st character
2018-12-15 23:35:44,330:INFO:The 's' was the 3rd character
2018-12-15 23:35:44,330:INFO:The 't' was the 4th character
2018-12-15 23:35:44,330:INFO:The 'n' was the 6th character
2018-12-15 23:35:44,330:INFO:The 'g' was the 7th character
2018-12-15 23:35:44,330:INFO:

2018-12-15 23:35:44,331:INFO:The numbers in this password are: ['4']
2018-12-15 23:35:44,331:INFO:The '4' was the 2nd character
2018-12-15 23:35:44,331:INFO:

2018-12-15 23:35:44,331:INFO:The symbols in this password are: ['!']
2018-12-15 23:35:44,331:INFO:The '!' was the 5th character
2018-12-15 23:35:44,332:INFO:

2018-12-15 23:35:44,392:INFO:The length of 'T4st!ng' is 7
2018-12-15 23:35:44,393:INFO:As a list it looks like this ['T', '4', 's', 't', '!', 'n', 'g']
2018-12-15 23:35:44,393:INFO:The letters in this password are: ['T', 's', 't', 'n', 'g']
2018-12-15 23:35:44,393:INFO:The 'T' was the 1st character
2018-12-15 23:35:44,393:INFO:The 's' was the 3rd character
2018-12-15 23:35:44,394:INFO:The 't' was the 4th character
2018-12-15 23:35:44,394:INFO:The 'n' was the 6th character
2018-12-15 23:35:44,394:INFO:The 'g' was the 7th character
2018-12-15 23:35:44,394:INFO:

2018-12-15 23:35:44,394:INFO:The numbers in this password are: ['4']
2018-12-15 23:35:44,394:INFO:The '4' was the 2nd character
2018-12-15 23:35:44,394:INFO:

2018-12-15 23:35:44,394:INFO:The symbols in this password are: ['!']
2018-12-15 23:35:44,395:INFO:The '!' was the 5th character
2018-12-15 23:35:44,395:INFO:

2018-12-15 23:35:44,458:INFO:The length of 'T4st!ng' is 7
2018-12-15 23:35:44,458:INFO:As a list it looks like this ['T', '4', 's', 't', '!', 'n', 'g']
2018-12-15 23:35:44,459:INFO:The letters in this password are: ['T', 's', 't', 'n', 'g']
2018-12-15 23:35:44,459:INFO:The 'T' was the 1st character
2018-12-15 23:35:44,459:INFO:The 's' was the 3rd character
2018-12-15 23:35:44,460:INFO:The 't' was the 4th character
2018-12-15 23:35:44,460:INFO:The 'n' was the 6th character
2018-12-15 23:35:44,460:INFO:The 'g' was the 7th character
2018-12-15 23:35:44,460:INFO:

2018-12-15 23:35:44,460:INFO:The numbers in this password are: ['4']
2018-12-15 23:35:44,460:INFO:The '4' was the 2nd character
2018-12-15 23:35:44,461:INFO:

2018-12-15 23:35:44,461:INFO:The symbols in this password are: ['!']
2018-12-15 23:35:44,461:INFO:The '!' was the 5th character
2018-12-15 23:35:44,461:INFO:

2018-12-15 23:35:44,530:INFO:The length of 'T4st!ng' is 7
2018-12-15 23:35:44,530:INFO:As a list it looks like this ['T', '4', 's', 't', '!', 'n', 'g']
2018-12-15 23:35:44,531:INFO:The letters in this password are: ['T', 's', 't', 'n', 'g']
2018-12-15 23:35:44,531:INFO:The 'T' was the 1st character
2018-12-15 23:35:44,531:INFO:The 's' was the 3rd character
2018-12-15 23:35:44,531:INFO:The 't' was the 4th character
2018-12-15 23:35:44,531:INFO:The 'n' was the 6th character
2018-12-15 23:35:44,532:INFO:The 'g' was the 7th character
2018-12-15 23:35:44,532:INFO:

2018-12-15 23:35:44,532:INFO:The numbers in this password are: ['4']
2018-12-15 23:35:44,532:INFO:The '4' was the 2nd character
2018-12-15 23:35:44,532:INFO:

2018-12-15 23:35:44,533:INFO:The symbols in this password are: ['!']
2018-12-15 23:35:44,533:INFO:The '!' was the 5th character
2018-12-15 23:35:44,533:INFO:

2018-12-15 23:35:44,599:INFO:The length of 'T4st!ng' is 7
2018-12-15 23:35:44,600:INFO:As a list it looks like this ['T', '4', 's', 't', '!', 'n', 'g']
2018-12-15 23:35:44,600:INFO:The letters in this password are: ['T', 's', 't', 'n', 'g']
2018-12-15 23:35:44,600:INFO:The 'T' was the 1st character
2018-12-15 23:35:44,600:INFO:The 's' was the 3rd character
2018-12-15 23:35:44,601:INFO:The 't' was the 4th character
2018-12-15 23:35:44,601:INFO:The 'n' was the 6th character
2018-12-15 23:35:44,601:INFO:The 'g' was the 7th character
2018-12-15 23:35:44,601:INFO:

2018-12-15 23:35:44,601:INFO:The numbers in this password are: ['4']
2018-12-15 23:35:44,602:INFO:The '4' was the 2nd character
2018-12-15 23:35:44,602:INFO:

2018-12-15 23:35:44,602:INFO:The symbols in this password are: ['!']
2018-12-15 23:35:44,602:INFO:The '!' was the 5th character
2018-12-15 23:35:44,602:INFO:

2018-12-15 23:35:44,664:INFO:The length of 'T4st!ng' is 7
2018-12-15 23:35:44,664:INFO:As a list it looks like this ['T', '4', 's', 't', '!', 'n', 'g']
2018-12-15 23:35:44,664:INFO:The letters in this password are: ['T', 's', 't', 'n', 'g']
2018-12-15 23:35:44,665:INFO:The 'T' was the 1st character
2018-12-15 23:35:44,665:INFO:The 's' was the 3rd character
2018-12-15 23:35:44,665:INFO:The 't' was the 4th character
2018-12-15 23:35:44,665:INFO:The 'n' was the 6th character
2018-12-15 23:35:44,665:INFO:The 'g' was the 7th character
2018-12-15 23:35:44,665:INFO:

2018-12-15 23:35:44,665:INFO:The numbers in this password are: ['4']
2018-12-15 23:35:44,665:INFO:The '4' was the 2nd character
2018-12-15 23:35:44,666:INFO:

2018-12-15 23:35:44,666:INFO:The symbols in this password are: ['!']
2018-12-15 23:35:44,666:INFO:The '!' was the 5th character
2018-12-15 23:35:44,666:INFO:

2018-12-15 23:35:44,741:INFO:The length of 'T4st!ng' is 7
2018-12-15 23:35:44,742:INFO:As a list it looks like this ['T', '4', 's', 't', '!', 'n', 'g']
2018-12-15 23:35:44,742:INFO:The letters in this password are: ['T', 's', 't', 'n', 'g']
2018-12-15 23:35:44,742:INFO:The 'T' was the 1st character
2018-12-15 23:35:44,742:INFO:The 's' was the 3rd character
2018-12-15 23:35:44,742:INFO:The 't' was the 4th character
2018-12-15 23:35:44,742:INFO:The 'n' was the 6th character
2018-12-15 23:35:44,743:INFO:The 'g' was the 7th character
2018-12-15 23:35:44,743:INFO:

2018-12-15 23:35:44,743:INFO:The numbers in this password are: ['4']
2018-12-15 23:35:44,743:INFO:The '4' was the 2nd character
2018-12-15 23:35:44,743:INFO:

2018-12-15 23:35:44,743:INFO:The symbols in this password are: ['!']
2018-12-15 23:35:44,743:INFO:The '!' was the 5th character
2018-12-15 23:35:44,744:INFO:

2018-12-15 23:35:44,801:INFO:The length of 'T4st!ng' is 7
2018-12-15 23:35:44,802:INFO:As a list it looks like this ['T', '4', 's', 't', '!', 'n', 'g']
2018-12-15 23:35:44,802:INFO:The letters in this password are: ['T', 's', 't', 'n', 'g']
2018-12-15 23:35:44,802:INFO:The 'T' was the 1st character
2018-12-15 23:35:44,802:INFO:The 's' was the 3rd character
2018-12-15 23:35:44,802:INFO:The 't' was the 4th character
2018-12-15 23:35:44,802:INFO:The 'n' was the 6th character
2018-12-15 23:35:44,802:INFO:The 'g' was the 7th character
2018-12-15 23:35:44,803:INFO:

2018-12-15 23:35:44,803:INFO:The numbers in this password are: ['4']
2018-12-15 23:35:44,803:INFO:The '4' was the 2nd character
2018-12-15 23:35:44,803:INFO:

2018-12-15 23:35:44,803:INFO:The symbols in this password are: ['!']
2018-12-15 23:35:44,803:INFO:The '!' was the 5th character
2018-12-15 23:35:44,803:INFO:

2018-12-15 23:35:44,866:INFO:The length of 'T4st!ng' is 7
2018-12-15 23:35:44,866:INFO:As a list it looks like this ['T', '4', 's', 't', '!', 'n', 'g']
2018-12-15 23:35:44,866:INFO:The letters in this password are: ['T', 's', 't', 'n', 'g']
2018-12-15 23:35:44,866:INFO:The 'T' was the 1st character
2018-12-15 23:35:44,866:INFO:The 's' was the 3rd character
2018-12-15 23:35:44,867:INFO:The 't' was the 4th character
2018-12-15 23:35:44,867:INFO:The 'n' was the 6th character
2018-12-15 23:35:44,867:INFO:The 'g' was the 7th character
2018-12-15 23:35:44,867:INFO:

2018-12-15 23:35:44,867:INFO:The numbers in this password are: ['4']
2018-12-15 23:35:44,867:INFO:The '4' was the 2nd character
2018-12-15 23:35:44,867:INFO:

2018-12-15 23:35:44,867:INFO:The symbols in this password are: ['!']
2018-12-15 23:35:44,867:INFO:The '!' was the 5th character
2018-12-15 23:35:44,868:INFO:

2018-12-15 23:35:44,929:INFO:The length of 'T4st!ng' is 7
2018-12-15 23:35:44,930:INFO:As a list it looks like this ['T', '4', 's', 't', '!', 'n', 'g']
2018-12-15 23:35:44,930:INFO:The letters in this password are: ['T', 's', 't', 'n', 'g']
2018-12-15 23:35:44,930:INFO:The 'T' was the 1st character
2018-12-15 23:35:44,930:INFO:The 's' was the 3rd character
2018-12-15 23:35:44,930:INFO:The 't' was the 4th character
2018-12-15 23:35:44,931:INFO:The 'n' was the 6th character
2018-12-15 23:35:44,931:INFO:The 'g' was the 7th character
2018-12-15 23:35:44,931:INFO:

2018-12-15 23:35:44,931:INFO:The numbers in this password are: ['4']
2018-12-15 23:35:44,931:INFO:The '4' was the 2nd character
2018-12-15 23:35:44,931:INFO:

2018-12-15 23:35:44,931:INFO:The symbols in this password are: ['!']
2018-12-15 23:35:44,932:INFO:The '!' was the 5th character
2018-12-15 23:35:44,932:INFO:

2018-12-15 23:35:44,998:INFO:The length of 'T4st!ng' is 7
2018-12-15 23:35:44,998:INFO:As a list it looks like this ['T', '4', 's', 't', '!', 'n', 'g']
2018-12-15 23:35:44,999:INFO:The letters in this password are: ['T', 's', 't', 'n', 'g']
2018-12-15 23:35:44,999:INFO:The 'T' was the 1st character
2018-12-15 23:35:44,999:INFO:The 's' was the 3rd character
2018-12-15 23:35:44,999:INFO:The 't' was the 4th character
2018-12-15 23:35:44,999:INFO:The 'n' was the 6th character
2018-12-15 23:35:44,999:INFO:The 'g' was the 7th character
2018-12-15 23:35:45,000:INFO:

2018-12-15 23:35:45,000:INFO:The numbers in this password are: ['4']
2018-12-15 23:35:45,000:INFO:The '4' was the 2nd character
2018-12-15 23:35:45,000:INFO:

2018-12-15 23:35:45,000:INFO:The symbols in this password are: ['!']
2018-12-15 23:35:45,000:INFO:The '!' was the 5th character
2018-12-15 23:35:45,001:INFO:

2018-12-15 23:35:45,073:INFO:The length of 'T4st!ng' is 7
2018-12-15 23:35:45,073:INFO:As a list it looks like this ['T', '4', 's', 't', '!', 'n', 'g']
2018-12-15 23:35:45,073:INFO:The letters in this password are: ['T', 's', 't', 'n', 'g']
2018-12-15 23:35:45,074:INFO:The 'T' was the 1st character
2018-12-15 23:35:45,074:INFO:The 's' was the 3rd character
2018-12-15 23:35:45,074:INFO:The 't' was the 4th character
2018-12-15 23:35:45,074:INFO:The 'n' was the 6th character
2018-12-15 23:35:45,074:INFO:The 'g' was the 7th character
2018-12-15 23:35:45,074:INFO:

2018-12-15 23:35:45,075:INFO:The numbers in this password are: ['4']
2018-12-15 23:35:45,075:INFO:The '4' was the 2nd character
2018-12-15 23:35:45,075:INFO:

2018-12-15 23:35:45,075:INFO:The symbols in this password are: ['!']
2018-12-15 23:35:45,075:INFO:The '!' was the 5th character
2018-12-15 23:35:45,075:INFO:

2018-12-15 23:35:45,141:INFO:The length of 'T4st!ng' is 7
2018-12-15 23:35:45,141:INFO:As a list it looks like this ['T', '4', 's', 't', '!', 'n', 'g']
2018-12-15 23:35:45,141:INFO:The letters in this password are: ['T', 's', 't', 'n', 'g']
2018-12-15 23:35:45,142:INFO:The 'T' was the 1st character
2018-12-15 23:35:45,142:INFO:The 's' was the 3rd character
2018-12-15 23:35:45,142:INFO:The 't' was the 4th character
2018-12-15 23:35:45,142:INFO:The 'n' was the 6th character
2018-12-15 23:35:45,142:INFO:The 'g' was the 7th character
2018-12-15 23:35:45,142:INFO:

2018-12-15 23:35:45,142:INFO:The numbers in this password are: ['4']
2018-12-15 23:35:45,143:INFO:The '4' was the 2nd character
2018-12-15 23:35:45,143:INFO:

2018-12-15 23:35:45,143:INFO:The symbols in this password are: ['!']
2018-12-15 23:35:45,143:INFO:The '!' was the 5th character
2018-12-15 23:35:45,143:INFO:

2018-12-15 23:35:45,200:INFO:The length of 'T4st!ng' is 7
2018-12-15 23:35:45,201:INFO:As a list it looks like this ['T', '4', 's', 't', '!', 'n', 'g']
2018-12-15 23:35:45,201:INFO:The letters in this password are: ['T', 's', 't', 'n', 'g']
2018-12-15 23:35:45,201:INFO:The 'T' was the 1st character
2018-12-15 23:35:45,201:INFO:The 's' was the 3rd character
2018-12-15 23:35:45,201:INFO:The 't' was the 4th character
2018-12-15 23:35:45,202:INFO:The 'n' was the 6th character
2018-12-15 23:35:45,202:INFO:The 'g' was the 7th character
2018-12-15 23:35:45,202:INFO:

2018-12-15 23:35:45,202:INFO:The numbers in this password are: ['4']
2018-12-15 23:35:45,202:INFO:The '4' was the 2nd character
2018-12-15 23:35:45,202:INFO:

2018-12-15 23:35:45,202:INFO:The symbols in this password are: ['!']
2018-12-15 23:35:45,202:INFO:The '!' was the 5th character
2018-12-15 23:35:45,203:INFO:

2018-12-15 23:35:45,262:INFO:The length of 'T4st!ng' is 7
2018-12-15 23:35:45,263:INFO:As a list it looks like this ['T', '4', 's', 't', '!', 'n', 'g']
2018-12-15 23:35:45,263:INFO:The letters in this password are: ['T', 's', 't', 'n', 'g']
2018-12-15 23:35:45,263:INFO:The 'T' was the 1st character
2018-12-15 23:35:45,263:INFO:The 's' was the 3rd character
2018-12-15 23:35:45,263:INFO:The 't' was the 4th character
2018-12-15 23:35:45,263:INFO:The 'n' was the 6th character
2018-12-15 23:35:45,264:INFO:The 'g' was the 7th character
2018-12-15 23:35:45,264:INFO:

2018-12-15 23:35:45,264:INFO:The numbers in this password are: ['4']
2018-12-15 23:35:45,264:INFO:The '4' was the 2nd character
2018-12-15 23:35:45,264:INFO:

2018-12-15 23:35:45,264:INFO:The symbols in this password are: ['!']
2018-12-15 23:35:45,265:INFO:The '!' was the 5th character
2018-12-15 23:35:45,265:INFO:

2018-12-15 23:35:45,323:INFO:The length of 'T4st!ng' is 7
2018-12-15 23:35:45,323:INFO:As a list it looks like this ['T', '4', 's', 't', '!', 'n', 'g']
2018-12-15 23:35:45,323:INFO:The letters in this password are: ['T', 's', 't', 'n', 'g']
2018-12-15 23:35:45,324:INFO:The 'T' was the 1st character
2018-12-15 23:35:45,324:INFO:The 's' was the 3rd character
2018-12-15 23:35:45,324:INFO:The 't' was the 4th character
2018-12-15 23:35:45,324:INFO:The 'n' was the 6th character
2018-12-15 23:35:45,324:INFO:The 'g' was the 7th character
2018-12-15 23:35:45,324:INFO:

2018-12-15 23:35:45,324:INFO:The numbers in this password are: ['4']
2018-12-15 23:35:45,325:INFO:The '4' was the 2nd character
2018-12-15 23:35:45,325:INFO:

2018-12-15 23:35:45,325:INFO:The symbols in this password are: ['!']
2018-12-15 23:35:45,325:INFO:The '!' was the 5th character
2018-12-15 23:35:45,325:INFO:

2018-12-15 23:35:45,382:INFO:The length of 'T4st!ng' is 7
2018-12-15 23:35:45,383:INFO:As a list it looks like this ['T', '4', 's', 't', '!', 'n', 'g']
2018-12-15 23:35:45,383:INFO:The letters in this password are: ['T', 's', 't', 'n', 'g']
2018-12-15 23:35:45,383:INFO:The 'T' was the 1st character
2018-12-15 23:35:45,384:INFO:The 's' was the 3rd character
2018-12-15 23:35:45,384:INFO:The 't' was the 4th character
2018-12-15 23:35:45,384:INFO:The 'n' was the 6th character
2018-12-15 23:35:45,384:INFO:The 'g' was the 7th character
2018-12-15 23:35:45,384:INFO:

2018-12-15 23:35:45,385:INFO:The numbers in this password are: ['4']
2018-12-15 23:35:45,385:INFO:The '4' was the 2nd character
2018-12-15 23:35:45,385:INFO:

2018-12-15 23:35:45,385:INFO:The symbols in this password are: ['!']
2018-12-15 23:35:45,385:INFO:The '!' was the 5th character
2018-12-15 23:35:45,386:INFO:

2018-12-15 23:35:45,444:INFO:The length of 'T4st!ng' is 7
2018-12-15 23:35:45,444:INFO:As a list it looks like this ['T', '4', 's', 't', '!', 'n', 'g']
2018-12-15 23:35:45,444:INFO:The letters in this password are: ['T', 's', 't', 'n', 'g']
2018-12-15 23:35:45,445:INFO:The 'T' was the 1st character
2018-12-15 23:35:45,445:INFO:The 's' was the 3rd character
2018-12-15 23:35:45,445:INFO:The 't' was the 4th character
2018-12-15 23:35:45,445:INFO:The 'n' was the 6th character
2018-12-15 23:35:45,445:INFO:The 'g' was the 7th character
2018-12-15 23:35:45,445:INFO:

2018-12-15 23:35:45,445:INFO:The numbers in this password are: ['4']
2018-12-15 23:35:45,446:INFO:The '4' was the 2nd character
2018-12-15 23:35:45,446:INFO:

2018-12-15 23:35:45,446:INFO:The symbols in this password are: ['!']
2018-12-15 23:35:45,446:INFO:The '!' was the 5th character
2018-12-15 23:35:45,446:INFO:

2018-12-15 23:35:45,504:INFO:The length of 'T4st!ng' is 7
2018-12-15 23:35:45,504:INFO:As a list it looks like this ['T', '4', 's', 't', '!', 'n', 'g']
2018-12-15 23:35:45,505:INFO:The letters in this password are: ['T', 's', 't', 'n', 'g']
2018-12-15 23:35:45,505:INFO:The 'T' was the 1st character
2018-12-15 23:35:45,505:INFO:The 's' was the 3rd character
2018-12-15 23:35:45,505:INFO:The 't' was the 4th character
2018-12-15 23:35:45,505:INFO:The 'n' was the 6th character
2018-12-15 23:35:45,505:INFO:The 'g' was the 7th character
2018-12-15 23:35:45,505:INFO:

2018-12-15 23:35:45,506:INFO:The numbers in this password are: ['4']
2018-12-15 23:35:45,506:INFO:The '4' was the 2nd character
2018-12-15 23:35:45,506:INFO:

2018-12-15 23:35:45,506:INFO:The symbols in this password are: ['!']
2018-12-15 23:35:45,506:INFO:The '!' was the 5th character
2018-12-15 23:35:45,506:INFO:

2018-12-15 23:35:45,566:INFO:The length of 'T4st!ng' is 7
2018-12-15 23:35:45,567:INFO:As a list it looks like this ['T', '4', 's', 't', '!', 'n', 'g']
2018-12-15 23:35:45,567:INFO:The letters in this password are: ['T', 's', 't', 'n', 'g']
2018-12-15 23:35:45,567:INFO:The 'T' was the 1st character
2018-12-15 23:35:45,567:INFO:The 's' was the 3rd character
2018-12-15 23:35:45,567:INFO:The 't' was the 4th character
2018-12-15 23:35:45,568:INFO:The 'n' was the 6th character
2018-12-15 23:35:45,568:INFO:The 'g' was the 7th character
2018-12-15 23:35:45,568:INFO:

2018-12-15 23:35:45,568:INFO:The numbers in this password are: ['4']
2018-12-15 23:35:45,568:INFO:The '4' was the 2nd character
2018-12-15 23:35:45,568:INFO:

2018-12-15 23:35:45,568:INFO:The symbols in this password are: ['!']
2018-12-15 23:35:45,569:INFO:The '!' was the 5th character
2018-12-15 23:35:45,569:INFO:

2018-12-15 23:35:45,636:INFO:The length of 'T4st!ng' is 7
2018-12-15 23:35:45,636:INFO:As a list it looks like this ['T', '4', 's', 't', '!', 'n', 'g']
2018-12-15 23:35:45,637:INFO:The letters in this password are: ['T', 's', 't', 'n', 'g']
2018-12-15 23:35:45,637:INFO:The 'T' was the 1st character
2018-12-15 23:35:45,637:INFO:The 's' was the 3rd character
2018-12-15 23:35:45,637:INFO:The 't' was the 4th character
2018-12-15 23:35:45,637:INFO:The 'n' was the 6th character
2018-12-15 23:35:45,637:INFO:The 'g' was the 7th character
2018-12-15 23:35:45,637:INFO:

2018-12-15 23:35:45,638:INFO:The numbers in this password are: ['4']
2018-12-15 23:35:45,638:INFO:The '4' was the 2nd character
2018-12-15 23:35:45,638:INFO:

2018-12-15 23:35:45,638:INFO:The symbols in this password are: ['!']
2018-12-15 23:35:45,638:INFO:The '!' was the 5th character
2018-12-15 23:35:45,638:INFO:

2018-12-15 23:35:45,694:INFO:The length of 'T4st!ng' is 7
2018-12-15 23:35:45,695:INFO:As a list it looks like this ['T', '4', 's', 't', '!', 'n', 'g']
2018-12-15 23:35:45,695:INFO:The letters in this password are: ['T', 's', 't', 'n', 'g']
2018-12-15 23:35:45,695:INFO:The 'T' was the 1st character
2018-12-15 23:35:45,695:INFO:The 's' was the 3rd character
2018-12-15 23:35:45,695:INFO:The 't' was the 4th character
2018-12-15 23:35:45,696:INFO:The 'n' was the 6th character
2018-12-15 23:35:45,696:INFO:The 'g' was the 7th character
2018-12-15 23:35:45,696:INFO:

2018-12-15 23:35:45,696:INFO:The numbers in this password are: ['4']
2018-12-15 23:35:45,696:INFO:The '4' was the 2nd character
2018-12-15 23:35:45,696:INFO:

2018-12-15 23:35:45,697:INFO:The symbols in this password are: ['!']
2018-12-15 23:35:45,697:INFO:The '!' was the 5th character
2018-12-15 23:35:45,697:INFO:

2018-12-15 23:35:45,756:INFO:The length of 'T4st!ng' is 7
2018-12-15 23:35:45,756:INFO:As a list it looks like this ['T', '4', 's', 't', '!', 'n', 'g']
2018-12-15 23:35:45,757:INFO:The letters in this password are: ['T', 's', 't', 'n', 'g']
2018-12-15 23:35:45,757:INFO:The 'T' was the 1st character
2018-12-15 23:35:45,757:INFO:The 's' was the 3rd character
2018-12-15 23:35:45,757:INFO:The 't' was the 4th character
2018-12-15 23:35:45,757:INFO:The 'n' was the 6th character
2018-12-15 23:35:45,757:INFO:The 'g' was the 7th character
2018-12-15 23:35:45,757:INFO:

2018-12-15 23:35:45,758:INFO:The numbers in this password are: ['4']
2018-12-15 23:35:45,758:INFO:The '4' was the 2nd character
2018-12-15 23:35:45,758:INFO:

2018-12-15 23:35:45,758:INFO:The symbols in this password are: ['!']
2018-12-15 23:35:45,758:INFO:The '!' was the 5th character
2018-12-15 23:35:45,758:INFO:

2018-12-15 23:35:45,816:INFO:The length of 'T4st!ng' is 7
2018-12-15 23:35:45,817:INFO:As a list it looks like this ['T', '4', 's', 't', '!', 'n', 'g']
2018-12-15 23:35:45,817:INFO:The letters in this password are: ['T', 's', 't', 'n', 'g']
2018-12-15 23:35:45,817:INFO:The 'T' was the 1st character
2018-12-15 23:35:45,818:INFO:The 's' was the 3rd character
2018-12-15 23:35:45,818:INFO:The 't' was the 4th character
2018-12-15 23:35:45,818:INFO:The 'n' was the 6th character
2018-12-15 23:35:45,818:INFO:The 'g' was the 7th character
2018-12-15 23:35:45,818:INFO:

2018-12-15 23:35:45,818:INFO:The numbers in this password are: ['4']
2018-12-15 23:35:45,818:INFO:The '4' was the 2nd character
2018-12-15 23:35:45,819:INFO:

2018-12-15 23:35:45,819:INFO:The symbols in this password are: ['!']
2018-12-15 23:35:45,819:INFO:The '!' was the 5th character
2018-12-15 23:35:45,819:INFO:

2018-12-15 23:35:45,877:INFO:The length of 'T4st!ng' is 7
2018-12-15 23:35:45,877:INFO:As a list it looks like this ['T', '4', 's', 't', '!', 'n', 'g']
2018-12-15 23:35:45,877:INFO:The letters in this password are: ['T', 's', 't', 'n', 'g']
2018-12-15 23:35:45,878:INFO:The 'T' was the 1st character
2018-12-15 23:35:45,878:INFO:The 's' was the 3rd character
2018-12-15 23:35:45,878:INFO:The 't' was the 4th character
2018-12-15 23:35:45,878:INFO:The 'n' was the 6th character
2018-12-15 23:35:45,878:INFO:The 'g' was the 7th character
2018-12-15 23:35:45,878:INFO:

2018-12-15 23:35:45,878:INFO:The numbers in this password are: ['4']
2018-12-15 23:35:45,878:INFO:The '4' was the 2nd character
2018-12-15 23:35:45,879:INFO:

2018-12-15 23:35:45,879:INFO:The symbols in this password are: ['!']
2018-12-15 23:35:45,879:INFO:The '!' was the 5th character
2018-12-15 23:35:45,879:INFO:

2018-12-15 23:35:45,939:INFO:The length of 'T4st!ng' is 7
2018-12-15 23:35:45,940:INFO:As a list it looks like this ['T', '4', 's', 't', '!', 'n', 'g']
2018-12-15 23:35:45,940:INFO:The letters in this password are: ['T', 's', 't', 'n', 'g']
2018-12-15 23:35:45,940:INFO:The 'T' was the 1st character
2018-12-15 23:35:45,940:INFO:The 's' was the 3rd character
2018-12-15 23:35:45,941:INFO:The 't' was the 4th character
2018-12-15 23:35:45,941:INFO:The 'n' was the 6th character
2018-12-15 23:35:45,941:INFO:The 'g' was the 7th character
2018-12-15 23:35:45,941:INFO:

2018-12-15 23:35:45,941:INFO:The numbers in this password are: ['4']
2018-12-15 23:35:45,941:INFO:The '4' was the 2nd character
2018-12-15 23:35:45,941:INFO:

2018-12-15 23:35:45,941:INFO:The symbols in this password are: ['!']
2018-12-15 23:35:45,942:INFO:The '!' was the 5th character
2018-12-15 23:35:45,942:INFO:

2018-12-15 23:35:46,003:INFO:The length of 'T4st!ng' is 7
2018-12-15 23:35:46,004:INFO:As a list it looks like this ['T', '4', 's', 't', '!', 'n', 'g']
2018-12-15 23:35:46,004:INFO:The letters in this password are: ['T', 's', 't', 'n', 'g']
2018-12-15 23:35:46,004:INFO:The 'T' was the 1st character
2018-12-15 23:35:46,004:INFO:The 's' was the 3rd character
2018-12-15 23:35:46,004:INFO:The 't' was the 4th character
2018-12-15 23:35:46,004:INFO:The 'n' was the 6th character
2018-12-15 23:35:46,005:INFO:The 'g' was the 7th character
2018-12-15 23:35:46,005:INFO:

2018-12-15 23:35:46,005:INFO:The numbers in this password are: ['4']
2018-12-15 23:35:46,005:INFO:The '4' was the 2nd character
2018-12-15 23:35:46,005:INFO:

2018-12-15 23:35:46,005:INFO:The symbols in this password are: ['!']
2018-12-15 23:35:46,006:INFO:The '!' was the 5th character
2018-12-15 23:35:46,006:INFO:

2018-12-15 23:35:46,064:INFO:The length of 'T4st!ng' is 7
2018-12-15 23:35:46,064:INFO:As a list it looks like this ['T', '4', 's', 't', '!', 'n', 'g']
2018-12-15 23:35:46,065:INFO:The letters in this password are: ['T', 's', 't', 'n', 'g']
2018-12-15 23:35:46,065:INFO:The 'T' was the 1st character
2018-12-15 23:35:46,065:INFO:The 's' was the 3rd character
2018-12-15 23:35:46,065:INFO:The 't' was the 4th character
2018-12-15 23:35:46,065:INFO:The 'n' was the 6th character
2018-12-15 23:35:46,065:INFO:The 'g' was the 7th character
2018-12-15 23:35:46,065:INFO:

2018-12-15 23:35:46,065:INFO:The numbers in this password are: ['4']
2018-12-15 23:35:46,066:INFO:The '4' was the 2nd character
2018-12-15 23:35:46,066:INFO:

2018-12-15 23:35:46,066:INFO:The symbols in this password are: ['!']
2018-12-15 23:35:46,066:INFO:The '!' was the 5th character
2018-12-15 23:35:46,066:INFO:

2018-12-15 23:35:46,125:INFO:The length of 'T4st!ng' is 7
2018-12-15 23:35:46,125:INFO:As a list it looks like this ['T', '4', 's', 't', '!', 'n', 'g']
2018-12-15 23:35:46,126:INFO:The letters in this password are: ['T', 's', 't', 'n', 'g']
2018-12-15 23:35:46,126:INFO:The 'T' was the 1st character
2018-12-15 23:35:46,126:INFO:The 's' was the 3rd character
2018-12-15 23:35:46,126:INFO:The 't' was the 4th character
2018-12-15 23:35:46,126:INFO:The 'n' was the 6th character
2018-12-15 23:35:46,126:INFO:The 'g' was the 7th character
2018-12-15 23:35:46,126:INFO:

2018-12-15 23:35:46,126:INFO:The numbers in this password are: ['4']
2018-12-15 23:35:46,127:INFO:The '4' was the 2nd character
2018-12-15 23:35:46,127:INFO:

2018-12-15 23:35:46,127:INFO:The symbols in this password are: ['!']
2018-12-15 23:35:46,127:INFO:The '!' was the 5th character
2018-12-15 23:35:46,127:INFO:

2018-12-15 23:35:46,183:INFO:The length of 'T4st!ng' is 7
2018-12-15 23:35:46,184:INFO:As a list it looks like this ['T', '4', 's', 't', '!', 'n', 'g']
2018-12-15 23:35:46,184:INFO:The letters in this password are: ['T', 's', 't', 'n', 'g']
2018-12-15 23:35:46,184:INFO:The 'T' was the 1st character
2018-12-15 23:35:46,185:INFO:The 's' was the 3rd character
2018-12-15 23:35:46,185:INFO:The 't' was the 4th character
2018-12-15 23:35:46,185:INFO:The 'n' was the 6th character
2018-12-15 23:35:46,185:INFO:The 'g' was the 7th character
2018-12-15 23:35:46,185:INFO:

2018-12-15 23:35:46,185:INFO:The numbers in this password are: ['4']
2018-12-15 23:35:46,186:INFO:The '4' was the 2nd character
2018-12-15 23:35:46,186:INFO:

2018-12-15 23:35:46,186:INFO:The symbols in this password are: ['!']
2018-12-15 23:35:46,186:INFO:The '!' was the 5th character
2018-12-15 23:35:46,186:INFO:

2018-12-15 23:35:46,243:INFO:The length of 'T4st!ng' is 7
2018-12-15 23:35:46,244:INFO:As a list it looks like this ['T', '4', 's', 't', '!', 'n', 'g']
2018-12-15 23:35:46,244:INFO:The letters in this password are: ['T', 's', 't', 'n', 'g']
2018-12-15 23:35:46,244:INFO:The 'T' was the 1st character
2018-12-15 23:35:46,244:INFO:The 's' was the 3rd character
2018-12-15 23:35:46,245:INFO:The 't' was the 4th character
2018-12-15 23:35:46,245:INFO:The 'n' was the 6th character
2018-12-15 23:35:46,245:INFO:The 'g' was the 7th character
2018-12-15 23:35:46,245:INFO:

2018-12-15 23:35:46,245:INFO:The numbers in this password are: ['4']
2018-12-15 23:35:46,245:INFO:The '4' was the 2nd character
2018-12-15 23:35:46,245:INFO:

2018-12-15 23:35:46,245:INFO:The symbols in this password are: ['!']
2018-12-15 23:35:46,246:INFO:The '!' was the 5th character
2018-12-15 23:35:46,246:INFO:

2018-12-15 23:35:46,305:INFO:The length of 'T4st!ng' is 7
2018-12-15 23:35:46,306:INFO:As a list it looks like this ['T', '4', 's', 't', '!', 'n', 'g']
2018-12-15 23:35:46,306:INFO:The letters in this password are: ['T', 's', 't', 'n', 'g']
2018-12-15 23:35:46,306:INFO:The 'T' was the 1st character
2018-12-15 23:35:46,306:INFO:The 's' was the 3rd character
2018-12-15 23:35:46,306:INFO:The 't' was the 4th character
2018-12-15 23:35:46,306:INFO:The 'n' was the 6th character
2018-12-15 23:35:46,306:INFO:The 'g' was the 7th character
2018-12-15 23:35:46,307:INFO:

2018-12-15 23:35:46,307:INFO:The numbers in this password are: ['4']
2018-12-15 23:35:46,307:INFO:The '4' was the 2nd character
2018-12-15 23:35:46,307:INFO:

2018-12-15 23:35:46,307:INFO:The symbols in this password are: ['!']
2018-12-15 23:35:46,307:INFO:The '!' was the 5th character
2018-12-15 23:35:46,307:INFO:

2018-12-15 23:35:46,365:INFO:The length of 'T4st!ng' is 7
2018-12-15 23:35:46,366:INFO:As a list it looks like this ['T', '4', 's', 't', '!', 'n', 'g']
2018-12-15 23:35:46,366:INFO:The letters in this password are: ['T', 's', 't', 'n', 'g']
2018-12-15 23:35:46,366:INFO:The 'T' was the 1st character
2018-12-15 23:35:46,366:INFO:The 's' was the 3rd character
2018-12-15 23:35:46,367:INFO:The 't' was the 4th character
2018-12-15 23:35:46,367:INFO:The 'n' was the 6th character
2018-12-15 23:35:46,367:INFO:The 'g' was the 7th character
2018-12-15 23:35:46,367:INFO:

2018-12-15 23:35:46,367:INFO:The numbers in this password are: ['4']
2018-12-15 23:35:46,367:INFO:The '4' was the 2nd character
2018-12-15 23:35:46,367:INFO:

2018-12-15 23:35:46,367:INFO:The symbols in this password are: ['!']
2018-12-15 23:35:46,368:INFO:The '!' was the 5th character
2018-12-15 23:35:46,368:INFO:

2018-12-15 23:35:46,427:INFO:The length of 'T4st!ng' is 7
2018-12-15 23:35:46,428:INFO:As a list it looks like this ['T', '4', 's', 't', '!', 'n', 'g']
2018-12-15 23:35:46,428:INFO:The letters in this password are: ['T', 's', 't', 'n', 'g']
2018-12-15 23:35:46,428:INFO:The 'T' was the 1st character
2018-12-15 23:35:46,428:INFO:The 's' was the 3rd character
2018-12-15 23:35:46,428:INFO:The 't' was the 4th character
2018-12-15 23:35:46,428:INFO:The 'n' was the 6th character
2018-12-15 23:35:46,428:INFO:The 'g' was the 7th character
2018-12-15 23:35:46,428:INFO:

2018-12-15 23:35:46,429:INFO:The numbers in this password are: ['4']
2018-12-15 23:35:46,429:INFO:The '4' was the 2nd character
2018-12-15 23:35:46,429:INFO:

2018-12-15 23:35:46,429:INFO:The symbols in this password are: ['!']
2018-12-15 23:35:46,429:INFO:The '!' was the 5th character
2018-12-15 23:35:46,429:INFO:

2018-12-15 23:35:46,487:INFO:The length of 'T4st!ng' is 7
2018-12-15 23:35:46,488:INFO:As a list it looks like this ['T', '4', 's', 't', '!', 'n', 'g']
2018-12-15 23:35:46,488:INFO:The letters in this password are: ['T', 's', 't', 'n', 'g']
2018-12-15 23:35:46,488:INFO:The 'T' was the 1st character
2018-12-15 23:35:46,488:INFO:The 's' was the 3rd character
2018-12-15 23:35:46,489:INFO:The 't' was the 4th character
2018-12-15 23:35:46,489:INFO:The 'n' was the 6th character
2018-12-15 23:35:46,489:INFO:The 'g' was the 7th character
2018-12-15 23:35:46,489:INFO:

2018-12-15 23:35:46,489:INFO:The numbers in this password are: ['4']
2018-12-15 23:35:46,489:INFO:The '4' was the 2nd character
2018-12-15 23:35:46,490:INFO:

2018-12-15 23:35:46,490:INFO:The symbols in this password are: ['!']
2018-12-15 23:35:46,490:INFO:The '!' was the 5th character
2018-12-15 23:35:46,490:INFO:

2018-12-15 23:35:46,551:INFO:The length of 'T4st!ng' is 7
2018-12-15 23:35:46,551:INFO:As a list it looks like this ['T', '4', 's', 't', '!', 'n', 'g']
2018-12-15 23:35:46,552:INFO:The letters in this password are: ['T', 's', 't', 'n', 'g']
2018-12-15 23:35:46,552:INFO:The 'T' was the 1st character
2018-12-15 23:35:46,552:INFO:The 's' was the 3rd character
2018-12-15 23:35:46,552:INFO:The 't' was the 4th character
2018-12-15 23:35:46,553:INFO:The 'n' was the 6th character
2018-12-15 23:35:46,553:INFO:The 'g' was the 7th character
2018-12-15 23:35:46,553:INFO:

2018-12-15 23:35:46,553:INFO:The numbers in this password are: ['4']
2018-12-15 23:35:46,553:INFO:The '4' was the 2nd character
2018-12-15 23:35:46,553:INFO:

2018-12-15 23:35:46,553:INFO:The symbols in this password are: ['!']
2018-12-15 23:35:46,553:INFO:The '!' was the 5th character
2018-12-15 23:35:46,553:INFO:

2018-12-15 23:35:46,616:INFO:The length of 'T4st!ng' is 7
2018-12-15 23:35:46,618:INFO:As a list it looks like this ['T', '4', 's', 't', '!', 'n', 'g']
2018-12-15 23:35:46,618:INFO:The letters in this password are: ['T', 's', 't', 'n', 'g']
2018-12-15 23:35:46,618:INFO:The 'T' was the 1st character
2018-12-15 23:35:46,619:INFO:The 's' was the 3rd character
2018-12-15 23:35:46,619:INFO:The 't' was the 4th character
2018-12-15 23:35:46,619:INFO:The 'n' was the 6th character
2018-12-15 23:35:46,619:INFO:The 'g' was the 7th character
2018-12-15 23:35:46,619:INFO:

2018-12-15 23:35:46,619:INFO:The numbers in this password are: ['4']
2018-12-15 23:35:46,620:INFO:The '4' was the 2nd character
2018-12-15 23:35:46,620:INFO:

2018-12-15 23:35:46,620:INFO:The symbols in this password are: ['!']
2018-12-15 23:35:46,620:INFO:The '!' was the 5th character
2018-12-15 23:35:46,620:INFO:

2018-12-15 23:35:46,677:INFO:The length of 'T4st!ng' is 7
2018-12-15 23:35:46,678:INFO:As a list it looks like this ['T', '4', 's', 't', '!', 'n', 'g']
2018-12-15 23:35:46,678:INFO:The letters in this password are: ['T', 's', 't', 'n', 'g']
2018-12-15 23:35:46,678:INFO:The 'T' was the 1st character
2018-12-15 23:35:46,678:INFO:The 's' was the 3rd character
2018-12-15 23:35:46,678:INFO:The 't' was the 4th character
2018-12-15 23:35:46,678:INFO:The 'n' was the 6th character
2018-12-15 23:35:46,678:INFO:The 'g' was the 7th character
2018-12-15 23:35:46,679:INFO:

2018-12-15 23:35:46,679:INFO:The numbers in this password are: ['4']
2018-12-15 23:35:46,679:INFO:The '4' was the 2nd character
2018-12-15 23:35:46,679:INFO:

2018-12-15 23:35:46,679:INFO:The symbols in this password are: ['!']
2018-12-15 23:35:46,679:INFO:The '!' was the 5th character
2018-12-15 23:35:46,679:INFO:

2018-12-15 23:35:46,741:INFO:The length of 'T4st!ng' is 7
2018-12-15 23:35:46,742:INFO:As a list it looks like this ['T', '4', 's', 't', '!', 'n', 'g']
2018-12-15 23:35:46,742:INFO:The letters in this password are: ['T', 's', 't', 'n', 'g']
2018-12-15 23:35:46,742:INFO:The 'T' was the 1st character
2018-12-15 23:35:46,742:INFO:The 's' was the 3rd character
2018-12-15 23:35:46,742:INFO:The 't' was the 4th character
2018-12-15 23:35:46,742:INFO:The 'n' was the 6th character
2018-12-15 23:35:46,743:INFO:The 'g' was the 7th character
2018-12-15 23:35:46,743:INFO:

2018-12-15 23:35:46,743:INFO:The numbers in this password are: ['4']
2018-12-15 23:35:46,743:INFO:The '4' was the 2nd character
2018-12-15 23:35:46,743:INFO:

2018-12-15 23:35:46,743:INFO:The symbols in this password are: ['!']
2018-12-15 23:35:46,743:INFO:The '!' was the 5th character
2018-12-15 23:35:46,744:INFO:

2018-12-15 23:35:46,804:INFO:The length of 'T4st!ng' is 7
2018-12-15 23:35:46,805:INFO:As a list it looks like this ['T', '4', 's', 't', '!', 'n', 'g']
2018-12-15 23:35:46,805:INFO:The letters in this password are: ['T', 's', 't', 'n', 'g']
2018-12-15 23:35:46,805:INFO:The 'T' was the 1st character
2018-12-15 23:35:46,805:INFO:The 's' was the 3rd character
2018-12-15 23:35:46,805:INFO:The 't' was the 4th character
2018-12-15 23:35:46,805:INFO:The 'n' was the 6th character
2018-12-15 23:35:46,806:INFO:The 'g' was the 7th character
2018-12-15 23:35:46,806:INFO:

2018-12-15 23:35:46,806:INFO:The numbers in this password are: ['4']
2018-12-15 23:35:46,806:INFO:The '4' was the 2nd character
2018-12-15 23:35:46,806:INFO:

2018-12-15 23:35:46,806:INFO:The symbols in this password are: ['!']
2018-12-15 23:35:46,806:INFO:The '!' was the 5th character
2018-12-15 23:35:46,806:INFO:

2018-12-15 23:35:46,865:INFO:The length of 'T4st!ng' is 7
2018-12-15 23:35:46,866:INFO:As a list it looks like this ['T', '4', 's', 't', '!', 'n', 'g']
2018-12-15 23:35:46,866:INFO:The letters in this password are: ['T', 's', 't', 'n', 'g']
2018-12-15 23:35:46,866:INFO:The 'T' was the 1st character
2018-12-15 23:35:46,866:INFO:The 's' was the 3rd character
2018-12-15 23:35:46,866:INFO:The 't' was the 4th character
2018-12-15 23:35:46,866:INFO:The 'n' was the 6th character
2018-12-15 23:35:46,866:INFO:The 'g' was the 7th character
2018-12-15 23:35:46,867:INFO:

2018-12-15 23:35:46,867:INFO:The numbers in this password are: ['4']
2018-12-15 23:35:46,867:INFO:The '4' was the 2nd character
2018-12-15 23:35:46,867:INFO:

2018-12-15 23:35:46,867:INFO:The symbols in this password are: ['!']
2018-12-15 23:35:46,867:INFO:The '!' was the 5th character
2018-12-15 23:35:46,868:INFO:

2018-12-15 23:35:46,930:INFO:The length of 'T4st!ng' is 7
2018-12-15 23:35:46,930:INFO:As a list it looks like this ['T', '4', 's', 't', '!', 'n', 'g']
2018-12-15 23:35:46,930:INFO:The letters in this password are: ['T', 's', 't', 'n', 'g']
2018-12-15 23:35:46,931:INFO:The 'T' was the 1st character
2018-12-15 23:35:46,931:INFO:The 's' was the 3rd character
2018-12-15 23:35:46,931:INFO:The 't' was the 4th character
2018-12-15 23:35:46,931:INFO:The 'n' was the 6th character
2018-12-15 23:35:46,931:INFO:The 'g' was the 7th character
2018-12-15 23:35:46,931:INFO:

2018-12-15 23:35:46,931:INFO:The numbers in this password are: ['4']
2018-12-15 23:35:46,931:INFO:The '4' was the 2nd character
2018-12-15 23:35:46,932:INFO:

2018-12-15 23:35:46,932:INFO:The symbols in this password are: ['!']
2018-12-15 23:35:46,932:INFO:The '!' was the 5th character
2018-12-15 23:35:46,932:INFO:

2018-12-15 23:35:46,998:INFO:The length of 'T4st!ng' is 7
2018-12-15 23:35:46,999:INFO:As a list it looks like this ['T', '4', 's', 't', '!', 'n', 'g']
2018-12-15 23:35:46,999:INFO:The letters in this password are: ['T', 's', 't', 'n', 'g']
2018-12-15 23:35:46,999:INFO:The 'T' was the 1st character
2018-12-15 23:35:47,000:INFO:The 's' was the 3rd character
2018-12-15 23:35:47,000:INFO:The 't' was the 4th character
2018-12-15 23:35:47,000:INFO:The 'n' was the 6th character
2018-12-15 23:35:47,000:INFO:The 'g' was the 7th character
2018-12-15 23:35:47,000:INFO:

2018-12-15 23:35:47,000:INFO:The numbers in this password are: ['4']
2018-12-15 23:35:47,001:INFO:The '4' was the 2nd character
2018-12-15 23:35:47,001:INFO:

2018-12-15 23:35:47,001:INFO:The symbols in this password are: ['!']
2018-12-15 23:35:47,001:INFO:The '!' was the 5th character
2018-12-15 23:35:47,001:INFO:

2018-12-15 23:35:47,060:INFO:The length of 'T4st!ng' is 7
2018-12-15 23:35:47,061:INFO:As a list it looks like this ['T', '4', 's', 't', '!', 'n', 'g']
2018-12-15 23:35:47,061:INFO:The letters in this password are: ['T', 's', 't', 'n', 'g']
2018-12-15 23:35:47,061:INFO:The 'T' was the 1st character
2018-12-15 23:35:47,061:INFO:The 's' was the 3rd character
2018-12-15 23:35:47,061:INFO:The 't' was the 4th character
2018-12-15 23:35:47,062:INFO:The 'n' was the 6th character
2018-12-15 23:35:47,062:INFO:The 'g' was the 7th character
2018-12-15 23:35:47,062:INFO:

2018-12-15 23:35:47,062:INFO:The numbers in this password are: ['4']
2018-12-15 23:35:47,062:INFO:The '4' was the 2nd character
2018-12-15 23:35:47,062:INFO:

2018-12-15 23:35:47,062:INFO:The symbols in this password are: ['!']
2018-12-15 23:35:47,062:INFO:The '!' was the 5th character
2018-12-15 23:35:47,063:INFO:

2018-12-15 23:35:47,121:INFO:The length of 'T4st!ng' is 7
2018-12-15 23:35:47,122:INFO:As a list it looks like this ['T', '4', 's', 't', '!', 'n', 'g']
2018-12-15 23:35:47,122:INFO:The letters in this password are: ['T', 's', 't', 'n', 'g']
2018-12-15 23:35:47,122:INFO:The 'T' was the 1st character
2018-12-15 23:35:47,122:INFO:The 's' was the 3rd character
2018-12-15 23:35:47,123:INFO:The 't' was the 4th character
2018-12-15 23:35:47,123:INFO:The 'n' was the 6th character
2018-12-15 23:35:47,123:INFO:The 'g' was the 7th character
2018-12-15 23:35:47,123:INFO:

2018-12-15 23:35:47,123:INFO:The numbers in this password are: ['4']
2018-12-15 23:35:47,124:INFO:The '4' was the 2nd character
2018-12-15 23:35:47,124:INFO:

2018-12-15 23:35:47,124:INFO:The symbols in this password are: ['!']
2018-12-15 23:35:47,124:INFO:The '!' was the 5th character
2018-12-15 23:35:47,124:INFO:

2018-12-15 23:35:47,181:INFO:The length of 'T4st!ng' is 7
2018-12-15 23:35:47,181:INFO:As a list it looks like this ['T', '4', 's', 't', '!', 'n', 'g']
2018-12-15 23:35:47,181:INFO:The letters in this password are: ['T', 's', 't', 'n', 'g']
2018-12-15 23:35:47,181:INFO:The 'T' was the 1st character
2018-12-15 23:35:47,181:INFO:The 's' was the 3rd character
2018-12-15 23:35:47,182:INFO:The 't' was the 4th character
2018-12-15 23:35:47,182:INFO:The 'n' was the 6th character
2018-12-15 23:35:47,182:INFO:The 'g' was the 7th character
2018-12-15 23:35:47,182:INFO:

2018-12-15 23:35:47,182:INFO:The numbers in this password are: ['4']
2018-12-15 23:35:47,182:INFO:The '4' was the 2nd character
2018-12-15 23:35:47,182:INFO:

2018-12-15 23:35:47,183:INFO:The symbols in this password are: ['!']
2018-12-15 23:35:47,183:INFO:The '!' was the 5th character
2018-12-15 23:35:47,183:INFO:

2018-12-15 23:35:47,250:INFO:The length of 'T4st!ng' is 7
2018-12-15 23:35:47,250:INFO:As a list it looks like this ['T', '4', 's', 't', '!', 'n', 'g']
2018-12-15 23:35:47,251:INFO:The letters in this password are: ['T', 's', 't', 'n', 'g']
2018-12-15 23:35:47,251:INFO:The 'T' was the 1st character
2018-12-15 23:35:47,251:INFO:The 's' was the 3rd character
2018-12-15 23:35:47,251:INFO:The 't' was the 4th character
2018-12-15 23:35:47,252:INFO:The 'n' was the 6th character
2018-12-15 23:35:47,252:INFO:The 'g' was the 7th character
2018-12-15 23:35:47,252:INFO:

2018-12-15 23:35:47,252:INFO:The numbers in this password are: ['4']
2018-12-15 23:35:47,252:INFO:The '4' was the 2nd character
2018-12-15 23:35:47,252:INFO:

2018-12-15 23:35:47,253:INFO:The symbols in this password are: ['!']
2018-12-15 23:35:47,253:INFO:The '!' was the 5th character
2018-12-15 23:35:47,253:INFO:

2018-12-15 23:35:47,310:INFO:The length of 'T4st!ng' is 7
2018-12-15 23:35:47,311:INFO:As a list it looks like this ['T', '4', 's', 't', '!', 'n', 'g']
2018-12-15 23:35:47,311:INFO:The letters in this password are: ['T', 's', 't', 'n', 'g']
2018-12-15 23:35:47,311:INFO:The 'T' was the 1st character
2018-12-15 23:35:47,311:INFO:The 's' was the 3rd character
2018-12-15 23:35:47,311:INFO:The 't' was the 4th character
2018-12-15 23:35:47,312:INFO:The 'n' was the 6th character
2018-12-15 23:35:47,312:INFO:The 'g' was the 7th character
2018-12-15 23:35:47,312:INFO:

2018-12-15 23:35:47,312:INFO:The numbers in this password are: ['4']
2018-12-15 23:35:47,312:INFO:The '4' was the 2nd character
2018-12-15 23:35:47,312:INFO:

2018-12-15 23:35:47,313:INFO:The symbols in this password are: ['!']
2018-12-15 23:35:47,313:INFO:The '!' was the 5th character
2018-12-15 23:35:47,313:INFO:

2018-12-15 23:35:47,379:INFO:The length of 'T4st!ng' is 7
2018-12-15 23:35:47,379:INFO:As a list it looks like this ['T', '4', 's', 't', '!', 'n', 'g']
2018-12-15 23:35:47,379:INFO:The letters in this password are: ['T', 's', 't', 'n', 'g']
2018-12-15 23:35:47,379:INFO:The 'T' was the 1st character
2018-12-15 23:35:47,380:INFO:The 's' was the 3rd character
2018-12-15 23:35:47,380:INFO:The 't' was the 4th character
2018-12-15 23:35:47,380:INFO:The 'n' was the 6th character
2018-12-15 23:35:47,380:INFO:The 'g' was the 7th character
2018-12-15 23:35:47,380:INFO:

2018-12-15 23:35:47,380:INFO:The numbers in this password are: ['4']
2018-12-15 23:35:47,380:INFO:The '4' was the 2nd character
2018-12-15 23:35:47,380:INFO:

2018-12-15 23:35:47,381:INFO:The symbols in this password are: ['!']
2018-12-15 23:35:47,381:INFO:The '!' was the 5th character
2018-12-15 23:35:47,381:INFO:

2018-12-15 23:35:47,449:INFO:The length of 'T4st!ng' is 7
2018-12-15 23:35:47,450:INFO:As a list it looks like this ['T', '4', 's', 't', '!', 'n', 'g']
2018-12-15 23:35:47,450:INFO:The letters in this password are: ['T', 's', 't', 'n', 'g']
2018-12-15 23:35:47,450:INFO:The 'T' was the 1st character
2018-12-15 23:35:47,451:INFO:The 's' was the 3rd character
2018-12-15 23:35:47,451:INFO:The 't' was the 4th character
2018-12-15 23:35:47,451:INFO:The 'n' was the 6th character
2018-12-15 23:35:47,451:INFO:The 'g' was the 7th character
2018-12-15 23:35:47,451:INFO:

2018-12-15 23:35:47,452:INFO:The numbers in this password are: ['4']
2018-12-15 23:35:47,452:INFO:The '4' was the 2nd character
2018-12-15 23:35:47,452:INFO:

2018-12-15 23:35:47,452:INFO:The symbols in this password are: ['!']
2018-12-15 23:35:47,452:INFO:The '!' was the 5th character
2018-12-15 23:35:47,453:INFO:

2018-12-15 23:35:47,517:INFO:The length of 'T4st!ng' is 7
2018-12-15 23:35:47,517:INFO:As a list it looks like this ['T', '4', 's', 't', '!', 'n', 'g']
2018-12-15 23:35:47,518:INFO:The letters in this password are: ['T', 's', 't', 'n', 'g']
2018-12-15 23:35:47,518:INFO:The 'T' was the 1st character
2018-12-15 23:35:47,518:INFO:The 's' was the 3rd character
2018-12-15 23:35:47,519:INFO:The 't' was the 4th character
2018-12-15 23:35:47,519:INFO:The 'n' was the 6th character
2018-12-15 23:35:47,519:INFO:The 'g' was the 7th character
2018-12-15 23:35:47,520:INFO:

2018-12-15 23:35:47,520:INFO:The numbers in this password are: ['4']
2018-12-15 23:35:47,520:INFO:The '4' was the 2nd character
2018-12-15 23:35:47,520:INFO:

2018-12-15 23:35:47,520:INFO:The symbols in this password are: ['!']
2018-12-15 23:35:47,520:INFO:The '!' was the 5th character
2018-12-15 23:35:47,521:INFO:

2018-12-15 23:35:47,590:INFO:The length of 'T4st!ng' is 7
2018-12-15 23:35:47,591:INFO:As a list it looks like this ['T', '4', 's', 't', '!', 'n', 'g']
2018-12-15 23:35:47,591:INFO:The letters in this password are: ['T', 's', 't', 'n', 'g']
2018-12-15 23:35:47,591:INFO:The 'T' was the 1st character
2018-12-15 23:35:47,591:INFO:The 's' was the 3rd character
2018-12-15 23:35:47,591:INFO:The 't' was the 4th character
2018-12-15 23:35:47,592:INFO:The 'n' was the 6th character
2018-12-15 23:35:47,592:INFO:The 'g' was the 7th character
2018-12-15 23:35:47,592:INFO:

2018-12-15 23:35:47,592:INFO:The numbers in this password are: ['4']
2018-12-15 23:35:47,592:INFO:The '4' was the 2nd character
2018-12-15 23:35:47,592:INFO:

2018-12-15 23:35:47,592:INFO:The symbols in this password are: ['!']
2018-12-15 23:35:47,593:INFO:The '!' was the 5th character
2018-12-15 23:35:47,593:INFO:

2018-12-15 23:35:47,659:INFO:The length of 'T4st!ng' is 7
2018-12-15 23:35:47,659:INFO:As a list it looks like this ['T', '4', 's', 't', '!', 'n', 'g']
2018-12-15 23:35:47,660:INFO:The letters in this password are: ['T', 's', 't', 'n', 'g']
2018-12-15 23:35:47,660:INFO:The 'T' was the 1st character
2018-12-15 23:35:47,660:INFO:The 's' was the 3rd character
2018-12-15 23:35:47,660:INFO:The 't' was the 4th character
2018-12-15 23:35:47,660:INFO:The 'n' was the 6th character
2018-12-15 23:35:47,660:INFO:The 'g' was the 7th character
2018-12-15 23:35:47,660:INFO:

2018-12-15 23:35:47,661:INFO:The numbers in this password are: ['4']
2018-12-15 23:35:47,661:INFO:The '4' was the 2nd character
2018-12-15 23:35:47,661:INFO:

2018-12-15 23:35:47,661:INFO:The symbols in this password are: ['!']
2018-12-15 23:35:47,661:INFO:The '!' was the 5th character
2018-12-15 23:35:47,662:INFO:

2018-12-15 23:35:47,720:INFO:The length of 'T4st!ng' is 7
2018-12-15 23:35:47,720:INFO:As a list it looks like this ['T', '4', 's', 't', '!', 'n', 'g']
2018-12-15 23:35:47,721:INFO:The letters in this password are: ['T', 's', 't', 'n', 'g']
2018-12-15 23:35:47,721:INFO:The 'T' was the 1st character
2018-12-15 23:35:47,721:INFO:The 's' was the 3rd character
2018-12-15 23:35:47,721:INFO:The 't' was the 4th character
2018-12-15 23:35:47,721:INFO:The 'n' was the 6th character
2018-12-15 23:35:47,722:INFO:The 'g' was the 7th character
2018-12-15 23:35:47,722:INFO:

2018-12-15 23:35:47,722:INFO:The numbers in this password are: ['4']
2018-12-15 23:35:47,722:INFO:The '4' was the 2nd character
2018-12-15 23:35:47,722:INFO:

2018-12-15 23:35:47,722:INFO:The symbols in this password are: ['!']
2018-12-15 23:35:47,722:INFO:The '!' was the 5th character
2018-12-15 23:35:47,722:INFO:

2018-12-15 23:35:47,778:INFO:The length of 'T4st!ng' is 7
2018-12-15 23:35:47,778:INFO:As a list it looks like this ['T', '4', 's', 't', '!', 'n', 'g']
2018-12-15 23:35:47,779:INFO:The letters in this password are: ['T', 's', 't', 'n', 'g']
2018-12-15 23:35:47,779:INFO:The 'T' was the 1st character
2018-12-15 23:35:47,779:INFO:The 's' was the 3rd character
2018-12-15 23:35:47,779:INFO:The 't' was the 4th character
2018-12-15 23:35:47,779:INFO:The 'n' was the 6th character
2018-12-15 23:35:47,779:INFO:The 'g' was the 7th character
2018-12-15 23:35:47,779:INFO:

2018-12-15 23:35:47,780:INFO:The numbers in this password are: ['4']
2018-12-15 23:35:47,780:INFO:The '4' was the 2nd character
2018-12-15 23:35:47,780:INFO:

2018-12-15 23:35:47,780:INFO:The symbols in this password are: ['!']
2018-12-15 23:35:47,780:INFO:The '!' was the 5th character
2018-12-15 23:35:47,780:INFO:

2018-12-15 23:35:47,843:INFO:The length of 'T4st!ng' is 7
2018-12-15 23:35:47,844:INFO:As a list it looks like this ['T', '4', 's', 't', '!', 'n', 'g']
2018-12-15 23:35:47,844:INFO:The letters in this password are: ['T', 's', 't', 'n', 'g']
2018-12-15 23:35:47,844:INFO:The 'T' was the 1st character
2018-12-15 23:35:47,844:INFO:The 's' was the 3rd character
2018-12-15 23:35:47,844:INFO:The 't' was the 4th character
2018-12-15 23:35:47,845:INFO:The 'n' was the 6th character
2018-12-15 23:35:47,845:INFO:The 'g' was the 7th character
2018-12-15 23:35:47,845:INFO:

2018-12-15 23:35:47,845:INFO:The numbers in this password are: ['4']
2018-12-15 23:35:47,845:INFO:The '4' was the 2nd character
2018-12-15 23:35:47,845:INFO:

2018-12-15 23:35:47,846:INFO:The symbols in this password are: ['!']
2018-12-15 23:35:47,846:INFO:The '!' was the 5th character
2018-12-15 23:35:47,846:INFO:

2018-12-15 23:35:47,905:INFO:The length of 'T4st!ng' is 7
2018-12-15 23:35:47,905:INFO:As a list it looks like this ['T', '4', 's', 't', '!', 'n', 'g']
2018-12-15 23:35:47,906:INFO:The letters in this password are: ['T', 's', 't', 'n', 'g']
2018-12-15 23:35:47,906:INFO:The 'T' was the 1st character
2018-12-15 23:35:47,906:INFO:The 's' was the 3rd character
2018-12-15 23:35:47,906:INFO:The 't' was the 4th character
2018-12-15 23:35:47,906:INFO:The 'n' was the 6th character
2018-12-15 23:35:47,906:INFO:The 'g' was the 7th character
2018-12-15 23:35:47,906:INFO:

2018-12-15 23:35:47,907:INFO:The numbers in this password are: ['4']
2018-12-15 23:35:47,907:INFO:The '4' was the 2nd character
2018-12-15 23:35:47,907:INFO:

2018-12-15 23:35:47,907:INFO:The symbols in this password are: ['!']
2018-12-15 23:35:47,907:INFO:The '!' was the 5th character
2018-12-15 23:35:47,907:INFO:

2018-12-15 23:35:47,963:INFO:The length of 'T4st!ng' is 7
2018-12-15 23:35:47,963:INFO:As a list it looks like this ['T', '4', 's', 't', '!', 'n', 'g']
2018-12-15 23:35:47,964:INFO:The letters in this password are: ['T', 's', 't', 'n', 'g']
2018-12-15 23:35:47,964:INFO:The 'T' was the 1st character
2018-12-15 23:35:47,964:INFO:The 's' was the 3rd character
2018-12-15 23:35:47,964:INFO:The 't' was the 4th character
2018-12-15 23:35:47,964:INFO:The 'n' was the 6th character
2018-12-15 23:35:47,964:INFO:The 'g' was the 7th character
2018-12-15 23:35:47,964:INFO:

2018-12-15 23:35:47,965:INFO:The numbers in this password are: ['4']
2018-12-15 23:35:47,965:INFO:The '4' was the 2nd character
2018-12-15 23:35:47,965:INFO:

2018-12-15 23:35:47,965:INFO:The symbols in this password are: ['!']
2018-12-15 23:35:47,965:INFO:The '!' was the 5th character
2018-12-15 23:35:47,965:INFO:

2018-12-15 23:35:48,026:INFO:The length of 'T4st!ng' is 7
2018-12-15 23:35:48,026:INFO:As a list it looks like this ['T', '4', 's', 't', '!', 'n', 'g']
2018-12-15 23:35:48,027:INFO:The letters in this password are: ['T', 's', 't', 'n', 'g']
2018-12-15 23:35:48,027:INFO:The 'T' was the 1st character
2018-12-15 23:35:48,027:INFO:The 's' was the 3rd character
2018-12-15 23:35:48,027:INFO:The 't' was the 4th character
2018-12-15 23:35:48,028:INFO:The 'n' was the 6th character
2018-12-15 23:35:48,028:INFO:The 'g' was the 7th character
2018-12-15 23:35:48,028:INFO:

2018-12-15 23:35:48,028:INFO:The numbers in this password are: ['4']
2018-12-15 23:35:48,028:INFO:The '4' was the 2nd character
2018-12-15 23:35:48,028:INFO:

2018-12-15 23:35:48,028:INFO:The symbols in this password are: ['!']
2018-12-15 23:35:48,029:INFO:The '!' was the 5th character
2018-12-15 23:35:48,029:INFO:

2018-12-15 23:35:48,086:INFO:The length of 'T4st!ng' is 7
2018-12-15 23:35:48,087:INFO:As a list it looks like this ['T', '4', 's', 't', '!', 'n', 'g']
2018-12-15 23:35:48,087:INFO:The letters in this password are: ['T', 's', 't', 'n', 'g']
2018-12-15 23:35:48,087:INFO:The 'T' was the 1st character
2018-12-15 23:35:48,087:INFO:The 's' was the 3rd character
2018-12-15 23:35:48,088:INFO:The 't' was the 4th character
2018-12-15 23:35:48,088:INFO:The 'n' was the 6th character
2018-12-15 23:35:48,088:INFO:The 'g' was the 7th character
2018-12-15 23:35:48,088:INFO:

2018-12-15 23:35:48,088:INFO:The numbers in this password are: ['4']
2018-12-15 23:35:48,088:INFO:The '4' was the 2nd character
2018-12-15 23:35:48,088:INFO:

2018-12-15 23:35:48,089:INFO:The symbols in this password are: ['!']
2018-12-15 23:35:48,089:INFO:The '!' was the 5th character
2018-12-15 23:35:48,089:INFO:

2018-12-15 23:35:48,147:INFO:The length of 'T4st!ng' is 7
2018-12-15 23:35:48,148:INFO:As a list it looks like this ['T', '4', 's', 't', '!', 'n', 'g']
2018-12-15 23:35:48,148:INFO:The letters in this password are: ['T', 's', 't', 'n', 'g']
2018-12-15 23:35:48,148:INFO:The 'T' was the 1st character
2018-12-15 23:35:48,149:INFO:The 's' was the 3rd character
2018-12-15 23:35:48,149:INFO:The 't' was the 4th character
2018-12-15 23:35:48,149:INFO:The 'n' was the 6th character
2018-12-15 23:35:48,149:INFO:The 'g' was the 7th character
2018-12-15 23:35:48,149:INFO:

2018-12-15 23:35:48,149:INFO:The numbers in this password are: ['4']
2018-12-15 23:35:48,150:INFO:The '4' was the 2nd character
2018-12-15 23:35:48,150:INFO:

2018-12-15 23:35:48,150:INFO:The symbols in this password are: ['!']
2018-12-15 23:35:48,150:INFO:The '!' was the 5th character
2018-12-15 23:35:48,150:INFO:

2018-12-15 23:35:48,209:INFO:The length of 'T4st!ng' is 7
2018-12-15 23:35:48,209:INFO:As a list it looks like this ['T', '4', 's', 't', '!', 'n', 'g']
2018-12-15 23:35:48,209:INFO:The letters in this password are: ['T', 's', 't', 'n', 'g']
2018-12-15 23:35:48,210:INFO:The 'T' was the 1st character
2018-12-15 23:35:48,210:INFO:The 's' was the 3rd character
2018-12-15 23:35:48,210:INFO:The 't' was the 4th character
2018-12-15 23:35:48,210:INFO:The 'n' was the 6th character
2018-12-15 23:35:48,210:INFO:The 'g' was the 7th character
2018-12-15 23:35:48,210:INFO:

2018-12-15 23:35:48,210:INFO:The numbers in this password are: ['4']
2018-12-15 23:35:48,211:INFO:The '4' was the 2nd character
2018-12-15 23:35:48,211:INFO:

2018-12-15 23:35:48,211:INFO:The symbols in this password are: ['!']
2018-12-15 23:35:48,211:INFO:The '!' was the 5th character
2018-12-15 23:35:48,211:INFO:

2018-12-15 23:35:48,271:INFO:The length of 'T4st!ng' is 7
2018-12-15 23:35:48,272:INFO:As a list it looks like this ['T', '4', 's', 't', '!', 'n', 'g']
2018-12-15 23:35:48,272:INFO:The letters in this password are: ['T', 's', 't', 'n', 'g']
2018-12-15 23:35:48,272:INFO:The 'T' was the 1st character
2018-12-15 23:35:48,272:INFO:The 's' was the 3rd character
2018-12-15 23:35:48,272:INFO:The 't' was the 4th character
2018-12-15 23:35:48,273:INFO:The 'n' was the 6th character
2018-12-15 23:35:48,273:INFO:The 'g' was the 7th character
2018-12-15 23:35:48,273:INFO:

2018-12-15 23:35:48,273:INFO:The numbers in this password are: ['4']
2018-12-15 23:35:48,273:INFO:The '4' was the 2nd character
2018-12-15 23:35:48,273:INFO:

2018-12-15 23:35:48,273:INFO:The symbols in this password are: ['!']
2018-12-15 23:35:48,274:INFO:The '!' was the 5th character
2018-12-15 23:35:48,274:INFO:

2018-12-15 23:35:48,334:INFO:The length of 'T4st!ng' is 7
2018-12-15 23:35:48,334:INFO:As a list it looks like this ['T', '4', 's', 't', '!', 'n', 'g']
2018-12-15 23:35:48,334:INFO:The letters in this password are: ['T', 's', 't', 'n', 'g']
2018-12-15 23:35:48,334:INFO:The 'T' was the 1st character
2018-12-15 23:35:48,335:INFO:The 's' was the 3rd character
2018-12-15 23:35:48,335:INFO:The 't' was the 4th character
2018-12-15 23:35:48,335:INFO:The 'n' was the 6th character
2018-12-15 23:35:48,335:INFO:The 'g' was the 7th character
2018-12-15 23:35:48,335:INFO:

2018-12-15 23:35:48,335:INFO:The numbers in this password are: ['4']
2018-12-15 23:35:48,335:INFO:The '4' was the 2nd character
2018-12-15 23:35:48,335:INFO:

2018-12-15 23:35:48,336:INFO:The symbols in this password are: ['!']
2018-12-15 23:35:48,336:INFO:The '!' was the 5th character
2018-12-15 23:35:48,336:INFO:

2018-12-15 23:35:48,391:INFO:The length of 'T4st!ng' is 7
2018-12-15 23:35:48,391:INFO:As a list it looks like this ['T', '4', 's', 't', '!', 'n', 'g']
2018-12-15 23:35:48,392:INFO:The letters in this password are: ['T', 's', 't', 'n', 'g']
2018-12-15 23:35:48,392:INFO:The 'T' was the 1st character
2018-12-15 23:35:48,392:INFO:The 's' was the 3rd character
2018-12-15 23:35:48,392:INFO:The 't' was the 4th character
2018-12-15 23:35:48,392:INFO:The 'n' was the 6th character
2018-12-15 23:35:48,392:INFO:The 'g' was the 7th character
2018-12-15 23:35:48,392:INFO:

2018-12-15 23:35:48,392:INFO:The numbers in this password are: ['4']
2018-12-15 23:35:48,393:INFO:The '4' was the 2nd character
2018-12-15 23:35:48,393:INFO:

2018-12-15 23:35:48,393:INFO:The symbols in this password are: ['!']
2018-12-15 23:35:48,393:INFO:The '!' was the 5th character
2018-12-15 23:35:48,393:INFO:

2018-12-15 23:35:48,453:INFO:The length of 'T4st!ng' is 7
2018-12-15 23:35:48,453:INFO:As a list it looks like this ['T', '4', 's', 't', '!', 'n', 'g']
2018-12-15 23:35:48,454:INFO:The letters in this password are: ['T', 's', 't', 'n', 'g']
2018-12-15 23:35:48,454:INFO:The 'T' was the 1st character
2018-12-15 23:35:48,454:INFO:The 's' was the 3rd character
2018-12-15 23:35:48,454:INFO:The 't' was the 4th character
2018-12-15 23:35:48,455:INFO:The 'n' was the 6th character
2018-12-15 23:35:48,455:INFO:The 'g' was the 7th character
2018-12-15 23:35:48,455:INFO:

2018-12-15 23:35:48,455:INFO:The numbers in this password are: ['4']
2018-12-15 23:35:48,455:INFO:The '4' was the 2nd character
2018-12-15 23:35:48,455:INFO:

2018-12-15 23:35:48,456:INFO:The symbols in this password are: ['!']
2018-12-15 23:35:48,456:INFO:The '!' was the 5th character
2018-12-15 23:35:48,456:INFO:

2018-12-15 23:35:48,512:INFO:The length of 'T4st!ng' is 7
2018-12-15 23:35:48,512:INFO:As a list it looks like this ['T', '4', 's', 't', '!', 'n', 'g']
2018-12-15 23:35:48,513:INFO:The letters in this password are: ['T', 's', 't', 'n', 'g']
2018-12-15 23:35:48,513:INFO:The 'T' was the 1st character
2018-12-15 23:35:48,513:INFO:The 's' was the 3rd character
2018-12-15 23:35:48,513:INFO:The 't' was the 4th character
2018-12-15 23:35:48,513:INFO:The 'n' was the 6th character
2018-12-15 23:35:48,514:INFO:The 'g' was the 7th character
2018-12-15 23:35:48,514:INFO:

2018-12-15 23:35:48,514:INFO:The numbers in this password are: ['4']
2018-12-15 23:35:48,514:INFO:The '4' was the 2nd character
2018-12-15 23:35:48,514:INFO:

2018-12-15 23:35:48,514:INFO:The symbols in this password are: ['!']
2018-12-15 23:35:48,514:INFO:The '!' was the 5th character
2018-12-15 23:35:48,515:INFO:

2018-12-15 23:35:48,574:INFO:The length of 'T4st!ng' is 7
2018-12-15 23:35:48,574:INFO:As a list it looks like this ['T', '4', 's', 't', '!', 'n', 'g']
2018-12-15 23:35:48,575:INFO:The letters in this password are: ['T', 's', 't', 'n', 'g']
2018-12-15 23:35:48,575:INFO:The 'T' was the 1st character
2018-12-15 23:35:48,575:INFO:The 's' was the 3rd character
2018-12-15 23:35:48,575:INFO:The 't' was the 4th character
2018-12-15 23:35:48,575:INFO:The 'n' was the 6th character
2018-12-15 23:35:48,575:INFO:The 'g' was the 7th character
2018-12-15 23:35:48,575:INFO:

2018-12-15 23:35:48,575:INFO:The numbers in this password are: ['4']
2018-12-15 23:35:48,576:INFO:The '4' was the 2nd character
2018-12-15 23:35:48,576:INFO:

2018-12-15 23:35:48,576:INFO:The symbols in this password are: ['!']
2018-12-15 23:35:48,576:INFO:The '!' was the 5th character
2018-12-15 23:35:48,576:INFO:

2018-12-15 23:35:48,635:INFO:The length of 'T4st!ng' is 7
2018-12-15 23:35:48,636:INFO:As a list it looks like this ['T', '4', 's', 't', '!', 'n', 'g']
2018-12-15 23:35:48,636:INFO:The letters in this password are: ['T', 's', 't', 'n', 'g']
2018-12-15 23:35:48,636:INFO:The 'T' was the 1st character
2018-12-15 23:35:48,636:INFO:The 's' was the 3rd character
2018-12-15 23:35:48,636:INFO:The 't' was the 4th character
2018-12-15 23:35:48,636:INFO:The 'n' was the 6th character
2018-12-15 23:35:48,637:INFO:The 'g' was the 7th character
2018-12-15 23:35:48,637:INFO:

2018-12-15 23:35:48,637:INFO:The numbers in this password are: ['4']
2018-12-15 23:35:48,637:INFO:The '4' was the 2nd character
2018-12-15 23:35:48,638:INFO:

2018-12-15 23:35:48,638:INFO:The symbols in this password are: ['!']
2018-12-15 23:35:48,638:INFO:The '!' was the 5th character
2018-12-15 23:35:48,638:INFO:

2018-12-15 23:35:48,694:INFO:The length of 'T4st!ng' is 7
2018-12-15 23:35:48,695:INFO:As a list it looks like this ['T', '4', 's', 't', '!', 'n', 'g']
2018-12-15 23:35:48,695:INFO:The letters in this password are: ['T', 's', 't', 'n', 'g']
2018-12-15 23:35:48,695:INFO:The 'T' was the 1st character
2018-12-15 23:35:48,695:INFO:The 's' was the 3rd character
2018-12-15 23:35:48,695:INFO:The 't' was the 4th character
2018-12-15 23:35:48,695:INFO:The 'n' was the 6th character
2018-12-15 23:35:48,696:INFO:The 'g' was the 7th character
2018-12-15 23:35:48,696:INFO:

2018-12-15 23:35:48,696:INFO:The numbers in this password are: ['4']
2018-12-15 23:35:48,696:INFO:The '4' was the 2nd character
2018-12-15 23:35:48,696:INFO:

2018-12-15 23:35:48,696:INFO:The symbols in this password are: ['!']
2018-12-15 23:35:48,697:INFO:The '!' was the 5th character
2018-12-15 23:35:48,697:INFO:

2018-12-15 23:35:48,756:INFO:The length of 'T4st!ng' is 7
2018-12-15 23:35:48,756:INFO:As a list it looks like this ['T', '4', 's', 't', '!', 'n', 'g']
2018-12-15 23:35:48,756:INFO:The letters in this password are: ['T', 's', 't', 'n', 'g']
2018-12-15 23:35:48,757:INFO:The 'T' was the 1st character
2018-12-15 23:35:48,757:INFO:The 's' was the 3rd character
2018-12-15 23:35:48,757:INFO:The 't' was the 4th character
2018-12-15 23:35:48,757:INFO:The 'n' was the 6th character
2018-12-15 23:35:48,757:INFO:The 'g' was the 7th character
2018-12-15 23:35:48,757:INFO:

2018-12-15 23:35:48,757:INFO:The numbers in this password are: ['4']
2018-12-15 23:35:48,758:INFO:The '4' was the 2nd character
2018-12-15 23:35:48,758:INFO:

2018-12-15 23:35:48,758:INFO:The symbols in this password are: ['!']
2018-12-15 23:35:48,758:INFO:The '!' was the 5th character
2018-12-15 23:35:48,758:INFO:

2018-12-15 23:35:48,815:INFO:The length of 'T4st!ng' is 7
2018-12-15 23:35:48,815:INFO:As a list it looks like this ['T', '4', 's', 't', '!', 'n', 'g']
2018-12-15 23:35:48,815:INFO:The letters in this password are: ['T', 's', 't', 'n', 'g']
2018-12-15 23:35:48,815:INFO:The 'T' was the 1st character
2018-12-15 23:35:48,816:INFO:The 's' was the 3rd character
2018-12-15 23:35:48,816:INFO:The 't' was the 4th character
2018-12-15 23:35:48,816:INFO:The 'n' was the 6th character
2018-12-15 23:35:48,816:INFO:The 'g' was the 7th character
2018-12-15 23:35:48,816:INFO:

2018-12-15 23:35:48,816:INFO:The numbers in this password are: ['4']
2018-12-15 23:35:48,817:INFO:The '4' was the 2nd character
2018-12-15 23:35:48,817:INFO:

2018-12-15 23:35:48,817:INFO:The symbols in this password are: ['!']
2018-12-15 23:35:48,817:INFO:The '!' was the 5th character
2018-12-15 23:35:48,817:INFO:

2018-12-15 23:35:48,875:INFO:The length of 'T4st!ng' is 7
2018-12-15 23:35:48,875:INFO:As a list it looks like this ['T', '4', 's', 't', '!', 'n', 'g']
2018-12-15 23:35:48,876:INFO:The letters in this password are: ['T', 's', 't', 'n', 'g']
2018-12-15 23:35:48,876:INFO:The 'T' was the 1st character
2018-12-15 23:35:48,876:INFO:The 's' was the 3rd character
2018-12-15 23:35:48,876:INFO:The 't' was the 4th character
2018-12-15 23:35:48,876:INFO:The 'n' was the 6th character
2018-12-15 23:35:48,876:INFO:The 'g' was the 7th character
2018-12-15 23:35:48,876:INFO:

2018-12-15 23:35:48,876:INFO:The numbers in this password are: ['4']
2018-12-15 23:35:48,877:INFO:The '4' was the 2nd character
2018-12-15 23:35:48,877:INFO:

2018-12-15 23:35:48,877:INFO:The symbols in this password are: ['!']
2018-12-15 23:35:48,877:INFO:The '!' was the 5th character
2018-12-15 23:35:48,877:INFO:

2018-12-15 23:35:48,936:INFO:The length of 'T4st!ng' is 7
2018-12-15 23:35:48,937:INFO:As a list it looks like this ['T', '4', 's', 't', '!', 'n', 'g']
2018-12-15 23:35:48,937:INFO:The letters in this password are: ['T', 's', 't', 'n', 'g']
2018-12-15 23:35:48,937:INFO:The 'T' was the 1st character
2018-12-15 23:35:48,937:INFO:The 's' was the 3rd character
2018-12-15 23:35:48,938:INFO:The 't' was the 4th character
2018-12-15 23:35:48,938:INFO:The 'n' was the 6th character
2018-12-15 23:35:48,938:INFO:The 'g' was the 7th character
2018-12-15 23:35:48,938:INFO:

2018-12-15 23:35:48,938:INFO:The numbers in this password are: ['4']
2018-12-15 23:35:48,938:INFO:The '4' was the 2nd character
2018-12-15 23:35:48,938:INFO:

2018-12-15 23:35:48,939:INFO:The symbols in this password are: ['!']
2018-12-15 23:35:48,939:INFO:The '!' was the 5th character
2018-12-15 23:35:48,939:INFO:

2018-12-15 23:35:48,998:INFO:The length of 'T4st!ng' is 7
2018-12-15 23:35:48,999:INFO:As a list it looks like this ['T', '4', 's', 't', '!', 'n', 'g']
2018-12-15 23:35:48,999:INFO:The letters in this password are: ['T', 's', 't', 'n', 'g']
2018-12-15 23:35:48,999:INFO:The 'T' was the 1st character
2018-12-15 23:35:48,999:INFO:The 's' was the 3rd character
2018-12-15 23:35:49,000:INFO:The 't' was the 4th character
2018-12-15 23:35:49,000:INFO:The 'n' was the 6th character
2018-12-15 23:35:49,000:INFO:The 'g' was the 7th character
2018-12-15 23:35:49,000:INFO:

2018-12-15 23:35:49,000:INFO:The numbers in this password are: ['4']
2018-12-15 23:35:49,000:INFO:The '4' was the 2nd character
2018-12-15 23:35:49,001:INFO:

2018-12-15 23:35:49,001:INFO:The symbols in this password are: ['!']
2018-12-15 23:35:49,001:INFO:The '!' was the 5th character
2018-12-15 23:35:49,001:INFO:

2018-12-15 23:35:49,060:INFO:The length of 'T4st!ng' is 7
2018-12-15 23:35:49,061:INFO:As a list it looks like this ['T', '4', 's', 't', '!', 'n', 'g']
2018-12-15 23:35:49,061:INFO:The letters in this password are: ['T', 's', 't', 'n', 'g']
2018-12-15 23:35:49,061:INFO:The 'T' was the 1st character
2018-12-15 23:35:49,061:INFO:The 's' was the 3rd character
2018-12-15 23:35:49,062:INFO:The 't' was the 4th character
2018-12-15 23:35:49,062:INFO:The 'n' was the 6th character
2018-12-15 23:35:49,062:INFO:The 'g' was the 7th character
2018-12-15 23:35:49,062:INFO:

2018-12-15 23:35:49,062:INFO:The numbers in this password are: ['4']
2018-12-15 23:35:49,062:INFO:The '4' was the 2nd character
2018-12-15 23:35:49,062:INFO:

2018-12-15 23:35:49,062:INFO:The symbols in this password are: ['!']
2018-12-15 23:35:49,063:INFO:The '!' was the 5th character
2018-12-15 23:35:49,063:INFO:

2018-12-15 23:35:49,124:INFO:The length of 'T4st!ng' is 7
2018-12-15 23:35:49,125:INFO:As a list it looks like this ['T', '4', 's', 't', '!', 'n', 'g']
2018-12-15 23:35:49,125:INFO:The letters in this password are: ['T', 's', 't', 'n', 'g']
2018-12-15 23:35:49,125:INFO:The 'T' was the 1st character
2018-12-15 23:35:49,125:INFO:The 's' was the 3rd character
2018-12-15 23:35:49,125:INFO:The 't' was the 4th character
2018-12-15 23:35:49,126:INFO:The 'n' was the 6th character
2018-12-15 23:35:49,126:INFO:The 'g' was the 7th character
2018-12-15 23:35:49,126:INFO:

2018-12-15 23:35:49,126:INFO:The numbers in this password are: ['4']
2018-12-15 23:35:49,126:INFO:The '4' was the 2nd character
2018-12-15 23:35:49,126:INFO:

2018-12-15 23:35:49,126:INFO:The symbols in this password are: ['!']
2018-12-15 23:35:49,127:INFO:The '!' was the 5th character
2018-12-15 23:35:49,127:INFO:

2018-12-15 23:35:49,182:INFO:The length of 'T4st!ng' is 7
2018-12-15 23:35:49,183:INFO:As a list it looks like this ['T', '4', 's', 't', '!', 'n', 'g']
2018-12-15 23:35:49,183:INFO:The letters in this password are: ['T', 's', 't', 'n', 'g']
2018-12-15 23:35:49,183:INFO:The 'T' was the 1st character
2018-12-15 23:35:49,183:INFO:The 's' was the 3rd character
2018-12-15 23:35:49,184:INFO:The 't' was the 4th character
2018-12-15 23:35:49,184:INFO:The 'n' was the 6th character
2018-12-15 23:35:49,184:INFO:The 'g' was the 7th character
2018-12-15 23:35:49,184:INFO:

2018-12-15 23:35:49,184:INFO:The numbers in this password are: ['4']
2018-12-15 23:35:49,185:INFO:The '4' was the 2nd character
2018-12-15 23:35:49,185:INFO:

2018-12-15 23:35:49,185:INFO:The symbols in this password are: ['!']
2018-12-15 23:35:49,185:INFO:The '!' was the 5th character
2018-12-15 23:35:49,185:INFO:

2018-12-15 23:35:49,249:INFO:The length of 'T4st!ng' is 7
2018-12-15 23:35:49,249:INFO:As a list it looks like this ['T', '4', 's', 't', '!', 'n', 'g']
2018-12-15 23:35:49,249:INFO:The letters in this password are: ['T', 's', 't', 'n', 'g']
2018-12-15 23:35:49,250:INFO:The 'T' was the 1st character
2018-12-15 23:35:49,250:INFO:The 's' was the 3rd character
2018-12-15 23:35:49,250:INFO:The 't' was the 4th character
2018-12-15 23:35:49,250:INFO:The 'n' was the 6th character
2018-12-15 23:35:49,250:INFO:The 'g' was the 7th character
2018-12-15 23:35:49,250:INFO:

2018-12-15 23:35:49,251:INFO:The numbers in this password are: ['4']
2018-12-15 23:35:49,251:INFO:The '4' was the 2nd character
2018-12-15 23:35:49,251:INFO:

2018-12-15 23:35:49,251:INFO:The symbols in this password are: ['!']
2018-12-15 23:35:49,251:INFO:The '!' was the 5th character
2018-12-15 23:35:49,251:INFO:

2018-12-15 23:35:49,306:INFO:The length of 'T4st!ng' is 7
2018-12-15 23:35:49,307:INFO:As a list it looks like this ['T', '4', 's', 't', '!', 'n', 'g']
2018-12-15 23:35:49,307:INFO:The letters in this password are: ['T', 's', 't', 'n', 'g']
2018-12-15 23:35:49,307:INFO:The 'T' was the 1st character
2018-12-15 23:35:49,307:INFO:The 's' was the 3rd character
2018-12-15 23:35:49,308:INFO:The 't' was the 4th character
2018-12-15 23:35:49,308:INFO:The 'n' was the 6th character
2018-12-15 23:35:49,308:INFO:The 'g' was the 7th character
2018-12-15 23:35:49,308:INFO:

2018-12-15 23:35:49,308:INFO:The numbers in this password are: ['4']
2018-12-15 23:35:49,308:INFO:The '4' was the 2nd character
2018-12-15 23:35:49,308:INFO:

2018-12-15 23:35:49,309:INFO:The symbols in this password are: ['!']
2018-12-15 23:35:49,309:INFO:The '!' was the 5th character
2018-12-15 23:35:49,309:INFO:

2018-12-15 23:35:49,368:INFO:The length of 'T4st!ng' is 7
2018-12-15 23:35:49,369:INFO:As a list it looks like this ['T', '4', 's', 't', '!', 'n', 'g']
2018-12-15 23:35:49,369:INFO:The letters in this password are: ['T', 's', 't', 'n', 'g']
2018-12-15 23:35:49,369:INFO:The 'T' was the 1st character
2018-12-15 23:35:49,369:INFO:The 's' was the 3rd character
2018-12-15 23:35:49,369:INFO:The 't' was the 4th character
2018-12-15 23:35:49,369:INFO:The 'n' was the 6th character
2018-12-15 23:35:49,369:INFO:The 'g' was the 7th character
2018-12-15 23:35:49,370:INFO:

2018-12-15 23:35:49,370:INFO:The numbers in this password are: ['4']
2018-12-15 23:35:49,370:INFO:The '4' was the 2nd character
2018-12-15 23:35:49,370:INFO:

2018-12-15 23:35:49,370:INFO:The symbols in this password are: ['!']
2018-12-15 23:35:49,370:INFO:The '!' was the 5th character
2018-12-15 23:35:49,370:INFO:

2018-12-15 23:35:49,428:INFO:The length of 'T4st!ng' is 7
2018-12-15 23:35:49,429:INFO:As a list it looks like this ['T', '4', 's', 't', '!', 'n', 'g']
2018-12-15 23:35:49,429:INFO:The letters in this password are: ['T', 's', 't', 'n', 'g']
2018-12-15 23:35:49,429:INFO:The 'T' was the 1st character
2018-12-15 23:35:49,429:INFO:The 's' was the 3rd character
2018-12-15 23:35:49,429:INFO:The 't' was the 4th character
2018-12-15 23:35:49,429:INFO:The 'n' was the 6th character
2018-12-15 23:35:49,429:INFO:The 'g' was the 7th character
2018-12-15 23:35:49,430:INFO:

2018-12-15 23:35:49,430:INFO:The numbers in this password are: ['4']
2018-12-15 23:35:49,430:INFO:The '4' was the 2nd character
2018-12-15 23:35:49,430:INFO:

2018-12-15 23:35:49,430:INFO:The symbols in this password are: ['!']
2018-12-15 23:35:49,430:INFO:The '!' was the 5th character
2018-12-15 23:35:49,430:INFO:

2018-12-15 23:35:49,487:INFO:The length of 'T4st!ng' is 7
2018-12-15 23:35:49,488:INFO:As a list it looks like this ['T', '4', 's', 't', '!', 'n', 'g']
2018-12-15 23:35:49,488:INFO:The letters in this password are: ['T', 's', 't', 'n', 'g']
2018-12-15 23:35:49,488:INFO:The 'T' was the 1st character
2018-12-15 23:35:49,488:INFO:The 's' was the 3rd character
2018-12-15 23:35:49,488:INFO:The 't' was the 4th character
2018-12-15 23:35:49,488:INFO:The 'n' was the 6th character
2018-12-15 23:35:49,489:INFO:The 'g' was the 7th character
2018-12-15 23:35:49,489:INFO:

2018-12-15 23:35:49,489:INFO:The numbers in this password are: ['4']
2018-12-15 23:35:49,489:INFO:The '4' was the 2nd character
2018-12-15 23:35:49,489:INFO:

2018-12-15 23:35:49,489:INFO:The symbols in this password are: ['!']
2018-12-15 23:35:49,489:INFO:The '!' was the 5th character
2018-12-15 23:35:49,489:INFO:

2018-12-15 23:35:49,550:INFO:The length of 'T4st!ng' is 7
2018-12-15 23:35:49,551:INFO:As a list it looks like this ['T', '4', 's', 't', '!', 'n', 'g']
2018-12-15 23:35:49,551:INFO:The letters in this password are: ['T', 's', 't', 'n', 'g']
2018-12-15 23:35:49,552:INFO:The 'T' was the 1st character
2018-12-15 23:35:49,552:INFO:The 's' was the 3rd character
2018-12-15 23:35:49,552:INFO:The 't' was the 4th character
2018-12-15 23:35:49,552:INFO:The 'n' was the 6th character
2018-12-15 23:35:49,552:INFO:The 'g' was the 7th character
2018-12-15 23:35:49,553:INFO:

2018-12-15 23:35:49,553:INFO:The numbers in this password are: ['4']
2018-12-15 23:35:49,553:INFO:The '4' was the 2nd character
2018-12-15 23:35:49,553:INFO:

2018-12-15 23:35:49,553:INFO:The symbols in this password are: ['!']
2018-12-15 23:35:49,553:INFO:The '!' was the 5th character
2018-12-15 23:35:49,554:INFO:

2018-12-15 23:35:49,613:INFO:The length of 'T4st!ng' is 7
2018-12-15 23:35:49,614:INFO:As a list it looks like this ['T', '4', 's', 't', '!', 'n', 'g']
2018-12-15 23:35:49,614:INFO:The letters in this password are: ['T', 's', 't', 'n', 'g']
2018-12-15 23:35:49,614:INFO:The 'T' was the 1st character
2018-12-15 23:35:49,614:INFO:The 's' was the 3rd character
2018-12-15 23:35:49,614:INFO:The 't' was the 4th character
2018-12-15 23:35:49,615:INFO:The 'n' was the 6th character
2018-12-15 23:35:49,615:INFO:The 'g' was the 7th character
2018-12-15 23:35:49,615:INFO:

2018-12-15 23:35:49,615:INFO:The numbers in this password are: ['4']
2018-12-15 23:35:49,615:INFO:The '4' was the 2nd character
2018-12-15 23:35:49,616:INFO:

2018-12-15 23:35:49,616:INFO:The symbols in this password are: ['!']
2018-12-15 23:35:49,616:INFO:The '!' was the 5th character
2018-12-15 23:35:49,616:INFO:

2018-12-15 23:35:49,675:INFO:The length of 'T4st!ng' is 7
2018-12-15 23:35:49,676:INFO:As a list it looks like this ['T', '4', 's', 't', '!', 'n', 'g']
2018-12-15 23:35:49,676:INFO:The letters in this password are: ['T', 's', 't', 'n', 'g']
2018-12-15 23:35:49,676:INFO:The 'T' was the 1st character
2018-12-15 23:35:49,676:INFO:The 's' was the 3rd character
2018-12-15 23:35:49,676:INFO:The 't' was the 4th character
2018-12-15 23:35:49,677:INFO:The 'n' was the 6th character
2018-12-15 23:35:49,677:INFO:The 'g' was the 7th character
2018-12-15 23:35:49,677:INFO:

2018-12-15 23:35:49,677:INFO:The numbers in this password are: ['4']
2018-12-15 23:35:49,677:INFO:The '4' was the 2nd character
2018-12-15 23:35:49,677:INFO:

2018-12-15 23:35:49,677:INFO:The symbols in this password are: ['!']
2018-12-15 23:35:49,677:INFO:The '!' was the 5th character
2018-12-15 23:35:49,678:INFO:

2018-12-15 23:35:49,739:INFO:The length of 'T4st!ng' is 7
2018-12-15 23:35:49,740:INFO:As a list it looks like this ['T', '4', 's', 't', '!', 'n', 'g']
2018-12-15 23:35:49,740:INFO:The letters in this password are: ['T', 's', 't', 'n', 'g']
2018-12-15 23:35:49,740:INFO:The 'T' was the 1st character
2018-12-15 23:35:49,740:INFO:The 's' was the 3rd character
2018-12-15 23:35:49,741:INFO:The 't' was the 4th character
2018-12-15 23:35:49,741:INFO:The 'n' was the 6th character
2018-12-15 23:35:49,741:INFO:The 'g' was the 7th character
2018-12-15 23:35:49,741:INFO:

2018-12-15 23:35:49,741:INFO:The numbers in this password are: ['4']
2018-12-15 23:35:49,741:INFO:The '4' was the 2nd character
2018-12-15 23:35:49,741:INFO:

2018-12-15 23:35:49,741:INFO:The symbols in this password are: ['!']
2018-12-15 23:35:49,741:INFO:The '!' was the 5th character
2018-12-15 23:35:49,742:INFO:

2018-12-15 23:35:49,801:INFO:The length of 'T4st!ng' is 7
2018-12-15 23:35:49,801:INFO:As a list it looks like this ['T', '4', 's', 't', '!', 'n', 'g']
2018-12-15 23:35:49,801:INFO:The letters in this password are: ['T', 's', 't', 'n', 'g']
2018-12-15 23:35:49,802:INFO:The 'T' was the 1st character
2018-12-15 23:35:49,802:INFO:The 's' was the 3rd character
2018-12-15 23:35:49,802:INFO:The 't' was the 4th character
2018-12-15 23:35:49,802:INFO:The 'n' was the 6th character
2018-12-15 23:35:49,802:INFO:The 'g' was the 7th character
2018-12-15 23:35:49,802:INFO:

2018-12-15 23:35:49,803:INFO:The numbers in this password are: ['4']
2018-12-15 23:35:49,803:INFO:The '4' was the 2nd character
2018-12-15 23:35:49,803:INFO:

2018-12-15 23:35:49,803:INFO:The symbols in this password are: ['!']
2018-12-15 23:35:49,803:INFO:The '!' was the 5th character
2018-12-15 23:35:49,803:INFO:

2018-12-15 23:35:49,860:INFO:The length of 'T4st!ng' is 7
2018-12-15 23:35:49,861:INFO:As a list it looks like this ['T', '4', 's', 't', '!', 'n', 'g']
2018-12-15 23:35:49,861:INFO:The letters in this password are: ['T', 's', 't', 'n', 'g']
2018-12-15 23:35:49,861:INFO:The 'T' was the 1st character
2018-12-15 23:35:49,861:INFO:The 's' was the 3rd character
2018-12-15 23:35:49,862:INFO:The 't' was the 4th character
2018-12-15 23:35:49,862:INFO:The 'n' was the 6th character
2018-12-15 23:35:49,862:INFO:The 'g' was the 7th character
2018-12-15 23:35:49,862:INFO:

2018-12-15 23:35:49,862:INFO:The numbers in this password are: ['4']
2018-12-15 23:35:49,862:INFO:The '4' was the 2nd character
2018-12-15 23:35:49,862:INFO:

2018-12-15 23:35:49,862:INFO:The symbols in this password are: ['!']
2018-12-15 23:35:49,863:INFO:The '!' was the 5th character
2018-12-15 23:35:49,863:INFO:

2018-12-15 23:35:49,921:INFO:The length of 'T4st!ng' is 7
2018-12-15 23:35:49,922:INFO:As a list it looks like this ['T', '4', 's', 't', '!', 'n', 'g']
2018-12-15 23:35:49,922:INFO:The letters in this password are: ['T', 's', 't', 'n', 'g']
2018-12-15 23:35:49,922:INFO:The 'T' was the 1st character
2018-12-15 23:35:49,922:INFO:The 's' was the 3rd character
2018-12-15 23:35:49,922:INFO:The 't' was the 4th character
2018-12-15 23:35:49,922:INFO:The 'n' was the 6th character
2018-12-15 23:35:49,923:INFO:The 'g' was the 7th character
2018-12-15 23:35:49,923:INFO:

2018-12-15 23:35:49,923:INFO:The numbers in this password are: ['4']
2018-12-15 23:35:49,923:INFO:The '4' was the 2nd character
2018-12-15 23:35:49,923:INFO:

2018-12-15 23:35:49,923:INFO:The symbols in this password are: ['!']
2018-12-15 23:35:49,924:INFO:The '!' was the 5th character
2018-12-15 23:35:49,924:INFO:

2018-12-15 23:35:49,985:INFO:The length of 'T4st!ng' is 7
2018-12-15 23:35:49,986:INFO:As a list it looks like this ['T', '4', 's', 't', '!', 'n', 'g']
2018-12-15 23:35:49,986:INFO:The letters in this password are: ['T', 's', 't', 'n', 'g']
2018-12-15 23:35:49,986:INFO:The 'T' was the 1st character
2018-12-15 23:35:49,986:INFO:The 's' was the 3rd character
2018-12-15 23:35:49,986:INFO:The 't' was the 4th character
2018-12-15 23:35:49,986:INFO:The 'n' was the 6th character
2018-12-15 23:35:49,986:INFO:The 'g' was the 7th character
2018-12-15 23:35:49,987:INFO:

2018-12-15 23:35:49,987:INFO:The numbers in this password are: ['4']
2018-12-15 23:35:49,987:INFO:The '4' was the 2nd character
2018-12-15 23:35:49,987:INFO:

2018-12-15 23:35:49,987:INFO:The symbols in this password are: ['!']
2018-12-15 23:35:49,987:INFO:The '!' was the 5th character
2018-12-15 23:35:49,987:INFO:

2018-12-15 23:35:50,048:INFO:The length of 'T4st!ng' is 7
2018-12-15 23:35:50,049:INFO:As a list it looks like this ['T', '4', 's', 't', '!', 'n', 'g']
2018-12-15 23:35:50,049:INFO:The letters in this password are: ['T', 's', 't', 'n', 'g']
2018-12-15 23:35:50,049:INFO:The 'T' was the 1st character
2018-12-15 23:35:50,050:INFO:The 's' was the 3rd character
2018-12-15 23:35:50,050:INFO:The 't' was the 4th character
2018-12-15 23:35:50,050:INFO:The 'n' was the 6th character
2018-12-15 23:35:50,050:INFO:The 'g' was the 7th character
2018-12-15 23:35:50,050:INFO:

2018-12-15 23:35:50,051:INFO:The numbers in this password are: ['4']
2018-12-15 23:35:50,051:INFO:The '4' was the 2nd character
2018-12-15 23:35:50,051:INFO:

2018-12-15 23:35:50,051:INFO:The symbols in this password are: ['!']
2018-12-15 23:35:50,051:INFO:The '!' was the 5th character
2018-12-15 23:35:50,051:INFO:

2018-12-15 23:35:50,110:INFO:The length of 'T4st!ng' is 7
2018-12-15 23:35:50,110:INFO:As a list it looks like this ['T', '4', 's', 't', '!', 'n', 'g']
2018-12-15 23:35:50,110:INFO:The letters in this password are: ['T', 's', 't', 'n', 'g']
2018-12-15 23:35:50,110:INFO:The 'T' was the 1st character
2018-12-15 23:35:50,111:INFO:The 's' was the 3rd character
2018-12-15 23:35:50,111:INFO:The 't' was the 4th character
2018-12-15 23:35:50,111:INFO:The 'n' was the 6th character
2018-12-15 23:35:50,111:INFO:The 'g' was the 7th character
2018-12-15 23:35:50,111:INFO:

2018-12-15 23:35:50,111:INFO:The numbers in this password are: ['4']
2018-12-15 23:35:50,111:INFO:The '4' was the 2nd character
2018-12-15 23:35:50,111:INFO:

2018-12-15 23:35:50,112:INFO:The symbols in this password are: ['!']
2018-12-15 23:35:50,112:INFO:The '!' was the 5th character
2018-12-15 23:35:50,112:INFO:

2018-12-15 23:35:50,185:INFO:The length of 'T4st!ng' is 7
2018-12-15 23:35:50,186:INFO:As a list it looks like this ['T', '4', 's', 't', '!', 'n', 'g']
2018-12-15 23:35:50,186:INFO:The letters in this password are: ['T', 's', 't', 'n', 'g']
2018-12-15 23:35:50,186:INFO:The 'T' was the 1st character
2018-12-15 23:35:50,187:INFO:The 's' was the 3rd character
2018-12-15 23:35:50,187:INFO:The 't' was the 4th character
2018-12-15 23:35:50,187:INFO:The 'n' was the 6th character
2018-12-15 23:35:50,187:INFO:The 'g' was the 7th character
2018-12-15 23:35:50,187:INFO:

2018-12-15 23:35:50,187:INFO:The numbers in this password are: ['4']
2018-12-15 23:35:50,187:INFO:The '4' was the 2nd character
2018-12-15 23:35:50,188:INFO:

2018-12-15 23:35:50,188:INFO:The symbols in this password are: ['!']
2018-12-15 23:35:50,188:INFO:The '!' was the 5th character
2018-12-15 23:35:50,188:INFO:

2018-12-15 23:35:50,247:INFO:The length of 'T4st!ng' is 7
2018-12-15 23:35:50,248:INFO:As a list it looks like this ['T', '4', 's', 't', '!', 'n', 'g']
2018-12-15 23:35:50,248:INFO:The letters in this password are: ['T', 's', 't', 'n', 'g']
2018-12-15 23:35:50,248:INFO:The 'T' was the 1st character
2018-12-15 23:35:50,248:INFO:The 's' was the 3rd character
2018-12-15 23:35:50,249:INFO:The 't' was the 4th character
2018-12-15 23:35:50,249:INFO:The 'n' was the 6th character
2018-12-15 23:35:50,249:INFO:The 'g' was the 7th character
2018-12-15 23:35:50,249:INFO:

2018-12-15 23:35:50,249:INFO:The numbers in this password are: ['4']
2018-12-15 23:35:50,249:INFO:The '4' was the 2nd character
2018-12-15 23:35:50,249:INFO:

2018-12-15 23:35:50,250:INFO:The symbols in this password are: ['!']
2018-12-15 23:35:50,250:INFO:The '!' was the 5th character
2018-12-15 23:35:50,250:INFO:

2018-12-15 23:35:50,307:INFO:The length of 'T4st!ng' is 7
2018-12-15 23:35:50,308:INFO:As a list it looks like this ['T', '4', 's', 't', '!', 'n', 'g']
2018-12-15 23:35:50,308:INFO:The letters in this password are: ['T', 's', 't', 'n', 'g']
2018-12-15 23:35:50,308:INFO:The 'T' was the 1st character
2018-12-15 23:35:50,308:INFO:The 's' was the 3rd character
2018-12-15 23:35:50,308:INFO:The 't' was the 4th character
2018-12-15 23:35:50,308:INFO:The 'n' was the 6th character
2018-12-15 23:35:50,309:INFO:The 'g' was the 7th character
2018-12-15 23:35:50,309:INFO:

2018-12-15 23:35:50,309:INFO:The numbers in this password are: ['4']
2018-12-15 23:35:50,309:INFO:The '4' was the 2nd character
2018-12-15 23:35:50,309:INFO:

2018-12-15 23:35:50,309:INFO:The symbols in this password are: ['!']
2018-12-15 23:35:50,309:INFO:The '!' was the 5th character
2018-12-15 23:35:50,310:INFO:

2018-12-15 23:35:50,379:INFO:The length of 'T4st!ng' is 7
2018-12-15 23:35:50,380:INFO:As a list it looks like this ['T', '4', 's', 't', '!', 'n', 'g']
2018-12-15 23:35:50,380:INFO:The letters in this password are: ['T', 's', 't', 'n', 'g']
2018-12-15 23:35:50,380:INFO:The 'T' was the 1st character
2018-12-15 23:35:50,380:INFO:The 's' was the 3rd character
2018-12-15 23:35:50,380:INFO:The 't' was the 4th character
2018-12-15 23:35:50,380:INFO:The 'n' was the 6th character
2018-12-15 23:35:50,381:INFO:The 'g' was the 7th character
2018-12-15 23:35:50,381:INFO:

2018-12-15 23:35:50,381:INFO:The numbers in this password are: ['4']
2018-12-15 23:35:50,381:INFO:The '4' was the 2nd character
2018-12-15 23:35:50,381:INFO:

2018-12-15 23:35:50,381:INFO:The symbols in this password are: ['!']
2018-12-15 23:35:50,382:INFO:The '!' was the 5th character
2018-12-15 23:35:50,382:INFO:

2018-12-15 23:35:50,444:INFO:The length of 'T4st!ng' is 7
2018-12-15 23:35:50,444:INFO:As a list it looks like this ['T', '4', 's', 't', '!', 'n', 'g']
2018-12-15 23:35:50,445:INFO:The letters in this password are: ['T', 's', 't', 'n', 'g']
2018-12-15 23:35:50,445:INFO:The 'T' was the 1st character
2018-12-15 23:35:50,445:INFO:The 's' was the 3rd character
2018-12-15 23:35:50,445:INFO:The 't' was the 4th character
2018-12-15 23:35:50,445:INFO:The 'n' was the 6th character
2018-12-15 23:35:50,446:INFO:The 'g' was the 7th character
2018-12-15 23:35:50,446:INFO:

2018-12-15 23:35:50,446:INFO:The numbers in this password are: ['4']
2018-12-15 23:35:50,446:INFO:The '4' was the 2nd character
2018-12-15 23:35:50,446:INFO:

2018-12-15 23:35:50,446:INFO:The symbols in this password are: ['!']
2018-12-15 23:35:50,447:INFO:The '!' was the 5th character
2018-12-15 23:35:50,447:INFO:

2018-12-15 23:35:50,509:INFO:The length of 'T4st!ng' is 7
2018-12-15 23:35:50,510:INFO:As a list it looks like this ['T', '4', 's', 't', '!', 'n', 'g']
2018-12-15 23:35:50,510:INFO:The letters in this password are: ['T', 's', 't', 'n', 'g']
2018-12-15 23:35:50,510:INFO:The 'T' was the 1st character
2018-12-15 23:35:50,510:INFO:The 's' was the 3rd character
2018-12-15 23:35:50,511:INFO:The 't' was the 4th character
2018-12-15 23:35:50,511:INFO:The 'n' was the 6th character
2018-12-15 23:35:50,511:INFO:The 'g' was the 7th character
2018-12-15 23:35:50,511:INFO:

2018-12-15 23:35:50,511:INFO:The numbers in this password are: ['4']
2018-12-15 23:35:50,511:INFO:The '4' was the 2nd character
2018-12-15 23:35:50,512:INFO:

2018-12-15 23:35:50,512:INFO:The symbols in this password are: ['!']
2018-12-15 23:35:50,512:INFO:The '!' was the 5th character
2018-12-15 23:35:50,512:INFO:

2018-12-15 23:35:50,585:INFO:The length of 'T4st!ng' is 7
2018-12-15 23:35:50,586:INFO:As a list it looks like this ['T', '4', 's', 't', '!', 'n', 'g']
2018-12-15 23:35:50,586:INFO:The letters in this password are: ['T', 's', 't', 'n', 'g']
2018-12-15 23:35:50,586:INFO:The 'T' was the 1st character
2018-12-15 23:35:50,586:INFO:The 's' was the 3rd character
2018-12-15 23:35:50,586:INFO:The 't' was the 4th character
2018-12-15 23:35:50,587:INFO:The 'n' was the 6th character
2018-12-15 23:35:50,587:INFO:The 'g' was the 7th character
2018-12-15 23:35:50,587:INFO:

2018-12-15 23:35:50,587:INFO:The numbers in this password are: ['4']
2018-12-15 23:35:50,587:INFO:The '4' was the 2nd character
2018-12-15 23:35:50,587:INFO:

2018-12-15 23:35:50,588:INFO:The symbols in this password are: ['!']
2018-12-15 23:35:50,588:INFO:The '!' was the 5th character
2018-12-15 23:35:50,588:INFO:

2018-12-15 23:35:50,653:INFO:The length of 'T4st!ng' is 7
2018-12-15 23:35:50,654:INFO:As a list it looks like this ['T', '4', 's', 't', '!', 'n', 'g']
2018-12-15 23:35:50,655:INFO:The letters in this password are: ['T', 's', 't', 'n', 'g']
2018-12-15 23:35:50,655:INFO:The 'T' was the 1st character
2018-12-15 23:35:50,655:INFO:The 's' was the 3rd character
2018-12-15 23:35:50,655:INFO:The 't' was the 4th character
2018-12-15 23:35:50,656:INFO:The 'n' was the 6th character
2018-12-15 23:35:50,656:INFO:The 'g' was the 7th character
2018-12-15 23:35:50,656:INFO:

2018-12-15 23:35:50,656:INFO:The numbers in this password are: ['4']
2018-12-15 23:35:50,656:INFO:The '4' was the 2nd character
2018-12-15 23:35:50,657:INFO:

2018-12-15 23:35:50,657:INFO:The symbols in this password are: ['!']
2018-12-15 23:35:50,657:INFO:The '!' was the 5th character
2018-12-15 23:35:50,657:INFO:

2018-12-15 23:35:50,724:INFO:The length of 'T4st!ng' is 7
2018-12-15 23:35:50,725:INFO:As a list it looks like this ['T', '4', 's', 't', '!', 'n', 'g']
2018-12-15 23:35:50,725:INFO:The letters in this password are: ['T', 's', 't', 'n', 'g']
2018-12-15 23:35:50,725:INFO:The 'T' was the 1st character
2018-12-15 23:35:50,726:INFO:The 's' was the 3rd character
2018-12-15 23:35:50,726:INFO:The 't' was the 4th character
2018-12-15 23:35:50,726:INFO:The 'n' was the 6th character
2018-12-15 23:35:50,726:INFO:The 'g' was the 7th character
2018-12-15 23:35:50,726:INFO:

2018-12-15 23:35:50,726:INFO:The numbers in this password are: ['4']
2018-12-15 23:35:50,727:INFO:The '4' was the 2nd character
2018-12-15 23:35:50,727:INFO:

2018-12-15 23:35:50,727:INFO:The symbols in this password are: ['!']
2018-12-15 23:35:50,727:INFO:The '!' was the 5th character
2018-12-15 23:35:50,727:INFO:

2018-12-15 23:35:50,782:INFO:The length of 'T4st!ng' is 7
2018-12-15 23:35:50,782:INFO:As a list it looks like this ['T', '4', 's', 't', '!', 'n', 'g']
2018-12-15 23:35:50,782:INFO:The letters in this password are: ['T', 's', 't', 'n', 'g']
2018-12-15 23:35:50,783:INFO:The 'T' was the 1st character
2018-12-15 23:35:50,783:INFO:The 's' was the 3rd character
2018-12-15 23:35:50,783:INFO:The 't' was the 4th character
2018-12-15 23:35:50,783:INFO:The 'n' was the 6th character
2018-12-15 23:35:50,783:INFO:The 'g' was the 7th character
2018-12-15 23:35:50,783:INFO:

2018-12-15 23:35:50,783:INFO:The numbers in this password are: ['4']
2018-12-15 23:35:50,783:INFO:The '4' was the 2nd character
2018-12-15 23:35:50,784:INFO:

2018-12-15 23:35:50,784:INFO:The symbols in this password are: ['!']
2018-12-15 23:35:50,784:INFO:The '!' was the 5th character
2018-12-15 23:35:50,784:INFO:

2018-12-15 23:35:50,840:INFO:The length of 'T4st!ng' is 7
2018-12-15 23:35:50,841:INFO:As a list it looks like this ['T', '4', 's', 't', '!', 'n', 'g']
2018-12-15 23:35:50,841:INFO:The letters in this password are: ['T', 's', 't', 'n', 'g']
2018-12-15 23:35:50,841:INFO:The 'T' was the 1st character
2018-12-15 23:35:50,841:INFO:The 's' was the 3rd character
2018-12-15 23:35:50,841:INFO:The 't' was the 4th character
2018-12-15 23:35:50,841:INFO:The 'n' was the 6th character
2018-12-15 23:35:50,842:INFO:The 'g' was the 7th character
2018-12-15 23:35:50,842:INFO:

2018-12-15 23:35:50,842:INFO:The numbers in this password are: ['4']
2018-12-15 23:35:50,842:INFO:The '4' was the 2nd character
2018-12-15 23:35:50,842:INFO:

2018-12-15 23:35:50,842:INFO:The symbols in this password are: ['!']
2018-12-15 23:35:50,843:INFO:The '!' was the 5th character
2018-12-15 23:35:50,843:INFO:

2018-12-15 23:35:50,903:INFO:The length of 'T4st!ng' is 7
2018-12-15 23:35:50,904:INFO:As a list it looks like this ['T', '4', 's', 't', '!', 'n', 'g']
2018-12-15 23:35:50,904:INFO:The letters in this password are: ['T', 's', 't', 'n', 'g']
2018-12-15 23:35:50,904:INFO:The 'T' was the 1st character
2018-12-15 23:35:50,905:INFO:The 's' was the 3rd character
2018-12-15 23:35:50,905:INFO:The 't' was the 4th character
2018-12-15 23:35:50,905:INFO:The 'n' was the 6th character
2018-12-15 23:35:50,905:INFO:The 'g' was the 7th character
2018-12-15 23:35:50,905:INFO:

2018-12-15 23:35:50,905:INFO:The numbers in this password are: ['4']
2018-12-15 23:35:50,905:INFO:The '4' was the 2nd character
2018-12-15 23:35:50,905:INFO:

2018-12-15 23:35:50,906:INFO:The symbols in this password are: ['!']
2018-12-15 23:35:50,906:INFO:The '!' was the 5th character
2018-12-15 23:35:50,906:INFO:

2018-12-15 23:35:50,969:INFO:The length of 'T4st!ng' is 7
2018-12-15 23:35:50,969:INFO:As a list it looks like this ['T', '4', 's', 't', '!', 'n', 'g']
2018-12-15 23:35:50,970:INFO:The letters in this password are: ['T', 's', 't', 'n', 'g']
2018-12-15 23:35:50,970:INFO:The 'T' was the 1st character
2018-12-15 23:35:50,970:INFO:The 's' was the 3rd character
2018-12-15 23:35:50,970:INFO:The 't' was the 4th character
2018-12-15 23:35:50,970:INFO:The 'n' was the 6th character
2018-12-15 23:35:50,970:INFO:The 'g' was the 7th character
2018-12-15 23:35:50,970:INFO:

2018-12-15 23:35:50,970:INFO:The numbers in this password are: ['4']
2018-12-15 23:35:50,970:INFO:The '4' was the 2nd character
2018-12-15 23:35:50,971:INFO:

2018-12-15 23:35:50,971:INFO:The symbols in this password are: ['!']
2018-12-15 23:35:50,971:INFO:The '!' was the 5th character
2018-12-15 23:35:50,971:INFO:

2018-12-15 23:35:51,033:INFO:The length of 'T4st!ng' is 7
2018-12-15 23:35:51,033:INFO:As a list it looks like this ['T', '4', 's', 't', '!', 'n', 'g']
2018-12-15 23:35:51,034:INFO:The letters in this password are: ['T', 's', 't', 'n', 'g']
2018-12-15 23:35:51,034:INFO:The 'T' was the 1st character
2018-12-15 23:35:51,034:INFO:The 's' was the 3rd character
2018-12-15 23:35:51,034:INFO:The 't' was the 4th character
2018-12-15 23:35:51,034:INFO:The 'n' was the 6th character
2018-12-15 23:35:51,034:INFO:The 'g' was the 7th character
2018-12-15 23:35:51,034:INFO:

2018-12-15 23:35:51,035:INFO:The numbers in this password are: ['4']
2018-12-15 23:35:51,035:INFO:The '4' was the 2nd character
2018-12-15 23:35:51,035:INFO:

2018-12-15 23:35:51,035:INFO:The symbols in this password are: ['!']
2018-12-15 23:35:51,035:INFO:The '!' was the 5th character
2018-12-15 23:35:51,035:INFO:

2018-12-15 23:35:51,094:INFO:The length of 'T4st!ng' is 7
2018-12-15 23:35:51,094:INFO:As a list it looks like this ['T', '4', 's', 't', '!', 'n', 'g']
2018-12-15 23:35:51,094:INFO:The letters in this password are: ['T', 's', 't', 'n', 'g']
2018-12-15 23:35:51,095:INFO:The 'T' was the 1st character
2018-12-15 23:35:51,095:INFO:The 's' was the 3rd character
2018-12-15 23:35:51,095:INFO:The 't' was the 4th character
2018-12-15 23:35:51,095:INFO:The 'n' was the 6th character
2018-12-15 23:35:51,095:INFO:The 'g' was the 7th character
2018-12-15 23:35:51,095:INFO:

2018-12-15 23:35:51,095:INFO:The numbers in this password are: ['4']
2018-12-15 23:35:51,095:INFO:The '4' was the 2nd character
2018-12-15 23:35:51,096:INFO:

2018-12-15 23:35:51,096:INFO:The symbols in this password are: ['!']
2018-12-15 23:35:51,096:INFO:The '!' was the 5th character
2018-12-15 23:35:51,096:INFO:

2018-12-15 23:35:51,157:INFO:The length of 'T4st!ng' is 7
2018-12-15 23:35:51,157:INFO:As a list it looks like this ['T', '4', 's', 't', '!', 'n', 'g']
2018-12-15 23:35:51,157:INFO:The letters in this password are: ['T', 's', 't', 'n', 'g']
2018-12-15 23:35:51,158:INFO:The 'T' was the 1st character
2018-12-15 23:35:51,158:INFO:The 's' was the 3rd character
2018-12-15 23:35:51,158:INFO:The 't' was the 4th character
2018-12-15 23:35:51,158:INFO:The 'n' was the 6th character
2018-12-15 23:35:51,158:INFO:The 'g' was the 7th character
2018-12-15 23:35:51,158:INFO:

2018-12-15 23:35:51,158:INFO:The numbers in this password are: ['4']
2018-12-15 23:35:51,159:INFO:The '4' was the 2nd character
2018-12-15 23:35:51,159:INFO:

2018-12-15 23:35:51,159:INFO:The symbols in this password are: ['!']
2018-12-15 23:35:51,159:INFO:The '!' was the 5th character
2018-12-15 23:35:51,159:INFO:

2018-12-15 23:35:51,224:INFO:The length of 'T4st!ng' is 7
2018-12-15 23:35:51,224:INFO:As a list it looks like this ['T', '4', 's', 't', '!', 'n', 'g']
2018-12-15 23:35:51,224:INFO:The letters in this password are: ['T', 's', 't', 'n', 'g']
2018-12-15 23:35:51,225:INFO:The 'T' was the 1st character
2018-12-15 23:35:51,225:INFO:The 's' was the 3rd character
2018-12-15 23:35:51,225:INFO:The 't' was the 4th character
2018-12-15 23:35:51,225:INFO:The 'n' was the 6th character
2018-12-15 23:35:51,225:INFO:The 'g' was the 7th character
2018-12-15 23:35:51,225:INFO:

2018-12-15 23:35:51,225:INFO:The numbers in this password are: ['4']
2018-12-15 23:35:51,226:INFO:The '4' was the 2nd character
2018-12-15 23:35:51,226:INFO:

2018-12-15 23:35:51,226:INFO:The symbols in this password are: ['!']
2018-12-15 23:35:51,226:INFO:The '!' was the 5th character
2018-12-15 23:35:51,226:INFO:

2018-12-15 23:35:51,285:INFO:The length of 'T4st!ng' is 7
2018-12-15 23:35:51,285:INFO:As a list it looks like this ['T', '4', 's', 't', '!', 'n', 'g']
2018-12-15 23:35:51,285:INFO:The letters in this password are: ['T', 's', 't', 'n', 'g']
2018-12-15 23:35:51,286:INFO:The 'T' was the 1st character
2018-12-15 23:35:51,286:INFO:The 's' was the 3rd character
2018-12-15 23:35:51,286:INFO:The 't' was the 4th character
2018-12-15 23:35:51,286:INFO:The 'n' was the 6th character
2018-12-15 23:35:51,286:INFO:The 'g' was the 7th character
2018-12-15 23:35:51,286:INFO:

2018-12-15 23:35:51,286:INFO:The numbers in this password are: ['4']
2018-12-15 23:35:51,287:INFO:The '4' was the 2nd character
2018-12-15 23:35:51,287:INFO:

2018-12-15 23:35:51,287:INFO:The symbols in this password are: ['!']
2018-12-15 23:35:51,287:INFO:The '!' was the 5th character
2018-12-15 23:35:51,287:INFO:

2018-12-15 23:35:51,344:INFO:The length of 'T4st!ng' is 7
2018-12-15 23:35:51,345:INFO:As a list it looks like this ['T', '4', 's', 't', '!', 'n', 'g']
2018-12-15 23:35:51,345:INFO:The letters in this password are: ['T', 's', 't', 'n', 'g']
2018-12-15 23:35:51,345:INFO:The 'T' was the 1st character
2018-12-15 23:35:51,346:INFO:The 's' was the 3rd character
2018-12-15 23:35:51,346:INFO:The 't' was the 4th character
2018-12-15 23:35:51,346:INFO:The 'n' was the 6th character
2018-12-15 23:35:51,346:INFO:The 'g' was the 7th character
2018-12-15 23:35:51,346:INFO:

2018-12-15 23:35:51,346:INFO:The numbers in this password are: ['4']
2018-12-15 23:35:51,346:INFO:The '4' was the 2nd character
2018-12-15 23:35:51,347:INFO:

2018-12-15 23:35:51,347:INFO:The symbols in this password are: ['!']
2018-12-15 23:35:51,347:INFO:The '!' was the 5th character
2018-12-15 23:35:51,347:INFO:

2018-12-15 23:35:51,406:INFO:The length of 'T4st!ng' is 7
2018-12-15 23:35:51,406:INFO:As a list it looks like this ['T', '4', 's', 't', '!', 'n', 'g']
2018-12-15 23:35:51,406:INFO:The letters in this password are: ['T', 's', 't', 'n', 'g']
2018-12-15 23:35:51,407:INFO:The 'T' was the 1st character
2018-12-15 23:35:51,407:INFO:The 's' was the 3rd character
2018-12-15 23:35:51,407:INFO:The 't' was the 4th character
2018-12-15 23:35:51,407:INFO:The 'n' was the 6th character
2018-12-15 23:35:51,407:INFO:The 'g' was the 7th character
2018-12-15 23:35:51,407:INFO:

2018-12-15 23:35:51,407:INFO:The numbers in this password are: ['4']
2018-12-15 23:35:51,408:INFO:The '4' was the 2nd character
2018-12-15 23:35:51,408:INFO:

2018-12-15 23:35:51,408:INFO:The symbols in this password are: ['!']
2018-12-15 23:35:51,408:INFO:The '!' was the 5th character
2018-12-15 23:35:51,408:INFO:

2018-12-15 23:35:51,467:INFO:The length of 'T4st!ng' is 7
2018-12-15 23:35:51,468:INFO:As a list it looks like this ['T', '4', 's', 't', '!', 'n', 'g']
2018-12-15 23:35:51,468:INFO:The letters in this password are: ['T', 's', 't', 'n', 'g']
2018-12-15 23:35:51,468:INFO:The 'T' was the 1st character
2018-12-15 23:35:51,468:INFO:The 's' was the 3rd character
2018-12-15 23:35:51,468:INFO:The 't' was the 4th character
2018-12-15 23:35:51,469:INFO:The 'n' was the 6th character
2018-12-15 23:35:51,469:INFO:The 'g' was the 7th character
2018-12-15 23:35:51,469:INFO:

2018-12-15 23:35:51,469:INFO:The numbers in this password are: ['4']
2018-12-15 23:35:51,469:INFO:The '4' was the 2nd character
2018-12-15 23:35:51,469:INFO:

2018-12-15 23:35:51,469:INFO:The symbols in this password are: ['!']
2018-12-15 23:35:51,470:INFO:The '!' was the 5th character
2018-12-15 23:35:51,470:INFO:

2018-12-15 23:35:51,528:INFO:The length of 'T4st!ng' is 7
2018-12-15 23:35:51,528:INFO:As a list it looks like this ['T', '4', 's', 't', '!', 'n', 'g']
2018-12-15 23:35:51,529:INFO:The letters in this password are: ['T', 's', 't', 'n', 'g']
2018-12-15 23:35:51,529:INFO:The 'T' was the 1st character
2018-12-15 23:35:51,529:INFO:The 's' was the 3rd character
2018-12-15 23:35:51,529:INFO:The 't' was the 4th character
2018-12-15 23:35:51,529:INFO:The 'n' was the 6th character
2018-12-15 23:35:51,529:INFO:The 'g' was the 7th character
2018-12-15 23:35:51,529:INFO:

2018-12-15 23:35:51,530:INFO:The numbers in this password are: ['4']
2018-12-15 23:35:51,530:INFO:The '4' was the 2nd character
2018-12-15 23:35:51,530:INFO:

2018-12-15 23:35:51,530:INFO:The symbols in this password are: ['!']
2018-12-15 23:35:51,530:INFO:The '!' was the 5th character
2018-12-15 23:35:51,530:INFO:

2018-12-15 23:35:51,587:INFO:The length of 'T4st!ng' is 7
2018-12-15 23:35:51,587:INFO:As a list it looks like this ['T', '4', 's', 't', '!', 'n', 'g']
2018-12-15 23:35:51,587:INFO:The letters in this password are: ['T', 's', 't', 'n', 'g']
2018-12-15 23:35:51,588:INFO:The 'T' was the 1st character
2018-12-15 23:35:51,588:INFO:The 's' was the 3rd character
2018-12-15 23:35:51,588:INFO:The 't' was the 4th character
2018-12-15 23:35:51,588:INFO:The 'n' was the 6th character
2018-12-15 23:35:51,588:INFO:The 'g' was the 7th character
2018-12-15 23:35:51,588:INFO:

2018-12-15 23:35:51,589:INFO:The numbers in this password are: ['4']
2018-12-15 23:35:51,589:INFO:The '4' was the 2nd character
2018-12-15 23:35:51,589:INFO:

2018-12-15 23:35:51,589:INFO:The symbols in this password are: ['!']
2018-12-15 23:35:51,589:INFO:The '!' was the 5th character
2018-12-15 23:35:51,589:INFO:

2018-12-15 23:35:51,652:INFO:The length of 'T4st!ng' is 7
2018-12-15 23:35:51,652:INFO:As a list it looks like this ['T', '4', 's', 't', '!', 'n', 'g']
2018-12-15 23:35:51,653:INFO:The letters in this password are: ['T', 's', 't', 'n', 'g']
2018-12-15 23:35:51,653:INFO:The 'T' was the 1st character
2018-12-15 23:35:51,653:INFO:The 's' was the 3rd character
2018-12-15 23:35:51,653:INFO:The 't' was the 4th character
2018-12-15 23:35:51,653:INFO:The 'n' was the 6th character
2018-12-15 23:35:51,653:INFO:The 'g' was the 7th character
2018-12-15 23:35:51,653:INFO:

2018-12-15 23:35:51,653:INFO:The numbers in this password are: ['4']
2018-12-15 23:35:51,654:INFO:The '4' was the 2nd character
2018-12-15 23:35:51,654:INFO:

2018-12-15 23:35:51,654:INFO:The symbols in this password are: ['!']
2018-12-15 23:35:51,654:INFO:The '!' was the 5th character
2018-12-15 23:35:51,654:INFO:

2018-12-15 23:35:51,710:INFO:The length of 'T4st!ng' is 7
2018-12-15 23:35:51,711:INFO:As a list it looks like this ['T', '4', 's', 't', '!', 'n', 'g']
2018-12-15 23:35:51,711:INFO:The letters in this password are: ['T', 's', 't', 'n', 'g']
2018-12-15 23:35:51,711:INFO:The 'T' was the 1st character
2018-12-15 23:35:51,711:INFO:The 's' was the 3rd character
2018-12-15 23:35:51,712:INFO:The 't' was the 4th character
2018-12-15 23:35:51,712:INFO:The 'n' was the 6th character
2018-12-15 23:35:51,712:INFO:The 'g' was the 7th character
2018-12-15 23:35:51,712:INFO:

2018-12-15 23:35:51,712:INFO:The numbers in this password are: ['4']
2018-12-15 23:35:51,712:INFO:The '4' was the 2nd character
2018-12-15 23:35:51,712:INFO:

2018-12-15 23:35:51,713:INFO:The symbols in this password are: ['!']
2018-12-15 23:35:51,713:INFO:The '!' was the 5th character
2018-12-15 23:35:51,713:INFO:

2018-12-15 23:35:51,781:INFO:The length of 'T4st!ng' is 7
2018-12-15 23:35:51,781:INFO:As a list it looks like this ['T', '4', 's', 't', '!', 'n', 'g']
2018-12-15 23:35:51,782:INFO:The letters in this password are: ['T', 's', 't', 'n', 'g']
2018-12-15 23:35:51,782:INFO:The 'T' was the 1st character
2018-12-15 23:35:51,782:INFO:The 's' was the 3rd character
2018-12-15 23:35:51,782:INFO:The 't' was the 4th character
2018-12-15 23:35:51,782:INFO:The 'n' was the 6th character
2018-12-15 23:35:51,783:INFO:The 'g' was the 7th character
2018-12-15 23:35:51,783:INFO:

2018-12-15 23:35:51,783:INFO:The numbers in this password are: ['4']
2018-12-15 23:35:51,783:INFO:The '4' was the 2nd character
2018-12-15 23:35:51,783:INFO:

2018-12-15 23:35:51,783:INFO:The symbols in this password are: ['!']
2018-12-15 23:35:51,783:INFO:The '!' was the 5th character
2018-12-15 23:35:51,784:INFO:

2018-12-15 23:35:51,840:INFO:The length of 'T4st!ng' is 7
2018-12-15 23:35:51,840:INFO:As a list it looks like this ['T', '4', 's', 't', '!', 'n', 'g']
2018-12-15 23:35:51,841:INFO:The letters in this password are: ['T', 's', 't', 'n', 'g']
2018-12-15 23:35:51,841:INFO:The 'T' was the 1st character
2018-12-15 23:35:51,841:INFO:The 's' was the 3rd character
2018-12-15 23:35:51,841:INFO:The 't' was the 4th character
2018-12-15 23:35:51,841:INFO:The 'n' was the 6th character
2018-12-15 23:35:51,842:INFO:The 'g' was the 7th character
2018-12-15 23:35:51,842:INFO:

2018-12-15 23:35:51,842:INFO:The numbers in this password are: ['4']
2018-12-15 23:35:51,842:INFO:The '4' was the 2nd character
2018-12-15 23:35:51,842:INFO:

2018-12-15 23:35:51,843:INFO:The symbols in this password are: ['!']
2018-12-15 23:35:51,843:INFO:The '!' was the 5th character
2018-12-15 23:35:51,843:INFO:

2018-12-15 23:35:51,906:INFO:The length of 'T4st!ng' is 7
2018-12-15 23:35:51,907:INFO:As a list it looks like this ['T', '4', 's', 't', '!', 'n', 'g']
2018-12-15 23:35:51,907:INFO:The letters in this password are: ['T', 's', 't', 'n', 'g']
2018-12-15 23:35:51,907:INFO:The 'T' was the 1st character
2018-12-15 23:35:51,907:INFO:The 's' was the 3rd character
2018-12-15 23:35:51,908:INFO:The 't' was the 4th character
2018-12-15 23:35:51,908:INFO:The 'n' was the 6th character
2018-12-15 23:35:51,908:INFO:The 'g' was the 7th character
2018-12-15 23:35:51,908:INFO:

2018-12-15 23:35:51,908:INFO:The numbers in this password are: ['4']
2018-12-15 23:35:51,908:INFO:The '4' was the 2nd character
2018-12-15 23:35:51,909:INFO:

2018-12-15 23:35:51,909:INFO:The symbols in this password are: ['!']
2018-12-15 23:35:51,909:INFO:The '!' was the 5th character
2018-12-15 23:35:51,909:INFO:

2018-12-15 23:35:51,979:INFO:The length of 'T4st!ng' is 7
2018-12-15 23:35:51,979:INFO:As a list it looks like this ['T', '4', 's', 't', '!', 'n', 'g']
2018-12-15 23:35:51,980:INFO:The letters in this password are: ['T', 's', 't', 'n', 'g']
2018-12-15 23:35:51,980:INFO:The 'T' was the 1st character
2018-12-15 23:35:51,980:INFO:The 's' was the 3rd character
2018-12-15 23:35:51,980:INFO:The 't' was the 4th character
2018-12-15 23:35:51,981:INFO:The 'n' was the 6th character
2018-12-15 23:35:51,981:INFO:The 'g' was the 7th character
2018-12-15 23:35:51,981:INFO:

2018-12-15 23:35:51,981:INFO:The numbers in this password are: ['4']
2018-12-15 23:35:51,981:INFO:The '4' was the 2nd character
2018-12-15 23:35:51,981:INFO:

2018-12-15 23:35:51,982:INFO:The symbols in this password are: ['!']
2018-12-15 23:35:51,982:INFO:The '!' was the 5th character
2018-12-15 23:35:51,982:INFO:

2018-12-15 23:35:52,049:INFO:The length of 'T4st!ng' is 7
2018-12-15 23:35:52,050:INFO:As a list it looks like this ['T', '4', 's', 't', '!', 'n', 'g']
2018-12-15 23:35:52,050:INFO:The letters in this password are: ['T', 's', 't', 'n', 'g']
2018-12-15 23:35:52,050:INFO:The 'T' was the 1st character
2018-12-15 23:35:52,050:INFO:The 's' was the 3rd character
2018-12-15 23:35:52,051:INFO:The 't' was the 4th character
2018-12-15 23:35:52,051:INFO:The 'n' was the 6th character
2018-12-15 23:35:52,051:INFO:The 'g' was the 7th character
2018-12-15 23:35:52,051:INFO:

2018-12-15 23:35:52,051:INFO:The numbers in this password are: ['4']
2018-12-15 23:35:52,051:INFO:The '4' was the 2nd character
2018-12-15 23:35:52,051:INFO:

2018-12-15 23:35:52,052:INFO:The symbols in this password are: ['!']
2018-12-15 23:35:52,052:INFO:The '!' was the 5th character
2018-12-15 23:35:52,052:INFO:

2018-12-15 23:35:52,114:INFO:The length of 'T4st!ng' is 7
2018-12-15 23:35:52,114:INFO:As a list it looks like this ['T', '4', 's', 't', '!', 'n', 'g']
2018-12-15 23:35:52,115:INFO:The letters in this password are: ['T', 's', 't', 'n', 'g']
2018-12-15 23:35:52,115:INFO:The 'T' was the 1st character
2018-12-15 23:35:52,115:INFO:The 's' was the 3rd character
2018-12-15 23:35:52,115:INFO:The 't' was the 4th character
2018-12-15 23:35:52,115:INFO:The 'n' was the 6th character
2018-12-15 23:35:52,116:INFO:The 'g' was the 7th character
2018-12-15 23:35:52,116:INFO:

2018-12-15 23:35:52,116:INFO:The numbers in this password are: ['4']
2018-12-15 23:35:52,116:INFO:The '4' was the 2nd character
2018-12-15 23:35:52,116:INFO:

2018-12-15 23:35:52,116:INFO:The symbols in this password are: ['!']
2018-12-15 23:35:52,116:INFO:The '!' was the 5th character
2018-12-15 23:35:52,117:INFO:

2018-12-15 23:35:52,174:INFO:The length of 'T4st!ng' is 7
2018-12-15 23:35:52,175:INFO:As a list it looks like this ['T', '4', 's', 't', '!', 'n', 'g']
2018-12-15 23:35:52,175:INFO:The letters in this password are: ['T', 's', 't', 'n', 'g']
2018-12-15 23:35:52,175:INFO:The 'T' was the 1st character
2018-12-15 23:35:52,175:INFO:The 's' was the 3rd character
2018-12-15 23:35:52,175:INFO:The 't' was the 4th character
2018-12-15 23:35:52,175:INFO:The 'n' was the 6th character
2018-12-15 23:35:52,176:INFO:The 'g' was the 7th character
2018-12-15 23:35:52,176:INFO:

2018-12-15 23:35:52,176:INFO:The numbers in this password are: ['4']
2018-12-15 23:35:52,176:INFO:The '4' was the 2nd character
2018-12-15 23:35:52,176:INFO:

2018-12-15 23:35:52,176:INFO:The symbols in this password are: ['!']
2018-12-15 23:35:52,176:INFO:The '!' was the 5th character
2018-12-15 23:35:52,176:INFO:

2018-12-15 23:35:52,236:INFO:The length of 'T4st!ng' is 7
2018-12-15 23:35:52,236:INFO:As a list it looks like this ['T', '4', 's', 't', '!', 'n', 'g']
2018-12-15 23:35:52,236:INFO:The letters in this password are: ['T', 's', 't', 'n', 'g']
2018-12-15 23:35:52,237:INFO:The 'T' was the 1st character
2018-12-15 23:35:52,237:INFO:The 's' was the 3rd character
2018-12-15 23:35:52,237:INFO:The 't' was the 4th character
2018-12-15 23:35:52,237:INFO:The 'n' was the 6th character
2018-12-15 23:35:52,237:INFO:The 'g' was the 7th character
2018-12-15 23:35:52,238:INFO:

2018-12-15 23:35:52,238:INFO:The numbers in this password are: ['4']
2018-12-15 23:35:52,238:INFO:The '4' was the 2nd character
2018-12-15 23:35:52,238:INFO:

2018-12-15 23:35:52,238:INFO:The symbols in this password are: ['!']
2018-12-15 23:35:52,238:INFO:The '!' was the 5th character
2018-12-15 23:35:52,239:INFO:

2018-12-15 23:35:52,296:INFO:The length of 'T4st!ng' is 7
2018-12-15 23:35:52,296:INFO:As a list it looks like this ['T', '4', 's', 't', '!', 'n', 'g']
2018-12-15 23:35:52,297:INFO:The letters in this password are: ['T', 's', 't', 'n', 'g']
2018-12-15 23:35:52,297:INFO:The 'T' was the 1st character
2018-12-15 23:35:52,297:INFO:The 's' was the 3rd character
2018-12-15 23:35:52,297:INFO:The 't' was the 4th character
2018-12-15 23:35:52,297:INFO:The 'n' was the 6th character
2018-12-15 23:35:52,297:INFO:The 'g' was the 7th character
2018-12-15 23:35:52,297:INFO:

2018-12-15 23:35:52,298:INFO:The numbers in this password are: ['4']
2018-12-15 23:35:52,298:INFO:The '4' was the 2nd character
2018-12-15 23:35:52,298:INFO:

2018-12-15 23:35:52,298:INFO:The symbols in this password are: ['!']
2018-12-15 23:35:52,298:INFO:The '!' was the 5th character
2018-12-15 23:35:52,298:INFO:

2018-12-15 23:35:52,360:INFO:The length of 'T4st!ng' is 7
2018-12-15 23:35:52,361:INFO:As a list it looks like this ['T', '4', 's', 't', '!', 'n', 'g']
2018-12-15 23:35:52,361:INFO:The letters in this password are: ['T', 's', 't', 'n', 'g']
2018-12-15 23:35:52,361:INFO:The 'T' was the 1st character
2018-12-15 23:35:52,362:INFO:The 's' was the 3rd character
2018-12-15 23:35:52,362:INFO:The 't' was the 4th character
2018-12-15 23:35:52,362:INFO:The 'n' was the 6th character
2018-12-15 23:35:52,362:INFO:The 'g' was the 7th character
2018-12-15 23:35:52,362:INFO:

2018-12-15 23:35:52,362:INFO:The numbers in this password are: ['4']
2018-12-15 23:35:52,362:INFO:The '4' was the 2nd character
2018-12-15 23:35:52,363:INFO:

2018-12-15 23:35:52,363:INFO:The symbols in this password are: ['!']
2018-12-15 23:35:52,363:INFO:The '!' was the 5th character
2018-12-15 23:35:52,363:INFO:

2018-12-15 23:35:52,424:INFO:The length of 'T4st!ng' is 7
2018-12-15 23:35:52,424:INFO:As a list it looks like this ['T', '4', 's', 't', '!', 'n', 'g']
2018-12-15 23:35:52,424:INFO:The letters in this password are: ['T', 's', 't', 'n', 'g']
2018-12-15 23:35:52,424:INFO:The 'T' was the 1st character
2018-12-15 23:35:52,424:INFO:The 's' was the 3rd character
2018-12-15 23:35:52,425:INFO:The 't' was the 4th character
2018-12-15 23:35:52,425:INFO:The 'n' was the 6th character
2018-12-15 23:35:52,425:INFO:The 'g' was the 7th character
2018-12-15 23:35:52,425:INFO:

2018-12-15 23:35:52,425:INFO:The numbers in this password are: ['4']
2018-12-15 23:35:52,425:INFO:The '4' was the 2nd character
2018-12-15 23:35:52,426:INFO:

2018-12-15 23:35:52,426:INFO:The symbols in this password are: ['!']
2018-12-15 23:35:52,426:INFO:The '!' was the 5th character
2018-12-15 23:35:52,426:INFO:

2018-12-15 23:35:52,487:INFO:The length of 'T4st!ng' is 7
2018-12-15 23:35:52,487:INFO:As a list it looks like this ['T', '4', 's', 't', '!', 'n', 'g']
2018-12-15 23:35:52,488:INFO:The letters in this password are: ['T', 's', 't', 'n', 'g']
2018-12-15 23:35:52,488:INFO:The 'T' was the 1st character
2018-12-15 23:35:52,488:INFO:The 's' was the 3rd character
2018-12-15 23:35:52,488:INFO:The 't' was the 4th character
2018-12-15 23:35:52,488:INFO:The 'n' was the 6th character
2018-12-15 23:35:52,489:INFO:The 'g' was the 7th character
2018-12-15 23:35:52,489:INFO:

2018-12-15 23:35:52,489:INFO:The numbers in this password are: ['4']
2018-12-15 23:35:52,489:INFO:The '4' was the 2nd character
2018-12-15 23:35:52,489:INFO:

2018-12-15 23:35:52,489:INFO:The symbols in this password are: ['!']
2018-12-15 23:35:52,489:INFO:The '!' was the 5th character
2018-12-15 23:35:52,489:INFO:

2018-12-15 23:35:52,556:INFO:The length of 'T4st!ng' is 7
2018-12-15 23:35:52,557:INFO:As a list it looks like this ['T', '4', 's', 't', '!', 'n', 'g']
2018-12-15 23:35:52,557:INFO:The letters in this password are: ['T', 's', 't', 'n', 'g']
2018-12-15 23:35:52,557:INFO:The 'T' was the 1st character
2018-12-15 23:35:52,558:INFO:The 's' was the 3rd character
2018-12-15 23:35:52,558:INFO:The 't' was the 4th character
2018-12-15 23:35:52,558:INFO:The 'n' was the 6th character
2018-12-15 23:35:52,558:INFO:The 'g' was the 7th character
2018-12-15 23:35:52,558:INFO:

2018-12-15 23:35:52,558:INFO:The numbers in this password are: ['4']
2018-12-15 23:35:52,558:INFO:The '4' was the 2nd character
2018-12-15 23:35:52,559:INFO:

2018-12-15 23:35:52,559:INFO:The symbols in this password are: ['!']
2018-12-15 23:35:52,559:INFO:The '!' was the 5th character
2018-12-15 23:35:52,559:INFO:

2018-12-15 23:35:52,620:INFO:The length of 'T4st!ng' is 7
2018-12-15 23:35:52,620:INFO:As a list it looks like this ['T', '4', 's', 't', '!', 'n', 'g']
2018-12-15 23:35:52,620:INFO:The letters in this password are: ['T', 's', 't', 'n', 'g']
2018-12-15 23:35:52,621:INFO:The 'T' was the 1st character
2018-12-15 23:35:52,621:INFO:The 's' was the 3rd character
2018-12-15 23:35:52,621:INFO:The 't' was the 4th character
2018-12-15 23:35:52,621:INFO:The 'n' was the 6th character
2018-12-15 23:35:52,621:INFO:The 'g' was the 7th character
2018-12-15 23:35:52,621:INFO:

2018-12-15 23:35:52,622:INFO:The numbers in this password are: ['4']
2018-12-15 23:35:52,622:INFO:The '4' was the 2nd character
2018-12-15 23:35:52,622:INFO:

2018-12-15 23:35:52,622:INFO:The symbols in this password are: ['!']
2018-12-15 23:35:52,622:INFO:The '!' was the 5th character
2018-12-15 23:35:52,622:INFO:

2018-12-15 23:35:52,681:INFO:The length of 'T4st!ng' is 7
2018-12-15 23:35:52,681:INFO:As a list it looks like this ['T', '4', 's', 't', '!', 'n', 'g']
2018-12-15 23:35:52,681:INFO:The letters in this password are: ['T', 's', 't', 'n', 'g']
2018-12-15 23:35:52,682:INFO:The 'T' was the 1st character
2018-12-15 23:35:52,682:INFO:The 's' was the 3rd character
2018-12-15 23:35:52,682:INFO:The 't' was the 4th character
2018-12-15 23:35:52,682:INFO:The 'n' was the 6th character
2018-12-15 23:35:52,682:INFO:The 'g' was the 7th character
2018-12-15 23:35:52,682:INFO:

2018-12-15 23:35:52,682:INFO:The numbers in this password are: ['4']
2018-12-15 23:35:52,683:INFO:The '4' was the 2nd character
2018-12-15 23:35:52,683:INFO:

2018-12-15 23:35:52,683:INFO:The symbols in this password are: ['!']
2018-12-15 23:35:52,683:INFO:The '!' was the 5th character
2018-12-15 23:35:52,683:INFO:

2018-12-15 23:35:52,741:INFO:The length of 'T4st!ng' is 7
2018-12-15 23:35:52,742:INFO:As a list it looks like this ['T', '4', 's', 't', '!', 'n', 'g']
2018-12-15 23:35:52,742:INFO:The letters in this password are: ['T', 's', 't', 'n', 'g']
2018-12-15 23:35:52,742:INFO:The 'T' was the 1st character
2018-12-15 23:35:52,743:INFO:The 's' was the 3rd character
2018-12-15 23:35:52,743:INFO:The 't' was the 4th character
2018-12-15 23:35:52,743:INFO:The 'n' was the 6th character
2018-12-15 23:35:52,743:INFO:The 'g' was the 7th character
2018-12-15 23:35:52,743:INFO:

2018-12-15 23:35:52,743:INFO:The numbers in this password are: ['4']
2018-12-15 23:35:52,744:INFO:The '4' was the 2nd character
2018-12-15 23:35:52,744:INFO:

2018-12-15 23:35:52,744:INFO:The symbols in this password are: ['!']
2018-12-15 23:35:52,744:INFO:The '!' was the 5th character
2018-12-15 23:35:52,744:INFO:

2018-12-15 23:35:52,803:INFO:The length of 'T4st!ng' is 7
2018-12-15 23:35:52,803:INFO:As a list it looks like this ['T', '4', 's', 't', '!', 'n', 'g']
2018-12-15 23:35:52,804:INFO:The letters in this password are: ['T', 's', 't', 'n', 'g']
2018-12-15 23:35:52,804:INFO:The 'T' was the 1st character
2018-12-15 23:35:52,804:INFO:The 's' was the 3rd character
2018-12-15 23:35:52,804:INFO:The 't' was the 4th character
2018-12-15 23:35:52,804:INFO:The 'n' was the 6th character
2018-12-15 23:35:52,804:INFO:The 'g' was the 7th character
2018-12-15 23:35:52,804:INFO:

2018-12-15 23:35:52,805:INFO:The numbers in this password are: ['4']
2018-12-15 23:35:52,805:INFO:The '4' was the 2nd character
2018-12-15 23:35:52,805:INFO:

2018-12-15 23:35:52,805:INFO:The symbols in this password are: ['!']
2018-12-15 23:35:52,805:INFO:The '!' was the 5th character
2018-12-15 23:35:52,805:INFO:

2018-12-15 23:35:52,866:INFO:The length of 'T4st!ng' is 7
2018-12-15 23:35:52,867:INFO:As a list it looks like this ['T', '4', 's', 't', '!', 'n', 'g']
2018-12-15 23:35:52,867:INFO:The letters in this password are: ['T', 's', 't', 'n', 'g']
2018-12-15 23:35:52,867:INFO:The 'T' was the 1st character
2018-12-15 23:35:52,867:INFO:The 's' was the 3rd character
2018-12-15 23:35:52,867:INFO:The 't' was the 4th character
2018-12-15 23:35:52,868:INFO:The 'n' was the 6th character
2018-12-15 23:35:52,868:INFO:The 'g' was the 7th character
2018-12-15 23:35:52,868:INFO:

2018-12-15 23:35:52,868:INFO:The numbers in this password are: ['4']
2018-12-15 23:35:52,868:INFO:The '4' was the 2nd character
2018-12-15 23:35:52,868:INFO:

2018-12-15 23:35:52,868:INFO:The symbols in this password are: ['!']
2018-12-15 23:35:52,869:INFO:The '!' was the 5th character
2018-12-15 23:35:52,869:INFO:

2018-12-15 23:35:52,935:INFO:The length of 'T4st!ng' is 7
2018-12-15 23:35:52,935:INFO:As a list it looks like this ['T', '4', 's', 't', '!', 'n', 'g']
2018-12-15 23:35:52,935:INFO:The letters in this password are: ['T', 's', 't', 'n', 'g']
2018-12-15 23:35:52,935:INFO:The 'T' was the 1st character
2018-12-15 23:35:52,935:INFO:The 's' was the 3rd character
2018-12-15 23:35:52,935:INFO:The 't' was the 4th character
2018-12-15 23:35:52,936:INFO:The 'n' was the 6th character
2018-12-15 23:35:52,936:INFO:The 'g' was the 7th character
2018-12-15 23:35:52,936:INFO:

2018-12-15 23:35:52,936:INFO:The numbers in this password are: ['4']
2018-12-15 23:35:52,936:INFO:The '4' was the 2nd character
2018-12-15 23:35:52,936:INFO:

2018-12-15 23:35:52,936:INFO:The symbols in this password are: ['!']
2018-12-15 23:35:52,937:INFO:The '!' was the 5th character
2018-12-15 23:35:52,937:INFO:

2018-12-15 23:35:52,999:INFO:The length of 'T4st!ng' is 7
2018-12-15 23:35:53,000:INFO:As a list it looks like this ['T', '4', 's', 't', '!', 'n', 'g']
2018-12-15 23:35:53,000:INFO:The letters in this password are: ['T', 's', 't', 'n', 'g']
2018-12-15 23:35:53,000:INFO:The 'T' was the 1st character
2018-12-15 23:35:53,000:INFO:The 's' was the 3rd character
2018-12-15 23:35:53,001:INFO:The 't' was the 4th character
2018-12-15 23:35:53,001:INFO:The 'n' was the 6th character
2018-12-15 23:35:53,001:INFO:The 'g' was the 7th character
2018-12-15 23:35:53,001:INFO:

2018-12-15 23:35:53,001:INFO:The numbers in this password are: ['4']
2018-12-15 23:35:53,001:INFO:The '4' was the 2nd character
2018-12-15 23:35:53,001:INFO:

2018-12-15 23:35:53,002:INFO:The symbols in this password are: ['!']
2018-12-15 23:35:53,002:INFO:The '!' was the 5th character
2018-12-15 23:35:53,002:INFO:

2018-12-15 23:35:53,063:INFO:The length of 'T4st!ng' is 7
2018-12-15 23:35:53,063:INFO:As a list it looks like this ['T', '4', 's', 't', '!', 'n', 'g']
2018-12-15 23:35:53,064:INFO:The letters in this password are: ['T', 's', 't', 'n', 'g']
2018-12-15 23:35:53,064:INFO:The 'T' was the 1st character
2018-12-15 23:35:53,064:INFO:The 's' was the 3rd character
2018-12-15 23:35:53,064:INFO:The 't' was the 4th character
2018-12-15 23:35:53,064:INFO:The 'n' was the 6th character
2018-12-15 23:35:53,064:INFO:The 'g' was the 7th character
2018-12-15 23:35:53,064:INFO:

2018-12-15 23:35:53,065:INFO:The numbers in this password are: ['4']
2018-12-15 23:35:53,065:INFO:The '4' was the 2nd character
2018-12-15 23:35:53,065:INFO:

2018-12-15 23:35:53,065:INFO:The symbols in this password are: ['!']
2018-12-15 23:35:53,065:INFO:The '!' was the 5th character
2018-12-15 23:35:53,065:INFO:

2018-12-15 23:35:53,125:INFO:The length of 'T4st!ng' is 7
2018-12-15 23:35:53,125:INFO:As a list it looks like this ['T', '4', 's', 't', '!', 'n', 'g']
2018-12-15 23:35:53,125:INFO:The letters in this password are: ['T', 's', 't', 'n', 'g']
2018-12-15 23:35:53,126:INFO:The 'T' was the 1st character
2018-12-15 23:35:53,126:INFO:The 's' was the 3rd character
2018-12-15 23:35:53,126:INFO:The 't' was the 4th character
2018-12-15 23:35:53,126:INFO:The 'n' was the 6th character
2018-12-15 23:35:53,126:INFO:The 'g' was the 7th character
2018-12-15 23:35:53,126:INFO:

2018-12-15 23:35:53,126:INFO:The numbers in this password are: ['4']
2018-12-15 23:35:53,127:INFO:The '4' was the 2nd character
2018-12-15 23:35:53,127:INFO:

2018-12-15 23:35:53,127:INFO:The symbols in this password are: ['!']
2018-12-15 23:35:53,127:INFO:The '!' was the 5th character
2018-12-15 23:35:53,127:INFO:

2018-12-15 23:35:53,184:INFO:The length of 'T4st!ng' is 7
2018-12-15 23:35:53,185:INFO:As a list it looks like this ['T', '4', 's', 't', '!', 'n', 'g']
2018-12-15 23:35:53,185:INFO:The letters in this password are: ['T', 's', 't', 'n', 'g']
2018-12-15 23:35:53,185:INFO:The 'T' was the 1st character
2018-12-15 23:35:53,185:INFO:The 's' was the 3rd character
2018-12-15 23:35:53,186:INFO:The 't' was the 4th character
2018-12-15 23:35:53,186:INFO:The 'n' was the 6th character
2018-12-15 23:35:53,186:INFO:The 'g' was the 7th character
2018-12-15 23:35:53,186:INFO:

2018-12-15 23:35:53,186:INFO:The numbers in this password are: ['4']
2018-12-15 23:35:53,186:INFO:The '4' was the 2nd character
2018-12-15 23:35:53,186:INFO:

2018-12-15 23:35:53,187:INFO:The symbols in this password are: ['!']
2018-12-15 23:35:53,187:INFO:The '!' was the 5th character
2018-12-15 23:35:53,187:INFO:

2018-12-15 23:35:53,256:INFO:The length of 'T4st!ng' is 7
2018-12-15 23:35:53,256:INFO:As a list it looks like this ['T', '4', 's', 't', '!', 'n', 'g']
2018-12-15 23:35:53,256:INFO:The letters in this password are: ['T', 's', 't', 'n', 'g']
2018-12-15 23:35:53,257:INFO:The 'T' was the 1st character
2018-12-15 23:35:53,257:INFO:The 's' was the 3rd character
2018-12-15 23:35:53,257:INFO:The 't' was the 4th character
2018-12-15 23:35:53,257:INFO:The 'n' was the 6th character
2018-12-15 23:35:53,257:INFO:The 'g' was the 7th character
2018-12-15 23:35:53,257:INFO:

2018-12-15 23:35:53,257:INFO:The numbers in this password are: ['4']
2018-12-15 23:35:53,257:INFO:The '4' was the 2nd character
2018-12-15 23:35:53,258:INFO:

2018-12-15 23:35:53,258:INFO:The symbols in this password are: ['!']
2018-12-15 23:35:53,258:INFO:The '!' was the 5th character
2018-12-15 23:35:53,258:INFO:

2018-12-15 23:35:53,316:INFO:The length of 'T4st!ng' is 7
2018-12-15 23:35:53,317:INFO:As a list it looks like this ['T', '4', 's', 't', '!', 'n', 'g']
2018-12-15 23:35:53,317:INFO:The letters in this password are: ['T', 's', 't', 'n', 'g']
2018-12-15 23:35:53,317:INFO:The 'T' was the 1st character
2018-12-15 23:35:53,317:INFO:The 's' was the 3rd character
2018-12-15 23:35:53,318:INFO:The 't' was the 4th character
2018-12-15 23:35:53,318:INFO:The 'n' was the 6th character
2018-12-15 23:35:53,318:INFO:The 'g' was the 7th character
2018-12-15 23:35:53,318:INFO:

2018-12-15 23:35:53,318:INFO:The numbers in this password are: ['4']
2018-12-15 23:35:53,319:INFO:The '4' was the 2nd character
2018-12-15 23:35:53,319:INFO:

2018-12-15 23:35:53,319:INFO:The symbols in this password are: ['!']
2018-12-15 23:35:53,319:INFO:The '!' was the 5th character
2018-12-15 23:35:53,319:INFO:

2018-12-15 23:35:53,384:INFO:The length of 'T4st!ng' is 7
2018-12-15 23:35:53,385:INFO:As a list it looks like this ['T', '4', 's', 't', '!', 'n', 'g']
2018-12-15 23:35:53,385:INFO:The letters in this password are: ['T', 's', 't', 'n', 'g']
2018-12-15 23:35:53,385:INFO:The 'T' was the 1st character
2018-12-15 23:35:53,385:INFO:The 's' was the 3rd character
2018-12-15 23:35:53,385:INFO:The 't' was the 4th character
2018-12-15 23:35:53,386:INFO:The 'n' was the 6th character
2018-12-15 23:35:53,386:INFO:The 'g' was the 7th character
2018-12-15 23:35:53,386:INFO:

2018-12-15 23:35:53,386:INFO:The numbers in this password are: ['4']
2018-12-15 23:35:53,386:INFO:The '4' was the 2nd character
2018-12-15 23:35:53,386:INFO:

2018-12-15 23:35:53,386:INFO:The symbols in this password are: ['!']
2018-12-15 23:35:53,386:INFO:The '!' was the 5th character
2018-12-15 23:35:53,387:INFO:

2018-12-15 23:35:53,449:INFO:The length of 'T4st!ng' is 7
2018-12-15 23:35:53,450:INFO:As a list it looks like this ['T', '4', 's', 't', '!', 'n', 'g']
2018-12-15 23:35:53,450:INFO:The letters in this password are: ['T', 's', 't', 'n', 'g']
2018-12-15 23:35:53,450:INFO:The 'T' was the 1st character
2018-12-15 23:35:53,450:INFO:The 's' was the 3rd character
2018-12-15 23:35:53,451:INFO:The 't' was the 4th character
2018-12-15 23:35:53,451:INFO:The 'n' was the 6th character
2018-12-15 23:35:53,451:INFO:The 'g' was the 7th character
2018-12-15 23:35:53,451:INFO:

2018-12-15 23:35:53,451:INFO:The numbers in this password are: ['4']
2018-12-15 23:35:53,451:INFO:The '4' was the 2nd character
2018-12-15 23:35:53,452:INFO:

2018-12-15 23:35:53,452:INFO:The symbols in this password are: ['!']
2018-12-15 23:35:53,452:INFO:The '!' was the 5th character
2018-12-15 23:35:53,452:INFO:

2018-12-15 23:35:53,517:INFO:The length of 'T4st!ng' is 7
2018-12-15 23:35:53,518:INFO:As a list it looks like this ['T', '4', 's', 't', '!', 'n', 'g']
2018-12-15 23:35:53,518:INFO:The letters in this password are: ['T', 's', 't', 'n', 'g']
2018-12-15 23:35:53,518:INFO:The 'T' was the 1st character
2018-12-15 23:35:53,518:INFO:The 's' was the 3rd character
2018-12-15 23:35:53,518:INFO:The 't' was the 4th character
2018-12-15 23:35:53,519:INFO:The 'n' was the 6th character
2018-12-15 23:35:53,519:INFO:The 'g' was the 7th character
2018-12-15 23:35:53,519:INFO:

2018-12-15 23:35:53,519:INFO:The numbers in this password are: ['4']
2018-12-15 23:35:53,519:INFO:The '4' was the 2nd character
2018-12-15 23:35:53,519:INFO:

2018-12-15 23:35:53,520:INFO:The symbols in this password are: ['!']
2018-12-15 23:35:53,520:INFO:The '!' was the 5th character
2018-12-15 23:35:53,520:INFO:

2018-12-15 23:35:53,588:INFO:The length of 'T4st!ng' is 7
2018-12-15 23:35:53,589:INFO:As a list it looks like this ['T', '4', 's', 't', '!', 'n', 'g']
2018-12-15 23:35:53,589:INFO:The letters in this password are: ['T', 's', 't', 'n', 'g']
2018-12-15 23:35:53,589:INFO:The 'T' was the 1st character
2018-12-15 23:35:53,589:INFO:The 's' was the 3rd character
2018-12-15 23:35:53,589:INFO:The 't' was the 4th character
2018-12-15 23:35:53,590:INFO:The 'n' was the 6th character
2018-12-15 23:35:53,590:INFO:The 'g' was the 7th character
2018-12-15 23:35:53,590:INFO:

2018-12-15 23:35:53,590:INFO:The numbers in this password are: ['4']
2018-12-15 23:35:53,590:INFO:The '4' was the 2nd character
2018-12-15 23:35:53,590:INFO:

2018-12-15 23:35:53,591:INFO:The symbols in this password are: ['!']
2018-12-15 23:35:53,591:INFO:The '!' was the 5th character
2018-12-15 23:35:53,591:INFO:

2018-12-15 23:35:53,668:INFO:The length of 'T4st!ng' is 7
2018-12-15 23:35:53,668:INFO:As a list it looks like this ['T', '4', 's', 't', '!', 'n', 'g']
2018-12-15 23:35:53,668:INFO:The letters in this password are: ['T', 's', 't', 'n', 'g']
2018-12-15 23:35:53,669:INFO:The 'T' was the 1st character
2018-12-15 23:35:53,669:INFO:The 's' was the 3rd character
2018-12-15 23:35:53,669:INFO:The 't' was the 4th character
2018-12-15 23:35:53,669:INFO:The 'n' was the 6th character
2018-12-15 23:35:53,669:INFO:The 'g' was the 7th character
2018-12-15 23:35:53,669:INFO:

2018-12-15 23:35:53,669:INFO:The numbers in this password are: ['4']
2018-12-15 23:35:53,669:INFO:The '4' was the 2nd character
2018-12-15 23:35:53,670:INFO:

2018-12-15 23:35:53,670:INFO:The symbols in this password are: ['!']
2018-12-15 23:35:53,670:INFO:The '!' was the 5th character
2018-12-15 23:35:53,670:INFO:

2018-12-15 23:35:53,728:INFO:The length of 'T4st!ng' is 7
2018-12-15 23:35:53,729:INFO:As a list it looks like this ['T', '4', 's', 't', '!', 'n', 'g']
2018-12-15 23:35:53,729:INFO:The letters in this password are: ['T', 's', 't', 'n', 'g']
2018-12-15 23:35:53,729:INFO:The 'T' was the 1st character
2018-12-15 23:35:53,729:INFO:The 's' was the 3rd character
2018-12-15 23:35:53,730:INFO:The 't' was the 4th character
2018-12-15 23:35:53,730:INFO:The 'n' was the 6th character
2018-12-15 23:35:53,730:INFO:The 'g' was the 7th character
2018-12-15 23:35:53,730:INFO:

2018-12-15 23:35:53,730:INFO:The numbers in this password are: ['4']
2018-12-15 23:35:53,730:INFO:The '4' was the 2nd character
2018-12-15 23:35:53,731:INFO:

2018-12-15 23:35:53,731:INFO:The symbols in this password are: ['!']
2018-12-15 23:35:53,731:INFO:The '!' was the 5th character
2018-12-15 23:35:53,731:INFO:

2018-12-15 23:35:53,787:INFO:The length of 'T4st!ng' is 7
2018-12-15 23:35:53,788:INFO:As a list it looks like this ['T', '4', 's', 't', '!', 'n', 'g']
2018-12-15 23:35:53,788:INFO:The letters in this password are: ['T', 's', 't', 'n', 'g']
2018-12-15 23:35:53,788:INFO:The 'T' was the 1st character
2018-12-15 23:35:53,788:INFO:The 's' was the 3rd character
2018-12-15 23:35:53,788:INFO:The 't' was the 4th character
2018-12-15 23:35:53,789:INFO:The 'n' was the 6th character
2018-12-15 23:35:53,789:INFO:The 'g' was the 7th character
2018-12-15 23:35:53,789:INFO:

2018-12-15 23:35:53,789:INFO:The numbers in this password are: ['4']
2018-12-15 23:35:53,789:INFO:The '4' was the 2nd character
2018-12-15 23:35:53,789:INFO:

2018-12-15 23:35:53,789:INFO:The symbols in this password are: ['!']
2018-12-15 23:35:53,789:INFO:The '!' was the 5th character
2018-12-15 23:35:53,790:INFO:

2018-12-15 23:35:53,858:INFO:The length of 'T4st!ng' is 7
2018-12-15 23:35:53,858:INFO:As a list it looks like this ['T', '4', 's', 't', '!', 'n', 'g']
2018-12-15 23:35:53,858:INFO:The letters in this password are: ['T', 's', 't', 'n', 'g']
2018-12-15 23:35:53,858:INFO:The 'T' was the 1st character
2018-12-15 23:35:53,859:INFO:The 's' was the 3rd character
2018-12-15 23:35:53,859:INFO:The 't' was the 4th character
2018-12-15 23:35:53,859:INFO:The 'n' was the 6th character
2018-12-15 23:35:53,859:INFO:The 'g' was the 7th character
2018-12-15 23:35:53,859:INFO:

2018-12-15 23:35:53,859:INFO:The numbers in this password are: ['4']
2018-12-15 23:35:53,860:INFO:The '4' was the 2nd character
2018-12-15 23:35:53,860:INFO:

2018-12-15 23:35:53,860:INFO:The symbols in this password are: ['!']
2018-12-15 23:35:53,860:INFO:The '!' was the 5th character
2018-12-15 23:35:53,860:INFO:

2018-12-15 23:35:53,917:INFO:The length of 'T4st!ng' is 7
2018-12-15 23:35:53,917:INFO:As a list it looks like this ['T', '4', 's', 't', '!', 'n', 'g']
2018-12-15 23:35:53,917:INFO:The letters in this password are: ['T', 's', 't', 'n', 'g']
2018-12-15 23:35:53,918:INFO:The 'T' was the 1st character
2018-12-15 23:35:53,918:INFO:The 's' was the 3rd character
2018-12-15 23:35:53,918:INFO:The 't' was the 4th character
2018-12-15 23:35:53,918:INFO:The 'n' was the 6th character
2018-12-15 23:35:53,919:INFO:The 'g' was the 7th character
2018-12-15 23:35:53,919:INFO:

2018-12-15 23:35:53,919:INFO:The numbers in this password are: ['4']
2018-12-15 23:35:53,919:INFO:The '4' was the 2nd character
2018-12-15 23:35:53,919:INFO:

2018-12-15 23:35:53,919:INFO:The symbols in this password are: ['!']
2018-12-15 23:35:53,919:INFO:The '!' was the 5th character
2018-12-15 23:35:53,920:INFO:

2018-12-15 23:35:53,976:INFO:The length of 'T4st!ng' is 7
2018-12-15 23:35:53,976:INFO:As a list it looks like this ['T', '4', 's', 't', '!', 'n', 'g']
2018-12-15 23:35:53,976:INFO:The letters in this password are: ['T', 's', 't', 'n', 'g']
2018-12-15 23:35:53,977:INFO:The 'T' was the 1st character
2018-12-15 23:35:53,977:INFO:The 's' was the 3rd character
2018-12-15 23:35:53,977:INFO:The 't' was the 4th character
2018-12-15 23:35:53,977:INFO:The 'n' was the 6th character
2018-12-15 23:35:53,977:INFO:The 'g' was the 7th character
2018-12-15 23:35:53,977:INFO:

2018-12-15 23:35:53,978:INFO:The numbers in this password are: ['4']
2018-12-15 23:35:53,978:INFO:The '4' was the 2nd character
2018-12-15 23:35:53,978:INFO:

2018-12-15 23:35:53,978:INFO:The symbols in this password are: ['!']
2018-12-15 23:35:53,978:INFO:The '!' was the 5th character
2018-12-15 23:35:53,978:INFO:

2018-12-15 23:35:54,044:INFO:The length of 'T4st!ng' is 7
2018-12-15 23:35:54,044:INFO:As a list it looks like this ['T', '4', 's', 't', '!', 'n', 'g']
2018-12-15 23:35:54,045:INFO:The letters in this password are: ['T', 's', 't', 'n', 'g']
2018-12-15 23:35:54,045:INFO:The 'T' was the 1st character
2018-12-15 23:35:54,045:INFO:The 's' was the 3rd character
2018-12-15 23:35:54,045:INFO:The 't' was the 4th character
2018-12-15 23:35:54,045:INFO:The 'n' was the 6th character
2018-12-15 23:35:54,045:INFO:The 'g' was the 7th character
2018-12-15 23:35:54,046:INFO:

2018-12-15 23:35:54,046:INFO:The numbers in this password are: ['4']
2018-12-15 23:35:54,046:INFO:The '4' was the 2nd character
2018-12-15 23:35:54,046:INFO:

2018-12-15 23:35:54,046:INFO:The symbols in this password are: ['!']
2018-12-15 23:35:54,046:INFO:The '!' was the 5th character
2018-12-15 23:35:54,046:INFO:

2018-12-15 23:35:54,105:INFO:The length of 'T4st!ng' is 7
2018-12-15 23:35:54,106:INFO:As a list it looks like this ['T', '4', 's', 't', '!', 'n', 'g']
2018-12-15 23:35:54,106:INFO:The letters in this password are: ['T', 's', 't', 'n', 'g']
2018-12-15 23:35:54,106:INFO:The 'T' was the 1st character
2018-12-15 23:35:54,106:INFO:The 's' was the 3rd character
2018-12-15 23:35:54,107:INFO:The 't' was the 4th character
2018-12-15 23:35:54,107:INFO:The 'n' was the 6th character
2018-12-15 23:35:54,107:INFO:The 'g' was the 7th character
2018-12-15 23:35:54,107:INFO:

2018-12-15 23:35:54,107:INFO:The numbers in this password are: ['4']
2018-12-15 23:35:54,107:INFO:The '4' was the 2nd character
2018-12-15 23:35:54,108:INFO:

2018-12-15 23:35:54,108:INFO:The symbols in this password are: ['!']
2018-12-15 23:35:54,108:INFO:The '!' was the 5th character
2018-12-15 23:35:54,108:INFO:

2018-12-15 23:35:54,167:INFO:The length of 'T4st!ng' is 7
2018-12-15 23:35:54,168:INFO:As a list it looks like this ['T', '4', 's', 't', '!', 'n', 'g']
2018-12-15 23:35:54,168:INFO:The letters in this password are: ['T', 's', 't', 'n', 'g']
2018-12-15 23:35:54,168:INFO:The 'T' was the 1st character
2018-12-15 23:35:54,168:INFO:The 's' was the 3rd character
2018-12-15 23:35:54,168:INFO:The 't' was the 4th character
2018-12-15 23:35:54,169:INFO:The 'n' was the 6th character
2018-12-15 23:35:54,169:INFO:The 'g' was the 7th character
2018-12-15 23:35:54,169:INFO:

2018-12-15 23:35:54,169:INFO:The numbers in this password are: ['4']
2018-12-15 23:35:54,169:INFO:The '4' was the 2nd character
2018-12-15 23:35:54,169:INFO:

2018-12-15 23:35:54,169:INFO:The symbols in this password are: ['!']
2018-12-15 23:35:54,169:INFO:The '!' was the 5th character
2018-12-15 23:35:54,170:INFO:

2018-12-15 23:35:54,228:INFO:The length of 'T4st!ng' is 7
2018-12-15 23:35:54,229:INFO:As a list it looks like this ['T', '4', 's', 't', '!', 'n', 'g']
2018-12-15 23:35:54,229:INFO:The letters in this password are: ['T', 's', 't', 'n', 'g']
2018-12-15 23:35:54,229:INFO:The 'T' was the 1st character
2018-12-15 23:35:54,230:INFO:The 's' was the 3rd character
2018-12-15 23:35:54,230:INFO:The 't' was the 4th character
2018-12-15 23:35:54,230:INFO:The 'n' was the 6th character
2018-12-15 23:35:54,230:INFO:The 'g' was the 7th character
2018-12-15 23:35:54,230:INFO:

2018-12-15 23:35:54,230:INFO:The numbers in this password are: ['4']
2018-12-15 23:35:54,231:INFO:The '4' was the 2nd character
2018-12-15 23:35:54,231:INFO:

2018-12-15 23:35:54,231:INFO:The symbols in this password are: ['!']
2018-12-15 23:35:54,231:INFO:The '!' was the 5th character
2018-12-15 23:35:54,231:INFO:

2018-12-15 23:35:54,290:INFO:The length of 'T4st!ng' is 7
2018-12-15 23:35:54,291:INFO:As a list it looks like this ['T', '4', 's', 't', '!', 'n', 'g']
2018-12-15 23:35:54,291:INFO:The letters in this password are: ['T', 's', 't', 'n', 'g']
2018-12-15 23:35:54,291:INFO:The 'T' was the 1st character
2018-12-15 23:35:54,291:INFO:The 's' was the 3rd character
2018-12-15 23:35:54,291:INFO:The 't' was the 4th character
2018-12-15 23:35:54,291:INFO:The 'n' was the 6th character
2018-12-15 23:35:54,291:INFO:The 'g' was the 7th character
2018-12-15 23:35:54,291:INFO:

2018-12-15 23:35:54,292:INFO:The numbers in this password are: ['4']
2018-12-15 23:35:54,292:INFO:The '4' was the 2nd character
2018-12-15 23:35:54,292:INFO:

2018-12-15 23:35:54,292:INFO:The symbols in this password are: ['!']
2018-12-15 23:35:54,292:INFO:The '!' was the 5th character
2018-12-15 23:35:54,292:INFO:

2018-12-15 23:35:54,352:INFO:The length of 'T4st!ng' is 7
2018-12-15 23:35:54,352:INFO:As a list it looks like this ['T', '4', 's', 't', '!', 'n', 'g']
2018-12-15 23:35:54,353:INFO:The letters in this password are: ['T', 's', 't', 'n', 'g']
2018-12-15 23:35:54,353:INFO:The 'T' was the 1st character
2018-12-15 23:35:54,353:INFO:The 's' was the 3rd character
2018-12-15 23:35:54,353:INFO:The 't' was the 4th character
2018-12-15 23:35:54,353:INFO:The 'n' was the 6th character
2018-12-15 23:35:54,353:INFO:The 'g' was the 7th character
2018-12-15 23:35:54,353:INFO:

2018-12-15 23:35:54,353:INFO:The numbers in this password are: ['4']
2018-12-15 23:35:54,354:INFO:The '4' was the 2nd character
2018-12-15 23:35:54,354:INFO:

2018-12-15 23:35:54,354:INFO:The symbols in this password are: ['!']
2018-12-15 23:35:54,354:INFO:The '!' was the 5th character
2018-12-15 23:35:54,354:INFO:

2018-12-15 23:35:54,414:INFO:The length of 'T4st!ng' is 7
2018-12-15 23:35:54,414:INFO:As a list it looks like this ['T', '4', 's', 't', '!', 'n', 'g']
2018-12-15 23:35:54,414:INFO:The letters in this password are: ['T', 's', 't', 'n', 'g']
2018-12-15 23:35:54,414:INFO:The 'T' was the 1st character
2018-12-15 23:35:54,415:INFO:The 's' was the 3rd character
2018-12-15 23:35:54,415:INFO:The 't' was the 4th character
2018-12-15 23:35:54,415:INFO:The 'n' was the 6th character
2018-12-15 23:35:54,415:INFO:The 'g' was the 7th character
2018-12-15 23:35:54,415:INFO:

2018-12-15 23:35:54,415:INFO:The numbers in this password are: ['4']
2018-12-15 23:35:54,416:INFO:The '4' was the 2nd character
2018-12-15 23:35:54,416:INFO:

2018-12-15 23:35:54,416:INFO:The symbols in this password are: ['!']
2018-12-15 23:35:54,416:INFO:The '!' was the 5th character
2018-12-15 23:35:54,416:INFO:

2018-12-15 23:35:54,477:INFO:The length of 'T4st!ng' is 7
2018-12-15 23:35:54,477:INFO:As a list it looks like this ['T', '4', 's', 't', '!', 'n', 'g']
2018-12-15 23:35:54,478:INFO:The letters in this password are: ['T', 's', 't', 'n', 'g']
2018-12-15 23:35:54,478:INFO:The 'T' was the 1st character
2018-12-15 23:35:54,478:INFO:The 's' was the 3rd character
2018-12-15 23:35:54,478:INFO:The 't' was the 4th character
2018-12-15 23:35:54,479:INFO:The 'n' was the 6th character
2018-12-15 23:35:54,479:INFO:The 'g' was the 7th character
2018-12-15 23:35:54,479:INFO:

2018-12-15 23:35:54,479:INFO:The numbers in this password are: ['4']
2018-12-15 23:35:54,479:INFO:The '4' was the 2nd character
2018-12-15 23:35:54,479:INFO:

2018-12-15 23:35:54,480:INFO:The symbols in this password are: ['!']
2018-12-15 23:35:54,480:INFO:The '!' was the 5th character
2018-12-15 23:35:54,480:INFO:

2018-12-15 23:35:54,538:INFO:The length of 'T4st!ng' is 7
2018-12-15 23:35:54,539:INFO:As a list it looks like this ['T', '4', 's', 't', '!', 'n', 'g']
2018-12-15 23:35:54,539:INFO:The letters in this password are: ['T', 's', 't', 'n', 'g']
2018-12-15 23:35:54,539:INFO:The 'T' was the 1st character
2018-12-15 23:35:54,539:INFO:The 's' was the 3rd character
2018-12-15 23:35:54,540:INFO:The 't' was the 4th character
2018-12-15 23:35:54,540:INFO:The 'n' was the 6th character
2018-12-15 23:35:54,540:INFO:The 'g' was the 7th character
2018-12-15 23:35:54,540:INFO:

2018-12-15 23:35:54,540:INFO:The numbers in this password are: ['4']
2018-12-15 23:35:54,540:INFO:The '4' was the 2nd character
2018-12-15 23:35:54,540:INFO:

2018-12-15 23:35:54,541:INFO:The symbols in this password are: ['!']
2018-12-15 23:35:54,541:INFO:The '!' was the 5th character
2018-12-15 23:35:54,541:INFO:

2018-12-15 23:35:54,602:INFO:The length of 'T4st!ng' is 7
2018-12-15 23:35:54,603:INFO:As a list it looks like this ['T', '4', 's', 't', '!', 'n', 'g']
2018-12-15 23:35:54,603:INFO:The letters in this password are: ['T', 's', 't', 'n', 'g']
2018-12-15 23:35:54,603:INFO:The 'T' was the 1st character
2018-12-15 23:35:54,603:INFO:The 's' was the 3rd character
2018-12-15 23:35:54,604:INFO:The 't' was the 4th character
2018-12-15 23:35:54,604:INFO:The 'n' was the 6th character
2018-12-15 23:35:54,604:INFO:The 'g' was the 7th character
2018-12-15 23:35:54,604:INFO:

2018-12-15 23:35:54,604:INFO:The numbers in this password are: ['4']
2018-12-15 23:35:54,604:INFO:The '4' was the 2nd character
2018-12-15 23:35:54,604:INFO:

2018-12-15 23:35:54,605:INFO:The symbols in this password are: ['!']
2018-12-15 23:35:54,605:INFO:The '!' was the 5th character
2018-12-15 23:35:54,605:INFO:

2018-12-15 23:35:54,664:INFO:The length of 'T4st!ng' is 7
2018-12-15 23:35:54,665:INFO:As a list it looks like this ['T', '4', 's', 't', '!', 'n', 'g']
2018-12-15 23:35:54,665:INFO:The letters in this password are: ['T', 's', 't', 'n', 'g']
2018-12-15 23:35:54,665:INFO:The 'T' was the 1st character
2018-12-15 23:35:54,665:INFO:The 's' was the 3rd character
2018-12-15 23:35:54,665:INFO:The 't' was the 4th character
2018-12-15 23:35:54,665:INFO:The 'n' was the 6th character
2018-12-15 23:35:54,666:INFO:The 'g' was the 7th character
2018-12-15 23:35:54,666:INFO:

2018-12-15 23:35:54,666:INFO:The numbers in this password are: ['4']
2018-12-15 23:35:54,666:INFO:The '4' was the 2nd character
2018-12-15 23:35:54,666:INFO:

2018-12-15 23:35:54,666:INFO:The symbols in this password are: ['!']
2018-12-15 23:35:54,666:INFO:The '!' was the 5th character
2018-12-15 23:35:54,666:INFO:

2018-12-15 23:35:54,724:INFO:The length of 'T4st!ng' is 7
2018-12-15 23:35:54,725:INFO:As a list it looks like this ['T', '4', 's', 't', '!', 'n', 'g']
2018-12-15 23:35:54,725:INFO:The letters in this password are: ['T', 's', 't', 'n', 'g']
2018-12-15 23:35:54,725:INFO:The 'T' was the 1st character
2018-12-15 23:35:54,725:INFO:The 's' was the 3rd character
2018-12-15 23:35:54,725:INFO:The 't' was the 4th character
2018-12-15 23:35:54,726:INFO:The 'n' was the 6th character
2018-12-15 23:35:54,726:INFO:The 'g' was the 7th character
2018-12-15 23:35:54,726:INFO:

2018-12-15 23:35:54,726:INFO:The numbers in this password are: ['4']
2018-12-15 23:35:54,726:INFO:The '4' was the 2nd character
2018-12-15 23:35:54,726:INFO:

2018-12-15 23:35:54,726:INFO:The symbols in this password are: ['!']
2018-12-15 23:35:54,726:INFO:The '!' was the 5th character
2018-12-15 23:35:54,727:INFO:

2018-12-15 23:35:54,787:INFO:The length of 'T4st!ng' is 7
2018-12-15 23:35:54,788:INFO:As a list it looks like this ['T', '4', 's', 't', '!', 'n', 'g']
2018-12-15 23:35:54,788:INFO:The letters in this password are: ['T', 's', 't', 'n', 'g']
2018-12-15 23:35:54,788:INFO:The 'T' was the 1st character
2018-12-15 23:35:54,788:INFO:The 's' was the 3rd character
2018-12-15 23:35:54,788:INFO:The 't' was the 4th character
2018-12-15 23:35:54,788:INFO:The 'n' was the 6th character
2018-12-15 23:35:54,789:INFO:The 'g' was the 7th character
2018-12-15 23:35:54,789:INFO:

2018-12-15 23:35:54,789:INFO:The numbers in this password are: ['4']
2018-12-15 23:35:54,789:INFO:The '4' was the 2nd character
2018-12-15 23:35:54,789:INFO:

2018-12-15 23:35:54,789:INFO:The symbols in this password are: ['!']
2018-12-15 23:35:54,789:INFO:The '!' was the 5th character
2018-12-15 23:35:54,790:INFO:

2018-12-15 23:35:54,848:INFO:The length of 'T4st!ng' is 7
2018-12-15 23:35:54,849:INFO:As a list it looks like this ['T', '4', 's', 't', '!', 'n', 'g']
2018-12-15 23:35:54,849:INFO:The letters in this password are: ['T', 's', 't', 'n', 'g']
2018-12-15 23:35:54,849:INFO:The 'T' was the 1st character
2018-12-15 23:35:54,849:INFO:The 's' was the 3rd character
2018-12-15 23:35:54,849:INFO:The 't' was the 4th character
2018-12-15 23:35:54,850:INFO:The 'n' was the 6th character
2018-12-15 23:35:54,850:INFO:The 'g' was the 7th character
2018-12-15 23:35:54,850:INFO:

2018-12-15 23:35:54,850:INFO:The numbers in this password are: ['4']
2018-12-15 23:35:54,850:INFO:The '4' was the 2nd character
2018-12-15 23:35:54,850:INFO:

2018-12-15 23:35:54,850:INFO:The symbols in this password are: ['!']
2018-12-15 23:35:54,851:INFO:The '!' was the 5th character
2018-12-15 23:35:54,851:INFO:

2018-12-15 23:35:54,906:INFO:The length of 'T4st!ng' is 7
2018-12-15 23:35:54,906:INFO:As a list it looks like this ['T', '4', 's', 't', '!', 'n', 'g']
2018-12-15 23:35:54,907:INFO:The letters in this password are: ['T', 's', 't', 'n', 'g']
2018-12-15 23:35:54,907:INFO:The 'T' was the 1st character
2018-12-15 23:35:54,907:INFO:The 's' was the 3rd character
2018-12-15 23:35:54,907:INFO:The 't' was the 4th character
2018-12-15 23:35:54,907:INFO:The 'n' was the 6th character
2018-12-15 23:35:54,907:INFO:The 'g' was the 7th character
2018-12-15 23:35:54,908:INFO:

2018-12-15 23:35:54,908:INFO:The numbers in this password are: ['4']
2018-12-15 23:35:54,908:INFO:The '4' was the 2nd character
2018-12-15 23:35:54,908:INFO:

2018-12-15 23:35:54,908:INFO:The symbols in this password are: ['!']
2018-12-15 23:35:54,908:INFO:The '!' was the 5th character
2018-12-15 23:35:54,909:INFO:

2018-12-15 23:35:54,971:INFO:The length of 'T4st!ng' is 7
2018-12-15 23:35:54,972:INFO:As a list it looks like this ['T', '4', 's', 't', '!', 'n', 'g']
2018-12-15 23:35:54,972:INFO:The letters in this password are: ['T', 's', 't', 'n', 'g']
2018-12-15 23:35:54,972:INFO:The 'T' was the 1st character
2018-12-15 23:35:54,972:INFO:The 's' was the 3rd character
2018-12-15 23:35:54,972:INFO:The 't' was the 4th character
2018-12-15 23:35:54,973:INFO:The 'n' was the 6th character
2018-12-15 23:35:54,973:INFO:The 'g' was the 7th character
2018-12-15 23:35:54,973:INFO:

2018-12-15 23:35:54,973:INFO:The numbers in this password are: ['4']
2018-12-15 23:35:54,973:INFO:The '4' was the 2nd character
2018-12-15 23:35:54,973:INFO:

2018-12-15 23:35:54,973:INFO:The symbols in this password are: ['!']
2018-12-15 23:35:54,974:INFO:The '!' was the 5th character
2018-12-15 23:35:54,974:INFO:

2018-12-15 23:35:55,032:INFO:The length of 'T4st!ng' is 7
2018-12-15 23:35:55,032:INFO:As a list it looks like this ['T', '4', 's', 't', '!', 'n', 'g']
2018-12-15 23:35:55,032:INFO:The letters in this password are: ['T', 's', 't', 'n', 'g']
2018-12-15 23:35:55,033:INFO:The 'T' was the 1st character
2018-12-15 23:35:55,033:INFO:The 's' was the 3rd character
2018-12-15 23:35:55,033:INFO:The 't' was the 4th character
2018-12-15 23:35:55,033:INFO:The 'n' was the 6th character
2018-12-15 23:35:55,033:INFO:The 'g' was the 7th character
2018-12-15 23:35:55,034:INFO:

2018-12-15 23:35:55,034:INFO:The numbers in this password are: ['4']
2018-12-15 23:35:55,034:INFO:The '4' was the 2nd character
2018-12-15 23:35:55,034:INFO:

2018-12-15 23:35:55,034:INFO:The symbols in this password are: ['!']
2018-12-15 23:35:55,035:INFO:The '!' was the 5th character
2018-12-15 23:35:55,035:INFO:

2018-12-15 23:35:55,094:INFO:The length of 'T4st!ng' is 7
2018-12-15 23:35:55,094:INFO:As a list it looks like this ['T', '4', 's', 't', '!', 'n', 'g']
2018-12-15 23:35:55,094:INFO:The letters in this password are: ['T', 's', 't', 'n', 'g']
2018-12-15 23:35:55,094:INFO:The 'T' was the 1st character
2018-12-15 23:35:55,094:INFO:The 's' was the 3rd character
2018-12-15 23:35:55,095:INFO:The 't' was the 4th character
2018-12-15 23:35:55,095:INFO:The 'n' was the 6th character
2018-12-15 23:35:55,095:INFO:The 'g' was the 7th character
2018-12-15 23:35:55,095:INFO:

2018-12-15 23:35:55,095:INFO:The numbers in this password are: ['4']
2018-12-15 23:35:55,095:INFO:The '4' was the 2nd character
2018-12-15 23:35:55,095:INFO:

2018-12-15 23:35:55,095:INFO:The symbols in this password are: ['!']
2018-12-15 23:35:55,096:INFO:The '!' was the 5th character
2018-12-15 23:35:55,096:INFO:

2018-12-15 23:35:55,158:INFO:The length of 'T4st!ng' is 7
2018-12-15 23:35:55,159:INFO:As a list it looks like this ['T', '4', 's', 't', '!', 'n', 'g']
2018-12-15 23:35:55,159:INFO:The letters in this password are: ['T', 's', 't', 'n', 'g']
2018-12-15 23:35:55,159:INFO:The 'T' was the 1st character
2018-12-15 23:35:55,159:INFO:The 's' was the 3rd character
2018-12-15 23:35:55,160:INFO:The 't' was the 4th character
2018-12-15 23:35:55,160:INFO:The 'n' was the 6th character
2018-12-15 23:35:55,160:INFO:The 'g' was the 7th character
2018-12-15 23:35:55,160:INFO:

2018-12-15 23:35:55,160:INFO:The numbers in this password are: ['4']
2018-12-15 23:35:55,160:INFO:The '4' was the 2nd character
2018-12-15 23:35:55,160:INFO:

2018-12-15 23:35:55,160:INFO:The symbols in this password are: ['!']
2018-12-15 23:35:55,160:INFO:The '!' was the 5th character
2018-12-15 23:35:55,161:INFO:

2018-12-15 23:35:55,219:INFO:The length of 'T4st!ng' is 7
2018-12-15 23:35:55,220:INFO:As a list it looks like this ['T', '4', 's', 't', '!', 'n', 'g']
2018-12-15 23:35:55,220:INFO:The letters in this password are: ['T', 's', 't', 'n', 'g']
2018-12-15 23:35:55,220:INFO:The 'T' was the 1st character
2018-12-15 23:35:55,220:INFO:The 's' was the 3rd character
2018-12-15 23:35:55,221:INFO:The 't' was the 4th character
2018-12-15 23:35:55,221:INFO:The 'n' was the 6th character
2018-12-15 23:35:55,221:INFO:The 'g' was the 7th character
2018-12-15 23:35:55,221:INFO:

2018-12-15 23:35:55,221:INFO:The numbers in this password are: ['4']
2018-12-15 23:35:55,221:INFO:The '4' was the 2nd character
2018-12-15 23:35:55,221:INFO:

2018-12-15 23:35:55,222:INFO:The symbols in this password are: ['!']
2018-12-15 23:35:55,222:INFO:The '!' was the 5th character
2018-12-15 23:35:55,222:INFO:

2018-12-15 23:35:55,280:INFO:The length of 'T4st!ng' is 7
2018-12-15 23:35:55,281:INFO:As a list it looks like this ['T', '4', 's', 't', '!', 'n', 'g']
2018-12-15 23:35:55,281:INFO:The letters in this password are: ['T', 's', 't', 'n', 'g']
2018-12-15 23:35:55,281:INFO:The 'T' was the 1st character
2018-12-15 23:35:55,281:INFO:The 's' was the 3rd character
2018-12-15 23:35:55,281:INFO:The 't' was the 4th character
2018-12-15 23:35:55,281:INFO:The 'n' was the 6th character
2018-12-15 23:35:55,282:INFO:The 'g' was the 7th character
2018-12-15 23:35:55,282:INFO:

2018-12-15 23:35:55,282:INFO:The numbers in this password are: ['4']
2018-12-15 23:35:55,282:INFO:The '4' was the 2nd character
2018-12-15 23:35:55,282:INFO:

2018-12-15 23:35:55,282:INFO:The symbols in this password are: ['!']
2018-12-15 23:35:55,282:INFO:The '!' was the 5th character
2018-12-15 23:35:55,282:INFO:

2018-12-15 23:35:55,341:INFO:The length of 'T4st!ng' is 7
2018-12-15 23:35:55,342:INFO:As a list it looks like this ['T', '4', 's', 't', '!', 'n', 'g']
2018-12-15 23:35:55,342:INFO:The letters in this password are: ['T', 's', 't', 'n', 'g']
2018-12-15 23:35:55,342:INFO:The 'T' was the 1st character
2018-12-15 23:35:55,342:INFO:The 's' was the 3rd character
2018-12-15 23:35:55,342:INFO:The 't' was the 4th character
2018-12-15 23:35:55,342:INFO:The 'n' was the 6th character
2018-12-15 23:35:55,343:INFO:The 'g' was the 7th character
2018-12-15 23:35:55,343:INFO:

2018-12-15 23:35:55,343:INFO:The numbers in this password are: ['4']
2018-12-15 23:35:55,343:INFO:The '4' was the 2nd character
2018-12-15 23:35:55,343:INFO:

2018-12-15 23:35:55,343:INFO:The symbols in this password are: ['!']
2018-12-15 23:35:55,344:INFO:The '!' was the 5th character
2018-12-15 23:35:55,344:INFO:

2018-12-15 23:35:55,401:INFO:The length of 'T4st!ng' is 7
2018-12-15 23:35:55,401:INFO:As a list it looks like this ['T', '4', 's', 't', '!', 'n', 'g']
2018-12-15 23:35:55,402:INFO:The letters in this password are: ['T', 's', 't', 'n', 'g']
2018-12-15 23:35:55,402:INFO:The 'T' was the 1st character
2018-12-15 23:35:55,402:INFO:The 's' was the 3rd character
2018-12-15 23:35:55,402:INFO:The 't' was the 4th character
2018-12-15 23:35:55,402:INFO:The 'n' was the 6th character
2018-12-15 23:35:55,403:INFO:The 'g' was the 7th character
2018-12-15 23:35:55,403:INFO:

2018-12-15 23:35:55,403:INFO:The numbers in this password are: ['4']
2018-12-15 23:35:55,403:INFO:The '4' was the 2nd character
2018-12-15 23:35:55,403:INFO:

2018-12-15 23:35:55,403:INFO:The symbols in this password are: ['!']
2018-12-15 23:35:55,403:INFO:The '!' was the 5th character
2018-12-15 23:35:55,403:INFO:

2018-12-15 23:35:55,462:INFO:The length of 'T4st!ng' is 7
2018-12-15 23:35:55,463:INFO:As a list it looks like this ['T', '4', 's', 't', '!', 'n', 'g']
2018-12-15 23:35:55,463:INFO:The letters in this password are: ['T', 's', 't', 'n', 'g']
2018-12-15 23:35:55,463:INFO:The 'T' was the 1st character
2018-12-15 23:35:55,463:INFO:The 's' was the 3rd character
2018-12-15 23:35:55,463:INFO:The 't' was the 4th character
2018-12-15 23:35:55,463:INFO:The 'n' was the 6th character
2018-12-15 23:35:55,463:INFO:The 'g' was the 7th character
2018-12-15 23:35:55,464:INFO:

2018-12-15 23:35:55,464:INFO:The numbers in this password are: ['4']
2018-12-15 23:35:55,464:INFO:The '4' was the 2nd character
2018-12-15 23:35:55,464:INFO:

2018-12-15 23:35:55,464:INFO:The symbols in this password are: ['!']
2018-12-15 23:35:55,464:INFO:The '!' was the 5th character
2018-12-15 23:35:55,464:INFO:

2018-12-15 23:35:55,524:INFO:The length of 'T4st!ng' is 7
2018-12-15 23:35:55,525:INFO:As a list it looks like this ['T', '4', 's', 't', '!', 'n', 'g']
2018-12-15 23:35:55,525:INFO:The letters in this password are: ['T', 's', 't', 'n', 'g']
2018-12-15 23:35:55,525:INFO:The 'T' was the 1st character
2018-12-15 23:35:55,525:INFO:The 's' was the 3rd character
2018-12-15 23:35:55,525:INFO:The 't' was the 4th character
2018-12-15 23:35:55,525:INFO:The 'n' was the 6th character
2018-12-15 23:35:55,526:INFO:The 'g' was the 7th character
2018-12-15 23:35:55,526:INFO:

2018-12-15 23:35:55,526:INFO:The numbers in this password are: ['4']
2018-12-15 23:35:55,526:INFO:The '4' was the 2nd character
2018-12-15 23:35:55,526:INFO:

2018-12-15 23:35:55,526:INFO:The symbols in this password are: ['!']
2018-12-15 23:35:55,526:INFO:The '!' was the 5th character
2018-12-15 23:35:55,526:INFO:

2018-12-15 23:35:55,590:INFO:The length of 'T4st!ng' is 7
2018-12-15 23:35:55,591:INFO:As a list it looks like this ['T', '4', 's', 't', '!', 'n', 'g']
2018-12-15 23:35:55,591:INFO:The letters in this password are: ['T', 's', 't', 'n', 'g']
2018-12-15 23:35:55,591:INFO:The 'T' was the 1st character
2018-12-15 23:35:55,591:INFO:The 's' was the 3rd character
2018-12-15 23:35:55,591:INFO:The 't' was the 4th character
2018-12-15 23:35:55,591:INFO:The 'n' was the 6th character
2018-12-15 23:35:55,592:INFO:The 'g' was the 7th character
2018-12-15 23:35:55,592:INFO:

2018-12-15 23:35:55,592:INFO:The numbers in this password are: ['4']
2018-12-15 23:35:55,592:INFO:The '4' was the 2nd character
2018-12-15 23:35:55,592:INFO:

2018-12-15 23:35:55,592:INFO:The symbols in this password are: ['!']
2018-12-15 23:35:55,592:INFO:The '!' was the 5th character
2018-12-15 23:35:55,592:INFO:

2018-12-15 23:35:55,660:INFO:The length of 'T4st!ng' is 7
2018-12-15 23:35:55,660:INFO:As a list it looks like this ['T', '4', 's', 't', '!', 'n', 'g']
2018-12-15 23:35:55,661:INFO:The letters in this password are: ['T', 's', 't', 'n', 'g']
2018-12-15 23:35:55,661:INFO:The 'T' was the 1st character
2018-12-15 23:35:55,661:INFO:The 's' was the 3rd character
2018-12-15 23:35:55,661:INFO:The 't' was the 4th character
2018-12-15 23:35:55,661:INFO:The 'n' was the 6th character
2018-12-15 23:35:55,662:INFO:The 'g' was the 7th character
2018-12-15 23:35:55,662:INFO:

2018-12-15 23:35:55,662:INFO:The numbers in this password are: ['4']
2018-12-15 23:35:55,662:INFO:The '4' was the 2nd character
2018-12-15 23:35:55,662:INFO:

2018-12-15 23:35:55,662:INFO:The symbols in this password are: ['!']
2018-12-15 23:35:55,662:INFO:The '!' was the 5th character
2018-12-15 23:35:55,663:INFO:

2018-12-15 23:35:55,720:INFO:The length of 'T4st!ng' is 7
2018-12-15 23:35:55,720:INFO:As a list it looks like this ['T', '4', 's', 't', '!', 'n', 'g']
2018-12-15 23:35:55,721:INFO:The letters in this password are: ['T', 's', 't', 'n', 'g']
2018-12-15 23:35:55,721:INFO:The 'T' was the 1st character
2018-12-15 23:35:55,721:INFO:The 's' was the 3rd character
2018-12-15 23:35:55,721:INFO:The 't' was the 4th character
2018-12-15 23:35:55,721:INFO:The 'n' was the 6th character
2018-12-15 23:35:55,721:INFO:The 'g' was the 7th character
2018-12-15 23:35:55,721:INFO:

2018-12-15 23:35:55,721:INFO:The numbers in this password are: ['4']
2018-12-15 23:35:55,722:INFO:The '4' was the 2nd character
2018-12-15 23:35:55,722:INFO:

2018-12-15 23:35:55,722:INFO:The symbols in this password are: ['!']
2018-12-15 23:35:55,722:INFO:The '!' was the 5th character
2018-12-15 23:35:55,722:INFO:

2018-12-15 23:35:55,784:INFO:The length of 'T4st!ng' is 7
2018-12-15 23:35:55,785:INFO:As a list it looks like this ['T', '4', 's', 't', '!', 'n', 'g']
2018-12-15 23:35:55,785:INFO:The letters in this password are: ['T', 's', 't', 'n', 'g']
2018-12-15 23:35:55,785:INFO:The 'T' was the 1st character
2018-12-15 23:35:55,785:INFO:The 's' was the 3rd character
2018-12-15 23:35:55,786:INFO:The 't' was the 4th character
2018-12-15 23:35:55,786:INFO:The 'n' was the 6th character
2018-12-15 23:35:55,786:INFO:The 'g' was the 7th character
2018-12-15 23:35:55,786:INFO:

2018-12-15 23:35:55,786:INFO:The numbers in this password are: ['4']
2018-12-15 23:35:55,786:INFO:The '4' was the 2nd character
2018-12-15 23:35:55,786:INFO:

2018-12-15 23:35:55,787:INFO:The symbols in this password are: ['!']
2018-12-15 23:35:55,787:INFO:The '!' was the 5th character
2018-12-15 23:35:55,787:INFO:

2018-12-15 23:35:55,851:INFO:The length of 'T4st!ng' is 7
2018-12-15 23:35:55,852:INFO:As a list it looks like this ['T', '4', 's', 't', '!', 'n', 'g']
2018-12-15 23:35:55,852:INFO:The letters in this password are: ['T', 's', 't', 'n', 'g']
2018-12-15 23:35:55,852:INFO:The 'T' was the 1st character
2018-12-15 23:35:55,852:INFO:The 's' was the 3rd character
2018-12-15 23:35:55,852:INFO:The 't' was the 4th character
2018-12-15 23:35:55,853:INFO:The 'n' was the 6th character
2018-12-15 23:35:55,853:INFO:The 'g' was the 7th character
2018-12-15 23:35:55,853:INFO:

2018-12-15 23:35:55,853:INFO:The numbers in this password are: ['4']
2018-12-15 23:35:55,853:INFO:The '4' was the 2nd character
2018-12-15 23:35:55,853:INFO:

2018-12-15 23:35:55,853:INFO:The symbols in this password are: ['!']
2018-12-15 23:35:55,854:INFO:The '!' was the 5th character
2018-12-15 23:35:55,854:INFO:

2018-12-15 23:35:55,915:INFO:The length of 'T4st!ng' is 7
2018-12-15 23:35:55,915:INFO:As a list it looks like this ['T', '4', 's', 't', '!', 'n', 'g']
2018-12-15 23:35:55,915:INFO:The letters in this password are: ['T', 's', 't', 'n', 'g']
2018-12-15 23:35:55,916:INFO:The 'T' was the 1st character
2018-12-15 23:35:55,916:INFO:The 's' was the 3rd character
2018-12-15 23:35:55,916:INFO:The 't' was the 4th character
2018-12-15 23:35:55,916:INFO:The 'n' was the 6th character
2018-12-15 23:35:55,916:INFO:The 'g' was the 7th character
2018-12-15 23:35:55,916:INFO:

2018-12-15 23:35:55,917:INFO:The numbers in this password are: ['4']
2018-12-15 23:35:55,917:INFO:The '4' was the 2nd character
2018-12-15 23:35:55,917:INFO:

2018-12-15 23:35:55,918:INFO:The symbols in this password are: ['!']
2018-12-15 23:35:55,918:INFO:The '!' was the 5th character
2018-12-15 23:35:55,918:INFO:

2018-12-15 23:35:55,978:INFO:The length of 'T4st!ng' is 7
2018-12-15 23:35:55,978:INFO:As a list it looks like this ['T', '4', 's', 't', '!', 'n', 'g']
2018-12-15 23:35:55,978:INFO:The letters in this password are: ['T', 's', 't', 'n', 'g']
2018-12-15 23:35:55,979:INFO:The 'T' was the 1st character
2018-12-15 23:35:55,979:INFO:The 's' was the 3rd character
2018-12-15 23:35:55,979:INFO:The 't' was the 4th character
2018-12-15 23:35:55,979:INFO:The 'n' was the 6th character
2018-12-15 23:35:55,979:INFO:The 'g' was the 7th character
2018-12-15 23:35:55,979:INFO:

2018-12-15 23:35:55,980:INFO:The numbers in this password are: ['4']
2018-12-15 23:35:55,980:INFO:The '4' was the 2nd character
2018-12-15 23:35:55,980:INFO:

2018-12-15 23:35:55,980:INFO:The symbols in this password are: ['!']
2018-12-15 23:35:55,980:INFO:The '!' was the 5th character
2018-12-15 23:35:55,981:INFO:

2018-12-15 23:35:56,039:INFO:The length of 'T4st!ng' is 7
2018-12-15 23:35:56,040:INFO:As a list it looks like this ['T', '4', 's', 't', '!', 'n', 'g']
2018-12-15 23:35:56,040:INFO:The letters in this password are: ['T', 's', 't', 'n', 'g']
2018-12-15 23:35:56,040:INFO:The 'T' was the 1st character
2018-12-15 23:35:56,040:INFO:The 's' was the 3rd character
2018-12-15 23:35:56,040:INFO:The 't' was the 4th character
2018-12-15 23:35:56,041:INFO:The 'n' was the 6th character
2018-12-15 23:35:56,041:INFO:The 'g' was the 7th character
2018-12-15 23:35:56,041:INFO:

2018-12-15 23:35:56,041:INFO:The numbers in this password are: ['4']
2018-12-15 23:35:56,042:INFO:The '4' was the 2nd character
2018-12-15 23:35:56,042:INFO:

2018-12-15 23:35:56,042:INFO:The symbols in this password are: ['!']
2018-12-15 23:35:56,042:INFO:The '!' was the 5th character
2018-12-15 23:35:56,042:INFO:

2018-12-15 23:35:56,100:INFO:The length of 'T4st!ng' is 7
2018-12-15 23:35:56,101:INFO:As a list it looks like this ['T', '4', 's', 't', '!', 'n', 'g']
2018-12-15 23:35:56,101:INFO:The letters in this password are: ['T', 's', 't', 'n', 'g']
2018-12-15 23:35:56,101:INFO:The 'T' was the 1st character
2018-12-15 23:35:56,102:INFO:The 's' was the 3rd character
2018-12-15 23:35:56,102:INFO:The 't' was the 4th character
2018-12-15 23:35:56,102:INFO:The 'n' was the 6th character
2018-12-15 23:35:56,102:INFO:The 'g' was the 7th character
2018-12-15 23:35:56,102:INFO:

2018-12-15 23:35:56,102:INFO:The numbers in this password are: ['4']
2018-12-15 23:35:56,102:INFO:The '4' was the 2nd character
2018-12-15 23:35:56,102:INFO:

2018-12-15 23:35:56,103:INFO:The symbols in this password are: ['!']
2018-12-15 23:35:56,103:INFO:The '!' was the 5th character
2018-12-15 23:35:56,103:INFO:

2018-12-15 23:35:56,164:INFO:The length of 'T4st!ng' is 7
2018-12-15 23:35:56,164:INFO:As a list it looks like this ['T', '4', 's', 't', '!', 'n', 'g']
2018-12-15 23:35:56,165:INFO:The letters in this password are: ['T', 's', 't', 'n', 'g']
2018-12-15 23:35:56,165:INFO:The 'T' was the 1st character
2018-12-15 23:35:56,165:INFO:The 's' was the 3rd character
2018-12-15 23:35:56,165:INFO:The 't' was the 4th character
2018-12-15 23:35:56,165:INFO:The 'n' was the 6th character
2018-12-15 23:35:56,165:INFO:The 'g' was the 7th character
2018-12-15 23:35:56,165:INFO:

2018-12-15 23:35:56,165:INFO:The numbers in this password are: ['4']
2018-12-15 23:35:56,166:INFO:The '4' was the 2nd character
2018-12-15 23:35:56,166:INFO:

2018-12-15 23:35:56,166:INFO:The symbols in this password are: ['!']
2018-12-15 23:35:56,166:INFO:The '!' was the 5th character
2018-12-15 23:35:56,166:INFO:

2018-12-15 23:35:56,224:INFO:The length of 'T4st!ng' is 7
2018-12-15 23:35:56,225:INFO:As a list it looks like this ['T', '4', 's', 't', '!', 'n', 'g']
2018-12-15 23:35:56,225:INFO:The letters in this password are: ['T', 's', 't', 'n', 'g']
2018-12-15 23:35:56,225:INFO:The 'T' was the 1st character
2018-12-15 23:35:56,225:INFO:The 's' was the 3rd character
2018-12-15 23:35:56,226:INFO:The 't' was the 4th character
2018-12-15 23:35:56,226:INFO:The 'n' was the 6th character
2018-12-15 23:35:56,226:INFO:The 'g' was the 7th character
2018-12-15 23:35:56,226:INFO:

2018-12-15 23:35:56,226:INFO:The numbers in this password are: ['4']
2018-12-15 23:35:56,226:INFO:The '4' was the 2nd character
2018-12-15 23:35:56,227:INFO:

2018-12-15 23:35:56,227:INFO:The symbols in this password are: ['!']
2018-12-15 23:35:56,227:INFO:The '!' was the 5th character
2018-12-15 23:35:56,227:INFO:

2018-12-15 23:35:56,283:INFO:The length of 'T4st!ng' is 7
2018-12-15 23:35:56,284:INFO:As a list it looks like this ['T', '4', 's', 't', '!', 'n', 'g']
2018-12-15 23:35:56,284:INFO:The letters in this password are: ['T', 's', 't', 'n', 'g']
2018-12-15 23:35:56,284:INFO:The 'T' was the 1st character
2018-12-15 23:35:56,284:INFO:The 's' was the 3rd character
2018-12-15 23:35:56,284:INFO:The 't' was the 4th character
2018-12-15 23:35:56,285:INFO:The 'n' was the 6th character
2018-12-15 23:35:56,285:INFO:The 'g' was the 7th character
2018-12-15 23:35:56,285:INFO:

2018-12-15 23:35:56,285:INFO:The numbers in this password are: ['4']
2018-12-15 23:35:56,285:INFO:The '4' was the 2nd character
2018-12-15 23:35:56,285:INFO:

2018-12-15 23:35:56,285:INFO:The symbols in this password are: ['!']
2018-12-15 23:35:56,285:INFO:The '!' was the 5th character
2018-12-15 23:35:56,286:INFO:

2018-12-15 23:35:56,348:INFO:The length of 'T4st!ng' is 7
2018-12-15 23:35:56,349:INFO:As a list it looks like this ['T', '4', 's', 't', '!', 'n', 'g']
2018-12-15 23:35:56,349:INFO:The letters in this password are: ['T', 's', 't', 'n', 'g']
2018-12-15 23:35:56,350:INFO:The 'T' was the 1st character
2018-12-15 23:35:56,350:INFO:The 's' was the 3rd character
2018-12-15 23:35:56,350:INFO:The 't' was the 4th character
2018-12-15 23:35:56,350:INFO:The 'n' was the 6th character
2018-12-15 23:35:56,350:INFO:The 'g' was the 7th character
2018-12-15 23:35:56,350:INFO:

2018-12-15 23:35:56,350:INFO:The numbers in this password are: ['4']
2018-12-15 23:35:56,351:INFO:The '4' was the 2nd character
2018-12-15 23:35:56,351:INFO:

2018-12-15 23:35:56,351:INFO:The symbols in this password are: ['!']
2018-12-15 23:35:56,351:INFO:The '!' was the 5th character
2018-12-15 23:35:56,351:INFO:

2018-12-15 23:35:56,408:INFO:The length of 'T4st!ng' is 7
2018-12-15 23:35:56,409:INFO:As a list it looks like this ['T', '4', 's', 't', '!', 'n', 'g']
2018-12-15 23:35:56,409:INFO:The letters in this password are: ['T', 's', 't', 'n', 'g']
2018-12-15 23:35:56,410:INFO:The 'T' was the 1st character
2018-12-15 23:35:56,410:INFO:The 's' was the 3rd character
2018-12-15 23:35:56,410:INFO:The 't' was the 4th character
2018-12-15 23:35:56,410:INFO:The 'n' was the 6th character
2018-12-15 23:35:56,410:INFO:The 'g' was the 7th character
2018-12-15 23:35:56,410:INFO:

2018-12-15 23:35:56,411:INFO:The numbers in this password are: ['4']
2018-12-15 23:35:56,411:INFO:The '4' was the 2nd character
2018-12-15 23:35:56,411:INFO:

2018-12-15 23:35:56,411:INFO:The symbols in this password are: ['!']
2018-12-15 23:35:56,411:INFO:The '!' was the 5th character
2018-12-15 23:35:56,412:INFO:

2018-12-15 23:35:56,485:INFO:The length of 'T4st!ng' is 7
2018-12-15 23:35:56,485:INFO:As a list it looks like this ['T', '4', 's', 't', '!', 'n', 'g']
2018-12-15 23:35:56,486:INFO:The letters in this password are: ['T', 's', 't', 'n', 'g']
2018-12-15 23:35:56,486:INFO:The 'T' was the 1st character
2018-12-15 23:35:56,486:INFO:The 's' was the 3rd character
2018-12-15 23:35:56,486:INFO:The 't' was the 4th character
2018-12-15 23:35:56,486:INFO:The 'n' was the 6th character
2018-12-15 23:35:56,487:INFO:The 'g' was the 7th character
2018-12-15 23:35:56,487:INFO:

2018-12-15 23:35:56,487:INFO:The numbers in this password are: ['4']
2018-12-15 23:35:56,487:INFO:The '4' was the 2nd character
2018-12-15 23:35:56,487:INFO:

2018-12-15 23:35:56,488:INFO:The symbols in this password are: ['!']
2018-12-15 23:35:56,488:INFO:The '!' was the 5th character
2018-12-15 23:35:56,488:INFO:

2018-12-15 23:35:56,554:INFO:The length of 'T4st!ng' is 7
2018-12-15 23:35:56,554:INFO:As a list it looks like this ['T', '4', 's', 't', '!', 'n', 'g']
2018-12-15 23:35:56,555:INFO:The letters in this password are: ['T', 's', 't', 'n', 'g']
2018-12-15 23:35:56,555:INFO:The 'T' was the 1st character
2018-12-15 23:35:56,555:INFO:The 's' was the 3rd character
2018-12-15 23:35:56,555:INFO:The 't' was the 4th character
2018-12-15 23:35:56,556:INFO:The 'n' was the 6th character
2018-12-15 23:35:56,556:INFO:The 'g' was the 7th character
2018-12-15 23:35:56,556:INFO:

2018-12-15 23:35:56,556:INFO:The numbers in this password are: ['4']
2018-12-15 23:35:56,556:INFO:The '4' was the 2nd character
2018-12-15 23:35:56,556:INFO:

2018-12-15 23:35:56,556:INFO:The symbols in this password are: ['!']
2018-12-15 23:35:56,557:INFO:The '!' was the 5th character
2018-12-15 23:35:56,557:INFO:

2018-12-15 23:35:56,619:INFO:The length of 'T4st!ng' is 7
2018-12-15 23:35:56,620:INFO:As a list it looks like this ['T', '4', 's', 't', '!', 'n', 'g']
2018-12-15 23:35:56,620:INFO:The letters in this password are: ['T', 's', 't', 'n', 'g']
2018-12-15 23:35:56,621:INFO:The 'T' was the 1st character
2018-12-15 23:35:56,621:INFO:The 's' was the 3rd character
2018-12-15 23:35:56,621:INFO:The 't' was the 4th character
2018-12-15 23:35:56,621:INFO:The 'n' was the 6th character
2018-12-15 23:35:56,621:INFO:The 'g' was the 7th character
2018-12-15 23:35:56,621:INFO:

2018-12-15 23:35:56,621:INFO:The numbers in this password are: ['4']
2018-12-15 23:35:56,622:INFO:The '4' was the 2nd character
2018-12-15 23:35:56,622:INFO:

2018-12-15 23:35:56,622:INFO:The symbols in this password are: ['!']
2018-12-15 23:35:56,622:INFO:The '!' was the 5th character
2018-12-15 23:35:56,622:INFO:

2018-12-15 23:35:56,687:INFO:The length of 'T4st!ng' is 7
2018-12-15 23:35:56,687:INFO:As a list it looks like this ['T', '4', 's', 't', '!', 'n', 'g']
2018-12-15 23:35:56,688:INFO:The letters in this password are: ['T', 's', 't', 'n', 'g']
2018-12-15 23:35:56,688:INFO:The 'T' was the 1st character
2018-12-15 23:35:56,688:INFO:The 's' was the 3rd character
2018-12-15 23:35:56,688:INFO:The 't' was the 4th character
2018-12-15 23:35:56,688:INFO:The 'n' was the 6th character
2018-12-15 23:35:56,688:INFO:The 'g' was the 7th character
2018-12-15 23:35:56,688:INFO:

2018-12-15 23:35:56,689:INFO:The numbers in this password are: ['4']
2018-12-15 23:35:56,689:INFO:The '4' was the 2nd character
2018-12-15 23:35:56,689:INFO:

2018-12-15 23:35:56,689:INFO:The symbols in this password are: ['!']
2018-12-15 23:35:56,689:INFO:The '!' was the 5th character
2018-12-15 23:35:56,689:INFO:

2018-12-15 23:35:56,749:INFO:The length of 'T4st!ng' is 7
2018-12-15 23:35:56,750:INFO:As a list it looks like this ['T', '4', 's', 't', '!', 'n', 'g']
2018-12-15 23:35:56,750:INFO:The letters in this password are: ['T', 's', 't', 'n', 'g']
2018-12-15 23:35:56,750:INFO:The 'T' was the 1st character
2018-12-15 23:35:56,751:INFO:The 's' was the 3rd character
2018-12-15 23:35:56,751:INFO:The 't' was the 4th character
2018-12-15 23:35:56,751:INFO:The 'n' was the 6th character
2018-12-15 23:35:56,751:INFO:The 'g' was the 7th character
2018-12-15 23:35:56,751:INFO:

2018-12-15 23:35:56,751:INFO:The numbers in this password are: ['4']
2018-12-15 23:35:56,751:INFO:The '4' was the 2nd character
2018-12-15 23:35:56,752:INFO:

2018-12-15 23:35:56,752:INFO:The symbols in this password are: ['!']
2018-12-15 23:35:56,752:INFO:The '!' was the 5th character
2018-12-15 23:35:56,752:INFO:

2018-12-15 23:35:56,808:INFO:The length of 'T4st!ng' is 7
2018-12-15 23:35:56,809:INFO:As a list it looks like this ['T', '4', 's', 't', '!', 'n', 'g']
2018-12-15 23:35:56,809:INFO:The letters in this password are: ['T', 's', 't', 'n', 'g']
2018-12-15 23:35:56,809:INFO:The 'T' was the 1st character
2018-12-15 23:35:56,809:INFO:The 's' was the 3rd character
2018-12-15 23:35:56,810:INFO:The 't' was the 4th character
2018-12-15 23:35:56,810:INFO:The 'n' was the 6th character
2018-12-15 23:35:56,810:INFO:The 'g' was the 7th character
2018-12-15 23:35:56,810:INFO:

2018-12-15 23:35:56,810:INFO:The numbers in this password are: ['4']
2018-12-15 23:35:56,810:INFO:The '4' was the 2nd character
2018-12-15 23:35:56,810:INFO:

2018-12-15 23:35:56,810:INFO:The symbols in this password are: ['!']
2018-12-15 23:35:56,811:INFO:The '!' was the 5th character
2018-12-15 23:35:56,811:INFO:

2018-12-15 23:35:56,873:INFO:The length of 'T4st!ng' is 7
2018-12-15 23:35:56,874:INFO:As a list it looks like this ['T', '4', 's', 't', '!', 'n', 'g']
2018-12-15 23:35:56,874:INFO:The letters in this password are: ['T', 's', 't', 'n', 'g']
2018-12-15 23:35:56,874:INFO:The 'T' was the 1st character
2018-12-15 23:35:56,874:INFO:The 's' was the 3rd character
2018-12-15 23:35:56,874:INFO:The 't' was the 4th character
2018-12-15 23:35:56,874:INFO:The 'n' was the 6th character
2018-12-15 23:35:56,875:INFO:The 'g' was the 7th character
2018-12-15 23:35:56,875:INFO:

2018-12-15 23:35:56,875:INFO:The numbers in this password are: ['4']
2018-12-15 23:35:56,875:INFO:The '4' was the 2nd character
2018-12-15 23:35:56,875:INFO:

2018-12-15 23:35:56,875:INFO:The symbols in this password are: ['!']
2018-12-15 23:35:56,875:INFO:The '!' was the 5th character
2018-12-15 23:35:56,876:INFO:

2018-12-15 23:35:56,934:INFO:The length of 'T4st!ng' is 7
2018-12-15 23:35:56,935:INFO:As a list it looks like this ['T', '4', 's', 't', '!', 'n', 'g']
2018-12-15 23:35:56,935:INFO:The letters in this password are: ['T', 's', 't', 'n', 'g']
2018-12-15 23:35:56,935:INFO:The 'T' was the 1st character
2018-12-15 23:35:56,935:INFO:The 's' was the 3rd character
2018-12-15 23:35:56,936:INFO:The 't' was the 4th character
2018-12-15 23:35:56,936:INFO:The 'n' was the 6th character
2018-12-15 23:35:56,936:INFO:The 'g' was the 7th character
2018-12-15 23:35:56,936:INFO:

2018-12-15 23:35:56,936:INFO:The numbers in this password are: ['4']
2018-12-15 23:35:56,936:INFO:The '4' was the 2nd character
2018-12-15 23:35:56,937:INFO:

2018-12-15 23:35:56,937:INFO:The symbols in this password are: ['!']
2018-12-15 23:35:56,937:INFO:The '!' was the 5th character
2018-12-15 23:35:56,937:INFO:

2018-12-15 23:35:56,998:INFO:The length of 'T4st!ng' is 7
2018-12-15 23:35:56,999:INFO:As a list it looks like this ['T', '4', 's', 't', '!', 'n', 'g']
2018-12-15 23:35:56,999:INFO:The letters in this password are: ['T', 's', 't', 'n', 'g']
2018-12-15 23:35:56,999:INFO:The 'T' was the 1st character
2018-12-15 23:35:56,999:INFO:The 's' was the 3rd character
2018-12-15 23:35:57,000:INFO:The 't' was the 4th character
2018-12-15 23:35:57,000:INFO:The 'n' was the 6th character
2018-12-15 23:35:57,000:INFO:The 'g' was the 7th character
2018-12-15 23:35:57,000:INFO:

2018-12-15 23:35:57,000:INFO:The numbers in this password are: ['4']
2018-12-15 23:35:57,000:INFO:The '4' was the 2nd character
2018-12-15 23:35:57,000:INFO:

2018-12-15 23:35:57,000:INFO:The symbols in this password are: ['!']
2018-12-15 23:35:57,001:INFO:The '!' was the 5th character
2018-12-15 23:35:57,001:INFO:

2018-12-15 23:35:57,064:INFO:The length of 'T4st!ng' is 7
2018-12-15 23:35:57,064:INFO:As a list it looks like this ['T', '4', 's', 't', '!', 'n', 'g']
2018-12-15 23:35:57,065:INFO:The letters in this password are: ['T', 's', 't', 'n', 'g']
2018-12-15 23:35:57,065:INFO:The 'T' was the 1st character
2018-12-15 23:35:57,065:INFO:The 's' was the 3rd character
2018-12-15 23:35:57,065:INFO:The 't' was the 4th character
2018-12-15 23:35:57,065:INFO:The 'n' was the 6th character
2018-12-15 23:35:57,065:INFO:The 'g' was the 7th character
2018-12-15 23:35:57,066:INFO:

2018-12-15 23:35:57,066:INFO:The numbers in this password are: ['4']
2018-12-15 23:35:57,066:INFO:The '4' was the 2nd character
2018-12-15 23:35:57,066:INFO:

2018-12-15 23:35:57,066:INFO:The symbols in this password are: ['!']
2018-12-15 23:35:57,066:INFO:The '!' was the 5th character
2018-12-15 23:35:57,066:INFO:

2018-12-15 23:35:57,125:INFO:The length of 'T4st!ng' is 7
2018-12-15 23:35:57,126:INFO:As a list it looks like this ['T', '4', 's', 't', '!', 'n', 'g']
2018-12-15 23:35:57,126:INFO:The letters in this password are: ['T', 's', 't', 'n', 'g']
2018-12-15 23:35:57,126:INFO:The 'T' was the 1st character
2018-12-15 23:35:57,126:INFO:The 's' was the 3rd character
2018-12-15 23:35:57,126:INFO:The 't' was the 4th character
2018-12-15 23:35:57,127:INFO:The 'n' was the 6th character
2018-12-15 23:35:57,127:INFO:The 'g' was the 7th character
2018-12-15 23:35:57,127:INFO:

2018-12-15 23:35:57,127:INFO:The numbers in this password are: ['4']
2018-12-15 23:35:57,127:INFO:The '4' was the 2nd character
2018-12-15 23:35:57,127:INFO:

2018-12-15 23:35:57,127:INFO:The symbols in this password are: ['!']
2018-12-15 23:35:57,128:INFO:The '!' was the 5th character
2018-12-15 23:35:57,128:INFO:

2018-12-15 23:35:57,191:INFO:The length of 'T4st!ng' is 7
2018-12-15 23:35:57,191:INFO:As a list it looks like this ['T', '4', 's', 't', '!', 'n', 'g']
2018-12-15 23:35:57,192:INFO:The letters in this password are: ['T', 's', 't', 'n', 'g']
2018-12-15 23:35:57,192:INFO:The 'T' was the 1st character
2018-12-15 23:35:57,192:INFO:The 's' was the 3rd character
2018-12-15 23:35:57,192:INFO:The 't' was the 4th character
2018-12-15 23:35:57,192:INFO:The 'n' was the 6th character
2018-12-15 23:35:57,193:INFO:The 'g' was the 7th character
2018-12-15 23:35:57,193:INFO:

2018-12-15 23:35:57,193:INFO:The numbers in this password are: ['4']
2018-12-15 23:35:57,193:INFO:The '4' was the 2nd character
2018-12-15 23:35:57,193:INFO:

2018-12-15 23:35:57,193:INFO:The symbols in this password are: ['!']
2018-12-15 23:35:57,193:INFO:The '!' was the 5th character
2018-12-15 23:35:57,193:INFO:

2018-12-15 23:35:57,254:INFO:The length of 'T4st!ng' is 7
2018-12-15 23:35:57,254:INFO:As a list it looks like this ['T', '4', 's', 't', '!', 'n', 'g']
2018-12-15 23:35:57,254:INFO:The letters in this password are: ['T', 's', 't', 'n', 'g']
2018-12-15 23:35:57,254:INFO:The 'T' was the 1st character
2018-12-15 23:35:57,254:INFO:The 's' was the 3rd character
2018-12-15 23:35:57,255:INFO:The 't' was the 4th character
2018-12-15 23:35:57,255:INFO:The 'n' was the 6th character
2018-12-15 23:35:57,255:INFO:The 'g' was the 7th character
2018-12-15 23:35:57,255:INFO:

2018-12-15 23:35:57,255:INFO:The numbers in this password are: ['4']
2018-12-15 23:35:57,255:INFO:The '4' was the 2nd character
2018-12-15 23:35:57,255:INFO:

2018-12-15 23:35:57,256:INFO:The symbols in this password are: ['!']
2018-12-15 23:35:57,256:INFO:The '!' was the 5th character
2018-12-15 23:35:57,256:INFO:

2018-12-15 23:35:57,312:INFO:The length of 'T4st!ng' is 7
2018-12-15 23:35:57,312:INFO:As a list it looks like this ['T', '4', 's', 't', '!', 'n', 'g']
2018-12-15 23:35:57,313:INFO:The letters in this password are: ['T', 's', 't', 'n', 'g']
2018-12-15 23:35:57,313:INFO:The 'T' was the 1st character
2018-12-15 23:35:57,313:INFO:The 's' was the 3rd character
2018-12-15 23:35:57,313:INFO:The 't' was the 4th character
2018-12-15 23:35:57,313:INFO:The 'n' was the 6th character
2018-12-15 23:35:57,314:INFO:The 'g' was the 7th character
2018-12-15 23:35:57,314:INFO:

2018-12-15 23:35:57,314:INFO:The numbers in this password are: ['4']
2018-12-15 23:35:57,315:INFO:The '4' was the 2nd character
2018-12-15 23:35:57,315:INFO:

2018-12-15 23:35:57,315:INFO:The symbols in this password are: ['!']
2018-12-15 23:35:57,315:INFO:The '!' was the 5th character
2018-12-15 23:35:57,315:INFO:

2018-12-15 23:35:57,376:INFO:The length of 'T4st!ng' is 7
2018-12-15 23:35:57,377:INFO:As a list it looks like this ['T', '4', 's', 't', '!', 'n', 'g']
2018-12-15 23:35:57,377:INFO:The letters in this password are: ['T', 's', 't', 'n', 'g']
2018-12-15 23:35:57,377:INFO:The 'T' was the 1st character
2018-12-15 23:35:57,377:INFO:The 's' was the 3rd character
2018-12-15 23:35:57,377:INFO:The 't' was the 4th character
2018-12-15 23:35:57,377:INFO:The 'n' was the 6th character
2018-12-15 23:35:57,378:INFO:The 'g' was the 7th character
2018-12-15 23:35:57,378:INFO:

2018-12-15 23:35:57,378:INFO:The numbers in this password are: ['4']
2018-12-15 23:35:57,378:INFO:The '4' was the 2nd character
2018-12-15 23:35:57,378:INFO:

2018-12-15 23:35:57,378:INFO:The symbols in this password are: ['!']
2018-12-15 23:35:57,378:INFO:The '!' was the 5th character
2018-12-15 23:35:57,378:INFO:

2018-12-15 23:35:57,441:INFO:The length of 'T4st!ng' is 7
2018-12-15 23:35:57,442:INFO:As a list it looks like this ['T', '4', 's', 't', '!', 'n', 'g']
2018-12-15 23:35:57,442:INFO:The letters in this password are: ['T', 's', 't', 'n', 'g']
2018-12-15 23:35:57,442:INFO:The 'T' was the 1st character
2018-12-15 23:35:57,443:INFO:The 's' was the 3rd character
2018-12-15 23:35:57,443:INFO:The 't' was the 4th character
2018-12-15 23:35:57,443:INFO:The 'n' was the 6th character
2018-12-15 23:35:57,443:INFO:The 'g' was the 7th character
2018-12-15 23:35:57,443:INFO:

2018-12-15 23:35:57,443:INFO:The numbers in this password are: ['4']
2018-12-15 23:35:57,443:INFO:The '4' was the 2nd character
2018-12-15 23:35:57,444:INFO:

2018-12-15 23:35:57,444:INFO:The symbols in this password are: ['!']
2018-12-15 23:35:57,444:INFO:The '!' was the 5th character
2018-12-15 23:35:57,444:INFO:

2018-12-15 23:35:57,506:INFO:The length of 'T4st!ng' is 7
2018-12-15 23:35:57,507:INFO:As a list it looks like this ['T', '4', 's', 't', '!', 'n', 'g']
2018-12-15 23:35:57,507:INFO:The letters in this password are: ['T', 's', 't', 'n', 'g']
2018-12-15 23:35:57,507:INFO:The 'T' was the 1st character
2018-12-15 23:35:57,507:INFO:The 's' was the 3rd character
2018-12-15 23:35:57,508:INFO:The 't' was the 4th character
2018-12-15 23:35:57,508:INFO:The 'n' was the 6th character
2018-12-15 23:35:57,508:INFO:The 'g' was the 7th character
2018-12-15 23:35:57,508:INFO:

2018-12-15 23:35:57,508:INFO:The numbers in this password are: ['4']
2018-12-15 23:35:57,508:INFO:The '4' was the 2nd character
2018-12-15 23:35:57,508:INFO:

2018-12-15 23:35:57,509:INFO:The symbols in this password are: ['!']
2018-12-15 23:35:57,509:INFO:The '!' was the 5th character
2018-12-15 23:35:57,509:INFO:

2018-12-15 23:35:57,575:INFO:The length of 'T4st!ng' is 7
2018-12-15 23:35:57,576:INFO:As a list it looks like this ['T', '4', 's', 't', '!', 'n', 'g']
2018-12-15 23:35:57,576:INFO:The letters in this password are: ['T', 's', 't', 'n', 'g']
2018-12-15 23:35:57,576:INFO:The 'T' was the 1st character
2018-12-15 23:35:57,576:INFO:The 's' was the 3rd character
2018-12-15 23:35:57,576:INFO:The 't' was the 4th character
2018-12-15 23:35:57,577:INFO:The 'n' was the 6th character
2018-12-15 23:35:57,577:INFO:The 'g' was the 7th character
2018-12-15 23:35:57,577:INFO:

2018-12-15 23:35:57,577:INFO:The numbers in this password are: ['4']
2018-12-15 23:35:57,577:INFO:The '4' was the 2nd character
2018-12-15 23:35:57,577:INFO:

2018-12-15 23:35:57,577:INFO:The symbols in this password are: ['!']
2018-12-15 23:35:57,578:INFO:The '!' was the 5th character
2018-12-15 23:35:57,578:INFO:

2018-12-15 23:35:57,637:INFO:The length of 'T4st!ng' is 7
2018-12-15 23:35:57,637:INFO:As a list it looks like this ['T', '4', 's', 't', '!', 'n', 'g']
2018-12-15 23:35:57,637:INFO:The letters in this password are: ['T', 's', 't', 'n', 'g']
2018-12-15 23:35:57,638:INFO:The 'T' was the 1st character
2018-12-15 23:35:57,638:INFO:The 's' was the 3rd character
2018-12-15 23:35:57,638:INFO:The 't' was the 4th character
2018-12-15 23:35:57,638:INFO:The 'n' was the 6th character
2018-12-15 23:35:57,638:INFO:The 'g' was the 7th character
2018-12-15 23:35:57,639:INFO:

2018-12-15 23:35:57,639:INFO:The numbers in this password are: ['4']
2018-12-15 23:35:57,639:INFO:The '4' was the 2nd character
2018-12-15 23:35:57,639:INFO:

2018-12-15 23:35:57,639:INFO:The symbols in this password are: ['!']
2018-12-15 23:35:57,639:INFO:The '!' was the 5th character
2018-12-15 23:35:57,639:INFO:

2018-12-15 23:35:57,698:INFO:The length of 'T4st!ng' is 7
2018-12-15 23:35:57,699:INFO:As a list it looks like this ['T', '4', 's', 't', '!', 'n', 'g']
2018-12-15 23:35:57,699:INFO:The letters in this password are: ['T', 's', 't', 'n', 'g']
2018-12-15 23:35:57,699:INFO:The 'T' was the 1st character
2018-12-15 23:35:57,699:INFO:The 's' was the 3rd character
2018-12-15 23:35:57,699:INFO:The 't' was the 4th character
2018-12-15 23:35:57,700:INFO:The 'n' was the 6th character
2018-12-15 23:35:57,700:INFO:The 'g' was the 7th character
2018-12-15 23:35:57,700:INFO:

2018-12-15 23:35:57,700:INFO:The numbers in this password are: ['4']
2018-12-15 23:35:57,700:INFO:The '4' was the 2nd character
2018-12-15 23:35:57,700:INFO:

2018-12-15 23:35:57,701:INFO:The symbols in this password are: ['!']
2018-12-15 23:35:57,701:INFO:The '!' was the 5th character
2018-12-15 23:35:57,701:INFO:

2018-12-15 23:35:57,759:INFO:The length of 'T4st!ng' is 7
2018-12-15 23:35:57,759:INFO:As a list it looks like this ['T', '4', 's', 't', '!', 'n', 'g']
2018-12-15 23:35:57,759:INFO:The letters in this password are: ['T', 's', 't', 'n', 'g']
2018-12-15 23:35:57,759:INFO:The 'T' was the 1st character
2018-12-15 23:35:57,760:INFO:The 's' was the 3rd character
2018-12-15 23:35:57,760:INFO:The 't' was the 4th character
2018-12-15 23:35:57,760:INFO:The 'n' was the 6th character
2018-12-15 23:35:57,760:INFO:The 'g' was the 7th character
2018-12-15 23:35:57,760:INFO:

2018-12-15 23:35:57,760:INFO:The numbers in this password are: ['4']
2018-12-15 23:35:57,760:INFO:The '4' was the 2nd character
2018-12-15 23:35:57,761:INFO:

2018-12-15 23:35:57,761:INFO:The symbols in this password are: ['!']
2018-12-15 23:35:57,761:INFO:The '!' was the 5th character
2018-12-15 23:35:57,761:INFO:

2018-12-15 23:35:57,819:INFO:The length of 'T4st!ng' is 7
2018-12-15 23:35:57,819:INFO:As a list it looks like this ['T', '4', 's', 't', '!', 'n', 'g']
2018-12-15 23:35:57,820:INFO:The letters in this password are: ['T', 's', 't', 'n', 'g']
2018-12-15 23:35:57,820:INFO:The 'T' was the 1st character
2018-12-15 23:35:57,820:INFO:The 's' was the 3rd character
2018-12-15 23:35:57,820:INFO:The 't' was the 4th character
2018-12-15 23:35:57,820:INFO:The 'n' was the 6th character
2018-12-15 23:35:57,820:INFO:The 'g' was the 7th character
2018-12-15 23:35:57,821:INFO:

2018-12-15 23:35:57,821:INFO:The numbers in this password are: ['4']
2018-12-15 23:35:57,821:INFO:The '4' was the 2nd character
2018-12-15 23:35:57,821:INFO:

2018-12-15 23:35:57,821:INFO:The symbols in this password are: ['!']
2018-12-15 23:35:57,822:INFO:The '!' was the 5th character
2018-12-15 23:35:57,822:INFO:

2018-12-15 23:35:57,878:INFO:The length of 'T4st!ng' is 7
2018-12-15 23:35:57,879:INFO:As a list it looks like this ['T', '4', 's', 't', '!', 'n', 'g']
2018-12-15 23:35:57,879:INFO:The letters in this password are: ['T', 's', 't', 'n', 'g']
2018-12-15 23:35:57,879:INFO:The 'T' was the 1st character
2018-12-15 23:35:57,879:INFO:The 's' was the 3rd character
2018-12-15 23:35:57,879:INFO:The 't' was the 4th character
2018-12-15 23:35:57,880:INFO:The 'n' was the 6th character
2018-12-15 23:35:57,880:INFO:The 'g' was the 7th character
2018-12-15 23:35:57,880:INFO:

2018-12-15 23:35:57,880:INFO:The numbers in this password are: ['4']
2018-12-15 23:35:57,880:INFO:The '4' was the 2nd character
2018-12-15 23:35:57,880:INFO:

2018-12-15 23:35:57,881:INFO:The symbols in this password are: ['!']
2018-12-15 23:35:57,881:INFO:The '!' was the 5th character
2018-12-15 23:35:57,881:INFO:

2018-12-15 23:35:57,943:INFO:The length of 'T4st!ng' is 7
2018-12-15 23:35:57,944:INFO:As a list it looks like this ['T', '4', 's', 't', '!', 'n', 'g']
2018-12-15 23:35:57,945:INFO:The letters in this password are: ['T', 's', 't', 'n', 'g']
2018-12-15 23:35:57,945:INFO:The 'T' was the 1st character
2018-12-15 23:35:57,945:INFO:The 's' was the 3rd character
2018-12-15 23:35:57,945:INFO:The 't' was the 4th character
2018-12-15 23:35:57,945:INFO:The 'n' was the 6th character
2018-12-15 23:35:57,946:INFO:The 'g' was the 7th character
2018-12-15 23:35:57,946:INFO:

2018-12-15 23:35:57,946:INFO:The numbers in this password are: ['4']
2018-12-15 23:35:57,946:INFO:The '4' was the 2nd character
2018-12-15 23:35:57,946:INFO:

2018-12-15 23:35:57,947:INFO:The symbols in this password are: ['!']
2018-12-15 23:35:57,947:INFO:The '!' was the 5th character
2018-12-15 23:35:57,947:INFO:

2018-12-15 23:35:58,006:INFO:The length of 'T4st!ng' is 7
2018-12-15 23:35:58,006:INFO:As a list it looks like this ['T', '4', 's', 't', '!', 'n', 'g']
2018-12-15 23:35:58,006:INFO:The letters in this password are: ['T', 's', 't', 'n', 'g']
2018-12-15 23:35:58,006:INFO:The 'T' was the 1st character
2018-12-15 23:35:58,006:INFO:The 's' was the 3rd character
2018-12-15 23:35:58,007:INFO:The 't' was the 4th character
2018-12-15 23:35:58,007:INFO:The 'n' was the 6th character
2018-12-15 23:35:58,007:INFO:The 'g' was the 7th character
2018-12-15 23:35:58,007:INFO:

2018-12-15 23:35:58,007:INFO:The numbers in this password are: ['4']
2018-12-15 23:35:58,007:INFO:The '4' was the 2nd character
2018-12-15 23:35:58,007:INFO:

2018-12-15 23:35:58,007:INFO:The symbols in this password are: ['!']
2018-12-15 23:35:58,008:INFO:The '!' was the 5th character
2018-12-15 23:35:58,008:INFO:

2018-12-15 23:35:58,068:INFO:The length of 'T4st!ng' is 7
2018-12-15 23:35:58,069:INFO:As a list it looks like this ['T', '4', 's', 't', '!', 'n', 'g']
2018-12-15 23:35:58,069:INFO:The letters in this password are: ['T', 's', 't', 'n', 'g']
2018-12-15 23:35:58,069:INFO:The 'T' was the 1st character
2018-12-15 23:35:58,069:INFO:The 's' was the 3rd character
2018-12-15 23:35:58,069:INFO:The 't' was the 4th character
2018-12-15 23:35:58,070:INFO:The 'n' was the 6th character
2018-12-15 23:35:58,070:INFO:The 'g' was the 7th character
2018-12-15 23:35:58,070:INFO:

2018-12-15 23:35:58,070:INFO:The numbers in this password are: ['4']
2018-12-15 23:35:58,070:INFO:The '4' was the 2nd character
2018-12-15 23:35:58,070:INFO:

2018-12-15 23:35:58,070:INFO:The symbols in this password are: ['!']
2018-12-15 23:35:58,071:INFO:The '!' was the 5th character
2018-12-15 23:35:58,071:INFO:

2018-12-15 23:35:58,130:INFO:The length of 'T4st!ng' is 7
2018-12-15 23:35:58,131:INFO:As a list it looks like this ['T', '4', 's', 't', '!', 'n', 'g']
2018-12-15 23:35:58,131:INFO:The letters in this password are: ['T', 's', 't', 'n', 'g']
2018-12-15 23:35:58,131:INFO:The 'T' was the 1st character
2018-12-15 23:35:58,131:INFO:The 's' was the 3rd character
2018-12-15 23:35:58,131:INFO:The 't' was the 4th character
2018-12-15 23:35:58,131:INFO:The 'n' was the 6th character
2018-12-15 23:35:58,131:INFO:The 'g' was the 7th character
2018-12-15 23:35:58,132:INFO:

2018-12-15 23:35:58,132:INFO:The numbers in this password are: ['4']
2018-12-15 23:35:58,132:INFO:The '4' was the 2nd character
2018-12-15 23:35:58,132:INFO:

2018-12-15 23:35:58,132:INFO:The symbols in this password are: ['!']
2018-12-15 23:35:58,132:INFO:The '!' was the 5th character
2018-12-15 23:35:58,132:INFO:

2018-12-15 23:35:58,195:INFO:The length of 'T4st!ng' is 7
2018-12-15 23:35:58,196:INFO:As a list it looks like this ['T', '4', 's', 't', '!', 'n', 'g']
2018-12-15 23:35:58,196:INFO:The letters in this password are: ['T', 's', 't', 'n', 'g']
2018-12-15 23:35:58,196:INFO:The 'T' was the 1st character
2018-12-15 23:35:58,196:INFO:The 's' was the 3rd character
2018-12-15 23:35:58,197:INFO:The 't' was the 4th character
2018-12-15 23:35:58,197:INFO:The 'n' was the 6th character
2018-12-15 23:35:58,197:INFO:The 'g' was the 7th character
2018-12-15 23:35:58,197:INFO:

2018-12-15 23:35:58,197:INFO:The numbers in this password are: ['4']
2018-12-15 23:35:58,197:INFO:The '4' was the 2nd character
2018-12-15 23:35:58,197:INFO:

2018-12-15 23:35:58,198:INFO:The symbols in this password are: ['!']
2018-12-15 23:35:58,198:INFO:The '!' was the 5th character
2018-12-15 23:35:58,198:INFO:

2018-12-15 23:35:58,255:INFO:The length of 'T4st!ng' is 7
2018-12-15 23:35:58,255:INFO:As a list it looks like this ['T', '4', 's', 't', '!', 'n', 'g']
2018-12-15 23:35:58,255:INFO:The letters in this password are: ['T', 's', 't', 'n', 'g']
2018-12-15 23:35:58,256:INFO:The 'T' was the 1st character
2018-12-15 23:35:58,256:INFO:The 's' was the 3rd character
2018-12-15 23:35:58,256:INFO:The 't' was the 4th character
2018-12-15 23:35:58,256:INFO:The 'n' was the 6th character
2018-12-15 23:35:58,256:INFO:The 'g' was the 7th character
2018-12-15 23:35:58,256:INFO:

2018-12-15 23:35:58,256:INFO:The numbers in this password are: ['4']
2018-12-15 23:35:58,256:INFO:The '4' was the 2nd character
2018-12-15 23:35:58,256:INFO:

2018-12-15 23:35:58,257:INFO:The symbols in this password are: ['!']
2018-12-15 23:35:58,257:INFO:The '!' was the 5th character
2018-12-15 23:35:58,257:INFO:

2018-12-15 23:35:58,313:INFO:The length of 'T4st!ng' is 7
2018-12-15 23:35:58,313:INFO:As a list it looks like this ['T', '4', 's', 't', '!', 'n', 'g']
2018-12-15 23:35:58,314:INFO:The letters in this password are: ['T', 's', 't', 'n', 'g']
2018-12-15 23:35:58,314:INFO:The 'T' was the 1st character
2018-12-15 23:35:58,314:INFO:The 's' was the 3rd character
2018-12-15 23:35:58,314:INFO:The 't' was the 4th character
2018-12-15 23:35:58,314:INFO:The 'n' was the 6th character
2018-12-15 23:35:58,314:INFO:The 'g' was the 7th character
2018-12-15 23:35:58,315:INFO:

2018-12-15 23:35:58,315:INFO:The numbers in this password are: ['4']
2018-12-15 23:35:58,315:INFO:The '4' was the 2nd character
2018-12-15 23:35:58,315:INFO:

2018-12-15 23:35:58,315:INFO:The symbols in this password are: ['!']
2018-12-15 23:35:58,316:INFO:The '!' was the 5th character
2018-12-15 23:35:58,316:INFO:

2018-12-15 23:35:58,375:INFO:The length of 'T4st!ng' is 7
2018-12-15 23:35:58,376:INFO:As a list it looks like this ['T', '4', 's', 't', '!', 'n', 'g']
2018-12-15 23:35:58,376:INFO:The letters in this password are: ['T', 's', 't', 'n', 'g']
2018-12-15 23:35:58,376:INFO:The 'T' was the 1st character
2018-12-15 23:35:58,376:INFO:The 's' was the 3rd character
2018-12-15 23:35:58,377:INFO:The 't' was the 4th character
2018-12-15 23:35:58,377:INFO:The 'n' was the 6th character
2018-12-15 23:35:58,377:INFO:The 'g' was the 7th character
2018-12-15 23:35:58,377:INFO:

2018-12-15 23:35:58,377:INFO:The numbers in this password are: ['4']
2018-12-15 23:35:58,377:INFO:The '4' was the 2nd character
2018-12-15 23:35:58,378:INFO:

2018-12-15 23:35:58,378:INFO:The symbols in this password are: ['!']
2018-12-15 23:35:58,378:INFO:The '!' was the 5th character
2018-12-15 23:35:58,378:INFO:

2018-12-15 23:35:58,437:INFO:The length of 'T4st!ng' is 7
2018-12-15 23:35:58,438:INFO:As a list it looks like this ['T', '4', 's', 't', '!', 'n', 'g']
2018-12-15 23:35:58,438:INFO:The letters in this password are: ['T', 's', 't', 'n', 'g']
2018-12-15 23:35:58,438:INFO:The 'T' was the 1st character
2018-12-15 23:35:58,438:INFO:The 's' was the 3rd character
2018-12-15 23:35:58,438:INFO:The 't' was the 4th character
2018-12-15 23:35:58,439:INFO:The 'n' was the 6th character
2018-12-15 23:35:58,439:INFO:The 'g' was the 7th character
2018-12-15 23:35:58,439:INFO:

2018-12-15 23:35:58,439:INFO:The numbers in this password are: ['4']
2018-12-15 23:35:58,439:INFO:The '4' was the 2nd character
2018-12-15 23:35:58,439:INFO:

2018-12-15 23:35:58,440:INFO:The symbols in this password are: ['!']
2018-12-15 23:35:58,440:INFO:The '!' was the 5th character
2018-12-15 23:35:58,440:INFO:

2018-12-15 23:35:58,501:INFO:The length of 'T4st!ng' is 7
2018-12-15 23:35:58,501:INFO:As a list it looks like this ['T', '4', 's', 't', '!', 'n', 'g']
2018-12-15 23:35:58,501:INFO:The letters in this password are: ['T', 's', 't', 'n', 'g']
2018-12-15 23:35:58,502:INFO:The 'T' was the 1st character
2018-12-15 23:35:58,502:INFO:The 's' was the 3rd character
2018-12-15 23:35:58,502:INFO:The 't' was the 4th character
2018-12-15 23:35:58,502:INFO:The 'n' was the 6th character
2018-12-15 23:35:58,502:INFO:The 'g' was the 7th character
2018-12-15 23:35:58,502:INFO:

2018-12-15 23:35:58,502:INFO:The numbers in this password are: ['4']
2018-12-15 23:35:58,503:INFO:The '4' was the 2nd character
2018-12-15 23:35:58,503:INFO:

2018-12-15 23:35:58,503:INFO:The symbols in this password are: ['!']
2018-12-15 23:35:58,503:INFO:The '!' was the 5th character
2018-12-15 23:35:58,503:INFO:

2018-12-15 23:35:58,564:INFO:The length of 'T4st!ng' is 7
2018-12-15 23:35:58,564:INFO:As a list it looks like this ['T', '4', 's', 't', '!', 'n', 'g']
2018-12-15 23:35:58,565:INFO:The letters in this password are: ['T', 's', 't', 'n', 'g']
2018-12-15 23:35:58,565:INFO:The 'T' was the 1st character
2018-12-15 23:35:58,565:INFO:The 's' was the 3rd character
2018-12-15 23:35:58,565:INFO:The 't' was the 4th character
2018-12-15 23:35:58,565:INFO:The 'n' was the 6th character
2018-12-15 23:35:58,565:INFO:The 'g' was the 7th character
2018-12-15 23:35:58,566:INFO:

2018-12-15 23:35:58,566:INFO:The numbers in this password are: ['4']
2018-12-15 23:35:58,566:INFO:The '4' was the 2nd character
2018-12-15 23:35:58,566:INFO:

2018-12-15 23:35:58,566:INFO:The symbols in this password are: ['!']
2018-12-15 23:35:58,566:INFO:The '!' was the 5th character
2018-12-15 23:35:58,566:INFO:

2018-12-15 23:35:58,624:INFO:The length of 'T4st!ng' is 7
2018-12-15 23:35:58,625:INFO:As a list it looks like this ['T', '4', 's', 't', '!', 'n', 'g']
2018-12-15 23:35:58,625:INFO:The letters in this password are: ['T', 's', 't', 'n', 'g']
2018-12-15 23:35:58,625:INFO:The 'T' was the 1st character
2018-12-15 23:35:58,625:INFO:The 's' was the 3rd character
2018-12-15 23:35:58,625:INFO:The 't' was the 4th character
2018-12-15 23:35:58,625:INFO:The 'n' was the 6th character
2018-12-15 23:35:58,626:INFO:The 'g' was the 7th character
2018-12-15 23:35:58,626:INFO:

2018-12-15 23:35:58,626:INFO:The numbers in this password are: ['4']
2018-12-15 23:35:58,626:INFO:The '4' was the 2nd character
2018-12-15 23:35:58,626:INFO:

2018-12-15 23:35:58,626:INFO:The symbols in this password are: ['!']
2018-12-15 23:35:58,626:INFO:The '!' was the 5th character
2018-12-15 23:35:58,627:INFO:

2018-12-15 23:35:58,685:INFO:The length of 'T4st!ng' is 7
2018-12-15 23:35:58,685:INFO:As a list it looks like this ['T', '4', 's', 't', '!', 'n', 'g']
2018-12-15 23:35:58,685:INFO:The letters in this password are: ['T', 's', 't', 'n', 'g']
2018-12-15 23:35:58,686:INFO:The 'T' was the 1st character
2018-12-15 23:35:58,686:INFO:The 's' was the 3rd character
2018-12-15 23:35:58,686:INFO:The 't' was the 4th character
2018-12-15 23:35:58,686:INFO:The 'n' was the 6th character
2018-12-15 23:35:58,686:INFO:The 'g' was the 7th character
2018-12-15 23:35:58,686:INFO:

2018-12-15 23:35:58,687:INFO:The numbers in this password are: ['4']
2018-12-15 23:35:58,687:INFO:The '4' was the 2nd character
2018-12-15 23:35:58,687:INFO:

2018-12-15 23:35:58,687:INFO:The symbols in this password are: ['!']
2018-12-15 23:35:58,687:INFO:The '!' was the 5th character
2018-12-15 23:35:58,687:INFO:

2018-12-15 23:35:58,743:INFO:The length of 'T4st!ng' is 7
2018-12-15 23:35:58,744:INFO:As a list it looks like this ['T', '4', 's', 't', '!', 'n', 'g']
2018-12-15 23:35:58,744:INFO:The letters in this password are: ['T', 's', 't', 'n', 'g']
2018-12-15 23:35:58,744:INFO:The 'T' was the 1st character
2018-12-15 23:35:58,744:INFO:The 's' was the 3rd character
2018-12-15 23:35:58,744:INFO:The 't' was the 4th character
2018-12-15 23:35:58,744:INFO:The 'n' was the 6th character
2018-12-15 23:35:58,745:INFO:The 'g' was the 7th character
2018-12-15 23:35:58,745:INFO:

2018-12-15 23:35:58,745:INFO:The numbers in this password are: ['4']
2018-12-15 23:35:58,745:INFO:The '4' was the 2nd character
2018-12-15 23:35:58,745:INFO:

2018-12-15 23:35:58,745:INFO:The symbols in this password are: ['!']
2018-12-15 23:35:58,746:INFO:The '!' was the 5th character
2018-12-15 23:35:58,746:INFO:

2018-12-15 23:35:58,803:INFO:The length of 'T4st!ng' is 7
2018-12-15 23:35:58,804:INFO:As a list it looks like this ['T', '4', 's', 't', '!', 'n', 'g']
2018-12-15 23:35:58,804:INFO:The letters in this password are: ['T', 's', 't', 'n', 'g']
2018-12-15 23:35:58,804:INFO:The 'T' was the 1st character
2018-12-15 23:35:58,804:INFO:The 's' was the 3rd character
2018-12-15 23:35:58,805:INFO:The 't' was the 4th character
2018-12-15 23:35:58,805:INFO:The 'n' was the 6th character
2018-12-15 23:35:58,805:INFO:The 'g' was the 7th character
2018-12-15 23:35:58,805:INFO:

2018-12-15 23:35:58,805:INFO:The numbers in this password are: ['4']
2018-12-15 23:35:58,805:INFO:The '4' was the 2nd character
2018-12-15 23:35:58,805:INFO:

2018-12-15 23:35:58,806:INFO:The symbols in this password are: ['!']
2018-12-15 23:35:58,806:INFO:The '!' was the 5th character
2018-12-15 23:35:58,806:INFO:

2018-12-15 23:35:58,865:INFO:The length of 'T4st!ng' is 7
2018-12-15 23:35:58,866:INFO:As a list it looks like this ['T', '4', 's', 't', '!', 'n', 'g']
2018-12-15 23:35:58,866:INFO:The letters in this password are: ['T', 's', 't', 'n', 'g']
2018-12-15 23:35:58,866:INFO:The 'T' was the 1st character
2018-12-15 23:35:58,866:INFO:The 's' was the 3rd character
2018-12-15 23:35:58,866:INFO:The 't' was the 4th character
2018-12-15 23:35:58,866:INFO:The 'n' was the 6th character
2018-12-15 23:35:58,867:INFO:The 'g' was the 7th character
2018-12-15 23:35:58,867:INFO:

2018-12-15 23:35:58,867:INFO:The numbers in this password are: ['4']
2018-12-15 23:35:58,867:INFO:The '4' was the 2nd character
2018-12-15 23:35:58,867:INFO:

2018-12-15 23:35:58,867:INFO:The symbols in this password are: ['!']
2018-12-15 23:35:58,868:INFO:The '!' was the 5th character
2018-12-15 23:35:58,868:INFO:

2018-12-15 23:35:58,924:INFO:The length of 'T4st!ng' is 7
2018-12-15 23:35:58,925:INFO:As a list it looks like this ['T', '4', 's', 't', '!', 'n', 'g']
2018-12-15 23:35:58,925:INFO:The letters in this password are: ['T', 's', 't', 'n', 'g']
2018-12-15 23:35:58,925:INFO:The 'T' was the 1st character
2018-12-15 23:35:58,925:INFO:The 's' was the 3rd character
2018-12-15 23:35:58,926:INFO:The 't' was the 4th character
2018-12-15 23:35:58,926:INFO:The 'n' was the 6th character
2018-12-15 23:35:58,926:INFO:The 'g' was the 7th character
2018-12-15 23:35:58,926:INFO:

2018-12-15 23:35:58,926:INFO:The numbers in this password are: ['4']
2018-12-15 23:35:58,927:INFO:The '4' was the 2nd character
2018-12-15 23:35:58,927:INFO:

2018-12-15 23:35:58,927:INFO:The symbols in this password are: ['!']
2018-12-15 23:35:58,927:INFO:The '!' was the 5th character
2018-12-15 23:35:58,927:INFO:

2018-12-15 23:35:58,986:INFO:The length of 'T4st!ng' is 7
2018-12-15 23:35:58,987:INFO:As a list it looks like this ['T', '4', 's', 't', '!', 'n', 'g']
2018-12-15 23:35:58,987:INFO:The letters in this password are: ['T', 's', 't', 'n', 'g']
2018-12-15 23:35:58,987:INFO:The 'T' was the 1st character
2018-12-15 23:35:58,987:INFO:The 's' was the 3rd character
2018-12-15 23:35:58,988:INFO:The 't' was the 4th character
2018-12-15 23:35:58,988:INFO:The 'n' was the 6th character
2018-12-15 23:35:58,988:INFO:The 'g' was the 7th character
2018-12-15 23:35:58,988:INFO:

2018-12-15 23:35:58,988:INFO:The numbers in this password are: ['4']
2018-12-15 23:35:58,988:INFO:The '4' was the 2nd character
2018-12-15 23:35:58,988:INFO:

2018-12-15 23:35:58,989:INFO:The symbols in this password are: ['!']
2018-12-15 23:35:58,989:INFO:The '!' was the 5th character
2018-12-15 23:35:58,989:INFO:

2018-12-15 23:35:59,049:INFO:The length of 'T4st!ng' is 7
2018-12-15 23:35:59,050:INFO:As a list it looks like this ['T', '4', 's', 't', '!', 'n', 'g']
2018-12-15 23:35:59,050:INFO:The letters in this password are: ['T', 's', 't', 'n', 'g']
2018-12-15 23:35:59,050:INFO:The 'T' was the 1st character
2018-12-15 23:35:59,051:INFO:The 's' was the 3rd character
2018-12-15 23:35:59,051:INFO:The 't' was the 4th character
2018-12-15 23:35:59,051:INFO:The 'n' was the 6th character
2018-12-15 23:35:59,051:INFO:The 'g' was the 7th character
2018-12-15 23:35:59,051:INFO:

2018-12-15 23:35:59,051:INFO:The numbers in this password are: ['4']
2018-12-15 23:35:59,051:INFO:The '4' was the 2nd character
2018-12-15 23:35:59,052:INFO:

2018-12-15 23:35:59,052:INFO:The symbols in this password are: ['!']
2018-12-15 23:35:59,052:INFO:The '!' was the 5th character
2018-12-15 23:35:59,052:INFO:

2018-12-15 23:35:59,110:INFO:The length of 'T4st!ng' is 7
2018-12-15 23:35:59,111:INFO:As a list it looks like this ['T', '4', 's', 't', '!', 'n', 'g']
2018-12-15 23:35:59,111:INFO:The letters in this password are: ['T', 's', 't', 'n', 'g']
2018-12-15 23:35:59,111:INFO:The 'T' was the 1st character
2018-12-15 23:35:59,111:INFO:The 's' was the 3rd character
2018-12-15 23:35:59,111:INFO:The 't' was the 4th character
2018-12-15 23:35:59,112:INFO:The 'n' was the 6th character
2018-12-15 23:35:59,112:INFO:The 'g' was the 7th character
2018-12-15 23:35:59,112:INFO:

2018-12-15 23:35:59,112:INFO:The numbers in this password are: ['4']
2018-12-15 23:35:59,112:INFO:The '4' was the 2nd character
2018-12-15 23:35:59,112:INFO:

2018-12-15 23:35:59,112:INFO:The symbols in this password are: ['!']
2018-12-15 23:35:59,112:INFO:The '!' was the 5th character
2018-12-15 23:35:59,113:INFO:

2018-12-15 23:35:59,179:INFO:The length of 'T4st!ng' is 7
2018-12-15 23:35:59,179:INFO:As a list it looks like this ['T', '4', 's', 't', '!', 'n', 'g']
2018-12-15 23:35:59,180:INFO:The letters in this password are: ['T', 's', 't', 'n', 'g']
2018-12-15 23:35:59,180:INFO:The 'T' was the 1st character
2018-12-15 23:35:59,180:INFO:The 's' was the 3rd character
2018-12-15 23:35:59,180:INFO:The 't' was the 4th character
2018-12-15 23:35:59,180:INFO:The 'n' was the 6th character
2018-12-15 23:35:59,181:INFO:The 'g' was the 7th character
2018-12-15 23:35:59,181:INFO:

2018-12-15 23:35:59,181:INFO:The numbers in this password are: ['4']
2018-12-15 23:35:59,181:INFO:The '4' was the 2nd character
2018-12-15 23:35:59,181:INFO:

2018-12-15 23:35:59,181:INFO:The symbols in this password are: ['!']
2018-12-15 23:35:59,182:INFO:The '!' was the 5th character
2018-12-15 23:35:59,182:INFO:

2018-12-15 23:35:59,242:INFO:The length of 'T4st!ng' is 7
2018-12-15 23:35:59,243:INFO:As a list it looks like this ['T', '4', 's', 't', '!', 'n', 'g']
2018-12-15 23:35:59,243:INFO:The letters in this password are: ['T', 's', 't', 'n', 'g']
2018-12-15 23:35:59,243:INFO:The 'T' was the 1st character
2018-12-15 23:35:59,243:INFO:The 's' was the 3rd character
2018-12-15 23:35:59,244:INFO:The 't' was the 4th character
2018-12-15 23:35:59,244:INFO:The 'n' was the 6th character
2018-12-15 23:35:59,244:INFO:The 'g' was the 7th character
2018-12-15 23:35:59,244:INFO:

2018-12-15 23:35:59,244:INFO:The numbers in this password are: ['4']
2018-12-15 23:35:59,244:INFO:The '4' was the 2nd character
2018-12-15 23:35:59,244:INFO:

2018-12-15 23:35:59,245:INFO:The symbols in this password are: ['!']
2018-12-15 23:35:59,245:INFO:The '!' was the 5th character
2018-12-15 23:35:59,245:INFO:

2018-12-15 23:35:59,301:INFO:The length of 'T4st!ng' is 7
2018-12-15 23:35:59,301:INFO:As a list it looks like this ['T', '4', 's', 't', '!', 'n', 'g']
2018-12-15 23:35:59,302:INFO:The letters in this password are: ['T', 's', 't', 'n', 'g']
2018-12-15 23:35:59,302:INFO:The 'T' was the 1st character
2018-12-15 23:35:59,302:INFO:The 's' was the 3rd character
2018-12-15 23:35:59,302:INFO:The 't' was the 4th character
2018-12-15 23:35:59,302:INFO:The 'n' was the 6th character
2018-12-15 23:35:59,302:INFO:The 'g' was the 7th character
2018-12-15 23:35:59,302:INFO:

2018-12-15 23:35:59,302:INFO:The numbers in this password are: ['4']
2018-12-15 23:35:59,303:INFO:The '4' was the 2nd character
2018-12-15 23:35:59,303:INFO:

2018-12-15 23:35:59,303:INFO:The symbols in this password are: ['!']
2018-12-15 23:35:59,303:INFO:The '!' was the 5th character
2018-12-15 23:35:59,303:INFO:

2018-12-15 23:35:59,371:INFO:The length of 'T4st!ng' is 7
2018-12-15 23:35:59,372:INFO:As a list it looks like this ['T', '4', 's', 't', '!', 'n', 'g']
2018-12-15 23:35:59,372:INFO:The letters in this password are: ['T', 's', 't', 'n', 'g']
2018-12-15 23:35:59,372:INFO:The 'T' was the 1st character
2018-12-15 23:35:59,372:INFO:The 's' was the 3rd character
2018-12-15 23:35:59,373:INFO:The 't' was the 4th character
2018-12-15 23:35:59,373:INFO:The 'n' was the 6th character
2018-12-15 23:35:59,373:INFO:The 'g' was the 7th character
2018-12-15 23:35:59,373:INFO:

2018-12-15 23:35:59,373:INFO:The numbers in this password are: ['4']
2018-12-15 23:35:59,373:INFO:The '4' was the 2nd character
2018-12-15 23:35:59,373:INFO:

2018-12-15 23:35:59,373:INFO:The symbols in this password are: ['!']
2018-12-15 23:35:59,374:INFO:The '!' was the 5th character
2018-12-15 23:35:59,374:INFO:

2018-12-15 23:35:59,434:INFO:The length of 'T4st!ng' is 7
2018-12-15 23:35:59,435:INFO:As a list it looks like this ['T', '4', 's', 't', '!', 'n', 'g']
2018-12-15 23:35:59,435:INFO:The letters in this password are: ['T', 's', 't', 'n', 'g']
2018-12-15 23:35:59,435:INFO:The 'T' was the 1st character
2018-12-15 23:35:59,436:INFO:The 's' was the 3rd character
2018-12-15 23:35:59,436:INFO:The 't' was the 4th character
2018-12-15 23:35:59,436:INFO:The 'n' was the 6th character
2018-12-15 23:35:59,436:INFO:The 'g' was the 7th character
2018-12-15 23:35:59,437:INFO:

2018-12-15 23:35:59,437:INFO:The numbers in this password are: ['4']
2018-12-15 23:35:59,437:INFO:The '4' was the 2nd character
2018-12-15 23:35:59,438:INFO:

2018-12-15 23:35:59,438:INFO:The symbols in this password are: ['!']
2018-12-15 23:35:59,438:INFO:The '!' was the 5th character
2018-12-15 23:35:59,438:INFO:

2018-12-15 23:35:59,504:INFO:The length of 'T4st!ng' is 7
2018-12-15 23:35:59,504:INFO:As a list it looks like this ['T', '4', 's', 't', '!', 'n', 'g']
2018-12-15 23:35:59,504:INFO:The letters in this password are: ['T', 's', 't', 'n', 'g']
2018-12-15 23:35:59,505:INFO:The 'T' was the 1st character
2018-12-15 23:35:59,505:INFO:The 's' was the 3rd character
2018-12-15 23:35:59,505:INFO:The 't' was the 4th character
2018-12-15 23:35:59,505:INFO:The 'n' was the 6th character
2018-12-15 23:35:59,505:INFO:The 'g' was the 7th character
2018-12-15 23:35:59,506:INFO:

2018-12-15 23:35:59,506:INFO:The numbers in this password are: ['4']
2018-12-15 23:35:59,506:INFO:The '4' was the 2nd character
2018-12-15 23:35:59,506:INFO:

2018-12-15 23:35:59,506:INFO:The symbols in this password are: ['!']
2018-12-15 23:35:59,506:INFO:The '!' was the 5th character
2018-12-15 23:35:59,506:INFO:

2018-12-15 23:35:59,572:INFO:The length of 'T4st!ng' is 7
2018-12-15 23:35:59,573:INFO:As a list it looks like this ['T', '4', 's', 't', '!', 'n', 'g']
2018-12-15 23:35:59,573:INFO:The letters in this password are: ['T', 's', 't', 'n', 'g']
2018-12-15 23:35:59,574:INFO:The 'T' was the 1st character
2018-12-15 23:35:59,574:INFO:The 's' was the 3rd character
2018-12-15 23:35:59,574:INFO:The 't' was the 4th character
2018-12-15 23:35:59,574:INFO:The 'n' was the 6th character
2018-12-15 23:35:59,574:INFO:The 'g' was the 7th character
2018-12-15 23:35:59,575:INFO:

2018-12-15 23:35:59,575:INFO:The numbers in this password are: ['4']
2018-12-15 23:35:59,575:INFO:The '4' was the 2nd character
2018-12-15 23:35:59,575:INFO:

2018-12-15 23:35:59,575:INFO:The symbols in this password are: ['!']
2018-12-15 23:35:59,575:INFO:The '!' was the 5th character
2018-12-15 23:35:59,576:INFO:

2018-12-15 23:35:59,640:INFO:The length of 'T4st!ng' is 7
2018-12-15 23:35:59,640:INFO:As a list it looks like this ['T', '4', 's', 't', '!', 'n', 'g']
2018-12-15 23:35:59,641:INFO:The letters in this password are: ['T', 's', 't', 'n', 'g']
2018-12-15 23:35:59,641:INFO:The 'T' was the 1st character
2018-12-15 23:35:59,641:INFO:The 's' was the 3rd character
2018-12-15 23:35:59,641:INFO:The 't' was the 4th character
2018-12-15 23:35:59,641:INFO:The 'n' was the 6th character
2018-12-15 23:35:59,642:INFO:The 'g' was the 7th character
2018-12-15 23:35:59,642:INFO:

2018-12-15 23:35:59,642:INFO:The numbers in this password are: ['4']
2018-12-15 23:35:59,642:INFO:The '4' was the 2nd character
2018-12-15 23:35:59,642:INFO:

2018-12-15 23:35:59,642:INFO:The symbols in this password are: ['!']
2018-12-15 23:35:59,643:INFO:The '!' was the 5th character
2018-12-15 23:35:59,643:INFO:

2018-12-15 23:35:59,703:INFO:The length of 'T4st!ng' is 7
2018-12-15 23:35:59,704:INFO:As a list it looks like this ['T', '4', 's', 't', '!', 'n', 'g']
2018-12-15 23:35:59,704:INFO:The letters in this password are: ['T', 's', 't', 'n', 'g']
2018-12-15 23:35:59,704:INFO:The 'T' was the 1st character
2018-12-15 23:35:59,704:INFO:The 's' was the 3rd character
2018-12-15 23:35:59,704:INFO:The 't' was the 4th character
2018-12-15 23:35:59,704:INFO:The 'n' was the 6th character
2018-12-15 23:35:59,705:INFO:The 'g' was the 7th character
2018-12-15 23:35:59,705:INFO:

2018-12-15 23:35:59,705:INFO:The numbers in this password are: ['4']
2018-12-15 23:35:59,705:INFO:The '4' was the 2nd character
2018-12-15 23:35:59,705:INFO:

2018-12-15 23:35:59,705:INFO:The symbols in this password are: ['!']
2018-12-15 23:35:59,705:INFO:The '!' was the 5th character
2018-12-15 23:35:59,705:INFO:

2018-12-15 23:35:59,773:INFO:The length of 'T4st!ng' is 7
2018-12-15 23:35:59,774:INFO:As a list it looks like this ['T', '4', 's', 't', '!', 'n', 'g']
2018-12-15 23:35:59,774:INFO:The letters in this password are: ['T', 's', 't', 'n', 'g']
2018-12-15 23:35:59,774:INFO:The 'T' was the 1st character
2018-12-15 23:35:59,774:INFO:The 's' was the 3rd character
2018-12-15 23:35:59,774:INFO:The 't' was the 4th character
2018-12-15 23:35:59,774:INFO:The 'n' was the 6th character
2018-12-15 23:35:59,774:INFO:The 'g' was the 7th character
2018-12-15 23:35:59,775:INFO:

2018-12-15 23:35:59,775:INFO:The numbers in this password are: ['4']
2018-12-15 23:35:59,775:INFO:The '4' was the 2nd character
2018-12-15 23:35:59,775:INFO:

2018-12-15 23:35:59,775:INFO:The symbols in this password are: ['!']
2018-12-15 23:35:59,775:INFO:The '!' was the 5th character
2018-12-15 23:35:59,776:INFO:

2018-12-15 23:35:59,836:INFO:The length of 'T4st!ng' is 7
2018-12-15 23:35:59,837:INFO:As a list it looks like this ['T', '4', 's', 't', '!', 'n', 'g']
2018-12-15 23:35:59,837:INFO:The letters in this password are: ['T', 's', 't', 'n', 'g']
2018-12-15 23:35:59,837:INFO:The 'T' was the 1st character
2018-12-15 23:35:59,837:INFO:The 's' was the 3rd character
2018-12-15 23:35:59,838:INFO:The 't' was the 4th character
2018-12-15 23:35:59,838:INFO:The 'n' was the 6th character
2018-12-15 23:35:59,838:INFO:The 'g' was the 7th character
2018-12-15 23:35:59,838:INFO:

2018-12-15 23:35:59,838:INFO:The numbers in this password are: ['4']
2018-12-15 23:35:59,838:INFO:The '4' was the 2nd character
2018-12-15 23:35:59,838:INFO:

2018-12-15 23:35:59,839:INFO:The symbols in this password are: ['!']
2018-12-15 23:35:59,839:INFO:The '!' was the 5th character
2018-12-15 23:35:59,839:INFO:

2018-12-15 23:35:59,898:INFO:The length of 'T4st!ng' is 7
2018-12-15 23:35:59,899:INFO:As a list it looks like this ['T', '4', 's', 't', '!', 'n', 'g']
2018-12-15 23:35:59,899:INFO:The letters in this password are: ['T', 's', 't', 'n', 'g']
2018-12-15 23:35:59,899:INFO:The 'T' was the 1st character
2018-12-15 23:35:59,899:INFO:The 's' was the 3rd character
2018-12-15 23:35:59,899:INFO:The 't' was the 4th character
2018-12-15 23:35:59,899:INFO:The 'n' was the 6th character
2018-12-15 23:35:59,900:INFO:The 'g' was the 7th character
2018-12-15 23:35:59,900:INFO:

2018-12-15 23:35:59,900:INFO:The numbers in this password are: ['4']
2018-12-15 23:35:59,900:INFO:The '4' was the 2nd character
2018-12-15 23:35:59,900:INFO:

2018-12-15 23:35:59,900:INFO:The symbols in this password are: ['!']
2018-12-15 23:35:59,900:INFO:The '!' was the 5th character
2018-12-15 23:35:59,901:INFO:

2018-12-15 23:35:59,965:INFO:The length of 'T4st!ng' is 7
2018-12-15 23:35:59,966:INFO:As a list it looks like this ['T', '4', 's', 't', '!', 'n', 'g']
2018-12-15 23:35:59,966:INFO:The letters in this password are: ['T', 's', 't', 'n', 'g']
2018-12-15 23:35:59,966:INFO:The 'T' was the 1st character
2018-12-15 23:35:59,966:INFO:The 's' was the 3rd character
2018-12-15 23:35:59,966:INFO:The 't' was the 4th character
2018-12-15 23:35:59,966:INFO:The 'n' was the 6th character
2018-12-15 23:35:59,967:INFO:The 'g' was the 7th character
2018-12-15 23:35:59,967:INFO:

2018-12-15 23:35:59,967:INFO:The numbers in this password are: ['4']
2018-12-15 23:35:59,967:INFO:The '4' was the 2nd character
2018-12-15 23:35:59,967:INFO:

2018-12-15 23:35:59,968:INFO:The symbols in this password are: ['!']
2018-12-15 23:35:59,968:INFO:The '!' was the 5th character
2018-12-15 23:35:59,968:INFO:

2018-12-15 23:36:00,034:INFO:The length of 'T4st!ng' is 7
2018-12-15 23:36:00,034:INFO:As a list it looks like this ['T', '4', 's', 't', '!', 'n', 'g']
2018-12-15 23:36:00,034:INFO:The letters in this password are: ['T', 's', 't', 'n', 'g']
2018-12-15 23:36:00,035:INFO:The 'T' was the 1st character
2018-12-15 23:36:00,035:INFO:The 's' was the 3rd character
2018-12-15 23:36:00,035:INFO:The 't' was the 4th character
2018-12-15 23:36:00,035:INFO:The 'n' was the 6th character
2018-12-15 23:36:00,035:INFO:The 'g' was the 7th character
2018-12-15 23:36:00,035:INFO:

2018-12-15 23:36:00,035:INFO:The numbers in this password are: ['4']
2018-12-15 23:36:00,036:INFO:The '4' was the 2nd character
2018-12-15 23:36:00,036:INFO:

2018-12-15 23:36:00,036:INFO:The symbols in this password are: ['!']
2018-12-15 23:36:00,036:INFO:The '!' was the 5th character
2018-12-15 23:36:00,036:INFO:

2018-12-15 23:36:00,102:INFO:The length of 'T4st!ng' is 7
2018-12-15 23:36:00,102:INFO:As a list it looks like this ['T', '4', 's', 't', '!', 'n', 'g']
2018-12-15 23:36:00,103:INFO:The letters in this password are: ['T', 's', 't', 'n', 'g']
2018-12-15 23:36:00,103:INFO:The 'T' was the 1st character
2018-12-15 23:36:00,103:INFO:The 's' was the 3rd character
2018-12-15 23:36:00,103:INFO:The 't' was the 4th character
2018-12-15 23:36:00,103:INFO:The 'n' was the 6th character
2018-12-15 23:36:00,103:INFO:The 'g' was the 7th character
2018-12-15 23:36:00,103:INFO:

2018-12-15 23:36:00,103:INFO:The numbers in this password are: ['4']
2018-12-15 23:36:00,104:INFO:The '4' was the 2nd character
2018-12-15 23:36:00,104:INFO:

2018-12-15 23:36:00,104:INFO:The symbols in this password are: ['!']
2018-12-15 23:36:00,104:INFO:The '!' was the 5th character
2018-12-15 23:36:00,104:INFO:

2018-12-15 23:36:00,161:INFO:The length of 'T4st!ng' is 7
2018-12-15 23:36:00,162:INFO:As a list it looks like this ['T', '4', 's', 't', '!', 'n', 'g']
2018-12-15 23:36:00,162:INFO:The letters in this password are: ['T', 's', 't', 'n', 'g']
2018-12-15 23:36:00,162:INFO:The 'T' was the 1st character
2018-12-15 23:36:00,163:INFO:The 's' was the 3rd character
2018-12-15 23:36:00,163:INFO:The 't' was the 4th character
2018-12-15 23:36:00,163:INFO:The 'n' was the 6th character
2018-12-15 23:36:00,163:INFO:The 'g' was the 7th character
2018-12-15 23:36:00,163:INFO:

2018-12-15 23:36:00,163:INFO:The numbers in this password are: ['4']
2018-12-15 23:36:00,164:INFO:The '4' was the 2nd character
2018-12-15 23:36:00,164:INFO:

2018-12-15 23:36:00,164:INFO:The symbols in this password are: ['!']
2018-12-15 23:36:00,164:INFO:The '!' was the 5th character
2018-12-15 23:36:00,164:INFO:

2018-12-15 23:36:00,222:INFO:The length of 'T4st!ng' is 7
2018-12-15 23:36:00,223:INFO:As a list it looks like this ['T', '4', 's', 't', '!', 'n', 'g']
2018-12-15 23:36:00,223:INFO:The letters in this password are: ['T', 's', 't', 'n', 'g']
2018-12-15 23:36:00,224:INFO:The 'T' was the 1st character
2018-12-15 23:36:00,224:INFO:The 's' was the 3rd character
2018-12-15 23:36:00,224:INFO:The 't' was the 4th character
2018-12-15 23:36:00,224:INFO:The 'n' was the 6th character
2018-12-15 23:36:00,224:INFO:The 'g' was the 7th character
2018-12-15 23:36:00,224:INFO:

2018-12-15 23:36:00,225:INFO:The numbers in this password are: ['4']
2018-12-15 23:36:00,225:INFO:The '4' was the 2nd character
2018-12-15 23:36:00,225:INFO:

2018-12-15 23:36:00,225:INFO:The symbols in this password are: ['!']
2018-12-15 23:36:00,225:INFO:The '!' was the 5th character
2018-12-15 23:36:00,225:INFO:

2018-12-15 23:36:00,284:INFO:The length of 'T4st!ng' is 7
2018-12-15 23:36:00,285:INFO:As a list it looks like this ['T', '4', 's', 't', '!', 'n', 'g']
2018-12-15 23:36:00,285:INFO:The letters in this password are: ['T', 's', 't', 'n', 'g']
2018-12-15 23:36:00,285:INFO:The 'T' was the 1st character
2018-12-15 23:36:00,285:INFO:The 's' was the 3rd character
2018-12-15 23:36:00,285:INFO:The 't' was the 4th character
2018-12-15 23:36:00,285:INFO:The 'n' was the 6th character
2018-12-15 23:36:00,286:INFO:The 'g' was the 7th character
2018-12-15 23:36:00,286:INFO:

2018-12-15 23:36:00,286:INFO:The numbers in this password are: ['4']
2018-12-15 23:36:00,286:INFO:The '4' was the 2nd character
2018-12-15 23:36:00,286:INFO:

2018-12-15 23:36:00,286:INFO:The symbols in this password are: ['!']
2018-12-15 23:36:00,287:INFO:The '!' was the 5th character
2018-12-15 23:36:00,287:INFO:

2018-12-15 23:36:00,343:INFO:The length of 'T4st!ng' is 7
2018-12-15 23:36:00,344:INFO:As a list it looks like this ['T', '4', 's', 't', '!', 'n', 'g']
2018-12-15 23:36:00,344:INFO:The letters in this password are: ['T', 's', 't', 'n', 'g']
2018-12-15 23:36:00,344:INFO:The 'T' was the 1st character
2018-12-15 23:36:00,344:INFO:The 's' was the 3rd character
2018-12-15 23:36:00,344:INFO:The 't' was the 4th character
2018-12-15 23:36:00,344:INFO:The 'n' was the 6th character
2018-12-15 23:36:00,344:INFO:The 'g' was the 7th character
2018-12-15 23:36:00,345:INFO:

2018-12-15 23:36:00,345:INFO:The numbers in this password are: ['4']
2018-12-15 23:36:00,345:INFO:The '4' was the 2nd character
2018-12-15 23:36:00,345:INFO:

2018-12-15 23:36:00,345:INFO:The symbols in this password are: ['!']
2018-12-15 23:36:00,345:INFO:The '!' was the 5th character
2018-12-15 23:36:00,345:INFO:

2018-12-15 23:36:00,408:INFO:The length of 'T4st!ng' is 7
2018-12-15 23:36:00,409:INFO:As a list it looks like this ['T', '4', 's', 't', '!', 'n', 'g']
2018-12-15 23:36:00,409:INFO:The letters in this password are: ['T', 's', 't', 'n', 'g']
2018-12-15 23:36:00,409:INFO:The 'T' was the 1st character
2018-12-15 23:36:00,409:INFO:The 's' was the 3rd character
2018-12-15 23:36:00,409:INFO:The 't' was the 4th character
2018-12-15 23:36:00,410:INFO:The 'n' was the 6th character
2018-12-15 23:36:00,410:INFO:The 'g' was the 7th character
2018-12-15 23:36:00,410:INFO:

2018-12-15 23:36:00,410:INFO:The numbers in this password are: ['4']
2018-12-15 23:36:00,410:INFO:The '4' was the 2nd character
2018-12-15 23:36:00,410:INFO:

2018-12-15 23:36:00,410:INFO:The symbols in this password are: ['!']
2018-12-15 23:36:00,410:INFO:The '!' was the 5th character
2018-12-15 23:36:00,411:INFO:

2018-12-15 23:36:00,469:INFO:The length of 'T4st!ng' is 7
2018-12-15 23:36:00,470:INFO:As a list it looks like this ['T', '4', 's', 't', '!', 'n', 'g']
2018-12-15 23:36:00,470:INFO:The letters in this password are: ['T', 's', 't', 'n', 'g']
2018-12-15 23:36:00,470:INFO:The 'T' was the 1st character
2018-12-15 23:36:00,470:INFO:The 's' was the 3rd character
2018-12-15 23:36:00,471:INFO:The 't' was the 4th character
2018-12-15 23:36:00,471:INFO:The 'n' was the 6th character
2018-12-15 23:36:00,471:INFO:The 'g' was the 7th character
2018-12-15 23:36:00,471:INFO:

2018-12-15 23:36:00,471:INFO:The numbers in this password are: ['4']
2018-12-15 23:36:00,471:INFO:The '4' was the 2nd character
2018-12-15 23:36:00,471:INFO:

2018-12-15 23:36:00,472:INFO:The symbols in this password are: ['!']
2018-12-15 23:36:00,472:INFO:The '!' was the 5th character
2018-12-15 23:36:00,472:INFO:

2018-12-15 23:36:00,532:INFO:The length of 'T4st!ng' is 7
2018-12-15 23:36:00,532:INFO:As a list it looks like this ['T', '4', 's', 't', '!', 'n', 'g']
2018-12-15 23:36:00,532:INFO:The letters in this password are: ['T', 's', 't', 'n', 'g']
2018-12-15 23:36:00,532:INFO:The 'T' was the 1st character
2018-12-15 23:36:00,533:INFO:The 's' was the 3rd character
2018-12-15 23:36:00,533:INFO:The 't' was the 4th character
2018-12-15 23:36:00,533:INFO:The 'n' was the 6th character
2018-12-15 23:36:00,533:INFO:The 'g' was the 7th character
2018-12-15 23:36:00,533:INFO:

2018-12-15 23:36:00,533:INFO:The numbers in this password are: ['4']
2018-12-15 23:36:00,533:INFO:The '4' was the 2nd character
2018-12-15 23:36:00,533:INFO:

2018-12-15 23:36:00,534:INFO:The symbols in this password are: ['!']
2018-12-15 23:36:00,534:INFO:The '!' was the 5th character
2018-12-15 23:36:00,534:INFO:

2018-12-15 23:36:00,593:INFO:The length of 'T4st!ng' is 7
2018-12-15 23:36:00,593:INFO:As a list it looks like this ['T', '4', 's', 't', '!', 'n', 'g']
2018-12-15 23:36:00,594:INFO:The letters in this password are: ['T', 's', 't', 'n', 'g']
2018-12-15 23:36:00,594:INFO:The 'T' was the 1st character
2018-12-15 23:36:00,594:INFO:The 's' was the 3rd character
2018-12-15 23:36:00,594:INFO:The 't' was the 4th character
2018-12-15 23:36:00,594:INFO:The 'n' was the 6th character
2018-12-15 23:36:00,594:INFO:The 'g' was the 7th character
2018-12-15 23:36:00,594:INFO:

2018-12-15 23:36:00,595:INFO:The numbers in this password are: ['4']
2018-12-15 23:36:00,595:INFO:The '4' was the 2nd character
2018-12-15 23:36:00,595:INFO:

2018-12-15 23:36:00,595:INFO:The symbols in this password are: ['!']
2018-12-15 23:36:00,595:INFO:The '!' was the 5th character
2018-12-15 23:36:00,595:INFO:

2018-12-15 23:36:00,653:INFO:The length of 'T4st!ng' is 7
2018-12-15 23:36:00,654:INFO:As a list it looks like this ['T', '4', 's', 't', '!', 'n', 'g']
2018-12-15 23:36:00,654:INFO:The letters in this password are: ['T', 's', 't', 'n', 'g']
2018-12-15 23:36:00,654:INFO:The 'T' was the 1st character
2018-12-15 23:36:00,655:INFO:The 's' was the 3rd character
2018-12-15 23:36:00,655:INFO:The 't' was the 4th character
2018-12-15 23:36:00,655:INFO:The 'n' was the 6th character
2018-12-15 23:36:00,655:INFO:The 'g' was the 7th character
2018-12-15 23:36:00,655:INFO:

2018-12-15 23:36:00,655:INFO:The numbers in this password are: ['4']
2018-12-15 23:36:00,656:INFO:The '4' was the 2nd character
2018-12-15 23:36:00,656:INFO:

2018-12-15 23:36:00,656:INFO:The symbols in this password are: ['!']
2018-12-15 23:36:00,656:INFO:The '!' was the 5th character
2018-12-15 23:36:00,656:INFO:

2018-12-15 23:36:00,714:INFO:The length of 'T4st!ng' is 7
2018-12-15 23:36:00,714:INFO:As a list it looks like this ['T', '4', 's', 't', '!', 'n', 'g']
2018-12-15 23:36:00,714:INFO:The letters in this password are: ['T', 's', 't', 'n', 'g']
2018-12-15 23:36:00,715:INFO:The 'T' was the 1st character
2018-12-15 23:36:00,715:INFO:The 's' was the 3rd character
2018-12-15 23:36:00,715:INFO:The 't' was the 4th character
2018-12-15 23:36:00,715:INFO:The 'n' was the 6th character
2018-12-15 23:36:00,715:INFO:The 'g' was the 7th character
2018-12-15 23:36:00,715:INFO:

2018-12-15 23:36:00,715:INFO:The numbers in this password are: ['4']
2018-12-15 23:36:00,716:INFO:The '4' was the 2nd character
2018-12-15 23:36:00,716:INFO:

2018-12-15 23:36:00,716:INFO:The symbols in this password are: ['!']
2018-12-15 23:36:00,716:INFO:The '!' was the 5th character
2018-12-15 23:36:00,716:INFO:

2018-12-15 23:36:00,777:INFO:The length of 'T4st!ng' is 7
2018-12-15 23:36:00,778:INFO:As a list it looks like this ['T', '4', 's', 't', '!', 'n', 'g']
2018-12-15 23:36:00,778:INFO:The letters in this password are: ['T', 's', 't', 'n', 'g']
2018-12-15 23:36:00,778:INFO:The 'T' was the 1st character
2018-12-15 23:36:00,778:INFO:The 's' was the 3rd character
2018-12-15 23:36:00,778:INFO:The 't' was the 4th character
2018-12-15 23:36:00,778:INFO:The 'n' was the 6th character
2018-12-15 23:36:00,779:INFO:The 'g' was the 7th character
2018-12-15 23:36:00,779:INFO:

2018-12-15 23:36:00,779:INFO:The numbers in this password are: ['4']
2018-12-15 23:36:00,779:INFO:The '4' was the 2nd character
2018-12-15 23:36:00,779:INFO:

2018-12-15 23:36:00,779:INFO:The symbols in this password are: ['!']
2018-12-15 23:36:00,780:INFO:The '!' was the 5th character
2018-12-15 23:36:00,780:INFO:

2018-12-15 23:36:00,837:INFO:The length of 'T4st!ng' is 7
2018-12-15 23:36:00,838:INFO:As a list it looks like this ['T', '4', 's', 't', '!', 'n', 'g']
2018-12-15 23:36:00,838:INFO:The letters in this password are: ['T', 's', 't', 'n', 'g']
2018-12-15 23:36:00,838:INFO:The 'T' was the 1st character
2018-12-15 23:36:00,838:INFO:The 's' was the 3rd character
2018-12-15 23:36:00,838:INFO:The 't' was the 4th character
2018-12-15 23:36:00,839:INFO:The 'n' was the 6th character
2018-12-15 23:36:00,839:INFO:The 'g' was the 7th character
2018-12-15 23:36:00,839:INFO:

2018-12-15 23:36:00,839:INFO:The numbers in this password are: ['4']
2018-12-15 23:36:00,839:INFO:The '4' was the 2nd character
2018-12-15 23:36:00,839:INFO:

2018-12-15 23:36:00,839:INFO:The symbols in this password are: ['!']
2018-12-15 23:36:00,839:INFO:The '!' was the 5th character
2018-12-15 23:36:00,840:INFO:

2018-12-15 23:36:00,896:INFO:The length of 'T4st!ng' is 7
2018-12-15 23:36:00,896:INFO:As a list it looks like this ['T', '4', 's', 't', '!', 'n', 'g']
2018-12-15 23:36:00,896:INFO:The letters in this password are: ['T', 's', 't', 'n', 'g']
2018-12-15 23:36:00,897:INFO:The 'T' was the 1st character
2018-12-15 23:36:00,897:INFO:The 's' was the 3rd character
2018-12-15 23:36:00,897:INFO:The 't' was the 4th character
2018-12-15 23:36:00,897:INFO:The 'n' was the 6th character
2018-12-15 23:36:00,897:INFO:The 'g' was the 7th character
2018-12-15 23:36:00,898:INFO:

2018-12-15 23:36:00,898:INFO:The numbers in this password are: ['4']
2018-12-15 23:36:00,898:INFO:The '4' was the 2nd character
2018-12-15 23:36:00,898:INFO:

2018-12-15 23:36:00,898:INFO:The symbols in this password are: ['!']
2018-12-15 23:36:00,898:INFO:The '!' was the 5th character
2018-12-15 23:36:00,899:INFO:

2018-12-15 23:36:00,963:INFO:The length of 'T4st!ng' is 7
2018-12-15 23:36:00,964:INFO:As a list it looks like this ['T', '4', 's', 't', '!', 'n', 'g']
2018-12-15 23:36:00,964:INFO:The letters in this password are: ['T', 's', 't', 'n', 'g']
2018-12-15 23:36:00,964:INFO:The 'T' was the 1st character
2018-12-15 23:36:00,964:INFO:The 's' was the 3rd character
2018-12-15 23:36:00,965:INFO:The 't' was the 4th character
2018-12-15 23:36:00,965:INFO:The 'n' was the 6th character
2018-12-15 23:36:00,965:INFO:The 'g' was the 7th character
2018-12-15 23:36:00,965:INFO:

2018-12-15 23:36:00,965:INFO:The numbers in this password are: ['4']
2018-12-15 23:36:00,965:INFO:The '4' was the 2nd character
2018-12-15 23:36:00,966:INFO:

2018-12-15 23:36:00,966:INFO:The symbols in this password are: ['!']
2018-12-15 23:36:00,966:INFO:The '!' was the 5th character
2018-12-15 23:36:00,966:INFO:

2018-12-15 23:36:01,030:INFO:The length of 'T4st!ng' is 7
2018-12-15 23:36:01,031:INFO:As a list it looks like this ['T', '4', 's', 't', '!', 'n', 'g']
2018-12-15 23:36:01,031:INFO:The letters in this password are: ['T', 's', 't', 'n', 'g']
2018-12-15 23:36:01,031:INFO:The 'T' was the 1st character
2018-12-15 23:36:01,031:INFO:The 's' was the 3rd character
2018-12-15 23:36:01,031:INFO:The 't' was the 4th character
2018-12-15 23:36:01,031:INFO:The 'n' was the 6th character
2018-12-15 23:36:01,031:INFO:The 'g' was the 7th character
2018-12-15 23:36:01,032:INFO:

2018-12-15 23:36:01,032:INFO:The numbers in this password are: ['4']
2018-12-15 23:36:01,032:INFO:The '4' was the 2nd character
2018-12-15 23:36:01,032:INFO:

2018-12-15 23:36:01,032:INFO:The symbols in this password are: ['!']
2018-12-15 23:36:01,032:INFO:The '!' was the 5th character
2018-12-15 23:36:01,033:INFO:

2018-12-15 23:36:01,088:INFO:The length of 'T4st!ng' is 7
2018-12-15 23:36:01,088:INFO:As a list it looks like this ['T', '4', 's', 't', '!', 'n', 'g']
2018-12-15 23:36:01,088:INFO:The letters in this password are: ['T', 's', 't', 'n', 'g']
2018-12-15 23:36:01,088:INFO:The 'T' was the 1st character
2018-12-15 23:36:01,088:INFO:The 's' was the 3rd character
2018-12-15 23:36:01,089:INFO:The 't' was the 4th character
2018-12-15 23:36:01,089:INFO:The 'n' was the 6th character
2018-12-15 23:36:01,089:INFO:The 'g' was the 7th character
2018-12-15 23:36:01,089:INFO:

2018-12-15 23:36:01,089:INFO:The numbers in this password are: ['4']
2018-12-15 23:36:01,089:INFO:The '4' was the 2nd character
2018-12-15 23:36:01,089:INFO:

2018-12-15 23:36:01,090:INFO:The symbols in this password are: ['!']
2018-12-15 23:36:01,090:INFO:The '!' was the 5th character
2018-12-15 23:36:01,090:INFO:

2018-12-15 23:36:01,152:INFO:The length of 'T4st!ng' is 7
2018-12-15 23:36:01,152:INFO:As a list it looks like this ['T', '4', 's', 't', '!', 'n', 'g']
2018-12-15 23:36:01,153:INFO:The letters in this password are: ['T', 's', 't', 'n', 'g']
2018-12-15 23:36:01,153:INFO:The 'T' was the 1st character
2018-12-15 23:36:01,153:INFO:The 's' was the 3rd character
2018-12-15 23:36:01,153:INFO:The 't' was the 4th character
2018-12-15 23:36:01,153:INFO:The 'n' was the 6th character
2018-12-15 23:36:01,153:INFO:The 'g' was the 7th character
2018-12-15 23:36:01,153:INFO:

2018-12-15 23:36:01,153:INFO:The numbers in this password are: ['4']
2018-12-15 23:36:01,154:INFO:The '4' was the 2nd character
2018-12-15 23:36:01,154:INFO:

2018-12-15 23:36:01,154:INFO:The symbols in this password are: ['!']
2018-12-15 23:36:01,154:INFO:The '!' was the 5th character
2018-12-15 23:36:01,154:INFO:

2018-12-15 23:36:01,214:INFO:The length of 'T4st!ng' is 7
2018-12-15 23:36:01,215:INFO:As a list it looks like this ['T', '4', 's', 't', '!', 'n', 'g']
2018-12-15 23:36:01,215:INFO:The letters in this password are: ['T', 's', 't', 'n', 'g']
2018-12-15 23:36:01,215:INFO:The 'T' was the 1st character
2018-12-15 23:36:01,215:INFO:The 's' was the 3rd character
2018-12-15 23:36:01,215:INFO:The 't' was the 4th character
2018-12-15 23:36:01,216:INFO:The 'n' was the 6th character
2018-12-15 23:36:01,216:INFO:The 'g' was the 7th character
2018-12-15 23:36:01,216:INFO:

2018-12-15 23:36:01,216:INFO:The numbers in this password are: ['4']
2018-12-15 23:36:01,216:INFO:The '4' was the 2nd character
2018-12-15 23:36:01,216:INFO:

2018-12-15 23:36:01,217:INFO:The symbols in this password are: ['!']
2018-12-15 23:36:01,217:INFO:The '!' was the 5th character
2018-12-15 23:36:01,217:INFO:

2018-12-15 23:36:01,279:INFO:The length of 'T4st!ng' is 7
2018-12-15 23:36:01,280:INFO:As a list it looks like this ['T', '4', 's', 't', '!', 'n', 'g']
2018-12-15 23:36:01,280:INFO:The letters in this password are: ['T', 's', 't', 'n', 'g']
2018-12-15 23:36:01,280:INFO:The 'T' was the 1st character
2018-12-15 23:36:01,280:INFO:The 's' was the 3rd character
2018-12-15 23:36:01,280:INFO:The 't' was the 4th character
2018-12-15 23:36:01,280:INFO:The 'n' was the 6th character
2018-12-15 23:36:01,280:INFO:The 'g' was the 7th character
2018-12-15 23:36:01,281:INFO:

2018-12-15 23:36:01,281:INFO:The numbers in this password are: ['4']
2018-12-15 23:36:01,281:INFO:The '4' was the 2nd character
2018-12-15 23:36:01,281:INFO:

2018-12-15 23:36:01,281:INFO:The symbols in this password are: ['!']
2018-12-15 23:36:01,281:INFO:The '!' was the 5th character
2018-12-15 23:36:01,282:INFO:

2018-12-15 23:36:01,343:INFO:The length of 'T4st!ng' is 7
2018-12-15 23:36:01,344:INFO:As a list it looks like this ['T', '4', 's', 't', '!', 'n', 'g']
2018-12-15 23:36:01,344:INFO:The letters in this password are: ['T', 's', 't', 'n', 'g']
2018-12-15 23:36:01,344:INFO:The 'T' was the 1st character
2018-12-15 23:36:01,344:INFO:The 's' was the 3rd character
2018-12-15 23:36:01,344:INFO:The 't' was the 4th character
2018-12-15 23:36:01,344:INFO:The 'n' was the 6th character
2018-12-15 23:36:01,345:INFO:The 'g' was the 7th character
2018-12-15 23:36:01,345:INFO:

2018-12-15 23:36:01,345:INFO:The numbers in this password are: ['4']
2018-12-15 23:36:01,345:INFO:The '4' was the 2nd character
2018-12-15 23:36:01,345:INFO:

2018-12-15 23:36:01,345:INFO:The symbols in this password are: ['!']
2018-12-15 23:36:01,345:INFO:The '!' was the 5th character
2018-12-15 23:36:01,345:INFO:

2018-12-15 23:36:01,403:INFO:The length of 'T4st!ng' is 7
2018-12-15 23:36:01,403:INFO:As a list it looks like this ['T', '4', 's', 't', '!', 'n', 'g']
2018-12-15 23:36:01,403:INFO:The letters in this password are: ['T', 's', 't', 'n', 'g']
2018-12-15 23:36:01,404:INFO:The 'T' was the 1st character
2018-12-15 23:36:01,404:INFO:The 's' was the 3rd character
2018-12-15 23:36:01,404:INFO:The 't' was the 4th character
2018-12-15 23:36:01,404:INFO:The 'n' was the 6th character
2018-12-15 23:36:01,404:INFO:The 'g' was the 7th character
2018-12-15 23:36:01,404:INFO:

2018-12-15 23:36:01,404:INFO:The numbers in this password are: ['4']
2018-12-15 23:36:01,404:INFO:The '4' was the 2nd character
2018-12-15 23:36:01,405:INFO:

2018-12-15 23:36:01,405:INFO:The symbols in this password are: ['!']
2018-12-15 23:36:01,405:INFO:The '!' was the 5th character
2018-12-15 23:36:01,405:INFO:

2018-12-15 23:36:01,464:INFO:The length of 'T4st!ng' is 7
2018-12-15 23:36:01,465:INFO:As a list it looks like this ['T', '4', 's', 't', '!', 'n', 'g']
2018-12-15 23:36:01,465:INFO:The letters in this password are: ['T', 's', 't', 'n', 'g']
2018-12-15 23:36:01,465:INFO:The 'T' was the 1st character
2018-12-15 23:36:01,465:INFO:The 's' was the 3rd character
2018-12-15 23:36:01,465:INFO:The 't' was the 4th character
2018-12-15 23:36:01,465:INFO:The 'n' was the 6th character
2018-12-15 23:36:01,465:INFO:The 'g' was the 7th character
2018-12-15 23:36:01,466:INFO:

2018-12-15 23:36:01,466:INFO:The numbers in this password are: ['4']
2018-12-15 23:36:01,466:INFO:The '4' was the 2nd character
2018-12-15 23:36:01,466:INFO:

2018-12-15 23:36:01,466:INFO:The symbols in this password are: ['!']
2018-12-15 23:36:01,466:INFO:The '!' was the 5th character
2018-12-15 23:36:01,467:INFO:

2018-12-15 23:36:01,537:INFO:The length of 'T4st!ng' is 7
2018-12-15 23:36:01,538:INFO:As a list it looks like this ['T', '4', 's', 't', '!', 'n', 'g']
2018-12-15 23:36:01,538:INFO:The letters in this password are: ['T', 's', 't', 'n', 'g']
2018-12-15 23:36:01,538:INFO:The 'T' was the 1st character
2018-12-15 23:36:01,539:INFO:The 's' was the 3rd character
2018-12-15 23:36:01,539:INFO:The 't' was the 4th character
2018-12-15 23:36:01,539:INFO:The 'n' was the 6th character
2018-12-15 23:36:01,539:INFO:The 'g' was the 7th character
2018-12-15 23:36:01,539:INFO:

2018-12-15 23:36:01,539:INFO:The numbers in this password are: ['4']
2018-12-15 23:36:01,539:INFO:The '4' was the 2nd character
2018-12-15 23:36:01,540:INFO:

2018-12-15 23:36:01,540:INFO:The symbols in this password are: ['!']
2018-12-15 23:36:01,540:INFO:The '!' was the 5th character
2018-12-15 23:36:01,540:INFO:

2018-12-15 23:36:01,603:INFO:The length of 'T4st!ng' is 7
2018-12-15 23:36:01,603:INFO:As a list it looks like this ['T', '4', 's', 't', '!', 'n', 'g']
2018-12-15 23:36:01,604:INFO:The letters in this password are: ['T', 's', 't', 'n', 'g']
2018-12-15 23:36:01,604:INFO:The 'T' was the 1st character
2018-12-15 23:36:01,604:INFO:The 's' was the 3rd character
2018-12-15 23:36:01,604:INFO:The 't' was the 4th character
2018-12-15 23:36:01,604:INFO:The 'n' was the 6th character
2018-12-15 23:36:01,604:INFO:The 'g' was the 7th character
2018-12-15 23:36:01,605:INFO:

2018-12-15 23:36:01,605:INFO:The numbers in this password are: ['4']
2018-12-15 23:36:01,605:INFO:The '4' was the 2nd character
2018-12-15 23:36:01,605:INFO:

2018-12-15 23:36:01,605:INFO:The symbols in this password are: ['!']
2018-12-15 23:36:01,605:INFO:The '!' was the 5th character
2018-12-15 23:36:01,605:INFO:

2018-12-15 23:36:01,674:INFO:The length of 'T4st!ng' is 7
2018-12-15 23:36:01,674:INFO:As a list it looks like this ['T', '4', 's', 't', '!', 'n', 'g']
2018-12-15 23:36:01,675:INFO:The letters in this password are: ['T', 's', 't', 'n', 'g']
2018-12-15 23:36:01,675:INFO:The 'T' was the 1st character
2018-12-15 23:36:01,675:INFO:The 's' was the 3rd character
2018-12-15 23:36:01,675:INFO:The 't' was the 4th character
2018-12-15 23:36:01,675:INFO:The 'n' was the 6th character
2018-12-15 23:36:01,675:INFO:The 'g' was the 7th character
2018-12-15 23:36:01,675:INFO:

2018-12-15 23:36:01,676:INFO:The numbers in this password are: ['4']
2018-12-15 23:36:01,676:INFO:The '4' was the 2nd character
2018-12-15 23:36:01,676:INFO:

2018-12-15 23:36:01,676:INFO:The symbols in this password are: ['!']
2018-12-15 23:36:01,676:INFO:The '!' was the 5th character
2018-12-15 23:36:01,676:INFO:

2018-12-15 23:36:01,735:INFO:The length of 'T4st!ng' is 7
2018-12-15 23:36:01,735:INFO:As a list it looks like this ['T', '4', 's', 't', '!', 'n', 'g']
2018-12-15 23:36:01,735:INFO:The letters in this password are: ['T', 's', 't', 'n', 'g']
2018-12-15 23:36:01,735:INFO:The 'T' was the 1st character
2018-12-15 23:36:01,736:INFO:The 's' was the 3rd character
2018-12-15 23:36:01,736:INFO:The 't' was the 4th character
2018-12-15 23:36:01,736:INFO:The 'n' was the 6th character
2018-12-15 23:36:01,736:INFO:The 'g' was the 7th character
2018-12-15 23:36:01,736:INFO:

2018-12-15 23:36:01,736:INFO:The numbers in this password are: ['4']
2018-12-15 23:36:01,737:INFO:The '4' was the 2nd character
2018-12-15 23:36:01,737:INFO:

2018-12-15 23:36:01,737:INFO:The symbols in this password are: ['!']
2018-12-15 23:36:01,737:INFO:The '!' was the 5th character
2018-12-15 23:36:01,737:INFO:

2018-12-15 23:36:01,797:INFO:The length of 'T4st!ng' is 7
2018-12-15 23:36:01,798:INFO:As a list it looks like this ['T', '4', 's', 't', '!', 'n', 'g']
2018-12-15 23:36:01,798:INFO:The letters in this password are: ['T', 's', 't', 'n', 'g']
2018-12-15 23:36:01,798:INFO:The 'T' was the 1st character
2018-12-15 23:36:01,799:INFO:The 's' was the 3rd character
2018-12-15 23:36:01,799:INFO:The 't' was the 4th character
2018-12-15 23:36:01,799:INFO:The 'n' was the 6th character
2018-12-15 23:36:01,799:INFO:The 'g' was the 7th character
2018-12-15 23:36:01,799:INFO:

2018-12-15 23:36:01,799:INFO:The numbers in this password are: ['4']
2018-12-15 23:36:01,800:INFO:The '4' was the 2nd character
2018-12-15 23:36:01,800:INFO:

2018-12-15 23:36:01,800:INFO:The symbols in this password are: ['!']
2018-12-15 23:36:01,800:INFO:The '!' was the 5th character
2018-12-15 23:36:01,800:INFO:

2018-12-15 23:36:01,856:INFO:The length of 'T4st!ng' is 7
2018-12-15 23:36:01,857:INFO:As a list it looks like this ['T', '4', 's', 't', '!', 'n', 'g']
2018-12-15 23:36:01,857:INFO:The letters in this password are: ['T', 's', 't', 'n', 'g']
2018-12-15 23:36:01,857:INFO:The 'T' was the 1st character
2018-12-15 23:36:01,857:INFO:The 's' was the 3rd character
2018-12-15 23:36:01,857:INFO:The 't' was the 4th character
2018-12-15 23:36:01,857:INFO:The 'n' was the 6th character
2018-12-15 23:36:01,858:INFO:The 'g' was the 7th character
2018-12-15 23:36:01,858:INFO:

2018-12-15 23:36:01,858:INFO:The numbers in this password are: ['4']
2018-12-15 23:36:01,858:INFO:The '4' was the 2nd character
2018-12-15 23:36:01,858:INFO:

2018-12-15 23:36:01,858:INFO:The symbols in this password are: ['!']
2018-12-15 23:36:01,858:INFO:The '!' was the 5th character
2018-12-15 23:36:01,858:INFO:

2018-12-15 23:36:01,918:INFO:The length of 'T4st!ng' is 7
2018-12-15 23:36:01,919:INFO:As a list it looks like this ['T', '4', 's', 't', '!', 'n', 'g']
2018-12-15 23:36:01,919:INFO:The letters in this password are: ['T', 's', 't', 'n', 'g']
2018-12-15 23:36:01,919:INFO:The 'T' was the 1st character
2018-12-15 23:36:01,919:INFO:The 's' was the 3rd character
2018-12-15 23:36:01,919:INFO:The 't' was the 4th character
2018-12-15 23:36:01,919:INFO:The 'n' was the 6th character
2018-12-15 23:36:01,920:INFO:The 'g' was the 7th character
2018-12-15 23:36:01,920:INFO:

2018-12-15 23:36:01,920:INFO:The numbers in this password are: ['4']
2018-12-15 23:36:01,920:INFO:The '4' was the 2nd character
2018-12-15 23:36:01,920:INFO:

2018-12-15 23:36:01,920:INFO:The symbols in this password are: ['!']
2018-12-15 23:36:01,921:INFO:The '!' was the 5th character
2018-12-15 23:36:01,921:INFO:

2018-12-15 23:36:01,981:INFO:The length of 'T4st!ng' is 7
2018-12-15 23:36:01,982:INFO:As a list it looks like this ['T', '4', 's', 't', '!', 'n', 'g']
2018-12-15 23:36:01,982:INFO:The letters in this password are: ['T', 's', 't', 'n', 'g']
2018-12-15 23:36:01,983:INFO:The 'T' was the 1st character
2018-12-15 23:36:01,983:INFO:The 's' was the 3rd character
2018-12-15 23:36:01,983:INFO:The 't' was the 4th character
2018-12-15 23:36:01,983:INFO:The 'n' was the 6th character
2018-12-15 23:36:01,983:INFO:The 'g' was the 7th character
2018-12-15 23:36:01,983:INFO:

2018-12-15 23:36:01,983:INFO:The numbers in this password are: ['4']
2018-12-15 23:36:01,983:INFO:The '4' was the 2nd character
2018-12-15 23:36:01,984:INFO:

2018-12-15 23:36:01,984:INFO:The symbols in this password are: ['!']
2018-12-15 23:36:01,984:INFO:The '!' was the 5th character
2018-12-15 23:36:01,984:INFO:

2018-12-15 23:36:02,046:INFO:The length of 'T4st!ng' is 7
2018-12-15 23:36:02,047:INFO:As a list it looks like this ['T', '4', 's', 't', '!', 'n', 'g']
2018-12-15 23:36:02,047:INFO:The letters in this password are: ['T', 's', 't', 'n', 'g']
2018-12-15 23:36:02,048:INFO:The 'T' was the 1st character
2018-12-15 23:36:02,048:INFO:The 's' was the 3rd character
2018-12-15 23:36:02,048:INFO:The 't' was the 4th character
2018-12-15 23:36:02,048:INFO:The 'n' was the 6th character
2018-12-15 23:36:02,048:INFO:The 'g' was the 7th character
2018-12-15 23:36:02,048:INFO:

2018-12-15 23:36:02,048:INFO:The numbers in this password are: ['4']
2018-12-15 23:36:02,048:INFO:The '4' was the 2nd character
2018-12-15 23:36:02,049:INFO:

2018-12-15 23:36:02,049:INFO:The symbols in this password are: ['!']
2018-12-15 23:36:02,049:INFO:The '!' was the 5th character
2018-12-15 23:36:02,049:INFO:

2018-12-15 23:36:02,106:INFO:The length of 'T4st!ng' is 7
2018-12-15 23:36:02,107:INFO:As a list it looks like this ['T', '4', 's', 't', '!', 'n', 'g']
2018-12-15 23:36:02,107:INFO:The letters in this password are: ['T', 's', 't', 'n', 'g']
2018-12-15 23:36:02,107:INFO:The 'T' was the 1st character
2018-12-15 23:36:02,107:INFO:The 's' was the 3rd character
2018-12-15 23:36:02,107:INFO:The 't' was the 4th character
2018-12-15 23:36:02,108:INFO:The 'n' was the 6th character
2018-12-15 23:36:02,108:INFO:The 'g' was the 7th character
2018-12-15 23:36:02,108:INFO:

2018-12-15 23:36:02,108:INFO:The numbers in this password are: ['4']
2018-12-15 23:36:02,108:INFO:The '4' was the 2nd character
2018-12-15 23:36:02,108:INFO:

2018-12-15 23:36:02,108:INFO:The symbols in this password are: ['!']
2018-12-15 23:36:02,109:INFO:The '!' was the 5th character
2018-12-15 23:36:02,109:INFO:

2018-12-15 23:36:02,169:INFO:The length of 'T4st!ng' is 7
2018-12-15 23:36:02,170:INFO:As a list it looks like this ['T', '4', 's', 't', '!', 'n', 'g']
2018-12-15 23:36:02,170:INFO:The letters in this password are: ['T', 's', 't', 'n', 'g']
2018-12-15 23:36:02,170:INFO:The 'T' was the 1st character
2018-12-15 23:36:02,170:INFO:The 's' was the 3rd character
2018-12-15 23:36:02,170:INFO:The 't' was the 4th character
2018-12-15 23:36:02,170:INFO:The 'n' was the 6th character
2018-12-15 23:36:02,171:INFO:The 'g' was the 7th character
2018-12-15 23:36:02,171:INFO:

2018-12-15 23:36:02,171:INFO:The numbers in this password are: ['4']
2018-12-15 23:36:02,171:INFO:The '4' was the 2nd character
2018-12-15 23:36:02,171:INFO:

2018-12-15 23:36:02,171:INFO:The symbols in this password are: ['!']
2018-12-15 23:36:02,172:INFO:The '!' was the 5th character
2018-12-15 23:36:02,172:INFO:

2018-12-15 23:36:02,228:INFO:The length of 'T4st!ng' is 7
2018-12-15 23:36:02,229:INFO:As a list it looks like this ['T', '4', 's', 't', '!', 'n', 'g']
2018-12-15 23:36:02,229:INFO:The letters in this password are: ['T', 's', 't', 'n', 'g']
2018-12-15 23:36:02,230:INFO:The 'T' was the 1st character
2018-12-15 23:36:02,230:INFO:The 's' was the 3rd character
2018-12-15 23:36:02,230:INFO:The 't' was the 4th character
2018-12-15 23:36:02,230:INFO:The 'n' was the 6th character
2018-12-15 23:36:02,231:INFO:The 'g' was the 7th character
2018-12-15 23:36:02,231:INFO:

2018-12-15 23:36:02,231:INFO:The numbers in this password are: ['4']
2018-12-15 23:36:02,231:INFO:The '4' was the 2nd character
2018-12-15 23:36:02,231:INFO:

2018-12-15 23:36:02,232:INFO:The symbols in this password are: ['!']
2018-12-15 23:36:02,232:INFO:The '!' was the 5th character
2018-12-15 23:36:02,232:INFO:

2018-12-15 23:36:02,290:INFO:The length of 'T4st!ng' is 7
2018-12-15 23:36:02,290:INFO:As a list it looks like this ['T', '4', 's', 't', '!', 'n', 'g']
2018-12-15 23:36:02,291:INFO:The letters in this password are: ['T', 's', 't', 'n', 'g']
2018-12-15 23:36:02,291:INFO:The 'T' was the 1st character
2018-12-15 23:36:02,291:INFO:The 's' was the 3rd character
2018-12-15 23:36:02,291:INFO:The 't' was the 4th character
2018-12-15 23:36:02,291:INFO:The 'n' was the 6th character
2018-12-15 23:36:02,291:INFO:The 'g' was the 7th character
2018-12-15 23:36:02,291:INFO:

2018-12-15 23:36:02,291:INFO:The numbers in this password are: ['4']
2018-12-15 23:36:02,292:INFO:The '4' was the 2nd character
2018-12-15 23:36:02,292:INFO:

2018-12-15 23:36:02,292:INFO:The symbols in this password are: ['!']
2018-12-15 23:36:02,292:INFO:The '!' was the 5th character
2018-12-15 23:36:02,292:INFO:

2018-12-15 23:36:02,358:INFO:The length of 'T4st!ng' is 7
2018-12-15 23:36:02,358:INFO:As a list it looks like this ['T', '4', 's', 't', '!', 'n', 'g']
2018-12-15 23:36:02,358:INFO:The letters in this password are: ['T', 's', 't', 'n', 'g']
2018-12-15 23:36:02,358:INFO:The 'T' was the 1st character
2018-12-15 23:36:02,359:INFO:The 's' was the 3rd character
2018-12-15 23:36:02,359:INFO:The 't' was the 4th character
2018-12-15 23:36:02,359:INFO:The 'n' was the 6th character
2018-12-15 23:36:02,359:INFO:The 'g' was the 7th character
2018-12-15 23:36:02,359:INFO:

2018-12-15 23:36:02,359:INFO:The numbers in this password are: ['4']
2018-12-15 23:36:02,359:INFO:The '4' was the 2nd character
2018-12-15 23:36:02,360:INFO:

2018-12-15 23:36:02,360:INFO:The symbols in this password are: ['!']
2018-12-15 23:36:02,360:INFO:The '!' was the 5th character
2018-12-15 23:36:02,360:INFO:

2018-12-15 23:36:02,420:INFO:The length of 'T4st!ng' is 7
2018-12-15 23:36:02,421:INFO:As a list it looks like this ['T', '4', 's', 't', '!', 'n', 'g']
2018-12-15 23:36:02,421:INFO:The letters in this password are: ['T', 's', 't', 'n', 'g']
2018-12-15 23:36:02,421:INFO:The 'T' was the 1st character
2018-12-15 23:36:02,422:INFO:The 's' was the 3rd character
2018-12-15 23:36:02,422:INFO:The 't' was the 4th character
2018-12-15 23:36:02,422:INFO:The 'n' was the 6th character
2018-12-15 23:36:02,422:INFO:The 'g' was the 7th character
2018-12-15 23:36:02,422:INFO:

2018-12-15 23:36:02,422:INFO:The numbers in this password are: ['4']
2018-12-15 23:36:02,423:INFO:The '4' was the 2nd character
2018-12-15 23:36:02,423:INFO:

2018-12-15 23:36:02,423:INFO:The symbols in this password are: ['!']
2018-12-15 23:36:02,423:INFO:The '!' was the 5th character
2018-12-15 23:36:02,423:INFO:

2018-12-15 23:36:02,490:INFO:The length of 'T4st!ng' is 7
2018-12-15 23:36:02,491:INFO:As a list it looks like this ['T', '4', 's', 't', '!', 'n', 'g']
2018-12-15 23:36:02,491:INFO:The letters in this password are: ['T', 's', 't', 'n', 'g']
2018-12-15 23:36:02,491:INFO:The 'T' was the 1st character
2018-12-15 23:36:02,491:INFO:The 's' was the 3rd character
2018-12-15 23:36:02,492:INFO:The 't' was the 4th character
2018-12-15 23:36:02,492:INFO:The 'n' was the 6th character
2018-12-15 23:36:02,492:INFO:The 'g' was the 7th character
2018-12-15 23:36:02,492:INFO:

2018-12-15 23:36:02,492:INFO:The numbers in this password are: ['4']
2018-12-15 23:36:02,492:INFO:The '4' was the 2nd character
2018-12-15 23:36:02,492:INFO:

2018-12-15 23:36:02,493:INFO:The symbols in this password are: ['!']
2018-12-15 23:36:02,493:INFO:The '!' was the 5th character
2018-12-15 23:36:02,493:INFO:

2018-12-15 23:36:02,559:INFO:The length of 'T4st!ng' is 7
2018-12-15 23:36:02,560:INFO:As a list it looks like this ['T', '4', 's', 't', '!', 'n', 'g']
2018-12-15 23:36:02,560:INFO:The letters in this password are: ['T', 's', 't', 'n', 'g']
2018-12-15 23:36:02,560:INFO:The 'T' was the 1st character
2018-12-15 23:36:02,560:INFO:The 's' was the 3rd character
2018-12-15 23:36:02,560:INFO:The 't' was the 4th character
2018-12-15 23:36:02,561:INFO:The 'n' was the 6th character
2018-12-15 23:36:02,561:INFO:The 'g' was the 7th character
2018-12-15 23:36:02,561:INFO:

2018-12-15 23:36:02,561:INFO:The numbers in this password are: ['4']
2018-12-15 23:36:02,561:INFO:The '4' was the 2nd character
2018-12-15 23:36:02,561:INFO:

2018-12-15 23:36:02,562:INFO:The symbols in this password are: ['!']
2018-12-15 23:36:02,562:INFO:The '!' was the 5th character
2018-12-15 23:36:02,562:INFO:

2018-12-15 23:36:02,634:INFO:The length of 'T4st!ng' is 7
2018-12-15 23:36:02,634:INFO:As a list it looks like this ['T', '4', 's', 't', '!', 'n', 'g']
2018-12-15 23:36:02,635:INFO:The letters in this password are: ['T', 's', 't', 'n', 'g']
2018-12-15 23:36:02,635:INFO:The 'T' was the 1st character
2018-12-15 23:36:02,635:INFO:The 's' was the 3rd character
2018-12-15 23:36:02,635:INFO:The 't' was the 4th character
2018-12-15 23:36:02,635:INFO:The 'n' was the 6th character
2018-12-15 23:36:02,635:INFO:The 'g' was the 7th character
2018-12-15 23:36:02,636:INFO:

2018-12-15 23:36:02,636:INFO:The numbers in this password are: ['4']
2018-12-15 23:36:02,636:INFO:The '4' was the 2nd character
2018-12-15 23:36:02,636:INFO:

2018-12-15 23:36:02,636:INFO:The symbols in this password are: ['!']
2018-12-15 23:36:02,636:INFO:The '!' was the 5th character
2018-12-15 23:36:02,636:INFO:

2018-12-15 23:36:02,696:INFO:The length of 'T4st!ng' is 7
2018-12-15 23:36:02,697:INFO:As a list it looks like this ['T', '4', 's', 't', '!', 'n', 'g']
2018-12-15 23:36:02,697:INFO:The letters in this password are: ['T', 's', 't', 'n', 'g']
2018-12-15 23:36:02,697:INFO:The 'T' was the 1st character
2018-12-15 23:36:02,698:INFO:The 's' was the 3rd character
2018-12-15 23:36:02,698:INFO:The 't' was the 4th character
2018-12-15 23:36:02,698:INFO:The 'n' was the 6th character
2018-12-15 23:36:02,698:INFO:The 'g' was the 7th character
2018-12-15 23:36:02,698:INFO:

2018-12-15 23:36:02,698:INFO:The numbers in this password are: ['4']
2018-12-15 23:36:02,698:INFO:The '4' was the 2nd character
2018-12-15 23:36:02,698:INFO:

2018-12-15 23:36:02,699:INFO:The symbols in this password are: ['!']
2018-12-15 23:36:02,699:INFO:The '!' was the 5th character
2018-12-15 23:36:02,699:INFO:

2018-12-15 23:36:02,755:INFO:The length of 'T4st!ng' is 7
2018-12-15 23:36:02,755:INFO:As a list it looks like this ['T', '4', 's', 't', '!', 'n', 'g']
2018-12-15 23:36:02,755:INFO:The letters in this password are: ['T', 's', 't', 'n', 'g']
2018-12-15 23:36:02,755:INFO:The 'T' was the 1st character
2018-12-15 23:36:02,756:INFO:The 's' was the 3rd character
2018-12-15 23:36:02,756:INFO:The 't' was the 4th character
2018-12-15 23:36:02,756:INFO:The 'n' was the 6th character
2018-12-15 23:36:02,756:INFO:The 'g' was the 7th character
2018-12-15 23:36:02,756:INFO:

2018-12-15 23:36:02,756:INFO:The numbers in this password are: ['4']
2018-12-15 23:36:02,756:INFO:The '4' was the 2nd character
2018-12-15 23:36:02,757:INFO:

2018-12-15 23:36:02,757:INFO:The symbols in this password are: ['!']
2018-12-15 23:36:02,757:INFO:The '!' was the 5th character
2018-12-15 23:36:02,757:INFO:

2018-12-15 23:36:02,813:INFO:The length of 'T4st!ng' is 7
2018-12-15 23:36:02,814:INFO:As a list it looks like this ['T', '4', 's', 't', '!', 'n', 'g']
2018-12-15 23:36:02,814:INFO:The letters in this password are: ['T', 's', 't', 'n', 'g']
2018-12-15 23:36:02,815:INFO:The 'T' was the 1st character
2018-12-15 23:36:02,815:INFO:The 's' was the 3rd character
2018-12-15 23:36:02,815:INFO:The 't' was the 4th character
2018-12-15 23:36:02,815:INFO:The 'n' was the 6th character
2018-12-15 23:36:02,815:INFO:The 'g' was the 7th character
2018-12-15 23:36:02,815:INFO:

2018-12-15 23:36:02,815:INFO:The numbers in this password are: ['4']
2018-12-15 23:36:02,816:INFO:The '4' was the 2nd character
2018-12-15 23:36:02,816:INFO:

2018-12-15 23:36:02,816:INFO:The symbols in this password are: ['!']
2018-12-15 23:36:02,816:INFO:The '!' was the 5th character
2018-12-15 23:36:02,816:INFO:

2018-12-15 23:36:02,877:INFO:The length of 'T4st!ng' is 7
2018-12-15 23:36:02,878:INFO:As a list it looks like this ['T', '4', 's', 't', '!', 'n', 'g']
2018-12-15 23:36:02,878:INFO:The letters in this password are: ['T', 's', 't', 'n', 'g']
2018-12-15 23:36:02,878:INFO:The 'T' was the 1st character
2018-12-15 23:36:02,878:INFO:The 's' was the 3rd character
2018-12-15 23:36:02,878:INFO:The 't' was the 4th character
2018-12-15 23:36:02,878:INFO:The 'n' was the 6th character
2018-12-15 23:36:02,878:INFO:The 'g' was the 7th character
2018-12-15 23:36:02,879:INFO:

2018-12-15 23:36:02,879:INFO:The numbers in this password are: ['4']
2018-12-15 23:36:02,879:INFO:The '4' was the 2nd character
2018-12-15 23:36:02,879:INFO:

2018-12-15 23:36:02,879:INFO:The symbols in this password are: ['!']
2018-12-15 23:36:02,879:INFO:The '!' was the 5th character
2018-12-15 23:36:02,879:INFO:

2018-12-15 23:36:02,936:INFO:The length of 'T4st!ng' is 7
2018-12-15 23:36:02,936:INFO:As a list it looks like this ['T', '4', 's', 't', '!', 'n', 'g']
2018-12-15 23:36:02,937:INFO:The letters in this password are: ['T', 's', 't', 'n', 'g']
2018-12-15 23:36:02,937:INFO:The 'T' was the 1st character
2018-12-15 23:36:02,937:INFO:The 's' was the 3rd character
2018-12-15 23:36:02,937:INFO:The 't' was the 4th character
2018-12-15 23:36:02,937:INFO:The 'n' was the 6th character
2018-12-15 23:36:02,937:INFO:The 'g' was the 7th character
2018-12-15 23:36:02,938:INFO:

2018-12-15 23:36:02,938:INFO:The numbers in this password are: ['4']
2018-12-15 23:36:02,938:INFO:The '4' was the 2nd character
2018-12-15 23:36:02,938:INFO:

2018-12-15 23:36:02,938:INFO:The symbols in this password are: ['!']
2018-12-15 23:36:02,938:INFO:The '!' was the 5th character
2018-12-15 23:36:02,938:INFO:

2018-12-15 23:36:03,002:INFO:The length of 'T4st!ng' is 7
2018-12-15 23:36:03,003:INFO:As a list it looks like this ['T', '4', 's', 't', '!', 'n', 'g']
2018-12-15 23:36:03,003:INFO:The letters in this password are: ['T', 's', 't', 'n', 'g']
2018-12-15 23:36:03,003:INFO:The 'T' was the 1st character
2018-12-15 23:36:03,003:INFO:The 's' was the 3rd character
2018-12-15 23:36:03,003:INFO:The 't' was the 4th character
2018-12-15 23:36:03,003:INFO:The 'n' was the 6th character
2018-12-15 23:36:03,003:INFO:The 'g' was the 7th character
2018-12-15 23:36:03,004:INFO:

2018-12-15 23:36:03,004:INFO:The numbers in this password are: ['4']
2018-12-15 23:36:03,004:INFO:The '4' was the 2nd character
2018-12-15 23:36:03,004:INFO:

2018-12-15 23:36:03,004:INFO:The symbols in this password are: ['!']
2018-12-15 23:36:03,004:INFO:The '!' was the 5th character
2018-12-15 23:36:03,004:INFO:

2018-12-15 23:36:03,069:INFO:The length of 'T4st!ng' is 7
2018-12-15 23:36:03,069:INFO:As a list it looks like this ['T', '4', 's', 't', '!', 'n', 'g']
2018-12-15 23:36:03,069:INFO:The letters in this password are: ['T', 's', 't', 'n', 'g']
2018-12-15 23:36:03,070:INFO:The 'T' was the 1st character
2018-12-15 23:36:03,070:INFO:The 's' was the 3rd character
2018-12-15 23:36:03,070:INFO:The 't' was the 4th character
2018-12-15 23:36:03,070:INFO:The 'n' was the 6th character
2018-12-15 23:36:03,070:INFO:The 'g' was the 7th character
2018-12-15 23:36:03,071:INFO:

2018-12-15 23:36:03,071:INFO:The numbers in this password are: ['4']
2018-12-15 23:36:03,071:INFO:The '4' was the 2nd character
2018-12-15 23:36:03,071:INFO:

2018-12-15 23:36:03,071:INFO:The symbols in this password are: ['!']
2018-12-15 23:36:03,071:INFO:The '!' was the 5th character
2018-12-15 23:36:03,072:INFO:

2018-12-15 23:36:03,127:INFO:The length of 'T4st!ng' is 7
2018-12-15 23:36:03,128:INFO:As a list it looks like this ['T', '4', 's', 't', '!', 'n', 'g']
2018-12-15 23:36:03,128:INFO:The letters in this password are: ['T', 's', 't', 'n', 'g']
2018-12-15 23:36:03,128:INFO:The 'T' was the 1st character
2018-12-15 23:36:03,128:INFO:The 's' was the 3rd character
2018-12-15 23:36:03,128:INFO:The 't' was the 4th character
2018-12-15 23:36:03,128:INFO:The 'n' was the 6th character
2018-12-15 23:36:03,129:INFO:The 'g' was the 7th character
2018-12-15 23:36:03,129:INFO:

2018-12-15 23:36:03,129:INFO:The numbers in this password are: ['4']
2018-12-15 23:36:03,129:INFO:The '4' was the 2nd character
2018-12-15 23:36:03,129:INFO:

2018-12-15 23:36:03,129:INFO:The symbols in this password are: ['!']
2018-12-15 23:36:03,129:INFO:The '!' was the 5th character
2018-12-15 23:36:03,129:INFO:

2018-12-15 23:36:03,190:INFO:The length of 'T4st!ng' is 7
2018-12-15 23:36:03,190:INFO:As a list it looks like this ['T', '4', 's', 't', '!', 'n', 'g']
2018-12-15 23:36:03,190:INFO:The letters in this password are: ['T', 's', 't', 'n', 'g']
2018-12-15 23:36:03,190:INFO:The 'T' was the 1st character
2018-12-15 23:36:03,191:INFO:The 's' was the 3rd character
2018-12-15 23:36:03,191:INFO:The 't' was the 4th character
2018-12-15 23:36:03,191:INFO:The 'n' was the 6th character
2018-12-15 23:36:03,191:INFO:The 'g' was the 7th character
2018-12-15 23:36:03,191:INFO:

2018-12-15 23:36:03,191:INFO:The numbers in this password are: ['4']
2018-12-15 23:36:03,191:INFO:The '4' was the 2nd character
2018-12-15 23:36:03,192:INFO:

2018-12-15 23:36:03,192:INFO:The symbols in this password are: ['!']
2018-12-15 23:36:03,192:INFO:The '!' was the 5th character
2018-12-15 23:36:03,192:INFO:

2018-12-15 23:36:03,253:INFO:The length of 'T4st!ng' is 7
2018-12-15 23:36:03,253:INFO:As a list it looks like this ['T', '4', 's', 't', '!', 'n', 'g']
2018-12-15 23:36:03,254:INFO:The letters in this password are: ['T', 's', 't', 'n', 'g']
2018-12-15 23:36:03,254:INFO:The 'T' was the 1st character
2018-12-15 23:36:03,254:INFO:The 's' was the 3rd character
2018-12-15 23:36:03,254:INFO:The 't' was the 4th character
2018-12-15 23:36:03,254:INFO:The 'n' was the 6th character
2018-12-15 23:36:03,254:INFO:The 'g' was the 7th character
2018-12-15 23:36:03,254:INFO:

2018-12-15 23:36:03,254:INFO:The numbers in this password are: ['4']
2018-12-15 23:36:03,254:INFO:The '4' was the 2nd character
2018-12-15 23:36:03,255:INFO:

2018-12-15 23:36:03,255:INFO:The symbols in this password are: ['!']
2018-12-15 23:36:03,255:INFO:The '!' was the 5th character
2018-12-15 23:36:03,255:INFO:

2018-12-15 23:36:03,312:INFO:The length of 'T4st!ng' is 7
2018-12-15 23:36:03,313:INFO:As a list it looks like this ['T', '4', 's', 't', '!', 'n', 'g']
2018-12-15 23:36:03,313:INFO:The letters in this password are: ['T', 's', 't', 'n', 'g']
2018-12-15 23:36:03,313:INFO:The 'T' was the 1st character
2018-12-15 23:36:03,313:INFO:The 's' was the 3rd character
2018-12-15 23:36:03,313:INFO:The 't' was the 4th character
2018-12-15 23:36:03,313:INFO:The 'n' was the 6th character
2018-12-15 23:36:03,314:INFO:The 'g' was the 7th character
2018-12-15 23:36:03,314:INFO:

2018-12-15 23:36:03,314:INFO:The numbers in this password are: ['4']
2018-12-15 23:36:03,314:INFO:The '4' was the 2nd character
2018-12-15 23:36:03,314:INFO:

2018-12-15 23:36:03,314:INFO:The symbols in this password are: ['!']
2018-12-15 23:36:03,315:INFO:The '!' was the 5th character
2018-12-15 23:36:03,315:INFO:

2018-12-15 23:36:03,375:INFO:The length of 'T4st!ng' is 7
2018-12-15 23:36:03,375:INFO:As a list it looks like this ['T', '4', 's', 't', '!', 'n', 'g']
2018-12-15 23:36:03,376:INFO:The letters in this password are: ['T', 's', 't', 'n', 'g']
2018-12-15 23:36:03,376:INFO:The 'T' was the 1st character
2018-12-15 23:36:03,376:INFO:The 's' was the 3rd character
2018-12-15 23:36:03,376:INFO:The 't' was the 4th character
2018-12-15 23:36:03,377:INFO:The 'n' was the 6th character
2018-12-15 23:36:03,377:INFO:The 'g' was the 7th character
2018-12-15 23:36:03,377:INFO:

2018-12-15 23:36:03,377:INFO:The numbers in this password are: ['4']
2018-12-15 23:36:03,377:INFO:The '4' was the 2nd character
2018-12-15 23:36:03,377:INFO:

2018-12-15 23:36:03,378:INFO:The symbols in this password are: ['!']
2018-12-15 23:36:03,378:INFO:The '!' was the 5th character
2018-12-15 23:36:03,378:INFO:

2018-12-15 23:36:03,435:INFO:The length of 'T4st!ng' is 7
2018-12-15 23:36:03,436:INFO:As a list it looks like this ['T', '4', 's', 't', '!', 'n', 'g']
2018-12-15 23:36:03,436:INFO:The letters in this password are: ['T', 's', 't', 'n', 'g']
2018-12-15 23:36:03,436:INFO:The 'T' was the 1st character
2018-12-15 23:36:03,436:INFO:The 's' was the 3rd character
2018-12-15 23:36:03,436:INFO:The 't' was the 4th character
2018-12-15 23:36:03,436:INFO:The 'n' was the 6th character
2018-12-15 23:36:03,437:INFO:The 'g' was the 7th character
2018-12-15 23:36:03,437:INFO:

2018-12-15 23:36:03,437:INFO:The numbers in this password are: ['4']
2018-12-15 23:36:03,437:INFO:The '4' was the 2nd character
2018-12-15 23:36:03,437:INFO:

2018-12-15 23:36:03,437:INFO:The symbols in this password are: ['!']
2018-12-15 23:36:03,437:INFO:The '!' was the 5th character
2018-12-15 23:36:03,438:INFO:

2018-12-15 23:36:03,497:INFO:The length of 'T4st!ng' is 7
2018-12-15 23:36:03,497:INFO:As a list it looks like this ['T', '4', 's', 't', '!', 'n', 'g']
2018-12-15 23:36:03,497:INFO:The letters in this password are: ['T', 's', 't', 'n', 'g']
2018-12-15 23:36:03,497:INFO:The 'T' was the 1st character
2018-12-15 23:36:03,498:INFO:The 's' was the 3rd character
2018-12-15 23:36:03,498:INFO:The 't' was the 4th character
2018-12-15 23:36:03,498:INFO:The 'n' was the 6th character
2018-12-15 23:36:03,498:INFO:The 'g' was the 7th character
2018-12-15 23:36:03,498:INFO:

2018-12-15 23:36:03,498:INFO:The numbers in this password are: ['4']
2018-12-15 23:36:03,498:INFO:The '4' was the 2nd character
2018-12-15 23:36:03,498:INFO:

2018-12-15 23:36:03,498:INFO:The symbols in this password are: ['!']
2018-12-15 23:36:03,499:INFO:The '!' was the 5th character
2018-12-15 23:36:03,499:INFO:

2018-12-15 23:36:03,558:INFO:The length of 'T4st!ng' is 7
2018-12-15 23:36:03,558:INFO:As a list it looks like this ['T', '4', 's', 't', '!', 'n', 'g']
2018-12-15 23:36:03,559:INFO:The letters in this password are: ['T', 's', 't', 'n', 'g']
2018-12-15 23:36:03,559:INFO:The 'T' was the 1st character
2018-12-15 23:36:03,559:INFO:The 's' was the 3rd character
2018-12-15 23:36:03,559:INFO:The 't' was the 4th character
2018-12-15 23:36:03,559:INFO:The 'n' was the 6th character
2018-12-15 23:36:03,560:INFO:The 'g' was the 7th character
2018-12-15 23:36:03,560:INFO:

2018-12-15 23:36:03,560:INFO:The numbers in this password are: ['4']
2018-12-15 23:36:03,560:INFO:The '4' was the 2nd character
2018-12-15 23:36:03,560:INFO:

2018-12-15 23:36:03,560:INFO:The symbols in this password are: ['!']
2018-12-15 23:36:03,560:INFO:The '!' was the 5th character
2018-12-15 23:36:03,561:INFO:

2018-12-15 23:36:03,619:INFO:The length of 'T4st!ng' is 7
2018-12-15 23:36:03,619:INFO:As a list it looks like this ['T', '4', 's', 't', '!', 'n', 'g']
2018-12-15 23:36:03,620:INFO:The letters in this password are: ['T', 's', 't', 'n', 'g']
2018-12-15 23:36:03,620:INFO:The 'T' was the 1st character
2018-12-15 23:36:03,620:INFO:The 's' was the 3rd character
2018-12-15 23:36:03,620:INFO:The 't' was the 4th character
2018-12-15 23:36:03,620:INFO:The 'n' was the 6th character
2018-12-15 23:36:03,620:INFO:The 'g' was the 7th character
2018-12-15 23:36:03,620:INFO:

2018-12-15 23:36:03,620:INFO:The numbers in this password are: ['4']
2018-12-15 23:36:03,621:INFO:The '4' was the 2nd character
2018-12-15 23:36:03,621:INFO:

2018-12-15 23:36:03,621:INFO:The symbols in this password are: ['!']
2018-12-15 23:36:03,621:INFO:The '!' was the 5th character
2018-12-15 23:36:03,621:INFO:

2018-12-15 23:36:03,686:INFO:The length of 'T4st!ng' is 7
2018-12-15 23:36:03,687:INFO:As a list it looks like this ['T', '4', 's', 't', '!', 'n', 'g']
2018-12-15 23:36:03,687:INFO:The letters in this password are: ['T', 's', 't', 'n', 'g']
2018-12-15 23:36:03,687:INFO:The 'T' was the 1st character
2018-12-15 23:36:03,687:INFO:The 's' was the 3rd character
2018-12-15 23:36:03,687:INFO:The 't' was the 4th character
2018-12-15 23:36:03,687:INFO:The 'n' was the 6th character
2018-12-15 23:36:03,687:INFO:The 'g' was the 7th character
2018-12-15 23:36:03,687:INFO:

2018-12-15 23:36:03,688:INFO:The numbers in this password are: ['4']
2018-12-15 23:36:03,688:INFO:The '4' was the 2nd character
2018-12-15 23:36:03,688:INFO:

2018-12-15 23:36:03,688:INFO:The symbols in this password are: ['!']
2018-12-15 23:36:03,688:INFO:The '!' was the 5th character
2018-12-15 23:36:03,688:INFO:

2018-12-15 23:36:03,746:INFO:The length of 'T4st!ng' is 7
2018-12-15 23:36:03,746:INFO:As a list it looks like this ['T', '4', 's', 't', '!', 'n', 'g']
2018-12-15 23:36:03,747:INFO:The letters in this password are: ['T', 's', 't', 'n', 'g']
2018-12-15 23:36:03,747:INFO:The 'T' was the 1st character
2018-12-15 23:36:03,747:INFO:The 's' was the 3rd character
2018-12-15 23:36:03,747:INFO:The 't' was the 4th character
2018-12-15 23:36:03,747:INFO:The 'n' was the 6th character
2018-12-15 23:36:03,747:INFO:The 'g' was the 7th character
2018-12-15 23:36:03,748:INFO:

2018-12-15 23:36:03,748:INFO:The numbers in this password are: ['4']
2018-12-15 23:36:03,748:INFO:The '4' was the 2nd character
2018-12-15 23:36:03,748:INFO:

2018-12-15 23:36:03,748:INFO:The symbols in this password are: ['!']
2018-12-15 23:36:03,749:INFO:The '!' was the 5th character
2018-12-15 23:36:03,749:INFO:

2018-12-15 23:36:03,805:INFO:The length of 'T4st!ng' is 7
2018-12-15 23:36:03,805:INFO:As a list it looks like this ['T', '4', 's', 't', '!', 'n', 'g']
2018-12-15 23:36:03,806:INFO:The letters in this password are: ['T', 's', 't', 'n', 'g']
2018-12-15 23:36:03,806:INFO:The 'T' was the 1st character
2018-12-15 23:36:03,806:INFO:The 's' was the 3rd character
2018-12-15 23:36:03,806:INFO:The 't' was the 4th character
2018-12-15 23:36:03,806:INFO:The 'n' was the 6th character
2018-12-15 23:36:03,806:INFO:The 'g' was the 7th character
2018-12-15 23:36:03,806:INFO:

2018-12-15 23:36:03,807:INFO:The numbers in this password are: ['4']
2018-12-15 23:36:03,807:INFO:The '4' was the 2nd character
2018-12-15 23:36:03,807:INFO:

2018-12-15 23:36:03,807:INFO:The symbols in this password are: ['!']
2018-12-15 23:36:03,807:INFO:The '!' was the 5th character
2018-12-15 23:36:03,808:INFO:

2018-12-15 23:36:03,878:INFO:The length of 'T4st!ng' is 7
2018-12-15 23:36:03,878:INFO:As a list it looks like this ['T', '4', 's', 't', '!', 'n', 'g']
2018-12-15 23:36:03,879:INFO:The letters in this password are: ['T', 's', 't', 'n', 'g']
2018-12-15 23:36:03,879:INFO:The 'T' was the 1st character
2018-12-15 23:36:03,879:INFO:The 's' was the 3rd character
2018-12-15 23:36:03,879:INFO:The 't' was the 4th character
2018-12-15 23:36:03,879:INFO:The 'n' was the 6th character
2018-12-15 23:36:03,879:INFO:The 'g' was the 7th character
2018-12-15 23:36:03,879:INFO:

2018-12-15 23:36:03,879:INFO:The numbers in this password are: ['4']
2018-12-15 23:36:03,880:INFO:The '4' was the 2nd character
2018-12-15 23:36:03,880:INFO:

2018-12-15 23:36:03,880:INFO:The symbols in this password are: ['!']
2018-12-15 23:36:03,880:INFO:The '!' was the 5th character
2018-12-15 23:36:03,880:INFO:

2018-12-15 23:36:03,938:INFO:The length of 'T4st!ng' is 7
2018-12-15 23:36:03,939:INFO:As a list it looks like this ['T', '4', 's', 't', '!', 'n', 'g']
2018-12-15 23:36:03,939:INFO:The letters in this password are: ['T', 's', 't', 'n', 'g']
2018-12-15 23:36:03,939:INFO:The 'T' was the 1st character
2018-12-15 23:36:03,939:INFO:The 's' was the 3rd character
2018-12-15 23:36:03,939:INFO:The 't' was the 4th character
2018-12-15 23:36:03,939:INFO:The 'n' was the 6th character
2018-12-15 23:36:03,939:INFO:The 'g' was the 7th character
2018-12-15 23:36:03,940:INFO:

2018-12-15 23:36:03,940:INFO:The numbers in this password are: ['4']
2018-12-15 23:36:03,940:INFO:The '4' was the 2nd character
2018-12-15 23:36:03,940:INFO:

2018-12-15 23:36:03,940:INFO:The symbols in this password are: ['!']
2018-12-15 23:36:03,940:INFO:The '!' was the 5th character
2018-12-15 23:36:03,940:INFO:

2018-12-15 23:36:04,000:INFO:The length of 'T4st!ng' is 7
2018-12-15 23:36:04,001:INFO:As a list it looks like this ['T', '4', 's', 't', '!', 'n', 'g']
2018-12-15 23:36:04,001:INFO:The letters in this password are: ['T', 's', 't', 'n', 'g']
2018-12-15 23:36:04,001:INFO:The 'T' was the 1st character
2018-12-15 23:36:04,002:INFO:The 's' was the 3rd character
2018-12-15 23:36:04,002:INFO:The 't' was the 4th character
2018-12-15 23:36:04,002:INFO:The 'n' was the 6th character
2018-12-15 23:36:04,002:INFO:The 'g' was the 7th character
2018-12-15 23:36:04,002:INFO:

2018-12-15 23:36:04,002:INFO:The numbers in this password are: ['4']
2018-12-15 23:36:04,002:INFO:The '4' was the 2nd character
2018-12-15 23:36:04,002:INFO:

2018-12-15 23:36:04,003:INFO:The symbols in this password are: ['!']
2018-12-15 23:36:04,003:INFO:The '!' was the 5th character
2018-12-15 23:36:04,003:INFO:

2018-12-15 23:36:04,063:INFO:The length of 'T4st!ng' is 7
2018-12-15 23:36:04,064:INFO:As a list it looks like this ['T', '4', 's', 't', '!', 'n', 'g']
2018-12-15 23:36:04,064:INFO:The letters in this password are: ['T', 's', 't', 'n', 'g']
2018-12-15 23:36:04,064:INFO:The 'T' was the 1st character
2018-12-15 23:36:04,064:INFO:The 's' was the 3rd character
2018-12-15 23:36:04,065:INFO:The 't' was the 4th character
2018-12-15 23:36:04,065:INFO:The 'n' was the 6th character
2018-12-15 23:36:04,065:INFO:The 'g' was the 7th character
2018-12-15 23:36:04,065:INFO:

2018-12-15 23:36:04,065:INFO:The numbers in this password are: ['4']
2018-12-15 23:36:04,065:INFO:The '4' was the 2nd character
2018-12-15 23:36:04,066:INFO:

2018-12-15 23:36:04,066:INFO:The symbols in this password are: ['!']
2018-12-15 23:36:04,066:INFO:The '!' was the 5th character
2018-12-15 23:36:04,066:INFO:

2018-12-15 23:36:04,123:INFO:The length of 'T4st!ng' is 7
2018-12-15 23:36:04,124:INFO:As a list it looks like this ['T', '4', 's', 't', '!', 'n', 'g']
2018-12-15 23:36:04,125:INFO:The letters in this password are: ['T', 's', 't', 'n', 'g']
2018-12-15 23:36:04,125:INFO:The 'T' was the 1st character
2018-12-15 23:36:04,125:INFO:The 's' was the 3rd character
2018-12-15 23:36:04,125:INFO:The 't' was the 4th character
2018-12-15 23:36:04,125:INFO:The 'n' was the 6th character
2018-12-15 23:36:04,126:INFO:The 'g' was the 7th character
2018-12-15 23:36:04,126:INFO:

2018-12-15 23:36:04,126:INFO:The numbers in this password are: ['4']
2018-12-15 23:36:04,127:INFO:The '4' was the 2nd character
2018-12-15 23:36:04,127:INFO:

2018-12-15 23:36:04,127:INFO:The symbols in this password are: ['!']
2018-12-15 23:36:04,127:INFO:The '!' was the 5th character
2018-12-15 23:36:04,127:INFO:

2018-12-15 23:36:04,186:INFO:The length of 'T4st!ng' is 7
2018-12-15 23:36:04,186:INFO:As a list it looks like this ['T', '4', 's', 't', '!', 'n', 'g']
2018-12-15 23:36:04,186:INFO:The letters in this password are: ['T', 's', 't', 'n', 'g']
2018-12-15 23:36:04,187:INFO:The 'T' was the 1st character
2018-12-15 23:36:04,187:INFO:The 's' was the 3rd character
2018-12-15 23:36:04,187:INFO:The 't' was the 4th character
2018-12-15 23:36:04,187:INFO:The 'n' was the 6th character
2018-12-15 23:36:04,187:INFO:The 'g' was the 7th character
2018-12-15 23:36:04,187:INFO:

2018-12-15 23:36:04,187:INFO:The numbers in this password are: ['4']
2018-12-15 23:36:04,187:INFO:The '4' was the 2nd character
2018-12-15 23:36:04,188:INFO:

2018-12-15 23:36:04,188:INFO:The symbols in this password are: ['!']
2018-12-15 23:36:04,188:INFO:The '!' was the 5th character
2018-12-15 23:36:04,188:INFO:

2018-12-15 23:36:04,247:INFO:The length of 'T4st!ng' is 7
2018-12-15 23:36:04,247:INFO:As a list it looks like this ['T', '4', 's', 't', '!', 'n', 'g']
2018-12-15 23:36:04,247:INFO:The letters in this password are: ['T', 's', 't', 'n', 'g']
2018-12-15 23:36:04,248:INFO:The 'T' was the 1st character
2018-12-15 23:36:04,248:INFO:The 's' was the 3rd character
2018-12-15 23:36:04,248:INFO:The 't' was the 4th character
2018-12-15 23:36:04,248:INFO:The 'n' was the 6th character
2018-12-15 23:36:04,248:INFO:The 'g' was the 7th character
2018-12-15 23:36:04,248:INFO:

2018-12-15 23:36:04,249:INFO:The numbers in this password are: ['4']
2018-12-15 23:36:04,249:INFO:The '4' was the 2nd character
2018-12-15 23:36:04,249:INFO:

2018-12-15 23:36:04,249:INFO:The symbols in this password are: ['!']
2018-12-15 23:36:04,250:INFO:The '!' was the 5th character
2018-12-15 23:36:04,250:INFO:

2018-12-15 23:36:04,307:INFO:The length of 'T4st!ng' is 7
2018-12-15 23:36:04,308:INFO:As a list it looks like this ['T', '4', 's', 't', '!', 'n', 'g']
2018-12-15 23:36:04,308:INFO:The letters in this password are: ['T', 's', 't', 'n', 'g']
2018-12-15 23:36:04,308:INFO:The 'T' was the 1st character
2018-12-15 23:36:04,308:INFO:The 's' was the 3rd character
2018-12-15 23:36:04,308:INFO:The 't' was the 4th character
2018-12-15 23:36:04,309:INFO:The 'n' was the 6th character
2018-12-15 23:36:04,309:INFO:The 'g' was the 7th character
2018-12-15 23:36:04,309:INFO:

2018-12-15 23:36:04,309:INFO:The numbers in this password are: ['4']
2018-12-15 23:36:04,309:INFO:The '4' was the 2nd character
2018-12-15 23:36:04,309:INFO:

2018-12-15 23:36:04,309:INFO:The symbols in this password are: ['!']
2018-12-15 23:36:04,309:INFO:The '!' was the 5th character
2018-12-15 23:36:04,310:INFO:

2018-12-15 23:36:04,369:INFO:The length of 'T4st!ng' is 7
2018-12-15 23:36:04,370:INFO:As a list it looks like this ['T', '4', 's', 't', '!', 'n', 'g']
2018-12-15 23:36:04,370:INFO:The letters in this password are: ['T', 's', 't', 'n', 'g']
2018-12-15 23:36:04,371:INFO:The 'T' was the 1st character
2018-12-15 23:36:04,371:INFO:The 's' was the 3rd character
2018-12-15 23:36:04,371:INFO:The 't' was the 4th character
2018-12-15 23:36:04,371:INFO:The 'n' was the 6th character
2018-12-15 23:36:04,371:INFO:The 'g' was the 7th character
2018-12-15 23:36:04,371:INFO:

2018-12-15 23:36:04,372:INFO:The numbers in this password are: ['4']
2018-12-15 23:36:04,372:INFO:The '4' was the 2nd character
2018-12-15 23:36:04,372:INFO:

2018-12-15 23:36:04,372:INFO:The symbols in this password are: ['!']
2018-12-15 23:36:04,372:INFO:The '!' was the 5th character
2018-12-15 23:36:04,372:INFO:

2018-12-15 23:36:04,432:INFO:The length of 'T4st!ng' is 7
2018-12-15 23:36:04,432:INFO:As a list it looks like this ['T', '4', 's', 't', '!', 'n', 'g']
2018-12-15 23:36:04,433:INFO:The letters in this password are: ['T', 's', 't', 'n', 'g']
2018-12-15 23:36:04,433:INFO:The 'T' was the 1st character
2018-12-15 23:36:04,433:INFO:The 's' was the 3rd character
2018-12-15 23:36:04,433:INFO:The 't' was the 4th character
2018-12-15 23:36:04,433:INFO:The 'n' was the 6th character
2018-12-15 23:36:04,433:INFO:The 'g' was the 7th character
2018-12-15 23:36:04,434:INFO:

2018-12-15 23:36:04,434:INFO:The numbers in this password are: ['4']
2018-12-15 23:36:04,434:INFO:The '4' was the 2nd character
2018-12-15 23:36:04,434:INFO:

2018-12-15 23:36:04,434:INFO:The symbols in this password are: ['!']
2018-12-15 23:36:04,434:INFO:The '!' was the 5th character
2018-12-15 23:36:04,434:INFO:

2018-12-15 23:36:04,500:INFO:The length of 'T4st!ng' is 7
2018-12-15 23:36:04,501:INFO:As a list it looks like this ['T', '4', 's', 't', '!', 'n', 'g']
2018-12-15 23:36:04,501:INFO:The letters in this password are: ['T', 's', 't', 'n', 'g']
2018-12-15 23:36:04,501:INFO:The 'T' was the 1st character
2018-12-15 23:36:04,501:INFO:The 's' was the 3rd character
2018-12-15 23:36:04,501:INFO:The 't' was the 4th character
2018-12-15 23:36:04,501:INFO:The 'n' was the 6th character
2018-12-15 23:36:04,501:INFO:The 'g' was the 7th character
2018-12-15 23:36:04,501:INFO:

2018-12-15 23:36:04,502:INFO:The numbers in this password are: ['4']
2018-12-15 23:36:04,502:INFO:The '4' was the 2nd character
2018-12-15 23:36:04,502:INFO:

2018-12-15 23:36:04,502:INFO:The symbols in this password are: ['!']
2018-12-15 23:36:04,502:INFO:The '!' was the 5th character
2018-12-15 23:36:04,502:INFO:

2018-12-15 23:36:04,560:INFO:The length of 'T4st!ng' is 7
2018-12-15 23:36:04,561:INFO:As a list it looks like this ['T', '4', 's', 't', '!', 'n', 'g']
2018-12-15 23:36:04,561:INFO:The letters in this password are: ['T', 's', 't', 'n', 'g']
2018-12-15 23:36:04,561:INFO:The 'T' was the 1st character
2018-12-15 23:36:04,562:INFO:The 's' was the 3rd character
2018-12-15 23:36:04,562:INFO:The 't' was the 4th character
2018-12-15 23:36:04,562:INFO:The 'n' was the 6th character
2018-12-15 23:36:04,562:INFO:The 'g' was the 7th character
2018-12-15 23:36:04,562:INFO:

2018-12-15 23:36:04,562:INFO:The numbers in this password are: ['4']
2018-12-15 23:36:04,563:INFO:The '4' was the 2nd character
2018-12-15 23:36:04,563:INFO:

2018-12-15 23:36:04,563:INFO:The symbols in this password are: ['!']
2018-12-15 23:36:04,563:INFO:The '!' was the 5th character
2018-12-15 23:36:04,563:INFO:

2018-12-15 23:36:04,631:INFO:The length of 'T4st!ng' is 7
2018-12-15 23:36:04,632:INFO:As a list it looks like this ['T', '4', 's', 't', '!', 'n', 'g']
2018-12-15 23:36:04,632:INFO:The letters in this password are: ['T', 's', 't', 'n', 'g']
2018-12-15 23:36:04,633:INFO:The 'T' was the 1st character
2018-12-15 23:36:04,633:INFO:The 's' was the 3rd character
2018-12-15 23:36:04,633:INFO:The 't' was the 4th character
2018-12-15 23:36:04,633:INFO:The 'n' was the 6th character
2018-12-15 23:36:04,633:INFO:The 'g' was the 7th character
2018-12-15 23:36:04,633:INFO:

2018-12-15 23:36:04,634:INFO:The numbers in this password are: ['4']
2018-12-15 23:36:04,634:INFO:The '4' was the 2nd character
2018-12-15 23:36:04,634:INFO:

2018-12-15 23:36:04,634:INFO:The symbols in this password are: ['!']
2018-12-15 23:36:04,634:INFO:The '!' was the 5th character
2018-12-15 23:36:04,634:INFO:

2018-12-15 23:36:04,700:INFO:The length of 'T4st!ng' is 7
2018-12-15 23:36:04,701:INFO:As a list it looks like this ['T', '4', 's', 't', '!', 'n', 'g']
2018-12-15 23:36:04,701:INFO:The letters in this password are: ['T', 's', 't', 'n', 'g']
2018-12-15 23:36:04,701:INFO:The 'T' was the 1st character
2018-12-15 23:36:04,701:INFO:The 's' was the 3rd character
2018-12-15 23:36:04,701:INFO:The 't' was the 4th character
2018-12-15 23:36:04,701:INFO:The 'n' was the 6th character
2018-12-15 23:36:04,701:INFO:The 'g' was the 7th character
2018-12-15 23:36:04,701:INFO:

2018-12-15 23:36:04,702:INFO:The numbers in this password are: ['4']
2018-12-15 23:36:04,702:INFO:The '4' was the 2nd character
2018-12-15 23:36:04,702:INFO:

2018-12-15 23:36:04,702:INFO:The symbols in this password are: ['!']
2018-12-15 23:36:04,702:INFO:The '!' was the 5th character
2018-12-15 23:36:04,702:INFO:

2018-12-15 23:36:04,758:INFO:The length of 'T4st!ng' is 7
2018-12-15 23:36:04,758:INFO:As a list it looks like this ['T', '4', 's', 't', '!', 'n', 'g']
2018-12-15 23:36:04,759:INFO:The letters in this password are: ['T', 's', 't', 'n', 'g']
2018-12-15 23:36:04,759:INFO:The 'T' was the 1st character
2018-12-15 23:36:04,759:INFO:The 's' was the 3rd character
2018-12-15 23:36:04,760:INFO:The 't' was the 4th character
2018-12-15 23:36:04,760:INFO:The 'n' was the 6th character
2018-12-15 23:36:04,760:INFO:The 'g' was the 7th character
2018-12-15 23:36:04,760:INFO:

2018-12-15 23:36:04,761:INFO:The numbers in this password are: ['4']
2018-12-15 23:36:04,761:INFO:The '4' was the 2nd character
2018-12-15 23:36:04,761:INFO:

2018-12-15 23:36:04,761:INFO:The symbols in this password are: ['!']
2018-12-15 23:36:04,761:INFO:The '!' was the 5th character
2018-12-15 23:36:04,761:INFO:

2018-12-15 23:36:04,819:INFO:The length of 'T4st!ng' is 7
2018-12-15 23:36:04,820:INFO:As a list it looks like this ['T', '4', 's', 't', '!', 'n', 'g']
2018-12-15 23:36:04,820:INFO:The letters in this password are: ['T', 's', 't', 'n', 'g']
2018-12-15 23:36:04,820:INFO:The 'T' was the 1st character
2018-12-15 23:36:04,821:INFO:The 's' was the 3rd character
2018-12-15 23:36:04,821:INFO:The 't' was the 4th character
2018-12-15 23:36:04,821:INFO:The 'n' was the 6th character
2018-12-15 23:36:04,821:INFO:The 'g' was the 7th character
2018-12-15 23:36:04,821:INFO:

2018-12-15 23:36:04,821:INFO:The numbers in this password are: ['4']
2018-12-15 23:36:04,821:INFO:The '4' was the 2nd character
2018-12-15 23:36:04,821:INFO:

2018-12-15 23:36:04,822:INFO:The symbols in this password are: ['!']
2018-12-15 23:36:04,822:INFO:The '!' was the 5th character
2018-12-15 23:36:04,822:INFO:

2018-12-15 23:36:04,879:INFO:The length of 'T4st!ng' is 7
2018-12-15 23:36:04,880:INFO:As a list it looks like this ['T', '4', 's', 't', '!', 'n', 'g']
2018-12-15 23:36:04,880:INFO:The letters in this password are: ['T', 's', 't', 'n', 'g']
2018-12-15 23:36:04,880:INFO:The 'T' was the 1st character
2018-12-15 23:36:04,880:INFO:The 's' was the 3rd character
2018-12-15 23:36:04,881:INFO:The 't' was the 4th character
2018-12-15 23:36:04,881:INFO:The 'n' was the 6th character
2018-12-15 23:36:04,881:INFO:The 'g' was the 7th character
2018-12-15 23:36:04,881:INFO:

2018-12-15 23:36:04,881:INFO:The numbers in this password are: ['4']
2018-12-15 23:36:04,881:INFO:The '4' was the 2nd character
2018-12-15 23:36:04,881:INFO:

2018-12-15 23:36:04,881:INFO:The symbols in this password are: ['!']
2018-12-15 23:36:04,882:INFO:The '!' was the 5th character
2018-12-15 23:36:04,882:INFO:

2018-12-15 23:36:04,938:INFO:The length of 'T4st!ng' is 7
2018-12-15 23:36:04,938:INFO:As a list it looks like this ['T', '4', 's', 't', '!', 'n', 'g']
2018-12-15 23:36:04,939:INFO:The letters in this password are: ['T', 's', 't', 'n', 'g']
2018-12-15 23:36:04,939:INFO:The 'T' was the 1st character
2018-12-15 23:36:04,939:INFO:The 's' was the 3rd character
2018-12-15 23:36:04,939:INFO:The 't' was the 4th character
2018-12-15 23:36:04,939:INFO:The 'n' was the 6th character
2018-12-15 23:36:04,939:INFO:The 'g' was the 7th character
2018-12-15 23:36:04,940:INFO:

2018-12-15 23:36:04,940:INFO:The numbers in this password are: ['4']
2018-12-15 23:36:04,940:INFO:The '4' was the 2nd character
2018-12-15 23:36:04,940:INFO:

2018-12-15 23:36:04,940:INFO:The symbols in this password are: ['!']
2018-12-15 23:36:04,940:INFO:The '!' was the 5th character
2018-12-15 23:36:04,940:INFO:

2018-12-15 23:36:05,000:INFO:The length of 'T4st!ng' is 7
2018-12-15 23:36:05,001:INFO:As a list it looks like this ['T', '4', 's', 't', '!', 'n', 'g']
2018-12-15 23:36:05,001:INFO:The letters in this password are: ['T', 's', 't', 'n', 'g']
2018-12-15 23:36:05,001:INFO:The 'T' was the 1st character
2018-12-15 23:36:05,002:INFO:The 's' was the 3rd character
2018-12-15 23:36:05,002:INFO:The 't' was the 4th character
2018-12-15 23:36:05,002:INFO:The 'n' was the 6th character
2018-12-15 23:36:05,002:INFO:The 'g' was the 7th character
2018-12-15 23:36:05,002:INFO:

2018-12-15 23:36:05,002:INFO:The numbers in this password are: ['4']
2018-12-15 23:36:05,003:INFO:The '4' was the 2nd character
2018-12-15 23:36:05,003:INFO:

2018-12-15 23:36:05,003:INFO:The symbols in this password are: ['!']
2018-12-15 23:36:05,003:INFO:The '!' was the 5th character
2018-12-15 23:36:05,003:INFO:

2018-12-15 23:36:05,061:INFO:The length of 'T4st!ng' is 7
2018-12-15 23:36:05,061:INFO:As a list it looks like this ['T', '4', 's', 't', '!', 'n', 'g']
2018-12-15 23:36:05,062:INFO:The letters in this password are: ['T', 's', 't', 'n', 'g']
2018-12-15 23:36:05,062:INFO:The 'T' was the 1st character
2018-12-15 23:36:05,062:INFO:The 's' was the 3rd character
2018-12-15 23:36:05,062:INFO:The 't' was the 4th character
2018-12-15 23:36:05,062:INFO:The 'n' was the 6th character
2018-12-15 23:36:05,062:INFO:The 'g' was the 7th character
2018-12-15 23:36:05,062:INFO:

2018-12-15 23:36:05,063:INFO:The numbers in this password are: ['4']
2018-12-15 23:36:05,063:INFO:The '4' was the 2nd character
2018-12-15 23:36:05,063:INFO:

2018-12-15 23:36:05,063:INFO:The symbols in this password are: ['!']
2018-12-15 23:36:05,063:INFO:The '!' was the 5th character
2018-12-15 23:36:05,064:INFO:

2018-12-15 23:36:05,122:INFO:The length of 'T4st!ng' is 7
2018-12-15 23:36:05,123:INFO:As a list it looks like this ['T', '4', 's', 't', '!', 'n', 'g']
2018-12-15 23:36:05,123:INFO:The letters in this password are: ['T', 's', 't', 'n', 'g']
2018-12-15 23:36:05,123:INFO:The 'T' was the 1st character
2018-12-15 23:36:05,123:INFO:The 's' was the 3rd character
2018-12-15 23:36:05,124:INFO:The 't' was the 4th character
2018-12-15 23:36:05,124:INFO:The 'n' was the 6th character
2018-12-15 23:36:05,124:INFO:The 'g' was the 7th character
2018-12-15 23:36:05,124:INFO:

2018-12-15 23:36:05,124:INFO:The numbers in this password are: ['4']
2018-12-15 23:36:05,124:INFO:The '4' was the 2nd character
2018-12-15 23:36:05,125:INFO:

2018-12-15 23:36:05,125:INFO:The symbols in this password are: ['!']
2018-12-15 23:36:05,125:INFO:The '!' was the 5th character
2018-12-15 23:36:05,125:INFO:

2018-12-15 23:36:05,182:INFO:The length of 'T4st!ng' is 7
2018-12-15 23:36:05,183:INFO:As a list it looks like this ['T', '4', 's', 't', '!', 'n', 'g']
2018-12-15 23:36:05,183:INFO:The letters in this password are: ['T', 's', 't', 'n', 'g']
2018-12-15 23:36:05,183:INFO:The 'T' was the 1st character
2018-12-15 23:36:05,184:INFO:The 's' was the 3rd character
2018-12-15 23:36:05,184:INFO:The 't' was the 4th character
2018-12-15 23:36:05,184:INFO:The 'n' was the 6th character
2018-12-15 23:36:05,184:INFO:The 'g' was the 7th character
2018-12-15 23:36:05,184:INFO:

2018-12-15 23:36:05,184:INFO:The numbers in this password are: ['4']
2018-12-15 23:36:05,184:INFO:The '4' was the 2nd character
2018-12-15 23:36:05,184:INFO:

2018-12-15 23:36:05,185:INFO:The symbols in this password are: ['!']
2018-12-15 23:36:05,185:INFO:The '!' was the 5th character
2018-12-15 23:36:05,185:INFO:

2018-12-15 23:36:05,241:INFO:The length of 'T4st!ng' is 7
2018-12-15 23:36:05,242:INFO:As a list it looks like this ['T', '4', 's', 't', '!', 'n', 'g']
2018-12-15 23:36:05,242:INFO:The letters in this password are: ['T', 's', 't', 'n', 'g']
2018-12-15 23:36:05,242:INFO:The 'T' was the 1st character
2018-12-15 23:36:05,242:INFO:The 's' was the 3rd character
2018-12-15 23:36:05,242:INFO:The 't' was the 4th character
2018-12-15 23:36:05,243:INFO:The 'n' was the 6th character
2018-12-15 23:36:05,243:INFO:The 'g' was the 7th character
2018-12-15 23:36:05,243:INFO:

2018-12-15 23:36:05,243:INFO:The numbers in this password are: ['4']
2018-12-15 23:36:05,243:INFO:The '4' was the 2nd character
2018-12-15 23:36:05,243:INFO:

2018-12-15 23:36:05,243:INFO:The symbols in this password are: ['!']
2018-12-15 23:36:05,244:INFO:The '!' was the 5th character
2018-12-15 23:36:05,244:INFO:

2018-12-15 23:36:05,305:INFO:The length of 'T4st!ng' is 7
2018-12-15 23:36:05,306:INFO:As a list it looks like this ['T', '4', 's', 't', '!', 'n', 'g']
2018-12-15 23:36:05,306:INFO:The letters in this password are: ['T', 's', 't', 'n', 'g']
2018-12-15 23:36:05,306:INFO:The 'T' was the 1st character
2018-12-15 23:36:05,306:INFO:The 's' was the 3rd character
2018-12-15 23:36:05,307:INFO:The 't' was the 4th character
2018-12-15 23:36:05,307:INFO:The 'n' was the 6th character
2018-12-15 23:36:05,307:INFO:The 'g' was the 7th character
2018-12-15 23:36:05,307:INFO:

2018-12-15 23:36:05,307:INFO:The numbers in this password are: ['4']
2018-12-15 23:36:05,307:INFO:The '4' was the 2nd character
2018-12-15 23:36:05,307:INFO:

2018-12-15 23:36:05,307:INFO:The symbols in this password are: ['!']
2018-12-15 23:36:05,307:INFO:The '!' was the 5th character
2018-12-15 23:36:05,308:INFO:

2018-12-15 23:36:05,369:INFO:The length of 'T4st!ng' is 7
2018-12-15 23:36:05,370:INFO:As a list it looks like this ['T', '4', 's', 't', '!', 'n', 'g']
2018-12-15 23:36:05,370:INFO:The letters in this password are: ['T', 's', 't', 'n', 'g']
2018-12-15 23:36:05,370:INFO:The 'T' was the 1st character
2018-12-15 23:36:05,370:INFO:The 's' was the 3rd character
2018-12-15 23:36:05,370:INFO:The 't' was the 4th character
2018-12-15 23:36:05,371:INFO:The 'n' was the 6th character
2018-12-15 23:36:05,371:INFO:The 'g' was the 7th character
2018-12-15 23:36:05,371:INFO:

2018-12-15 23:36:05,371:INFO:The numbers in this password are: ['4']
2018-12-15 23:36:05,371:INFO:The '4' was the 2nd character
2018-12-15 23:36:05,371:INFO:

2018-12-15 23:36:05,371:INFO:The symbols in this password are: ['!']
2018-12-15 23:36:05,371:INFO:The '!' was the 5th character
2018-12-15 23:36:05,372:INFO:

2018-12-15 23:36:05,437:INFO:The length of 'T4st!ng' is 7
2018-12-15 23:36:05,437:INFO:As a list it looks like this ['T', '4', 's', 't', '!', 'n', 'g']
2018-12-15 23:36:05,438:INFO:The letters in this password are: ['T', 's', 't', 'n', 'g']
2018-12-15 23:36:05,438:INFO:The 'T' was the 1st character
2018-12-15 23:36:05,438:INFO:The 's' was the 3rd character
2018-12-15 23:36:05,438:INFO:The 't' was the 4th character
2018-12-15 23:36:05,438:INFO:The 'n' was the 6th character
2018-12-15 23:36:05,439:INFO:The 'g' was the 7th character
2018-12-15 23:36:05,439:INFO:

2018-12-15 23:36:05,439:INFO:The numbers in this password are: ['4']
2018-12-15 23:36:05,439:INFO:The '4' was the 2nd character
2018-12-15 23:36:05,439:INFO:

2018-12-15 23:36:05,439:INFO:The symbols in this password are: ['!']
2018-12-15 23:36:05,440:INFO:The '!' was the 5th character
2018-12-15 23:36:05,440:INFO:

2018-12-15 23:36:05,504:INFO:The length of 'T4st!ng' is 7
2018-12-15 23:36:05,505:INFO:As a list it looks like this ['T', '4', 's', 't', '!', 'n', 'g']
2018-12-15 23:36:05,505:INFO:The letters in this password are: ['T', 's', 't', 'n', 'g']
2018-12-15 23:36:05,505:INFO:The 'T' was the 1st character
2018-12-15 23:36:05,505:INFO:The 's' was the 3rd character
2018-12-15 23:36:05,505:INFO:The 't' was the 4th character
2018-12-15 23:36:05,506:INFO:The 'n' was the 6th character
2018-12-15 23:36:05,506:INFO:The 'g' was the 7th character
2018-12-15 23:36:05,506:INFO:

2018-12-15 23:36:05,506:INFO:The numbers in this password are: ['4']
2018-12-15 23:36:05,506:INFO:The '4' was the 2nd character
2018-12-15 23:36:05,506:INFO:

2018-12-15 23:36:05,507:INFO:The symbols in this password are: ['!']
2018-12-15 23:36:05,507:INFO:The '!' was the 5th character
2018-12-15 23:36:05,507:INFO:

2018-12-15 23:36:05,573:INFO:The length of 'T4st!ng' is 7
2018-12-15 23:36:05,574:INFO:As a list it looks like this ['T', '4', 's', 't', '!', 'n', 'g']
2018-12-15 23:36:05,574:INFO:The letters in this password are: ['T', 's', 't', 'n', 'g']
2018-12-15 23:36:05,574:INFO:The 'T' was the 1st character
2018-12-15 23:36:05,575:INFO:The 's' was the 3rd character
2018-12-15 23:36:05,575:INFO:The 't' was the 4th character
2018-12-15 23:36:05,575:INFO:The 'n' was the 6th character
2018-12-15 23:36:05,575:INFO:The 'g' was the 7th character
2018-12-15 23:36:05,575:INFO:

2018-12-15 23:36:05,575:INFO:The numbers in this password are: ['4']
2018-12-15 23:36:05,576:INFO:The '4' was the 2nd character
2018-12-15 23:36:05,576:INFO:

2018-12-15 23:36:05,576:INFO:The symbols in this password are: ['!']
2018-12-15 23:36:05,576:INFO:The '!' was the 5th character
2018-12-15 23:36:05,576:INFO:

2018-12-15 23:36:05,642:INFO:The length of 'T4st!ng' is 7
2018-12-15 23:36:05,643:INFO:As a list it looks like this ['T', '4', 's', 't', '!', 'n', 'g']
2018-12-15 23:36:05,643:INFO:The letters in this password are: ['T', 's', 't', 'n', 'g']
2018-12-15 23:36:05,643:INFO:The 'T' was the 1st character
2018-12-15 23:36:05,644:INFO:The 's' was the 3rd character
2018-12-15 23:36:05,644:INFO:The 't' was the 4th character
2018-12-15 23:36:05,644:INFO:The 'n' was the 6th character
2018-12-15 23:36:05,644:INFO:The 'g' was the 7th character
2018-12-15 23:36:05,644:INFO:

2018-12-15 23:36:05,645:INFO:The numbers in this password are: ['4']
2018-12-15 23:36:05,645:INFO:The '4' was the 2nd character
2018-12-15 23:36:05,645:INFO:

2018-12-15 23:36:05,645:INFO:The symbols in this password are: ['!']
2018-12-15 23:36:05,645:INFO:The '!' was the 5th character
2018-12-15 23:36:05,645:INFO:

2018-12-15 23:36:05,706:INFO:The length of 'T4st!ng' is 7
2018-12-15 23:36:05,707:INFO:As a list it looks like this ['T', '4', 's', 't', '!', 'n', 'g']
2018-12-15 23:36:05,707:INFO:The letters in this password are: ['T', 's', 't', 'n', 'g']
2018-12-15 23:36:05,707:INFO:The 'T' was the 1st character
2018-12-15 23:36:05,707:INFO:The 's' was the 3rd character
2018-12-15 23:36:05,707:INFO:The 't' was the 4th character
2018-12-15 23:36:05,707:INFO:The 'n' was the 6th character
2018-12-15 23:36:05,707:INFO:The 'g' was the 7th character
2018-12-15 23:36:05,708:INFO:

2018-12-15 23:36:05,708:INFO:The numbers in this password are: ['4']
2018-12-15 23:36:05,708:INFO:The '4' was the 2nd character
2018-12-15 23:36:05,708:INFO:

2018-12-15 23:36:05,708:INFO:The symbols in this password are: ['!']
2018-12-15 23:36:05,708:INFO:The '!' was the 5th character
2018-12-15 23:36:05,708:INFO:

2018-12-15 23:36:05,764:INFO:The length of 'T4st!ng' is 7
2018-12-15 23:36:05,764:INFO:As a list it looks like this ['T', '4', 's', 't', '!', 'n', 'g']
2018-12-15 23:36:05,764:INFO:The letters in this password are: ['T', 's', 't', 'n', 'g']
2018-12-15 23:36:05,764:INFO:The 'T' was the 1st character
2018-12-15 23:36:05,764:INFO:The 's' was the 3rd character
2018-12-15 23:36:05,765:INFO:The 't' was the 4th character
2018-12-15 23:36:05,765:INFO:The 'n' was the 6th character
2018-12-15 23:36:05,765:INFO:The 'g' was the 7th character
2018-12-15 23:36:05,765:INFO:

2018-12-15 23:36:05,765:INFO:The numbers in this password are: ['4']
2018-12-15 23:36:05,766:INFO:The '4' was the 2nd character
2018-12-15 23:36:05,766:INFO:

2018-12-15 23:36:05,766:INFO:The symbols in this password are: ['!']
2018-12-15 23:36:05,766:INFO:The '!' was the 5th character
2018-12-15 23:36:05,766:INFO:

2018-12-15 23:36:05,821:INFO:The length of 'T4st!ng' is 7
2018-12-15 23:36:05,822:INFO:As a list it looks like this ['T', '4', 's', 't', '!', 'n', 'g']
2018-12-15 23:36:05,822:INFO:The letters in this password are: ['T', 's', 't', 'n', 'g']
2018-12-15 23:36:05,822:INFO:The 'T' was the 1st character
2018-12-15 23:36:05,823:INFO:The 's' was the 3rd character
2018-12-15 23:36:05,823:INFO:The 't' was the 4th character
2018-12-15 23:36:05,823:INFO:The 'n' was the 6th character
2018-12-15 23:36:05,823:INFO:The 'g' was the 7th character
2018-12-15 23:36:05,823:INFO:

2018-12-15 23:36:05,823:INFO:The numbers in this password are: ['4']
2018-12-15 23:36:05,823:INFO:The '4' was the 2nd character
2018-12-15 23:36:05,823:INFO:

2018-12-15 23:36:05,824:INFO:The symbols in this password are: ['!']
2018-12-15 23:36:05,824:INFO:The '!' was the 5th character
2018-12-15 23:36:05,824:INFO:

2018-12-15 23:36:05,885:INFO:The length of 'T4st!ng' is 7
2018-12-15 23:36:05,886:INFO:As a list it looks like this ['T', '4', 's', 't', '!', 'n', 'g']
2018-12-15 23:36:05,886:INFO:The letters in this password are: ['T', 's', 't', 'n', 'g']
2018-12-15 23:36:05,887:INFO:The 'T' was the 1st character
2018-12-15 23:36:05,887:INFO:The 's' was the 3rd character
2018-12-15 23:36:05,887:INFO:The 't' was the 4th character
2018-12-15 23:36:05,887:INFO:The 'n' was the 6th character
2018-12-15 23:36:05,887:INFO:The 'g' was the 7th character
2018-12-15 23:36:05,887:INFO:

2018-12-15 23:36:05,887:INFO:The numbers in this password are: ['4']
2018-12-15 23:36:05,888:INFO:The '4' was the 2nd character
2018-12-15 23:36:05,888:INFO:

2018-12-15 23:36:05,888:INFO:The symbols in this password are: ['!']
2018-12-15 23:36:05,888:INFO:The '!' was the 5th character
2018-12-15 23:36:05,888:INFO:

2018-12-15 23:36:05,943:INFO:The length of 'T4st!ng' is 7
2018-12-15 23:36:05,944:INFO:As a list it looks like this ['T', '4', 's', 't', '!', 'n', 'g']
2018-12-15 23:36:05,944:INFO:The letters in this password are: ['T', 's', 't', 'n', 'g']
2018-12-15 23:36:05,944:INFO:The 'T' was the 1st character
2018-12-15 23:36:05,944:INFO:The 's' was the 3rd character
2018-12-15 23:36:05,944:INFO:The 't' was the 4th character
2018-12-15 23:36:05,944:INFO:The 'n' was the 6th character
2018-12-15 23:36:05,944:INFO:The 'g' was the 7th character
2018-12-15 23:36:05,945:INFO:

2018-12-15 23:36:05,945:INFO:The numbers in this password are: ['4']
2018-12-15 23:36:05,945:INFO:The '4' was the 2nd character
2018-12-15 23:36:05,945:INFO:

2018-12-15 23:36:05,945:INFO:The symbols in this password are: ['!']
2018-12-15 23:36:05,945:INFO:The '!' was the 5th character
2018-12-15 23:36:05,945:INFO:

2018-12-15 23:36:06,008:INFO:The length of 'T4st!ng' is 7
2018-12-15 23:36:06,009:INFO:As a list it looks like this ['T', '4', 's', 't', '!', 'n', 'g']
2018-12-15 23:36:06,009:INFO:The letters in this password are: ['T', 's', 't', 'n', 'g']
2018-12-15 23:36:06,009:INFO:The 'T' was the 1st character
2018-12-15 23:36:06,009:INFO:The 's' was the 3rd character
2018-12-15 23:36:06,009:INFO:The 't' was the 4th character
2018-12-15 23:36:06,009:INFO:The 'n' was the 6th character
2018-12-15 23:36:06,009:INFO:The 'g' was the 7th character
2018-12-15 23:36:06,010:INFO:

2018-12-15 23:36:06,010:INFO:The numbers in this password are: ['4']
2018-12-15 23:36:06,010:INFO:The '4' was the 2nd character
2018-12-15 23:36:06,010:INFO:

2018-12-15 23:36:06,010:INFO:The symbols in this password are: ['!']
2018-12-15 23:36:06,010:INFO:The '!' was the 5th character
2018-12-15 23:36:06,010:INFO:

2018-12-15 23:36:06,069:INFO:The length of 'T4st!ng' is 7
2018-12-15 23:36:06,070:INFO:As a list it looks like this ['T', '4', 's', 't', '!', 'n', 'g']
2018-12-15 23:36:06,070:INFO:The letters in this password are: ['T', 's', 't', 'n', 'g']
2018-12-15 23:36:06,070:INFO:The 'T' was the 1st character
2018-12-15 23:36:06,071:INFO:The 's' was the 3rd character
2018-12-15 23:36:06,071:INFO:The 't' was the 4th character
2018-12-15 23:36:06,071:INFO:The 'n' was the 6th character
2018-12-15 23:36:06,071:INFO:The 'g' was the 7th character
2018-12-15 23:36:06,071:INFO:

2018-12-15 23:36:06,071:INFO:The numbers in this password are: ['4']
2018-12-15 23:36:06,072:INFO:The '4' was the 2nd character
2018-12-15 23:36:06,072:INFO:

2018-12-15 23:36:06,072:INFO:The symbols in this password are: ['!']
2018-12-15 23:36:06,072:INFO:The '!' was the 5th character
2018-12-15 23:36:06,072:INFO:

2018-12-15 23:36:06,128:INFO:The length of 'T4st!ng' is 7
2018-12-15 23:36:06,128:INFO:As a list it looks like this ['T', '4', 's', 't', '!', 'n', 'g']
2018-12-15 23:36:06,129:INFO:The letters in this password are: ['T', 's', 't', 'n', 'g']
2018-12-15 23:36:06,129:INFO:The 'T' was the 1st character
2018-12-15 23:36:06,129:INFO:The 's' was the 3rd character
2018-12-15 23:36:06,129:INFO:The 't' was the 4th character
2018-12-15 23:36:06,129:INFO:The 'n' was the 6th character
2018-12-15 23:36:06,129:INFO:The 'g' was the 7th character
2018-12-15 23:36:06,129:INFO:

2018-12-15 23:36:06,130:INFO:The numbers in this password are: ['4']
2018-12-15 23:36:06,130:INFO:The '4' was the 2nd character
2018-12-15 23:36:06,130:INFO:

2018-12-15 23:36:06,130:INFO:The symbols in this password are: ['!']
2018-12-15 23:36:06,130:INFO:The '!' was the 5th character
2018-12-15 23:36:06,130:INFO:

2018-12-15 23:36:06,199:INFO:The length of 'T4st!ng' is 7
2018-12-15 23:36:06,199:INFO:As a list it looks like this ['T', '4', 's', 't', '!', 'n', 'g']
2018-12-15 23:36:06,199:INFO:The letters in this password are: ['T', 's', 't', 'n', 'g']
2018-12-15 23:36:06,200:INFO:The 'T' was the 1st character
2018-12-15 23:36:06,200:INFO:The 's' was the 3rd character
2018-12-15 23:36:06,200:INFO:The 't' was the 4th character
2018-12-15 23:36:06,200:INFO:The 'n' was the 6th character
2018-12-15 23:36:06,200:INFO:The 'g' was the 7th character
2018-12-15 23:36:06,200:INFO:

2018-12-15 23:36:06,200:INFO:The numbers in this password are: ['4']
2018-12-15 23:36:06,201:INFO:The '4' was the 2nd character
2018-12-15 23:36:06,201:INFO:

2018-12-15 23:36:06,201:INFO:The symbols in this password are: ['!']
2018-12-15 23:36:06,201:INFO:The '!' was the 5th character
2018-12-15 23:36:06,201:INFO:

2018-12-15 23:36:06,258:INFO:The length of 'T4st!ng' is 7
2018-12-15 23:36:06,258:INFO:As a list it looks like this ['T', '4', 's', 't', '!', 'n', 'g']
2018-12-15 23:36:06,259:INFO:The letters in this password are: ['T', 's', 't', 'n', 'g']
2018-12-15 23:36:06,259:INFO:The 'T' was the 1st character
2018-12-15 23:36:06,259:INFO:The 's' was the 3rd character
2018-12-15 23:36:06,259:INFO:The 't' was the 4th character
2018-12-15 23:36:06,259:INFO:The 'n' was the 6th character
2018-12-15 23:36:06,259:INFO:The 'g' was the 7th character
2018-12-15 23:36:06,259:INFO:

2018-12-15 23:36:06,260:INFO:The numbers in this password are: ['4']
2018-12-15 23:36:06,260:INFO:The '4' was the 2nd character
2018-12-15 23:36:06,260:INFO:

2018-12-15 23:36:06,260:INFO:The symbols in this password are: ['!']
2018-12-15 23:36:06,260:INFO:The '!' was the 5th character
2018-12-15 23:36:06,260:INFO:

2018-12-15 23:36:06,317:INFO:The length of 'T4st!ng' is 7
2018-12-15 23:36:06,318:INFO:As a list it looks like this ['T', '4', 's', 't', '!', 'n', 'g']
2018-12-15 23:36:06,318:INFO:The letters in this password are: ['T', 's', 't', 'n', 'g']
2018-12-15 23:36:06,318:INFO:The 'T' was the 1st character
2018-12-15 23:36:06,318:INFO:The 's' was the 3rd character
2018-12-15 23:36:06,319:INFO:The 't' was the 4th character
2018-12-15 23:36:06,319:INFO:The 'n' was the 6th character
2018-12-15 23:36:06,319:INFO:The 'g' was the 7th character
2018-12-15 23:36:06,319:INFO:

2018-12-15 23:36:06,319:INFO:The numbers in this password are: ['4']
2018-12-15 23:36:06,319:INFO:The '4' was the 2nd character
2018-12-15 23:36:06,319:INFO:

2018-12-15 23:36:06,320:INFO:The symbols in this password are: ['!']
2018-12-15 23:36:06,320:INFO:The '!' was the 5th character
2018-12-15 23:36:06,320:INFO:

2018-12-15 23:36:06,381:INFO:The length of 'T4st!ng' is 7
2018-12-15 23:36:06,381:INFO:As a list it looks like this ['T', '4', 's', 't', '!', 'n', 'g']
2018-12-15 23:36:06,381:INFO:The letters in this password are: ['T', 's', 't', 'n', 'g']
2018-12-15 23:36:06,382:INFO:The 'T' was the 1st character
2018-12-15 23:36:06,382:INFO:The 's' was the 3rd character
2018-12-15 23:36:06,382:INFO:The 't' was the 4th character
2018-12-15 23:36:06,382:INFO:The 'n' was the 6th character
2018-12-15 23:36:06,382:INFO:The 'g' was the 7th character
2018-12-15 23:36:06,382:INFO:

2018-12-15 23:36:06,382:INFO:The numbers in this password are: ['4']
2018-12-15 23:36:06,383:INFO:The '4' was the 2nd character
2018-12-15 23:36:06,383:INFO:

2018-12-15 23:36:06,383:INFO:The symbols in this password are: ['!']
2018-12-15 23:36:06,383:INFO:The '!' was the 5th character
2018-12-15 23:36:06,383:INFO:

2018-12-15 23:36:06,441:INFO:The length of 'T4st!ng' is 7
2018-12-15 23:36:06,442:INFO:As a list it looks like this ['T', '4', 's', 't', '!', 'n', 'g']
2018-12-15 23:36:06,442:INFO:The letters in this password are: ['T', 's', 't', 'n', 'g']
2018-12-15 23:36:06,442:INFO:The 'T' was the 1st character
2018-12-15 23:36:06,442:INFO:The 's' was the 3rd character
2018-12-15 23:36:06,443:INFO:The 't' was the 4th character
2018-12-15 23:36:06,443:INFO:The 'n' was the 6th character
2018-12-15 23:36:06,443:INFO:The 'g' was the 7th character
2018-12-15 23:36:06,443:INFO:

2018-12-15 23:36:06,443:INFO:The numbers in this password are: ['4']
2018-12-15 23:36:06,443:INFO:The '4' was the 2nd character
2018-12-15 23:36:06,443:INFO:

2018-12-15 23:36:06,444:INFO:The symbols in this password are: ['!']
2018-12-15 23:36:06,444:INFO:The '!' was the 5th character
2018-12-15 23:36:06,444:INFO:

2018-12-15 23:36:06,504:INFO:The length of 'T4st!ng' is 7
2018-12-15 23:36:06,504:INFO:As a list it looks like this ['T', '4', 's', 't', '!', 'n', 'g']
2018-12-15 23:36:06,505:INFO:The letters in this password are: ['T', 's', 't', 'n', 'g']
2018-12-15 23:36:06,505:INFO:The 'T' was the 1st character
2018-12-15 23:36:06,505:INFO:The 's' was the 3rd character
2018-12-15 23:36:06,505:INFO:The 't' was the 4th character
2018-12-15 23:36:06,505:INFO:The 'n' was the 6th character
2018-12-15 23:36:06,505:INFO:The 'g' was the 7th character
2018-12-15 23:36:06,505:INFO:

2018-12-15 23:36:06,505:INFO:The numbers in this password are: ['4']
2018-12-15 23:36:06,505:INFO:The '4' was the 2nd character
2018-12-15 23:36:06,506:INFO:

2018-12-15 23:36:06,506:INFO:The symbols in this password are: ['!']
2018-12-15 23:36:06,506:INFO:The '!' was the 5th character
2018-12-15 23:36:06,506:INFO:

2018-12-15 23:36:06,573:INFO:The length of 'T4st!ng' is 7
2018-12-15 23:36:06,574:INFO:As a list it looks like this ['T', '4', 's', 't', '!', 'n', 'g']
2018-12-15 23:36:06,574:INFO:The letters in this password are: ['T', 's', 't', 'n', 'g']
2018-12-15 23:36:06,574:INFO:The 'T' was the 1st character
2018-12-15 23:36:06,574:INFO:The 's' was the 3rd character
2018-12-15 23:36:06,574:INFO:The 't' was the 4th character
2018-12-15 23:36:06,575:INFO:The 'n' was the 6th character
2018-12-15 23:36:06,575:INFO:The 'g' was the 7th character
2018-12-15 23:36:06,575:INFO:

2018-12-15 23:36:06,575:INFO:The numbers in this password are: ['4']
2018-12-15 23:36:06,575:INFO:The '4' was the 2nd character
2018-12-15 23:36:06,575:INFO:

2018-12-15 23:36:06,575:INFO:The symbols in this password are: ['!']
2018-12-15 23:36:06,576:INFO:The '!' was the 5th character
2018-12-15 23:36:06,576:INFO:

2018-12-15 23:36:06,638:INFO:The length of 'T4st!ng' is 7
2018-12-15 23:36:06,638:INFO:As a list it looks like this ['T', '4', 's', 't', '!', 'n', 'g']
2018-12-15 23:36:06,638:INFO:The letters in this password are: ['T', 's', 't', 'n', 'g']
2018-12-15 23:36:06,639:INFO:The 'T' was the 1st character
2018-12-15 23:36:06,639:INFO:The 's' was the 3rd character
2018-12-15 23:36:06,639:INFO:The 't' was the 4th character
2018-12-15 23:36:06,639:INFO:The 'n' was the 6th character
2018-12-15 23:36:06,640:INFO:The 'g' was the 7th character
2018-12-15 23:36:06,640:INFO:

2018-12-15 23:36:06,640:INFO:The numbers in this password are: ['4']
2018-12-15 23:36:06,640:INFO:The '4' was the 2nd character
2018-12-15 23:36:06,640:INFO:

2018-12-15 23:36:06,640:INFO:The symbols in this password are: ['!']
2018-12-15 23:36:06,640:INFO:The '!' was the 5th character
2018-12-15 23:36:06,641:INFO:

2018-12-15 23:36:06,707:INFO:The length of 'T4st!ng' is 7
2018-12-15 23:36:06,708:INFO:As a list it looks like this ['T', '4', 's', 't', '!', 'n', 'g']
2018-12-15 23:36:06,708:INFO:The letters in this password are: ['T', 's', 't', 'n', 'g']
2018-12-15 23:36:06,708:INFO:The 'T' was the 1st character
2018-12-15 23:36:06,709:INFO:The 's' was the 3rd character
2018-12-15 23:36:06,709:INFO:The 't' was the 4th character
2018-12-15 23:36:06,709:INFO:The 'n' was the 6th character
2018-12-15 23:36:06,709:INFO:The 'g' was the 7th character
2018-12-15 23:36:06,709:INFO:

2018-12-15 23:36:06,710:INFO:The numbers in this password are: ['4']
2018-12-15 23:36:06,710:INFO:The '4' was the 2nd character
2018-12-15 23:36:06,710:INFO:

2018-12-15 23:36:06,710:INFO:The symbols in this password are: ['!']
2018-12-15 23:36:06,710:INFO:The '!' was the 5th character
2018-12-15 23:36:06,710:INFO:

2018-12-15 23:36:06,777:INFO:The length of 'T4st!ng' is 7
2018-12-15 23:36:06,778:INFO:As a list it looks like this ['T', '4', 's', 't', '!', 'n', 'g']
2018-12-15 23:36:06,778:INFO:The letters in this password are: ['T', 's', 't', 'n', 'g']
2018-12-15 23:36:06,778:INFO:The 'T' was the 1st character
2018-12-15 23:36:06,778:INFO:The 's' was the 3rd character
2018-12-15 23:36:06,778:INFO:The 't' was the 4th character
2018-12-15 23:36:06,779:INFO:The 'n' was the 6th character
2018-12-15 23:36:06,779:INFO:The 'g' was the 7th character
2018-12-15 23:36:06,779:INFO:

2018-12-15 23:36:06,779:INFO:The numbers in this password are: ['4']
2018-12-15 23:36:06,779:INFO:The '4' was the 2nd character
2018-12-15 23:36:06,779:INFO:

2018-12-15 23:36:06,779:INFO:The symbols in this password are: ['!']
2018-12-15 23:36:06,780:INFO:The '!' was the 5th character
2018-12-15 23:36:06,780:INFO:

2018-12-15 23:36:06,838:INFO:The length of 'T4st!ng' is 7
2018-12-15 23:36:06,839:INFO:As a list it looks like this ['T', '4', 's', 't', '!', 'n', 'g']
2018-12-15 23:36:06,839:INFO:The letters in this password are: ['T', 's', 't', 'n', 'g']
2018-12-15 23:36:06,839:INFO:The 'T' was the 1st character
2018-12-15 23:36:06,839:INFO:The 's' was the 3rd character
2018-12-15 23:36:06,839:INFO:The 't' was the 4th character
2018-12-15 23:36:06,839:INFO:The 'n' was the 6th character
2018-12-15 23:36:06,839:INFO:The 'g' was the 7th character
2018-12-15 23:36:06,840:INFO:

2018-12-15 23:36:06,840:INFO:The numbers in this password are: ['4']
2018-12-15 23:36:06,840:INFO:The '4' was the 2nd character
2018-12-15 23:36:06,840:INFO:

2018-12-15 23:36:06,840:INFO:The symbols in this password are: ['!']
2018-12-15 23:36:06,840:INFO:The '!' was the 5th character
2018-12-15 23:36:06,841:INFO:

2018-12-15 23:36:06,899:INFO:The length of 'T4st!ng' is 7
2018-12-15 23:36:06,899:INFO:As a list it looks like this ['T', '4', 's', 't', '!', 'n', 'g']
2018-12-15 23:36:06,900:INFO:The letters in this password are: ['T', 's', 't', 'n', 'g']
2018-12-15 23:36:06,900:INFO:The 'T' was the 1st character
2018-12-15 23:36:06,900:INFO:The 's' was the 3rd character
2018-12-15 23:36:06,900:INFO:The 't' was the 4th character
2018-12-15 23:36:06,900:INFO:The 'n' was the 6th character
2018-12-15 23:36:06,900:INFO:The 'g' was the 7th character
2018-12-15 23:36:06,901:INFO:

2018-12-15 23:36:06,901:INFO:The numbers in this password are: ['4']
2018-12-15 23:36:06,901:INFO:The '4' was the 2nd character
2018-12-15 23:36:06,901:INFO:

2018-12-15 23:36:06,901:INFO:The symbols in this password are: ['!']
2018-12-15 23:36:06,902:INFO:The '!' was the 5th character
2018-12-15 23:36:06,902:INFO:

2018-12-15 23:36:06,960:INFO:The length of 'T4st!ng' is 7
2018-12-15 23:36:06,961:INFO:As a list it looks like this ['T', '4', 's', 't', '!', 'n', 'g']
2018-12-15 23:36:06,961:INFO:The letters in this password are: ['T', 's', 't', 'n', 'g']
2018-12-15 23:36:06,961:INFO:The 'T' was the 1st character
2018-12-15 23:36:06,961:INFO:The 's' was the 3rd character
2018-12-15 23:36:06,961:INFO:The 't' was the 4th character
2018-12-15 23:36:06,961:INFO:The 'n' was the 6th character
2018-12-15 23:36:06,962:INFO:The 'g' was the 7th character
2018-12-15 23:36:06,962:INFO:

2018-12-15 23:36:06,962:INFO:The numbers in this password are: ['4']
2018-12-15 23:36:06,962:INFO:The '4' was the 2nd character
2018-12-15 23:36:06,962:INFO:

2018-12-15 23:36:06,962:INFO:The symbols in this password are: ['!']
2018-12-15 23:36:06,963:INFO:The '!' was the 5th character
2018-12-15 23:36:06,963:INFO:

2018-12-15 23:36:07,023:INFO:The length of 'T4st!ng' is 7
2018-12-15 23:36:07,024:INFO:As a list it looks like this ['T', '4', 's', 't', '!', 'n', 'g']
2018-12-15 23:36:07,024:INFO:The letters in this password are: ['T', 's', 't', 'n', 'g']
2018-12-15 23:36:07,024:INFO:The 'T' was the 1st character
2018-12-15 23:36:07,024:INFO:The 's' was the 3rd character
2018-12-15 23:36:07,024:INFO:The 't' was the 4th character
2018-12-15 23:36:07,024:INFO:The 'n' was the 6th character
2018-12-15 23:36:07,025:INFO:The 'g' was the 7th character
2018-12-15 23:36:07,025:INFO:

2018-12-15 23:36:07,025:INFO:The numbers in this password are: ['4']
2018-12-15 23:36:07,025:INFO:The '4' was the 2nd character
2018-12-15 23:36:07,026:INFO:

2018-12-15 23:36:07,026:INFO:The symbols in this password are: ['!']
2018-12-15 23:36:07,026:INFO:The '!' was the 5th character
2018-12-15 23:36:07,026:INFO:

2018-12-15 23:36:07,089:INFO:The length of 'T4st!ng' is 7
2018-12-15 23:36:07,090:INFO:As a list it looks like this ['T', '4', 's', 't', '!', 'n', 'g']
2018-12-15 23:36:07,090:INFO:The letters in this password are: ['T', 's', 't', 'n', 'g']
2018-12-15 23:36:07,090:INFO:The 'T' was the 1st character
2018-12-15 23:36:07,090:INFO:The 's' was the 3rd character
2018-12-15 23:36:07,091:INFO:The 't' was the 4th character
2018-12-15 23:36:07,091:INFO:The 'n' was the 6th character
2018-12-15 23:36:07,091:INFO:The 'g' was the 7th character
2018-12-15 23:36:07,091:INFO:

2018-12-15 23:36:07,091:INFO:The numbers in this password are: ['4']
2018-12-15 23:36:07,091:INFO:The '4' was the 2nd character
2018-12-15 23:36:07,091:INFO:

2018-12-15 23:36:07,092:INFO:The symbols in this password are: ['!']
2018-12-15 23:36:07,092:INFO:The '!' was the 5th character
2018-12-15 23:36:07,092:INFO:

2018-12-15 23:36:07,148:INFO:The length of 'T4st!ng' is 7
2018-12-15 23:36:07,148:INFO:As a list it looks like this ['T', '4', 's', 't', '!', 'n', 'g']
2018-12-15 23:36:07,149:INFO:The letters in this password are: ['T', 's', 't', 'n', 'g']
2018-12-15 23:36:07,149:INFO:The 'T' was the 1st character
2018-12-15 23:36:07,149:INFO:The 's' was the 3rd character
2018-12-15 23:36:07,149:INFO:The 't' was the 4th character
2018-12-15 23:36:07,149:INFO:The 'n' was the 6th character
2018-12-15 23:36:07,149:INFO:The 'g' was the 7th character
2018-12-15 23:36:07,149:INFO:

2018-12-15 23:36:07,150:INFO:The numbers in this password are: ['4']
2018-12-15 23:36:07,150:INFO:The '4' was the 2nd character
2018-12-15 23:36:07,150:INFO:

2018-12-15 23:36:07,150:INFO:The symbols in this password are: ['!']
2018-12-15 23:36:07,150:INFO:The '!' was the 5th character
2018-12-15 23:36:07,150:INFO:

2018-12-15 23:36:07,213:INFO:The length of 'T4st!ng' is 7
2018-12-15 23:36:07,213:INFO:As a list it looks like this ['T', '4', 's', 't', '!', 'n', 'g']
2018-12-15 23:36:07,213:INFO:The letters in this password are: ['T', 's', 't', 'n', 'g']
2018-12-15 23:36:07,214:INFO:The 'T' was the 1st character
2018-12-15 23:36:07,214:INFO:The 's' was the 3rd character
2018-12-15 23:36:07,214:INFO:The 't' was the 4th character
2018-12-15 23:36:07,214:INFO:The 'n' was the 6th character
2018-12-15 23:36:07,214:INFO:The 'g' was the 7th character
2018-12-15 23:36:07,214:INFO:

2018-12-15 23:36:07,214:INFO:The numbers in this password are: ['4']
2018-12-15 23:36:07,214:INFO:The '4' was the 2nd character
2018-12-15 23:36:07,215:INFO:

2018-12-15 23:36:07,215:INFO:The symbols in this password are: ['!']
2018-12-15 23:36:07,215:INFO:The '!' was the 5th character
2018-12-15 23:36:07,215:INFO:

2018-12-15 23:36:07,275:INFO:The length of 'T4st!ng' is 7
2018-12-15 23:36:07,276:INFO:As a list it looks like this ['T', '4', 's', 't', '!', 'n', 'g']
2018-12-15 23:36:07,276:INFO:The letters in this password are: ['T', 's', 't', 'n', 'g']
2018-12-15 23:36:07,276:INFO:The 'T' was the 1st character
2018-12-15 23:36:07,277:INFO:The 's' was the 3rd character
2018-12-15 23:36:07,277:INFO:The 't' was the 4th character
2018-12-15 23:36:07,277:INFO:The 'n' was the 6th character
2018-12-15 23:36:07,277:INFO:The 'g' was the 7th character
2018-12-15 23:36:07,277:INFO:

2018-12-15 23:36:07,277:INFO:The numbers in this password are: ['4']
2018-12-15 23:36:07,278:INFO:The '4' was the 2nd character
2018-12-15 23:36:07,278:INFO:

2018-12-15 23:36:07,278:INFO:The symbols in this password are: ['!']
2018-12-15 23:36:07,278:INFO:The '!' was the 5th character
2018-12-15 23:36:07,278:INFO:

2018-12-15 23:36:07,336:INFO:The length of 'T4st!ng' is 7
2018-12-15 23:36:07,337:INFO:As a list it looks like this ['T', '4', 's', 't', '!', 'n', 'g']
2018-12-15 23:36:07,337:INFO:The letters in this password are: ['T', 's', 't', 'n', 'g']
2018-12-15 23:36:07,337:INFO:The 'T' was the 1st character
2018-12-15 23:36:07,337:INFO:The 's' was the 3rd character
2018-12-15 23:36:07,337:INFO:The 't' was the 4th character
2018-12-15 23:36:07,338:INFO:The 'n' was the 6th character
2018-12-15 23:36:07,338:INFO:The 'g' was the 7th character
2018-12-15 23:36:07,338:INFO:

2018-12-15 23:36:07,338:INFO:The numbers in this password are: ['4']
2018-12-15 23:36:07,338:INFO:The '4' was the 2nd character
2018-12-15 23:36:07,338:INFO:

2018-12-15 23:36:07,338:INFO:The symbols in this password are: ['!']
2018-12-15 23:36:07,338:INFO:The '!' was the 5th character
2018-12-15 23:36:07,339:INFO:

2018-12-15 23:36:07,400:INFO:The length of 'T4st!ng' is 7
2018-12-15 23:36:07,400:INFO:As a list it looks like this ['T', '4', 's', 't', '!', 'n', 'g']
2018-12-15 23:36:07,401:INFO:The letters in this password are: ['T', 's', 't', 'n', 'g']
2018-12-15 23:36:07,401:INFO:The 'T' was the 1st character
2018-12-15 23:36:07,401:INFO:The 's' was the 3rd character
2018-12-15 23:36:07,401:INFO:The 't' was the 4th character
2018-12-15 23:36:07,401:INFO:The 'n' was the 6th character
2018-12-15 23:36:07,401:INFO:The 'g' was the 7th character
2018-12-15 23:36:07,402:INFO:

2018-12-15 23:36:07,402:INFO:The numbers in this password are: ['4']
2018-12-15 23:36:07,402:INFO:The '4' was the 2nd character
2018-12-15 23:36:07,402:INFO:

2018-12-15 23:36:07,402:INFO:The symbols in this password are: ['!']
2018-12-15 23:36:07,402:INFO:The '!' was the 5th character
2018-12-15 23:36:07,402:INFO:

2018-12-15 23:36:07,468:INFO:The length of 'T4st!ng' is 7
2018-12-15 23:36:07,468:INFO:As a list it looks like this ['T', '4', 's', 't', '!', 'n', 'g']
2018-12-15 23:36:07,468:INFO:The letters in this password are: ['T', 's', 't', 'n', 'g']
2018-12-15 23:36:07,469:INFO:The 'T' was the 1st character
2018-12-15 23:36:07,469:INFO:The 's' was the 3rd character
2018-12-15 23:36:07,469:INFO:The 't' was the 4th character
2018-12-15 23:36:07,469:INFO:The 'n' was the 6th character
2018-12-15 23:36:07,469:INFO:The 'g' was the 7th character
2018-12-15 23:36:07,469:INFO:

2018-12-15 23:36:07,469:INFO:The numbers in this password are: ['4']
2018-12-15 23:36:07,470:INFO:The '4' was the 2nd character
2018-12-15 23:36:07,470:INFO:

2018-12-15 23:36:07,470:INFO:The symbols in this password are: ['!']
2018-12-15 23:36:07,470:INFO:The '!' was the 5th character
2018-12-15 23:36:07,470:INFO:

2018-12-15 23:36:07,530:INFO:The length of 'T4st!ng' is 7
2018-12-15 23:36:07,531:INFO:As a list it looks like this ['T', '4', 's', 't', '!', 'n', 'g']
2018-12-15 23:36:07,531:INFO:The letters in this password are: ['T', 's', 't', 'n', 'g']
2018-12-15 23:36:07,531:INFO:The 'T' was the 1st character
2018-12-15 23:36:07,531:INFO:The 's' was the 3rd character
2018-12-15 23:36:07,531:INFO:The 't' was the 4th character
2018-12-15 23:36:07,531:INFO:The 'n' was the 6th character
2018-12-15 23:36:07,531:INFO:The 'g' was the 7th character
2018-12-15 23:36:07,532:INFO:

2018-12-15 23:36:07,532:INFO:The numbers in this password are: ['4']
2018-12-15 23:36:07,532:INFO:The '4' was the 2nd character
2018-12-15 23:36:07,532:INFO:

2018-12-15 23:36:07,532:INFO:The symbols in this password are: ['!']
2018-12-15 23:36:07,532:INFO:The '!' was the 5th character
2018-12-15 23:36:07,533:INFO:

2018-12-15 23:36:07,592:INFO:The length of 'T4st!ng' is 7
2018-12-15 23:36:07,593:INFO:As a list it looks like this ['T', '4', 's', 't', '!', 'n', 'g']
2018-12-15 23:36:07,593:INFO:The letters in this password are: ['T', 's', 't', 'n', 'g']
2018-12-15 23:36:07,593:INFO:The 'T' was the 1st character
2018-12-15 23:36:07,593:INFO:The 's' was the 3rd character
2018-12-15 23:36:07,593:INFO:The 't' was the 4th character
2018-12-15 23:36:07,594:INFO:The 'n' was the 6th character
2018-12-15 23:36:07,594:INFO:The 'g' was the 7th character
2018-12-15 23:36:07,594:INFO:

2018-12-15 23:36:07,594:INFO:The numbers in this password are: ['4']
2018-12-15 23:36:07,594:INFO:The '4' was the 2nd character
2018-12-15 23:36:07,594:INFO:

2018-12-15 23:36:07,594:INFO:The symbols in this password are: ['!']
2018-12-15 23:36:07,595:INFO:The '!' was the 5th character
2018-12-15 23:36:07,595:INFO:

2018-12-15 23:36:07,650:INFO:The length of 'T4st!ng' is 7
2018-12-15 23:36:07,651:INFO:As a list it looks like this ['T', '4', 's', 't', '!', 'n', 'g']
2018-12-15 23:36:07,651:INFO:The letters in this password are: ['T', 's', 't', 'n', 'g']
2018-12-15 23:36:07,651:INFO:The 'T' was the 1st character
2018-12-15 23:36:07,651:INFO:The 's' was the 3rd character
2018-12-15 23:36:07,651:INFO:The 't' was the 4th character
2018-12-15 23:36:07,651:INFO:The 'n' was the 6th character
2018-12-15 23:36:07,652:INFO:The 'g' was the 7th character
2018-12-15 23:36:07,652:INFO:

2018-12-15 23:36:07,652:INFO:The numbers in this password are: ['4']
2018-12-15 23:36:07,652:INFO:The '4' was the 2nd character
2018-12-15 23:36:07,652:INFO:

2018-12-15 23:36:07,652:INFO:The symbols in this password are: ['!']
2018-12-15 23:36:07,652:INFO:The '!' was the 5th character
2018-12-15 23:36:07,652:INFO:

2018-12-15 23:36:07,710:INFO:The length of 'T4st!ng' is 7
2018-12-15 23:36:07,710:INFO:As a list it looks like this ['T', '4', 's', 't', '!', 'n', 'g']
2018-12-15 23:36:07,710:INFO:The letters in this password are: ['T', 's', 't', 'n', 'g']
2018-12-15 23:36:07,710:INFO:The 'T' was the 1st character
2018-12-15 23:36:07,710:INFO:The 's' was the 3rd character
2018-12-15 23:36:07,711:INFO:The 't' was the 4th character
2018-12-15 23:36:07,711:INFO:The 'n' was the 6th character
2018-12-15 23:36:07,711:INFO:The 'g' was the 7th character
2018-12-15 23:36:07,711:INFO:

2018-12-15 23:36:07,711:INFO:The numbers in this password are: ['4']
2018-12-15 23:36:07,711:INFO:The '4' was the 2nd character
2018-12-15 23:36:07,711:INFO:

2018-12-15 23:36:07,711:INFO:The symbols in this password are: ['!']
2018-12-15 23:36:07,711:INFO:The '!' was the 5th character
2018-12-15 23:36:07,712:INFO:

2018-12-15 23:36:07,769:INFO:The length of 'T4st!ng' is 7
2018-12-15 23:36:07,769:INFO:As a list it looks like this ['T', '4', 's', 't', '!', 'n', 'g']
2018-12-15 23:36:07,770:INFO:The letters in this password are: ['T', 's', 't', 'n', 'g']
2018-12-15 23:36:07,770:INFO:The 'T' was the 1st character
2018-12-15 23:36:07,770:INFO:The 's' was the 3rd character
2018-12-15 23:36:07,770:INFO:The 't' was the 4th character
2018-12-15 23:36:07,770:INFO:The 'n' was the 6th character
2018-12-15 23:36:07,770:INFO:The 'g' was the 7th character
2018-12-15 23:36:07,770:INFO:

2018-12-15 23:36:07,771:INFO:The numbers in this password are: ['4']
2018-12-15 23:36:07,771:INFO:The '4' was the 2nd character
2018-12-15 23:36:07,771:INFO:

2018-12-15 23:36:07,771:INFO:The symbols in this password are: ['!']
2018-12-15 23:36:07,771:INFO:The '!' was the 5th character
2018-12-15 23:36:07,771:INFO:

2018-12-15 23:36:07,828:INFO:The length of 'T4st!ng' is 7
2018-12-15 23:36:07,829:INFO:As a list it looks like this ['T', '4', 's', 't', '!', 'n', 'g']
2018-12-15 23:36:07,829:INFO:The letters in this password are: ['T', 's', 't', 'n', 'g']
2018-12-15 23:36:07,829:INFO:The 'T' was the 1st character
2018-12-15 23:36:07,829:INFO:The 's' was the 3rd character
2018-12-15 23:36:07,829:INFO:The 't' was the 4th character
2018-12-15 23:36:07,829:INFO:The 'n' was the 6th character
2018-12-15 23:36:07,830:INFO:The 'g' was the 7th character
2018-12-15 23:36:07,830:INFO:

2018-12-15 23:36:07,830:INFO:The numbers in this password are: ['4']
2018-12-15 23:36:07,830:INFO:The '4' was the 2nd character
2018-12-15 23:36:07,830:INFO:

2018-12-15 23:36:07,830:INFO:The symbols in this password are: ['!']
2018-12-15 23:36:07,831:INFO:The '!' was the 5th character
2018-12-15 23:36:07,831:INFO:

2018-12-15 23:36:07,890:INFO:The length of 'T4st!ng' is 7
2018-12-15 23:36:07,890:INFO:As a list it looks like this ['T', '4', 's', 't', '!', 'n', 'g']
2018-12-15 23:36:07,890:INFO:The letters in this password are: ['T', 's', 't', 'n', 'g']
2018-12-15 23:36:07,890:INFO:The 'T' was the 1st character
2018-12-15 23:36:07,891:INFO:The 's' was the 3rd character
2018-12-15 23:36:07,891:INFO:The 't' was the 4th character
2018-12-15 23:36:07,891:INFO:The 'n' was the 6th character
2018-12-15 23:36:07,891:INFO:The 'g' was the 7th character
2018-12-15 23:36:07,891:INFO:

2018-12-15 23:36:07,891:INFO:The numbers in this password are: ['4']
2018-12-15 23:36:07,891:INFO:The '4' was the 2nd character
2018-12-15 23:36:07,891:INFO:

2018-12-15 23:36:07,891:INFO:The symbols in this password are: ['!']
2018-12-15 23:36:07,892:INFO:The '!' was the 5th character
2018-12-15 23:36:07,892:INFO:

2018-12-15 23:36:07,950:INFO:The length of 'T4st!ng' is 7
2018-12-15 23:36:07,950:INFO:As a list it looks like this ['T', '4', 's', 't', '!', 'n', 'g']
2018-12-15 23:36:07,950:INFO:The letters in this password are: ['T', 's', 't', 'n', 'g']
2018-12-15 23:36:07,950:INFO:The 'T' was the 1st character
2018-12-15 23:36:07,951:INFO:The 's' was the 3rd character
2018-12-15 23:36:07,951:INFO:The 't' was the 4th character
2018-12-15 23:36:07,951:INFO:The 'n' was the 6th character
2018-12-15 23:36:07,951:INFO:The 'g' was the 7th character
2018-12-15 23:36:07,951:INFO:

2018-12-15 23:36:07,951:INFO:The numbers in this password are: ['4']
2018-12-15 23:36:07,951:INFO:The '4' was the 2nd character
2018-12-15 23:36:07,951:INFO:

2018-12-15 23:36:07,952:INFO:The symbols in this password are: ['!']
2018-12-15 23:36:07,952:INFO:The '!' was the 5th character
2018-12-15 23:36:07,952:INFO:

2018-12-15 23:36:08,013:INFO:The length of 'T4st!ng' is 7
2018-12-15 23:36:08,013:INFO:As a list it looks like this ['T', '4', 's', 't', '!', 'n', 'g']
2018-12-15 23:36:08,013:INFO:The letters in this password are: ['T', 's', 't', 'n', 'g']
2018-12-15 23:36:08,013:INFO:The 'T' was the 1st character
2018-12-15 23:36:08,013:INFO:The 's' was the 3rd character
2018-12-15 23:36:08,014:INFO:The 't' was the 4th character
2018-12-15 23:36:08,014:INFO:The 'n' was the 6th character
2018-12-15 23:36:08,014:INFO:The 'g' was the 7th character
2018-12-15 23:36:08,014:INFO:

2018-12-15 23:36:08,014:INFO:The numbers in this password are: ['4']
2018-12-15 23:36:08,014:INFO:The '4' was the 2nd character
2018-12-15 23:36:08,014:INFO:

2018-12-15 23:36:08,014:INFO:The symbols in this password are: ['!']
2018-12-15 23:36:08,015:INFO:The '!' was the 5th character
2018-12-15 23:36:08,015:INFO:

2018-12-15 23:36:08,075:INFO:The length of 'T4st!ng' is 7
2018-12-15 23:36:08,075:INFO:As a list it looks like this ['T', '4', 's', 't', '!', 'n', 'g']
2018-12-15 23:36:08,075:INFO:The letters in this password are: ['T', 's', 't', 'n', 'g']
2018-12-15 23:36:08,075:INFO:The 'T' was the 1st character
2018-12-15 23:36:08,075:INFO:The 's' was the 3rd character
2018-12-15 23:36:08,076:INFO:The 't' was the 4th character
2018-12-15 23:36:08,076:INFO:The 'n' was the 6th character
2018-12-15 23:36:08,076:INFO:The 'g' was the 7th character
2018-12-15 23:36:08,076:INFO:

2018-12-15 23:36:08,076:INFO:The numbers in this password are: ['4']
2018-12-15 23:36:08,076:INFO:The '4' was the 2nd character
2018-12-15 23:36:08,076:INFO:

2018-12-15 23:36:08,077:INFO:The symbols in this password are: ['!']
2018-12-15 23:36:08,077:INFO:The '!' was the 5th character
2018-12-15 23:36:08,077:INFO:

2018-12-15 23:36:08,134:INFO:The length of 'T4st!ng' is 7
2018-12-15 23:36:08,134:INFO:As a list it looks like this ['T', '4', 's', 't', '!', 'n', 'g']
2018-12-15 23:36:08,134:INFO:The letters in this password are: ['T', 's', 't', 'n', 'g']
2018-12-15 23:36:08,135:INFO:The 'T' was the 1st character
2018-12-15 23:36:08,135:INFO:The 's' was the 3rd character
2018-12-15 23:36:08,135:INFO:The 't' was the 4th character
2018-12-15 23:36:08,135:INFO:The 'n' was the 6th character
2018-12-15 23:36:08,135:INFO:The 'g' was the 7th character
2018-12-15 23:36:08,136:INFO:

2018-12-15 23:36:08,136:INFO:The numbers in this password are: ['4']
2018-12-15 23:36:08,136:INFO:The '4' was the 2nd character
2018-12-15 23:36:08,136:INFO:

2018-12-15 23:36:08,136:INFO:The symbols in this password are: ['!']
2018-12-15 23:36:08,136:INFO:The '!' was the 5th character
2018-12-15 23:36:08,136:INFO:

2018-12-15 23:36:08,192:INFO:The length of 'T4st!ng' is 7
2018-12-15 23:36:08,193:INFO:As a list it looks like this ['T', '4', 's', 't', '!', 'n', 'g']
2018-12-15 23:36:08,193:INFO:The letters in this password are: ['T', 's', 't', 'n', 'g']
2018-12-15 23:36:08,193:INFO:The 'T' was the 1st character
2018-12-15 23:36:08,193:INFO:The 's' was the 3rd character
2018-12-15 23:36:08,194:INFO:The 't' was the 4th character
2018-12-15 23:36:08,194:INFO:The 'n' was the 6th character
2018-12-15 23:36:08,194:INFO:The 'g' was the 7th character
2018-12-15 23:36:08,194:INFO:

2018-12-15 23:36:08,194:INFO:The numbers in this password are: ['4']
2018-12-15 23:36:08,194:INFO:The '4' was the 2nd character
2018-12-15 23:36:08,194:INFO:

2018-12-15 23:36:08,194:INFO:The symbols in this password are: ['!']
2018-12-15 23:36:08,195:INFO:The '!' was the 5th character
2018-12-15 23:36:08,195:INFO:

2018-12-15 23:36:08,256:INFO:The length of 'T4st!ng' is 7
2018-12-15 23:36:08,256:INFO:As a list it looks like this ['T', '4', 's', 't', '!', 'n', 'g']
2018-12-15 23:36:08,256:INFO:The letters in this password are: ['T', 's', 't', 'n', 'g']
2018-12-15 23:36:08,257:INFO:The 'T' was the 1st character
2018-12-15 23:36:08,257:INFO:The 's' was the 3rd character
2018-12-15 23:36:08,257:INFO:The 't' was the 4th character
2018-12-15 23:36:08,257:INFO:The 'n' was the 6th character
2018-12-15 23:36:08,257:INFO:The 'g' was the 7th character
2018-12-15 23:36:08,257:INFO:

2018-12-15 23:36:08,257:INFO:The numbers in this password are: ['4']
2018-12-15 23:36:08,258:INFO:The '4' was the 2nd character
2018-12-15 23:36:08,258:INFO:

2018-12-15 23:36:08,258:INFO:The symbols in this password are: ['!']
2018-12-15 23:36:08,258:INFO:The '!' was the 5th character
2018-12-15 23:36:08,258:INFO:

2018-12-15 23:36:08,324:INFO:The length of 'T4st!ng' is 7
2018-12-15 23:36:08,324:INFO:As a list it looks like this ['T', '4', 's', 't', '!', 'n', 'g']
2018-12-15 23:36:08,324:INFO:The letters in this password are: ['T', 's', 't', 'n', 'g']
2018-12-15 23:36:08,325:INFO:The 'T' was the 1st character
2018-12-15 23:36:08,325:INFO:The 's' was the 3rd character
2018-12-15 23:36:08,325:INFO:The 't' was the 4th character
2018-12-15 23:36:08,325:INFO:The 'n' was the 6th character
2018-12-15 23:36:08,325:INFO:The 'g' was the 7th character
2018-12-15 23:36:08,326:INFO:

2018-12-15 23:36:08,326:INFO:The numbers in this password are: ['4']
2018-12-15 23:36:08,326:INFO:The '4' was the 2nd character
2018-12-15 23:36:08,326:INFO:

2018-12-15 23:36:08,326:INFO:The symbols in this password are: ['!']
2018-12-15 23:36:08,326:INFO:The '!' was the 5th character
2018-12-15 23:36:08,327:INFO:

2018-12-15 23:36:08,385:INFO:The length of 'T4st!ng' is 7
2018-12-15 23:36:08,386:INFO:As a list it looks like this ['T', '4', 's', 't', '!', 'n', 'g']
2018-12-15 23:36:08,386:INFO:The letters in this password are: ['T', 's', 't', 'n', 'g']
2018-12-15 23:36:08,386:INFO:The 'T' was the 1st character
2018-12-15 23:36:08,387:INFO:The 's' was the 3rd character
2018-12-15 23:36:08,387:INFO:The 't' was the 4th character
2018-12-15 23:36:08,387:INFO:The 'n' was the 6th character
2018-12-15 23:36:08,387:INFO:The 'g' was the 7th character
2018-12-15 23:36:08,387:INFO:

2018-12-15 23:36:08,387:INFO:The numbers in this password are: ['4']
2018-12-15 23:36:08,387:INFO:The '4' was the 2nd character
2018-12-15 23:36:08,387:INFO:

2018-12-15 23:36:08,387:INFO:The symbols in this password are: ['!']
2018-12-15 23:36:08,388:INFO:The '!' was the 5th character
2018-12-15 23:36:08,388:INFO:

2018-12-15 23:36:08,447:INFO:The length of 'T4st!ng' is 7
2018-12-15 23:36:08,448:INFO:As a list it looks like this ['T', '4', 's', 't', '!', 'n', 'g']
2018-12-15 23:36:08,448:INFO:The letters in this password are: ['T', 's', 't', 'n', 'g']
2018-12-15 23:36:08,448:INFO:The 'T' was the 1st character
2018-12-15 23:36:08,449:INFO:The 's' was the 3rd character
2018-12-15 23:36:08,449:INFO:The 't' was the 4th character
2018-12-15 23:36:08,449:INFO:The 'n' was the 6th character
2018-12-15 23:36:08,449:INFO:The 'g' was the 7th character
2018-12-15 23:36:08,449:INFO:

2018-12-15 23:36:08,449:INFO:The numbers in this password are: ['4']
2018-12-15 23:36:08,450:INFO:The '4' was the 2nd character
2018-12-15 23:36:08,450:INFO:

2018-12-15 23:36:08,450:INFO:The symbols in this password are: ['!']
2018-12-15 23:36:08,450:INFO:The '!' was the 5th character
2018-12-15 23:36:08,450:INFO:

2018-12-15 23:36:08,516:INFO:The length of 'T4st!ng' is 7
2018-12-15 23:36:08,517:INFO:As a list it looks like this ['T', '4', 's', 't', '!', 'n', 'g']
2018-12-15 23:36:08,517:INFO:The letters in this password are: ['T', 's', 't', 'n', 'g']
2018-12-15 23:36:08,517:INFO:The 'T' was the 1st character
2018-12-15 23:36:08,517:INFO:The 's' was the 3rd character
2018-12-15 23:36:08,518:INFO:The 't' was the 4th character
2018-12-15 23:36:08,518:INFO:The 'n' was the 6th character
2018-12-15 23:36:08,518:INFO:The 'g' was the 7th character
2018-12-15 23:36:08,518:INFO:

2018-12-15 23:36:08,518:INFO:The numbers in this password are: ['4']
2018-12-15 23:36:08,518:INFO:The '4' was the 2nd character
2018-12-15 23:36:08,518:INFO:

2018-12-15 23:36:08,519:INFO:The symbols in this password are: ['!']
2018-12-15 23:36:08,519:INFO:The '!' was the 5th character
2018-12-15 23:36:08,519:INFO:

2018-12-15 23:36:08,586:INFO:The length of 'T4st!ng' is 7
2018-12-15 23:36:08,587:INFO:As a list it looks like this ['T', '4', 's', 't', '!', 'n', 'g']
2018-12-15 23:36:08,587:INFO:The letters in this password are: ['T', 's', 't', 'n', 'g']
2018-12-15 23:36:08,587:INFO:The 'T' was the 1st character
2018-12-15 23:36:08,587:INFO:The 's' was the 3rd character
2018-12-15 23:36:08,588:INFO:The 't' was the 4th character
2018-12-15 23:36:08,588:INFO:The 'n' was the 6th character
2018-12-15 23:36:08,588:INFO:The 'g' was the 7th character
2018-12-15 23:36:08,588:INFO:

2018-12-15 23:36:08,588:INFO:The numbers in this password are: ['4']
2018-12-15 23:36:08,589:INFO:The '4' was the 2nd character
2018-12-15 23:36:08,589:INFO:

2018-12-15 23:36:08,589:INFO:The symbols in this password are: ['!']
2018-12-15 23:36:08,589:INFO:The '!' was the 5th character
2018-12-15 23:36:08,590:INFO:

2018-12-15 23:36:08,651:INFO:The length of 'T4st!ng' is 7
2018-12-15 23:36:08,651:INFO:As a list it looks like this ['T', '4', 's', 't', '!', 'n', 'g']
2018-12-15 23:36:08,652:INFO:The letters in this password are: ['T', 's', 't', 'n', 'g']
2018-12-15 23:36:08,652:INFO:The 'T' was the 1st character
2018-12-15 23:36:08,652:INFO:The 's' was the 3rd character
2018-12-15 23:36:08,652:INFO:The 't' was the 4th character
2018-12-15 23:36:08,652:INFO:The 'n' was the 6th character
2018-12-15 23:36:08,652:INFO:The 'g' was the 7th character
2018-12-15 23:36:08,653:INFO:

2018-12-15 23:36:08,653:INFO:The numbers in this password are: ['4']
2018-12-15 23:36:08,653:INFO:The '4' was the 2nd character
2018-12-15 23:36:08,653:INFO:

2018-12-15 23:36:08,653:INFO:The symbols in this password are: ['!']
2018-12-15 23:36:08,654:INFO:The '!' was the 5th character
2018-12-15 23:36:08,654:INFO:

2018-12-15 23:36:08,722:INFO:The length of 'T4st!ng' is 7
2018-12-15 23:36:08,723:INFO:As a list it looks like this ['T', '4', 's', 't', '!', 'n', 'g']
2018-12-15 23:36:08,723:INFO:The letters in this password are: ['T', 's', 't', 'n', 'g']
2018-12-15 23:36:08,724:INFO:The 'T' was the 1st character
2018-12-15 23:36:08,724:INFO:The 's' was the 3rd character
2018-12-15 23:36:08,724:INFO:The 't' was the 4th character
2018-12-15 23:36:08,724:INFO:The 'n' was the 6th character
2018-12-15 23:36:08,724:INFO:The 'g' was the 7th character
2018-12-15 23:36:08,724:INFO:

2018-12-15 23:36:08,724:INFO:The numbers in this password are: ['4']
2018-12-15 23:36:08,725:INFO:The '4' was the 2nd character
2018-12-15 23:36:08,725:INFO:

2018-12-15 23:36:08,725:INFO:The symbols in this password are: ['!']
2018-12-15 23:36:08,725:INFO:The '!' was the 5th character
2018-12-15 23:36:08,725:INFO:

2018-12-15 23:36:08,784:INFO:The length of 'T4st!ng' is 7
2018-12-15 23:36:08,784:INFO:As a list it looks like this ['T', '4', 's', 't', '!', 'n', 'g']
2018-12-15 23:36:08,785:INFO:The letters in this password are: ['T', 's', 't', 'n', 'g']
2018-12-15 23:36:08,785:INFO:The 'T' was the 1st character
2018-12-15 23:36:08,785:INFO:The 's' was the 3rd character
2018-12-15 23:36:08,785:INFO:The 't' was the 4th character
2018-12-15 23:36:08,785:INFO:The 'n' was the 6th character
2018-12-15 23:36:08,785:INFO:The 'g' was the 7th character
2018-12-15 23:36:08,785:INFO:

2018-12-15 23:36:08,786:INFO:The numbers in this password are: ['4']
2018-12-15 23:36:08,786:INFO:The '4' was the 2nd character
2018-12-15 23:36:08,786:INFO:

2018-12-15 23:36:08,786:INFO:The symbols in this password are: ['!']
2018-12-15 23:36:08,786:INFO:The '!' was the 5th character
2018-12-15 23:36:08,786:INFO:

2018-12-15 23:36:08,845:INFO:The length of 'T4st!ng' is 7
2018-12-15 23:36:08,845:INFO:As a list it looks like this ['T', '4', 's', 't', '!', 'n', 'g']
2018-12-15 23:36:08,845:INFO:The letters in this password are: ['T', 's', 't', 'n', 'g']
2018-12-15 23:36:08,846:INFO:The 'T' was the 1st character
2018-12-15 23:36:08,846:INFO:The 's' was the 3rd character
2018-12-15 23:36:08,846:INFO:The 't' was the 4th character
2018-12-15 23:36:08,846:INFO:The 'n' was the 6th character
2018-12-15 23:36:08,846:INFO:The 'g' was the 7th character
2018-12-15 23:36:08,846:INFO:

2018-12-15 23:36:08,847:INFO:The numbers in this password are: ['4']
2018-12-15 23:36:08,847:INFO:The '4' was the 2nd character
2018-12-15 23:36:08,847:INFO:

2018-12-15 23:36:08,847:INFO:The symbols in this password are: ['!']
2018-12-15 23:36:08,847:INFO:The '!' was the 5th character
2018-12-15 23:36:08,848:INFO:

2018-12-15 23:36:08,905:INFO:The length of 'T4st!ng' is 7
2018-12-15 23:36:08,905:INFO:As a list it looks like this ['T', '4', 's', 't', '!', 'n', 'g']
2018-12-15 23:36:08,906:INFO:The letters in this password are: ['T', 's', 't', 'n', 'g']
2018-12-15 23:36:08,906:INFO:The 'T' was the 1st character
2018-12-15 23:36:08,906:INFO:The 's' was the 3rd character
2018-12-15 23:36:08,906:INFO:The 't' was the 4th character
2018-12-15 23:36:08,906:INFO:The 'n' was the 6th character
2018-12-15 23:36:08,906:INFO:The 'g' was the 7th character
2018-12-15 23:36:08,906:INFO:

2018-12-15 23:36:08,907:INFO:The numbers in this password are: ['4']
2018-12-15 23:36:08,907:INFO:The '4' was the 2nd character
2018-12-15 23:36:08,907:INFO:

2018-12-15 23:36:08,907:INFO:The symbols in this password are: ['!']
2018-12-15 23:36:08,907:INFO:The '!' was the 5th character
2018-12-15 23:36:08,907:INFO:

2018-12-15 23:36:08,965:INFO:The length of 'T4st!ng' is 7
2018-12-15 23:36:08,966:INFO:As a list it looks like this ['T', '4', 's', 't', '!', 'n', 'g']
2018-12-15 23:36:08,966:INFO:The letters in this password are: ['T', 's', 't', 'n', 'g']
2018-12-15 23:36:08,966:INFO:The 'T' was the 1st character
2018-12-15 23:36:08,967:INFO:The 's' was the 3rd character
2018-12-15 23:36:08,967:INFO:The 't' was the 4th character
2018-12-15 23:36:08,967:INFO:The 'n' was the 6th character
2018-12-15 23:36:08,967:INFO:The 'g' was the 7th character
2018-12-15 23:36:08,967:INFO:

2018-12-15 23:36:08,967:INFO:The numbers in this password are: ['4']
2018-12-15 23:36:08,968:INFO:The '4' was the 2nd character
2018-12-15 23:36:08,968:INFO:

2018-12-15 23:36:08,968:INFO:The symbols in this password are: ['!']
2018-12-15 23:36:08,968:INFO:The '!' was the 5th character
2018-12-15 23:36:08,968:INFO:

2018-12-15 23:36:09,031:INFO:The length of 'T4st!ng' is 7
2018-12-15 23:36:09,032:INFO:As a list it looks like this ['T', '4', 's', 't', '!', 'n', 'g']
2018-12-15 23:36:09,032:INFO:The letters in this password are: ['T', 's', 't', 'n', 'g']
2018-12-15 23:36:09,032:INFO:The 'T' was the 1st character
2018-12-15 23:36:09,032:INFO:The 's' was the 3rd character
2018-12-15 23:36:09,032:INFO:The 't' was the 4th character
2018-12-15 23:36:09,032:INFO:The 'n' was the 6th character
2018-12-15 23:36:09,032:INFO:The 'g' was the 7th character
2018-12-15 23:36:09,033:INFO:

2018-12-15 23:36:09,033:INFO:The numbers in this password are: ['4']
2018-12-15 23:36:09,033:INFO:The '4' was the 2nd character
2018-12-15 23:36:09,033:INFO:

2018-12-15 23:36:09,033:INFO:The symbols in this password are: ['!']
2018-12-15 23:36:09,033:INFO:The '!' was the 5th character
2018-12-15 23:36:09,033:INFO:

2018-12-15 23:36:09,095:INFO:The length of 'T4st!ng' is 7
2018-12-15 23:36:09,096:INFO:As a list it looks like this ['T', '4', 's', 't', '!', 'n', 'g']
2018-12-15 23:36:09,096:INFO:The letters in this password are: ['T', 's', 't', 'n', 'g']
2018-12-15 23:36:09,096:INFO:The 'T' was the 1st character
2018-12-15 23:36:09,096:INFO:The 's' was the 3rd character
2018-12-15 23:36:09,096:INFO:The 't' was the 4th character
2018-12-15 23:36:09,096:INFO:The 'n' was the 6th character
2018-12-15 23:36:09,097:INFO:The 'g' was the 7th character
2018-12-15 23:36:09,097:INFO:

2018-12-15 23:36:09,097:INFO:The numbers in this password are: ['4']
2018-12-15 23:36:09,097:INFO:The '4' was the 2nd character
2018-12-15 23:36:09,097:INFO:

2018-12-15 23:36:09,097:INFO:The symbols in this password are: ['!']
2018-12-15 23:36:09,098:INFO:The '!' was the 5th character
2018-12-15 23:36:09,098:INFO:

2018-12-15 23:36:09,154:INFO:The length of 'T4st!ng' is 7
2018-12-15 23:36:09,155:INFO:As a list it looks like this ['T', '4', 's', 't', '!', 'n', 'g']
2018-12-15 23:36:09,155:INFO:The letters in this password are: ['T', 's', 't', 'n', 'g']
2018-12-15 23:36:09,155:INFO:The 'T' was the 1st character
2018-12-15 23:36:09,155:INFO:The 's' was the 3rd character
2018-12-15 23:36:09,155:INFO:The 't' was the 4th character
2018-12-15 23:36:09,156:INFO:The 'n' was the 6th character
2018-12-15 23:36:09,156:INFO:The 'g' was the 7th character
2018-12-15 23:36:09,156:INFO:

2018-12-15 23:36:09,156:INFO:The numbers in this password are: ['4']
2018-12-15 23:36:09,156:INFO:The '4' was the 2nd character
2018-12-15 23:36:09,156:INFO:

2018-12-15 23:36:09,157:INFO:The symbols in this password are: ['!']
2018-12-15 23:36:09,157:INFO:The '!' was the 5th character
2018-12-15 23:36:09,157:INFO:

2018-12-15 23:36:09,222:INFO:The length of 'T4st!ng' is 7
2018-12-15 23:36:09,223:INFO:As a list it looks like this ['T', '4', 's', 't', '!', 'n', 'g']
2018-12-15 23:36:09,223:INFO:The letters in this password are: ['T', 's', 't', 'n', 'g']
2018-12-15 23:36:09,223:INFO:The 'T' was the 1st character
2018-12-15 23:36:09,224:INFO:The 's' was the 3rd character
2018-12-15 23:36:09,224:INFO:The 't' was the 4th character
2018-12-15 23:36:09,224:INFO:The 'n' was the 6th character
2018-12-15 23:36:09,224:INFO:The 'g' was the 7th character
2018-12-15 23:36:09,224:INFO:

2018-12-15 23:36:09,224:INFO:The numbers in this password are: ['4']
2018-12-15 23:36:09,225:INFO:The '4' was the 2nd character
2018-12-15 23:36:09,225:INFO:

2018-12-15 23:36:09,225:INFO:The symbols in this password are: ['!']
2018-12-15 23:36:09,225:INFO:The '!' was the 5th character
2018-12-15 23:36:09,225:INFO:

2018-12-15 23:36:09,284:INFO:The length of 'T4st!ng' is 7
2018-12-15 23:36:09,285:INFO:As a list it looks like this ['T', '4', 's', 't', '!', 'n', 'g']
2018-12-15 23:36:09,285:INFO:The letters in this password are: ['T', 's', 't', 'n', 'g']
2018-12-15 23:36:09,285:INFO:The 'T' was the 1st character
2018-12-15 23:36:09,285:INFO:The 's' was the 3rd character
2018-12-15 23:36:09,285:INFO:The 't' was the 4th character
2018-12-15 23:36:09,285:INFO:The 'n' was the 6th character
2018-12-15 23:36:09,286:INFO:The 'g' was the 7th character
2018-12-15 23:36:09,286:INFO:

2018-12-15 23:36:09,286:INFO:The numbers in this password are: ['4']
2018-12-15 23:36:09,286:INFO:The '4' was the 2nd character
2018-12-15 23:36:09,286:INFO:

2018-12-15 23:36:09,286:INFO:The symbols in this password are: ['!']
2018-12-15 23:36:09,287:INFO:The '!' was the 5th character
2018-12-15 23:36:09,287:INFO:

2018-12-15 23:36:09,348:INFO:The length of 'T4st!ng' is 7
2018-12-15 23:36:09,348:INFO:As a list it looks like this ['T', '4', 's', 't', '!', 'n', 'g']
2018-12-15 23:36:09,349:INFO:The letters in this password are: ['T', 's', 't', 'n', 'g']
2018-12-15 23:36:09,349:INFO:The 'T' was the 1st character
2018-12-15 23:36:09,349:INFO:The 's' was the 3rd character
2018-12-15 23:36:09,349:INFO:The 't' was the 4th character
2018-12-15 23:36:09,349:INFO:The 'n' was the 6th character
2018-12-15 23:36:09,349:INFO:The 'g' was the 7th character
2018-12-15 23:36:09,349:INFO:

2018-12-15 23:36:09,350:INFO:The numbers in this password are: ['4']
2018-12-15 23:36:09,350:INFO:The '4' was the 2nd character
2018-12-15 23:36:09,350:INFO:

2018-12-15 23:36:09,350:INFO:The symbols in this password are: ['!']
2018-12-15 23:36:09,350:INFO:The '!' was the 5th character
2018-12-15 23:36:09,350:INFO:

2018-12-15 23:36:09,409:INFO:The length of 'T4st!ng' is 7
2018-12-15 23:36:09,409:INFO:As a list it looks like this ['T', '4', 's', 't', '!', 'n', 'g']
2018-12-15 23:36:09,409:INFO:The letters in this password are: ['T', 's', 't', 'n', 'g']
2018-12-15 23:36:09,409:INFO:The 'T' was the 1st character
2018-12-15 23:36:09,409:INFO:The 's' was the 3rd character
2018-12-15 23:36:09,410:INFO:The 't' was the 4th character
2018-12-15 23:36:09,410:INFO:The 'n' was the 6th character
2018-12-15 23:36:09,410:INFO:The 'g' was the 7th character
2018-12-15 23:36:09,410:INFO:

2018-12-15 23:36:09,410:INFO:The numbers in this password are: ['4']
2018-12-15 23:36:09,410:INFO:The '4' was the 2nd character
2018-12-15 23:36:09,410:INFO:

2018-12-15 23:36:09,410:INFO:The symbols in this password are: ['!']
2018-12-15 23:36:09,410:INFO:The '!' was the 5th character
2018-12-15 23:36:09,411:INFO:

2018-12-15 23:36:09,468:INFO:The length of 'T4st!ng' is 7
2018-12-15 23:36:09,469:INFO:As a list it looks like this ['T', '4', 's', 't', '!', 'n', 'g']
2018-12-15 23:36:09,469:INFO:The letters in this password are: ['T', 's', 't', 'n', 'g']
2018-12-15 23:36:09,469:INFO:The 'T' was the 1st character
2018-12-15 23:36:09,470:INFO:The 's' was the 3rd character
2018-12-15 23:36:09,470:INFO:The 't' was the 4th character
2018-12-15 23:36:09,470:INFO:The 'n' was the 6th character
2018-12-15 23:36:09,470:INFO:The 'g' was the 7th character
2018-12-15 23:36:09,470:INFO:

2018-12-15 23:36:09,470:INFO:The numbers in this password are: ['4']
2018-12-15 23:36:09,471:INFO:The '4' was the 2nd character
2018-12-15 23:36:09,471:INFO:

2018-12-15 23:36:09,471:INFO:The symbols in this password are: ['!']
2018-12-15 23:36:09,471:INFO:The '!' was the 5th character
2018-12-15 23:36:09,471:INFO:

2018-12-15 23:36:09,529:INFO:The length of 'T4st!ng' is 7
2018-12-15 23:36:09,530:INFO:As a list it looks like this ['T', '4', 's', 't', '!', 'n', 'g']
2018-12-15 23:36:09,531:INFO:The letters in this password are: ['T', 's', 't', 'n', 'g']
2018-12-15 23:36:09,531:INFO:The 'T' was the 1st character
2018-12-15 23:36:09,531:INFO:The 's' was the 3rd character
2018-12-15 23:36:09,531:INFO:The 't' was the 4th character
2018-12-15 23:36:09,531:INFO:The 'n' was the 6th character
2018-12-15 23:36:09,532:INFO:The 'g' was the 7th character
2018-12-15 23:36:09,532:INFO:

2018-12-15 23:36:09,532:INFO:The numbers in this password are: ['4']
2018-12-15 23:36:09,532:INFO:The '4' was the 2nd character
2018-12-15 23:36:09,532:INFO:

2018-12-15 23:36:09,532:INFO:The symbols in this password are: ['!']
2018-12-15 23:36:09,533:INFO:The '!' was the 5th character
2018-12-15 23:36:09,533:INFO:

2018-12-15 23:36:09,598:INFO:The length of 'T4st!ng' is 7
2018-12-15 23:36:09,598:INFO:As a list it looks like this ['T', '4', 's', 't', '!', 'n', 'g']
2018-12-15 23:36:09,598:INFO:The letters in this password are: ['T', 's', 't', 'n', 'g']
2018-12-15 23:36:09,599:INFO:The 'T' was the 1st character
2018-12-15 23:36:09,599:INFO:The 's' was the 3rd character
2018-12-15 23:36:09,599:INFO:The 't' was the 4th character
2018-12-15 23:36:09,599:INFO:The 'n' was the 6th character
2018-12-15 23:36:09,600:INFO:The 'g' was the 7th character
2018-12-15 23:36:09,600:INFO:

2018-12-15 23:36:09,600:INFO:The numbers in this password are: ['4']
2018-12-15 23:36:09,600:INFO:The '4' was the 2nd character
2018-12-15 23:36:09,600:INFO:

2018-12-15 23:36:09,600:INFO:The symbols in this password are: ['!']
2018-12-15 23:36:09,601:INFO:The '!' was the 5th character
2018-12-15 23:36:09,601:INFO:

2018-12-15 23:36:09,660:INFO:The length of 'T4st!ng' is 7
2018-12-15 23:36:09,661:INFO:As a list it looks like this ['T', '4', 's', 't', '!', 'n', 'g']
2018-12-15 23:36:09,661:INFO:The letters in this password are: ['T', 's', 't', 'n', 'g']
2018-12-15 23:36:09,661:INFO:The 'T' was the 1st character
2018-12-15 23:36:09,661:INFO:The 's' was the 3rd character
2018-12-15 23:36:09,662:INFO:The 't' was the 4th character
2018-12-15 23:36:09,662:INFO:The 'n' was the 6th character
2018-12-15 23:36:09,662:INFO:The 'g' was the 7th character
2018-12-15 23:36:09,662:INFO:

2018-12-15 23:36:09,662:INFO:The numbers in this password are: ['4']
2018-12-15 23:36:09,662:INFO:The '4' was the 2nd character
2018-12-15 23:36:09,662:INFO:

2018-12-15 23:36:09,663:INFO:The symbols in this password are: ['!']
2018-12-15 23:36:09,663:INFO:The '!' was the 5th character
2018-12-15 23:36:09,663:INFO:

2018-12-15 23:36:09,721:INFO:The length of 'T4st!ng' is 7
2018-12-15 23:36:09,721:INFO:As a list it looks like this ['T', '4', 's', 't', '!', 'n', 'g']
2018-12-15 23:36:09,722:INFO:The letters in this password are: ['T', 's', 't', 'n', 'g']
2018-12-15 23:36:09,722:INFO:The 'T' was the 1st character
2018-12-15 23:36:09,722:INFO:The 's' was the 3rd character
2018-12-15 23:36:09,722:INFO:The 't' was the 4th character
2018-12-15 23:36:09,722:INFO:The 'n' was the 6th character
2018-12-15 23:36:09,722:INFO:The 'g' was the 7th character
2018-12-15 23:36:09,722:INFO:

2018-12-15 23:36:09,723:INFO:The numbers in this password are: ['4']
2018-12-15 23:36:09,723:INFO:The '4' was the 2nd character
2018-12-15 23:36:09,723:INFO:

2018-12-15 23:36:09,723:INFO:The symbols in this password are: ['!']
2018-12-15 23:36:09,723:INFO:The '!' was the 5th character
2018-12-15 23:36:09,724:INFO:

2018-12-15 23:36:09,785:INFO:The length of 'T4st!ng' is 7
2018-12-15 23:36:09,785:INFO:As a list it looks like this ['T', '4', 's', 't', '!', 'n', 'g']
2018-12-15 23:36:09,786:INFO:The letters in this password are: ['T', 's', 't', 'n', 'g']
2018-12-15 23:36:09,786:INFO:The 'T' was the 1st character
2018-12-15 23:36:09,786:INFO:The 's' was the 3rd character
2018-12-15 23:36:09,786:INFO:The 't' was the 4th character
2018-12-15 23:36:09,786:INFO:The 'n' was the 6th character
2018-12-15 23:36:09,786:INFO:The 'g' was the 7th character
2018-12-15 23:36:09,787:INFO:

2018-12-15 23:36:09,787:INFO:The numbers in this password are: ['4']
2018-12-15 23:36:09,787:INFO:The '4' was the 2nd character
2018-12-15 23:36:09,787:INFO:

2018-12-15 23:36:09,787:INFO:The symbols in this password are: ['!']
2018-12-15 23:36:09,787:INFO:The '!' was the 5th character
2018-12-15 23:36:09,787:INFO:

2018-12-15 23:36:09,851:INFO:The length of 'T4st!ng' is 7
2018-12-15 23:36:09,851:INFO:As a list it looks like this ['T', '4', 's', 't', '!', 'n', 'g']
2018-12-15 23:36:09,851:INFO:The letters in this password are: ['T', 's', 't', 'n', 'g']
2018-12-15 23:36:09,851:INFO:The 'T' was the 1st character
2018-12-15 23:36:09,852:INFO:The 's' was the 3rd character
2018-12-15 23:36:09,852:INFO:The 't' was the 4th character
2018-12-15 23:36:09,852:INFO:The 'n' was the 6th character
2018-12-15 23:36:09,852:INFO:The 'g' was the 7th character
2018-12-15 23:36:09,852:INFO:

2018-12-15 23:36:09,852:INFO:The numbers in this password are: ['4']
2018-12-15 23:36:09,853:INFO:The '4' was the 2nd character
2018-12-15 23:36:09,853:INFO:

2018-12-15 23:36:09,853:INFO:The symbols in this password are: ['!']
2018-12-15 23:36:09,853:INFO:The '!' was the 5th character
2018-12-15 23:36:09,853:INFO:

2018-12-15 23:36:09,911:INFO:The length of 'T4st!ng' is 7
2018-12-15 23:36:09,911:INFO:As a list it looks like this ['T', '4', 's', 't', '!', 'n', 'g']
2018-12-15 23:36:09,912:INFO:The letters in this password are: ['T', 's', 't', 'n', 'g']
2018-12-15 23:36:09,912:INFO:The 'T' was the 1st character
2018-12-15 23:36:09,912:INFO:The 's' was the 3rd character
2018-12-15 23:36:09,912:INFO:The 't' was the 4th character
2018-12-15 23:36:09,912:INFO:The 'n' was the 6th character
2018-12-15 23:36:09,912:INFO:The 'g' was the 7th character
2018-12-15 23:36:09,912:INFO:

2018-12-15 23:36:09,912:INFO:The numbers in this password are: ['4']
2018-12-15 23:36:09,913:INFO:The '4' was the 2nd character
2018-12-15 23:36:09,913:INFO:

2018-12-15 23:36:09,913:INFO:The symbols in this password are: ['!']
2018-12-15 23:36:09,913:INFO:The '!' was the 5th character
2018-12-15 23:36:09,913:INFO:

2018-12-15 23:36:09,974:INFO:The length of 'T4st!ng' is 7
2018-12-15 23:36:09,975:INFO:As a list it looks like this ['T', '4', 's', 't', '!', 'n', 'g']
2018-12-15 23:36:09,975:INFO:The letters in this password are: ['T', 's', 't', 'n', 'g']
2018-12-15 23:36:09,975:INFO:The 'T' was the 1st character
2018-12-15 23:36:09,975:INFO:The 's' was the 3rd character
2018-12-15 23:36:09,975:INFO:The 't' was the 4th character
2018-12-15 23:36:09,976:INFO:The 'n' was the 6th character
2018-12-15 23:36:09,976:INFO:The 'g' was the 7th character
2018-12-15 23:36:09,976:INFO:

2018-12-15 23:36:09,976:INFO:The numbers in this password are: ['4']
2018-12-15 23:36:09,976:INFO:The '4' was the 2nd character
2018-12-15 23:36:09,976:INFO:

2018-12-15 23:36:09,976:INFO:The symbols in this password are: ['!']
2018-12-15 23:36:09,976:INFO:The '!' was the 5th character
2018-12-15 23:36:09,976:INFO:

2018-12-15 23:36:10,031:INFO:The length of 'T4st!ng' is 7
2018-12-15 23:36:10,032:INFO:As a list it looks like this ['T', '4', 's', 't', '!', 'n', 'g']
2018-12-15 23:36:10,032:INFO:The letters in this password are: ['T', 's', 't', 'n', 'g']
2018-12-15 23:36:10,032:INFO:The 'T' was the 1st character
2018-12-15 23:36:10,032:INFO:The 's' was the 3rd character
2018-12-15 23:36:10,032:INFO:The 't' was the 4th character
2018-12-15 23:36:10,032:INFO:The 'n' was the 6th character
2018-12-15 23:36:10,033:INFO:The 'g' was the 7th character
2018-12-15 23:36:10,033:INFO:

2018-12-15 23:36:10,033:INFO:The numbers in this password are: ['4']
2018-12-15 23:36:10,033:INFO:The '4' was the 2nd character
2018-12-15 23:36:10,033:INFO:

2018-12-15 23:36:10,033:INFO:The symbols in this password are: ['!']
2018-12-15 23:36:10,034:INFO:The '!' was the 5th character
2018-12-15 23:36:10,034:INFO:

2018-12-15 23:36:10,092:INFO:The length of 'T4st!ng' is 7
2018-12-15 23:36:10,093:INFO:As a list it looks like this ['T', '4', 's', 't', '!', 'n', 'g']
2018-12-15 23:36:10,093:INFO:The letters in this password are: ['T', 's', 't', 'n', 'g']
2018-12-15 23:36:10,093:INFO:The 'T' was the 1st character
2018-12-15 23:36:10,093:INFO:The 's' was the 3rd character
2018-12-15 23:36:10,093:INFO:The 't' was the 4th character
2018-12-15 23:36:10,093:INFO:The 'n' was the 6th character
2018-12-15 23:36:10,093:INFO:The 'g' was the 7th character
2018-12-15 23:36:10,094:INFO:

2018-12-15 23:36:10,094:INFO:The numbers in this password are: ['4']
2018-12-15 23:36:10,094:INFO:The '4' was the 2nd character
2018-12-15 23:36:10,094:INFO:

2018-12-15 23:36:10,094:INFO:The symbols in this password are: ['!']
2018-12-15 23:36:10,094:INFO:The '!' was the 5th character
2018-12-15 23:36:10,094:INFO:

2018-12-15 23:36:10,150:INFO:The length of 'T4st!ng' is 7
2018-12-15 23:36:10,150:INFO:As a list it looks like this ['T', '4', 's', 't', '!', 'n', 'g']
2018-12-15 23:36:10,150:INFO:The letters in this password are: ['T', 's', 't', 'n', 'g']
2018-12-15 23:36:10,151:INFO:The 'T' was the 1st character
2018-12-15 23:36:10,151:INFO:The 's' was the 3rd character
2018-12-15 23:36:10,151:INFO:The 't' was the 4th character
2018-12-15 23:36:10,151:INFO:The 'n' was the 6th character
2018-12-15 23:36:10,151:INFO:The 'g' was the 7th character
2018-12-15 23:36:10,151:INFO:

2018-12-15 23:36:10,152:INFO:The numbers in this password are: ['4']
2018-12-15 23:36:10,152:INFO:The '4' was the 2nd character
2018-12-15 23:36:10,152:INFO:

2018-12-15 23:36:10,152:INFO:The symbols in this password are: ['!']
2018-12-15 23:36:10,152:INFO:The '!' was the 5th character
2018-12-15 23:36:10,152:INFO:

2018-12-15 23:36:10,210:INFO:The length of 'T4st!ng' is 7
2018-12-15 23:36:10,210:INFO:As a list it looks like this ['T', '4', 's', 't', '!', 'n', 'g']
2018-12-15 23:36:10,211:INFO:The letters in this password are: ['T', 's', 't', 'n', 'g']
2018-12-15 23:36:10,211:INFO:The 'T' was the 1st character
2018-12-15 23:36:10,211:INFO:The 's' was the 3rd character
2018-12-15 23:36:10,211:INFO:The 't' was the 4th character
2018-12-15 23:36:10,211:INFO:The 'n' was the 6th character
2018-12-15 23:36:10,211:INFO:The 'g' was the 7th character
2018-12-15 23:36:10,211:INFO:

2018-12-15 23:36:10,211:INFO:The numbers in this password are: ['4']
2018-12-15 23:36:10,212:INFO:The '4' was the 2nd character
2018-12-15 23:36:10,212:INFO:

2018-12-15 23:36:10,212:INFO:The symbols in this password are: ['!']
2018-12-15 23:36:10,212:INFO:The '!' was the 5th character
2018-12-15 23:36:10,212:INFO:

2018-12-15 23:36:10,278:INFO:The length of 'T4st!ng' is 7
2018-12-15 23:36:10,278:INFO:As a list it looks like this ['T', '4', 's', 't', '!', 'n', 'g']
2018-12-15 23:36:10,278:INFO:The letters in this password are: ['T', 's', 't', 'n', 'g']
2018-12-15 23:36:10,278:INFO:The 'T' was the 1st character
2018-12-15 23:36:10,278:INFO:The 's' was the 3rd character
2018-12-15 23:36:10,279:INFO:The 't' was the 4th character
2018-12-15 23:36:10,279:INFO:The 'n' was the 6th character
2018-12-15 23:36:10,279:INFO:The 'g' was the 7th character
2018-12-15 23:36:10,279:INFO:

2018-12-15 23:36:10,279:INFO:The numbers in this password are: ['4']
2018-12-15 23:36:10,279:INFO:The '4' was the 2nd character
2018-12-15 23:36:10,280:INFO:

2018-12-15 23:36:10,280:INFO:The symbols in this password are: ['!']
2018-12-15 23:36:10,280:INFO:The '!' was the 5th character
2018-12-15 23:36:10,280:INFO:

2018-12-15 23:36:10,335:INFO:The length of 'T4st!ng' is 7
2018-12-15 23:36:10,336:INFO:As a list it looks like this ['T', '4', 's', 't', '!', 'n', 'g']
2018-12-15 23:36:10,336:INFO:The letters in this password are: ['T', 's', 't', 'n', 'g']
2018-12-15 23:36:10,336:INFO:The 'T' was the 1st character
2018-12-15 23:36:10,336:INFO:The 's' was the 3rd character
2018-12-15 23:36:10,336:INFO:The 't' was the 4th character
2018-12-15 23:36:10,336:INFO:The 'n' was the 6th character
2018-12-15 23:36:10,337:INFO:The 'g' was the 7th character
2018-12-15 23:36:10,337:INFO:

2018-12-15 23:36:10,337:INFO:The numbers in this password are: ['4']
2018-12-15 23:36:10,337:INFO:The '4' was the 2nd character
2018-12-15 23:36:10,337:INFO:

2018-12-15 23:36:10,337:INFO:The symbols in this password are: ['!']
2018-12-15 23:36:10,337:INFO:The '!' was the 5th character
2018-12-15 23:36:10,338:INFO:

2018-12-15 23:36:10,396:INFO:The length of 'T4st!ng' is 7
2018-12-15 23:36:10,397:INFO:As a list it looks like this ['T', '4', 's', 't', '!', 'n', 'g']
2018-12-15 23:36:10,397:INFO:The letters in this password are: ['T', 's', 't', 'n', 'g']
2018-12-15 23:36:10,397:INFO:The 'T' was the 1st character
2018-12-15 23:36:10,397:INFO:The 's' was the 3rd character
2018-12-15 23:36:10,398:INFO:The 't' was the 4th character
2018-12-15 23:36:10,398:INFO:The 'n' was the 6th character
2018-12-15 23:36:10,398:INFO:The 'g' was the 7th character
2018-12-15 23:36:10,398:INFO:

2018-12-15 23:36:10,398:INFO:The numbers in this password are: ['4']
2018-12-15 23:36:10,398:INFO:The '4' was the 2nd character
2018-12-15 23:36:10,399:INFO:

2018-12-15 23:36:10,399:INFO:The symbols in this password are: ['!']
2018-12-15 23:36:10,399:INFO:The '!' was the 5th character
2018-12-15 23:36:10,399:INFO:

2018-12-15 23:36:10,453:INFO:The length of 'T4st!ng' is 7
2018-12-15 23:36:10,454:INFO:As a list it looks like this ['T', '4', 's', 't', '!', 'n', 'g']
2018-12-15 23:36:10,454:INFO:The letters in this password are: ['T', 's', 't', 'n', 'g']
2018-12-15 23:36:10,454:INFO:The 'T' was the 1st character
2018-12-15 23:36:10,454:INFO:The 's' was the 3rd character
2018-12-15 23:36:10,454:INFO:The 't' was the 4th character
2018-12-15 23:36:10,455:INFO:The 'n' was the 6th character
2018-12-15 23:36:10,455:INFO:The 'g' was the 7th character
2018-12-15 23:36:10,455:INFO:

2018-12-15 23:36:10,455:INFO:The numbers in this password are: ['4']
2018-12-15 23:36:10,455:INFO:The '4' was the 2nd character
2018-12-15 23:36:10,455:INFO:

2018-12-15 23:36:10,455:INFO:The symbols in this password are: ['!']
2018-12-15 23:36:10,455:INFO:The '!' was the 5th character
2018-12-15 23:36:10,455:INFO:

2018-12-15 23:36:10,516:INFO:The length of 'T4st!ng' is 7
2018-12-15 23:36:10,517:INFO:As a list it looks like this ['T', '4', 's', 't', '!', 'n', 'g']
2018-12-15 23:36:10,517:INFO:The letters in this password are: ['T', 's', 't', 'n', 'g']
2018-12-15 23:36:10,517:INFO:The 'T' was the 1st character
2018-12-15 23:36:10,517:INFO:The 's' was the 3rd character
2018-12-15 23:36:10,518:INFO:The 't' was the 4th character
2018-12-15 23:36:10,518:INFO:The 'n' was the 6th character
2018-12-15 23:36:10,518:INFO:The 'g' was the 7th character
2018-12-15 23:36:10,518:INFO:

2018-12-15 23:36:10,518:INFO:The numbers in this password are: ['4']
2018-12-15 23:36:10,518:INFO:The '4' was the 2nd character
2018-12-15 23:36:10,518:INFO:

2018-12-15 23:36:10,518:INFO:The symbols in this password are: ['!']
2018-12-15 23:36:10,519:INFO:The '!' was the 5th character
2018-12-15 23:36:10,519:INFO:

2018-12-15 23:36:10,582:INFO:The length of 'T4st!ng' is 7
2018-12-15 23:36:10,582:INFO:As a list it looks like this ['T', '4', 's', 't', '!', 'n', 'g']
2018-12-15 23:36:10,582:INFO:The letters in this password are: ['T', 's', 't', 'n', 'g']
2018-12-15 23:36:10,583:INFO:The 'T' was the 1st character
2018-12-15 23:36:10,583:INFO:The 's' was the 3rd character
2018-12-15 23:36:10,583:INFO:The 't' was the 4th character
2018-12-15 23:36:10,583:INFO:The 'n' was the 6th character
2018-12-15 23:36:10,583:INFO:The 'g' was the 7th character
2018-12-15 23:36:10,583:INFO:

2018-12-15 23:36:10,583:INFO:The numbers in this password are: ['4']
2018-12-15 23:36:10,584:INFO:The '4' was the 2nd character
2018-12-15 23:36:10,584:INFO:

2018-12-15 23:36:10,584:INFO:The symbols in this password are: ['!']
2018-12-15 23:36:10,584:INFO:The '!' was the 5th character
2018-12-15 23:36:10,584:INFO:

2018-12-15 23:36:10,641:INFO:The length of 'T4st!ng' is 7
2018-12-15 23:36:10,642:INFO:As a list it looks like this ['T', '4', 's', 't', '!', 'n', 'g']
2018-12-15 23:36:10,642:INFO:The letters in this password are: ['T', 's', 't', 'n', 'g']
2018-12-15 23:36:10,642:INFO:The 'T' was the 1st character
2018-12-15 23:36:10,642:INFO:The 's' was the 3rd character
2018-12-15 23:36:10,642:INFO:The 't' was the 4th character
2018-12-15 23:36:10,642:INFO:The 'n' was the 6th character
2018-12-15 23:36:10,642:INFO:The 'g' was the 7th character
2018-12-15 23:36:10,642:INFO:

2018-12-15 23:36:10,643:INFO:The numbers in this password are: ['4']
2018-12-15 23:36:10,643:INFO:The '4' was the 2nd character
2018-12-15 23:36:10,643:INFO:

2018-12-15 23:36:10,643:INFO:The symbols in this password are: ['!']
2018-12-15 23:36:10,643:INFO:The '!' was the 5th character
2018-12-15 23:36:10,643:INFO:

2018-12-15 23:36:10,698:INFO:The length of 'T4st!ng' is 7
2018-12-15 23:36:10,699:INFO:As a list it looks like this ['T', '4', 's', 't', '!', 'n', 'g']
2018-12-15 23:36:10,699:INFO:The letters in this password are: ['T', 's', 't', 'n', 'g']
2018-12-15 23:36:10,699:INFO:The 'T' was the 1st character
2018-12-15 23:36:10,699:INFO:The 's' was the 3rd character
2018-12-15 23:36:10,700:INFO:The 't' was the 4th character
2018-12-15 23:36:10,700:INFO:The 'n' was the 6th character
2018-12-15 23:36:10,700:INFO:The 'g' was the 7th character
2018-12-15 23:36:10,700:INFO:

2018-12-15 23:36:10,700:INFO:The numbers in this password are: ['4']
2018-12-15 23:36:10,700:INFO:The '4' was the 2nd character
2018-12-15 23:36:10,700:INFO:

2018-12-15 23:36:10,700:INFO:The symbols in this password are: ['!']
2018-12-15 23:36:10,701:INFO:The '!' was the 5th character
2018-12-15 23:36:10,701:INFO:

2018-12-15 23:36:10,756:INFO:The length of 'T4st!ng' is 7
2018-12-15 23:36:10,757:INFO:As a list it looks like this ['T', '4', 's', 't', '!', 'n', 'g']
2018-12-15 23:36:10,757:INFO:The letters in this password are: ['T', 's', 't', 'n', 'g']
2018-12-15 23:36:10,757:INFO:The 'T' was the 1st character
2018-12-15 23:36:10,757:INFO:The 's' was the 3rd character
2018-12-15 23:36:10,757:INFO:The 't' was the 4th character
2018-12-15 23:36:10,758:INFO:The 'n' was the 6th character
2018-12-15 23:36:10,758:INFO:The 'g' was the 7th character
2018-12-15 23:36:10,758:INFO:

2018-12-15 23:36:10,758:INFO:The numbers in this password are: ['4']
2018-12-15 23:36:10,758:INFO:The '4' was the 2nd character
2018-12-15 23:36:10,758:INFO:

2018-12-15 23:36:10,759:INFO:The symbols in this password are: ['!']
2018-12-15 23:36:10,759:INFO:The '!' was the 5th character
2018-12-15 23:36:10,759:INFO:

2018-12-15 23:36:10,817:INFO:The length of 'T4st!ng' is 7
2018-12-15 23:36:10,817:INFO:As a list it looks like this ['T', '4', 's', 't', '!', 'n', 'g']
2018-12-15 23:36:10,818:INFO:The letters in this password are: ['T', 's', 't', 'n', 'g']
2018-12-15 23:36:10,818:INFO:The 'T' was the 1st character
2018-12-15 23:36:10,818:INFO:The 's' was the 3rd character
2018-12-15 23:36:10,818:INFO:The 't' was the 4th character
2018-12-15 23:36:10,818:INFO:The 'n' was the 6th character
2018-12-15 23:36:10,818:INFO:The 'g' was the 7th character
2018-12-15 23:36:10,818:INFO:

2018-12-15 23:36:10,818:INFO:The numbers in this password are: ['4']
2018-12-15 23:36:10,819:INFO:The '4' was the 2nd character
2018-12-15 23:36:10,819:INFO:

2018-12-15 23:36:10,819:INFO:The symbols in this password are: ['!']
2018-12-15 23:36:10,819:INFO:The '!' was the 5th character
2018-12-15 23:36:10,819:INFO:

2018-12-15 23:36:10,881:INFO:The length of 'T4st!ng' is 7
2018-12-15 23:36:10,882:INFO:As a list it looks like this ['T', '4', 's', 't', '!', 'n', 'g']
2018-12-15 23:36:10,882:INFO:The letters in this password are: ['T', 's', 't', 'n', 'g']
2018-12-15 23:36:10,882:INFO:The 'T' was the 1st character
2018-12-15 23:36:10,882:INFO:The 's' was the 3rd character
2018-12-15 23:36:10,882:INFO:The 't' was the 4th character
2018-12-15 23:36:10,882:INFO:The 'n' was the 6th character
2018-12-15 23:36:10,883:INFO:The 'g' was the 7th character
2018-12-15 23:36:10,883:INFO:

2018-12-15 23:36:10,883:INFO:The numbers in this password are: ['4']
2018-12-15 23:36:10,883:INFO:The '4' was the 2nd character
2018-12-15 23:36:10,883:INFO:

2018-12-15 23:36:10,883:INFO:The symbols in this password are: ['!']
2018-12-15 23:36:10,883:INFO:The '!' was the 5th character
2018-12-15 23:36:10,884:INFO:

2018-12-15 23:36:10,939:INFO:The length of 'T4st!ng' is 7
2018-12-15 23:36:10,940:INFO:As a list it looks like this ['T', '4', 's', 't', '!', 'n', 'g']
2018-12-15 23:36:10,940:INFO:The letters in this password are: ['T', 's', 't', 'n', 'g']
2018-12-15 23:36:10,940:INFO:The 'T' was the 1st character
2018-12-15 23:36:10,941:INFO:The 's' was the 3rd character
2018-12-15 23:36:10,941:INFO:The 't' was the 4th character
2018-12-15 23:36:10,941:INFO:The 'n' was the 6th character
2018-12-15 23:36:10,941:INFO:The 'g' was the 7th character
2018-12-15 23:36:10,941:INFO:

2018-12-15 23:36:10,941:INFO:The numbers in this password are: ['4']
2018-12-15 23:36:10,942:INFO:The '4' was the 2nd character
2018-12-15 23:36:10,942:INFO:

2018-12-15 23:36:10,942:INFO:The symbols in this password are: ['!']
2018-12-15 23:36:10,942:INFO:The '!' was the 5th character
2018-12-15 23:36:10,942:INFO:

2018-12-15 23:36:11,003:INFO:The length of 'T4st!ng' is 7
2018-12-15 23:36:11,004:INFO:As a list it looks like this ['T', '4', 's', 't', '!', 'n', 'g']
2018-12-15 23:36:11,004:INFO:The letters in this password are: ['T', 's', 't', 'n', 'g']
2018-12-15 23:36:11,004:INFO:The 'T' was the 1st character
2018-12-15 23:36:11,004:INFO:The 's' was the 3rd character
2018-12-15 23:36:11,005:INFO:The 't' was the 4th character
2018-12-15 23:36:11,005:INFO:The 'n' was the 6th character
2018-12-15 23:36:11,005:INFO:The 'g' was the 7th character
2018-12-15 23:36:11,005:INFO:

2018-12-15 23:36:11,005:INFO:The numbers in this password are: ['4']
2018-12-15 23:36:11,005:INFO:The '4' was the 2nd character
2018-12-15 23:36:11,005:INFO:

2018-12-15 23:36:11,005:INFO:The symbols in this password are: ['!']
2018-12-15 23:36:11,006:INFO:The '!' was the 5th character
2018-12-15 23:36:11,006:INFO:

2018-12-15 23:36:11,063:INFO:The length of 'T4st!ng' is 7
2018-12-15 23:36:11,063:INFO:As a list it looks like this ['T', '4', 's', 't', '!', 'n', 'g']
2018-12-15 23:36:11,063:INFO:The letters in this password are: ['T', 's', 't', 'n', 'g']
2018-12-15 23:36:11,064:INFO:The 'T' was the 1st character
2018-12-15 23:36:11,064:INFO:The 's' was the 3rd character
2018-12-15 23:36:11,064:INFO:The 't' was the 4th character
2018-12-15 23:36:11,064:INFO:The 'n' was the 6th character
2018-12-15 23:36:11,064:INFO:The 'g' was the 7th character
2018-12-15 23:36:11,064:INFO:

2018-12-15 23:36:11,065:INFO:The numbers in this password are: ['4']
2018-12-15 23:36:11,065:INFO:The '4' was the 2nd character
2018-12-15 23:36:11,065:INFO:

2018-12-15 23:36:11,065:INFO:The symbols in this password are: ['!']
2018-12-15 23:36:11,065:INFO:The '!' was the 5th character
2018-12-15 23:36:11,065:INFO:

2018-12-15 23:36:11,122:INFO:The length of 'T4st!ng' is 7
2018-12-15 23:36:11,123:INFO:As a list it looks like this ['T', '4', 's', 't', '!', 'n', 'g']
2018-12-15 23:36:11,123:INFO:The letters in this password are: ['T', 's', 't', 'n', 'g']
2018-12-15 23:36:11,123:INFO:The 'T' was the 1st character
2018-12-15 23:36:11,123:INFO:The 's' was the 3rd character
2018-12-15 23:36:11,123:INFO:The 't' was the 4th character
2018-12-15 23:36:11,123:INFO:The 'n' was the 6th character
2018-12-15 23:36:11,124:INFO:The 'g' was the 7th character
2018-12-15 23:36:11,124:INFO:

2018-12-15 23:36:11,124:INFO:The numbers in this password are: ['4']
2018-12-15 23:36:11,124:INFO:The '4' was the 2nd character
2018-12-15 23:36:11,124:INFO:

2018-12-15 23:36:11,124:INFO:The symbols in this password are: ['!']
2018-12-15 23:36:11,124:INFO:The '!' was the 5th character
2018-12-15 23:36:11,124:INFO:

2018-12-15 23:36:11,182:INFO:The length of 'T4st!ng' is 7
2018-12-15 23:36:11,182:INFO:As a list it looks like this ['T', '4', 's', 't', '!', 'n', 'g']
2018-12-15 23:36:11,183:INFO:The letters in this password are: ['T', 's', 't', 'n', 'g']
2018-12-15 23:36:11,183:INFO:The 'T' was the 1st character
2018-12-15 23:36:11,183:INFO:The 's' was the 3rd character
2018-12-15 23:36:11,183:INFO:The 't' was the 4th character
2018-12-15 23:36:11,183:INFO:The 'n' was the 6th character
2018-12-15 23:36:11,184:INFO:The 'g' was the 7th character
2018-12-15 23:36:11,184:INFO:

2018-12-15 23:36:11,184:INFO:The numbers in this password are: ['4']
2018-12-15 23:36:11,184:INFO:The '4' was the 2nd character
2018-12-15 23:36:11,184:INFO:

2018-12-15 23:36:11,184:INFO:The symbols in this password are: ['!']
2018-12-15 23:36:11,184:INFO:The '!' was the 5th character
2018-12-15 23:36:11,185:INFO:

2018-12-15 23:36:11,247:INFO:The length of 'T4st!ng' is 7
2018-12-15 23:36:11,247:INFO:As a list it looks like this ['T', '4', 's', 't', '!', 'n', 'g']
2018-12-15 23:36:11,247:INFO:The letters in this password are: ['T', 's', 't', 'n', 'g']
2018-12-15 23:36:11,247:INFO:The 'T' was the 1st character
2018-12-15 23:36:11,248:INFO:The 's' was the 3rd character
2018-12-15 23:36:11,248:INFO:The 't' was the 4th character
2018-12-15 23:36:11,248:INFO:The 'n' was the 6th character
2018-12-15 23:36:11,248:INFO:The 'g' was the 7th character
2018-12-15 23:36:11,248:INFO:

2018-12-15 23:36:11,249:INFO:The numbers in this password are: ['4']
2018-12-15 23:36:11,249:INFO:The '4' was the 2nd character
2018-12-15 23:36:11,249:INFO:

2018-12-15 23:36:11,249:INFO:The symbols in this password are: ['!']
2018-12-15 23:36:11,249:INFO:The '!' was the 5th character
2018-12-15 23:36:11,249:INFO:

2018-12-15 23:36:11,308:INFO:The length of 'T4st!ng' is 7
2018-12-15 23:36:11,309:INFO:As a list it looks like this ['T', '4', 's', 't', '!', 'n', 'g']
2018-12-15 23:36:11,309:INFO:The letters in this password are: ['T', 's', 't', 'n', 'g']
2018-12-15 23:36:11,310:INFO:The 'T' was the 1st character
2018-12-15 23:36:11,310:INFO:The 's' was the 3rd character
2018-12-15 23:36:11,310:INFO:The 't' was the 4th character
2018-12-15 23:36:11,310:INFO:The 'n' was the 6th character
2018-12-15 23:36:11,310:INFO:The 'g' was the 7th character
2018-12-15 23:36:11,310:INFO:

2018-12-15 23:36:11,310:INFO:The numbers in this password are: ['4']
2018-12-15 23:36:11,311:INFO:The '4' was the 2nd character
2018-12-15 23:36:11,311:INFO:

2018-12-15 23:36:11,311:INFO:The symbols in this password are: ['!']
2018-12-15 23:36:11,311:INFO:The '!' was the 5th character
2018-12-15 23:36:11,311:INFO:

2018-12-15 23:36:11,371:INFO:The length of 'T4st!ng' is 7
2018-12-15 23:36:11,371:INFO:As a list it looks like this ['T', '4', 's', 't', '!', 'n', 'g']
2018-12-15 23:36:11,371:INFO:The letters in this password are: ['T', 's', 't', 'n', 'g']
2018-12-15 23:36:11,372:INFO:The 'T' was the 1st character
2018-12-15 23:36:11,372:INFO:The 's' was the 3rd character
2018-12-15 23:36:11,372:INFO:The 't' was the 4th character
2018-12-15 23:36:11,372:INFO:The 'n' was the 6th character
2018-12-15 23:36:11,372:INFO:The 'g' was the 7th character
2018-12-15 23:36:11,372:INFO:

2018-12-15 23:36:11,373:INFO:The numbers in this password are: ['4']
2018-12-15 23:36:11,373:INFO:The '4' was the 2nd character
2018-12-15 23:36:11,373:INFO:

2018-12-15 23:36:11,373:INFO:The symbols in this password are: ['!']
2018-12-15 23:36:11,373:INFO:The '!' was the 5th character
2018-12-15 23:36:11,373:INFO:

2018-12-15 23:36:11,435:INFO:The length of 'T4st!ng' is 7
2018-12-15 23:36:11,436:INFO:As a list it looks like this ['T', '4', 's', 't', '!', 'n', 'g']
2018-12-15 23:36:11,436:INFO:The letters in this password are: ['T', 's', 't', 'n', 'g']
2018-12-15 23:36:11,436:INFO:The 'T' was the 1st character
2018-12-15 23:36:11,437:INFO:The 's' was the 3rd character
2018-12-15 23:36:11,437:INFO:The 't' was the 4th character
2018-12-15 23:36:11,437:INFO:The 'n' was the 6th character
2018-12-15 23:36:11,437:INFO:The 'g' was the 7th character
2018-12-15 23:36:11,437:INFO:

2018-12-15 23:36:11,437:INFO:The numbers in this password are: ['4']
2018-12-15 23:36:11,438:INFO:The '4' was the 2nd character
2018-12-15 23:36:11,438:INFO:

2018-12-15 23:36:11,438:INFO:The symbols in this password are: ['!']
2018-12-15 23:36:11,438:INFO:The '!' was the 5th character
2018-12-15 23:36:11,438:INFO:

2018-12-15 23:36:11,503:INFO:The length of 'T4st!ng' is 7
2018-12-15 23:36:11,504:INFO:As a list it looks like this ['T', '4', 's', 't', '!', 'n', 'g']
2018-12-15 23:36:11,504:INFO:The letters in this password are: ['T', 's', 't', 'n', 'g']
2018-12-15 23:36:11,504:INFO:The 'T' was the 1st character
2018-12-15 23:36:11,505:INFO:The 's' was the 3rd character
2018-12-15 23:36:11,505:INFO:The 't' was the 4th character
2018-12-15 23:36:11,505:INFO:The 'n' was the 6th character
2018-12-15 23:36:11,505:INFO:The 'g' was the 7th character
2018-12-15 23:36:11,505:INFO:

2018-12-15 23:36:11,505:INFO:The numbers in this password are: ['4']
2018-12-15 23:36:11,505:INFO:The '4' was the 2nd character
2018-12-15 23:36:11,506:INFO:

2018-12-15 23:36:11,506:INFO:The symbols in this password are: ['!']
2018-12-15 23:36:11,506:INFO:The '!' was the 5th character
2018-12-15 23:36:11,506:INFO:

2018-12-15 23:36:11,574:INFO:The length of 'T4st!ng' is 7
2018-12-15 23:36:11,574:INFO:As a list it looks like this ['T', '4', 's', 't', '!', 'n', 'g']
2018-12-15 23:36:11,575:INFO:The letters in this password are: ['T', 's', 't', 'n', 'g']
2018-12-15 23:36:11,575:INFO:The 'T' was the 1st character
2018-12-15 23:36:11,575:INFO:The 's' was the 3rd character
2018-12-15 23:36:11,575:INFO:The 't' was the 4th character
2018-12-15 23:36:11,575:INFO:The 'n' was the 6th character
2018-12-15 23:36:11,576:INFO:The 'g' was the 7th character
2018-12-15 23:36:11,576:INFO:

2018-12-15 23:36:11,576:INFO:The numbers in this password are: ['4']
2018-12-15 23:36:11,576:INFO:The '4' was the 2nd character
2018-12-15 23:36:11,576:INFO:

2018-12-15 23:36:11,577:INFO:The symbols in this password are: ['!']
2018-12-15 23:36:11,577:INFO:The '!' was the 5th character
2018-12-15 23:36:11,577:INFO:

2018-12-15 23:36:11,648:INFO:The length of 'T4st!ng' is 7
2018-12-15 23:36:11,649:INFO:As a list it looks like this ['T', '4', 's', 't', '!', 'n', 'g']
2018-12-15 23:36:11,649:INFO:The letters in this password are: ['T', 's', 't', 'n', 'g']
2018-12-15 23:36:11,649:INFO:The 'T' was the 1st character
2018-12-15 23:36:11,650:INFO:The 's' was the 3rd character
2018-12-15 23:36:11,650:INFO:The 't' was the 4th character
2018-12-15 23:36:11,650:INFO:The 'n' was the 6th character
2018-12-15 23:36:11,650:INFO:The 'g' was the 7th character
2018-12-15 23:36:11,650:INFO:

2018-12-15 23:36:11,650:INFO:The numbers in this password are: ['4']
2018-12-15 23:36:11,651:INFO:The '4' was the 2nd character
2018-12-15 23:36:11,651:INFO:

2018-12-15 23:36:11,651:INFO:The symbols in this password are: ['!']
2018-12-15 23:36:11,651:INFO:The '!' was the 5th character
2018-12-15 23:36:11,651:INFO:

2018-12-15 23:36:11,715:INFO:The length of 'T4st!ng' is 7
2018-12-15 23:36:11,716:INFO:As a list it looks like this ['T', '4', 's', 't', '!', 'n', 'g']
2018-12-15 23:36:11,716:INFO:The letters in this password are: ['T', 's', 't', 'n', 'g']
2018-12-15 23:36:11,716:INFO:The 'T' was the 1st character
2018-12-15 23:36:11,716:INFO:The 's' was the 3rd character
2018-12-15 23:36:11,717:INFO:The 't' was the 4th character
2018-12-15 23:36:11,717:INFO:The 'n' was the 6th character
2018-12-15 23:36:11,717:INFO:The 'g' was the 7th character
2018-12-15 23:36:11,717:INFO:

2018-12-15 23:36:11,717:INFO:The numbers in this password are: ['4']
2018-12-15 23:36:11,717:INFO:The '4' was the 2nd character
2018-12-15 23:36:11,717:INFO:

2018-12-15 23:36:11,717:INFO:The symbols in this password are: ['!']
2018-12-15 23:36:11,718:INFO:The '!' was the 5th character
2018-12-15 23:36:11,718:INFO:

2018-12-15 23:36:11,779:INFO:The length of 'T4st!ng' is 7
2018-12-15 23:36:11,780:INFO:As a list it looks like this ['T', '4', 's', 't', '!', 'n', 'g']
2018-12-15 23:36:11,780:INFO:The letters in this password are: ['T', 's', 't', 'n', 'g']
2018-12-15 23:36:11,780:INFO:The 'T' was the 1st character
2018-12-15 23:36:11,780:INFO:The 's' was the 3rd character
2018-12-15 23:36:11,781:INFO:The 't' was the 4th character
2018-12-15 23:36:11,781:INFO:The 'n' was the 6th character
2018-12-15 23:36:11,781:INFO:The 'g' was the 7th character
2018-12-15 23:36:11,781:INFO:

2018-12-15 23:36:11,781:INFO:The numbers in this password are: ['4']
2018-12-15 23:36:11,781:INFO:The '4' was the 2nd character
2018-12-15 23:36:11,781:INFO:

2018-12-15 23:36:11,782:INFO:The symbols in this password are: ['!']
2018-12-15 23:36:11,782:INFO:The '!' was the 5th character
2018-12-15 23:36:11,782:INFO:

2018-12-15 23:36:11,841:INFO:The length of 'T4st!ng' is 7
2018-12-15 23:36:11,842:INFO:As a list it looks like this ['T', '4', 's', 't', '!', 'n', 'g']
2018-12-15 23:36:11,842:INFO:The letters in this password are: ['T', 's', 't', 'n', 'g']
2018-12-15 23:36:11,842:INFO:The 'T' was the 1st character
2018-12-15 23:36:11,843:INFO:The 's' was the 3rd character
2018-12-15 23:36:11,843:INFO:The 't' was the 4th character
2018-12-15 23:36:11,843:INFO:The 'n' was the 6th character
2018-12-15 23:36:11,843:INFO:The 'g' was the 7th character
2018-12-15 23:36:11,843:INFO:

2018-12-15 23:36:11,844:INFO:The numbers in this password are: ['4']
2018-12-15 23:36:11,844:INFO:The '4' was the 2nd character
2018-12-15 23:36:11,844:INFO:

2018-12-15 23:36:11,844:INFO:The symbols in this password are: ['!']
2018-12-15 23:36:11,844:INFO:The '!' was the 5th character
2018-12-15 23:36:11,844:INFO:

2018-12-15 23:36:11,903:INFO:The length of 'T4st!ng' is 7
2018-12-15 23:36:11,903:INFO:As a list it looks like this ['T', '4', 's', 't', '!', 'n', 'g']
2018-12-15 23:36:11,903:INFO:The letters in this password are: ['T', 's', 't', 'n', 'g']
2018-12-15 23:36:11,903:INFO:The 'T' was the 1st character
2018-12-15 23:36:11,904:INFO:The 's' was the 3rd character
2018-12-15 23:36:11,904:INFO:The 't' was the 4th character
2018-12-15 23:36:11,904:INFO:The 'n' was the 6th character
2018-12-15 23:36:11,904:INFO:The 'g' was the 7th character
2018-12-15 23:36:11,904:INFO:

2018-12-15 23:36:11,904:INFO:The numbers in this password are: ['4']
2018-12-15 23:36:11,904:INFO:The '4' was the 2nd character
2018-12-15 23:36:11,905:INFO:

2018-12-15 23:36:11,905:INFO:The symbols in this password are: ['!']
2018-12-15 23:36:11,905:INFO:The '!' was the 5th character
2018-12-15 23:36:11,905:INFO:

2018-12-15 23:36:11,970:INFO:The length of 'T4st!ng' is 7
2018-12-15 23:36:11,970:INFO:As a list it looks like this ['T', '4', 's', 't', '!', 'n', 'g']
2018-12-15 23:36:11,970:INFO:The letters in this password are: ['T', 's', 't', 'n', 'g']
2018-12-15 23:36:11,970:INFO:The 'T' was the 1st character
2018-12-15 23:36:11,970:INFO:The 's' was the 3rd character
2018-12-15 23:36:11,970:INFO:The 't' was the 4th character
2018-12-15 23:36:11,971:INFO:The 'n' was the 6th character
2018-12-15 23:36:11,971:INFO:The 'g' was the 7th character
2018-12-15 23:36:11,971:INFO:

2018-12-15 23:36:11,971:INFO:The numbers in this password are: ['4']
2018-12-15 23:36:11,971:INFO:The '4' was the 2nd character
2018-12-15 23:36:11,971:INFO:

2018-12-15 23:36:11,971:INFO:The symbols in this password are: ['!']
2018-12-15 23:36:11,971:INFO:The '!' was the 5th character
2018-12-15 23:36:11,972:INFO:

2018-12-15 23:36:12,030:INFO:The length of 'T4st!ng' is 7
2018-12-15 23:36:12,030:INFO:As a list it looks like this ['T', '4', 's', 't', '!', 'n', 'g']
2018-12-15 23:36:12,031:INFO:The letters in this password are: ['T', 's', 't', 'n', 'g']
2018-12-15 23:36:12,031:INFO:The 'T' was the 1st character
2018-12-15 23:36:12,031:INFO:The 's' was the 3rd character
2018-12-15 23:36:12,031:INFO:The 't' was the 4th character
2018-12-15 23:36:12,031:INFO:The 'n' was the 6th character
2018-12-15 23:36:12,031:INFO:The 'g' was the 7th character
2018-12-15 23:36:12,031:INFO:

2018-12-15 23:36:12,031:INFO:The numbers in this password are: ['4']
2018-12-15 23:36:12,032:INFO:The '4' was the 2nd character
2018-12-15 23:36:12,032:INFO:

2018-12-15 23:36:12,032:INFO:The symbols in this password are: ['!']
2018-12-15 23:36:12,032:INFO:The '!' was the 5th character
2018-12-15 23:36:12,032:INFO:

2018-12-15 23:36:12,095:INFO:The length of 'T4st!ng' is 7
2018-12-15 23:36:12,096:INFO:As a list it looks like this ['T', '4', 's', 't', '!', 'n', 'g']
2018-12-15 23:36:12,096:INFO:The letters in this password are: ['T', 's', 't', 'n', 'g']
2018-12-15 23:36:12,096:INFO:The 'T' was the 1st character
2018-12-15 23:36:12,096:INFO:The 's' was the 3rd character
2018-12-15 23:36:12,096:INFO:The 't' was the 4th character
2018-12-15 23:36:12,096:INFO:The 'n' was the 6th character
2018-12-15 23:36:12,096:INFO:The 'g' was the 7th character
2018-12-15 23:36:12,097:INFO:

2018-12-15 23:36:12,097:INFO:The numbers in this password are: ['4']
2018-12-15 23:36:12,097:INFO:The '4' was the 2nd character
2018-12-15 23:36:12,097:INFO:

2018-12-15 23:36:12,097:INFO:The symbols in this password are: ['!']
2018-12-15 23:36:12,097:INFO:The '!' was the 5th character
2018-12-15 23:36:12,097:INFO:

2018-12-15 23:36:12,153:INFO:The length of 'T4st!ng' is 7
2018-12-15 23:36:12,154:INFO:As a list it looks like this ['T', '4', 's', 't', '!', 'n', 'g']
2018-12-15 23:36:12,154:INFO:The letters in this password are: ['T', 's', 't', 'n', 'g']
2018-12-15 23:36:12,154:INFO:The 'T' was the 1st character
2018-12-15 23:36:12,154:INFO:The 's' was the 3rd character
2018-12-15 23:36:12,155:INFO:The 't' was the 4th character
2018-12-15 23:36:12,155:INFO:The 'n' was the 6th character
2018-12-15 23:36:12,155:INFO:The 'g' was the 7th character
2018-12-15 23:36:12,155:INFO:

2018-12-15 23:36:12,155:INFO:The numbers in this password are: ['4']
2018-12-15 23:36:12,155:INFO:The '4' was the 2nd character
2018-12-15 23:36:12,156:INFO:

2018-12-15 23:36:12,156:INFO:The symbols in this password are: ['!']
2018-12-15 23:36:12,156:INFO:The '!' was the 5th character
2018-12-15 23:36:12,156:INFO:

2018-12-15 23:36:12,214:INFO:The length of 'T4st!ng' is 7
2018-12-15 23:36:12,215:INFO:As a list it looks like this ['T', '4', 's', 't', '!', 'n', 'g']
2018-12-15 23:36:12,215:INFO:The letters in this password are: ['T', 's', 't', 'n', 'g']
2018-12-15 23:36:12,215:INFO:The 'T' was the 1st character
2018-12-15 23:36:12,215:INFO:The 's' was the 3rd character
2018-12-15 23:36:12,215:INFO:The 't' was the 4th character
2018-12-15 23:36:12,215:INFO:The 'n' was the 6th character
2018-12-15 23:36:12,215:INFO:The 'g' was the 7th character
2018-12-15 23:36:12,216:INFO:

2018-12-15 23:36:12,216:INFO:The numbers in this password are: ['4']
2018-12-15 23:36:12,216:INFO:The '4' was the 2nd character
2018-12-15 23:36:12,216:INFO:

2018-12-15 23:36:12,216:INFO:The symbols in this password are: ['!']
2018-12-15 23:36:12,216:INFO:The '!' was the 5th character
2018-12-15 23:36:12,216:INFO:

2018-12-15 23:36:12,276:INFO:The length of 'T4st!ng' is 7
2018-12-15 23:36:12,276:INFO:As a list it looks like this ['T', '4', 's', 't', '!', 'n', 'g']
2018-12-15 23:36:12,277:INFO:The letters in this password are: ['T', 's', 't', 'n', 'g']
2018-12-15 23:36:12,277:INFO:The 'T' was the 1st character
2018-12-15 23:36:12,277:INFO:The 's' was the 3rd character
2018-12-15 23:36:12,277:INFO:The 't' was the 4th character
2018-12-15 23:36:12,278:INFO:The 'n' was the 6th character
2018-12-15 23:36:12,278:INFO:The 'g' was the 7th character
2018-12-15 23:36:12,278:INFO:

2018-12-15 23:36:12,278:INFO:The numbers in this password are: ['4']
2018-12-15 23:36:12,278:INFO:The '4' was the 2nd character
2018-12-15 23:36:12,278:INFO:

2018-12-15 23:36:12,278:INFO:The symbols in this password are: ['!']
2018-12-15 23:36:12,278:INFO:The '!' was the 5th character
2018-12-15 23:36:12,279:INFO:

2018-12-15 23:36:12,336:INFO:The length of 'T4st!ng' is 7
2018-12-15 23:36:12,337:INFO:As a list it looks like this ['T', '4', 's', 't', '!', 'n', 'g']
2018-12-15 23:36:12,337:INFO:The letters in this password are: ['T', 's', 't', 'n', 'g']
2018-12-15 23:36:12,337:INFO:The 'T' was the 1st character
2018-12-15 23:36:12,337:INFO:The 's' was the 3rd character
2018-12-15 23:36:12,337:INFO:The 't' was the 4th character
2018-12-15 23:36:12,338:INFO:The 'n' was the 6th character
2018-12-15 23:36:12,338:INFO:The 'g' was the 7th character
2018-12-15 23:36:12,338:INFO:

2018-12-15 23:36:12,338:INFO:The numbers in this password are: ['4']
2018-12-15 23:36:12,338:INFO:The '4' was the 2nd character
2018-12-15 23:36:12,338:INFO:

2018-12-15 23:36:12,338:INFO:The symbols in this password are: ['!']
2018-12-15 23:36:12,338:INFO:The '!' was the 5th character
2018-12-15 23:36:12,339:INFO:

2018-12-15 23:36:12,401:INFO:The length of 'T4st!ng' is 7
2018-12-15 23:36:12,401:INFO:As a list it looks like this ['T', '4', 's', 't', '!', 'n', 'g']
2018-12-15 23:36:12,402:INFO:The letters in this password are: ['T', 's', 't', 'n', 'g']
2018-12-15 23:36:12,402:INFO:The 'T' was the 1st character
2018-12-15 23:36:12,402:INFO:The 's' was the 3rd character
2018-12-15 23:36:12,402:INFO:The 't' was the 4th character
2018-12-15 23:36:12,402:INFO:The 'n' was the 6th character
2018-12-15 23:36:12,402:INFO:The 'g' was the 7th character
2018-12-15 23:36:12,402:INFO:

2018-12-15 23:36:12,403:INFO:The numbers in this password are: ['4']
2018-12-15 23:36:12,403:INFO:The '4' was the 2nd character
2018-12-15 23:36:12,403:INFO:

2018-12-15 23:36:12,403:INFO:The symbols in this password are: ['!']
2018-12-15 23:36:12,403:INFO:The '!' was the 5th character
2018-12-15 23:36:12,403:INFO:

2018-12-15 23:36:12,460:INFO:The length of 'T4st!ng' is 7
2018-12-15 23:36:12,461:INFO:As a list it looks like this ['T', '4', 's', 't', '!', 'n', 'g']
2018-12-15 23:36:12,461:INFO:The letters in this password are: ['T', 's', 't', 'n', 'g']
2018-12-15 23:36:12,461:INFO:The 'T' was the 1st character
2018-12-15 23:36:12,461:INFO:The 's' was the 3rd character
2018-12-15 23:36:12,461:INFO:The 't' was the 4th character
2018-12-15 23:36:12,462:INFO:The 'n' was the 6th character
2018-12-15 23:36:12,462:INFO:The 'g' was the 7th character
2018-12-15 23:36:12,462:INFO:

2018-12-15 23:36:12,462:INFO:The numbers in this password are: ['4']
2018-12-15 23:36:12,463:INFO:The '4' was the 2nd character
2018-12-15 23:36:12,463:INFO:

2018-12-15 23:36:12,463:INFO:The symbols in this password are: ['!']
2018-12-15 23:36:12,463:INFO:The '!' was the 5th character
2018-12-15 23:36:12,463:INFO:

2018-12-15 23:36:12,523:INFO:The length of 'T4st!ng' is 7
2018-12-15 23:36:12,523:INFO:As a list it looks like this ['T', '4', 's', 't', '!', 'n', 'g']
2018-12-15 23:36:12,524:INFO:The letters in this password are: ['T', 's', 't', 'n', 'g']
2018-12-15 23:36:12,524:INFO:The 'T' was the 1st character
2018-12-15 23:36:12,524:INFO:The 's' was the 3rd character
2018-12-15 23:36:12,524:INFO:The 't' was the 4th character
2018-12-15 23:36:12,524:INFO:The 'n' was the 6th character
2018-12-15 23:36:12,524:INFO:The 'g' was the 7th character
2018-12-15 23:36:12,524:INFO:

2018-12-15 23:36:12,525:INFO:The numbers in this password are: ['4']
2018-12-15 23:36:12,525:INFO:The '4' was the 2nd character
2018-12-15 23:36:12,525:INFO:

2018-12-15 23:36:12,525:INFO:The symbols in this password are: ['!']
2018-12-15 23:36:12,525:INFO:The '!' was the 5th character
2018-12-15 23:36:12,525:INFO:

2018-12-15 23:36:12,584:INFO:The length of 'T4st!ng' is 7
2018-12-15 23:36:12,585:INFO:As a list it looks like this ['T', '4', 's', 't', '!', 'n', 'g']
2018-12-15 23:36:12,585:INFO:The letters in this password are: ['T', 's', 't', 'n', 'g']
2018-12-15 23:36:12,585:INFO:The 'T' was the 1st character
2018-12-15 23:36:12,585:INFO:The 's' was the 3rd character
2018-12-15 23:36:12,585:INFO:The 't' was the 4th character
2018-12-15 23:36:12,586:INFO:The 'n' was the 6th character
2018-12-15 23:36:12,586:INFO:The 'g' was the 7th character
2018-12-15 23:36:12,586:INFO:

2018-12-15 23:36:12,586:INFO:The numbers in this password are: ['4']
2018-12-15 23:36:12,586:INFO:The '4' was the 2nd character
2018-12-15 23:36:12,587:INFO:

2018-12-15 23:36:12,587:INFO:The symbols in this password are: ['!']
2018-12-15 23:36:12,587:INFO:The '!' was the 5th character
2018-12-15 23:36:12,587:INFO:

2018-12-15 23:36:12,645:INFO:The length of 'T4st!ng' is 7
2018-12-15 23:36:12,646:INFO:As a list it looks like this ['T', '4', 's', 't', '!', 'n', 'g']
2018-12-15 23:36:12,646:INFO:The letters in this password are: ['T', 's', 't', 'n', 'g']
2018-12-15 23:36:12,646:INFO:The 'T' was the 1st character
2018-12-15 23:36:12,646:INFO:The 's' was the 3rd character
2018-12-15 23:36:12,646:INFO:The 't' was the 4th character
2018-12-15 23:36:12,647:INFO:The 'n' was the 6th character
2018-12-15 23:36:12,647:INFO:The 'g' was the 7th character
2018-12-15 23:36:12,647:INFO:

2018-12-15 23:36:12,647:INFO:The numbers in this password are: ['4']
2018-12-15 23:36:12,647:INFO:The '4' was the 2nd character
2018-12-15 23:36:12,647:INFO:

2018-12-15 23:36:12,648:INFO:The symbols in this password are: ['!']
2018-12-15 23:36:12,648:INFO:The '!' was the 5th character
2018-12-15 23:36:12,648:INFO:

2018-12-15 23:36:12,707:INFO:The length of 'T4st!ng' is 7
2018-12-15 23:36:12,708:INFO:As a list it looks like this ['T', '4', 's', 't', '!', 'n', 'g']
2018-12-15 23:36:12,708:INFO:The letters in this password are: ['T', 's', 't', 'n', 'g']
2018-12-15 23:36:12,708:INFO:The 'T' was the 1st character
2018-12-15 23:36:12,708:INFO:The 's' was the 3rd character
2018-12-15 23:36:12,708:INFO:The 't' was the 4th character
2018-12-15 23:36:12,708:INFO:The 'n' was the 6th character
2018-12-15 23:36:12,708:INFO:The 'g' was the 7th character
2018-12-15 23:36:12,708:INFO:

2018-12-15 23:36:12,708:INFO:The numbers in this password are: ['4']
2018-12-15 23:36:12,709:INFO:The '4' was the 2nd character
2018-12-15 23:36:12,709:INFO:

2018-12-15 23:36:12,709:INFO:The symbols in this password are: ['!']
2018-12-15 23:36:12,709:INFO:The '!' was the 5th character
2018-12-15 23:36:12,709:INFO:

2018-12-15 23:36:12,767:INFO:The length of 'T4st!ng' is 7
2018-12-15 23:36:12,768:INFO:As a list it looks like this ['T', '4', 's', 't', '!', 'n', 'g']
2018-12-15 23:36:12,768:INFO:The letters in this password are: ['T', 's', 't', 'n', 'g']
2018-12-15 23:36:12,768:INFO:The 'T' was the 1st character
2018-12-15 23:36:12,768:INFO:The 's' was the 3rd character
2018-12-15 23:36:12,769:INFO:The 't' was the 4th character
2018-12-15 23:36:12,769:INFO:The 'n' was the 6th character
2018-12-15 23:36:12,769:INFO:The 'g' was the 7th character
2018-12-15 23:36:12,769:INFO:

2018-12-15 23:36:12,769:INFO:The numbers in this password are: ['4']
2018-12-15 23:36:12,769:INFO:The '4' was the 2nd character
2018-12-15 23:36:12,770:INFO:

2018-12-15 23:36:12,770:INFO:The symbols in this password are: ['!']
2018-12-15 23:36:12,770:INFO:The '!' was the 5th character
2018-12-15 23:36:12,770:INFO:

2018-12-15 23:36:12,827:INFO:The length of 'T4st!ng' is 7
2018-12-15 23:36:12,828:INFO:As a list it looks like this ['T', '4', 's', 't', '!', 'n', 'g']
2018-12-15 23:36:12,828:INFO:The letters in this password are: ['T', 's', 't', 'n', 'g']
2018-12-15 23:36:12,828:INFO:The 'T' was the 1st character
2018-12-15 23:36:12,828:INFO:The 's' was the 3rd character
2018-12-15 23:36:12,829:INFO:The 't' was the 4th character
2018-12-15 23:36:12,829:INFO:The 'n' was the 6th character
2018-12-15 23:36:12,829:INFO:The 'g' was the 7th character
2018-12-15 23:36:12,829:INFO:

2018-12-15 23:36:12,829:INFO:The numbers in this password are: ['4']
2018-12-15 23:36:12,829:INFO:The '4' was the 2nd character
2018-12-15 23:36:12,829:INFO:

2018-12-15 23:36:12,830:INFO:The symbols in this password are: ['!']
2018-12-15 23:36:12,830:INFO:The '!' was the 5th character
2018-12-15 23:36:12,830:INFO:

2018-12-15 23:36:12,889:INFO:The length of 'T4st!ng' is 7
2018-12-15 23:36:12,890:INFO:As a list it looks like this ['T', '4', 's', 't', '!', 'n', 'g']
2018-12-15 23:36:12,890:INFO:The letters in this password are: ['T', 's', 't', 'n', 'g']
2018-12-15 23:36:12,890:INFO:The 'T' was the 1st character
2018-12-15 23:36:12,890:INFO:The 's' was the 3rd character
2018-12-15 23:36:12,890:INFO:The 't' was the 4th character
2018-12-15 23:36:12,891:INFO:The 'n' was the 6th character
2018-12-15 23:36:12,891:INFO:The 'g' was the 7th character
2018-12-15 23:36:12,891:INFO:

2018-12-15 23:36:12,891:INFO:The numbers in this password are: ['4']
2018-12-15 23:36:12,891:INFO:The '4' was the 2nd character
2018-12-15 23:36:12,891:INFO:

2018-12-15 23:36:12,891:INFO:The symbols in this password are: ['!']
2018-12-15 23:36:12,892:INFO:The '!' was the 5th character
2018-12-15 23:36:12,892:INFO:

2018-12-15 23:36:12,954:INFO:The length of 'T4st!ng' is 7
2018-12-15 23:36:12,955:INFO:As a list it looks like this ['T', '4', 's', 't', '!', 'n', 'g']
2018-12-15 23:36:12,955:INFO:The letters in this password are: ['T', 's', 't', 'n', 'g']
2018-12-15 23:36:12,955:INFO:The 'T' was the 1st character
2018-12-15 23:36:12,955:INFO:The 's' was the 3rd character
2018-12-15 23:36:12,955:INFO:The 't' was the 4th character
2018-12-15 23:36:12,956:INFO:The 'n' was the 6th character
2018-12-15 23:36:12,956:INFO:The 'g' was the 7th character
2018-12-15 23:36:12,956:INFO:

2018-12-15 23:36:12,956:INFO:The numbers in this password are: ['4']
2018-12-15 23:36:12,956:INFO:The '4' was the 2nd character
2018-12-15 23:36:12,956:INFO:

2018-12-15 23:36:12,956:INFO:The symbols in this password are: ['!']
2018-12-15 23:36:12,956:INFO:The '!' was the 5th character
2018-12-15 23:36:12,957:INFO:

2018-12-15 23:36:13,018:INFO:The length of 'T4st!ng' is 7
2018-12-15 23:36:13,019:INFO:As a list it looks like this ['T', '4', 's', 't', '!', 'n', 'g']
2018-12-15 23:36:13,019:INFO:The letters in this password are: ['T', 's', 't', 'n', 'g']
2018-12-15 23:36:13,019:INFO:The 'T' was the 1st character
2018-12-15 23:36:13,019:INFO:The 's' was the 3rd character
2018-12-15 23:36:13,020:INFO:The 't' was the 4th character
2018-12-15 23:36:13,020:INFO:The 'n' was the 6th character
2018-12-15 23:36:13,020:INFO:The 'g' was the 7th character
2018-12-15 23:36:13,020:INFO:

2018-12-15 23:36:13,020:INFO:The numbers in this password are: ['4']
2018-12-15 23:36:13,020:INFO:The '4' was the 2nd character
2018-12-15 23:36:13,020:INFO:

2018-12-15 23:36:13,020:INFO:The symbols in this password are: ['!']
2018-12-15 23:36:13,021:INFO:The '!' was the 5th character
2018-12-15 23:36:13,021:INFO:

2018-12-15 23:36:13,082:INFO:The length of 'T4st!ng' is 7
2018-12-15 23:36:13,083:INFO:As a list it looks like this ['T', '4', 's', 't', '!', 'n', 'g']
2018-12-15 23:36:13,083:INFO:The letters in this password are: ['T', 's', 't', 'n', 'g']
2018-12-15 23:36:13,083:INFO:The 'T' was the 1st character
2018-12-15 23:36:13,083:INFO:The 's' was the 3rd character
2018-12-15 23:36:13,083:INFO:The 't' was the 4th character
2018-12-15 23:36:13,083:INFO:The 'n' was the 6th character
2018-12-15 23:36:13,083:INFO:The 'g' was the 7th character
2018-12-15 23:36:13,084:INFO:

2018-12-15 23:36:13,084:INFO:The numbers in this password are: ['4']
2018-12-15 23:36:13,084:INFO:The '4' was the 2nd character
2018-12-15 23:36:13,084:INFO:

2018-12-15 23:36:13,084:INFO:The symbols in this password are: ['!']
2018-12-15 23:36:13,084:INFO:The '!' was the 5th character
2018-12-15 23:36:13,084:INFO:

2018-12-15 23:36:13,141:INFO:The length of 'T4st!ng' is 7
2018-12-15 23:36:13,142:INFO:As a list it looks like this ['T', '4', 's', 't', '!', 'n', 'g']
2018-12-15 23:36:13,142:INFO:The letters in this password are: ['T', 's', 't', 'n', 'g']
2018-12-15 23:36:13,142:INFO:The 'T' was the 1st character
2018-12-15 23:36:13,142:INFO:The 's' was the 3rd character
2018-12-15 23:36:13,143:INFO:The 't' was the 4th character
2018-12-15 23:36:13,143:INFO:The 'n' was the 6th character
2018-12-15 23:36:13,143:INFO:The 'g' was the 7th character
2018-12-15 23:36:13,143:INFO:

2018-12-15 23:36:13,143:INFO:The numbers in this password are: ['4']
2018-12-15 23:36:13,143:INFO:The '4' was the 2nd character
2018-12-15 23:36:13,143:INFO:

2018-12-15 23:36:13,144:INFO:The symbols in this password are: ['!']
2018-12-15 23:36:13,144:INFO:The '!' was the 5th character
2018-12-15 23:36:13,144:INFO:

2018-12-15 23:36:13,206:INFO:The length of 'T4st!ng' is 7
2018-12-15 23:36:13,206:INFO:As a list it looks like this ['T', '4', 's', 't', '!', 'n', 'g']
2018-12-15 23:36:13,206:INFO:The letters in this password are: ['T', 's', 't', 'n', 'g']
2018-12-15 23:36:13,207:INFO:The 'T' was the 1st character
2018-12-15 23:36:13,207:INFO:The 's' was the 3rd character
2018-12-15 23:36:13,207:INFO:The 't' was the 4th character
2018-12-15 23:36:13,207:INFO:The 'n' was the 6th character
2018-12-15 23:36:13,207:INFO:The 'g' was the 7th character
2018-12-15 23:36:13,207:INFO:

2018-12-15 23:36:13,207:INFO:The numbers in this password are: ['4']
2018-12-15 23:36:13,207:INFO:The '4' was the 2nd character
2018-12-15 23:36:13,208:INFO:

2018-12-15 23:36:13,208:INFO:The symbols in this password are: ['!']
2018-12-15 23:36:13,208:INFO:The '!' was the 5th character
2018-12-15 23:36:13,208:INFO:

2018-12-15 23:36:13,272:INFO:The length of 'T4st!ng' is 7
2018-12-15 23:36:13,272:INFO:As a list it looks like this ['T', '4', 's', 't', '!', 'n', 'g']
2018-12-15 23:36:13,273:INFO:The letters in this password are: ['T', 's', 't', 'n', 'g']
2018-12-15 23:36:13,273:INFO:The 'T' was the 1st character
2018-12-15 23:36:13,273:INFO:The 's' was the 3rd character
2018-12-15 23:36:13,273:INFO:The 't' was the 4th character
2018-12-15 23:36:13,273:INFO:The 'n' was the 6th character
2018-12-15 23:36:13,273:INFO:The 'g' was the 7th character
2018-12-15 23:36:13,273:INFO:

2018-12-15 23:36:13,274:INFO:The numbers in this password are: ['4']
2018-12-15 23:36:13,274:INFO:The '4' was the 2nd character
2018-12-15 23:36:13,274:INFO:

2018-12-15 23:36:13,274:INFO:The symbols in this password are: ['!']
2018-12-15 23:36:13,274:INFO:The '!' was the 5th character
2018-12-15 23:36:13,274:INFO:

2018-12-15 23:36:13,333:INFO:The length of 'T4st!ng' is 7
2018-12-15 23:36:13,334:INFO:As a list it looks like this ['T', '4', 's', 't', '!', 'n', 'g']
2018-12-15 23:36:13,334:INFO:The letters in this password are: ['T', 's', 't', 'n', 'g']
2018-12-15 23:36:13,334:INFO:The 'T' was the 1st character
2018-12-15 23:36:13,334:INFO:The 's' was the 3rd character
2018-12-15 23:36:13,335:INFO:The 't' was the 4th character
2018-12-15 23:36:13,335:INFO:The 'n' was the 6th character
2018-12-15 23:36:13,335:INFO:The 'g' was the 7th character
2018-12-15 23:36:13,335:INFO:

2018-12-15 23:36:13,335:INFO:The numbers in this password are: ['4']
2018-12-15 23:36:13,336:INFO:The '4' was the 2nd character
2018-12-15 23:36:13,336:INFO:

2018-12-15 23:36:13,336:INFO:The symbols in this password are: ['!']
2018-12-15 23:36:13,336:INFO:The '!' was the 5th character
2018-12-15 23:36:13,336:INFO:

2018-12-15 23:36:13,396:INFO:The length of 'T4st!ng' is 7
2018-12-15 23:36:13,396:INFO:As a list it looks like this ['T', '4', 's', 't', '!', 'n', 'g']
2018-12-15 23:36:13,397:INFO:The letters in this password are: ['T', 's', 't', 'n', 'g']
2018-12-15 23:36:13,397:INFO:The 'T' was the 1st character
2018-12-15 23:36:13,397:INFO:The 's' was the 3rd character
2018-12-15 23:36:13,397:INFO:The 't' was the 4th character
2018-12-15 23:36:13,398:INFO:The 'n' was the 6th character
2018-12-15 23:36:13,398:INFO:The 'g' was the 7th character
2018-12-15 23:36:13,398:INFO:

2018-12-15 23:36:13,398:INFO:The numbers in this password are: ['4']
2018-12-15 23:36:13,398:INFO:The '4' was the 2nd character
2018-12-15 23:36:13,398:INFO:

2018-12-15 23:36:13,398:INFO:The symbols in this password are: ['!']
2018-12-15 23:36:13,398:INFO:The '!' was the 5th character
2018-12-15 23:36:13,399:INFO:

2018-12-15 23:36:13,458:INFO:The length of 'T4st!ng' is 7
2018-12-15 23:36:13,459:INFO:As a list it looks like this ['T', '4', 's', 't', '!', 'n', 'g']
2018-12-15 23:36:13,459:INFO:The letters in this password are: ['T', 's', 't', 'n', 'g']
2018-12-15 23:36:13,459:INFO:The 'T' was the 1st character
2018-12-15 23:36:13,459:INFO:The 's' was the 3rd character
2018-12-15 23:36:13,459:INFO:The 't' was the 4th character
2018-12-15 23:36:13,460:INFO:The 'n' was the 6th character
2018-12-15 23:36:13,460:INFO:The 'g' was the 7th character
2018-12-15 23:36:13,460:INFO:

2018-12-15 23:36:13,460:INFO:The numbers in this password are: ['4']
2018-12-15 23:36:13,460:INFO:The '4' was the 2nd character
2018-12-15 23:36:13,460:INFO:

2018-12-15 23:36:13,461:INFO:The symbols in this password are: ['!']
2018-12-15 23:36:13,461:INFO:The '!' was the 5th character
2018-12-15 23:36:13,461:INFO:

2018-12-15 23:36:13,528:INFO:The length of 'T4st!ng' is 7
2018-12-15 23:36:13,528:INFO:As a list it looks like this ['T', '4', 's', 't', '!', 'n', 'g']
2018-12-15 23:36:13,529:INFO:The letters in this password are: ['T', 's', 't', 'n', 'g']
2018-12-15 23:36:13,529:INFO:The 'T' was the 1st character
2018-12-15 23:36:13,529:INFO:The 's' was the 3rd character
2018-12-15 23:36:13,529:INFO:The 't' was the 4th character
2018-12-15 23:36:13,529:INFO:The 'n' was the 6th character
2018-12-15 23:36:13,529:INFO:The 'g' was the 7th character
2018-12-15 23:36:13,529:INFO:

2018-12-15 23:36:13,530:INFO:The numbers in this password are: ['4']
2018-12-15 23:36:13,530:INFO:The '4' was the 2nd character
2018-12-15 23:36:13,530:INFO:

2018-12-15 23:36:13,530:INFO:The symbols in this password are: ['!']
2018-12-15 23:36:13,530:INFO:The '!' was the 5th character
2018-12-15 23:36:13,530:INFO:

2018-12-15 23:36:13,598:INFO:The length of 'T4st!ng' is 7
2018-12-15 23:36:13,598:INFO:As a list it looks like this ['T', '4', 's', 't', '!', 'n', 'g']
2018-12-15 23:36:13,599:INFO:The letters in this password are: ['T', 's', 't', 'n', 'g']
2018-12-15 23:36:13,599:INFO:The 'T' was the 1st character
2018-12-15 23:36:13,599:INFO:The 's' was the 3rd character
2018-12-15 23:36:13,599:INFO:The 't' was the 4th character
2018-12-15 23:36:13,599:INFO:The 'n' was the 6th character
2018-12-15 23:36:13,600:INFO:The 'g' was the 7th character
2018-12-15 23:36:13,600:INFO:

2018-12-15 23:36:13,600:INFO:The numbers in this password are: ['4']
2018-12-15 23:36:13,600:INFO:The '4' was the 2nd character
2018-12-15 23:36:13,600:INFO:

2018-12-15 23:36:13,600:INFO:The symbols in this password are: ['!']
2018-12-15 23:36:13,600:INFO:The '!' was the 5th character
2018-12-15 23:36:13,600:INFO:

2018-12-15 23:36:13,664:INFO:The length of 'T4st!ng' is 7
2018-12-15 23:36:13,664:INFO:As a list it looks like this ['T', '4', 's', 't', '!', 'n', 'g']
2018-12-15 23:36:13,665:INFO:The letters in this password are: ['T', 's', 't', 'n', 'g']
2018-12-15 23:36:13,665:INFO:The 'T' was the 1st character
2018-12-15 23:36:13,665:INFO:The 's' was the 3rd character
2018-12-15 23:36:13,665:INFO:The 't' was the 4th character
2018-12-15 23:36:13,665:INFO:The 'n' was the 6th character
2018-12-15 23:36:13,666:INFO:The 'g' was the 7th character
2018-12-15 23:36:13,666:INFO:

2018-12-15 23:36:13,666:INFO:The numbers in this password are: ['4']
2018-12-15 23:36:13,666:INFO:The '4' was the 2nd character
2018-12-15 23:36:13,666:INFO:

2018-12-15 23:36:13,667:INFO:The symbols in this password are: ['!']
2018-12-15 23:36:13,667:INFO:The '!' was the 5th character
2018-12-15 23:36:13,667:INFO:

2018-12-15 23:36:13,725:INFO:The length of 'T4st!ng' is 7
2018-12-15 23:36:13,725:INFO:As a list it looks like this ['T', '4', 's', 't', '!', 'n', 'g']
2018-12-15 23:36:13,726:INFO:The letters in this password are: ['T', 's', 't', 'n', 'g']
2018-12-15 23:36:13,726:INFO:The 'T' was the 1st character
2018-12-15 23:36:13,726:INFO:The 's' was the 3rd character
2018-12-15 23:36:13,726:INFO:The 't' was the 4th character
2018-12-15 23:36:13,726:INFO:The 'n' was the 6th character
2018-12-15 23:36:13,726:INFO:The 'g' was the 7th character
2018-12-15 23:36:13,726:INFO:

2018-12-15 23:36:13,727:INFO:The numbers in this password are: ['4']
2018-12-15 23:36:13,727:INFO:The '4' was the 2nd character
2018-12-15 23:36:13,727:INFO:

2018-12-15 23:36:13,727:INFO:The symbols in this password are: ['!']
2018-12-15 23:36:13,727:INFO:The '!' was the 5th character
2018-12-15 23:36:13,727:INFO:

2018-12-15 23:36:13,788:INFO:The length of 'T4st!ng' is 7
2018-12-15 23:36:13,789:INFO:As a list it looks like this ['T', '4', 's', 't', '!', 'n', 'g']
2018-12-15 23:36:13,789:INFO:The letters in this password are: ['T', 's', 't', 'n', 'g']
2018-12-15 23:36:13,790:INFO:The 'T' was the 1st character
2018-12-15 23:36:13,790:INFO:The 's' was the 3rd character
2018-12-15 23:36:13,790:INFO:The 't' was the 4th character
2018-12-15 23:36:13,790:INFO:The 'n' was the 6th character
2018-12-15 23:36:13,790:INFO:The 'g' was the 7th character
2018-12-15 23:36:13,790:INFO:

2018-12-15 23:36:13,791:INFO:The numbers in this password are: ['4']
2018-12-15 23:36:13,791:INFO:The '4' was the 2nd character
2018-12-15 23:36:13,791:INFO:

2018-12-15 23:36:13,791:INFO:The symbols in this password are: ['!']
2018-12-15 23:36:13,791:INFO:The '!' was the 5th character
2018-12-15 23:36:13,791:INFO:

2018-12-15 23:36:13,851:INFO:The length of 'T4st!ng' is 7
2018-12-15 23:36:13,852:INFO:As a list it looks like this ['T', '4', 's', 't', '!', 'n', 'g']
2018-12-15 23:36:13,852:INFO:The letters in this password are: ['T', 's', 't', 'n', 'g']
2018-12-15 23:36:13,852:INFO:The 'T' was the 1st character
2018-12-15 23:36:13,852:INFO:The 's' was the 3rd character
2018-12-15 23:36:13,852:INFO:The 't' was the 4th character
2018-12-15 23:36:13,853:INFO:The 'n' was the 6th character
2018-12-15 23:36:13,853:INFO:The 'g' was the 7th character
2018-12-15 23:36:13,853:INFO:

2018-12-15 23:36:13,853:INFO:The numbers in this password are: ['4']
2018-12-15 23:36:13,853:INFO:The '4' was the 2nd character
2018-12-15 23:36:13,853:INFO:

2018-12-15 23:36:13,853:INFO:The symbols in this password are: ['!']
2018-12-15 23:36:13,854:INFO:The '!' was the 5th character
2018-12-15 23:36:13,854:INFO:

2018-12-15 23:36:13,914:INFO:The length of 'T4st!ng' is 7
2018-12-15 23:36:13,914:INFO:As a list it looks like this ['T', '4', 's', 't', '!', 'n', 'g']
2018-12-15 23:36:13,915:INFO:The letters in this password are: ['T', 's', 't', 'n', 'g']
2018-12-15 23:36:13,915:INFO:The 'T' was the 1st character
2018-12-15 23:36:13,915:INFO:The 's' was the 3rd character
2018-12-15 23:36:13,915:INFO:The 't' was the 4th character
2018-12-15 23:36:13,915:INFO:The 'n' was the 6th character
2018-12-15 23:36:13,915:INFO:The 'g' was the 7th character
2018-12-15 23:36:13,915:INFO:

2018-12-15 23:36:13,916:INFO:The numbers in this password are: ['4']
2018-12-15 23:36:13,916:INFO:The '4' was the 2nd character
2018-12-15 23:36:13,916:INFO:

2018-12-15 23:36:13,916:INFO:The symbols in this password are: ['!']
2018-12-15 23:36:13,916:INFO:The '!' was the 5th character
2018-12-15 23:36:13,916:INFO:

2018-12-15 23:36:13,979:INFO:The length of 'T4st!ng' is 7
2018-12-15 23:36:13,979:INFO:As a list it looks like this ['T', '4', 's', 't', '!', 'n', 'g']
2018-12-15 23:36:13,979:INFO:The letters in this password are: ['T', 's', 't', 'n', 'g']
2018-12-15 23:36:13,980:INFO:The 'T' was the 1st character
2018-12-15 23:36:13,980:INFO:The 's' was the 3rd character
2018-12-15 23:36:13,980:INFO:The 't' was the 4th character
2018-12-15 23:36:13,980:INFO:The 'n' was the 6th character
2018-12-15 23:36:13,980:INFO:The 'g' was the 7th character
2018-12-15 23:36:13,981:INFO:

2018-12-15 23:36:13,981:INFO:The numbers in this password are: ['4']
2018-12-15 23:36:13,981:INFO:The '4' was the 2nd character
2018-12-15 23:36:13,981:INFO:

2018-12-15 23:36:13,981:INFO:The symbols in this password are: ['!']
2018-12-15 23:36:13,981:INFO:The '!' was the 5th character
2018-12-15 23:36:13,981:INFO:

2018-12-15 23:36:14,039:INFO:The length of 'T4st!ng' is 7
2018-12-15 23:36:14,039:INFO:As a list it looks like this ['T', '4', 's', 't', '!', 'n', 'g']
2018-12-15 23:36:14,040:INFO:The letters in this password are: ['T', 's', 't', 'n', 'g']
2018-12-15 23:36:14,040:INFO:The 'T' was the 1st character
2018-12-15 23:36:14,040:INFO:The 's' was the 3rd character
2018-12-15 23:36:14,040:INFO:The 't' was the 4th character
2018-12-15 23:36:14,040:INFO:The 'n' was the 6th character
2018-12-15 23:36:14,040:INFO:The 'g' was the 7th character
2018-12-15 23:36:14,040:INFO:

2018-12-15 23:36:14,041:INFO:The numbers in this password are: ['4']
2018-12-15 23:36:14,041:INFO:The '4' was the 2nd character
2018-12-15 23:36:14,041:INFO:

2018-12-15 23:36:14,041:INFO:The symbols in this password are: ['!']
2018-12-15 23:36:14,041:INFO:The '!' was the 5th character
2018-12-15 23:36:14,041:INFO:

2018-12-15 23:36:14,101:INFO:The length of 'T4st!ng' is 7
2018-12-15 23:36:14,102:INFO:As a list it looks like this ['T', '4', 's', 't', '!', 'n', 'g']
2018-12-15 23:36:14,102:INFO:The letters in this password are: ['T', 's', 't', 'n', 'g']
2018-12-15 23:36:14,102:INFO:The 'T' was the 1st character
2018-12-15 23:36:14,102:INFO:The 's' was the 3rd character
2018-12-15 23:36:14,102:INFO:The 't' was the 4th character
2018-12-15 23:36:14,102:INFO:The 'n' was the 6th character
2018-12-15 23:36:14,103:INFO:The 'g' was the 7th character
2018-12-15 23:36:14,103:INFO:

2018-12-15 23:36:14,103:INFO:The numbers in this password are: ['4']
2018-12-15 23:36:14,103:INFO:The '4' was the 2nd character
2018-12-15 23:36:14,103:INFO:

2018-12-15 23:36:14,103:INFO:The symbols in this password are: ['!']
2018-12-15 23:36:14,103:INFO:The '!' was the 5th character
2018-12-15 23:36:14,103:INFO:

2018-12-15 23:36:14,159:INFO:The length of 'T4st!ng' is 7
2018-12-15 23:36:14,160:INFO:As a list it looks like this ['T', '4', 's', 't', '!', 'n', 'g']
2018-12-15 23:36:14,160:INFO:The letters in this password are: ['T', 's', 't', 'n', 'g']
2018-12-15 23:36:14,160:INFO:The 'T' was the 1st character
2018-12-15 23:36:14,160:INFO:The 's' was the 3rd character
2018-12-15 23:36:14,161:INFO:The 't' was the 4th character
2018-12-15 23:36:14,161:INFO:The 'n' was the 6th character
2018-12-15 23:36:14,161:INFO:The 'g' was the 7th character
2018-12-15 23:36:14,161:INFO:

2018-12-15 23:36:14,161:INFO:The numbers in this password are: ['4']
2018-12-15 23:36:14,161:INFO:The '4' was the 2nd character
2018-12-15 23:36:14,162:INFO:

2018-12-15 23:36:14,162:INFO:The symbols in this password are: ['!']
2018-12-15 23:36:14,162:INFO:The '!' was the 5th character
2018-12-15 23:36:14,162:INFO:

2018-12-15 23:36:14,219:INFO:The length of 'T4st!ng' is 7
2018-12-15 23:36:14,220:INFO:As a list it looks like this ['T', '4', 's', 't', '!', 'n', 'g']
2018-12-15 23:36:14,220:INFO:The letters in this password are: ['T', 's', 't', 'n', 'g']
2018-12-15 23:36:14,220:INFO:The 'T' was the 1st character
2018-12-15 23:36:14,220:INFO:The 's' was the 3rd character
2018-12-15 23:36:14,220:INFO:The 't' was the 4th character
2018-12-15 23:36:14,221:INFO:The 'n' was the 6th character
2018-12-15 23:36:14,221:INFO:The 'g' was the 7th character
2018-12-15 23:36:14,221:INFO:

2018-12-15 23:36:14,221:INFO:The numbers in this password are: ['4']
2018-12-15 23:36:14,221:INFO:The '4' was the 2nd character
2018-12-15 23:36:14,221:INFO:

2018-12-15 23:36:14,221:INFO:The symbols in this password are: ['!']
2018-12-15 23:36:14,222:INFO:The '!' was the 5th character
2018-12-15 23:36:14,222:INFO:

2018-12-15 23:36:14,279:INFO:The length of 'T4st!ng' is 7
2018-12-15 23:36:14,279:INFO:As a list it looks like this ['T', '4', 's', 't', '!', 'n', 'g']
2018-12-15 23:36:14,279:INFO:The letters in this password are: ['T', 's', 't', 'n', 'g']
2018-12-15 23:36:14,279:INFO:The 'T' was the 1st character
2018-12-15 23:36:14,280:INFO:The 's' was the 3rd character
2018-12-15 23:36:14,280:INFO:The 't' was the 4th character
2018-12-15 23:36:14,280:INFO:The 'n' was the 6th character
2018-12-15 23:36:14,280:INFO:The 'g' was the 7th character
2018-12-15 23:36:14,280:INFO:

2018-12-15 23:36:14,280:INFO:The numbers in this password are: ['4']
2018-12-15 23:36:14,281:INFO:The '4' was the 2nd character
2018-12-15 23:36:14,281:INFO:

2018-12-15 23:36:14,281:INFO:The symbols in this password are: ['!']
2018-12-15 23:36:14,281:INFO:The '!' was the 5th character
2018-12-15 23:36:14,281:INFO:

2018-12-15 23:36:14,343:INFO:The length of 'T4st!ng' is 7
2018-12-15 23:36:14,343:INFO:As a list it looks like this ['T', '4', 's', 't', '!', 'n', 'g']
2018-12-15 23:36:14,343:INFO:The letters in this password are: ['T', 's', 't', 'n', 'g']
2018-12-15 23:36:14,344:INFO:The 'T' was the 1st character
2018-12-15 23:36:14,344:INFO:The 's' was the 3rd character
2018-12-15 23:36:14,344:INFO:The 't' was the 4th character
2018-12-15 23:36:14,344:INFO:The 'n' was the 6th character
2018-12-15 23:36:14,344:INFO:The 'g' was the 7th character
2018-12-15 23:36:14,344:INFO:

2018-12-15 23:36:14,344:INFO:The numbers in this password are: ['4']
2018-12-15 23:36:14,345:INFO:The '4' was the 2nd character
2018-12-15 23:36:14,345:INFO:

2018-12-15 23:36:14,345:INFO:The symbols in this password are: ['!']
2018-12-15 23:36:14,345:INFO:The '!' was the 5th character
2018-12-15 23:36:14,345:INFO:

2018-12-15 23:36:14,411:INFO:The length of 'T4st!ng' is 7
2018-12-15 23:36:14,412:INFO:As a list it looks like this ['T', '4', 's', 't', '!', 'n', 'g']
2018-12-15 23:36:14,412:INFO:The letters in this password are: ['T', 's', 't', 'n', 'g']
2018-12-15 23:36:14,413:INFO:The 'T' was the 1st character
2018-12-15 23:36:14,413:INFO:The 's' was the 3rd character
2018-12-15 23:36:14,413:INFO:The 't' was the 4th character
2018-12-15 23:36:14,413:INFO:The 'n' was the 6th character
2018-12-15 23:36:14,413:INFO:The 'g' was the 7th character
2018-12-15 23:36:14,413:INFO:

2018-12-15 23:36:14,413:INFO:The numbers in this password are: ['4']
2018-12-15 23:36:14,414:INFO:The '4' was the 2nd character
2018-12-15 23:36:14,414:INFO:

2018-12-15 23:36:14,414:INFO:The symbols in this password are: ['!']
2018-12-15 23:36:14,414:INFO:The '!' was the 5th character
2018-12-15 23:36:14,414:INFO:

2018-12-15 23:36:14,488:INFO:The length of 'T4st!ng' is 7
2018-12-15 23:36:14,488:INFO:As a list it looks like this ['T', '4', 's', 't', '!', 'n', 'g']
2018-12-15 23:36:14,489:INFO:The letters in this password are: ['T', 's', 't', 'n', 'g']
2018-12-15 23:36:14,489:INFO:The 'T' was the 1st character
2018-12-15 23:36:14,489:INFO:The 's' was the 3rd character
2018-12-15 23:36:14,489:INFO:The 't' was the 4th character
2018-12-15 23:36:14,489:INFO:The 'n' was the 6th character
2018-12-15 23:36:14,490:INFO:The 'g' was the 7th character
2018-12-15 23:36:14,490:INFO:

2018-12-15 23:36:14,490:INFO:The numbers in this password are: ['4']
2018-12-15 23:36:14,490:INFO:The '4' was the 2nd character
2018-12-15 23:36:14,490:INFO:

2018-12-15 23:36:14,490:INFO:The symbols in this password are: ['!']
2018-12-15 23:36:14,491:INFO:The '!' was the 5th character
2018-12-15 23:36:14,491:INFO:

2018-12-15 23:36:14,569:INFO:The length of 'T4st!ng' is 7
2018-12-15 23:36:14,570:INFO:As a list it looks like this ['T', '4', 's', 't', '!', 'n', 'g']
2018-12-15 23:36:14,571:INFO:The letters in this password are: ['T', 's', 't', 'n', 'g']
2018-12-15 23:36:14,571:INFO:The 'T' was the 1st character
2018-12-15 23:36:14,571:INFO:The 's' was the 3rd character
2018-12-15 23:36:14,571:INFO:The 't' was the 4th character
2018-12-15 23:36:14,571:INFO:The 'n' was the 6th character
2018-12-15 23:36:14,571:INFO:The 'g' was the 7th character
2018-12-15 23:36:14,572:INFO:

2018-12-15 23:36:14,572:INFO:The numbers in this password are: ['4']
2018-12-15 23:36:14,572:INFO:The '4' was the 2nd character
2018-12-15 23:36:14,572:INFO:

2018-12-15 23:36:14,573:INFO:The symbols in this password are: ['!']
2018-12-15 23:36:14,573:INFO:The '!' was the 5th character
2018-12-15 23:36:14,573:INFO:

2018-12-15 23:36:14,641:INFO:The length of 'T4st!ng' is 7
2018-12-15 23:36:14,642:INFO:As a list it looks like this ['T', '4', 's', 't', '!', 'n', 'g']
2018-12-15 23:36:14,642:INFO:The letters in this password are: ['T', 's', 't', 'n', 'g']
2018-12-15 23:36:14,643:INFO:The 'T' was the 1st character
2018-12-15 23:36:14,643:INFO:The 's' was the 3rd character
2018-12-15 23:36:14,643:INFO:The 't' was the 4th character
2018-12-15 23:36:14,643:INFO:The 'n' was the 6th character
2018-12-15 23:36:14,643:INFO:The 'g' was the 7th character
2018-12-15 23:36:14,643:INFO:

2018-12-15 23:36:14,644:INFO:The numbers in this password are: ['4']
2018-12-15 23:36:14,644:INFO:The '4' was the 2nd character
2018-12-15 23:36:14,644:INFO:

2018-12-15 23:36:14,644:INFO:The symbols in this password are: ['!']
2018-12-15 23:36:14,644:INFO:The '!' was the 5th character
2018-12-15 23:36:14,644:INFO:

2018-12-15 23:36:14,712:INFO:The length of 'T4st!ng' is 7
2018-12-15 23:36:14,712:INFO:As a list it looks like this ['T', '4', 's', 't', '!', 'n', 'g']
2018-12-15 23:36:14,713:INFO:The letters in this password are: ['T', 's', 't', 'n', 'g']
2018-12-15 23:36:14,713:INFO:The 'T' was the 1st character
2018-12-15 23:36:14,713:INFO:The 's' was the 3rd character
2018-12-15 23:36:14,713:INFO:The 't' was the 4th character
2018-12-15 23:36:14,713:INFO:The 'n' was the 6th character
2018-12-15 23:36:14,713:INFO:The 'g' was the 7th character
2018-12-15 23:36:14,713:INFO:

2018-12-15 23:36:14,713:INFO:The numbers in this password are: ['4']
2018-12-15 23:36:14,714:INFO:The '4' was the 2nd character
2018-12-15 23:36:14,714:INFO:

2018-12-15 23:36:14,714:INFO:The symbols in this password are: ['!']
2018-12-15 23:36:14,714:INFO:The '!' was the 5th character
2018-12-15 23:36:14,714:INFO:

2018-12-15 23:36:14,779:INFO:The length of 'T4st!ng' is 7
2018-12-15 23:36:14,779:INFO:As a list it looks like this ['T', '4', 's', 't', '!', 'n', 'g']
2018-12-15 23:36:14,779:INFO:The letters in this password are: ['T', 's', 't', 'n', 'g']
2018-12-15 23:36:14,780:INFO:The 'T' was the 1st character
2018-12-15 23:36:14,780:INFO:The 's' was the 3rd character
2018-12-15 23:36:14,780:INFO:The 't' was the 4th character
2018-12-15 23:36:14,780:INFO:The 'n' was the 6th character
2018-12-15 23:36:14,780:INFO:The 'g' was the 7th character
2018-12-15 23:36:14,780:INFO:

2018-12-15 23:36:14,780:INFO:The numbers in this password are: ['4']
2018-12-15 23:36:14,780:INFO:The '4' was the 2nd character
2018-12-15 23:36:14,781:INFO:

2018-12-15 23:36:14,781:INFO:The symbols in this password are: ['!']
2018-12-15 23:36:14,781:INFO:The '!' was the 5th character
2018-12-15 23:36:14,781:INFO:

2018-12-15 23:36:14,838:INFO:The length of 'T4st!ng' is 7
2018-12-15 23:36:14,839:INFO:As a list it looks like this ['T', '4', 's', 't', '!', 'n', 'g']
2018-12-15 23:36:14,839:INFO:The letters in this password are: ['T', 's', 't', 'n', 'g']
2018-12-15 23:36:14,839:INFO:The 'T' was the 1st character
2018-12-15 23:36:14,839:INFO:The 's' was the 3rd character
2018-12-15 23:36:14,839:INFO:The 't' was the 4th character
2018-12-15 23:36:14,839:INFO:The 'n' was the 6th character
2018-12-15 23:36:14,839:INFO:The 'g' was the 7th character
2018-12-15 23:36:14,839:INFO:

2018-12-15 23:36:14,839:INFO:The numbers in this password are: ['4']
2018-12-15 23:36:14,840:INFO:The '4' was the 2nd character
2018-12-15 23:36:14,840:INFO:

2018-12-15 23:36:14,840:INFO:The symbols in this password are: ['!']
2018-12-15 23:36:14,840:INFO:The '!' was the 5th character
2018-12-15 23:36:14,840:INFO:

2018-12-15 23:36:14,904:INFO:The length of 'T4st!ng' is 7
2018-12-15 23:36:14,905:INFO:As a list it looks like this ['T', '4', 's', 't', '!', 'n', 'g']
2018-12-15 23:36:14,905:INFO:The letters in this password are: ['T', 's', 't', 'n', 'g']
2018-12-15 23:36:14,905:INFO:The 'T' was the 1st character
2018-12-15 23:36:14,905:INFO:The 's' was the 3rd character
2018-12-15 23:36:14,905:INFO:The 't' was the 4th character
2018-12-15 23:36:14,906:INFO:The 'n' was the 6th character
2018-12-15 23:36:14,906:INFO:The 'g' was the 7th character
2018-12-15 23:36:14,906:INFO:

2018-12-15 23:36:14,906:INFO:The numbers in this password are: ['4']
2018-12-15 23:36:14,906:INFO:The '4' was the 2nd character
2018-12-15 23:36:14,906:INFO:

2018-12-15 23:36:14,907:INFO:The symbols in this password are: ['!']
2018-12-15 23:36:14,907:INFO:The '!' was the 5th character
2018-12-15 23:36:14,907:INFO:

2018-12-15 23:36:14,967:INFO:The length of 'T4st!ng' is 7
2018-12-15 23:36:14,967:INFO:As a list it looks like this ['T', '4', 's', 't', '!', 'n', 'g']
2018-12-15 23:36:14,967:INFO:The letters in this password are: ['T', 's', 't', 'n', 'g']
2018-12-15 23:36:14,967:INFO:The 'T' was the 1st character
2018-12-15 23:36:14,968:INFO:The 's' was the 3rd character
2018-12-15 23:36:14,968:INFO:The 't' was the 4th character
2018-12-15 23:36:14,968:INFO:The 'n' was the 6th character
2018-12-15 23:36:14,968:INFO:The 'g' was the 7th character
2018-12-15 23:36:14,968:INFO:

2018-12-15 23:36:14,968:INFO:The numbers in this password are: ['4']
2018-12-15 23:36:14,969:INFO:The '4' was the 2nd character
2018-12-15 23:36:14,969:INFO:

2018-12-15 23:36:14,969:INFO:The symbols in this password are: ['!']
2018-12-15 23:36:14,969:INFO:The '!' was the 5th character
2018-12-15 23:36:14,969:INFO:

2018-12-15 23:36:15,032:INFO:The length of 'T4st!ng' is 7
2018-12-15 23:36:15,032:INFO:As a list it looks like this ['T', '4', 's', 't', '!', 'n', 'g']
2018-12-15 23:36:15,032:INFO:The letters in this password are: ['T', 's', 't', 'n', 'g']
2018-12-15 23:36:15,033:INFO:The 'T' was the 1st character
2018-12-15 23:36:15,033:INFO:The 's' was the 3rd character
2018-12-15 23:36:15,033:INFO:The 't' was the 4th character
2018-12-15 23:36:15,033:INFO:The 'n' was the 6th character
2018-12-15 23:36:15,033:INFO:The 'g' was the 7th character
2018-12-15 23:36:15,033:INFO:

2018-12-15 23:36:15,033:INFO:The numbers in this password are: ['4']
2018-12-15 23:36:15,033:INFO:The '4' was the 2nd character
2018-12-15 23:36:15,033:INFO:

2018-12-15 23:36:15,034:INFO:The symbols in this password are: ['!']
2018-12-15 23:36:15,034:INFO:The '!' was the 5th character
2018-12-15 23:36:15,034:INFO:

2018-12-15 23:36:15,092:INFO:The length of 'T4st!ng' is 7
2018-12-15 23:36:15,093:INFO:As a list it looks like this ['T', '4', 's', 't', '!', 'n', 'g']
2018-12-15 23:36:15,094:INFO:The letters in this password are: ['T', 's', 't', 'n', 'g']
2018-12-15 23:36:15,094:INFO:The 'T' was the 1st character
2018-12-15 23:36:15,094:INFO:The 's' was the 3rd character
2018-12-15 23:36:15,094:INFO:The 't' was the 4th character
2018-12-15 23:36:15,094:INFO:The 'n' was the 6th character
2018-12-15 23:36:15,094:INFO:The 'g' was the 7th character
2018-12-15 23:36:15,095:INFO:

2018-12-15 23:36:15,095:INFO:The numbers in this password are: ['4']
2018-12-15 23:36:15,095:INFO:The '4' was the 2nd character
2018-12-15 23:36:15,095:INFO:

2018-12-15 23:36:15,095:INFO:The symbols in this password are: ['!']
2018-12-15 23:36:15,095:INFO:The '!' was the 5th character
2018-12-15 23:36:15,096:INFO:

2018-12-15 23:36:15,153:INFO:The length of 'T4st!ng' is 7
2018-12-15 23:36:15,154:INFO:As a list it looks like this ['T', '4', 's', 't', '!', 'n', 'g']
2018-12-15 23:36:15,154:INFO:The letters in this password are: ['T', 's', 't', 'n', 'g']
2018-12-15 23:36:15,154:INFO:The 'T' was the 1st character
2018-12-15 23:36:15,154:INFO:The 's' was the 3rd character
2018-12-15 23:36:15,154:INFO:The 't' was the 4th character
2018-12-15 23:36:15,154:INFO:The 'n' was the 6th character
2018-12-15 23:36:15,155:INFO:The 'g' was the 7th character
2018-12-15 23:36:15,155:INFO:

2018-12-15 23:36:15,155:INFO:The numbers in this password are: ['4']
2018-12-15 23:36:15,155:INFO:The '4' was the 2nd character
2018-12-15 23:36:15,155:INFO:

2018-12-15 23:36:15,156:INFO:The symbols in this password are: ['!']
2018-12-15 23:36:15,156:INFO:The '!' was the 5th character
2018-12-15 23:36:15,156:INFO:

2018-12-15 23:36:15,220:INFO:The length of 'T4st!ng' is 7
2018-12-15 23:36:15,220:INFO:As a list it looks like this ['T', '4', 's', 't', '!', 'n', 'g']
2018-12-15 23:36:15,220:INFO:The letters in this password are: ['T', 's', 't', 'n', 'g']
2018-12-15 23:36:15,221:INFO:The 'T' was the 1st character
2018-12-15 23:36:15,221:INFO:The 's' was the 3rd character
2018-12-15 23:36:15,221:INFO:The 't' was the 4th character
2018-12-15 23:36:15,221:INFO:The 'n' was the 6th character
2018-12-15 23:36:15,221:INFO:The 'g' was the 7th character
2018-12-15 23:36:15,221:INFO:

2018-12-15 23:36:15,221:INFO:The numbers in this password are: ['4']
2018-12-15 23:36:15,222:INFO:The '4' was the 2nd character
2018-12-15 23:36:15,222:INFO:

2018-12-15 23:36:15,222:INFO:The symbols in this password are: ['!']
2018-12-15 23:36:15,222:INFO:The '!' was the 5th character
2018-12-15 23:36:15,222:INFO:

2018-12-15 23:36:15,282:INFO:The length of 'T4st!ng' is 7
2018-12-15 23:36:15,283:INFO:As a list it looks like this ['T', '4', 's', 't', '!', 'n', 'g']
2018-12-15 23:36:15,283:INFO:The letters in this password are: ['T', 's', 't', 'n', 'g']
2018-12-15 23:36:15,283:INFO:The 'T' was the 1st character
2018-12-15 23:36:15,283:INFO:The 's' was the 3rd character
2018-12-15 23:36:15,283:INFO:The 't' was the 4th character
2018-12-15 23:36:15,284:INFO:The 'n' was the 6th character
2018-12-15 23:36:15,284:INFO:The 'g' was the 7th character
2018-12-15 23:36:15,284:INFO:

2018-12-15 23:36:15,284:INFO:The numbers in this password are: ['4']
2018-12-15 23:36:15,284:INFO:The '4' was the 2nd character
2018-12-15 23:36:15,284:INFO:

2018-12-15 23:36:15,284:INFO:The symbols in this password are: ['!']
2018-12-15 23:36:15,284:INFO:The '!' was the 5th character
2018-12-15 23:36:15,285:INFO:

2018-12-15 23:36:15,341:INFO:The length of 'T4st!ng' is 7
2018-12-15 23:36:15,342:INFO:As a list it looks like this ['T', '4', 's', 't', '!', 'n', 'g']
2018-12-15 23:36:15,342:INFO:The letters in this password are: ['T', 's', 't', 'n', 'g']
2018-12-15 23:36:15,342:INFO:The 'T' was the 1st character
2018-12-15 23:36:15,342:INFO:The 's' was the 3rd character
2018-12-15 23:36:15,342:INFO:The 't' was the 4th character
2018-12-15 23:36:15,343:INFO:The 'n' was the 6th character
2018-12-15 23:36:15,343:INFO:The 'g' was the 7th character
2018-12-15 23:36:15,343:INFO:

2018-12-15 23:36:15,343:INFO:The numbers in this password are: ['4']
2018-12-15 23:36:15,343:INFO:The '4' was the 2nd character
2018-12-15 23:36:15,343:INFO:

2018-12-15 23:36:15,343:INFO:The symbols in this password are: ['!']
2018-12-15 23:36:15,344:INFO:The '!' was the 5th character
2018-12-15 23:36:15,344:INFO:

2018-12-15 23:36:15,405:INFO:The length of 'T4st!ng' is 7
2018-12-15 23:36:15,405:INFO:As a list it looks like this ['T', '4', 's', 't', '!', 'n', 'g']
2018-12-15 23:36:15,406:INFO:The letters in this password are: ['T', 's', 't', 'n', 'g']
2018-12-15 23:36:15,406:INFO:The 'T' was the 1st character
2018-12-15 23:36:15,406:INFO:The 's' was the 3rd character
2018-12-15 23:36:15,406:INFO:The 't' was the 4th character
2018-12-15 23:36:15,406:INFO:The 'n' was the 6th character
2018-12-15 23:36:15,407:INFO:The 'g' was the 7th character
2018-12-15 23:36:15,407:INFO:

2018-12-15 23:36:15,407:INFO:The numbers in this password are: ['4']
2018-12-15 23:36:15,407:INFO:The '4' was the 2nd character
2018-12-15 23:36:15,407:INFO:

2018-12-15 23:36:15,407:INFO:The symbols in this password are: ['!']
2018-12-15 23:36:15,407:INFO:The '!' was the 5th character
2018-12-15 23:36:15,408:INFO:

2018-12-15 23:36:15,471:INFO:The length of 'T4st!ng' is 7
2018-12-15 23:36:15,471:INFO:As a list it looks like this ['T', '4', 's', 't', '!', 'n', 'g']
2018-12-15 23:36:15,472:INFO:The letters in this password are: ['T', 's', 't', 'n', 'g']
2018-12-15 23:36:15,472:INFO:The 'T' was the 1st character
2018-12-15 23:36:15,472:INFO:The 's' was the 3rd character
2018-12-15 23:36:15,472:INFO:The 't' was the 4th character
2018-12-15 23:36:15,472:INFO:The 'n' was the 6th character
2018-12-15 23:36:15,472:INFO:The 'g' was the 7th character
2018-12-15 23:36:15,473:INFO:

2018-12-15 23:36:15,474:INFO:The numbers in this password are: ['4']
2018-12-15 23:36:15,474:INFO:The '4' was the 2nd character
2018-12-15 23:36:15,474:INFO:

2018-12-15 23:36:15,474:INFO:The symbols in this password are: ['!']
2018-12-15 23:36:15,474:INFO:The '!' was the 5th character
2018-12-15 23:36:15,474:INFO:

2018-12-15 23:36:15,542:INFO:The length of 'T4st!ng' is 7
2018-12-15 23:36:15,542:INFO:As a list it looks like this ['T', '4', 's', 't', '!', 'n', 'g']
2018-12-15 23:36:15,543:INFO:The letters in this password are: ['T', 's', 't', 'n', 'g']
2018-12-15 23:36:15,543:INFO:The 'T' was the 1st character
2018-12-15 23:36:15,543:INFO:The 's' was the 3rd character
2018-12-15 23:36:15,543:INFO:The 't' was the 4th character
2018-12-15 23:36:15,543:INFO:The 'n' was the 6th character
2018-12-15 23:36:15,544:INFO:The 'g' was the 7th character
2018-12-15 23:36:15,544:INFO:

2018-12-15 23:36:15,544:INFO:The numbers in this password are: ['4']
2018-12-15 23:36:15,544:INFO:The '4' was the 2nd character
2018-12-15 23:36:15,544:INFO:

2018-12-15 23:36:15,544:INFO:The symbols in this password are: ['!']
2018-12-15 23:36:15,545:INFO:The '!' was the 5th character
2018-12-15 23:36:15,545:INFO:

2018-12-15 23:36:15,614:INFO:The length of 'T4st!ng' is 7
2018-12-15 23:36:15,614:INFO:As a list it looks like this ['T', '4', 's', 't', '!', 'n', 'g']
2018-12-15 23:36:15,614:INFO:The letters in this password are: ['T', 's', 't', 'n', 'g']
2018-12-15 23:36:15,615:INFO:The 'T' was the 1st character
2018-12-15 23:36:15,615:INFO:The 's' was the 3rd character
2018-12-15 23:36:15,615:INFO:The 't' was the 4th character
2018-12-15 23:36:15,615:INFO:The 'n' was the 6th character
2018-12-15 23:36:15,615:INFO:The 'g' was the 7th character
2018-12-15 23:36:15,615:INFO:

2018-12-15 23:36:15,615:INFO:The numbers in this password are: ['4']
2018-12-15 23:36:15,615:INFO:The '4' was the 2nd character
2018-12-15 23:36:15,616:INFO:

2018-12-15 23:36:15,616:INFO:The symbols in this password are: ['!']
2018-12-15 23:36:15,616:INFO:The '!' was the 5th character
2018-12-15 23:36:15,616:INFO:

2018-12-15 23:36:15,682:INFO:The length of 'T4st!ng' is 7
2018-12-15 23:36:15,683:INFO:As a list it looks like this ['T', '4', 's', 't', '!', 'n', 'g']
2018-12-15 23:36:15,683:INFO:The letters in this password are: ['T', 's', 't', 'n', 'g']
2018-12-15 23:36:15,683:INFO:The 'T' was the 1st character
2018-12-15 23:36:15,683:INFO:The 's' was the 3rd character
2018-12-15 23:36:15,683:INFO:The 't' was the 4th character
2018-12-15 23:36:15,684:INFO:The 'n' was the 6th character
2018-12-15 23:36:15,684:INFO:The 'g' was the 7th character
2018-12-15 23:36:15,684:INFO:

2018-12-15 23:36:15,684:INFO:The numbers in this password are: ['4']
2018-12-15 23:36:15,684:INFO:The '4' was the 2nd character
2018-12-15 23:36:15,684:INFO:

2018-12-15 23:36:15,684:INFO:The symbols in this password are: ['!']
2018-12-15 23:36:15,684:INFO:The '!' was the 5th character
2018-12-15 23:36:15,685:INFO:

2018-12-15 23:36:15,742:INFO:The length of 'T4st!ng' is 7
2018-12-15 23:36:15,743:INFO:As a list it looks like this ['T', '4', 's', 't', '!', 'n', 'g']
2018-12-15 23:36:15,743:INFO:The letters in this password are: ['T', 's', 't', 'n', 'g']
2018-12-15 23:36:15,743:INFO:The 'T' was the 1st character
2018-12-15 23:36:15,743:INFO:The 's' was the 3rd character
2018-12-15 23:36:15,744:INFO:The 't' was the 4th character
2018-12-15 23:36:15,744:INFO:The 'n' was the 6th character
2018-12-15 23:36:15,744:INFO:The 'g' was the 7th character
2018-12-15 23:36:15,744:INFO:

2018-12-15 23:36:15,744:INFO:The numbers in this password are: ['4']
2018-12-15 23:36:15,744:INFO:The '4' was the 2nd character
2018-12-15 23:36:15,745:INFO:

2018-12-15 23:36:15,745:INFO:The symbols in this password are: ['!']
2018-12-15 23:36:15,745:INFO:The '!' was the 5th character
2018-12-15 23:36:15,745:INFO:

2018-12-15 23:36:15,809:INFO:The length of 'T4st!ng' is 7
2018-12-15 23:36:15,810:INFO:As a list it looks like this ['T', '4', 's', 't', '!', 'n', 'g']
2018-12-15 23:36:15,810:INFO:The letters in this password are: ['T', 's', 't', 'n', 'g']
2018-12-15 23:36:15,810:INFO:The 'T' was the 1st character
2018-12-15 23:36:15,810:INFO:The 's' was the 3rd character
2018-12-15 23:36:15,810:INFO:The 't' was the 4th character
2018-12-15 23:36:15,811:INFO:The 'n' was the 6th character
2018-12-15 23:36:15,811:INFO:The 'g' was the 7th character
2018-12-15 23:36:15,811:INFO:

2018-12-15 23:36:15,811:INFO:The numbers in this password are: ['4']
2018-12-15 23:36:15,811:INFO:The '4' was the 2nd character
2018-12-15 23:36:15,811:INFO:

2018-12-15 23:36:15,811:INFO:The symbols in this password are: ['!']
2018-12-15 23:36:15,811:INFO:The '!' was the 5th character
2018-12-15 23:36:15,812:INFO:

2018-12-15 23:36:15,871:INFO:The length of 'T4st!ng' is 7
2018-12-15 23:36:15,871:INFO:As a list it looks like this ['T', '4', 's', 't', '!', 'n', 'g']
2018-12-15 23:36:15,871:INFO:The letters in this password are: ['T', 's', 't', 'n', 'g']
2018-12-15 23:36:15,872:INFO:The 'T' was the 1st character
2018-12-15 23:36:15,872:INFO:The 's' was the 3rd character
2018-12-15 23:36:15,872:INFO:The 't' was the 4th character
2018-12-15 23:36:15,872:INFO:The 'n' was the 6th character
2018-12-15 23:36:15,872:INFO:The 'g' was the 7th character
2018-12-15 23:36:15,872:INFO:

2018-12-15 23:36:15,872:INFO:The numbers in this password are: ['4']
2018-12-15 23:36:15,873:INFO:The '4' was the 2nd character
2018-12-15 23:36:15,873:INFO:

2018-12-15 23:36:15,873:INFO:The symbols in this password are: ['!']
2018-12-15 23:36:15,873:INFO:The '!' was the 5th character
2018-12-15 23:36:15,873:INFO:

2018-12-15 23:36:15,930:INFO:The length of 'T4st!ng' is 7
2018-12-15 23:36:15,930:INFO:As a list it looks like this ['T', '4', 's', 't', '!', 'n', 'g']
2018-12-15 23:36:15,931:INFO:The letters in this password are: ['T', 's', 't', 'n', 'g']
2018-12-15 23:36:15,931:INFO:The 'T' was the 1st character
2018-12-15 23:36:15,931:INFO:The 's' was the 3rd character
2018-12-15 23:36:15,931:INFO:The 't' was the 4th character
2018-12-15 23:36:15,931:INFO:The 'n' was the 6th character
2018-12-15 23:36:15,932:INFO:The 'g' was the 7th character
2018-12-15 23:36:15,932:INFO:

2018-12-15 23:36:15,932:INFO:The numbers in this password are: ['4']
2018-12-15 23:36:15,932:INFO:The '4' was the 2nd character
2018-12-15 23:36:15,932:INFO:

2018-12-15 23:36:15,932:INFO:The symbols in this password are: ['!']
2018-12-15 23:36:15,932:INFO:The '!' was the 5th character
2018-12-15 23:36:15,933:INFO:

2018-12-15 23:36:15,996:INFO:The length of 'T4st!ng' is 7
2018-12-15 23:36:15,997:INFO:As a list it looks like this ['T', '4', 's', 't', '!', 'n', 'g']
2018-12-15 23:36:15,997:INFO:The letters in this password are: ['T', 's', 't', 'n', 'g']
2018-12-15 23:36:15,997:INFO:The 'T' was the 1st character
2018-12-15 23:36:15,997:INFO:The 's' was the 3rd character
2018-12-15 23:36:15,997:INFO:The 't' was the 4th character
2018-12-15 23:36:15,998:INFO:The 'n' was the 6th character
2018-12-15 23:36:15,998:INFO:The 'g' was the 7th character
2018-12-15 23:36:15,998:INFO:

2018-12-15 23:36:15,998:INFO:The numbers in this password are: ['4']
2018-12-15 23:36:15,998:INFO:The '4' was the 2nd character
2018-12-15 23:36:15,998:INFO:

2018-12-15 23:36:15,998:INFO:The symbols in this password are: ['!']
2018-12-15 23:36:15,999:INFO:The '!' was the 5th character
2018-12-15 23:36:15,999:INFO:

2018-12-15 23:36:16,064:INFO:The length of 'T4st!ng' is 7
2018-12-15 23:36:16,064:INFO:As a list it looks like this ['T', '4', 's', 't', '!', 'n', 'g']
2018-12-15 23:36:16,065:INFO:The letters in this password are: ['T', 's', 't', 'n', 'g']
2018-12-15 23:36:16,065:INFO:The 'T' was the 1st character
2018-12-15 23:36:16,065:INFO:The 's' was the 3rd character
2018-12-15 23:36:16,065:INFO:The 't' was the 4th character
2018-12-15 23:36:16,065:INFO:The 'n' was the 6th character
2018-12-15 23:36:16,065:INFO:The 'g' was the 7th character
2018-12-15 23:36:16,066:INFO:

2018-12-15 23:36:16,066:INFO:The numbers in this password are: ['4']
2018-12-15 23:36:16,066:INFO:The '4' was the 2nd character
2018-12-15 23:36:16,066:INFO:

2018-12-15 23:36:16,066:INFO:The symbols in this password are: ['!']
2018-12-15 23:36:16,066:INFO:The '!' was the 5th character
2018-12-15 23:36:16,066:INFO:

2018-12-15 23:36:16,124:INFO:The length of 'T4st!ng' is 7
2018-12-15 23:36:16,124:INFO:As a list it looks like this ['T', '4', 's', 't', '!', 'n', 'g']
2018-12-15 23:36:16,124:INFO:The letters in this password are: ['T', 's', 't', 'n', 'g']
2018-12-15 23:36:16,125:INFO:The 'T' was the 1st character
2018-12-15 23:36:16,125:INFO:The 's' was the 3rd character
2018-12-15 23:36:16,125:INFO:The 't' was the 4th character
2018-12-15 23:36:16,125:INFO:The 'n' was the 6th character
2018-12-15 23:36:16,125:INFO:The 'g' was the 7th character
2018-12-15 23:36:16,125:INFO:

2018-12-15 23:36:16,125:INFO:The numbers in this password are: ['4']
2018-12-15 23:36:16,125:INFO:The '4' was the 2nd character
2018-12-15 23:36:16,126:INFO:

2018-12-15 23:36:16,126:INFO:The symbols in this password are: ['!']
2018-12-15 23:36:16,126:INFO:The '!' was the 5th character
2018-12-15 23:36:16,126:INFO:

2018-12-15 23:36:16,186:INFO:The length of 'T4st!ng' is 7
2018-12-15 23:36:16,187:INFO:As a list it looks like this ['T', '4', 's', 't', '!', 'n', 'g']
2018-12-15 23:36:16,187:INFO:The letters in this password are: ['T', 's', 't', 'n', 'g']
2018-12-15 23:36:16,187:INFO:The 'T' was the 1st character
2018-12-15 23:36:16,187:INFO:The 's' was the 3rd character
2018-12-15 23:36:16,187:INFO:The 't' was the 4th character
2018-12-15 23:36:16,188:INFO:The 'n' was the 6th character
2018-12-15 23:36:16,188:INFO:The 'g' was the 7th character
2018-12-15 23:36:16,188:INFO:

2018-12-15 23:36:16,188:INFO:The numbers in this password are: ['4']
2018-12-15 23:36:16,188:INFO:The '4' was the 2nd character
2018-12-15 23:36:16,188:INFO:

2018-12-15 23:36:16,189:INFO:The symbols in this password are: ['!']
2018-12-15 23:36:16,189:INFO:The '!' was the 5th character
2018-12-15 23:36:16,189:INFO:

2018-12-15 23:36:16,253:INFO:The length of 'T4st!ng' is 7
2018-12-15 23:36:16,254:INFO:As a list it looks like this ['T', '4', 's', 't', '!', 'n', 'g']
2018-12-15 23:36:16,254:INFO:The letters in this password are: ['T', 's', 't', 'n', 'g']
2018-12-15 23:36:16,254:INFO:The 'T' was the 1st character
2018-12-15 23:36:16,254:INFO:The 's' was the 3rd character
2018-12-15 23:36:16,255:INFO:The 't' was the 4th character
2018-12-15 23:36:16,255:INFO:The 'n' was the 6th character
2018-12-15 23:36:16,255:INFO:The 'g' was the 7th character
2018-12-15 23:36:16,255:INFO:

2018-12-15 23:36:16,255:INFO:The numbers in this password are: ['4']
2018-12-15 23:36:16,255:INFO:The '4' was the 2nd character
2018-12-15 23:36:16,255:INFO:

2018-12-15 23:36:16,256:INFO:The symbols in this password are: ['!']
2018-12-15 23:36:16,256:INFO:The '!' was the 5th character
2018-12-15 23:36:16,256:INFO:

2018-12-15 23:36:16,321:INFO:The length of 'T4st!ng' is 7
2018-12-15 23:36:16,321:INFO:As a list it looks like this ['T', '4', 's', 't', '!', 'n', 'g']
2018-12-15 23:36:16,321:INFO:The letters in this password are: ['T', 's', 't', 'n', 'g']
2018-12-15 23:36:16,322:INFO:The 'T' was the 1st character
2018-12-15 23:36:16,322:INFO:The 's' was the 3rd character
2018-12-15 23:36:16,322:INFO:The 't' was the 4th character
2018-12-15 23:36:16,322:INFO:The 'n' was the 6th character
2018-12-15 23:36:16,322:INFO:The 'g' was the 7th character
2018-12-15 23:36:16,322:INFO:

2018-12-15 23:36:16,322:INFO:The numbers in this password are: ['4']
2018-12-15 23:36:16,323:INFO:The '4' was the 2nd character
2018-12-15 23:36:16,323:INFO:

2018-12-15 23:36:16,323:INFO:The symbols in this password are: ['!']
2018-12-15 23:36:16,323:INFO:The '!' was the 5th character
2018-12-15 23:36:16,323:INFO:

2018-12-15 23:36:16,381:INFO:The length of 'T4st!ng' is 7
2018-12-15 23:36:16,381:INFO:As a list it looks like this ['T', '4', 's', 't', '!', 'n', 'g']
2018-12-15 23:36:16,382:INFO:The letters in this password are: ['T', 's', 't', 'n', 'g']
2018-12-15 23:36:16,382:INFO:The 'T' was the 1st character
2018-12-15 23:36:16,382:INFO:The 's' was the 3rd character
2018-12-15 23:36:16,382:INFO:The 't' was the 4th character
2018-12-15 23:36:16,382:INFO:The 'n' was the 6th character
2018-12-15 23:36:16,382:INFO:The 'g' was the 7th character
2018-12-15 23:36:16,383:INFO:

2018-12-15 23:36:16,383:INFO:The numbers in this password are: ['4']
2018-12-15 23:36:16,383:INFO:The '4' was the 2nd character
2018-12-15 23:36:16,383:INFO:

2018-12-15 23:36:16,383:INFO:The symbols in this password are: ['!']
2018-12-15 23:36:16,383:INFO:The '!' was the 5th character
2018-12-15 23:36:16,383:INFO:

2018-12-15 23:36:16,440:INFO:The length of 'T4st!ng' is 7
2018-12-15 23:36:16,441:INFO:As a list it looks like this ['T', '4', 's', 't', '!', 'n', 'g']
2018-12-15 23:36:16,441:INFO:The letters in this password are: ['T', 's', 't', 'n', 'g']
2018-12-15 23:36:16,441:INFO:The 'T' was the 1st character
2018-12-15 23:36:16,441:INFO:The 's' was the 3rd character
2018-12-15 23:36:16,441:INFO:The 't' was the 4th character
2018-12-15 23:36:16,441:INFO:The 'n' was the 6th character
2018-12-15 23:36:16,442:INFO:The 'g' was the 7th character
2018-12-15 23:36:16,442:INFO:

2018-12-15 23:36:16,442:INFO:The numbers in this password are: ['4']
2018-12-15 23:36:16,442:INFO:The '4' was the 2nd character
2018-12-15 23:36:16,442:INFO:

2018-12-15 23:36:16,443:INFO:The symbols in this password are: ['!']
2018-12-15 23:36:16,443:INFO:The '!' was the 5th character
2018-12-15 23:36:16,443:INFO:

2018-12-15 23:36:16,506:INFO:The length of 'T4st!ng' is 7
2018-12-15 23:36:16,506:INFO:As a list it looks like this ['T', '4', 's', 't', '!', 'n', 'g']
2018-12-15 23:36:16,506:INFO:The letters in this password are: ['T', 's', 't', 'n', 'g']
2018-12-15 23:36:16,507:INFO:The 'T' was the 1st character
2018-12-15 23:36:16,507:INFO:The 's' was the 3rd character
2018-12-15 23:36:16,507:INFO:The 't' was the 4th character
2018-12-15 23:36:16,507:INFO:The 'n' was the 6th character
2018-12-15 23:36:16,507:INFO:The 'g' was the 7th character
2018-12-15 23:36:16,507:INFO:

2018-12-15 23:36:16,507:INFO:The numbers in this password are: ['4']
2018-12-15 23:36:16,507:INFO:The '4' was the 2nd character
2018-12-15 23:36:16,508:INFO:

2018-12-15 23:36:16,508:INFO:The symbols in this password are: ['!']
2018-12-15 23:36:16,508:INFO:The '!' was the 5th character
2018-12-15 23:36:16,508:INFO:

2018-12-15 23:36:16,564:INFO:The length of 'T4st!ng' is 7
2018-12-15 23:36:16,564:INFO:As a list it looks like this ['T', '4', 's', 't', '!', 'n', 'g']
2018-12-15 23:36:16,564:INFO:The letters in this password are: ['T', 's', 't', 'n', 'g']
2018-12-15 23:36:16,565:INFO:The 'T' was the 1st character
2018-12-15 23:36:16,565:INFO:The 's' was the 3rd character
2018-12-15 23:36:16,565:INFO:The 't' was the 4th character
2018-12-15 23:36:16,565:INFO:The 'n' was the 6th character
2018-12-15 23:36:16,565:INFO:The 'g' was the 7th character
2018-12-15 23:36:16,565:INFO:

2018-12-15 23:36:16,566:INFO:The numbers in this password are: ['4']
2018-12-15 23:36:16,566:INFO:The '4' was the 2nd character
2018-12-15 23:36:16,566:INFO:

2018-12-15 23:36:16,566:INFO:The symbols in this password are: ['!']
2018-12-15 23:36:16,566:INFO:The '!' was the 5th character
2018-12-15 23:36:16,566:INFO:

2018-12-15 23:36:16,624:INFO:The length of 'T4st!ng' is 7
2018-12-15 23:36:16,625:INFO:As a list it looks like this ['T', '4', 's', 't', '!', 'n', 'g']
2018-12-15 23:36:16,625:INFO:The letters in this password are: ['T', 's', 't', 'n', 'g']
2018-12-15 23:36:16,625:INFO:The 'T' was the 1st character
2018-12-15 23:36:16,625:INFO:The 's' was the 3rd character
2018-12-15 23:36:16,625:INFO:The 't' was the 4th character
2018-12-15 23:36:16,625:INFO:The 'n' was the 6th character
2018-12-15 23:36:16,626:INFO:The 'g' was the 7th character
2018-12-15 23:36:16,626:INFO:

2018-12-15 23:36:16,626:INFO:The numbers in this password are: ['4']
2018-12-15 23:36:16,626:INFO:The '4' was the 2nd character
2018-12-15 23:36:16,626:INFO:

2018-12-15 23:36:16,626:INFO:The symbols in this password are: ['!']
2018-12-15 23:36:16,626:INFO:The '!' was the 5th character
2018-12-15 23:36:16,627:INFO:

2018-12-15 23:36:16,683:INFO:The length of 'T4st!ng' is 7
2018-12-15 23:36:16,684:INFO:As a list it looks like this ['T', '4', 's', 't', '!', 'n', 'g']
2018-12-15 23:36:16,684:INFO:The letters in this password are: ['T', 's', 't', 'n', 'g']
2018-12-15 23:36:16,684:INFO:The 'T' was the 1st character
2018-12-15 23:36:16,685:INFO:The 's' was the 3rd character
2018-12-15 23:36:16,685:INFO:The 't' was the 4th character
2018-12-15 23:36:16,685:INFO:The 'n' was the 6th character
2018-12-15 23:36:16,685:INFO:The 'g' was the 7th character
2018-12-15 23:36:16,685:INFO:

2018-12-15 23:36:16,685:INFO:The numbers in this password are: ['4']
2018-12-15 23:36:16,685:INFO:The '4' was the 2nd character
2018-12-15 23:36:16,685:INFO:

2018-12-15 23:36:16,686:INFO:The symbols in this password are: ['!']
2018-12-15 23:36:16,686:INFO:The '!' was the 5th character
2018-12-15 23:36:16,686:INFO:

2018-12-15 23:36:16,744:INFO:The length of 'T4st!ng' is 7
2018-12-15 23:36:16,745:INFO:As a list it looks like this ['T', '4', 's', 't', '!', 'n', 'g']
2018-12-15 23:36:16,745:INFO:The letters in this password are: ['T', 's', 't', 'n', 'g']
2018-12-15 23:36:16,745:INFO:The 'T' was the 1st character
2018-12-15 23:36:16,746:INFO:The 's' was the 3rd character
2018-12-15 23:36:16,746:INFO:The 't' was the 4th character
2018-12-15 23:36:16,746:INFO:The 'n' was the 6th character
2018-12-15 23:36:16,746:INFO:The 'g' was the 7th character
2018-12-15 23:36:16,746:INFO:

2018-12-15 23:36:16,746:INFO:The numbers in this password are: ['4']
2018-12-15 23:36:16,746:INFO:The '4' was the 2nd character
2018-12-15 23:36:16,747:INFO:

2018-12-15 23:36:16,747:INFO:The symbols in this password are: ['!']
2018-12-15 23:36:16,747:INFO:The '!' was the 5th character
2018-12-15 23:36:16,747:INFO:

2018-12-15 23:36:16,814:INFO:The length of 'T4st!ng' is 7
2018-12-15 23:36:16,815:INFO:As a list it looks like this ['T', '4', 's', 't', '!', 'n', 'g']
2018-12-15 23:36:16,815:INFO:The letters in this password are: ['T', 's', 't', 'n', 'g']
2018-12-15 23:36:16,815:INFO:The 'T' was the 1st character
2018-12-15 23:36:16,815:INFO:The 's' was the 3rd character
2018-12-15 23:36:16,815:INFO:The 't' was the 4th character
2018-12-15 23:36:16,815:INFO:The 'n' was the 6th character
2018-12-15 23:36:16,815:INFO:The 'g' was the 7th character
2018-12-15 23:36:16,815:INFO:

2018-12-15 23:36:16,816:INFO:The numbers in this password are: ['4']
2018-12-15 23:36:16,816:INFO:The '4' was the 2nd character
2018-12-15 23:36:16,816:INFO:

2018-12-15 23:36:16,816:INFO:The symbols in this password are: ['!']
2018-12-15 23:36:16,816:INFO:The '!' was the 5th character
2018-12-15 23:36:16,816:INFO:

2018-12-15 23:36:16,873:INFO:The length of 'T4st!ng' is 7
2018-12-15 23:36:16,874:INFO:As a list it looks like this ['T', '4', 's', 't', '!', 'n', 'g']
2018-12-15 23:36:16,874:INFO:The letters in this password are: ['T', 's', 't', 'n', 'g']
2018-12-15 23:36:16,874:INFO:The 'T' was the 1st character
2018-12-15 23:36:16,874:INFO:The 's' was the 3rd character
2018-12-15 23:36:16,874:INFO:The 't' was the 4th character
2018-12-15 23:36:16,875:INFO:The 'n' was the 6th character
2018-12-15 23:36:16,875:INFO:The 'g' was the 7th character
2018-12-15 23:36:16,875:INFO:

2018-12-15 23:36:16,875:INFO:The numbers in this password are: ['4']
2018-12-15 23:36:16,875:INFO:The '4' was the 2nd character
2018-12-15 23:36:16,875:INFO:

2018-12-15 23:36:16,875:INFO:The symbols in this password are: ['!']
2018-12-15 23:36:16,875:INFO:The '!' was the 5th character
2018-12-15 23:36:16,876:INFO:

2018-12-15 23:36:16,933:INFO:The length of 'T4st!ng' is 7
2018-12-15 23:36:16,934:INFO:As a list it looks like this ['T', '4', 's', 't', '!', 'n', 'g']
2018-12-15 23:36:16,934:INFO:The letters in this password are: ['T', 's', 't', 'n', 'g']
2018-12-15 23:36:16,934:INFO:The 'T' was the 1st character
2018-12-15 23:36:16,934:INFO:The 's' was the 3rd character
2018-12-15 23:36:16,934:INFO:The 't' was the 4th character
2018-12-15 23:36:16,935:INFO:The 'n' was the 6th character
2018-12-15 23:36:16,935:INFO:The 'g' was the 7th character
2018-12-15 23:36:16,935:INFO:

2018-12-15 23:36:16,935:INFO:The numbers in this password are: ['4']
2018-12-15 23:36:16,935:INFO:The '4' was the 2nd character
2018-12-15 23:36:16,935:INFO:

2018-12-15 23:36:16,936:INFO:The symbols in this password are: ['!']
2018-12-15 23:36:16,936:INFO:The '!' was the 5th character
2018-12-15 23:36:16,936:INFO:

2018-12-15 23:36:16,997:INFO:The length of 'T4st!ng' is 7
2018-12-15 23:36:16,998:INFO:As a list it looks like this ['T', '4', 's', 't', '!', 'n', 'g']
2018-12-15 23:36:16,998:INFO:The letters in this password are: ['T', 's', 't', 'n', 'g']
2018-12-15 23:36:16,998:INFO:The 'T' was the 1st character
2018-12-15 23:36:16,999:INFO:The 's' was the 3rd character
2018-12-15 23:36:16,999:INFO:The 't' was the 4th character
2018-12-15 23:36:16,999:INFO:The 'n' was the 6th character
2018-12-15 23:36:16,999:INFO:The 'g' was the 7th character
2018-12-15 23:36:16,999:INFO:

2018-12-15 23:36:16,999:INFO:The numbers in this password are: ['4']
2018-12-15 23:36:16,999:INFO:The '4' was the 2nd character
2018-12-15 23:36:17,000:INFO:

2018-12-15 23:36:17,000:INFO:The symbols in this password are: ['!']
2018-12-15 23:36:17,000:INFO:The '!' was the 5th character
2018-12-15 23:36:17,000:INFO:

2018-12-15 23:36:17,057:INFO:The length of 'T4st!ng' is 7
2018-12-15 23:36:17,057:INFO:As a list it looks like this ['T', '4', 's', 't', '!', 'n', 'g']
2018-12-15 23:36:17,058:INFO:The letters in this password are: ['T', 's', 't', 'n', 'g']
2018-12-15 23:36:17,058:INFO:The 'T' was the 1st character
2018-12-15 23:36:17,058:INFO:The 's' was the 3rd character
2018-12-15 23:36:17,058:INFO:The 't' was the 4th character
2018-12-15 23:36:17,058:INFO:The 'n' was the 6th character
2018-12-15 23:36:17,058:INFO:The 'g' was the 7th character
2018-12-15 23:36:17,059:INFO:

2018-12-15 23:36:17,059:INFO:The numbers in this password are: ['4']
2018-12-15 23:36:17,059:INFO:The '4' was the 2nd character
2018-12-15 23:36:17,059:INFO:

2018-12-15 23:36:17,059:INFO:The symbols in this password are: ['!']
2018-12-15 23:36:17,059:INFO:The '!' was the 5th character
2018-12-15 23:36:17,059:INFO:

2018-12-15 23:36:17,123:INFO:The length of 'T4st!ng' is 7
2018-12-15 23:36:17,124:INFO:As a list it looks like this ['T', '4', 's', 't', '!', 'n', 'g']
2018-12-15 23:36:17,124:INFO:The letters in this password are: ['T', 's', 't', 'n', 'g']
2018-12-15 23:36:17,124:INFO:The 'T' was the 1st character
2018-12-15 23:36:17,125:INFO:The 's' was the 3rd character
2018-12-15 23:36:17,125:INFO:The 't' was the 4th character
2018-12-15 23:36:17,125:INFO:The 'n' was the 6th character
2018-12-15 23:36:17,125:INFO:The 'g' was the 7th character
2018-12-15 23:36:17,125:INFO:

2018-12-15 23:36:17,125:INFO:The numbers in this password are: ['4']
2018-12-15 23:36:17,125:INFO:The '4' was the 2nd character
2018-12-15 23:36:17,126:INFO:

2018-12-15 23:36:17,126:INFO:The symbols in this password are: ['!']
2018-12-15 23:36:17,126:INFO:The '!' was the 5th character
2018-12-15 23:36:17,126:INFO:

2018-12-15 23:36:17,185:INFO:The length of 'T4st!ng' is 7
2018-12-15 23:36:17,185:INFO:As a list it looks like this ['T', '4', 's', 't', '!', 'n', 'g']
2018-12-15 23:36:17,185:INFO:The letters in this password are: ['T', 's', 't', 'n', 'g']
2018-12-15 23:36:17,186:INFO:The 'T' was the 1st character
2018-12-15 23:36:17,186:INFO:The 's' was the 3rd character
2018-12-15 23:36:17,186:INFO:The 't' was the 4th character
2018-12-15 23:36:17,186:INFO:The 'n' was the 6th character
2018-12-15 23:36:17,186:INFO:The 'g' was the 7th character
2018-12-15 23:36:17,187:INFO:

2018-12-15 23:36:17,187:INFO:The numbers in this password are: ['4']
2018-12-15 23:36:17,187:INFO:The '4' was the 2nd character
2018-12-15 23:36:17,187:INFO:

2018-12-15 23:36:17,187:INFO:The symbols in this password are: ['!']
2018-12-15 23:36:17,188:INFO:The '!' was the 5th character
2018-12-15 23:36:17,188:INFO:

2018-12-15 23:36:17,246:INFO:The length of 'T4st!ng' is 7
2018-12-15 23:36:17,246:INFO:As a list it looks like this ['T', '4', 's', 't', '!', 'n', 'g']
2018-12-15 23:36:17,247:INFO:The letters in this password are: ['T', 's', 't', 'n', 'g']
2018-12-15 23:36:17,247:INFO:The 'T' was the 1st character
2018-12-15 23:36:17,247:INFO:The 's' was the 3rd character
2018-12-15 23:36:17,247:INFO:The 't' was the 4th character
2018-12-15 23:36:17,247:INFO:The 'n' was the 6th character
2018-12-15 23:36:17,248:INFO:The 'g' was the 7th character
2018-12-15 23:36:17,248:INFO:

2018-12-15 23:36:17,248:INFO:The numbers in this password are: ['4']
2018-12-15 23:36:17,248:INFO:The '4' was the 2nd character
2018-12-15 23:36:17,248:INFO:

2018-12-15 23:36:17,248:INFO:The symbols in this password are: ['!']
2018-12-15 23:36:17,248:INFO:The '!' was the 5th character
2018-12-15 23:36:17,249:INFO:

2018-12-15 23:36:17,307:INFO:The length of 'T4st!ng' is 7
2018-12-15 23:36:17,307:INFO:As a list it looks like this ['T', '4', 's', 't', '!', 'n', 'g']
2018-12-15 23:36:17,308:INFO:The letters in this password are: ['T', 's', 't', 'n', 'g']
2018-12-15 23:36:17,308:INFO:The 'T' was the 1st character
2018-12-15 23:36:17,308:INFO:The 's' was the 3rd character
2018-12-15 23:36:17,308:INFO:The 't' was the 4th character
2018-12-15 23:36:17,308:INFO:The 'n' was the 6th character
2018-12-15 23:36:17,308:INFO:The 'g' was the 7th character
2018-12-15 23:36:17,308:INFO:

2018-12-15 23:36:17,309:INFO:The numbers in this password are: ['4']
2018-12-15 23:36:17,309:INFO:The '4' was the 2nd character
2018-12-15 23:36:17,309:INFO:

2018-12-15 23:36:17,309:INFO:The symbols in this password are: ['!']
2018-12-15 23:36:17,309:INFO:The '!' was the 5th character
2018-12-15 23:36:17,309:INFO:

2018-12-15 23:36:17,366:INFO:The length of 'T4st!ng' is 7
2018-12-15 23:36:17,366:INFO:As a list it looks like this ['T', '4', 's', 't', '!', 'n', 'g']
2018-12-15 23:36:17,366:INFO:The letters in this password are: ['T', 's', 't', 'n', 'g']
2018-12-15 23:36:17,366:INFO:The 'T' was the 1st character
2018-12-15 23:36:17,367:INFO:The 's' was the 3rd character
2018-12-15 23:36:17,367:INFO:The 't' was the 4th character
2018-12-15 23:36:17,367:INFO:The 'n' was the 6th character
2018-12-15 23:36:17,367:INFO:The 'g' was the 7th character
2018-12-15 23:36:17,367:INFO:

2018-12-15 23:36:17,367:INFO:The numbers in this password are: ['4']
2018-12-15 23:36:17,367:INFO:The '4' was the 2nd character
2018-12-15 23:36:17,368:INFO:

2018-12-15 23:36:17,368:INFO:The symbols in this password are: ['!']
2018-12-15 23:36:17,368:INFO:The '!' was the 5th character
2018-12-15 23:36:17,368:INFO:

2018-12-15 23:36:17,435:INFO:The length of 'T4st!ng' is 7
2018-12-15 23:36:17,436:INFO:As a list it looks like this ['T', '4', 's', 't', '!', 'n', 'g']
2018-12-15 23:36:17,436:INFO:The letters in this password are: ['T', 's', 't', 'n', 'g']
2018-12-15 23:36:17,437:INFO:The 'T' was the 1st character
2018-12-15 23:36:17,437:INFO:The 's' was the 3rd character
2018-12-15 23:36:17,437:INFO:The 't' was the 4th character
2018-12-15 23:36:17,437:INFO:The 'n' was the 6th character
2018-12-15 23:36:17,438:INFO:The 'g' was the 7th character
2018-12-15 23:36:17,438:INFO:

2018-12-15 23:36:17,438:INFO:The numbers in this password are: ['4']
2018-12-15 23:36:17,438:INFO:The '4' was the 2nd character
2018-12-15 23:36:17,438:INFO:

2018-12-15 23:36:17,439:INFO:The symbols in this password are: ['!']
2018-12-15 23:36:17,439:INFO:The '!' was the 5th character
2018-12-15 23:36:17,439:INFO:

2018-12-15 23:36:17,506:INFO:The length of 'T4st!ng' is 7
2018-12-15 23:36:17,507:INFO:As a list it looks like this ['T', '4', 's', 't', '!', 'n', 'g']
2018-12-15 23:36:17,507:INFO:The letters in this password are: ['T', 's', 't', 'n', 'g']
2018-12-15 23:36:17,507:INFO:The 'T' was the 1st character
2018-12-15 23:36:17,508:INFO:The 's' was the 3rd character
2018-12-15 23:36:17,508:INFO:The 't' was the 4th character
2018-12-15 23:36:17,508:INFO:The 'n' was the 6th character
2018-12-15 23:36:17,508:INFO:The 'g' was the 7th character
2018-12-15 23:36:17,508:INFO:

2018-12-15 23:36:17,508:INFO:The numbers in this password are: ['4']
2018-12-15 23:36:17,509:INFO:The '4' was the 2nd character
2018-12-15 23:36:17,509:INFO:

2018-12-15 23:36:17,509:INFO:The symbols in this password are: ['!']
2018-12-15 23:36:17,509:INFO:The '!' was the 5th character
2018-12-15 23:36:17,510:INFO:

2018-12-15 23:36:17,576:INFO:The length of 'T4st!ng' is 7
2018-12-15 23:36:17,576:INFO:As a list it looks like this ['T', '4', 's', 't', '!', 'n', 'g']
2018-12-15 23:36:17,577:INFO:The letters in this password are: ['T', 's', 't', 'n', 'g']
2018-12-15 23:36:17,577:INFO:The 'T' was the 1st character
2018-12-15 23:36:17,577:INFO:The 's' was the 3rd character
2018-12-15 23:36:17,577:INFO:The 't' was the 4th character
2018-12-15 23:36:17,578:INFO:The 'n' was the 6th character
2018-12-15 23:36:17,578:INFO:The 'g' was the 7th character
2018-12-15 23:36:17,578:INFO:

2018-12-15 23:36:17,578:INFO:The numbers in this password are: ['4']
2018-12-15 23:36:17,578:INFO:The '4' was the 2nd character
2018-12-15 23:36:17,579:INFO:

2018-12-15 23:36:17,579:INFO:The symbols in this password are: ['!']
2018-12-15 23:36:17,579:INFO:The '!' was the 5th character
2018-12-15 23:36:17,579:INFO:

2018-12-15 23:36:17,643:INFO:The length of 'T4st!ng' is 7
2018-12-15 23:36:17,643:INFO:As a list it looks like this ['T', '4', 's', 't', '!', 'n', 'g']
2018-12-15 23:36:17,644:INFO:The letters in this password are: ['T', 's', 't', 'n', 'g']
2018-12-15 23:36:17,644:INFO:The 'T' was the 1st character
2018-12-15 23:36:17,644:INFO:The 's' was the 3rd character
2018-12-15 23:36:17,644:INFO:The 't' was the 4th character
2018-12-15 23:36:17,645:INFO:The 'n' was the 6th character
2018-12-15 23:36:17,645:INFO:The 'g' was the 7th character
2018-12-15 23:36:17,645:INFO:

2018-12-15 23:36:17,645:INFO:The numbers in this password are: ['4']
2018-12-15 23:36:17,645:INFO:The '4' was the 2nd character
2018-12-15 23:36:17,645:INFO:

2018-12-15 23:36:17,645:INFO:The symbols in this password are: ['!']
2018-12-15 23:36:17,645:INFO:The '!' was the 5th character
2018-12-15 23:36:17,646:INFO:

2018-12-15 23:36:17,708:INFO:The length of 'T4st!ng' is 7
2018-12-15 23:36:17,708:INFO:As a list it looks like this ['T', '4', 's', 't', '!', 'n', 'g']
2018-12-15 23:36:17,708:INFO:The letters in this password are: ['T', 's', 't', 'n', 'g']
2018-12-15 23:36:17,708:INFO:The 'T' was the 1st character
2018-12-15 23:36:17,709:INFO:The 's' was the 3rd character
2018-12-15 23:36:17,709:INFO:The 't' was the 4th character
2018-12-15 23:36:17,709:INFO:The 'n' was the 6th character
2018-12-15 23:36:17,709:INFO:The 'g' was the 7th character
2018-12-15 23:36:17,709:INFO:

2018-12-15 23:36:17,709:INFO:The numbers in this password are: ['4']
2018-12-15 23:36:17,709:INFO:The '4' was the 2nd character
2018-12-15 23:36:17,710:INFO:

2018-12-15 23:36:17,710:INFO:The symbols in this password are: ['!']
2018-12-15 23:36:17,710:INFO:The '!' was the 5th character
2018-12-15 23:36:17,710:INFO:

2018-12-15 23:36:17,772:INFO:The length of 'T4st!ng' is 7
2018-12-15 23:36:17,773:INFO:As a list it looks like this ['T', '4', 's', 't', '!', 'n', 'g']
2018-12-15 23:36:17,773:INFO:The letters in this password are: ['T', 's', 't', 'n', 'g']
2018-12-15 23:36:17,773:INFO:The 'T' was the 1st character
2018-12-15 23:36:17,773:INFO:The 's' was the 3rd character
2018-12-15 23:36:17,773:INFO:The 't' was the 4th character
2018-12-15 23:36:17,774:INFO:The 'n' was the 6th character
2018-12-15 23:36:17,774:INFO:The 'g' was the 7th character
2018-12-15 23:36:17,774:INFO:

2018-12-15 23:36:17,774:INFO:The numbers in this password are: ['4']
2018-12-15 23:36:17,774:INFO:The '4' was the 2nd character
2018-12-15 23:36:17,774:INFO:

2018-12-15 23:36:17,774:INFO:The symbols in this password are: ['!']
2018-12-15 23:36:17,774:INFO:The '!' was the 5th character
2018-12-15 23:36:17,775:INFO:

2018-12-15 23:36:17,829:INFO:The length of 'T4st!ng' is 7
2018-12-15 23:36:17,830:INFO:As a list it looks like this ['T', '4', 's', 't', '!', 'n', 'g']
2018-12-15 23:36:17,830:INFO:The letters in this password are: ['T', 's', 't', 'n', 'g']
2018-12-15 23:36:17,830:INFO:The 'T' was the 1st character
2018-12-15 23:36:17,831:INFO:The 's' was the 3rd character
2018-12-15 23:36:17,831:INFO:The 't' was the 4th character
2018-12-15 23:36:17,831:INFO:The 'n' was the 6th character
2018-12-15 23:36:17,831:INFO:The 'g' was the 7th character
2018-12-15 23:36:17,831:INFO:

2018-12-15 23:36:17,831:INFO:The numbers in this password are: ['4']
2018-12-15 23:36:17,831:INFO:The '4' was the 2nd character
2018-12-15 23:36:17,832:INFO:

2018-12-15 23:36:17,832:INFO:The symbols in this password are: ['!']
2018-12-15 23:36:17,832:INFO:The '!' was the 5th character
2018-12-15 23:36:17,832:INFO:

2018-12-15 23:36:17,891:INFO:The length of 'T4st!ng' is 7
2018-12-15 23:36:17,892:INFO:As a list it looks like this ['T', '4', 's', 't', '!', 'n', 'g']
2018-12-15 23:36:17,892:INFO:The letters in this password are: ['T', 's', 't', 'n', 'g']
2018-12-15 23:36:17,892:INFO:The 'T' was the 1st character
2018-12-15 23:36:17,892:INFO:The 's' was the 3rd character
2018-12-15 23:36:17,892:INFO:The 't' was the 4th character
2018-12-15 23:36:17,893:INFO:The 'n' was the 6th character
2018-12-15 23:36:17,893:INFO:The 'g' was the 7th character
2018-12-15 23:36:17,893:INFO:

2018-12-15 23:36:17,893:INFO:The numbers in this password are: ['4']
2018-12-15 23:36:17,893:INFO:The '4' was the 2nd character
2018-12-15 23:36:17,893:INFO:

2018-12-15 23:36:17,893:INFO:The symbols in this password are: ['!']
2018-12-15 23:36:17,893:INFO:The '!' was the 5th character
2018-12-15 23:36:17,894:INFO:

2018-12-15 23:36:17,956:INFO:The length of 'T4st!ng' is 7
2018-12-15 23:36:17,957:INFO:As a list it looks like this ['T', '4', 's', 't', '!', 'n', 'g']
2018-12-15 23:36:17,957:INFO:The letters in this password are: ['T', 's', 't', 'n', 'g']
2018-12-15 23:36:17,957:INFO:The 'T' was the 1st character
2018-12-15 23:36:17,957:INFO:The 's' was the 3rd character
2018-12-15 23:36:17,957:INFO:The 't' was the 4th character
2018-12-15 23:36:17,957:INFO:The 'n' was the 6th character
2018-12-15 23:36:17,957:INFO:The 'g' was the 7th character
2018-12-15 23:36:17,958:INFO:

2018-12-15 23:36:17,958:INFO:The numbers in this password are: ['4']
2018-12-15 23:36:17,958:INFO:The '4' was the 2nd character
2018-12-15 23:36:17,958:INFO:

2018-12-15 23:36:17,958:INFO:The symbols in this password are: ['!']
2018-12-15 23:36:17,958:INFO:The '!' was the 5th character
2018-12-15 23:36:17,959:INFO:

2018-12-15 23:36:18,018:INFO:The length of 'T4st!ng' is 7
2018-12-15 23:36:18,019:INFO:As a list it looks like this ['T', '4', 's', 't', '!', 'n', 'g']
2018-12-15 23:36:18,019:INFO:The letters in this password are: ['T', 's', 't', 'n', 'g']
2018-12-15 23:36:18,019:INFO:The 'T' was the 1st character
2018-12-15 23:36:18,019:INFO:The 's' was the 3rd character
2018-12-15 23:36:18,019:INFO:The 't' was the 4th character
2018-12-15 23:36:18,019:INFO:The 'n' was the 6th character
2018-12-15 23:36:18,020:INFO:The 'g' was the 7th character
2018-12-15 23:36:18,020:INFO:

2018-12-15 23:36:18,020:INFO:The numbers in this password are: ['4']
2018-12-15 23:36:18,020:INFO:The '4' was the 2nd character
2018-12-15 23:36:18,020:INFO:

2018-12-15 23:36:18,020:INFO:The symbols in this password are: ['!']
2018-12-15 23:36:18,020:INFO:The '!' was the 5th character
2018-12-15 23:36:18,021:INFO:

2018-12-15 23:36:18,078:INFO:The length of 'T4st!ng' is 7
2018-12-15 23:36:18,078:INFO:As a list it looks like this ['T', '4', 's', 't', '!', 'n', 'g']
2018-12-15 23:36:18,079:INFO:The letters in this password are: ['T', 's', 't', 'n', 'g']
2018-12-15 23:36:18,079:INFO:The 'T' was the 1st character
2018-12-15 23:36:18,079:INFO:The 's' was the 3rd character
2018-12-15 23:36:18,079:INFO:The 't' was the 4th character
2018-12-15 23:36:18,079:INFO:The 'n' was the 6th character
2018-12-15 23:36:18,079:INFO:The 'g' was the 7th character
2018-12-15 23:36:18,080:INFO:

2018-12-15 23:36:18,080:INFO:The numbers in this password are: ['4']
2018-12-15 23:36:18,080:INFO:The '4' was the 2nd character
2018-12-15 23:36:18,080:INFO:

2018-12-15 23:36:18,080:INFO:The symbols in this password are: ['!']
2018-12-15 23:36:18,080:INFO:The '!' was the 5th character
2018-12-15 23:36:18,080:INFO:

2018-12-15 23:36:18,138:INFO:The length of 'T4st!ng' is 7
2018-12-15 23:36:18,138:INFO:As a list it looks like this ['T', '4', 's', 't', '!', 'n', 'g']
2018-12-15 23:36:18,138:INFO:The letters in this password are: ['T', 's', 't', 'n', 'g']
2018-12-15 23:36:18,139:INFO:The 'T' was the 1st character
2018-12-15 23:36:18,139:INFO:The 's' was the 3rd character
2018-12-15 23:36:18,139:INFO:The 't' was the 4th character
2018-12-15 23:36:18,139:INFO:The 'n' was the 6th character
2018-12-15 23:36:18,139:INFO:The 'g' was the 7th character
2018-12-15 23:36:18,139:INFO:

2018-12-15 23:36:18,139:INFO:The numbers in this password are: ['4']
2018-12-15 23:36:18,139:INFO:The '4' was the 2nd character
2018-12-15 23:36:18,140:INFO:

2018-12-15 23:36:18,140:INFO:The symbols in this password are: ['!']
2018-12-15 23:36:18,140:INFO:The '!' was the 5th character
2018-12-15 23:36:18,140:INFO:

2018-12-15 23:36:18,200:INFO:The length of 'T4st!ng' is 7
2018-12-15 23:36:18,201:INFO:As a list it looks like this ['T', '4', 's', 't', '!', 'n', 'g']
2018-12-15 23:36:18,201:INFO:The letters in this password are: ['T', 's', 't', 'n', 'g']
2018-12-15 23:36:18,201:INFO:The 'T' was the 1st character
2018-12-15 23:36:18,201:INFO:The 's' was the 3rd character
2018-12-15 23:36:18,201:INFO:The 't' was the 4th character
2018-12-15 23:36:18,202:INFO:The 'n' was the 6th character
2018-12-15 23:36:18,202:INFO:The 'g' was the 7th character
2018-12-15 23:36:18,202:INFO:

2018-12-15 23:36:18,202:INFO:The numbers in this password are: ['4']
2018-12-15 23:36:18,202:INFO:The '4' was the 2nd character
2018-12-15 23:36:18,202:INFO:

2018-12-15 23:36:18,202:INFO:The symbols in this password are: ['!']
2018-12-15 23:36:18,203:INFO:The '!' was the 5th character
2018-12-15 23:36:18,203:INFO:

2018-12-15 23:36:18,262:INFO:The length of 'T4st!ng' is 7
2018-12-15 23:36:18,262:INFO:As a list it looks like this ['T', '4', 's', 't', '!', 'n', 'g']
2018-12-15 23:36:18,263:INFO:The letters in this password are: ['T', 's', 't', 'n', 'g']
2018-12-15 23:36:18,263:INFO:The 'T' was the 1st character
2018-12-15 23:36:18,263:INFO:The 's' was the 3rd character
2018-12-15 23:36:18,263:INFO:The 't' was the 4th character
2018-12-15 23:36:18,263:INFO:The 'n' was the 6th character
2018-12-15 23:36:18,263:INFO:The 'g' was the 7th character
2018-12-15 23:36:18,264:INFO:

2018-12-15 23:36:18,264:INFO:The numbers in this password are: ['4']
2018-12-15 23:36:18,264:INFO:The '4' was the 2nd character
2018-12-15 23:36:18,264:INFO:

2018-12-15 23:36:18,264:INFO:The symbols in this password are: ['!']
2018-12-15 23:36:18,264:INFO:The '!' was the 5th character
2018-12-15 23:36:18,265:INFO:

2018-12-15 23:36:18,327:INFO:The length of 'T4st!ng' is 7
2018-12-15 23:36:18,327:INFO:As a list it looks like this ['T', '4', 's', 't', '!', 'n', 'g']
2018-12-15 23:36:18,328:INFO:The letters in this password are: ['T', 's', 't', 'n', 'g']
2018-12-15 23:36:18,328:INFO:The 'T' was the 1st character
2018-12-15 23:36:18,328:INFO:The 's' was the 3rd character
2018-12-15 23:36:18,328:INFO:The 't' was the 4th character
2018-12-15 23:36:18,328:INFO:The 'n' was the 6th character
2018-12-15 23:36:18,328:INFO:The 'g' was the 7th character
2018-12-15 23:36:18,328:INFO:

2018-12-15 23:36:18,329:INFO:The numbers in this password are: ['4']
2018-12-15 23:36:18,329:INFO:The '4' was the 2nd character
2018-12-15 23:36:18,329:INFO:

2018-12-15 23:36:18,329:INFO:The symbols in this password are: ['!']
2018-12-15 23:36:18,329:INFO:The '!' was the 5th character
2018-12-15 23:36:18,329:INFO:

2018-12-15 23:36:18,393:INFO:The length of 'T4st!ng' is 7
2018-12-15 23:36:18,394:INFO:As a list it looks like this ['T', '4', 's', 't', '!', 'n', 'g']
2018-12-15 23:36:18,394:INFO:The letters in this password are: ['T', 's', 't', 'n', 'g']
2018-12-15 23:36:18,394:INFO:The 'T' was the 1st character
2018-12-15 23:36:18,394:INFO:The 's' was the 3rd character
2018-12-15 23:36:18,395:INFO:The 't' was the 4th character
2018-12-15 23:36:18,395:INFO:The 'n' was the 6th character
2018-12-15 23:36:18,395:INFO:The 'g' was the 7th character
2018-12-15 23:36:18,395:INFO:

2018-12-15 23:36:18,395:INFO:The numbers in this password are: ['4']
2018-12-15 23:36:18,395:INFO:The '4' was the 2nd character
2018-12-15 23:36:18,395:INFO:

2018-12-15 23:36:18,395:INFO:The symbols in this password are: ['!']
2018-12-15 23:36:18,396:INFO:The '!' was the 5th character
2018-12-15 23:36:18,396:INFO:

2018-12-15 23:36:18,455:INFO:The length of 'T4st!ng' is 7
2018-12-15 23:36:18,455:INFO:As a list it looks like this ['T', '4', 's', 't', '!', 'n', 'g']
2018-12-15 23:36:18,455:INFO:The letters in this password are: ['T', 's', 't', 'n', 'g']
2018-12-15 23:36:18,455:INFO:The 'T' was the 1st character
2018-12-15 23:36:18,456:INFO:The 's' was the 3rd character
2018-12-15 23:36:18,456:INFO:The 't' was the 4th character
2018-12-15 23:36:18,456:INFO:The 'n' was the 6th character
2018-12-15 23:36:18,456:INFO:The 'g' was the 7th character
2018-12-15 23:36:18,456:INFO:

2018-12-15 23:36:18,456:INFO:The numbers in this password are: ['4']
2018-12-15 23:36:18,456:INFO:The '4' was the 2nd character
2018-12-15 23:36:18,456:INFO:

2018-12-15 23:36:18,456:INFO:The symbols in this password are: ['!']
2018-12-15 23:36:18,457:INFO:The '!' was the 5th character
2018-12-15 23:36:18,457:INFO:

2018-12-15 23:36:18,515:INFO:The length of 'T4st!ng' is 7
2018-12-15 23:36:18,515:INFO:As a list it looks like this ['T', '4', 's', 't', '!', 'n', 'g']
2018-12-15 23:36:18,515:INFO:The letters in this password are: ['T', 's', 't', 'n', 'g']
2018-12-15 23:36:18,516:INFO:The 'T' was the 1st character
2018-12-15 23:36:18,516:INFO:The 's' was the 3rd character
2018-12-15 23:36:18,516:INFO:The 't' was the 4th character
2018-12-15 23:36:18,516:INFO:The 'n' was the 6th character
2018-12-15 23:36:18,516:INFO:The 'g' was the 7th character
2018-12-15 23:36:18,516:INFO:

2018-12-15 23:36:18,516:INFO:The numbers in this password are: ['4']
2018-12-15 23:36:18,516:INFO:The '4' was the 2nd character
2018-12-15 23:36:18,517:INFO:

2018-12-15 23:36:18,517:INFO:The symbols in this password are: ['!']
2018-12-15 23:36:18,517:INFO:The '!' was the 5th character
2018-12-15 23:36:18,517:INFO:

2018-12-15 23:36:18,576:INFO:The length of 'T4st!ng' is 7
2018-12-15 23:36:18,576:INFO:As a list it looks like this ['T', '4', 's', 't', '!', 'n', 'g']
2018-12-15 23:36:18,576:INFO:The letters in this password are: ['T', 's', 't', 'n', 'g']
2018-12-15 23:36:18,577:INFO:The 'T' was the 1st character
2018-12-15 23:36:18,577:INFO:The 's' was the 3rd character
2018-12-15 23:36:18,577:INFO:The 't' was the 4th character
2018-12-15 23:36:18,577:INFO:The 'n' was the 6th character
2018-12-15 23:36:18,577:INFO:The 'g' was the 7th character
2018-12-15 23:36:18,577:INFO:

2018-12-15 23:36:18,578:INFO:The numbers in this password are: ['4']
2018-12-15 23:36:18,578:INFO:The '4' was the 2nd character
2018-12-15 23:36:18,578:INFO:

2018-12-15 23:36:18,578:INFO:The symbols in this password are: ['!']
2018-12-15 23:36:18,578:INFO:The '!' was the 5th character
2018-12-15 23:36:18,579:INFO:

2018-12-15 23:36:18,635:INFO:The length of 'T4st!ng' is 7
2018-12-15 23:36:18,636:INFO:As a list it looks like this ['T', '4', 's', 't', '!', 'n', 'g']
2018-12-15 23:36:18,636:INFO:The letters in this password are: ['T', 's', 't', 'n', 'g']
2018-12-15 23:36:18,636:INFO:The 'T' was the 1st character
2018-12-15 23:36:18,636:INFO:The 's' was the 3rd character
2018-12-15 23:36:18,636:INFO:The 't' was the 4th character
2018-12-15 23:36:18,636:INFO:The 'n' was the 6th character
2018-12-15 23:36:18,637:INFO:The 'g' was the 7th character
2018-12-15 23:36:18,637:INFO:

2018-12-15 23:36:18,637:INFO:The numbers in this password are: ['4']
2018-12-15 23:36:18,637:INFO:The '4' was the 2nd character
2018-12-15 23:36:18,637:INFO:

2018-12-15 23:36:18,637:INFO:The symbols in this password are: ['!']
2018-12-15 23:36:18,638:INFO:The '!' was the 5th character
2018-12-15 23:36:18,638:INFO:

2018-12-15 23:36:18,704:INFO:The length of 'T4st!ng' is 7
2018-12-15 23:36:18,705:INFO:As a list it looks like this ['T', '4', 's', 't', '!', 'n', 'g']
2018-12-15 23:36:18,705:INFO:The letters in this password are: ['T', 's', 't', 'n', 'g']
2018-12-15 23:36:18,705:INFO:The 'T' was the 1st character
2018-12-15 23:36:18,705:INFO:The 's' was the 3rd character
2018-12-15 23:36:18,705:INFO:The 't' was the 4th character
2018-12-15 23:36:18,705:INFO:The 'n' was the 6th character
2018-12-15 23:36:18,705:INFO:The 'g' was the 7th character
2018-12-15 23:36:18,705:INFO:

2018-12-15 23:36:18,706:INFO:The numbers in this password are: ['4']
2018-12-15 23:36:18,706:INFO:The '4' was the 2nd character
2018-12-15 23:36:18,706:INFO:

2018-12-15 23:36:18,706:INFO:The symbols in this password are: ['!']
2018-12-15 23:36:18,706:INFO:The '!' was the 5th character
2018-12-15 23:36:18,706:INFO:

2018-12-15 23:36:18,767:INFO:The length of 'T4st!ng' is 7
2018-12-15 23:36:18,767:INFO:As a list it looks like this ['T', '4', 's', 't', '!', 'n', 'g']
2018-12-15 23:36:18,768:INFO:The letters in this password are: ['T', 's', 't', 'n', 'g']
2018-12-15 23:36:18,768:INFO:The 'T' was the 1st character
2018-12-15 23:36:18,768:INFO:The 's' was the 3rd character
2018-12-15 23:36:18,768:INFO:The 't' was the 4th character
2018-12-15 23:36:18,768:INFO:The 'n' was the 6th character
2018-12-15 23:36:18,768:INFO:The 'g' was the 7th character
2018-12-15 23:36:18,769:INFO:

2018-12-15 23:36:18,769:INFO:The numbers in this password are: ['4']
2018-12-15 23:36:18,769:INFO:The '4' was the 2nd character
2018-12-15 23:36:18,769:INFO:

2018-12-15 23:36:18,769:INFO:The symbols in this password are: ['!']
2018-12-15 23:36:18,769:INFO:The '!' was the 5th character
2018-12-15 23:36:18,769:INFO:

2018-12-15 23:36:18,826:INFO:The length of 'T4st!ng' is 7
2018-12-15 23:36:18,827:INFO:As a list it looks like this ['T', '4', 's', 't', '!', 'n', 'g']
2018-12-15 23:36:18,827:INFO:The letters in this password are: ['T', 's', 't', 'n', 'g']
2018-12-15 23:36:18,827:INFO:The 'T' was the 1st character
2018-12-15 23:36:18,827:INFO:The 's' was the 3rd character
2018-12-15 23:36:18,828:INFO:The 't' was the 4th character
2018-12-15 23:36:18,828:INFO:The 'n' was the 6th character
2018-12-15 23:36:18,828:INFO:The 'g' was the 7th character
2018-12-15 23:36:18,828:INFO:

2018-12-15 23:36:18,828:INFO:The numbers in this password are: ['4']
2018-12-15 23:36:18,828:INFO:The '4' was the 2nd character
2018-12-15 23:36:18,828:INFO:

2018-12-15 23:36:18,828:INFO:The symbols in this password are: ['!']
2018-12-15 23:36:18,828:INFO:The '!' was the 5th character
2018-12-15 23:36:18,829:INFO:

2018-12-15 23:36:18,892:INFO:The length of 'T4st!ng' is 7
2018-12-15 23:36:18,893:INFO:As a list it looks like this ['T', '4', 's', 't', '!', 'n', 'g']
2018-12-15 23:36:18,893:INFO:The letters in this password are: ['T', 's', 't', 'n', 'g']
2018-12-15 23:36:18,893:INFO:The 'T' was the 1st character
2018-12-15 23:36:18,893:INFO:The 's' was the 3rd character
2018-12-15 23:36:18,894:INFO:The 't' was the 4th character
2018-12-15 23:36:18,894:INFO:The 'n' was the 6th character
2018-12-15 23:36:18,894:INFO:The 'g' was the 7th character
2018-12-15 23:36:18,894:INFO:

2018-12-15 23:36:18,894:INFO:The numbers in this password are: ['4']
2018-12-15 23:36:18,894:INFO:The '4' was the 2nd character
2018-12-15 23:36:18,895:INFO:

2018-12-15 23:36:18,895:INFO:The symbols in this password are: ['!']
2018-12-15 23:36:18,895:INFO:The '!' was the 5th character
2018-12-15 23:36:18,895:INFO:

2018-12-15 23:36:18,954:INFO:The length of 'T4st!ng' is 7
2018-12-15 23:36:18,955:INFO:As a list it looks like this ['T', '4', 's', 't', '!', 'n', 'g']
2018-12-15 23:36:18,955:INFO:The letters in this password are: ['T', 's', 't', 'n', 'g']
2018-12-15 23:36:18,955:INFO:The 'T' was the 1st character
2018-12-15 23:36:18,955:INFO:The 's' was the 3rd character
2018-12-15 23:36:18,955:INFO:The 't' was the 4th character
2018-12-15 23:36:18,955:INFO:The 'n' was the 6th character
2018-12-15 23:36:18,956:INFO:The 'g' was the 7th character
2018-12-15 23:36:18,956:INFO:

2018-12-15 23:36:18,956:INFO:The numbers in this password are: ['4']
2018-12-15 23:36:18,956:INFO:The '4' was the 2nd character
2018-12-15 23:36:18,956:INFO:

2018-12-15 23:36:18,956:INFO:The symbols in this password are: ['!']
2018-12-15 23:36:18,956:INFO:The '!' was the 5th character
2018-12-15 23:36:18,956:INFO:

2018-12-15 23:36:19,022:INFO:The length of 'T4st!ng' is 7
2018-12-15 23:36:19,022:INFO:As a list it looks like this ['T', '4', 's', 't', '!', 'n', 'g']
2018-12-15 23:36:19,023:INFO:The letters in this password are: ['T', 's', 't', 'n', 'g']
2018-12-15 23:36:19,023:INFO:The 'T' was the 1st character
2018-12-15 23:36:19,023:INFO:The 's' was the 3rd character
2018-12-15 23:36:19,023:INFO:The 't' was the 4th character
2018-12-15 23:36:19,023:INFO:The 'n' was the 6th character
2018-12-15 23:36:19,023:INFO:The 'g' was the 7th character
2018-12-15 23:36:19,023:INFO:

2018-12-15 23:36:19,024:INFO:The numbers in this password are: ['4']
2018-12-15 23:36:19,024:INFO:The '4' was the 2nd character
2018-12-15 23:36:19,024:INFO:

2018-12-15 23:36:19,024:INFO:The symbols in this password are: ['!']
2018-12-15 23:36:19,024:INFO:The '!' was the 5th character
2018-12-15 23:36:19,024:INFO:

2018-12-15 23:36:19,080:INFO:The length of 'T4st!ng' is 7
2018-12-15 23:36:19,081:INFO:As a list it looks like this ['T', '4', 's', 't', '!', 'n', 'g']
2018-12-15 23:36:19,081:INFO:The letters in this password are: ['T', 's', 't', 'n', 'g']
2018-12-15 23:36:19,081:INFO:The 'T' was the 1st character
2018-12-15 23:36:19,081:INFO:The 's' was the 3rd character
2018-12-15 23:36:19,081:INFO:The 't' was the 4th character
2018-12-15 23:36:19,081:INFO:The 'n' was the 6th character
2018-12-15 23:36:19,082:INFO:The 'g' was the 7th character
2018-12-15 23:36:19,082:INFO:

2018-12-15 23:36:19,082:INFO:The numbers in this password are: ['4']
2018-12-15 23:36:19,082:INFO:The '4' was the 2nd character
2018-12-15 23:36:19,082:INFO:

2018-12-15 23:36:19,082:INFO:The symbols in this password are: ['!']
2018-12-15 23:36:19,082:INFO:The '!' was the 5th character
2018-12-15 23:36:19,083:INFO:

2018-12-15 23:36:19,139:INFO:The length of 'T4st!ng' is 7
2018-12-15 23:36:19,139:INFO:As a list it looks like this ['T', '4', 's', 't', '!', 'n', 'g']
2018-12-15 23:36:19,140:INFO:The letters in this password are: ['T', 's', 't', 'n', 'g']
2018-12-15 23:36:19,140:INFO:The 'T' was the 1st character
2018-12-15 23:36:19,140:INFO:The 's' was the 3rd character
2018-12-15 23:36:19,140:INFO:The 't' was the 4th character
2018-12-15 23:36:19,140:INFO:The 'n' was the 6th character
2018-12-15 23:36:19,141:INFO:The 'g' was the 7th character
2018-12-15 23:36:19,141:INFO:

2018-12-15 23:36:19,141:INFO:The numbers in this password are: ['4']
2018-12-15 23:36:19,141:INFO:The '4' was the 2nd character
2018-12-15 23:36:19,141:INFO:

2018-12-15 23:36:19,141:INFO:The symbols in this password are: ['!']
2018-12-15 23:36:19,141:INFO:The '!' was the 5th character
2018-12-15 23:36:19,142:INFO:

2018-12-15 23:36:19,207:INFO:The length of 'T4st!ng' is 7
2018-12-15 23:36:19,208:INFO:As a list it looks like this ['T', '4', 's', 't', '!', 'n', 'g']
2018-12-15 23:36:19,208:INFO:The letters in this password are: ['T', 's', 't', 'n', 'g']
2018-12-15 23:36:19,208:INFO:The 'T' was the 1st character
2018-12-15 23:36:19,208:INFO:The 's' was the 3rd character
2018-12-15 23:36:19,208:INFO:The 't' was the 4th character
2018-12-15 23:36:19,209:INFO:The 'n' was the 6th character
2018-12-15 23:36:19,209:INFO:The 'g' was the 7th character
2018-12-15 23:36:19,209:INFO:

2018-12-15 23:36:19,209:INFO:The numbers in this password are: ['4']
2018-12-15 23:36:19,209:INFO:The '4' was the 2nd character
2018-12-15 23:36:19,209:INFO:

2018-12-15 23:36:19,210:INFO:The symbols in this password are: ['!']
2018-12-15 23:36:19,210:INFO:The '!' was the 5th character
2018-12-15 23:36:19,210:INFO:

2018-12-15 23:36:19,270:INFO:The length of 'T4st!ng' is 7
2018-12-15 23:36:19,270:INFO:As a list it looks like this ['T', '4', 's', 't', '!', 'n', 'g']
2018-12-15 23:36:19,270:INFO:The letters in this password are: ['T', 's', 't', 'n', 'g']
2018-12-15 23:36:19,271:INFO:The 'T' was the 1st character
2018-12-15 23:36:19,271:INFO:The 's' was the 3rd character
2018-12-15 23:36:19,271:INFO:The 't' was the 4th character
2018-12-15 23:36:19,271:INFO:The 'n' was the 6th character
2018-12-15 23:36:19,271:INFO:The 'g' was the 7th character
2018-12-15 23:36:19,271:INFO:

2018-12-15 23:36:19,271:INFO:The numbers in this password are: ['4']
2018-12-15 23:36:19,271:INFO:The '4' was the 2nd character
2018-12-15 23:36:19,272:INFO:

2018-12-15 23:36:19,272:INFO:The symbols in this password are: ['!']
2018-12-15 23:36:19,272:INFO:The '!' was the 5th character
2018-12-15 23:36:19,272:INFO:

2018-12-15 23:36:19,334:INFO:The length of 'T4st!ng' is 7
2018-12-15 23:36:19,334:INFO:As a list it looks like this ['T', '4', 's', 't', '!', 'n', 'g']
2018-12-15 23:36:19,335:INFO:The letters in this password are: ['T', 's', 't', 'n', 'g']
2018-12-15 23:36:19,335:INFO:The 'T' was the 1st character
2018-12-15 23:36:19,335:INFO:The 's' was the 3rd character
2018-12-15 23:36:19,335:INFO:The 't' was the 4th character
2018-12-15 23:36:19,335:INFO:The 'n' was the 6th character
2018-12-15 23:36:19,335:INFO:The 'g' was the 7th character
2018-12-15 23:36:19,335:INFO:

2018-12-15 23:36:19,336:INFO:The numbers in this password are: ['4']
2018-12-15 23:36:19,336:INFO:The '4' was the 2nd character
2018-12-15 23:36:19,336:INFO:

2018-12-15 23:36:19,336:INFO:The symbols in this password are: ['!']
2018-12-15 23:36:19,336:INFO:The '!' was the 5th character
2018-12-15 23:36:19,336:INFO:

2018-12-15 23:36:19,400:INFO:The length of 'T4st!ng' is 7
2018-12-15 23:36:19,400:INFO:As a list it looks like this ['T', '4', 's', 't', '!', 'n', 'g']
2018-12-15 23:36:19,400:INFO:The letters in this password are: ['T', 's', 't', 'n', 'g']
2018-12-15 23:36:19,401:INFO:The 'T' was the 1st character
2018-12-15 23:36:19,401:INFO:The 's' was the 3rd character
2018-12-15 23:36:19,401:INFO:The 't' was the 4th character
2018-12-15 23:36:19,401:INFO:The 'n' was the 6th character
2018-12-15 23:36:19,401:INFO:The 'g' was the 7th character
2018-12-15 23:36:19,402:INFO:

2018-12-15 23:36:19,402:INFO:The numbers in this password are: ['4']
2018-12-15 23:36:19,402:INFO:The '4' was the 2nd character
2018-12-15 23:36:19,402:INFO:

2018-12-15 23:36:19,402:INFO:The symbols in this password are: ['!']
2018-12-15 23:36:19,403:INFO:The '!' was the 5th character
2018-12-15 23:36:19,403:INFO:

2018-12-15 23:36:19,460:INFO:The length of 'T4st!ng' is 7
2018-12-15 23:36:19,460:INFO:As a list it looks like this ['T', '4', 's', 't', '!', 'n', 'g']
2018-12-15 23:36:19,460:INFO:The letters in this password are: ['T', 's', 't', 'n', 'g']
2018-12-15 23:36:19,461:INFO:The 'T' was the 1st character
2018-12-15 23:36:19,461:INFO:The 's' was the 3rd character
2018-12-15 23:36:19,461:INFO:The 't' was the 4th character
2018-12-15 23:36:19,461:INFO:The 'n' was the 6th character
2018-12-15 23:36:19,461:INFO:The 'g' was the 7th character
2018-12-15 23:36:19,461:INFO:

2018-12-15 23:36:19,461:INFO:The numbers in this password are: ['4']
2018-12-15 23:36:19,461:INFO:The '4' was the 2nd character
2018-12-15 23:36:19,462:INFO:

2018-12-15 23:36:19,462:INFO:The symbols in this password are: ['!']
2018-12-15 23:36:19,462:INFO:The '!' was the 5th character
2018-12-15 23:36:19,462:INFO:

2018-12-15 23:36:19,524:INFO:The length of 'T4st!ng' is 7
2018-12-15 23:36:19,525:INFO:As a list it looks like this ['T', '4', 's', 't', '!', 'n', 'g']
2018-12-15 23:36:19,525:INFO:The letters in this password are: ['T', 's', 't', 'n', 'g']
2018-12-15 23:36:19,525:INFO:The 'T' was the 1st character
2018-12-15 23:36:19,525:INFO:The 's' was the 3rd character
2018-12-15 23:36:19,525:INFO:The 't' was the 4th character
2018-12-15 23:36:19,526:INFO:The 'n' was the 6th character
2018-12-15 23:36:19,526:INFO:The 'g' was the 7th character
2018-12-15 23:36:19,526:INFO:

2018-12-15 23:36:19,526:INFO:The numbers in this password are: ['4']
2018-12-15 23:36:19,526:INFO:The '4' was the 2nd character
2018-12-15 23:36:19,527:INFO:

2018-12-15 23:36:19,527:INFO:The symbols in this password are: ['!']
2018-12-15 23:36:19,527:INFO:The '!' was the 5th character
2018-12-15 23:36:19,527:INFO:

2018-12-15 23:36:19,585:INFO:The length of 'T4st!ng' is 7
2018-12-15 23:36:19,586:INFO:As a list it looks like this ['T', '4', 's', 't', '!', 'n', 'g']
2018-12-15 23:36:19,586:INFO:The letters in this password are: ['T', 's', 't', 'n', 'g']
2018-12-15 23:36:19,586:INFO:The 'T' was the 1st character
2018-12-15 23:36:19,586:INFO:The 's' was the 3rd character
2018-12-15 23:36:19,587:INFO:The 't' was the 4th character
2018-12-15 23:36:19,587:INFO:The 'n' was the 6th character
2018-12-15 23:36:19,587:INFO:The 'g' was the 7th character
2018-12-15 23:36:19,587:INFO:

2018-12-15 23:36:19,587:INFO:The numbers in this password are: ['4']
2018-12-15 23:36:19,587:INFO:The '4' was the 2nd character
2018-12-15 23:36:19,587:INFO:

2018-12-15 23:36:19,588:INFO:The symbols in this password are: ['!']
2018-12-15 23:36:19,588:INFO:The '!' was the 5th character
2018-12-15 23:36:19,588:INFO:

2018-12-15 23:36:19,647:INFO:The length of 'T4st!ng' is 7
2018-12-15 23:36:19,648:INFO:As a list it looks like this ['T', '4', 's', 't', '!', 'n', 'g']
2018-12-15 23:36:19,648:INFO:The letters in this password are: ['T', 's', 't', 'n', 'g']
2018-12-15 23:36:19,648:INFO:The 'T' was the 1st character
2018-12-15 23:36:19,649:INFO:The 's' was the 3rd character
2018-12-15 23:36:19,649:INFO:The 't' was the 4th character
2018-12-15 23:36:19,649:INFO:The 'n' was the 6th character
2018-12-15 23:36:19,649:INFO:The 'g' was the 7th character
2018-12-15 23:36:19,649:INFO:

2018-12-15 23:36:19,649:INFO:The numbers in this password are: ['4']
2018-12-15 23:36:19,650:INFO:The '4' was the 2nd character
2018-12-15 23:36:19,650:INFO:

2018-12-15 23:36:19,650:INFO:The symbols in this password are: ['!']
2018-12-15 23:36:19,650:INFO:The '!' was the 5th character
2018-12-15 23:36:19,650:INFO:

2018-12-15 23:36:19,708:INFO:The length of 'T4st!ng' is 7
2018-12-15 23:36:19,708:INFO:As a list it looks like this ['T', '4', 's', 't', '!', 'n', 'g']
2018-12-15 23:36:19,708:INFO:The letters in this password are: ['T', 's', 't', 'n', 'g']
2018-12-15 23:36:19,708:INFO:The 'T' was the 1st character
2018-12-15 23:36:19,709:INFO:The 's' was the 3rd character
2018-12-15 23:36:19,709:INFO:The 't' was the 4th character
2018-12-15 23:36:19,709:INFO:The 'n' was the 6th character
2018-12-15 23:36:19,709:INFO:The 'g' was the 7th character
2018-12-15 23:36:19,709:INFO:

2018-12-15 23:36:19,709:INFO:The numbers in this password are: ['4']
2018-12-15 23:36:19,709:INFO:The '4' was the 2nd character
2018-12-15 23:36:19,710:INFO:

2018-12-15 23:36:19,710:INFO:The symbols in this password are: ['!']
2018-12-15 23:36:19,710:INFO:The '!' was the 5th character
2018-12-15 23:36:19,710:INFO:

2018-12-15 23:36:19,767:INFO:The length of 'T4st!ng' is 7
2018-12-15 23:36:19,767:INFO:As a list it looks like this ['T', '4', 's', 't', '!', 'n', 'g']
2018-12-15 23:36:19,768:INFO:The letters in this password are: ['T', 's', 't', 'n', 'g']
2018-12-15 23:36:19,768:INFO:The 'T' was the 1st character
2018-12-15 23:36:19,768:INFO:The 's' was the 3rd character
2018-12-15 23:36:19,768:INFO:The 't' was the 4th character
2018-12-15 23:36:19,768:INFO:The 'n' was the 6th character
2018-12-15 23:36:19,768:INFO:The 'g' was the 7th character
2018-12-15 23:36:19,769:INFO:

2018-12-15 23:36:19,769:INFO:The numbers in this password are: ['4']
2018-12-15 23:36:19,769:INFO:The '4' was the 2nd character
2018-12-15 23:36:19,769:INFO:

2018-12-15 23:36:19,769:INFO:The symbols in this password are: ['!']
2018-12-15 23:36:19,769:INFO:The '!' was the 5th character
2018-12-15 23:36:19,769:INFO:

2018-12-15 23:36:19,829:INFO:The length of 'T4st!ng' is 7
2018-12-15 23:36:19,829:INFO:As a list it looks like this ['T', '4', 's', 't', '!', 'n', 'g']
2018-12-15 23:36:19,829:INFO:The letters in this password are: ['T', 's', 't', 'n', 'g']
2018-12-15 23:36:19,830:INFO:The 'T' was the 1st character
2018-12-15 23:36:19,830:INFO:The 's' was the 3rd character
2018-12-15 23:36:19,830:INFO:The 't' was the 4th character
2018-12-15 23:36:19,830:INFO:The 'n' was the 6th character
2018-12-15 23:36:19,830:INFO:The 'g' was the 7th character
2018-12-15 23:36:19,830:INFO:

2018-12-15 23:36:19,830:INFO:The numbers in this password are: ['4']
2018-12-15 23:36:19,831:INFO:The '4' was the 2nd character
2018-12-15 23:36:19,831:INFO:

2018-12-15 23:36:19,831:INFO:The symbols in this password are: ['!']
2018-12-15 23:36:19,831:INFO:The '!' was the 5th character
2018-12-15 23:36:19,831:INFO:

2018-12-15 23:36:19,892:INFO:The length of 'T4st!ng' is 7
2018-12-15 23:36:19,893:INFO:As a list it looks like this ['T', '4', 's', 't', '!', 'n', 'g']
2018-12-15 23:36:19,893:INFO:The letters in this password are: ['T', 's', 't', 'n', 'g']
2018-12-15 23:36:19,893:INFO:The 'T' was the 1st character
2018-12-15 23:36:19,893:INFO:The 's' was the 3rd character
2018-12-15 23:36:19,893:INFO:The 't' was the 4th character
2018-12-15 23:36:19,893:INFO:The 'n' was the 6th character
2018-12-15 23:36:19,893:INFO:The 'g' was the 7th character
2018-12-15 23:36:19,894:INFO:

2018-12-15 23:36:19,894:INFO:The numbers in this password are: ['4']
2018-12-15 23:36:19,894:INFO:The '4' was the 2nd character
2018-12-15 23:36:19,894:INFO:

2018-12-15 23:36:19,894:INFO:The symbols in this password are: ['!']
2018-12-15 23:36:19,894:INFO:The '!' was the 5th character
2018-12-15 23:36:19,894:INFO:

2018-12-15 23:36:19,953:INFO:The length of 'T4st!ng' is 7
2018-12-15 23:36:19,953:INFO:As a list it looks like this ['T', '4', 's', 't', '!', 'n', 'g']
2018-12-15 23:36:19,953:INFO:The letters in this password are: ['T', 's', 't', 'n', 'g']
2018-12-15 23:36:19,954:INFO:The 'T' was the 1st character
2018-12-15 23:36:19,954:INFO:The 's' was the 3rd character
2018-12-15 23:36:19,954:INFO:The 't' was the 4th character
2018-12-15 23:36:19,954:INFO:The 'n' was the 6th character
2018-12-15 23:36:19,954:INFO:The 'g' was the 7th character
2018-12-15 23:36:19,955:INFO:

2018-12-15 23:36:19,955:INFO:The numbers in this password are: ['4']
2018-12-15 23:36:19,955:INFO:The '4' was the 2nd character
2018-12-15 23:36:19,955:INFO:

2018-12-15 23:36:19,955:INFO:The symbols in this password are: ['!']
2018-12-15 23:36:19,955:INFO:The '!' was the 5th character
2018-12-15 23:36:19,956:INFO:

2018-12-15 23:36:20,019:INFO:The length of 'T4st!ng' is 7
2018-12-15 23:36:20,020:INFO:As a list it looks like this ['T', '4', 's', 't', '!', 'n', 'g']
2018-12-15 23:36:20,020:INFO:The letters in this password are: ['T', 's', 't', 'n', 'g']
2018-12-15 23:36:20,020:INFO:The 'T' was the 1st character
2018-12-15 23:36:20,020:INFO:The 's' was the 3rd character
2018-12-15 23:36:20,020:INFO:The 't' was the 4th character
2018-12-15 23:36:20,020:INFO:The 'n' was the 6th character
2018-12-15 23:36:20,020:INFO:The 'g' was the 7th character
2018-12-15 23:36:20,021:INFO:

2018-12-15 23:36:20,021:INFO:The numbers in this password are: ['4']
2018-12-15 23:36:20,021:INFO:The '4' was the 2nd character
2018-12-15 23:36:20,021:INFO:

2018-12-15 23:36:20,021:INFO:The symbols in this password are: ['!']
2018-12-15 23:36:20,021:INFO:The '!' was the 5th character
2018-12-15 23:36:20,022:INFO:

2018-12-15 23:43:03,483:INFO:The length of 'T4st!ng' is 7
2018-12-15 23:43:03,484:INFO:As a list it looks like this ['T', '4', 's', 't', '!', 'n', 'g']
2018-12-15 23:43:03,484:INFO:The letters in this password are: ['T', 's', 't', 'n', 'g']
2018-12-15 23:43:03,484:INFO:The 'T' was the 1st character
2018-12-15 23:43:03,485:INFO:The 's' was the 3rd character
2018-12-15 23:43:03,485:INFO:The 't' was the 4th character
2018-12-15 23:43:03,485:INFO:The 'n' was the 6th character
2018-12-15 23:43:03,485:INFO:The 'g' was the 7th character
2018-12-15 23:43:03,486:INFO:

2018-12-15 23:43:03,486:INFO:The numbers in this password are: ['4']
2018-12-15 23:43:03,486:INFO:The '4' was the 2nd character
2018-12-15 23:43:03,487:INFO:

2018-12-15 23:43:03,487:INFO:The symbols in this password are: ['!']
2018-12-15 23:43:03,487:INFO:The '!' was the 5th character
2018-12-15 23:43:03,488:INFO:

2018-12-15 23:43:45,011:INFO:The length of 'H3ll0MyN4m3!sM1ch43l' is 20
2018-12-15 23:43:45,012:INFO:As a list it looks like this ['H', '3', 'l', 'l', '0', 'M', 'y', 'N', '4', 'm', '3', '!', 's', 'M', '1', 'c', 'h', '4', '3', 'l']
2018-12-15 23:43:45,013:INFO:The letters in this password are: ['H', 'l', 'l', 'M', 'y', 'N', 'm', 's', 'M', 'c', 'h', 'l']
2018-12-15 23:43:45,013:INFO:The 'H' was the 1st character
2018-12-15 23:43:45,014:INFO:The 'l' was the 3rd character
2018-12-15 23:43:45,014:INFO:The 'l' was the 4th character
2018-12-15 23:43:45,014:INFO:The 'M' was the 6th character
2018-12-15 23:43:45,015:INFO:The 'y' was the 7th character
2018-12-15 23:43:45,016:INFO:The 'N' was the 8th character
2018-12-15 23:43:45,016:INFO:The 'm' was the 10th character
2018-12-15 23:43:45,017:INFO:The 's' was the 3rd character
2018-12-15 23:43:45,017:INFO:The 'M' was the 14th character
2018-12-15 23:43:45,017:INFO:The 'c' was the 16th character
2018-12-15 23:43:45,018:INFO:The 'h' was the 17th character
2018-12-15 23:43:45,018:INFO:The 'l' was the 20th character
2018-12-15 23:43:45,018:INFO:

2018-12-15 23:43:45,019:INFO:The numbers in this password are: ['3', '0', '4', '3', '1', '4', '3']
2018-12-15 23:43:45,019:INFO:The '3' was the 2nd character
2018-12-15 23:43:45,019:INFO:The '0' was the 5th character
2018-12-15 23:43:45,020:INFO:The '4' was the 9th character
2018-12-15 23:43:45,020:INFO:The '3' was the 1st character
2018-12-15 23:43:45,020:INFO:The '1' was the 15th character
2018-12-15 23:43:45,021:INFO:The '4' was the 18th character
2018-12-15 23:43:45,022:INFO:The '3' was the 19th character
2018-12-15 23:43:45,022:INFO:

2018-12-15 23:43:45,023:INFO:The symbols in this password are: ['!']
2018-12-15 23:43:45,023:INFO:The '!' was the 2nd character
2018-12-15 23:43:45,024:INFO:

2018-12-15 23:43:55,484:INFO:The length of ')(*&^%$£"!' is 10
2018-12-15 23:43:55,485:INFO:As a list it looks like this [')', '(', '*', '&', '^', '%', '$', '£', '"', '!']
2018-12-15 23:43:55,485:INFO:There are no letters in this password
2018-12-15 23:43:55,486:INFO:There are no numbers in this password
2018-12-15 23:43:55,486:INFO:The symbols in this password are: [')', '(', '*', '&', '^', '%', '$', '£', '"', '!']
2018-12-15 23:43:55,486:INFO:The ')' was the 1st character
2018-12-15 23:43:55,487:INFO:The '(' was the 2nd character
2018-12-15 23:43:55,487:INFO:The '*' was the 3rd character
2018-12-15 23:43:55,487:INFO:The '&' was the 4th character
2018-12-15 23:43:55,488:INFO:The '^' was the 5th character
2018-12-15 23:43:55,488:INFO:The '%' was the 6th character
2018-12-15 23:43:55,488:INFO:The '$' was the 7th character
2018-12-15 23:43:55,488:INFO:The '£' was the 8th character
2018-12-15 23:43:55,489:INFO:The '"' was the 9th character
2018-12-15 23:43:55,489:INFO:The '!' was the 10th character
2018-12-15 23:43:55,489:INFO:

2018-12-15 23:44:04,789:INFO:The length of '{}' is 2
2018-12-15 23:44:04,790:INFO:As a list it looks like this ['{', '}']
2018-12-15 23:44:04,790:INFO:There are no letters in this password
2018-12-15 23:44:04,790:INFO:There are no numbers in this password
2018-12-15 23:44:04,791:INFO:The symbols in this password are: ['{', '}']
2018-12-15 23:44:04,791:INFO:The '{' was the 1st character
2018-12-15 23:44:04,791:INFO:The '}' was the 2nd character
2018-12-15 23:44:04,791:INFO:

2018-12-15 23:44:08,005:INFO:The length of '[]' is 2
2018-12-15 23:44:08,006:INFO:As a list it looks like this ['[', ']']
2018-12-15 23:44:08,007:INFO:There are no letters in this password
2018-12-15 23:44:08,007:INFO:There are no numbers in this password
2018-12-15 23:44:08,007:INFO:The symbols in this password are: ['[', ']']
2018-12-15 23:44:08,008:INFO:The '[' was the 1st character
2018-12-15 23:44:08,008:INFO:The ']' was the 2nd character
2018-12-15 23:44:08,009:INFO:

2018-12-15 23:44:16,846:INFO:The length of 't e s t' is 7
2018-12-15 23:44:16,847:INFO:As a list it looks like this ['t', ' ', 'e', ' ', 's', ' ', 't']
2018-12-15 23:44:16,847:INFO:The letters in this password are: ['t', 'e', 's', 't']
2018-12-15 23:44:16,850:INFO:The 't' was the 1st character
2018-12-15 23:44:16,851:INFO:The 'e' was the 3rd character
2018-12-15 23:44:16,851:INFO:The 's' was the 5th character
2018-12-15 23:44:16,851:INFO:The 't' was the 7th character
2018-12-15 23:44:16,851:INFO:

2018-12-15 23:44:16,852:INFO:There are no numbers in this password
2018-12-15 23:44:16,852:INFO:The symbols in this password are: [' ', ' ', ' ']
2018-12-15 23:44:16,852:INFO:The ' ' was the 2nd character
2018-12-15 23:44:16,853:INFO:The ' ' was the 4th character
2018-12-15 23:44:16,853:INFO:The ' ' was the 6th character
2018-12-15 23:44:16,853:INFO:

2018-12-15 23:50:27,920:INFO:The length of 'test' is 4
2018-12-15 23:50:27,921:INFO:As a list it looks like this ['t', 'e', 's', 't']
2018-12-15 23:50:27,921:INFO:The letters in this password are: ['t', 'e', 's', 't']
2018-12-15 23:50:27,922:INFO:The 't' was the 1st character
2018-12-15 23:50:27,923:INFO:The 'e' was the 2nd character
2018-12-15 23:50:27,923:INFO:The 's' was the 3rd character
2018-12-15 23:50:27,923:INFO:The 't' was the 4th character
2018-12-15 23:50:27,923:INFO:

2018-12-15 23:50:27,924:INFO:There are no numbers in this password
2018-12-15 23:50:27,924:INFO:There are no symbols in this password
2018-12-15 23:50:59,011:INFO:The length of 'T4st! ' is 6
2018-12-15 23:50:59,012:INFO:As a list it looks like this ['T', '4', 's', 't', '!', ' ']
2018-12-15 23:50:59,012:INFO:The letters in this password are: ['T', 's', 't']
2018-12-15 23:50:59,012:INFO:The 'T' was the 1st character
2018-12-15 23:50:59,012:INFO:The 's' was the 3rd character
2018-12-15 23:50:59,013:INFO:The 't' was the 4th character
2018-12-15 23:50:59,013:INFO:

2018-12-15 23:50:59,013:INFO:The numbers in this password are: ['4']
2018-12-15 23:50:59,014:INFO:The '4' was the 2nd character
2018-12-15 23:50:59,014:INFO:

2018-12-15 23:50:59,014:INFO:The symbols in this password are: ['!', ' ']
2018-12-15 23:50:59,014:INFO:The '!' was the 5th character
2018-12-15 23:50:59,015:INFO:The ' ' was the 6th character
2018-12-15 23:50:59,015:INFO:

